06-30 01:18:46.868  1958  3853 D MiuiMultiWindowAdapter: MiuiMultiWindowAdapter::getFreeformBlackList::sSmallWindowBlackList = [com.miui.securitycenter, com.miui.weather2, com.miui.miservice, com.android.calendar, com.xiaomi.calendar, com.android.contacts, com.miui.mishare.connectivity, com.android.settings, com.android.printspooler, com.miui.backup, com.miui.huanji, com.miui.calculator, com.android.deskclock, com.android.thememanager, com.mfashiongallery.emag, com.miui.virtualsim, com.miui.smarttravel, com.mi.health, com.android.camera, com.lbe.security.miui, com.miui.cleanmaster, com.miui.newhome, com.miui.voiceassist, com.android.phone, com.miui.yellowpage, com.android.updater, com.miui.tsmclient, com.miui.securitycore, com.xiaomi.account, com.xiaomi.shop, com.mipay.wallet, com.xiaomi.youpin, com.xiaomi.hm.health, com.miui.bugreport, com.xiaomi.mibrain.speech, com.xiaomi.mimoji, com.xiaomi.scanner, com.duokan.phone.remotecontroller, com.miui.hybrid, com.android.incallui, com.miui.video, com.miui.videoplayer, com.miui.player, com.miui.fm, com.miui.packageinstaller, com.mi.android.globallauncher, com.google.android.dialer, com.google.android.apps.magazines, com.miui.compass, com.miui.greenguard, com.kiteguard, com.google.android.apps.prodcasts, com.google.ar.lens, com.xiangkan.android, com.android.bankabc, com.sohu.inputmethod.sogou, com.tencent.mtt, com.shyz.toutiao, com.netease.mc.mi, com.outfit7.talkingtomgoldrun.mi, com.doudz.mi, com.wepie.snake.new.mi, cn.jj, com.standddz002.mi, com.miHoYo.bh3.mi, com.qqgame.hlddz, com.happyelements.AndroidAnimal, com.minitech.miniworld.TMobile.mi, com.mfp.jelly.xiaomi, com.lilithgames.afk.mi, com.tencent.peng, com.teenpatti.hd.gold, blockpuzzle.jewelgames.jewelslegend, com.playgendary.tanks, com.chillingo.robberybobfree.android.row, com.episodeinteractive.android.catalog, com.playrix.township, com.ansangha.drdriving, com.google.android.youtube, com.gbits.atm.mi]
06-30 01:18:46.873  1958  3853 D CompatibilityInfo: mCompatibilityFlags - 0
06-30 01:18:46.873  1958  3853 D CompatibilityInfo: applicationDensity - 432
06-30 01:18:46.873  1958  3853 D CompatibilityInfo: applicationScale - 1.0
06-30 01:18:46.875  1958  3853 D ActivityTrigger: ActivityTrigger activityPauseTrigger
06-30 01:18:46.879 27139 27139 W ActivityThread: SCHED: com.BHG.sharechat/.MainActivity [77, r=208ms, a=60ms, w=3764ms]
06-30 01:18:46.880  1958  2360 I ActivityTaskManager: The Process com.BHG.sharechat Already Exists in BG. So sending its PID: 27139
06-30 01:18:46.882  1958  2360 D CompatibilityInfo: mCompatibilityFlags - 0
06-30 01:18:46.882  1958  2360 D CompatibilityInfo: applicationDensity - 432
06-30 01:18:46.882  1958  2360 D CompatibilityInfo: applicationScale - 1.0
06-30 01:18:46.885  1958  2360 I Timeline: Timeline: App_transition_ready time:39902072
06-30 01:18:46.887 27139 27139 W ActivityThread: handleWindowVisibility: no activity for token android.os.BinderProxy@17f6d60
06-30 01:18:46.899 27139 27139 D ForceDarkHelper: updateByCheckExcludeList: pkg: com.BHG.sharechat activity: com.BHG.sharechat.PostDetailActivity@1b2b424
06-30 01:18:46.918 27139 27139 I chatty  : uid=10768(com.BHG.sharechat) identical 10 lines
06-30 01:18:46.919 27139 27139 D ForceDarkHelper: updateByCheckExcludeList: pkg: com.BHG.sharechat activity: com.BHG.sharechat.PostDetailActivity@1b2b424
06-30 01:18:46.919 23967 27151 D AdvertisingIdClient: AdvertisingIdClient already created.
06-30 01:18:46.919 27139 27139 D ForceDarkHelper: updateByCheckExcludeList: pkg: com.BHG.sharechat activity: com.BHG.sharechat.PostDetailActivity@1b2b424
06-30 01:18:46.920 23967 27151 I AdvertisingIdClient: shouldSendLog 134183814
06-30 01:18:46.920 23967 27151 I AdvertisingIdClient: GetInfoInternal elapse 1ms
06-30 01:18:46.920 27139 27139 D ForceDarkHelper: updateByCheckExcludeList: pkg: com.BHG.sharechat activity: com.BHG.sharechat.PostDetailActivity@1b2b424
06-30 01:18:46.930 27139 27139 I chatty  : uid=10768(com.BHG.sharechat) identical 4 lines
06-30 01:18:46.931 27139 27139 D ForceDarkHelper: updateByCheckExcludeList: pkg: com.BHG.sharechat activity: com.BHG.sharechat.PostDetailActivity@1b2b424
06-30 01:18:46.934 27139 27139 D AndroidRuntime: Shutting down VM
--------- beginning of crash
06-30 01:18:46.935 27139 27139 E AndroidRuntime: FATAL EXCEPTION: main
06-30 01:18:46.935 27139 27139 E AndroidRuntime: Process: com.BHG.sharechat, PID: 27139
06-30 01:18:46.935 27139 27139 E AndroidRuntime: java.lang.RuntimeException: Unable to start activity ComponentInfo{com.BHG.sharechat/com.BHG.sharechat.PostDetailActivity}: java.lang.IllegalArgumentException: Invalid document reference. Document references must have an even number of segments, but likes has 1
06-30 01:18:46.935 27139 27139 E AndroidRuntime:        at android.app.ActivityThread.performLaunchActivity(ActivityThread.java:3311)
06-30 01:18:46.935 27139 27139 E AndroidRuntime:        at android.app.ActivityThread.handleLaunchActivity(ActivityThread.java:3460)
06-30 01:18:46.935 27139 27139 E AndroidRuntime:        at android.app.servertransaction.LaunchActivityItem.execute(LaunchActivityItem.java:83)
06-30 01:18:46.935 27139 27139 E AndroidRuntime:        at android.app.servertransaction.TransactionExecutor.executeCallbacks(TransactionExecutor.java:135)
06-30 01:18:46.935 27139 27139 E AndroidRuntime:        at android.app.servertransaction.TransactionExecutor.execute(TransactionExecutor.java:95)
06-30 01:18:46.935 27139 27139 E AndroidRuntime:        at android.app.ActivityThread$H.handleMessage(ActivityThread.java:2047)
06-30 01:18:46.935 27139 27139 E AndroidRuntime:        at android.os.Handler.dispatchMessage(Handler.java:107)
06-30 01:18:46.935 27139 27139 E AndroidRuntime:        at android.os.Looper.loop(Looper.java:224)
06-30 01:18:46.935 27139 27139 E AndroidRuntime:        at android.app.ActivityThread.main(ActivityThread.java:7592)
06-30 01:18:46.935 27139 27139 E AndroidRuntime:        at java.lang.reflect.Method.invoke(Native Method)
06-30 01:18:46.935 27139 27139 E AndroidRuntime:        at com.android.internal.os.RuntimeInit$MethodAndArgsCaller.run(RuntimeInit.java:539)
06-30 01:18:46.935 27139 27139 E AndroidRuntime:        at com.android.internal.os.ZygoteInit.main(ZygoteInit.java:950)
06-30 01:18:46.935 27139 27139 E AndroidRuntime: Caused by: java.lang.IllegalArgumentException: Invalid document reference. Document references must have an even number of segments, but likes has 1
06-30 01:18:46.935 27139 27139 E AndroidRuntime:        at com.google.firebase.firestore.DocumentReference.forPath(DocumentReference.java:81)
06-30 01:18:46.935 27139 27139 E AndroidRuntime:        at com.google.firebase.firestore.CollectionReference.document(CollectionReference.java:104)
06-30 01:18:46.935 27139 27139 E AndroidRuntime:        at com.BHG.sharechat.PostDetailActivity.setupLikeStatus(PostDetailActivity.kt:164)
06-30 01:18:46.935 27139 27139 E AndroidRuntime:        at com.BHG.sharechat.PostDetailActivity.onCreate(PostDetailActivity.kt:61)
06-30 01:18:46.935 27139 27139 E AndroidRuntime:        at android.app.Activity.performCreate(Activity.java:7893)
06-30 01:18:46.935 27139 27139 E AndroidRuntime:        at android.app.Activity.performCreate(Activity.java:7880)
06-30 01:18:46.935 27139 27139 E AndroidRuntime:        at android.app.Instrumentation.callActivityOnCreate(Instrumentation.java:1307)
06-30 01:18:46.935 27139 27139 E AndroidRuntime:        at android.app.ActivityThread.performLaunchActivity(ActivityThread.java:3286)
06-30 01:18:46.935 27139 27139 E AndroidRuntime:        ... 11 more
06-30 01:18:46.938  1958  4807 W ActivityTaskManager:   Force finishing activity com.BHG.sharechat/.PostDetailActivity
06-30 01:18:46.938  1958  4807 D ActivityTrigger: ActivityTrigger activityPauseTrigger
06-30 01:18:46.939  1958  4807 W ActivityTaskManager:   Force finishing activity com.BHG.sharechat/.MainActivity
06-30 01:18:46.944 27139 27139 I Process : Sending signal. PID: 27139 SIG: 9
06-30 01:18:46.947  1958 27389 I DropBoxManagerService: add tag=data_app_crash isTagEnabled=true flags=0x2
06-30 01:18:46.951  1958  2010 W BroadcastQueue: Background execution not allowed: receiving Intent { act=android.intent.action.DROPBOX_ENTRY_ADDED flg=0x10 (has extras) } to com.google.android.gms/.stats.service.DropBoxEntryAddedReceiver
06-30 01:18:46.957  1958  4807 D CompatibilityInfo: mCompatibilityFlags - 0
06-30 01:18:46.957  1958  4807 D CompatibilityInfo: applicationDensity - 432
06-30 01:18:46.957  1958  4807 D CompatibilityInfo: applicationScale - 1.0
06-30 01:18:46.958   511   511 I hwservicemanager: getTransport: Cannot find entry vendor.qti.hardware.servicetracker@1.0::IServicetracker/default in either framework or device manifest.
06-30 01:18:46.959 25359 25376 D PMonitor:  onForegroundActivitiesChanged:pid = 25324,activity-uid=10094,foregroundActivities=true
06-30 01:18:46.960  1958  2104 I MiuiNetworkPolicy: updateUidState uid = 10094, uidState = 2
06-30 01:18:46.967  1958  2360 D CompatibilityInfo: mCompatibilityFlags - 0
06-30 01:18:46.967  1958  2360 D CompatibilityInfo: applicationDensity - 432
06-30 01:18:46.967  1958  2360 D CompatibilityInfo: applicationScale - 1.0
06-30 01:18:46.968   511   511 I hwservicemanager: getTransport: Cannot find entry vendor.qti.hardware.servicetracker@1.0::IServicetracker/default in either framework or device manifest.
06-30 01:18:46.972   511   511 I chatty  : uid=1000(system) hwservicemanage identical 1 line
06-30 01:18:46.983   511   511 I hwservicemanager: getTransport: Cannot find entry vendor.qti.hardware.servicetracker@1.0::IServicetracker/default in either framework or device manifest.
06-30 01:18:46.986  1958  2089 W InputDispatcher: channel '6090274 com.BHG.sharechat/com.BHG.sharechat.MainActivity (server)' ~ Consumer closed input channel or an error occurred.  events=0x9
06-30 01:18:46.986  1958  2089 E InputDispatcher: channel '6090274 com.BHG.sharechat/com.BHG.sharechat.MainActivity (server)' ~ Channel is unrecoverably broken and will be disposed!
06-30 01:18:46.992  3633  3633 I CNSS    : Failed to send nl message
06-30 01:18:47.029  1958  2351 I ActivityManager: Process com.BHG.sharechat (pid 27139) has died: vis+99 TOP
06-30 01:18:47.030  1958  2360 I WindowManager: WIN DEATH: Window{6090274 u0 com.BHG.sharechat/com.BHG.sharechat.MainActivity}
06-30 01:18:46.997  3633  3633 I chatty  : uid=1000(system) /system/vendor/bin/cnss_diag identical 4 lines
06-30 01:18:47.025  3633  3633 I CNSS    : Failed to send nl message
06-30 01:18:47.030  1958  2360 W InputDispatcher: Attempted to unregister already unregistered input channel '6090274 com.BHG.sharechat/com.BHG.sharechat.MainActivity (server)'
06-30 01:18:47.033   614   614 I Zygote  : Process 27139 exited due to signal 9 (Killed)
06-30 01:18:47.033   511   511 I hwservicemanager: getTransport: Cannot find entry vendor.qti.hardware.servicetracker@1.0::IServicetracker/default in either framework or device manifest.
06-30 01:18:47.035  1958  2012 I libprocessgroup: Successfully killed process cgroup uid 10768 pid 27139 in 5ms
06-30 01:18:47.035 23967 23967 D BoundBrokerSvc: onUnbind: Intent { act=com.google.android.gms.auth.api.signin.service.START pkg=com.google.android.gms }
06-30 01:18:47.042  5428  6806 I GST     : forePkg: com.miui.home, preForePkg: com.BHG.sharechat
06-30 01:18:47.042 25666 16154 I ProcessMonitor: onForegroundInfoChanged: ForegroundInfo{mForegroundPackageName='com.miui.home', mForegroundUid=10094, mForegroundPid=25324, mLastForegroundPackageName='com.BHG.sharechat', mLastForegroundUid=10768, mLastForegroundPid=27139, mMultiWindowForegroundPackageName='null', mMultiWindowForegroundUid=-1, mFlags=0}
06-30 01:18:47.042 25910 26282 I ProcessMonitor: onForegroundInfoChanged: ForegroundInfo{mForegroundPackageName='com.miui.home', mForegroundUid=10094, mForegroundPid=25324, mLastForegroundPackageName='com.BHG.sharechat', mLastForegroundUid=10768, mLastForegroundPid=27139, mMultiWindowForegroundPackageName='null', mMultiWindowForegroundUid=-1, mFlags=0}
06-30 01:18:47.043  5413  7035 D PerfEngineController: ForegroundInfo{mForegroundPackageName='com.miui.home', mForegroundUid=10094, mForegroundPid=25324, mLastForegroundPackageName='com.BHG.sharechat', mLastForegroundUid=10768, mLastForegroundPid=27139, mMultiWindowForegroundPackageName='null', mMultiWindowForegroundUid=-1, mFlags=0}
06-30 01:18:47.043 25666 16154 I GameBoosterService: onForegroundInfoChanged: Cur=com.miui.home  last=com.BHG.sharechat
06-30 01:18:47.044 25666 16154 D GameBoosterService: onGameStatusChange foreground:ForegroundInfo{mForegroundPackageName='com.miui.home', mForegroundUid=10094, mForegroundPid=25324, mLastForegroundPackageName='com.BHG.sharechat', mLastForegroundUid=10768, mLastForegroundPid=27139, mMultiWindowForegroundPackageName='null', mMultiWindowForegroundUid=-1, mFlags=0}
06-30 01:18:47.044 25666 16154 I VideoBoxUtils: isSupportVideoBox: false
06-30 01:18:47.044 25666 16154 I VideoToolBoxService: vtb is closed!!!
06-30 01:18:47.045  1958  2351 I Timeline: Timeline: App_transition_ready time:39902232
06-30 01:18:47.047  1958  2104 I MiuiNetworkPolicy: removeUidState uid = 10768
06-30 01:18:47.048  1958  1996 W ActivityManager: setHasOverlayUi called on unknown pid: 27139
06-30 01:18:47.049  2181  2181 D EventBus: [2181, u0] send(AppTransitionFinishedEvent)
06-30 01:18:47.049  2181  2181 D EventBus: [2181, u0]  -> ForcedResizableInfoActivityController [0xd8e5e6, P1] onBusEvent(AppTransitionFinishedEvent)
06-30 01:18:47.049  2181  2181 D EventBus: [2181, u0] onBusEvent(AppTransitionFinishedEvent) duration: 10 microseconds,avg: 165
06-30 01:18:47.050  2181  2181 D EventBus: [2181, u0] send(AppTransitionFinishedEvent)
06-30 01:18:47.050  2181  2181 D EventBus: [2181, u0]  -> ForcedResizableInfoActivityController [0xd8e5e6, P1] onBusEvent(AppTransitionFinishedEvent)
06-30 01:18:47.050  2181  2181 D EventBus: [2181, u0] onBusEvent(AppTransitionFinishedEvent) duration: 12 microseconds,avg: 165
06-30 01:18:47.053 25666 13148 I SCTaskStackListener: onTaskStackChanged! inSplit = false
06-30 01:18:47.060  1958  2351 I Timeline: Timeline: App_transition_ready time:39902248
06-30 01:18:47.062 25324 25324 D Launcher.Lifecycle: onStart:UserHandle{0},e938a99,false
06-30 01:18:47.062 25324 26142 I RenderThread: RenderThread resumed
06-30 01:18:47.063 25324 26142 I RenderThread: All controllers paused.
06-30 01:18:47.063 25324 26142 I RenderThread: RenderThread paused, waiting for signal
06-30 01:18:47.064  2181  2181 D StatusBar: recevie broadbcast ACTION_APPLICATION_MESSAGE_QUERY, requestFirstTime=false
06-30 01:18:47.064 25666 16154 I SCTaskStackListener: onTaskStackChanged! inSplit = false
06-30 01:18:47.065   511   511 I hwservicemanager: getTransport: Cannot find entry vendor.qti.hardware.servicetracker@1.0::IServicetracker/default in either framework or device manifest.
06-30 01:18:47.069 25324 25324 D Launcher.Lifecycle: onResume:UserHandle{0},e938a99,false
06-30 01:18:47.070 25324 26142 I RenderThread: RenderThread resumed
06-30 01:18:47.070 25324 26142 I RenderThread: All controllers paused.
06-30 01:18:47.070 25324 26142 I RenderThread: RenderThread paused, waiting for signal
06-30 01:18:47.070 25324 25393 D StatusBarController: handleMessage: flag 800000  disable false
06-30 01:18:47.071  1958  1997 I Timeline: Timeline: App_transition_ready time:39902258
06-30 01:18:47.076  1958  2351 I Timeline: Timeline: App_transition_ready time:39902264
06-30 01:18:47.085  1958  1997 I Timeline: Timeline: App_transition_ready time:39902272
06-30 01:18:47.093 25324 25324 D Launcher_WallpaperUtils: changeStatusBarMode:false
06-30 01:18:47.093 25324 25324 D RecentsImpl: mActivityStateObserver com.miui.home.launcher.Launcher
06-30 01:18:47.093 25324 25324 W RecentsImpl: onResumed className=com.miui.home.launcher.Launcher   mIsInAnotherPro=false
06-30 01:18:47.095  1958  1997 I Timeline: Timeline: App_transition_ready time:39902282
06-30 01:18:47.095  2181  2181 D EventBus: [2181, u0] send(AppTransitionFinishedEvent)
06-30 01:18:47.095  2181  2181 D EventBus: [2181, u0]  -> ForcedResizableInfoActivityController [0xd8e5e6, P1] onBusEvent(AppTransitionFinishedEvent)
06-30 01:18:47.095  2181  2181 D EventBus: [2181, u0] onBusEvent(AppTransitionFinishedEvent) duration: 9 microseconds, avg: 165
06-30 01:18:47.095  1958  1997 I Timeline: Timeline: Activity_windows_visible id: ActivityRecord{ddb1799 u0 com.miui.home/.launcher.Launcher t1} time:39902283
06-30 01:18:47.095  1958  1997 I Timeline: Timeline: App_transition_stopped time:39902283
06-30 01:18:47.097 25324 25324 D Launcher.Lifecycle: onWindowFocusChanged:true,UserHandle{0},e938a99,false
06-30 01:18:47.097 25324 25324 D Launcher_UnlockAnimationStateMachine: onWindowFocus:IDLE
06-30 01:18:47.099  2181  2181 D EventBus: [2181, u0] send(AppTransitionFinishedEvent)
06-30 01:18:47.100  2181  2181 D EventBus: [2181, u0]  -> ForcedResizableInfoActivityController [0xd8e5e6, P1] onBusEvent(AppTransitionFinishedEvent)
06-30 01:18:47.100  2181  2181 D EventBus: [2181, u0] onBusEvent(AppTransitionFinishedEvent) duration: 11 microseconds,avg: 165
06-30 01:18:47.100  2181  2181 D StatusBar: disable<e i a s b h r c s > disable2<q i n g r >
06-30 01:18:47.102 28084 28084 I GoogleInputMethodService: GoogleInputMethodService.onFinishInput():1984
06-30 01:18:47.102 25324 25324 E RotationHelper: setCurrentTransitionRequest: request=0
06-30 01:18:47.102 25324 25324 E RotationHelper: setCurrentTransitionRequest: request=0
06-30 01:18:47.102 28084 28084 I Module  : DeviceLockedStatusModuleProvider$Module.updateDeviceLockedStatus():100 repeatCheckTimes = 0, locked = false
06-30 01:18:47.103 28084 28084 I GoogleInputMethodService: GoogleInputMethodService.onStartInput():1248 onStartInput(EditorInfo{EditorInfo{packageName=com.miui.home, inputType=0, inputTypeString=NULL, enableLearning=false, autoCorrection=false, autoComplete=false, imeOptions=0, privateImeOptions=null, actionName=UNSPECIFIED, actionLabel=null, initialSelStart=-1, initialSelEnd=-1, initialCapsMode=0, label=null, fieldId=2131361997, fieldName=null, extras=null, hintText=null, hintLocales=[]}}, false)
06-30 01:18:47.105 28084 28084 I Module  : DeviceLockedStatusModuleProvider$Module.updateDeviceLockedStatus():100 repeatCheckTimes = 1, locked = false
06-30 01:18:47.106  2181  2181 D PhoneStatusBar/NavigationBarView: setDisabledFlags back:false home:false recent:false
06-30 01:18:47.106  2181  2181 D StatusBarClock:  isNormalMode= true clock visible=true
06-30 01:18:47.117  2181  2181 D PhoneStatusBar/NavigationBarView: onDraw
06-30 01:18:47.128  3633  3633 I CNSS    : Failed to send nl message
06-30 01:18:47.334  3633  3633 I CNSS    : Failed to send nl message
06-30 01:18:47.410 23967 27393 E memtrack: Couldn't load memtrack module
06-30 01:18:47.410 23967 27393 W android.os.Debug: failed to get memory consumption info: -1
06-30 01:18:47.435  3633  3633 I CNSS    : Failed to send nl message
06-30 01:18:47.440  1958  1996 W ActivityTaskManager: Activity top resumed state loss timeout for ActivityRecord{fbecad4 u0 com.BHG.sharechat/.PostDetailActivity t-1 f}
06-30 01:18:47.464  3633  3633 I chatty  : uid=1000(system) /system/vendor/bin/cnss_diag identical 3 lines
06-30 01:18:47.468  3633  3633 I CNSS    : Failed to send nl message
06-30 01:18:48.025   613  2099 D OemNetd : setLimit: disable, rate=0
06-30 01:18:48.053  3633  3633 I CNSS    : Failed to send nl message
06-30 01:18:48.268  3633  3633 I chatty  : uid=1000(system) /system/vendor/bin/cnss_diag identical 8 lines
06-30 01:18:48.269  3633  3633 I CNSS    : Failed to send nl message
06-30 01:18:49.446 24094 27394 E memtrack: Couldn't load memtrack module
06-30 01:18:49.446 24094 27394 W android.os.Debug: failed to get memory consumption info: -1
06-30 01:18:49.801  3633  3633 I CNSS    : Failed to send nl message
06-30 01:18:49.809  3633  3633 I chatty  : uid=1000(system) /system/vendor/bin/cnss_diag identical 15 lines
06-30 01:18:49.809  3633  3633 I CNSS    : Failed to send nl message
06-30 01:18:50.546   511   511 I hwservicemanager: getTransport: Cannot find entry vendor.qti.hardware.servicetracker@1.0::IServicetracker/default in either framework or device manifest.
06-30 01:18:50.548 24094 24094 D BoundBrokerSvc: onUnbind: Intent { act=com.google.android.gms.presencemanager.service.START dat=chimera-action: cmp=com.google.android.gms/.chimera.PersistentApiService }
06-30 01:18:50.550   511   511 I hwservicemanager: getTransport: Cannot find entry vendor.qti.hardware.servicetracker@1.0::IServicetracker/default in either framework or device manifest.
06-30 01:18:50.552 24094 24094 D BoundBrokerSvc: onUnbind: Intent { act=com.google.android.gms.presencemanager.service.INTERNAL_IDENTITY dat=chimera-action: cmp=com.google.android.gms/.chimera.PersistentApiService }
06-30 01:18:51.061 25324 25324 D EventBus: No subscribers registered for event class com.miui.home.launcher.common.messages.EndSpringAnimatorMessage
06-30 01:18:51.061 25324 25324 D EventBus: No subscribers registered for event class org.greenrobot.eventbus.NoSubscriberEvent
06-30 01:18:51.061 25324 25324 D FeedSwipeController: touchState : 0 scrolling : false normalEditing : false WidgetThumbnailViewShowing : false UninstallDialogShowing : false isMinusScreenShowing: false
06-30 01:18:51.061 25324 25324 D FeedSwipeController: can not use
06-30 01:18:51.062 25324 25324 D Launcher.StatusBarController: try intercept touch, isProxySurvive=true
06-30 01:18:51.063 25324 25324 D Launcher.Workspace: Workspace touch down
06-30 01:18:51.063 25324 25324 D ScreenView_Workspace: onIntercept:0.0
06-30 01:18:51.063 25324 25324 D ScreenView_Workspace: not intercept
06-30 01:18:51.063 25324 25324 D Launcher.CellLayout: touch item:ShortcutInfo, id=545, itemType=0, user=UserHandle{0}, mIconType=0, pkgName=com.BHG.sharechat, className=com.BHG.sharechat.SplashActivity, screenId=5, container=-100, cellX=0,cellY=2, spanX=1, spanY=1, isLandscapePos=false
06-30 01:18:51.063 25324 25324 D Launcher.itemIcon: folmeDown
06-30 01:18:51.066 25324 30753 D Launcher_dispatchTouchEvent_View: [motionEvent view:]
06-30 01:18:51.066 25324 30753 D Launcher_dispatchTouchEvent_View: 18:51.064 View=com.miui.home.launcher.ShortcutMenuLayer{93f4c09 V.E...... .......D 0,0-1080,2340 #7f0a022b app:id/shortcut_menu_layer}
06-30 01:18:51.066 25324 30753 D Launcher_dispatchTouchEvent_View: 18:51.064 View=com.miui.home.launcher.DragLayer{c477341 V.E...... ........ 0,0-1080,2340 #7f0a00e7 app:id/drag_layer}
06-30 01:18:51.066 25324 30753 D Launcher_dispatchTouchEvent_View: 18:51.064 View=com.miui.home.launcher.search.SearchEdgeLayout{4d010e6 V.ED..... ........ 0,0-1080,2340 #7f0a01e7 app:id/screen}
06-30 01:18:51.066 25324 30753 D Launcher_dispatchTouchEvent_View: 18:51.064 View=com.miui.home.launcher.FitSystemWindowView{9a17627 V.E...... ........ 0,0-1080,2340 #7f0a01e8 app:id/screen_content}
06-30 01:18:51.066 25324 30753 D Launcher_dispatchTouchEvent_View: 18:51.064 View=com.miui.home.launcher.Workspace{4e960d4 V.E...... ........ 0,0-1080,2213 #7f0a02c8 app:id/workspace}
06-30 01:18:51.066 25324 30753 D Launcher_dispatchTouchEvent_View: 18:51.064 View=com.miui.home.launcher.CellScreen{bdc2782 V.E...... ........ 4320,78-5400,2213}
06-30 01:18:51.066 25324 30753 D Launcher_dispatchTouchEvent_View: 18:51.065 View= mHCells=4 mVCells=6 mTotalCells=24 mCellXY[0]=3 mCellXY[1]=5 childCount=9 EmptyCellsNum=15   [ tag 0 =com.miui.home.launcher.ShortcutIcon{9de32cc VFE...CL. ........ 32,82-286,368}(Telegram)| childWidth 0 =254| childHeight 0 =286| childTranslationX 0 =0.0| childTranslationY 0 =0.0| childX 0 =32.0|  childY 0 =82.0|  childAlpha 0 =1.0] [ tag 1 =com.miui.home.launcher.ShortcutIcon{c876bda VFE...CL. ........ 286,82-540,368}(Dr.Fone Link)| childWidth 1 =254| childHeight 1 =286| childTranslationX 1 =0.0| childTranslationY 1 =0.0| childX 1 =286.0|  childY 1 =82.0|  childAlpha 1 =1.0] [ tag 2 =com.miui.home.launcher.ShortcutIcon{d027f8a VFE...CL. ........ 540,82-794,368}(Winlator)| childWidth 2 =254| childHeight 2 =286| childTranslationX 2 =0.0| childTranslationY 2 =0.0| childX 2 =540.0|  childY 2 =82.0|  childAlpha 2 =1.0] [ tag 3 =com.miui.home.launcher.ShortcutIcon{a08f665 VFE...CL. ........ 794,82-1048,368}(Horizon Emu)| childWidth 3 =254| childHeight 3 =286| childTranslationX 3 =0.0| childTranslationY 3 =0.0| childX 3 =794.0|  childY 3 =82.0|  childAlpha 3 =1.0] [ tag 4 =com.miui.home.launcher.ShortcutIcon{d308aea VFE...CL. ........ 32,373-286,659}(Gangster Open World Online)| childWidth 4 =254| childHeight 4 =286| childTranslationX 4 =0.0| childTranslationY 4 =0.0| childX 4 =32.0|  childY 4 =373.0|  childAlpha 4 =1.0] [ tag 5 =com.miui.home.launcher.ShortcutIcon{cf9829a VFE...CL. ........ 286,373-540,659}(Dead Zone: Zombie Shooter 3D)| childWidth 5 =254| childHeight 5 =286| childTranslationX 5 =0.0| childTranslationY 5 =0.0| childX 5 =286.0|  childY 5 =373.0|  childAlpha 5=1.0] [ tag 6 =com.miui.home.launcher.ShortcutIcon{887c64a VFE...CL. ........ 540,373-794,659}(Street Parking)| childWidth 6 =254| childHeight 6 =286| childTranslationX 6 =0.0| childTranslationY 6 =0.0| childX 6 =540.0|  childY 6 =373.0|  childAlpha 6 =1.0] [ tag 7 =com.miui.home.launcher.ShortcutIcon{125101e VFE...CL. ........ 794,373-1048,659}(WhatsApp)| childWidth 7 =254| childHeight 7 =286| childTranslationX 7 =0.0| childTranslationY 7 =0.0| childX 7 =794.0|  childY 7 =373.0|  childAlpha 7 =1.0] [ tag 8 =com.miui.home.launcher.ShortcutIcon{e2306f5 VFE...CL. ...P.... 32,664-286,950}(ShareChat)| childWidth 8 =254| childHeight 8 =286| childTranslationX 8 =0.0| childTranslationY 8 =0.0| childX 8 =32.0|  childY8 =664.0|  childAlpha 8 =1.0]
06-30 01:18:51.066 25324 30753 D Launcher_dispatchTouchEvent_View: 18:51.066 View=com.miui.home.launcher.ShortcutIcon{e2306f5 VFE...CL. ...P.... 32,664-286,950}(ShareChat)
06-30 01:18:51.133 25324 25324 D Launcher.Workspace: Workspace touch up or cancel
06-30 01:18:51.133 25324 25324 D ScreenView_Workspace: oninterceput up
06-30 01:18:51.133 25324 26142 I RenderThread: RenderThread resumed
06-30 01:18:51.133 25324 26142 I RenderThread: All controllers paused.
06-30 01:18:51.133 25324 26142 I RenderThread: RenderThread paused, waiting for signal
06-30 01:18:51.133 25324 25324 D Launcher.itemIcon: folmeUp
06-30 01:18:51.133 25324 30753 D Launcher_dispatchTouchEvent: [motionEvent action:(rawX,rawY)]  18:51.071[2(212.0,869.0)] 18:51.071[2(212.0,869.0)] 18:51.102[2(212.0,869.0)] 18:51.120[2(212.0,869.0)] 18:51.133[1(212.0,869.0)]
06-30 01:18:51.134 25324 30753 D Launcher_Scrollto: [(rawX,rawY)|scrollX]
06-30 01:18:51.134 25324 25324 E QuickstepAppTransitionManagerImpl: getActivityLaunchOptions   iconLoc=Rect(75, 762 - 251, 938)
06-30 01:18:51.135 25324 25324 I Timeline: Timeline: Activity_launch_request time:39906322
06-30 01:18:51.138  1958  5236 I ActivityTaskManager: START u0 {act=android.intent.action.MAIN cat=[android.intent.category.LAUNCHER] flg=0x10200000 cmp=com.BHG.sharechat/.SplashActivity bnds=[75,762][251,938] (has extras)} from uid 10094
06-30 01:18:51.138  1958  5236 D MiuiMultiWindowAdapter: MiuiMultiWindowAdapter::getFreeformBlackList::sSmallWindowBlackList = [com.miui.securitycenter, com.miui.weather2, com.miui.miservice, com.android.calendar, com.xiaomi.calendar, com.android.contacts, com.miui.mishare.connectivity, com.android.settings, com.android.printspooler, com.miui.backup, com.miui.huanji, com.miui.calculator, com.android.deskclock, com.android.thememanager, com.mfashiongallery.emag, com.miui.virtualsim, com.miui.smarttravel, com.mi.health, com.android.camera, com.lbe.security.miui, com.miui.cleanmaster, com.miui.newhome, com.miui.voiceassist, com.android.phone, com.miui.yellowpage, com.android.updater, com.miui.tsmclient, com.miui.securitycore, com.xiaomi.account, com.xiaomi.shop, com.mipay.wallet, com.xiaomi.youpin, com.xiaomi.hm.health, com.miui.bugreport, com.xiaomi.mibrain.speech, com.xiaomi.mimoji, com.xiaomi.scanner, com.duokan.phone.remotecontroller, com.miui.hybrid, com.android.incallui, com.miui.video, com.miui.videoplayer, com.miui.player, com.miui.fm, com.miui.packageinstaller, com.mi.android.globallauncher, com.google.android.dialer, com.google.android.apps.magazines, com.miui.compass, com.miui.greenguard, com.kiteguard, com.google.android.apps.prodcasts, com.google.ar.lens, com.xiangkan.android, com.android.bankabc, com.sohu.inputmethod.sogou, com.tencent.mtt, com.shyz.toutiao, com.netease.mc.mi, com.outfit7.talkingtomgoldrun.mi, com.doudz.mi, com.wepie.snake.new.mi, cn.jj, com.standddz002.mi, com.miHoYo.bh3.mi, com.qqgame.hlddz, com.happyelements.AndroidAnimal, com.minitech.miniworld.TMobile.mi, com.mfp.jelly.xiaomi, com.lilithgames.afk.mi, com.tencent.peng, com.teenpatti.hd.gold, blockpuzzle.jewelgames.jewelslegend, com.playgendary.tanks, com.chillingo.robberybobfree.android.row, com.episodeinteractive.android.catalog, com.playrix.township, com.ansangha.drdriving, com.google.android.youtube, com.gbits.atm.mi]
06-30 01:18:51.141  1958  5236 E ANDR-PERF-JNI: com_qualcomm_qtiperformance_native_perf_io_prefetch_start
06-30 01:18:51.142   734   871 E ANDR-PERF-UTIL: Failed to read /proc/sys/kernel/sched_busy_hyst_ns
06-30 01:18:51.142   734   871 E ANDR-PERF-OPTSHANDLER: Failed to read /proc/sys/kernel/sched_busy_hyst_ns
06-30 01:18:51.142   734   871 E ANDR-PERF-RESOURCEQS: Failed to apply optimization [1, 2]
06-30 01:18:51.147  1958  5236 D CompatibilityInfo: mCompatibilityFlags - 0
06-30 01:18:51.147  1958  5236 D CompatibilityInfo: applicationDensity - 432
06-30 01:18:51.147  1958  5236 D CompatibilityInfo: applicationScale - 1.0
06-30 01:18:51.148  1958  5236 D ActivityTrigger: ActivityTrigger activityPauseTrigger
06-30 01:18:51.149  1550  1567 E ANDR-IOP: io prefetch is disabled
06-30 01:18:51.158 25324 25324 W ActivityThread: SCHED: com.miui.home/.launcher.Launcher [76, r=32ms, a=10ms, w=4091ms]
06-30 01:18:51.158 25324 25324 D Launcher.Lifecycle: onPause:UserHandle{0},e938a99,true
06-30 01:18:51.158 25324 25324 D Launcher_UnlockAnimationStateMachine: setState:PAUSE_WAIT
06-30 01:18:51.160 25324 30753 D Launcher_dispatchTouchEvent: [motionEvent action:(rawX,rawY)]  18:51.160[1(212.0,869.0)]
06-30 01:18:51.161 25324 30753 D Launcher_Scrollto: [(rawX,rawY)|scrollX]
06-30 01:18:51.168  1958  2104 I MiuiNetworkPolicy: updateUidState uid = 10768, uidState = 20
06-30 01:18:51.171 25324 25324 I RenderVsyncUpdater: All controllers paused.
06-30 01:18:51.172 25324 25393 D StatusBarController: handleMessage: flag 800000  disable false
06-30 01:18:51.192 25324 25324 D Launcher_WallpaperUtils: changeStatusBarMode:false
06-30 01:18:51.193 25324 25324 D Launcher.Lifecycle: onWindowFocusChanged:false,UserHandle{0},e938a99,true
06-30 01:18:51.197   614   614 D Zygote  : Forked child process 27400
06-30 01:18:51.199   613  2099 D OemNetd : setPidForPackage: packageName=com.BHG.sharechat, pid=27400, pid=10768
06-30 01:18:51.200  1958  2011 I ActivityManager: Start proc 27400:com.BHG.sharechat/u0a768 for activity {com.BHG.sharechat/com.BHG.sharechat.SplashActivity} caller=com.miui.home
06-30 01:18:51.207 25324 25324 I RenderVsyncUpdater: All controllers paused.
06-30 01:18:51.213 27400 27400 E m.BHG.sharecha: Not starting debugger since process cannot load the jdwp agent.
06-30 01:18:51.221  1958  5236 D CompatibilityInfo: mCompatibilityFlags - 0
06-30 01:18:51.221  1958  5236 D CompatibilityInfo: applicationDensity - 432
06-30 01:18:51.221  1958  5236 D CompatibilityInfo: applicationScale - 1.0
06-30 01:18:51.224  1958  5236 D CompatibilityInfo: mCompatibilityFlags - 0
06-30 01:18:51.224  1958  5236 D CompatibilityInfo: applicationDensity - 432
06-30 01:18:51.224  1958  5236 D CompatibilityInfo: applicationScale - 1.0
06-30 01:18:51.225 25666 13148 I ProcessMonitor: onForegroundInfoChanged: ForegroundInfo{mForegroundPackageName='com.BHG.sharechat', mForegroundUid=10768, mForegroundPid=27400, mLastForegroundPackageName='com.miui.home', mLastForegroundUid=10094, mLastForegroundPid=25324, mMultiWindowForegroundPackageName='null', mMultiWindowForegroundUid=-1, mFlags=1}
06-30 01:18:51.225 25910 26282 I ProcessMonitor: onForegroundInfoChanged: ForegroundInfo{mForegroundPackageName='com.BHG.sharechat', mForegroundUid=10768, mForegroundPid=27400, mLastForegroundPackageName='com.miui.home', mLastForegroundUid=10094, mLastForegroundPid=25324, mMultiWindowForegroundPackageName='null', mMultiWindowForegroundUid=-1, mFlags=1}
06-30 01:18:51.225  5413  7035 D PerfEngineController: ForegroundInfo{mForegroundPackageName='com.BHG.sharechat', mForegroundUid=10768, mForegroundPid=27400, mLastForegroundPackageName='com.miui.home', mLastForegroundUid=10094, mLastForegroundPid=25324, mMultiWindowForegroundPackageName='null', mMultiWindowForegroundUid=-1, mFlags=1}
06-30 01:18:51.225  5428  6806 I GST     : forePkg: com.BHG.sharechat, preForePkg: com.miui.home
06-30 01:18:51.227 25666 13148 I GameBoosterService: onForegroundInfoChanged: Cur=com.BHG.sharechat      last=com.miui.home
06-30 01:18:51.227 25666 13148 D GameBoosterService: onGameStatusChange foreground:ForegroundInfo{mForegroundPackageName='com.BHG.sharechat', mForegroundUid=10768, mForegroundPid=27400, mLastForegroundPackageName='com.miui.home', mLastForegroundUid=10094, mLastForegroundPid=25324, mMultiWindowForegroundPackageName='null', mMultiWindowForegroundUid=-1, mFlags=1}
06-30 01:18:51.228 25666 13148 I VideoBoxUtils: isSupportVideoBox: false
06-30 01:18:51.228 25666 13148 I VideoToolBoxService: vtb is closed!!!
06-30 01:18:51.229  1958  5236 I qspmsvc-client: inside perf_hint_qspm
06-30 01:18:51.232  1958  1997 I Timeline: Timeline: App_transition_ready time:39906419
06-30 01:18:51.235 25324 25340 E LauncherAnimationRunner: onAnimationStart
06-30 01:18:51.235 25324 25340 E LauncherAnimationRunner: onAnimationStart:   mode=0   taskId=1180
06-30 01:18:51.235 25324 25340 E LauncherAnimationRunner: onAnimationStart:   mode=1   taskId=1
06-30 01:18:51.236  2181  2181 D StatusBar: disable<e i a s b h r c s > disable2<q i n g r >
06-30 01:18:51.237 25324 25324 E QuickstepAppTransitionManagerImpl: startIconLaunchAnimator:launcherClosing=true   iconLoc=Rect(75, 762 - 251, 938)
06-30 01:18:51.238 25324 25324 E QuickstepAppTransitionManagerImpl: startOpeningWindowAnimators:rotation0IconLoc=Rect(75, 762 - 251, 938)
06-30 01:18:51.239 25324 25324 E ClipAnimationHelper: updateSourceStack  mSourceInsets=Rect(0, 0 - 0, 127), mSourceStackBounds=Rect(0, 0 - 1080, 2340)
06-30 01:18:51.239 25324 25324 E ClipAnimationHelper: updateHomeStack  mSourceInsets=Rect(0, 0 - 0, 127), mHomeStackBounds=Rect(0, 0 - 1080, 2340)
06-30 01:18:51.239 25324 25324 E ClipAnimationHelper: updateTargetRect  mSourceRect=RectF(0.0, 0.0, 1080.0, 2340.0)   mTargetRect=RectF(0.0, 0.0, 1080.0, 2340.0)   mSourceWindowClipInsets=RectF(0.0, 0.0, 0.0, 0.0)   mHomeStackBounds=Rect(0, 0 - 1080, 2340)   targetRect=Rect(0, 0 - 1080, 2340)
06-30 01:18:51.240 25324 25324 E QuickstepAppTransitionManagerImpl: startLauncherContentAnimator:isAppOpening=true
06-30 01:18:51.243  2181  2181 D PhoneStatusBar/NavigationBarView: setDisabledFlags back:false home:false recent:false
06-30 01:18:51.243  2181  2181 D StatusBarClock:  isNormalMode= true clock visible=true
06-30 01:18:51.247 25359 25376 D PMonitor:  onForegroundActivitiesChanged:pid = 27400,activity-uid=10768,foregroundActivities=true
06-30 01:18:51.247  1958  2104 I MiuiNetworkPolicy: updateUidState uid = 10768, uidState = 2
06-30 01:18:51.251  2181  2181 D PhoneStatusBar/NavigationBarView: onDraw
06-30 01:18:51.259 27400 27400 I Perf    : Connecting to perf service.
06-30 01:18:51.261 25666 16154 I SCTaskStackListener: onTaskStackChanged! inSplit = false
06-30 01:18:51.262 25666 13148 I SCTaskStackListener: onTaskStackChanged! inSplit = false
06-30 01:18:51.283 27400 27400 I FirebaseApp: Device unlocked: initializing all Firebase APIs for app [DEFAULT]
06-30 01:18:51.293 27400 27400 I FirebaseInitProvider: FirebaseApp initialization successful
06-30 01:18:51.311 27400 27400 I FeatureParser: can't find violet.xml in assets/device_features/,it may be in /system/etc/device_features
06-30 01:18:51.313 27400 27400 E libc    : Access denied finding property "ro.vendor.df.effect.conflict"
06-30 01:18:51.296 27400 27400 W m.BHG.sharechat: type=1400 audit(0.0:20029): avc: denied { read } for name="u:object_r:vendor_default_prop:s0" dev="tmpfs" ino=24807 scontext=u:r:untrusted_app:s0:c0,c259,c512,c768 tcontext=u:object_r:vendor_default_prop:s0 tclass=file permissive=0
06-30 01:18:51.315 27400 27444 E Perf    : Fail to get file list com.BHG.sharechat
06-30 01:18:51.316 27400 27444 E Perf    : getFolderSize() : Exception_1 = java.lang.NullPointerException: Attempt to get length of null array
06-30 01:18:51.319 27400 27444 E Perf    : Fail to get file list com.BHG.sharechat
06-30 01:18:51.319 27400 27444 E Perf    : getFolderSize() : Exception_1 = java.lang.NullPointerException: Attempt to get length of null array
06-30 01:18:51.320 27400 27444 E Perf    : Fail to get file list oat
06-30 01:18:51.320 27400 27444 E Perf    : getFolderSize() : Exception_1 = java.lang.NullPointerException: Attempt to get length of null array
06-30 01:18:51.327 27400 27400 D AppCompatDelegate: Checking for metadata for AppLocalesMetadataHolderService : Servicenot found
06-30 01:18:51.341 27400 27437 I DynamiteModule: Considering local module com.google.android.gms.measurement.dynamite:152 and remote module com.google.android.gms.measurement.dynamite:151
06-30 01:18:51.341 27400 27437 I DynamiteModule: Selected local version of com.google.android.gms.measurement.dynamite
06-30 01:18:51.374 27400 27400 D ForceDarkHelper: updateByCheckExcludeList: pkg: com.BHG.sharechat activity: com.BHG.sharechat.SplashActivity@28b1a23
06-30 01:18:51.375 27400 27400 D ForceDarkHelper: updateByCheckExcludeList: pkg: com.BHG.sharechat activity: com.BHG.sharechat.SplashActivity@28b1a23
06-30 01:18:51.395 27400 27454 I FA      : App measurement initialized, version: 130000
06-30 01:18:51.395 27400 27454 I FA      : To enable debug logging run: adb shell setprop log.tag.FA VERBOSE
06-30 01:18:51.395 27400 27454 I FA      : To enable faster debug mode event logging run:
06-30 01:18:51.395 27400 27454 I FA      :   adb shell setprop debug.firebase.analytics.app com.BHG.sharechat
06-30 01:18:51.397 27400 27400 D ForceDarkHelper: updateByCheckExcludeList: pkg: com.BHG.sharechat activity: com.BHG.sharechat.SplashActivity@28b1a23
06-30 01:18:51.398 27400 27400 I chatty  : uid=10768(com.BHG.sharechat) identical 1 line
06-30 01:18:51.407 27400 27400 D ForceDarkHelper: updateByCheckExcludeList: pkg: com.BHG.sharechat activity: com.BHG.sharechat.SplashActivity@28b1a23
06-30 01:18:51.419 25324 25975 E LauncherAnimationRunner: finish: mFinishRunnable.run
06-30 01:18:51.419  2181  2181 D EventBus: [2181, u0] send(AppTransitionFinishedEvent)
06-30 01:18:51.419  2181  2181 D EventBus: [2181, u0]  -> ForcedResizableInfoActivityController [0xd8e5e6, P1] onBusEvent(AppTransitionFinishedEvent)
06-30 01:18:51.419  2181  2181 D EventBus: [2181, u0] onBusEvent(AppTransitionFinishedEvent) duration: 11 microseconds,avg: 165
06-30 01:18:51.419  2181  2181 D EventBus: [2181, u0] send(AppTransitionFinishedEvent)
06-30 01:18:51.419  2181  2181 D EventBus: [2181, u0]  -> ForcedResizableInfoActivityController [0xd8e5e6, P1] onBusEvent(AppTransitionFinishedEvent)
06-30 01:18:51.419  2181  2181 D EventBus: [2181, u0] onBusEvent(AppTransitionFinishedEvent) duration: 5 microseconds, avg: 165
06-30 01:18:51.421  1958  1997 I Timeline: Timeline: App_transition_stopped time:39906608
06-30 01:18:51.441  1958  5236 E WindowManager: App trying to use insecure INPUT_FEATURE_NO_INPUT_CHANNEL flag. Ignoring
06-30 01:18:51.445   511   511 I hwservicemanager: getTransport: Cannot find entry vendor.qti.hardware.servicetracker@1.0::IServicetracker/default in either framework or device manifest.
06-30 01:18:51.446 25324 25324 D RecentsImpl: mActivityStateObserver com.BHG.sharechat.SplashActivity
06-30 01:18:51.446 25324 25324 W RecentsImpl: onResumed className=com.BHG.sharechat.SplashActivity   mIsInAnotherPro=false
06-30 01:18:51.458 25324 25324 D Launcher_UnlockAnimationStateMachine: mResetIdleStateRunnable
06-30 01:18:51.462 27400 27445 I AdrenoGLES: QUALCOMM build                   : af4b174, I386ada412e
06-30 01:18:51.462 27400 27445 I AdrenoGLES: Build Date                       : 09/10/20
06-30 01:18:51.462 27400 27445 I AdrenoGLES: OpenGL ES Shader Compiler Version: EV031.27.05.01
06-30 01:18:51.462 27400 27445 I AdrenoGLES: Local Branch                     :
06-30 01:18:51.462 27400 27445 I AdrenoGLES: Remote Branch                    : refs/tags/AU_LINUX_ANDROID_LA.UM.8.9.R1.10.00.00.558.044
06-30 01:18:51.462 27400 27445 I AdrenoGLES: Remote Branch                    : NONE
06-30 01:18:51.462 27400 27445 I AdrenoGLES: Reconstruct Branch               : NOTHING
06-30 01:18:51.462 27400 27445 I AdrenoGLES: Build Config                     : S P 8.0.11 AArch64
06-30 01:18:51.464 27400 27445 I AdrenoGLES: PFP: 0x016ee187, ME: 0x00000000
06-30 01:18:51.465 27400 27454 I FA      : Tag Manager is not found and thus will not be used
06-30 01:18:51.465 27400 27445 W AdrenoUtils: <ReadGpuID_from_sysfs:194>: Failed to open /sys/class/kgsl/kgsl-3d0/gpu_model
06-30 01:18:51.465 27400 27445 W AdrenoUtils: <ReadGpuID:218>: Failed to read chip ID from gpu_model. Fallback to use the GSL path
06-30 01:18:51.456 27400 27400 W RenderThread: type=1400 audit(0.0:20030): avc: denied { search } for name="kgsl" dev="sysfs" ino=43936 scontext=u:r:untrusted_app:s0:c0,c259,c512,c768 tcontext=u:object_r:sysfs_kgsl:s0 tclass=dir permissive=0
06-30 01:18:51.489   511   511 I hwservicemanager: getTransport: Cannot find entry android.hardware.graphics.mapper@3.0::IMapper/default in either framework or device manifest.
06-30 01:18:51.489 27400 27445 W Gralloc3: mapper 3.x is not supported
06-30 01:18:51.505  1958  2009 I ActivityTaskManager: Displayed com.BHG.sharechat/.SplashActivity: +367ms
06-30 01:18:51.506  1958  1997 I Timeline: Timeline: Activity_windows_visible id: ActivityRecord{ce89fcd u0 com.BHG.sharechat/.SplashActivity t1180} time:39906693
06-30 01:18:51.514 28084 28084 I GoogleInputMethodService: GoogleInputMethodService.onFinishInput():1984
06-30 01:18:51.515 28084 28084 I Module  : DeviceLockedStatusModuleProvider$Module.updateDeviceLockedStatus():100 repeatCheckTimes = 0, locked = false
06-30 01:18:51.516 28084 28084 I GoogleInputMethodService: GoogleInputMethodService.onStartInput():1248 onStartInput(EditorInfo{EditorInfo{packageName=com.BHG.sharechat, inputType=0, inputTypeString=NULL, enableLearning=false, autoCorrection=false, autoComplete=false, imeOptions=0, privateImeOptions=null, actionName=UNSPECIFIED, actionLabel=null, initialSelStart=-1, initialSelEnd=-1, initialCapsMode=0, label=null, fieldId=-1, fieldName=null, extras=null, hintText=null, hintLocales=[]}}, false)
06-30 01:18:51.517 28084 28084 I Module  : DeviceLockedStatusModuleProvider$Module.updateDeviceLockedStatus():100 repeatCheckTimes = 1, locked = false
06-30 01:18:51.524  1958  2360 D ActivityTrigger: ActivityTrigger activityStopTrigger
06-30 01:18:51.526  1958  2104 I MiuiNetworkPolicy: updateUidState uid = 10094, uidState = 6
06-30 01:18:51.529 25324 25324 D Launcher.Lifecycle: onStop:UserHandle{0},e938a99,false
06-30 01:18:51.531   511   511 I hwservicemanager: getTransport: Cannot find entry vendor.qti.hardware.servicetracker@1.0::IServicetracker/default in either framework or device manifest.
06-30 01:18:51.557 25359 25376 D PMonitor:  onForegroundActivitiesChanged:pid = 25324,activity-uid=10094,foregroundActivities=false
06-30 01:18:51.659  1958  1996 D ActivityManager: thread tid=25324, priority is set to -10
06-30 01:18:51.659  1958  1996 D ActivityManager: thread tid=25523, priority is set to -10
06-30 01:18:51.935 24094 24110 I FontLog : (REDACTED) Received query %s, URI %s
06-30 01:18:51.935 24094 24110 I FontLog : (REDACTED) Query [%s] resolved to %s
06-30 01:18:51.936 24094 24110 I FontLog : (REDACTED) Fetch %s end status %s
06-30 01:18:51.938 24094 24110 I FontLog : (REDACTED) Pulling font file for id = %d, cache size = %d
06-30 01:18:51.942 24094 24110 I FontLog : (REDACTED) Pulling font file for id = %d, cache size = %d
06-30 01:18:52.502   511   511 I hwservicemanager: getTransport: Cannot find entry vendor.qti.hardware.servicetracker@1.0::IServicetracker/default in either framework or device manifest.
06-30 01:18:52.523   614   614 D Zygote  : Forked child process 27493
06-30 01:18:52.524   613  2099 D OemNetd : setPidForPackage: packageName=com.google.android.youtube, pid=27493, pid=10204
06-30 01:18:52.524  1958  2011 I ActivityManager: Start proc 27493:com.google.android.youtube/u0a204 for service {com.google.android.youtube/androidx.work.impl.background.systemjob.SystemJobService} caller=android
06-30 01:18:52.531 27493 27493 E android.youtub: Not starting debugger since process cannot load the jdwp agent.
06-30 01:18:52.536  1958  2360 D CompatibilityInfo: mCompatibilityFlags - 0
06-30 01:18:52.536  1958  2360 D CompatibilityInfo: applicationDensity - 432
06-30 01:18:52.536  1958  2360 D CompatibilityInfo: applicationScale - 1.0
06-30 01:18:52.539  1958  2360 D CompatibilityInfo: mCompatibilityFlags - 0
06-30 01:18:52.539  1958  2360 D CompatibilityInfo: applicationDensity - 432
06-30 01:18:52.539  1958  2360 D CompatibilityInfo: applicationScale - 1.0
06-30 01:18:52.539   511   511 I hwservicemanager: getTransport: Cannot find entry vendor.qti.hardware.servicetracker@1.0::IServicetracker/default in either framework or device manifest.
06-30 01:18:52.540  1958  2104 I MiuiNetworkPolicy: updateUidState uid = 10204, uidState = 9
06-30 01:18:52.573  3633  3633 I CNSS    : Failed to send nl message
06-30 01:18:52.594  3633  3633 I chatty  : uid=1000(system) /system/vendor/bin/cnss_diag identical 12 lines
06-30 01:18:52.597  3633  3633 I CNSS    : Failed to send nl message
06-30 01:18:52.644 27493 27493 W android.youtub: JIT profile information will not be recorded: profile file does not exits.
06-30 01:18:52.645 27493 27493 I chatty  : uid=10204(com.google.android.youtube) identical 1 line
06-30 01:18:52.645 27493 27493 W android.youtub: JIT profile information will not be recorded: profile file does not exits.
06-30 01:18:52.652 27493 27493 I Perf    : Connecting to perf service.
06-30 01:18:52.657  3633  3633 I CNSS    : Failed to send nl message
06-30 01:18:52.832  3633  3633 I chatty  : uid=1000(system) /system/vendor/bin/cnss_diag identical 20 lines
06-30 01:18:52.832  3633  3633 I CNSS    : Failed to send nl message
06-30 01:18:52.846 27493 27493 I FeatureParser: can't find violet.xml in assets/device_features/,it may be in /system/etc/device_features
06-30 01:18:52.847 27493 27493 E libc    : Access denied finding property "ro.vendor.df.effect.conflict"
06-30 01:18:52.836 27493 27493 W android.youtube: type=1400 audit(0.0:20031): avc: denied { read } for name="u:object_r:vendor_default_prop:s0" dev="tmpfs" ino=24807 scontext=u:r:untrusted_app:s0:c204,c256,c512,c768 tcontext=u:object_r:vendor_default_prop:s0 tclass=file permissive=0
06-30 01:18:52.882 27493 27515 D StrictMode: StrictMode policy violation: android.os.strictmode.NetworkViolation
06-30 01:18:52.882 27493 27515 D StrictMode:    at android.os.StrictMode$AndroidBlockGuardPolicy.onNetwork(StrictMode.java:1576)
06-30 01:18:52.882 27493 27515 D StrictMode:    at java.net.Inet6AddressImpl.lookupHostByName(Inet6AddressImpl.java:115)
06-30 01:18:52.882 27493 27515 D StrictMode:    at java.net.Inet6AddressImpl.lookupAllHostAddr(Inet6AddressImpl.java:103)
06-30 01:18:52.882 27493 27515 D StrictMode:    at java.net.InetAddress.getByName(InetAddress.java:1106)
06-30 01:18:52.882 27493 27515 D StrictMode:    at ahig.S(PG:39)
06-30 01:18:52.882 27493 27515 D StrictMode:    at fhm.run(PG:56)
06-30 01:18:52.882 27493 27515 D StrictMode:    at aaft.run(PG:30)
06-30 01:18:52.882 27493 27515 D StrictMode:    at aosd.run(PG:21)
06-30 01:18:52.882 27493 27515 D StrictMode:    at rpj.run(PG:7)
06-30 01:18:52.882 27493 27515 D StrictMode:    at apvq.run(PG:44)
06-30 01:18:52.882 27493 27515 D StrictMode:    at saz.run(PG:640)
06-30 01:18:52.882 27493 27515 D StrictMode:    at osy.run(PG:143)
06-30 01:18:52.882 27493 27515 D StrictMode:    at java.lang.Thread.run(Thread.java:919)
06-30 01:18:52.882 27493 27515 D StrictMode:    at rqf.run(PG:61)
06-30 01:18:52.883 27493 27515 D StrictMode: StrictMode policy violation: android.os.strictmode.NetworkViolation
06-30 01:18:52.883 27493 27515 D StrictMode:    at android.os.StrictMode$AndroidBlockGuardPolicy.onNetwork(StrictMode.java:1576)
06-30 01:18:52.883 27493 27515 D StrictMode:    at libcore.io.BlockGuardOs.android_getaddrinfo(BlockGuardOs.java:198)
06-30 01:18:52.883 27493 27515 D StrictMode:    at libcore.io.ForwardingOs.android_getaddrinfo(ForwardingOs.java:74)
06-30 01:18:52.883 27493 27515 D StrictMode:    at java.net.Inet6AddressImpl.lookupHostByName(Inet6AddressImpl.java:135)
06-30 01:18:52.883 27493 27515 D StrictMode:    at java.net.Inet6AddressImpl.lookupAllHostAddr(Inet6AddressImpl.java:103)
06-30 01:18:52.883 27493 27515 D StrictMode:    at java.net.InetAddress.getByName(InetAddress.java:1106)
06-30 01:18:52.883 27493 27515 D StrictMode:    at ahig.S(PG:39)
06-30 01:18:52.883 27493 27515 D StrictMode:    at fhm.run(PG:56)
06-30 01:18:52.883 27493 27515 D StrictMode:    at aaft.run(PG:30)
06-30 01:18:52.883 27493 27515 D StrictMode:    at aosd.run(PG:21)
06-30 01:18:52.883 27493 27515 D StrictMode:    at rpj.run(PG:7)
06-30 01:18:52.883 27493 27515 D StrictMode:    at apvq.run(PG:44)
06-30 01:18:52.883 27493 27515 D StrictMode:    at saz.run(PG:640)
06-30 01:18:52.883 27493 27515 D StrictMode:    at osy.run(PG:143)
06-30 01:18:52.883 27493 27515 D StrictMode:    at java.lang.Thread.run(Thread.java:919)
06-30 01:18:52.883 27493 27515 D StrictMode:    at rqf.run(PG:61)
