06-30 01:18:52.890  3633  3633 I CNSS    : Failed to send nl message
06-30 01:18:52.898  3633  3633 I chatty  : uid=1000(system) /system/vendor/bin/cnss_diag identical 3 lines
06-30 01:18:52.898  3633  3633 I CNSS    : Failed to send nl message
06-30 01:18:52.901   613 27531 E ResolverController: No valid NAT64 prefix (107, <unspecified>/0)
06-30 01:18:52.914   511   511 I hwservicemanager: getTransport: Cannot find entry vendor.qti.hardware.servicetracker@1.0::IServicetracker/default in either framework or device manifest.
06-30 01:18:52.927   511   511 I hwservicemanager: getTransport: Cannot find entry vendor.qti.hardware.servicetracker@1.0::IServicetracker/default in either framework or device manifest.
06-30 01:18:52.927  1958  2013 D Process : audio-opt: audio thread tid = 27521 could not get bg policy.
06-30 01:18:52.928   511   511 I hwservicemanager: getTransport: Cannot find entry vendor.qti.hardware.servicetracker@1.0::IServicetracker/default in either framework or device manifest.
06-30 01:18:52.931  1958  2104 I MiuiNetworkPolicy: updateUidState uid = 10204, uidState = 11
06-30 01:18:52.940   511   511 I hwservicemanager: getTransport: Cannot find entry vendor.qti.hardware.servicetracker@1.0::IServicetracker/default in either framework or device manifest.
06-30 01:18:52.949  1958  2104 I MiuiNetworkPolicy: updateUidState uid = 10204, uidState = 20
06-30 01:18:52.955   511   511 I hwservicemanager: getTransport: Cannot find entry vendor.qti.hardware.servicetracker@1.0::IServicetracker/default in either framework or device manifest.
06-30 01:18:52.957  1958  2106 D WifiNetworkFactory: got request NetworkRequest [ TRACK_DEFAULT id=2741, [ Capabilities: INTERNET&NOT_RESTRICTED&TRUSTED Uid: 10204] ] with score 60 and serial -1
06-30 01:18:52.957  1958  2106 D UntrustedWifiNetworkFactory: got request NetworkRequest [ TRACK_DEFAULT id=2741, [ Capabilities: INTERNET&NOT_RESTRICTED&TRUSTED Uid: 10204] ] with score 60 and serial -1
06-30 01:18:52.957  1958  2160 D Ethernet: got request NetworkRequest [ TRACK_DEFAULT id=2741, [ Capabilities: INTERNET&NOT_RESTRICTED&TRUSTED Uid: 10204] ] with score 60 and serial -1
06-30 01:18:52.957  2513  2513 D PhoneSwitcherNetworkRequstListener: got request NetworkRequest [ TRACK_DEFAULT id=2741, [ Capabilities: INTERNET&NOT_RESTRICTED&TRUSTED Uid: 10204] ] with score 60 and serial -1
06-30 01:18:52.958 24094 24094 D BoundBrokerSvc: onRebind: Intent { act=com.google.android.gms.auth.aang.events.services.START dat=chimera-action: cmp=com.google.android.gms/.chimera.PersistentApiService }
06-30 01:18:52.962  1958  2160 D Ethernet: got request NetworkRequest [ TRACK_DEFAULT id=2742, [ Capabilities: INTERNET&NOT_RESTRICTED&TRUSTED Uid: 10204] ] with score 60 and serial -1
06-30 01:18:52.962  1958  2106 D WifiNetworkFactory: got request NetworkRequest [ TRACK_DEFAULT id=2742, [ Capabilities: INTERNET&NOT_RESTRICTED&TRUSTED Uid: 10204] ] with score 60 and serial -1
06-30 01:18:52.962  1958  2106 D UntrustedWifiNetworkFactory: got request NetworkRequest [ TRACK_DEFAULT id=2742, [ Capabilities: INTERNET&NOT_RESTRICTED&TRUSTED Uid: 10204] ] with score 60 and serial -1
06-30 01:18:52.962  2513  2513 D PhoneSwitcherNetworkRequstListener: got request NetworkRequest [ TRACK_DEFAULT id=2742, [ Capabilities: INTERNET&NOT_RESTRICTED&TRUSTED Uid: 10204] ] with score 60 and serial -1
06-30 01:18:52.964  3633  3633 I CNSS    : Failed to send nl message
06-30 01:18:52.970   511   511 I hwservicemanager: getTransport: Cannot find entry vendor.qti.hardware.servicetracker@1.0::IServicetracker/default in either framework or device manifest.
06-30 01:18:52.973  1958  3853 D CompatibilityInfo: mCompatibilityFlags - 0
06-30 01:18:52.973  1958  3853 D CompatibilityInfo: applicationDensity - 432
06-30 01:18:52.973  1958  3853 D CompatibilityInfo: applicationScale - 1.0
06-30 01:18:52.974   511   511 I hwservicemanager: getTransport: Cannot find entry vendor.qti.hardware.servicetracker@1.0::IServicetracker/default in either framework or device manifest.
06-30 01:18:52.980   511   511 I hwservicemanager: getTransport: Cannot find entry vendor.qti.hardware.servicetracker@1.0::IServicetracker/default in either framework or device manifest.
06-30 01:18:53.019  1958  2106 D WifiNetworkFactory: got request NetworkRequest [ TRACK_DEFAULT id=2744, [ Capabilities: INTERNET&NOT_RESTRICTED&TRUSTED Uid: 10204] ] with score 60 and serial -1
06-30 01:18:53.020  1958  2106 D UntrustedWifiNetworkFactory: got request NetworkRequest [ TRACK_DEFAULT id=2744, [ Capabilities: INTERNET&NOT_RESTRICTED&TRUSTED Uid: 10204] ] with score 60 and serial -1
06-30 01:18:53.020  1958  2160 D Ethernet: got request NetworkRequest [ TRACK_DEFAULT id=2744, [ Capabilities: INTERNET&NOT_RESTRICTED&TRUSTED Uid: 10204] ] with score 60 and serial -1
06-30 01:18:53.020  2513  2513 D PhoneSwitcherNetworkRequstListener: got request NetworkRequest [ TRACK_DEFAULT id=2744, [ Capabilities: INTERNET&NOT_RESTRICTED&TRUSTED Uid: 10204] ] with score 60 and serial -1
06-30 01:18:53.029   613  2099 D OemNetd : setLimit: enable, rate=0
06-30 01:18:53.029   511   511 I hwservicemanager: getTransport: Cannot find entry vendor.qti.hardware.servicetracker@1.0::IServicetracker/default in either framework or device manifest.
06-30 01:18:53.030  1958  5236 D CompatibilityInfo: mCompatibilityFlags - 0
06-30 01:18:53.030  1958  5236 D CompatibilityInfo: applicationDensity - 432
06-30 01:18:53.030  1958  5236 D CompatibilityInfo: applicationScale - 1.0
06-30 01:18:53.031   511   511 I hwservicemanager: getTransport: Cannot find entry vendor.qti.hardware.servicetracker@1.0::IServicetracker/default in either framework or device manifest.
06-30 01:18:53.066  3633  3633 I CNSS    : Failed to send nl message
06-30 01:18:53.109  3633  3633 I chatty  : uid=1000(system) /system/vendor/bin/cnss_diag identical 3 lines
06-30 01:18:53.110  3633  3633 I CNSS    : Failed to send nl message
06-30 01:18:53.143   511   511 I hwservicemanager: getTransport: Cannot find entry vendor.qti.hardware.servicetracker@1.0::IServicetracker/default in either framework or device manifest.
06-30 01:18:53.144  1958  2351 D CompatibilityInfo: mCompatibilityFlags - 0
06-30 01:18:53.144  1958  2351 D CompatibilityInfo: applicationDensity - 432
06-30 01:18:53.144  1958  2351 D CompatibilityInfo: applicationScale - 1.0
06-30 01:18:53.145   511   511 I hwservicemanager: getTransport: Cannot find entry vendor.qti.hardware.servicetracker@1.0::IServicetracker/default in either framework or device manifest.
06-30 01:18:53.147  1958  2104 I MiuiNetworkPolicy: updateUidState uid = 10204, uidState = 9
06-30 01:18:53.149  1958  2013 D Process : audio-opt: audio thread tid = 27521 could not get bg policy.
06-30 01:18:53.168 25324 27138 I FA      : Application backgrounded at: timestamp_millis: 1751226531166
06-30 01:18:53.215  1958  2106 D WifiNetworkFactory: got request NetworkRequest [ TRACK_DEFAULT id=2745, [ Capabilities: INTERNET&NOT_RESTRICTED&TRUSTED Uid: 10204] ] with score 60 and serial -1
06-30 01:18:53.215  1958  2106 D UntrustedWifiNetworkFactory: got request NetworkRequest [ TRACK_DEFAULT id=2745, [ Capabilities: INTERNET&NOT_RESTRICTED&TRUSTED Uid: 10204] ] with score 60 and serial -1
06-30 01:18:53.217  2513  2513 D PhoneSwitcherNetworkRequstListener: got request NetworkRequest [ TRACK_DEFAULT id=2745, [ Capabilities: INTERNET&NOT_RESTRICTED&TRUSTED Uid: 10204] ] with score 60 and serial -1
06-30 01:18:53.219  1958  2160 D Ethernet: got request NetworkRequest [ TRACK_DEFAULT id=2745, [ Capabilities: INTERNET&NOT_RESTRICTED&TRUSTED Uid: 10204] ] with score 60 and serial -1
06-30 01:18:53.264 27493 27524 W android.youtub: Long monitor contention with owner yt-critical Thread #4 (27527) at java.lang.String java.lang.Runtime.nativeLoad(java.lang.String, java.lang.ClassLoader, java.lang.Class)(Runtime.java:-2) waiters=0 in void java.lang.Runtime.loadLibrary0(java.lang.ClassLoader, java.lang.Class, java.lang.String) for 358ms
06-30 01:18:53.273 27493 27524 W linker  : Warning: "/data/app/com.google.android.youtube-Mvkd4AwwaIQsbtyR_Wbo0Q==/split_config.arm64_v8a.apk!/lib/arm64-v8a/libcronet.139.0.7205.3.so" unused DT entry: unknown processor-specific (type 0x70000001 arg 0x0) (ignoring)
06-30 01:18:53.316   511   511 I hwservicemanager: getTransport: Cannot find entry vendor.qti.hardware.servicetracker@1.0::IServicetracker/default in either framework or device manifest.
06-30 01:18:53.322   511   511 I hwservicemanager: getTransport: Cannot find entry vendor.qti.hardware.servicetracker@1.0::IServicetracker/default in either framework or device manifest.
06-30 01:18:53.324  1958  2104 I MiuiNetworkPolicy: updateUidState uid = 10204, uidState = 11
06-30 01:18:53.327  1958  2104 I MiuiNetworkPolicy: updateUidState uid = 10204, uidState = 20
06-30 01:18:53.344 27493 27522 W android.youtub: Long monitor contention with owner yt-critical Thread #4 (27527) at java.lang.String java.lang.Runtime.nativeLoad(java.lang.String, java.lang.ClassLoader, java.lang.Class)(Runtime.java:-2) waiters=1 in void java.lang.Runtime.load0(java.lang.Class, java.lang.String) for 252ms
06-30 01:18:53.336 27493 27493 W com.google.android.youtube: type=1400 audit(0.0:20032): avc: granted { execute } for comm=79742D637269746963616C20546872 path="/data/data/com.google.android.youtube/app_pccache/5/4613A7A22CC66BF13595A4837F498E2004D73138/pcam.jar" dev="mmcblk0p87" ino=325462 scontext=u:r:untrusted_app:s0:c204,c256,c512,c768 tcontext=u:object_r:app_data_file:s0:c204,c256,c512,c768 tclass=file
06-30 01:18:53.400   613 27575 E ResolverController: No valid NAT64 prefix (107, <unspecified>/0)
06-30 01:18:53.405  3633  3633 I CNSS    : Failed to send nl message
06-30 01:18:53.415  3633  3633 I chatty  : uid=1000(system) /system/vendor/bin/cnss_diag identical 4 lines
06-30 01:18:53.416  3633  3633 I CNSS    : Failed to send nl message
06-30 01:18:53.423 27493 27569 D NetworkSecurityConfig: Using Network Security Config from resource network_security_config debugBuild: false
06-30 01:18:53.480  3633  3633 I CNSS    : Failed to send nl message
06-30 01:18:53.488 27493 27536 E Perf    : Fail to get file list com.google.android.youtube
06-30 01:18:53.488 27493 27536 E Perf    : getFolderSize() : Exception_1 = java.lang.NullPointerException: Attempt to get length of null array
06-30 01:18:53.488 27493 27536 E Perf    : Fail to get file list oat
06-30 01:18:53.488 27493 27536 E Perf    : getFolderSize() : Exception_1 = java.lang.NullPointerException: Attempt to get length of null array
06-30 01:18:53.683  3633  3633 I CNSS    : Failed to send nl message
06-30 01:18:53.708  3633  3633 I chatty  : uid=1000(system) /system/vendor/bin/cnss_diag identical 3 lines
06-30 01:18:53.709  3633  3633 I CNSS    : Failed to send nl message
06-30 01:18:53.828 27493 27529 E YouTube : #### Startup.criticalStartupComplete error, likely timeout
06-30 01:18:53.828 27493 27529 E YouTube : java.util.concurrent.TimeoutException: The source did not signal an event for 400 milliseconds and has been terminated.
06-30 01:18:53.828 27493 27529 E YouTube :      at bgjc.run(PG:34)
06-30 01:18:53.828 27493 27529 E YouTube :      at aosd.run(PG:21)
06-30 01:18:53.828 27493 27529 E YouTube :      at bhgi.call(PG:10)
06-30 01:18:53.828 27493 27529 E YouTube :      at java.util.concurrent.FutureTask.run(FutureTask.java:266)
06-30 01:18:53.828 27493 27529 E YouTube :      at apvq.run(PG:44)
06-30 01:18:53.828 27493 27529 E YouTube :      at saz.run(PG:640)
06-30 01:18:53.828 27493 27529 E YouTube :      at osy.run(PG:143)
06-30 01:18:53.828 27493 27529 E YouTube :      at java.lang.Thread.run(Thread.java:919)
06-30 01:18:53.828 27493 27529 E YouTube :      at rqf.run(PG:61)
06-30 01:18:53.833  1958  2010 W BroadcastQueue: Permission Denial: broadcasting Intent { act=android.net.conn.CONNECTIVITY_CHANGE flg=0x4200010 (has extras) } from null (pid=-1, uid=-1) requires com.google.android.youtube.DYNAMIC_RECEIVER_NOT_EXPORTED_PERMISSION due to registered receiver BroadcastFilter{9e436dc 10204/u0 ReceiverList{ed93f4f 27493 com.google.android.youtube/10204/u0 remote:76225ae}}
06-30 01:18:53.850  1958  2160 D Ethernet: got request NetworkRequest [ TRACK_DEFAULT id=2746, [ Capabilities: INTERNET&NOT_RESTRICTED&TRUSTED Uid: 10204] ] with score 60 and serial -1
06-30 01:18:53.851  1958  2106 D WifiNetworkFactory: got request NetworkRequest [ TRACK_DEFAULT id=2746, [ Capabilities: INTERNET&NOT_RESTRICTED&TRUSTED Uid: 10204] ] with score 60 and serial -1
06-30 01:18:53.851  1958  2106 D UntrustedWifiNetworkFactory: got request NetworkRequest [ TRACK_DEFAULT id=2746, [ Capabilities: INTERNET&NOT_RESTRICTED&TRUSTED Uid: 10204] ] with score 60 and serial -1
06-30 01:18:53.852  2513  2513 D PhoneSwitcherNetworkRequstListener: got request NetworkRequest [ TRACK_DEFAULT id=2746, [ Capabilities: INTERNET&NOT_RESTRICTED&TRUSTED Uid: 10204] ] with score 60 and serial -1
06-30 01:18:53.861  3633  3633 I CNSS    : Failed to send nl message
06-30 01:18:53.869  3633  3633 I chatty  : uid=1000(system) /system/vendor/bin/cnss_diag identical 4 lines
06-30 01:18:53.887  3633  3633 I CNSS    : Failed to send nl message
06-30 01:18:53.906   511   511 I hwservicemanager: getTransport: Cannot find entry vendor.qti.hardware.servicetracker@1.0::IServicetracker/default in either framework or device manifest.
06-30 01:18:53.907 23967 23967 D BoundBrokerSvc: onBind: Intent { act=com.google.android.gms.potokens.service.START dat=chimera-action: cmp=com.google.android.gms/.chimera.GmsApiService }
06-30 01:18:53.907 23967 23967 D BoundBrokerSvc: Loading bound service for intent: Intent { act=com.google.android.gms.potokens.service.START dat=chimera-action: cmp=com.google.android.gms/.chimera.GmsApiService }
06-30 01:18:53.972   511   511 I hwservicemanager: getTransport: Cannot find entry vendor.qti.hardware.servicetracker@1.0::IServicetracker/default in either framework or device manifest.
06-30 01:18:54.001   511   511 I hwservicemanager: getTransport: Cannot find entry vendor.qti.hardware.servicetracker@1.0::IServicetracker/default in either framework or device manifest.
06-30 01:18:54.011  3633  3633 I CNSS    : Failed to send nl message
06-30 01:18:54.418 27400 27400 I Timeline: Timeline: Activity_launch_request time:39909605
06-30 01:18:54.419  1958  5236 I ActivityTaskManager: START u0 {cmp=com.BHG.sharechat/.AuthActivity} from uid 10768
06-30 01:18:54.095  3633  3633 I chatty  : uid=1000(system) /system/vendor/bin/cnss_diag identical 5 lines
06-30 01:18:54.096  3633  3633 I CNSS    : Failed to send nl message
06-30 01:18:54.420  1958  5236 D MiuiMultiWindowAdapter: MiuiMultiWindowAdapter::getFreeformBlackList::sSmallWindowBlackList = [com.miui.securitycenter, com.miui.weather2, com.miui.miservice, com.android.calendar, com.xiaomi.calendar, com.android.contacts, com.miui.mishare.connectivity, com.android.settings, com.android.printspooler, com.miui.backup, com.miui.huanji, com.miui.calculator, com.android.deskclock, com.android.thememanager, com.mfashiongallery.emag, com.miui.virtualsim, com.miui.smarttravel, com.mi.health, com.android.camera, com.lbe.security.miui, com.miui.cleanmaster, com.miui.newhome, com.miui.voiceassist, com.android.phone, com.miui.yellowpage, com.android.updater, com.miui.tsmclient, com.miui.securitycore, com.xiaomi.account, com.xiaomi.shop, com.mipay.wallet, com.xiaomi.youpin, com.xiaomi.hm.health, com.miui.bugreport, com.xiaomi.mibrain.speech, com.xiaomi.mimoji, com.xiaomi.scanner, com.duokan.phone.remotecontroller, com.miui.hybrid, com.android.incallui, com.miui.video, com.miui.videoplayer, com.miui.player, com.miui.fm, com.miui.packageinstaller, com.mi.android.globallauncher, com.google.android.dialer, com.google.android.apps.magazines, com.miui.compass, com.miui.greenguard, com.kiteguard, com.google.android.apps.prodcasts, com.google.ar.lens, com.xiangkan.android, com.android.bankabc, com.sohu.inputmethod.sogou, com.tencent.mtt, com.shyz.toutiao, com.netease.mc.mi, com.outfit7.talkingtomgoldrun.mi, com.doudz.mi, com.wepie.snake.new.mi, cn.jj, com.standddz002.mi, com.miHoYo.bh3.mi, com.qqgame.hlddz, com.happyelements.AndroidAnimal, com.minitech.miniworld.TMobile.mi, com.mfp.jelly.xiaomi, com.lilithgames.afk.mi, com.tencent.peng, com.teenpatti.hd.gold, blockpuzzle.jewelgames.jewelslegend, com.playgendary.tanks, com.chillingo.robberybobfree.android.row, com.episodeinteractive.android.catalog, com.playrix.township, com.ansangha.drdriving, com.google.android.youtube, com.gbits.atm.mi]
06-30 01:18:54.424  3633  3633 I CNSS    : Failed to send nl message
06-30 01:18:54.426  1958  5236 D CompatibilityInfo: mCompatibilityFlags - 0
06-30 01:18:54.426  1958  5236 D CompatibilityInfo: applicationDensity - 432
06-30 01:18:54.426  1958  5236 D CompatibilityInfo: applicationScale - 1.0
06-30 01:18:54.426  3633  3633 I CNSS    : Failed to send nl message
06-30 01:18:54.428  1958  5236 D ActivityTrigger: ActivityTrigger activityPauseTrigger
06-30 01:18:54.429  3633  3633 I CNSS    : Failed to send nl message
06-30 01:18:54.433 27400 27400 W ActivityThread: SCHED: com.BHG.sharechat/.SplashActivity [75, r=33ms, a=11ms, w=3006ms]
06-30 01:18:54.436  1958  2360 I ActivityTaskManager: The Process com.BHG.sharechat Already Exists in BG. So sending its PID: 27400
06-30 01:18:54.432  3633  3633 I chatty  : uid=1000(system) /system/vendor/bin/cnss_diag identical 1 line
06-30 01:18:54.434  3633  3633 I CNSS    : Failed to send nl message
06-30 01:18:54.437  1958  2360 D CompatibilityInfo: mCompatibilityFlags - 0
06-30 01:18:54.438  1958  2360 D CompatibilityInfo: applicationDensity - 432
06-30 01:18:54.438  1958  2360 D CompatibilityInfo: applicationScale - 1.0
06-30 01:18:54.440  1958  2360 I Timeline: Timeline: App_transition_ready time:39909627
06-30 01:18:54.442 27400 27400 W ActivityThread: handleWindowVisibility: no activity for token android.os.BinderProxy@3e52db3
06-30 01:18:54.455 27400 27400 D ForceDarkHelper: updateByCheckExcludeList: pkg: com.BHG.sharechat activity: com.BHG.sharechat.AuthActivity@3c51407
06-30 01:18:54.462 27400 27400 I chatty  : uid=10768(com.BHG.sharechat) identical 3 lines
06-30 01:18:54.465 27400 27400 D ForceDarkHelper: updateByCheckExcludeList: pkg: com.BHG.sharechat activity: com.BHG.sharechat.AuthActivity@3c51407
06-30 01:18:54.500  3633  3633 I CNSS    : Failed to send nl message
06-30 01:18:54.541 25666 16154 I SCTaskStackListener: onTaskStackChanged! inSplit = false
06-30 01:18:54.542 25666 13148 I SCTaskStackListener: onTaskStackChanged! inSplit = false
06-30 01:18:54.571 27400 27400 I Timeline: Timeline: Activity_launch_request time:39909758
06-30 01:18:54.571  1958  5236 I ActivityTaskManager: START u0 {cmp=com.BHG.sharechat/.MainActivity} from uid 10768
06-30 01:18:54.572  1958  5236 D MiuiMultiWindowAdapter: MiuiMultiWindowAdapter::getFreeformBlackList::sSmallWindowBlackList = [com.miui.securitycenter, com.miui.weather2, com.miui.miservice, com.android.calendar, com.xiaomi.calendar, com.android.contacts, com.miui.mishare.connectivity, com.android.settings, com.android.printspooler, com.miui.backup, com.miui.huanji, com.miui.calculator, com.android.deskclock, com.android.thememanager, com.mfashiongallery.emag, com.miui.virtualsim, com.miui.smarttravel, com.mi.health, com.android.camera, com.lbe.security.miui, com.miui.cleanmaster, com.miui.newhome, com.miui.voiceassist, com.android.phone, com.miui.yellowpage, com.android.updater, com.miui.tsmclient, com.miui.securitycore, com.xiaomi.account, com.xiaomi.shop, com.mipay.wallet, com.xiaomi.youpin, com.xiaomi.hm.health, com.miui.bugreport, com.xiaomi.mibrain.speech, com.xiaomi.mimoji, com.xiaomi.scanner, com.duokan.phone.remotecontroller, com.miui.hybrid, com.android.incallui, com.miui.video, com.miui.videoplayer, com.miui.player, com.miui.fm, com.miui.packageinstaller, com.mi.android.globallauncher, com.google.android.dialer, com.google.android.apps.magazines, com.miui.compass, com.miui.greenguard, com.kiteguard, com.google.android.apps.prodcasts, com.google.ar.lens, com.xiangkan.android, com.android.bankabc, com.sohu.inputmethod.sogou, com.tencent.mtt, com.shyz.toutiao, com.netease.mc.mi, com.outfit7.talkingtomgoldrun.mi, com.doudz.mi, com.wepie.snake.new.mi, cn.jj, com.standddz002.mi, com.miHoYo.bh3.mi, com.qqgame.hlddz, com.happyelements.AndroidAnimal, com.minitech.miniworld.TMobile.mi, com.mfp.jelly.xiaomi, com.lilithgames.afk.mi, com.tencent.peng, com.teenpatti.hd.gold, blockpuzzle.jewelgames.jewelslegend, com.playgendary.tanks, com.chillingo.robberybobfree.android.row, com.episodeinteractive.android.catalog, com.playrix.township, com.ansangha.drdriving, com.google.android.youtube, com.gbits.atm.mi]
06-30 01:18:54.575  1958  5236 D CompatibilityInfo: mCompatibilityFlags - 0
06-30 01:18:54.575  1958  5236 D CompatibilityInfo: applicationDensity - 432
06-30 01:18:54.575  1958  5236 D CompatibilityInfo: applicationScale - 1.0
06-30 01:18:54.576  1958  5236 D ActivityTrigger: ActivityTrigger activityPauseTrigger
06-30 01:18:54.582 25324 25324 D RecentsImpl: mActivityStateObserver com.BHG.sharechat.AuthActivity
06-30 01:18:54.582 25324 25324 W RecentsImpl: onResumed className=com.BHG.sharechat.AuthActivity   mIsInAnotherPro=false
06-30 01:18:54.585  1958  5236 I ActivityTaskManager: The Process com.BHG.sharechat Already Exists in BG. So sending its PID: 27400
06-30 01:18:54.586  1958  5236 D CompatibilityInfo: mCompatibilityFlags - 0
06-30 01:18:54.586  1958  5236 D CompatibilityInfo: applicationDensity - 432
06-30 01:18:54.586  1958  5236 D CompatibilityInfo: applicationScale - 1.0
06-30 01:18:54.588  1958  5236 I Timeline: Timeline: App_transition_ready time:39909775
06-30 01:18:54.589 27400 27400 W ActivityThread: handleWindowVisibility: no activity for token android.os.BinderProxy@31e8503
06-30 01:18:54.597 27400 27400 D ForceDarkHelper: updateByCheckExcludeList: pkg: com.BHG.sharechat activity: com.BHG.sharechat.MainActivity@a5abff1
06-30 01:18:54.628 27400 27400 I chatty  : uid=10768(com.BHG.sharechat) identical 3 lines
06-30 01:18:54.649 27400 27400 D ForceDarkHelper: updateByCheckExcludeList: pkg: com.BHG.sharechat activity: com.BHG.sharechat.MainActivity@a5abff1
06-30 01:18:54.650  1958  2106 D WifiNetworkFactory: got request NetworkRequest [ TRACK_DEFAULT id=2747, [ Capabilities: INTERNET&NOT_RESTRICTED&TRUSTED Uid: 10768] ] with score 60 and serial -1
06-30 01:18:54.650  1958  2106 D UntrustedWifiNetworkFactory: got request NetworkRequest [ TRACK_DEFAULT id=2747, [ Capabilities: INTERNET&NOT_RESTRICTED&TRUSTED Uid: 10768] ] with score 60 and serial -1
06-30 01:18:54.650  1958  2160 D Ethernet: got request NetworkRequest [ TRACK_DEFAULT id=2747, [ Capabilities: INTERNET&NOT_RESTRICTED&TRUSTED Uid: 10768] ] with score 60 and serial -1
06-30 01:18:54.650 27400 27400 D ForceDarkHelper: updateByCheckExcludeList: pkg: com.BHG.sharechat activity: com.BHG.sharechat.MainActivity@a5abff1
06-30 01:18:54.651  2513  2513 D PhoneSwitcherNetworkRequstListener: got request NetworkRequest [ TRACK_DEFAULT id=2747, [ Capabilities: INTERNET&NOT_RESTRICTED&TRUSTED Uid: 10768] ] with score 60 and serial -1
06-30 01:18:54.657 27400 27400 D ForceDarkHelper: updateByCheckExcludeList: pkg: com.BHG.sharechat activity: com.BHG.sharechat.MainActivity@a5abff1
06-30 01:18:54.665 27400 27400 I chatty  : uid=10768(com.BHG.sharechat) identical 7 lines
06-30 01:18:54.665 27400 27400 D ForceDarkHelper: updateByCheckExcludeList: pkg: com.BHG.sharechat activity: com.BHG.sharechat.MainActivity@a5abff1
06-30 01:18:54.665 27400 27639 W DynamiteModule: Local module descriptor class for com.google.android.gms.providerinstaller.dynamite not found.
06-30 01:18:54.665 27400 27400 D ForceDarkHelper: updateByCheckExcludeList: pkg: com.BHG.sharechat activity: com.BHG.sharechat.MainActivity@a5abff1
06-30 01:18:54.666 27400 27400 I chatty  : uid=10768(com.BHG.sharechat) identical 3 lines
06-30 01:18:54.667 27400 27400 D ForceDarkHelper: updateByCheckExcludeList: pkg: com.BHG.sharechat activity: com.BHG.sharechat.MainActivity@a5abff1
06-30 01:18:54.669 24094 24261 W ProviderHelper: Unknown dynamite feature providerinstaller.dynamite
06-30 01:18:54.669 27400 27400 D ForceDarkHelper: updateByCheckExcludeList: pkg: com.BHG.sharechat activity: com.BHG.sharechat.MainActivity@a5abff1
06-30 01:18:54.671 27400 27400 I chatty  : uid=10768(com.BHG.sharechat) identical 5 lines
06-30 01:18:54.673 27400 27400 D ForceDarkHelper: updateByCheckExcludeList: pkg: com.BHG.sharechat activity: com.BHG.sharechat.MainActivity@a5abff1
06-30 01:18:54.673 27400 27639 I DynamiteModule: Considering local module com.google.android.gms.providerinstaller.dynamite:0 and remote module com.google.android.gms.providerinstaller.dynamite:0
06-30 01:18:54.673 27400 27639 W ProviderInstaller: Failed to load providerinstaller module: No acceptable module com.google.android.gms.providerinstaller.dynamite found. Local version is 0 and remote version is 0.
06-30 01:18:54.685 27400 27400 D ForceDarkHelper: updateByCheckExcludeList: pkg: com.BHG.sharechat activity: com.BHG.sharechat.MainActivity@a5abff1
06-30 01:18:54.686 27400 27400 D ForceDarkHelper: updateByCheckExcludeList: pkg: com.BHG.sharechat activity: com.BHG.sharechat.MainActivity@a5abff1
06-30 01:18:54.689 25666 16154 I SCTaskStackListener: onTaskStackChanged! inSplit = false
06-30 01:18:54.690 25666 13148 I SCTaskStackListener: onTaskStackChanged! inSplit = false
06-30 01:18:54.703  3633  3633 I CNSS    : Failed to send nl message
06-30 01:18:54.704 27400 27639 I m.BHG.sharecha: The ClassLoaderContext is a special shared library.
06-30 01:18:54.705  3633  3633 I CNSS    : Failed to send nl message
06-30 01:18:54.713  1958  2360 E WindowManager: App trying to use insecure INPUT_FEATURE_NO_INPUT_CHANNEL flag. Ignoring
06-30 01:18:54.714  3633  3633 I chatty  : uid=1000(system) /system/vendor/bin/cnss_diag identical 2 lines
06-30 01:18:54.716  3633  3633 I CNSS    : Failed to send nl message
06-30 01:18:54.719 25324 25324 D RecentsImpl: mActivityStateObserver com.BHG.sharechat.MainActivity
06-30 01:18:54.719 25324 25324 W RecentsImpl: onResumed className=com.BHG.sharechat.MainActivity   mIsInAnotherPro=false
06-30 01:18:54.729  1958  2360 I Timeline: Timeline: App_transition_ready time:39909916
06-30 01:18:54.730  1958  2360 I Timeline: Timeline: App_transition_ready time:39909917
06-30 01:18:54.752  2181  2181 D EventBus: [2181, u0] send(AppTransitionFinishedEvent)
06-30 01:18:54.752  2181  2181 D EventBus: [2181, u0]  -> ForcedResizableInfoActivityController [0xd8e5e6, P1] onBusEvent(AppTransitionFinishedEvent)
06-30 01:18:54.752  2181  2181 D EventBus: [2181, u0] onBusEvent(AppTransitionFinishedEvent) duration: 11 microseconds,avg: 165
06-30 01:18:54.755  1958  1997 I Timeline: Timeline: App_transition_ready time:39909942
06-30 01:18:54.759  1958  2009 I ActivityTaskManager: Displayed com.BHG.sharechat/.MainActivity: +335ms
06-30 01:18:54.765 28084 28084 I GoogleInputMethodService: GoogleInputMethodService.onFinishInput():1984
06-30 01:18:54.765 28084 28084 I Module  : DeviceLockedStatusModuleProvider$Module.updateDeviceLockedStatus():100 repeatCheckTimes = 0, locked = false
06-30 01:18:54.765 28084 28084 I GoogleInputMethodService: GoogleInputMethodService.onStartInput():1248 onStartInput(EditorInfo{EditorInfo{packageName=com.BHG.sharechat, inputType=0, inputTypeString=NULL, enableLearning=false, autoCorrection=false, autoComplete=false, imeOptions=0, privateImeOptions=null, actionName=UNSPECIFIED, actionLabel=null, initialSelStart=-1, initialSelEnd=-1, initialCapsMode=0, label=null, fieldId=-1, fieldName=null, extras=null, hintText=null, hintLocales=[]}}, false)
06-30 01:18:54.767 28084 28084 I Module  : DeviceLockedStatusModuleProvider$Module.updateDeviceLockedStatus():100 repeatCheckTimes = 1, locked = false
06-30 01:18:54.785   511   511 I hwservicemanager: getTransport: Cannot find entry vendor.qti.hardware.servicetracker@1.0::IServicetracker/default in either framework or device manifest.
06-30 01:18:54.787  2181  2181 D EventBus: [2181, u0] send(AppTransitionFinishedEvent)
06-30 01:18:54.787  2181  2181 D EventBus: [2181, u0]  -> ForcedResizableInfoActivityController [0xd8e5e6, P1] onBusEvent(AppTransitionFinishedEvent)
06-30 01:18:54.787  2181  2181 D EventBus: [2181, u0] onBusEvent(AppTransitionFinishedEvent) duration: 13 microseconds,avg: 165
06-30 01:18:54.792 27400 27645 E GoogleApiManager: Failed to get service from broker.
06-30 01:18:54.792 27400 27645 E GoogleApiManager: java.lang.SecurityException: Unknown calling package name 'com.google.android.gms'.
06-30 01:18:54.792 27400 27645 E GoogleApiManager:      at android.os.Parcel.createException(Parcel.java:2074)
06-30 01:18:54.792 27400 27645 E GoogleApiManager:      at android.os.Parcel.readException(Parcel.java:2042)
06-30 01:18:54.792 27400 27645 E GoogleApiManager:      at android.os.Parcel.readException(Parcel.java:1990)
06-30 01:18:54.792 27400 27645 E GoogleApiManager:      at axpb.a(:com.google.android.gms@252431013@25.24.31 (100400-772615181):36)
06-30 01:18:54.792 27400 27645 E GoogleApiManager:      at axni.z(:com.google.android.gms@252431013@25.24.31 (100400-772615181):150)
06-30 01:18:54.792 27400 27645 E GoogleApiManager:      at awul.run(:com.google.android.gms@252431013@25.24.31 (100400-772615181):42)
06-30 01:18:54.792 27400 27645 E GoogleApiManager:      at android.os.Handler.handleCallback(Handler.java:883)
06-30 01:18:54.792 27400 27645 E GoogleApiManager:      at android.os.Handler.dispatchMessage(Handler.java:100)
06-30 01:18:54.792 27400 27645 E GoogleApiManager:      at cgcr.lU(:com.google.android.gms@252431013@25.24.31 (100400-772615181):1)
06-30 01:18:54.792 27400 27645 E GoogleApiManager:      at cgcr.dispatchMessage(:com.google.android.gms@252431013@25.24.31 (100400-772615181):5)
06-30 01:18:54.792 27400 27645 E GoogleApiManager:      at android.os.Looper.loop(Looper.java:224)
06-30 01:18:54.792 27400 27645 E GoogleApiManager:      at android.os.HandlerThread.run(HandlerThread.java:67)
06-30 01:18:54.794 27400 27639 V NativeCrypto: Registering com/google/android/gms/org/conscrypt/NativeCrypto's 315 native methods...
06-30 01:18:54.795 27400 27644 W FlagRegistrar: Failed to register com.google.android.gms.providerinstaller#com.BHG.sharechat
06-30 01:18:54.795 27400 27644 W FlagRegistrar: ekdh: 17: 17: API: Phenotype.API is not available on this device. Connection failed with: ConnectionResult{statusCode=DEVELOPER_ERROR, resolution=null, message=null}
06-30 01:18:54.795 27400 27644 W FlagRegistrar:         at ekdj.a(:com.google.android.gms@252431013@25.24.31 (100400-772615181):13)
06-30 01:18:54.795 27400 27644 W FlagRegistrar:         at fecm.d(:com.google.android.gms@252431013@25.24.31 (100400-772615181):3)
06-30 01:18:54.795 27400 27644 W FlagRegistrar:         at feco.run(:com.google.android.gms@252431013@25.24.31 (100400-772615181):130)
06-30 01:18:54.795 27400 27644 W FlagRegistrar:         at feew.execute(:com.google.android.gms@252431013@25.24.31 (100400-772615181):1)
06-30 01:18:54.795 27400 27644 W FlagRegistrar:         at fecx.f(:com.google.android.gms@252431013@25.24.31 (100400-772615181):1)
06-30 01:18:54.795 27400 27644 W FlagRegistrar:         at fecx.m(:com.google.android.gms@252431013@25.24.31 (100400-772615181):99)
06-30 01:18:54.795 27400 27644 W FlagRegistrar:         at fecx.r(:com.google.android.gms@252431013@25.24.31 (100400-772615181):17)
06-30 01:18:54.795 27400 27644 W FlagRegistrar:         at ecpj.hJ(:com.google.android.gms@252431013@25.24.31 (100400-772615181):35)
06-30 01:18:54.795 27400 27644 W FlagRegistrar:         at dswa.run(:com.google.android.gms@252431013@25.24.31 (100400-772615181):12)
06-30 01:18:54.795 27400 27644 W FlagRegistrar:         at feew.execute(:com.google.android.gms@252431013@25.24.31 (100400-772615181):1)
06-30 01:18:54.795 27400 27644 W FlagRegistrar:         at dswb.b(:com.google.android.gms@252431013@25.24.31 (100400-772615181):18)
06-30 01:18:54.795 27400 27644 W FlagRegistrar:         at dswq.b(:com.google.android.gms@252431013@25.24.31 (100400-772615181):36)
06-30 01:18:54.795 27400 27644 W FlagRegistrar:         at dsws.d(:com.google.android.gms@252431013@25.24.31 (100400-772615181):25)
06-30 01:18:54.795 27400 27644 W FlagRegistrar:         at awrt.c(:com.google.android.gms@252431013@25.24.31 (100400-772615181):9)
06-30 01:18:54.795 27400 27644 W FlagRegistrar:         at awuj.q(:com.google.android.gms@252431013@25.24.31 (100400-772615181):48)
06-30 01:18:54.795 27400 27644 W FlagRegistrar:         at awuj.d(:com.google.android.gms@252431013@25.24.31 (100400-772615181):10)
06-30 01:18:54.795 27400 27644 W FlagRegistrar:         at awuj.g(:com.google.android.gms@252431013@25.24.31 (100400-772615181):185)
06-30 01:18:54.795 27400 27644 W FlagRegistrar:         at awuj.onConnectionFailed(:com.google.android.gms@252431013@25.24.31 (100400-772615181):2)
06-30 01:18:54.795 27400 27644 W FlagRegistrar:         at awul.run(:com.google.android.gms@252431013@25.24.31 (100400-772615181):70)
06-30 01:18:54.795 27400 27644 W FlagRegistrar:         at android.os.Handler.handleCallback(Handler.java:883)
06-30 01:18:54.795 27400 27644 W FlagRegistrar:         at android.os.Handler.dispatchMessage(Handler.java:100)
06-30 01:18:54.795 27400 27644 W FlagRegistrar:         at cgcr.lU(:com.google.android.gms@252431013@25.24.31 (100400-772615181):1)
06-30 01:18:54.795 27400 27644 W FlagRegistrar:         at cgcr.dispatchMessage(:com.google.android.gms@252431013@25.24.31 (100400-772615181):5)
06-30 01:18:54.795 27400 27644 W FlagRegistrar:         at android.os.Looper.loop(Looper.java:224)
06-30 01:18:54.795 27400 27644 W FlagRegistrar:         at android.os.HandlerThread.run(HandlerThread.java:67)
06-30 01:18:54.795 27400 27644 W FlagRegistrar: Caused by: awqh: 17: API: Phenotype.API is not available on this device. Connection failed with: ConnectionResult{statusCode=DEVELOPER_ERROR, resolution=null, message=null}
06-30 01:18:54.795 27400 27644 W FlagRegistrar:         at axmu.a(:com.google.android.gms@252431013@25.24.31 (100400-772615181):15)
06-30 01:18:54.795 27400 27644 W FlagRegistrar:         at awrw.a(:com.google.android.gms@252431013@25.24.31 (100400-772615181):1)
06-30 01:18:54.795 27400 27644 W FlagRegistrar:         at awrt.c(:com.google.android.gms@252431013@25.24.31 (100400-772615181):5)
06-30 01:18:54.795 27400 27644 W FlagRegistrar:         ... 11 more
06-30 01:18:54.810 27400 27639 D NetworkSecurityConfig: No Network Security Config specified, using platform default
06-30 01:18:54.811 27400 27639 I ProviderInstaller: Installed default security provider GmsCore_OpenSSL
06-30 01:18:54.824  1958  2160 D Ethernet: got request NetworkRequest [ TRACK_DEFAULT id=2748, [ Capabilities: INTERNET&NOT_RESTRICTED&TRUSTED Uid: 10768] ] with score 60 and serial -1
06-30 01:18:54.826  2513  2513 D PhoneSwitcherNetworkRequstListener: got request NetworkRequest [ TRACK_DEFAULT id=2748, [ Capabilities: INTERNET&NOT_RESTRICTED&TRUSTED Uid: 10768] ] with score 60 and serial -1
06-30 01:18:54.827  1958  2106 D WifiNetworkFactory: got request NetworkRequest [ TRACK_DEFAULT id=2748, [ Capabilities: INTERNET&NOT_RESTRICTED&TRUSTED Uid: 10768] ] with score 60 and serial -1
06-30 01:18:54.827  1958  2106 D UntrustedWifiNetworkFactory: got request NetworkRequest [ TRACK_DEFAULT id=2748, [ Capabilities: INTERNET&NOT_RESTRICTED&TRUSTED Uid: 10768] ] with score 60 and serial -1
06-30 01:18:54.830   613 27650 E ResolverController: No valid NAT64 prefix (107, <unspecified>/0)
06-30 01:18:54.846  3633  3633 I CNSS    : Failed to send nl message
06-30 01:18:55.003  1958  1997 I Timeline: Timeline: Activity_windows_visible id: ActivityRecord{3fc533c u0 com.BHG.sharechat/.MainActivity t1180} time:39910190
06-30 01:18:55.005  1958  1997 I Timeline: Timeline: App_transition_stopped time:39910192
06-30 01:18:54.910  3633  3633 I chatty  : uid=1000(system) /system/vendor/bin/cnss_diag identical 5 lines
06-30 01:18:54.951  3633  3633 I CNSS    : Failed to send nl message
06-30 01:18:55.006  2181  2181 D EventBus: [2181, u0] send(AppTransitionFinishedEvent)
06-30 01:18:55.006  2181  2181 D EventBus: [2181, u0]  -> ForcedResizableInfoActivityController [0xd8e5e6, P1] onBusEvent(AppTransitionFinishedEvent)
06-30 01:18:55.006  2181  2181 D EventBus: [2181, u0] onBusEvent(AppTransitionFinishedEvent) duration: 13 microseconds,avg: 165
06-30 01:18:55.006  2181  2181 D EventBus: [2181, u0] send(AppTransitionFinishedEvent)
06-30 01:18:55.006  2181  2181 D EventBus: [2181, u0]  -> ForcedResizableInfoActivityController [0xd8e5e6, P1] onBusEvent(AppTransitionFinishedEvent)
06-30 01:18:55.006  2181  2181 D EventBus: [2181, u0] onBusEvent(AppTransitionFinishedEvent) duration: 6 microseconds, avg: 165
06-30 01:18:55.012  3633  3633 I CNSS    : Failed to send nl message
06-30 01:18:55.031  2181  2181 D EventBus: [2181, u0] send(AppTransitionFinishedEvent)
06-30 01:18:55.031  2181  2181 D EventBus: [2181, u0]  -> ForcedResizableInfoActivityController [0xd8e5e6, P1] onBusEvent(AppTransitionFinishedEvent)
06-30 01:18:55.031  2181  2181 D EventBus: [2181, u0] onBusEvent(AppTransitionFinishedEvent) duration: 9 microseconds, avg: 165
06-30 01:18:55.038   511   511 I hwservicemanager: getTransport: Cannot find entry vendor.qti.hardware.servicetracker@1.0::IServicetracker/default in either framework or device manifest.
06-30 01:18:55.039  1958  4522 D CompatibilityInfo: mCompatibilityFlags - 0
06-30 01:18:55.039  1958  4522 D CompatibilityInfo: applicationDensity - 432
06-30 01:18:55.039  1958  4522 D CompatibilityInfo: applicationScale - 1.0
06-30 01:18:55.040   511   511 I hwservicemanager: getTransport: Cannot find entry vendor.qti.hardware.servicetracker@1.0::IServicetracker/default in either framework or device manifest.
06-30 01:18:55.041  1958  2104 I MiuiNetworkPolicy: updateUidState uid = 10193, uidState = 11
06-30 01:18:55.048   511   511 I hwservicemanager: getTransport: Cannot find entry vendor.qti.hardware.servicetracker@1.0::IServicetracker/default in either framework or device manifest.
06-30 01:18:55.049  1958  4522 D CompatibilityInfo: mCompatibilityFlags - 0
06-30 01:18:55.049  1958  4522 D CompatibilityInfo: applicationDensity - 432
06-30 01:18:55.050  1958  4522 D CompatibilityInfo: applicationScale - 1.0
06-30 01:18:55.050   511   511 I hwservicemanager: getTransport: Cannot find entry vendor.qti.hardware.servicetracker@1.0::IServicetracker/default in either framework or device manifest.
06-30 01:18:55.091   511   511 I hwservicemanager: getTransport: Cannot find entry vendor.qti.hardware.servicetracker@1.0::IServicetracker/default in either framework or device manifest.
06-30 01:18:55.095  1958  2360 D CompatibilityInfo: mCompatibilityFlags - 0
06-30 01:18:55.095  1958  2360 D CompatibilityInfo: applicationDensity - 432
06-30 01:18:55.095  1958  2360 D CompatibilityInfo: applicationScale - 1.0
06-30 01:18:55.095   511   511 I hwservicemanager: getTransport: Cannot find entry vendor.qti.hardware.servicetracker@1.0::IServicetracker/default in either framework or device manifest.
06-30 01:18:55.098  1958  2104 I MiuiNetworkPolicy: updateUidState uid = 10204, uidState = 9
06-30 01:18:55.100  1958  2013 D Process : audio-opt: audio thread tid = 27521 could not get bg policy.
06-30 01:18:55.103 24094 24261 I FontLog : (REDACTED) Received query %s, URI %s
06-30 01:18:55.103 24094 24261 I FontLog : (REDACTED) Query [%s] resolved to %s
06-30 01:18:55.105   511   511 I hwservicemanager: getTransport: Cannot find entry vendor.qti.hardware.servicetracker@1.0::IServicetracker/default in either framework or device manifest.
06-30 01:18:55.106   511   511 I hwservicemanager: getTransport: Cannot find entry vendor.qti.hardware.servicetracker@1.0::IServicetracker/default in either framework or device manifest.
06-30 01:18:55.110 24094 24261 I FontLog : (REDACTED) Fetch %s end status %s
06-30 01:18:55.114  3633  3633 I CNSS    : Failed to send nl message
06-30 01:18:55.122 24094 24115 I FontLog : (REDACTED) Pulling font file for id = %d, cache size = %d
06-30 01:18:55.126 24094 24115 I FontLog : (REDACTED) Pulling font file for id = %d, cache size = %d
06-30 01:18:55.139 27493 27666 I FA      : App measurement initialized, version: 130002
06-30 01:18:55.140 27493 27666 I FA      : To enable debug logging run: adb shell setprop log.tag.FA VERBOSE
06-30 01:18:55.140 27493 27666 I FA      : To enable faster debug mode event logging run:
06-30 01:18:55.140 27493 27666 I FA      :   adb shell setprop debug.firebase.analytics.app com.google.android.youtube
06-30 01:18:55.147 27493 27537 D StrictMode: StrictMode policy violation; ~duration=43 ms: android.os.strictmode.DiskReadViolation
06-30 01:18:55.147 27493 27537 D StrictMode:    at android.os.StrictMode$AndroidBlockGuardPolicy.onReadFromDisk(StrictMode.java:1562)
06-30 01:18:55.147 27493 27537 D StrictMode:    at libcore.io.BlockGuardOs.access(BlockGuardOs.java:69)
06-30 01:18:55.147 27493 27537 D StrictMode:    at libcore.io.ForwardingOs.access(ForwardingOs.java:73)
06-30 01:18:55.147 27493 27537 D StrictMode:    at android.app.ActivityThread$AndroidOs.access(ActivityThread.java:7482)
06-30 01:18:55.147 27493 27537 D StrictMode:    at java.io.UnixFileSystem.checkAccess(UnixFileSystem.java:281)
06-30 01:18:55.147 27493 27537 D StrictMode:    at java.io.File.exists(File.java:815)
06-30 01:18:55.147 27493 27537 D StrictMode:    at bnyx.n(:com.google.android.gms@252431013@25.24.31 (100400-772615181):5)
06-30 01:18:55.147 27493 27537 D StrictMode:    at bnzu.f(:com.google.android.gms@252431013@25.24.31 (100400-772615181):263)
06-30 01:18:55.147 27493 27537 D StrictMode:    at bnzu.b(:com.google.android.gms@252431013@25.24.31 (100400-772615181):445)
06-30 01:18:55.147 27493 27537 D StrictMode:    at bnzx.query(:com.google.android.gms@252431013@25.24.31 (100400-772615181):125)
06-30 01:18:55.147 27493 27537 D StrictMode:    at atul.query(:com.google.android.gms@252431013@25.24.31 (100400-772615181):3)
06-30 01:18:55.147 27493 27537 D StrictMode:    at android.content.ContentProvider.query(ContentProvider.java:1239)
06-30 01:18:55.147 27493 27537 D StrictMode:    at uqt.superQuery(:com.google.android.gms@252431013@25.24.31 (100400-772615181):2)
06-30 01:18:55.147 27493 27537 D StrictMode:    at com.google.android.chimera.ContentProvider.query(:com.google.android.gms@252431013@25.24.31 (100400-772615181):2)
06-30 01:18:55.147 27493 27537 D StrictMode:    at atul.query(:com.google.android.gms@252431013@25.24.31 (100400-772615181):13)
06-30 01:18:55.147 27493 27537 D StrictMode:    at android.content.ContentProvider.query(ContentProvider.java:1332)
06-30 01:18:55.147 27493 27537 D StrictMode:    at uqt.superQuery(:com.google.android.gms@252431013@25.24.31 (100400-772615181):1)
06-30 01:18:55.147 27493 27537 D StrictMode:    at com.google.android.chimera.ContentProvider.query(:com.google.android.gms@252431013@25.24.31 (100400-772615181):1)
06-30 01:18:55.147 27493 27537 D StrictMode:    at uqt.query(:com.google.android.gms@252431013@25.24.31 (100400-772615181):2)
06-30 01:18:55.147 27493 27537 D StrictMode:    at android.content.ContentProvider$Transport.query(ContentProvider.java:267)
06-30 01:18:55.147 27493 27537 D StrictMode:    at android.content.ContentProviderNative.onTransact(ContentProviderNative.java:104)
06-30 01:18:55.147 27493 27537 D StrictMode:    at android.os.Binder.execTransactInternal(Binder.java:1021)
06-30 01:18:55.147 27493 27537 D StrictMode:    at android.os.Binder.execTransact(Binder.java:994)
06-30 01:18:55.147 27493 27537 D StrictMode: # via Binder call with stack:
06-30 01:18:55.147 27493 27537 D StrictMode:    at android.os.StrictMode.readAndHandleBinderCallViolations(StrictMode.java:2280)
06-30 01:18:55.147 27493 27537 D StrictMode:    at android.os.Parcel.readExceptionCode(Parcel.java:2020)
06-30 01:18:55.147 27493 27537 D StrictMode:    at android.database.DatabaseUtils.readExceptionFromParcel(DatabaseUtils.java:137)
06-30 01:18:55.147 27493 27537 D StrictMode:    at android.content.ContentProviderProxy.query(ContentProviderNative.java:423)
06-30 01:18:55.147 27493 27537 D StrictMode:    at android.content.ContentProviderClient.query(ContentProviderClient.java:195)
06-30 01:18:55.147 27493 27537 D StrictMode:    at android.content.ContentProviderClient.query(ContentProviderClient.java:177)
06-30 01:18:55.147 27493 27537 D StrictMode:    at bop.a(PG:282)
06-30 01:18:55.147 27493 27537 D StrictMode:    at bmn.r(PG:11)
06-30 01:18:55.147 27493 27537 D StrictMode:    at byl.a(PG:13)
06-30 01:18:55.147 27493 27537 D StrictMode:    at bej.run(PG:44)
06-30 01:18:55.147 27493 27537 D StrictMode:    at android.os.Handler.handleCallback(Handler.java:883)
06-30 01:18:55.147 27493 27537 D StrictMode:    at android.os.Handler.dispatchMessage(Handler.java:100)
06-30 01:18:55.147 27493 27537 D StrictMode:    at android.os.Looper.loop(Looper.java:224)
06-30 01:18:55.147 27493 27537 D StrictMode:    at roy.run(PG:13)
06-30 01:18:55.147 27493 27537 D StrictMode:    at osy.run(PG:143)
06-30 01:18:55.147 27493 27537 D StrictMode:    at java.lang.Thread.run(Thread.java:919)
06-30 01:18:55.147 27493 27537 D StrictMode:    at rqf.run(PG:61)
06-30 01:18:55.148 27493 27537 D StrictMode: StrictMode policy violation; ~duration=43 ms: android.os.strictmode.DiskReadViolation
06-30 01:18:55.148 27493 27537 D StrictMode:    at android.os.StrictMode$AndroidBlockGuardPolicy.onReadFromDisk(StrictMode.java:1562)
06-30 01:18:55.148 27493 27537 D StrictMode:    at java.io.UnixFileSystem.getBooleanAttributes(UnixFileSystem.java:250)
06-30 01:18:55.148 27493 27537 D StrictMode:    at java.io.File.isDirectory(File.java:845)
06-30 01:18:55.148 27493 27537 D StrictMode:    at bnyx.n(:com.google.android.gms@252431013@25.24.31 (100400-772615181):13)
06-30 01:18:55.148 27493 27537 D StrictMode:    at bnzu.f(:com.google.android.gms@252431013@25.24.31 (100400-772615181):263)
06-30 01:18:55.148 27493 27537 D StrictMode:    at bnzu.b(:com.google.android.gms@252431013@25.24.31 (100400-772615181):445)
06-30 01:18:55.148 27493 27537 D StrictMode:    at bnzx.query(:com.google.android.gms@252431013@25.24.31 (100400-772615181):125)
06-30 01:18:55.148 27493 27537 D StrictMode:    at atul.query(:com.google.android.gms@252431013@25.24.31 (100400-772615181):3)
06-30 01:18:55.148 27493 27537 D StrictMode:    at android.content.ContentProvider.query(ContentProvider.java:1239)
06-30 01:18:55.148 27493 27537 D StrictMode:    at uqt.superQuery(:com.google.android.gms@252431013@25.24.31 (100400-772615181):2)
06-30 01:18:55.148 27493 27537 D StrictMode:    at com.google.android.chimera.ContentProvider.query(:com.google.android.gms@252431013@25.24.31 (100400-772615181):2)
06-30 01:18:55.148 27493 27537 D StrictMode:    at atul.query(:com.google.android.gms@252431013@25.24.31 (100400-772615181):13)
06-30 01:18:55.148 27493 27537 D StrictMode:    at android.content.ContentProvider.query(ContentProvider.java:1332)
06-30 01:18:55.148 27493 27537 D StrictMode:    at uqt.superQuery(:com.google.android.gms@252431013@25.24.31 (100400-772615181):1)
06-30 01:18:55.148 27493 27537 D StrictMode:    at com.google.android.chimera.ContentProvider.query(:com.google.android.gms@252431013@25.24.31 (100400-772615181):1)
06-30 01:18:55.148 27493 27537 D StrictMode:    at uqt.query(:com.google.android.gms@252431013@25.24.31 (100400-772615181):2)
06-30 01:18:55.148 27493 27537 D StrictMode:    at android.content.ContentProvider$Transport.query(ContentProvider.java:267)
06-30 01:18:55.148 27493 27537 D StrictMode:    at android.content.ContentProviderNative.onTransact(ContentProviderNative.java:104)
06-30 01:18:55.148 27493 27537 D StrictMode:    at android.os.Binder.execTransactInternal(Binder.java:1021)
06-30 01:18:55.148 27493 27537 D StrictMode:    at android.os.Binder.execTransact(Binder.java:994)
06-30 01:18:55.148 27493 27537 D StrictMode: # via Binder call with stack:
06-30 01:18:55.148 27493 27537 D StrictMode:    at android.os.StrictMode.readAndHandleBinderCallViolations(StrictMode.java:2280)
06-30 01:18:55.148 27493 27537 D StrictMode:    at android.os.Parcel.readExceptionCode(Parcel.java:2020)
06-30 01:18:55.148 27493 27537 D StrictMode:    at android.database.DatabaseUtils.readExceptionFromParcel(DatabaseUtils.java:137)
06-30 01:18:55.148 27493 27537 D StrictMode:    at android.content.ContentProviderProxy.query(ContentProviderNative.java:423)
06-30 01:18:55.148 27493 27537 D StrictMode:    at android.content.ContentProviderClient.query(ContentProviderClient.java:195)
06-30 01:18:55.148 27493 27537 D StrictMode:    at android.content.ContentProviderClient.query(ContentProviderClient.java:177)
06-30 01:18:55.148 27493 27537 D StrictMode:    at bop.a(PG:282)
06-30 01:18:55.148 27493 27537 D StrictMode:    at bmn.r(PG:11)
06-30 01:18:55.148 27493 27537 D StrictMode:    at byl.a(PG:13)
06-30 01:18:55.148 27493 27537 D StrictMode:    at bej.run(PG:44)
06-30 01:18:55.148 27493 27537 D StrictMode:    at android.os.Handler.handleCallback(Handler.java:883)
06-30 01:18:55.148 27493 27537 D StrictMode:    at android.os.Handler.dispatchMessage(Handler.java:100)
06-30 01:18:55.148 27493 27537 D StrictMode:    at android.os.Looper.loop(Looper.java:224)
06-30 01:18:55.148 27493 27537 D StrictMode:    at roy.run(PG:13)
06-30 01:18:55.148 27493 27537 D StrictMode:    at osy.run(PG:143)
06-30 01:18:55.148 27493 27537 D StrictMode:    at java.lang.Thread.run(Thread.java:919)
06-30 01:18:55.148 27493 27537 D StrictMode:    at rqf.run(PG:61)
06-30 01:18:55.148 27493 27537 D StrictMode: StrictMode policy violation; ~duration=38 ms: android.os.strictmode.DiskReadViolation
06-30 01:18:55.148 27493 27537 D StrictMode:    at android.os.StrictMode$AndroidBlockGuardPolicy.onReadFromDisk(StrictMode.java:1562)
06-30 01:18:55.148 27493 27537 D StrictMode:    at libcore.io.BlockGuardOs.stat(BlockGuardOs.java:387)
