06-30 01:18:55.148 27493 27537 D StrictMode:    at libcore.io.ForwardingOs.stat(ForwardingOs.java:222)
06-30 01:18:55.148 27493 27537 D StrictMode:    at android.app.ActivityThread$AndroidOs.stat(ActivityThread.java:7505)
06-30 01:18:55.148 27493 27537 D StrictMode:    at java.io.UnixFileSystem.getLength(UnixFileSystem.java:298)
06-30 01:18:55.148 27493 27537 D StrictMode:    at java.io.File.length(File.java:970)
06-30 01:18:55.148 27493 27537 D StrictMode:    at bnyx.n(:com.google.android.gms@252431013@25.24.31 (100400-772615181):23)
06-30 01:18:55.148 27493 27537 D StrictMode:    at bnzu.f(:com.google.android.gms@252431013@25.24.31 (100400-772615181):263)
06-30 01:18:55.148 27493 27537 D StrictMode:    at bnzu.b(:com.google.android.gms@252431013@25.24.31 (100400-772615181):445)
06-30 01:18:55.148 27493 27537 D StrictMode:    at bnzx.query(:com.google.android.gms@252431013@25.24.31 (100400-772615181):125)
06-30 01:18:55.148 27493 27537 D StrictMode:    at atul.query(:com.google.android.gms@252431013@25.24.31 (100400-772615181):3)
06-30 01:18:55.148 27493 27537 D StrictMode:    at android.content.ContentProvider.query(ContentProvider.java:1239)
06-30 01:18:55.148 27493 27537 D StrictMode:    at uqt.superQuery(:com.google.android.gms@252431013@25.24.31 (100400-772615181):2)
06-30 01:18:55.148 27493 27537 D StrictMode:    at com.google.android.chimera.ContentProvider.query(:com.google.android.gms@252431013@25.24.31 (100400-772615181):2)
06-30 01:18:55.148 27493 27537 D StrictMode:    at atul.query(:com.google.android.gms@252431013@25.24.31 (100400-772615181):13)
06-30 01:18:55.148 27493 27537 D StrictMode:    at android.content.ContentProvider.query(ContentProvider.java:1332)
06-30 01:18:55.148 27493 27537 D StrictMode:    at uqt.superQuery(:com.google.android.gms@252431013@25.24.31 (100400-772615181):1)
06-30 01:18:55.148 27493 27537 D StrictMode:    at com.google.android.chimera.ContentProvider.query(:com.google.android.gms@252431013@25.24.31 (100400-772615181):1)
06-30 01:18:55.148 27493 27537 D StrictMode:    at uqt.query(:com.google.android.gms@252431013@25.24.31 (100400-772615181):2)
06-30 01:18:55.148 27493 27537 D StrictMode:    at android.content.ContentProvider$Transport.query(ContentProvider.java:267)
06-30 01:18:55.148 27493 27537 D StrictMode:    at android.content.ContentProviderNative.onTransact(ContentProviderNative.java:104)
06-30 01:18:55.148 27493 27537 D StrictMode:    at android.os.Binder.execTransactInternal(Binder.java:1021)
06-30 01:18:55.148 27493 27537 D StrictMode:    at android.os.Binder.execTransact(Binder.java:994)
06-30 01:18:55.148 27493 27537 D StrictMode: # via Binder call with stack:
06-30 01:18:55.148 27493 27537 D StrictMode:    at android.os.StrictMode.readAndHandleBinderCallViolations(StrictMode.java:2280)
06-30 01:18:55.148 27493 27537 D StrictMode:    at android.os.Parcel.readExceptionCode(Parcel.java:2020)
06-30 01:18:55.148 27493 27537 D StrictMode:    at android.database.DatabaseUtils.readExceptionFromParcel(DatabaseUtils.java:137)
06-30 01:18:55.148 27493 27537 D StrictMode:    at android.content.ContentProviderProxy.query(ContentProviderNative.java:423)
06-30 01:18:55.148 27493 27537 D StrictMode:    at android.content.ContentProviderClient.query(ContentProviderClient.java:195)
06-30 01:18:55.148 27493 27537 D StrictMode:    at android.content.ContentProviderClient.query(ContentProviderClient.java:177)
06-30 01:18:55.148 27493 27537 D StrictMode:    at bop.a(PG:282)
06-30 01:18:55.148 27493 27537 D StrictMode:    at bmn.r(PG:11)
06-30 01:18:55.148 27493 27537 D StrictMode:    at byl.a(PG:13)
06-30 01:18:55.148 27493 27537 D StrictMode:    at bej.run(PG:44)
06-30 01:18:55.148 27493 27537 D StrictMode:    at android.os.Handler.handleCallback(Handler.java:883)
06-30 01:18:55.148 27493 27537 D StrictMode:    at android.os.Handler.dispatchMessage(Handler.java:100)
06-30 01:18:55.148 27493 27537 D StrictMode:    at android.os.Looper.loop(Looper.java:224)
06-30 01:18:55.148 27493 27537 D StrictMode:    at roy.run(PG:13)
06-30 01:18:55.148 27493 27537 D StrictMode:    at osy.run(PG:143)
06-30 01:18:55.148 27493 27537 D StrictMode:    at java.lang.Thread.run(Thread.java:919)
06-30 01:18:55.148 27493 27537 D StrictMode:    at rqf.run(PG:61)
06-30 01:18:55.149 27493 27537 D StrictMode: StrictMode policy violation; ~duration=23 ms: android.os.strictmode.DiskReadViolation
06-30 01:18:55.149 27493 27537 D StrictMode:    at android.os.StrictMode$AndroidBlockGuardPolicy.onReadFromDisk(StrictMode.java:1562)
06-30 01:18:55.149 27493 27537 D StrictMode:    at sun.nio.ch.FileDispatcherImpl.size(FileDispatcherImpl.java:106)
06-30 01:18:55.149 27493 27537 D StrictMode:    at sun.nio.ch.FileChannelImpl.size(FileChannelImpl.java:359)
06-30 01:18:55.149 27493 27537 D StrictMode:    at android.graphics.fonts.Font$Builder.<init>(Font.java:140)
06-30 01:18:55.149 27493 27537 D StrictMode:    at android.graphics.fonts.Font$Builder.<init>(Font.java:126)
06-30 01:18:55.149 27493 27537 D StrictMode:    at bnu.h(PG:21)
06-30 01:18:55.149 27493 27537 D StrictMode:    at bnu.a(PG:6)
06-30 01:18:55.149 27493 27537 D StrictMode:    at bnq.a(PG:3)
06-30 01:18:55.149 27493 27537 D StrictMode:    at bmn.c(PG:2)
06-30 01:18:55.149 27493 27537 D StrictMode:    at byl.a(PG:168)
06-30 01:18:55.149 27493 27537 D StrictMode:    at bej.run(PG:44)
06-30 01:18:55.149 27493 27537 D StrictMode:    at android.os.Handler.handleCallback(Handler.java:883)
06-30 01:18:55.149 27493 27537 D StrictMode:    at android.os.Handler.dispatchMessage(Handler.java:100)
06-30 01:18:55.149 27493 27537 D StrictMode:    at android.os.Looper.loop(Looper.java:224)
06-30 01:18:55.149 27493 27537 D StrictMode:    at roy.run(PG:13)
06-30 01:18:55.149 27493 27537 D StrictMode:    at osy.run(PG:143)
06-30 01:18:55.149 27493 27537 D StrictMode:    at java.lang.Thread.run(Thread.java:919)
06-30 01:18:55.149 27493 27537 D StrictMode:    at rqf.run(PG:61)
06-30 01:18:55.149 27493 27537 D StrictMode: StrictMode policy violation; ~duration=23 ms: android.os.strictmode.DiskReadViolation
06-30 01:18:55.149 27493 27537 D StrictMode:    at android.os.StrictMode$AndroidBlockGuardPolicy.onReadFromDisk(StrictMode.java:1562)
06-30 01:18:55.149 27493 27537 D StrictMode:    at sun.nio.ch.FileDispatcherImpl.size(FileDispatcherImpl.java:106)
06-30 01:18:55.149 27493 27537 D StrictMode:    at sun.nio.ch.FileChannelImpl.map(FileChannelImpl.java:945)
06-30 01:18:55.149 27493 27537 D StrictMode:    at android.graphics.fonts.Font$Builder.<init>(Font.java:141)
06-30 01:18:55.149 27493 27537 D StrictMode:    at android.graphics.fonts.Font$Builder.<init>(Font.java:126)
06-30 01:18:55.149 27493 27537 D StrictMode:    at bnu.h(PG:21)
06-30 01:18:55.149 27493 27537 D StrictMode:    at bnu.a(PG:6)
06-30 01:18:55.149 27493 27537 D StrictMode:    at bnq.a(PG:3)
06-30 01:18:55.149 27493 27537 D StrictMode:    at bmn.c(PG:2)
06-30 01:18:55.149 27493 27537 D StrictMode:    at byl.a(PG:168)
06-30 01:18:55.149 27493 27537 D StrictMode:    at bej.run(PG:44)
06-30 01:18:55.149 27493 27537 D StrictMode:    at android.os.Handler.handleCallback(Handler.java:883)
06-30 01:18:55.149 27493 27537 D StrictMode:    at android.os.Handler.dispatchMessage(Handler.java:100)
06-30 01:18:55.149 27493 27537 D StrictMode:    at android.os.Looper.loop(Looper.java:224)
06-30 01:18:55.149 27493 27537 D StrictMode:    at roy.run(PG:13)
06-30 01:18:55.149 27493 27537 D StrictMode:    at osy.run(PG:143)
06-30 01:18:55.149 27493 27537 D StrictMode:    at java.lang.Thread.run(Thread.java:919)
06-30 01:18:55.149 27493 27537 D StrictMode:    at rqf.run(PG:61)
06-30 01:18:55.149 27493 27537 D StrictMode: StrictMode policy violation; ~duration=23 ms: android.os.strictmode.DiskReadViolation
06-30 01:18:55.149 27493 27537 D StrictMode:    at android.os.StrictMode$AndroidBlockGuardPolicy.onReadFromDisk(StrictMode.java:1562)
06-30 01:18:55.149 27493 27537 D StrictMode:    at sun.nio.ch.FileChannelImpl.map(FileChannelImpl.java:982)
06-30 01:18:55.149 27493 27537 D StrictMode:    at android.graphics.fonts.Font$Builder.<init>(Font.java:141)
06-30 01:18:55.149 27493 27537 D StrictMode:    at android.graphics.fonts.Font$Builder.<init>(Font.java:126)
06-30 01:18:55.149 27493 27537 D StrictMode:    at bnu.h(PG:21)
06-30 01:18:55.149 27493 27537 D StrictMode:    at bnu.a(PG:6)
06-30 01:18:55.149 27493 27537 D StrictMode:    at bnq.a(PG:3)
06-30 01:18:55.149 27493 27537 D StrictMode:    at bmn.c(PG:2)
06-30 01:18:55.149 27493 27537 D StrictMode:    at byl.a(PG:168)
06-30 01:18:55.149 27493 27537 D StrictMode:    at bej.run(PG:44)
06-30 01:18:55.149 27493 27537 D StrictMode:    at android.os.Handler.handleCallback(Handler.java:883)
06-30 01:18:55.149 27493 27537 D StrictMode:    at android.os.Handler.dispatchMessage(Handler.java:100)
06-30 01:18:55.149 27493 27537 D StrictMode:    at android.os.Looper.loop(Looper.java:224)
06-30 01:18:55.149 27493 27537 D StrictMode:    at roy.run(PG:13)
06-30 01:18:55.149 27493 27537 D StrictMode:    at osy.run(PG:143)
06-30 01:18:55.149 27493 27537 D StrictMode:    at java.lang.Thread.run(Thread.java:919)
06-30 01:18:55.149 27493 27537 D StrictMode:    at rqf.run(PG:61)
06-30 01:18:55.150 27493 27537 D StrictMode: StrictMode policy violation; ~duration=20 ms: android.os.strictmode.DiskReadViolation
06-30 01:18:55.150 27493 27537 D StrictMode:    at android.os.StrictMode$AndroidBlockGuardPolicy.onReadFromDisk(StrictMode.java:1562)
06-30 01:18:55.150 27493 27537 D StrictMode:    at sun.nio.ch.FileDispatcherImpl.size(FileDispatcherImpl.java:106)
06-30 01:18:55.150 27493 27537 D StrictMode:    at sun.nio.ch.FileChannelImpl.size(FileChannelImpl.java:359)
06-30 01:18:55.150 27493 27537 D StrictMode:    at bmg.f(PG:28)
06-30 01:18:55.150 27493 27537 D StrictMode:    at byl.a(PG:174)
06-30 01:18:55.150 27493 27537 D StrictMode:    at bej.run(PG:44)
06-30 01:18:55.150 27493 27537 D StrictMode:    at android.os.Handler.handleCallback(Handler.java:883)
06-30 01:18:55.150 27493 27537 D StrictMode:    at android.os.Handler.dispatchMessage(Handler.java:100)
06-30 01:18:55.150 27493 27537 D StrictMode:    at android.os.Looper.loop(Looper.java:224)
06-30 01:18:55.150 27493 27537 D StrictMode:    at roy.run(PG:13)
06-30 01:18:55.150 27493 27537 D StrictMode:    at osy.run(PG:143)
06-30 01:18:55.150 27493 27537 D StrictMode:    at java.lang.Thread.run(Thread.java:919)
06-30 01:18:55.150 27493 27537 D StrictMode:    at rqf.run(PG:61)
06-30 01:18:55.150 27493 27537 D StrictMode: StrictMode policy violation; ~duration=20 ms: android.os.strictmode.DiskReadViolation
06-30 01:18:55.150 27493 27537 D StrictMode:    at android.os.StrictMode$AndroidBlockGuardPolicy.onReadFromDisk(StrictMode.java:1562)
06-30 01:18:55.150 27493 27537 D StrictMode:    at sun.nio.ch.FileDispatcherImpl.size(FileDispatcherImpl.java:106)
06-30 01:18:55.150 27493 27537 D StrictMode:    at sun.nio.ch.FileChannelImpl.map(FileChannelImpl.java:945)
06-30 01:18:55.150 27493 27537 D StrictMode:    at bmg.f(PG:36)
06-30 01:18:55.150 27493 27537 D StrictMode:    at byl.a(PG:174)
06-30 01:18:55.150 27493 27537 D StrictMode:    at bej.run(PG:44)
06-30 01:18:55.150 27493 27537 D StrictMode:    at android.os.Handler.handleCallback(Handler.java:883)
06-30 01:18:55.150 27493 27537 D StrictMode:    at android.os.Handler.dispatchMessage(Handler.java:100)
06-30 01:18:55.150 27493 27537 D StrictMode:    at android.os.Looper.loop(Looper.java:224)
06-30 01:18:55.150 27493 27537 D StrictMode:    at roy.run(PG:13)
06-30 01:18:55.150 27493 27537 D StrictMode:    at osy.run(PG:143)
06-30 01:18:55.150 27493 27537 D StrictMode:    at java.lang.Thread.run(Thread.java:919)
06-30 01:18:55.150 27493 27537 D StrictMode:    at rqf.run(PG:61)
06-30 01:18:55.150 27493 27537 D StrictMode: StrictMode policy violation; ~duration=20 ms: android.os.strictmode.DiskReadViolation
06-30 01:18:55.150 27493 27537 D StrictMode:    at android.os.StrictMode$AndroidBlockGuardPolicy.onReadFromDisk(StrictMode.java:1562)
06-30 01:18:55.150 27493 27537 D StrictMode:    at sun.nio.ch.FileChannelImpl.map(FileChannelImpl.java:982)
06-30 01:18:55.150 27493 27537 D StrictMode:    at bmg.f(PG:36)
06-30 01:18:55.150 27493 27537 D StrictMode:    at byl.a(PG:174)
06-30 01:18:55.150 27493 27537 D StrictMode:    at bej.run(PG:44)
06-30 01:18:55.150 27493 27537 D StrictMode:    at android.os.Handler.handleCallback(Handler.java:883)
06-30 01:18:55.150 27493 27537 D StrictMode:    at android.os.Handler.dispatchMessage(Handler.java:100)
06-30 01:18:55.150 27493 27537 D StrictMode:    at android.os.Looper.loop(Looper.java:224)
06-30 01:18:55.150 27493 27537 D StrictMode:    at roy.run(PG:13)
06-30 01:18:55.150 27493 27537 D StrictMode:    at osy.run(PG:143)
06-30 01:18:55.150 27493 27537 D StrictMode:    at java.lang.Thread.run(Thread.java:919)
06-30 01:18:55.150 27493 27537 D StrictMode:    at rqf.run(PG:61)
06-30 01:18:55.152  1958  2104 I MiuiNetworkPolicy: updateUidState uid = 10193, uidState = 20
06-30 01:18:55.179   511   511 I hwservicemanager: getTransport: Cannot find entry vendor.qti.hardware.servicetracker@1.0::IServicetracker/default in either framework or device manifest.
06-30 01:18:55.211   511   511 I chatty  : uid=1000(system) hwservicemanage identical 1 line
06-30 01:18:55.212   511   511 I hwservicemanager: getTransport: Cannot find entry vendor.qti.hardware.servicetracker@1.0::IServicetracker/default in either framework or device manifest.
06-30 01:18:55.214  1958  2104 I MiuiNetworkPolicy: updateUidState uid = 10204, uidState = 11
06-30 01:18:55.216  3633  3633 I CNSS    : Failed to send nl message
06-30 01:18:55.218  1958  2104 I MiuiNetworkPolicy: updateUidState uid = 10204, uidState = 20
06-30 01:18:55.254 27400 27400 D ForceDarkHelper: updateByCheckExcludeList: pkg: com.BHG.sharechat activity: com.BHG.sharechat.MainActivity@a5abff1
06-30 01:18:55.255 27400 27400 W Glide   : Failed to find GeneratedAppGlideModule. You should include an annotationProcessor compile dependency on com.github.bumptech.glide:compiler in your application and a @GlideModule annotated AppGlideModule implementation or LibraryGlideModules will be silently ignored
06-30 01:18:55.275  1958  2106 D WifiNetworkFactory: got request NetworkRequest [ TRACK_DEFAULT id=2749, [ Capabilities: INTERNET&NOT_RESTRICTED&TRUSTED Uid: 10768] ] with score 60 and serial -1
06-30 01:18:55.275  1958  2106 D UntrustedWifiNetworkFactory: got request NetworkRequest [ TRACK_DEFAULT id=2749, [ Capabilities: INTERNET&NOT_RESTRICTED&TRUSTED Uid: 10768] ] with score 60 and serial -1
06-30 01:18:55.276  2513  2513 D PhoneSwitcherNetworkRequstListener: got request NetworkRequest [ TRACK_DEFAULT id=2749, [ Capabilities: INTERNET&NOT_RESTRICTED&TRUSTED Uid: 10768] ] with score 60 and serial -1
06-30 01:18:55.276  1958  2160 D Ethernet: got request NetworkRequest [ TRACK_DEFAULT id=2749, [ Capabilities: INTERNET&NOT_RESTRICTED&TRUSTED Uid: 10768] ] with score 60 and serial -1
06-30 01:18:55.280 27400 27400 D ForceDarkHelper: updateByCheckExcludeList: pkg: com.BHG.sharechat activity: com.BHG.sharechat.MainActivity@a5abff1
06-30 01:18:55.280 23967 27151 D AdvertisingIdClient: AdvertisingIdClient already created.
06-30 01:18:55.281 27400 27400 D ForceDarkHelper: updateByCheckExcludeList: pkg: com.BHG.sharechat activity: com.BHG.sharechat.MainActivity@a5abff1
06-30 01:18:55.284 27400 27400 D ForceDarkHelper: updateByCheckExcludeList: pkg: com.BHG.sharechat activity: com.BHG.sharechat.MainActivity@a5abff1
06-30 01:18:55.286 23967 27151 I AdvertisingIdClient: shouldSendLog 134183814
06-30 01:18:55.286 23967 27151 I AdvertisingIdClient: GetInfoInternal elapse 6ms
06-30 01:18:55.286   511   511 I hwservicemanager: getTransport: Cannot find entry vendor.qti.hardware.servicetracker@1.0::IServicetracker/default in either framework or device manifest.
06-30 01:18:55.286 27400 27400 D ForceDarkHelper: updateByCheckExcludeList: pkg: com.BHG.sharechat activity: com.BHG.sharechat.MainActivity@a5abff1
06-30 01:18:55.287  1958  3853 D CompatibilityInfo: mCompatibilityFlags - 0
06-30 01:18:55.287  1958  3853 D CompatibilityInfo: applicationDensity - 432
06-30 01:18:55.287  1958  3853 D CompatibilityInfo: applicationScale - 1.0
06-30 01:18:55.288 27400 27400 D ForceDarkHelper: updateByCheckExcludeList: pkg: com.BHG.sharechat activity: com.BHG.sharechat.MainActivity@a5abff1
06-30 01:18:55.288   511   511 I hwservicemanager: getTransport: Cannot find entry vendor.qti.hardware.servicetracker@1.0::IServicetracker/default in either framework or device manifest.
06-30 01:18:55.289 23967 23967 D BoundBrokerSvc: onBind: Intent { act=com.google.android.gms.safebrowsing.SafeBrowsingService.START dat=chimera-action: cmp=com.google.android.gms/.chimera.GmsBoundBrokerService }
06-30 01:18:55.289 23967 23967 D BoundBrokerSvc: Loading bound service for intent: Intent { act=com.google.android.gms.safebrowsing.SafeBrowsingService.START dat=chimera-action: cmp=com.google.android.gms/.chimera.GmsBoundBrokerService }
06-30 01:18:55.423  3633  3633 I CNSS    : Failed to send nl message
06-30 01:18:55.464  3633  3633 I chatty  : uid=1000(system) /system/vendor/bin/cnss_diag identical 3 lines
06-30 01:18:55.465  3633  3633 I CNSS    : Failed to send nl message
06-30 01:18:55.606 26262 26262 I cr_CombinedPProvider: #linkNativeInternal() 0
06-30 01:18:55.607 26262 26262 I cr_PolicyProvider: #setManagerAndSource() 0
06-30 01:18:55.612 26262 26262 I cr_PolicyCacheProvider: #refresh() true
06-30 01:18:55.628  3633  3633 I CNSS    : Failed to send nl message
06-30 01:18:55.946  1958  1958 W WindowManager: removeWindowToken: Attempted to remove non-existing token: android.os.Binder@250aaf1
06-30 01:18:55.885  3633  3633 I chatty  : uid=1000(system) /system/vendor/bin/cnss_diag identical 24 lines
06-30 01:18:55.887  3633  3633 I CNSS    : Failed to send nl message
06-30 01:18:55.957 26262 27701 W chromium: [WARNING:net/dns/dns_config_service_android.cc:69] Failed to read DnsConfig.
06-30 01:18:55.977   734   872 W ANDR-PERF-LM: FeatureState: readState() 149: warning: appName is NULL, returning default State
06-30 01:18:55.977   734   872 W ANDR-PERF-LM: FeatureState: readState() 149: warning: appName is NULL, returning default State
06-30 01:18:55.977   734   872 W ANDR-PERF-LM: MetaMeter: handleSecondaryAsync() 149: AdaptLaunch MetaMeterThread start(). No MeterMgr Available to handle this Secondary/Data Async. !!!!
06-30 01:18:56.086 27400 27400 D ForceDarkHelper: updateByCheckExcludeList: pkg: com.BHG.sharechat activity: com.BHG.sharechat.MainActivity@a5abff1
06-30 01:18:56.087 26262 27701 I PlayCore: UID: [10193]  PID: [26262] AppUpdateService : requestUpdateInfo(com.android.chrome)
06-30 01:18:56.089 26262 27714 I PlayCore: UID: [10193]  PID: [26262] AppUpdateService : Initiate binding to the service.
06-30 01:18:56.091 26262 26262 I chromium: [INFO:components/enterprise/browser/controller/chrome_browser_cloud_management_controller.cc:279] Deferring CBCM Controller Initialization until it is unblocked.
06-30 01:18:56.093 27400 27715 I DpmTcmClient: RegisterTcmMonitor from: $Proxy0
06-30 01:18:56.093 27400 27400 D ForceDarkHelper: updateByCheckExcludeList: pkg: com.BHG.sharechat activity: com.BHG.sharechat.MainActivity@a5abff1
06-30 01:18:56.096   511   511 I hwservicemanager: getTransport: Cannot find entry vendor.qti.hardware.servicetracker@1.0::IServicetracker/default in either framework or device manifest.
06-30 01:18:56.099   511   511 I hwservicemanager: getTransport: Cannot find entry vendor.qti.hardware.servicetracker@1.0::IServicetracker/default in either framework or device manifest.
06-30 01:18:56.099   613 27717 E ResolverController: No valid NAT64 prefix (107, <unspecified>/0)
06-30 01:18:56.103   511   511 I hwservicemanager: getTransport: Cannot find entry vendor.qti.hardware.servicetracker@1.0::IServicetracker/default in either framework or device manifest.
06-30 01:18:56.122  3633  3633 I CNSS    : Failed to send nl message
06-30 01:18:56.126  3633  3633 I chatty  : uid=1000(system) /system/vendor/bin/cnss_diag identical 3 lines
06-30 01:18:56.127  3633  3633 I CNSS    : Failed to send nl message
06-30 01:18:56.130   614   614 D Zygote  : Forked child process 27719
06-30 01:18:56.133   613  2099 D OemNetd : setPidForPackage: packageName=com.android.chrome, pid=27719, pid=10193
06-30 01:18:56.133  1958  2011 I ActivityManager: Start proc 27719:com.android.chrome:privileged_process0/u0a193 for service {com.android.chrome/org.chromium.content.app.PrivilegedProcessService0} caller=com.android.chrome
06-30 01:18:56.157 27400 27400 D ForceDarkHelper: updateByCheckExcludeList: pkg: com.BHG.sharechat activity: com.BHG.sharechat.MainActivity@a5abff1
06-30 01:18:56.161 27719 27719 E ileged_process: Not starting debugger since process cannot load the jdwp agent.
06-30 01:18:56.173  1958  4522 D CompatibilityInfo: mCompatibilityFlags - 0
06-30 01:18:56.173  1958  4522 D CompatibilityInfo: applicationDensity - 432
06-30 01:18:56.174  1958  4522 D CompatibilityInfo: applicationScale - 1.0
06-30 01:18:56.174   614   614 D Zygote  : Forked child process 27742
06-30 01:18:56.176  1958  4522 D CompatibilityInfo: mCompatibilityFlags - 0
06-30 01:18:56.176  1958  4522 D CompatibilityInfo: applicationDensity - 432
06-30 01:18:56.177  1958  4522 D CompatibilityInfo: applicationScale - 1.0
06-30 01:18:56.177   511   511 I hwservicemanager: getTransport: Cannot find entry vendor.qti.hardware.servicetracker@1.0::IServicetracker/default in either framework or device manifest.
06-30 01:18:56.178  1958  2104 I MiuiNetworkPolicy: updateUidState uid = 10193, uidState = 11
06-30 01:18:56.180   511   511 I hwservicemanager: getTransport: Cannot find entry vendor.qti.hardware.servicetracker@1.0::IServicetracker/default in either framework or device manifest.
06-30 01:18:56.181   613  2099 D OemNetd : setPidForPackage: packageName=com.android.vending, pid=27742, pid=10175
06-30 01:18:56.181  1958  2011 I ActivityManager: Start proc 27742:com.android.vending/u0a175 for service {com.android.vending/com.google.android.finsky.installservice.DevTriggeredUpdateService} caller=com.android.chrome
06-30 01:18:56.185 26262 26262 W cr_SearchEngineDelegate: ensureIsDeviceChoiceRequiredSupplier() called on ineligible device
06-30 01:18:56.192 27742 27742 E android.vendin: Not starting debugger since process cannot load the jdwp agent.
06-30 01:18:56.200  1958  3853 D CompatibilityInfo: mCompatibilityFlags - 0
06-30 01:18:56.200  1958  3853 D CompatibilityInfo: applicationDensity - 432
06-30 01:18:56.200  1958  3853 D CompatibilityInfo: applicationScale - 1.0
06-30 01:18:56.205  1958  3853 D CompatibilityInfo: mCompatibilityFlags - 0
06-30 01:18:56.205  1958  3853 D CompatibilityInfo: applicationDensity - 432
06-30 01:18:56.205  1958  3853 D CompatibilityInfo: applicationScale - 1.0
06-30 01:18:56.207   511   511 I hwservicemanager: getTransport: Cannot find entry vendor.qti.hardware.servicetracker@1.0::IServicetracker/default in either framework or device manifest.
06-30 01:18:56.207 27400 27400 D ForceDarkHelper: updateByCheckExcludeList: pkg: com.BHG.sharechat activity: com.BHG.sharechat.MainActivity@a5abff1
06-30 01:18:56.209  1958  3853 D CompatibilityInfo: mCompatibilityFlags - 0
06-30 01:18:56.209  1958  3853 D CompatibilityInfo: applicationDensity - 432
06-30 01:18:56.209  1958  3853 D CompatibilityInfo: applicationScale - 1.0
06-30 01:18:56.210  3633  3633 I CNSS    : Failed to send nl message
06-30 01:18:56.210   511   511 I hwservicemanager: getTransport: Cannot find entry vendor.qti.hardware.servicetracker@1.0::IServicetracker/default in either framework or device manifest.
06-30 01:18:56.211  1958  2104 I MiuiNetworkPolicy: updateUidState uid = 10175, uidState = 11
06-30 01:18:56.213 27719 27719 W ileged_process: JIT profile information will not be recorded: profile file does not exits.
06-30 01:18:56.223  3633  3633 I CNSS    : Failed to send nl message
06-30 01:18:56.224 27719 27719 I Perf    : Connecting to perf service.
06-30 01:18:56.240  3633  3633 I CNSS    : Failed to send nl message
06-30 01:18:56.241 27719 27719 I cr_SplitCompatApp: version=138.0.7204.45 (720404533) minSdkVersion=29 isBundle=true processName=com.android.chrome:privileged_process0 isIsolatedProcess=false
06-30 01:18:56.252 26262 26262 W chromium: [WARNING:components/gcm_driver/instance_id/instance_id_android.cc:101] Non-zero TTL requested for InstanceID token, while TTLs are not supported by Android Firebase IID API.
06-30 01:18:56.254   511   511 I hwservicemanager: getTransport: Cannot find entry vendor.qti.hardware.servicetracker@1.0::IServicetracker/default in either framework or device manifest.
06-30 01:18:56.256 23967 23967 D BoundBrokerSvc: onBind: Intent { act=com.google.android.gms.auth.key.retrieval.service.START dat=chimera-action: cmp=com.google.android.gms/.chimera.GmsApiService }
06-30 01:18:56.256 23967 23967 D BoundBrokerSvc: Loading bound service for intent: Intent { act=com.google.android.gms.auth.key.retrieval.service.START dat=chimera-action: cmp=com.google.android.gms/.chimera.GmsApiService }
06-30 01:18:56.262  3633  3633 I CNSS    : Failed to send nl message
06-30 01:18:56.264   511   511 I hwservicemanager: getTransport: Cannot find entry vendor.qti.hardware.servicetracker@1.0::IServicetracker/default in either framework or device manifest.
06-30 01:18:56.267 27719 27719 I LoadedApk: No resource references to update in package com.google.android.trichromelibrary
06-30 01:18:56.278 27719 27719 I FeatureParser: can't find violet.xml in assets/device_features/,it may be in /system/etc/device_features
06-30 01:18:56.283 26262 26262 W chromium: [WARNING:components/gcm_driver/instance_id/instance_id_android.cc:101] Non-zero TTL requested for InstanceID token, while TTLs are not supported by Android Firebase IID API.
06-30 01:18:56.297 27719 27719 E libc    : Access denied finding property "ro.vendor.df.effect.conflict"
06-30 01:18:56.286 27719 27719 W ileged_process0: type=1400 audit(0.0:20033): avc: denied { read } for name="u:object_r:vendor_default_prop:s0" dev="tmpfs" ino=24807 scontext=u:r:untrusted_app:s0:c193,c256,c512,c768 tcontext=u:object_r:vendor_default_prop:s0 tclass=file permissive=0
06-30 01:18:56.301 26262 26262 I cr_SmsProviderGms: construction successfull Tw5@4608c2c, Qw5@dd946f5
06-30 01:18:56.304 27719 27719 I cr_ChildProcessService: Creating new ChildProcessService pid=27719
06-30 01:18:56.313  1958  2104 I MiuiNetworkPolicy: updateUidState uid = 10193, uidState = 20
06-30 01:18:56.321  3633  3633 I CNSS    : Failed to send nl message
06-30 01:18:56.333 27719 27771 W linker  : Warning: "/data/app/com.android.chrome-rzLonMO8dBi8SzthGGl3WQ==/base.apk!/lib/arm64-v8a/libchromium_android_linker.so" unused DT entry: unknown processor-specific (type 0x70000001 arg 0x0) (ignoring)
06-30 01:18:56.335 27719 27771 I cr_LibraryLoader: Loading monochrome_64 from within /data/app/com.android.chrome-rzLonMO8dBi8SzthGGl3WQ==/base.apk
06-30 01:18:56.335 27719 27771 I cr_Linker: loadLibraryImplLocked: monochrome_64, relroMode=2
06-30 01:18:56.337 27719 27771 W linker  : Warning: "/data/app/com.google.android.trichromelibrary_720404533-JAtpGQAT09V5U_QfSbS7hw==/base.apk!/lib/arm64-v8a/libmonochrome_64.so" unused DT entry: unknown processor-specific (type 0x70000001arg 0x0) (ignoring)
06-30 01:18:56.357 23967 23967 D BoundBrokerSvc: onBind: Intent { act=com.google.android.gms.credential.manager.service.firstparty.START dat=chimera-action: cmp=com.google.android.gms/.chimera.GmsApiService }
06-30 01:18:56.357 23967 23967 D BoundBrokerSvc: Loading bound service for intent: Intent { act=com.google.android.gms.credential.manager.service.firstparty.START dat=chimera-action: cmp=com.google.android.gms/.chimera.GmsApiService }
06-30 01:18:56.367 26262 26262 E libc    : Access denied finding property "persist.device_config.runtime_native_boot.bootloader_override"
06-30 01:18:56.356 26262 26262 W .android.chrome: type=1400 audit(0.0:20034): avc: denied { read } for name="u:object_r:device_config_runtime_native_boot_prop:s0" dev="tmpfs" ino=24700 scontext=u:r:untrusted_app:s0:c193,c256,c512,c768 tcontext=u:object_r:device_config_runtime_native_boot_prop:s0 tclass=file permissive=0
06-30 01:18:56.374  3633  3633 I CNSS    : Failed to send nl message
06-30 01:18:56.431  3633  3633 I CNSS    : Failed to send nl message
06-30 01:18:56.437 26262 26262 W cr_KnoxSettingsProvider: Permission to read device policy denied.
06-30 01:18:56.438 26262 26262 I cr_CombinedPProvider: #registerProvider() provider:Y04@d7a6756 isPolicyCacheEnabled:true policyProvidersSize:0
06-30 01:18:56.439 26262 26262 I cr_PolicyProvider: #setManagerAndSource() 0
06-30 01:18:56.440 26262 26262 I cr_CombinedPProvider: #registerProvider() provider:hs@b1e63d7 isPolicyCacheEnabled:false policyProvidersSize:1
06-30 01:18:56.444 26262 26262 I cr_PolicyProvider: #setManagerAndSource() 1
06-30 01:18:56.445 26262 26262 I cr_AppResProvider: #getApplicationRestrictionsFromUserManager() Bundle[EMPTY_PARCEL]
06-30 01:18:56.445 26262 26262 I cr_PolicyProvider: #notifySettingsAvailable() 1
06-30 01:18:56.445 26262 26262 I cr_CombinedPProvider: #onSettingsAvailable() 1
06-30 01:18:56.445  3633  3633 I CNSS    : Failed to send nl message
06-30 01:18:56.458 27742 27742 W android.vendin: JIT profile information will not be recorded: profile file does not exits.
06-30 01:18:56.468 26262 26262 W Looper  : Slow Looper main: Long Msg: seq=20 plan=01:18:55.191  late=0ms wall=1277ms running=432ms runnable=21ms io=597ms h=android.os.Handler c=W96
06-30 01:18:56.458 27742 27742 W android.vendin: JIT profile information will not be recorded: profile file does not exits.
06-30 01:18:56.472   511   511 I hwservicemanager: getTransport: Cannot find entry vendor.qti.hardware.servicetracker@1.0::IServicetracker/default in either framework or device manifest.
06-30 01:18:56.475 27742 27742 I Perf    : Connecting to perf service.
06-30 01:18:56.475  3633  3633 I CNSS    : Failed to send nl message
06-30 01:18:56.478   511   511 I hwservicemanager: getTransport: Cannot find entry vendor.qti.hardware.servicetracker@1.0::IServicetracker/default in either framework or device manifest.
06-30 01:18:56.479 27719 27771 I cr_LibraryLoader: Successfully loaded native library
06-30 01:18:56.481 27719 27771 I cr_CachingUmaRecorder: Flushed 4 samples from 4 histograms, 0 samples were dropped.
06-30 01:18:56.499  1958  2106 D WifiNetworkFactory: got request NetworkRequest [ TRACK_DEFAULT id=2750, [ Capabilities: INTERNET&NOT_RESTRICTED&TRUSTED Uid: 10193] ] with score 60 and serial -1
06-30 01:18:56.499  1958  2106 D UntrustedWifiNetworkFactory: got request NetworkRequest [ TRACK_DEFAULT id=2750, [ Capabilities: INTERNET&NOT_RESTRICTED&TRUSTED Uid: 10193] ] with score 60 and serial -1
06-30 01:18:56.500  2513  2513 D PhoneSwitcherNetworkRequstListener: got request NetworkRequest [ TRACK_DEFAULT id=2750, [ Capabilities: INTERNET&NOT_RESTRICTED&TRUSTED Uid: 10193] ] with score 60 and serial -1
06-30 01:18:56.500  1958  2160 D Ethernet: got request NetworkRequest [ TRACK_DEFAULT id=2750, [ Capabilities: INTERNET&NOT_RESTRICTED&TRUSTED Uid: 10193] ] with score 60 and serial -1
06-30 01:18:56.511 26262 27708 W InstanceID: Instance ID SDK is deprecated, com.android.chrome should update to use Firebase Instance ID
06-30 01:18:56.515   614   614 D Zygote  : Forked child process 27777
06-30 01:18:56.516  1958  2011 W ZygoteProcess: Got error connecting to zygote, retrying. msg= Connection refused
06-30 01:18:56.506 27777 27777 W d.chrome_zygot: type=1400 audit(0.0:20035): avc: denied { read execute } for path="/system/bin/app_process64" dev="dm-0" ino=652 scontext=u:r:app_zygote:s0:c512,c768 tcontext=u:object_r:zygote_exec:s0 tclass=file permissive=0
06-30 01:18:56.516 27777 27777 W d.chrome_zygot: type=1400 audit(0.0:20036): avc: denied { read execute } for path="/vendor/lib64/hw/android.hardware.graphics.mapper@2.0-impl-qti-display.so" dev="mmcblk0p86" ino=2006 scontext=u:r:app_zygote:s0:c512,c768 tcontext=u:object_r:same_process_hal_file:s0 tclass=file permissive=0
06-30 01:18:56.532 27719 27771 I AdrenoGLES: QUALCOMM build                   : af4b174, I386ada412e
06-30 01:18:56.532 27719 27771 I AdrenoGLES: Build Date                       : 09/10/20
06-30 01:18:56.532 27719 27771 I AdrenoGLES: OpenGL ES Shader Compiler Version: EV031.27.05.01
06-30 01:18:56.532 27719 27771 I AdrenoGLES: Local Branch                     :
06-30 01:18:56.532 27719 27771 I AdrenoGLES: Remote Branch                    : refs/tags/AU_LINUX_ANDROID_LA.UM.8.9.R1.10.00.00.558.044
06-30 01:18:56.532 27719 27771 I AdrenoGLES: Remote Branch                    : NONE
06-30 01:18:56.532 27719 27771 I AdrenoGLES: Reconstruct Branch               : NOTHING
06-30 01:18:56.532 27719 27771 I AdrenoGLES: Build Config                     : S P 8.0.11 AArch64
06-30 01:18:56.537 27719 27771 I AdrenoGLES: PFP: 0x016ee187, ME: 0x00000000
06-30 01:18:56.540 27719 27771 W AdrenoUtils: <ReadGpuID_from_sysfs:194>: Failed to open /sys/class/kgsl/kgsl-3d0/gpu_model
06-30 01:18:56.541 27719 27771 W AdrenoUtils: <ReadGpuID:218>: Failed to read chip ID from gpu_model. Fallback to use the GSL path
06-30 01:18:56.546 27719 27770 E Perf    : Fail to get file list lib
06-30 01:18:56.546 27719 27770 E Perf    : getFolderSize() : Exception_1 = java.lang.NullPointerException: Attempt to get length of null array
06-30 01:18:56.549  3633  3633 I CNSS    : Failed to send nl message
06-30 01:18:56.577  1958  2011 I AppZygote: Starting application preload.
06-30 01:18:56.583 27742 27742 I FeatureParser: can't find violet.xml in assets/device_features/,it may be in /system/etc/device_features
06-30 01:18:56.589  3633  3633 I CNSS    : Failed to send nl message
06-30 01:18:56.602 26262 27700 D NetworkSecurityConfig: Using Network Security Config from resource 0_resource_name_obfuscated debugBuild: false
06-30 01:18:56.608 27742 27742 I Finsky  : [2] Process created at version: 46.8.29-29 [0] [PR] 776173854
06-30 01:18:56.610 27777 27777 I AppZygoteInit: Beginning application preload for com.android.chrome
06-30 01:18:56.613  3633  3633 I CNSS    : Failed to send nl message
06-30 01:18:56.626 26262 27797 I CameraManagerGlobal: Connecting to camera service
06-30 01:18:56.634 26262 27797 W CameraManagerGlobal: [soar.cts] ignore the status update of camera: 2
06-30 01:18:56.634 26262 27797 W CameraManagerGlobal: [soar.cts] ignore the status update of camera: 3
06-30 01:18:56.634 26262 27797 W CameraManagerGlobal: [soar.cts] ignore the status update of camera: 4
06-30 01:18:56.635 26262 26879 W CameraManagerGlobal: ignore the torch status update of camera: 3
06-30 01:18:56.636 26262 26879 W CameraManagerGlobal: ignore the torch status update of camera: 4
06-30 01:18:56.644  3633  3633 I CNSS    : Failed to send nl message
06-30 01:18:56.655 26262 26262 I cr_EnterpriseInfoImpl: #setCacheResult() deviceOwned:false profileOwned:false
06-30 01:18:56.656 26262 26262 I cr_EnterpriseInfo: #getManagedStateForNative() tw1@e829bde
06-30 01:18:56.658 27400 27801 D ProfileInstaller: Skipping profile installation for com.BHG.sharechat
06-30 01:18:56.660  3633  3633 I CNSS    : Failed to send nl message
06-30 01:18:56.716 27777 27777 I cr_ZygotePreload: version=138.0.7204.45 (720404533) minSdkVersion=29 isBundle=true
06-30 01:18:56.719 27777 27777 W linker  : Warning: "/data/app/com.google.android.trichromelibrary_720404533-JAtpGQAT09V5U_QfSbS7hw==/base.apk!/lib/arm64-v8a/libmonochrome_64.so" unused DT entry: unknown processor-specific (type 0x70000001arg 0x0) (ignoring)
06-30 01:18:56.727  1958  2011 I AppZygote: Application preload done.
06-30 01:18:56.727 27777 27777 I AppZygoteInit: Application preload done
06-30 01:18:56.739  3633  3633 I CNSS    : Failed to send nl message
06-30 01:18:56.753 27400 27400 D ForceDarkHelper: updateByCheckExcludeList: pkg: com.BHG.sharechat activity: com.BHG.sharechat.MainActivity@a5abff1
06-30 01:18:56.759  3633  3633 I CNSS    : Failed to send nl message
06-30 01:18:56.770 27400 27400 D ForceDarkHelper: updateByCheckExcludeList: pkg: com.BHG.sharechat activity: com.BHG.sharechat.MainActivity@a5abff1
06-30 01:18:56.777 27777 27777 D Zygote  : Forked child process 27802
06-30 01:18:56.781  1958  2011 W ActivityManager: Slow operation: 305ms so far, now at startProcess: returned from zygote!
06-30 01:18:56.781  1958  2011 W ActivityManager: Slow operation: 305ms so far, now at startProcess: done updating battery stats
06-30 01:18:56.781   613  2099 D OemNetd : setPidForPackage: packageName=com.android.chrome, pid=27802, pid=90000
06-30 01:18:56.782  1958  2011 W ActivityManager: Slow operation: 306ms so far, now at startProcess: building log message
06-30 01:18:56.782  1958  2011 I ActivityManager: Start proc 27802:com.android.chrome:sandboxed_process0:org.chromium.content.app.SandboxedProcessService0:0/u0ai0 for  {com.android.chrome/org.chromium.content.app.SandboxedProcessService0:0} caller=com.android.chrome
06-30 01:18:56.782  1958  2011 W ActivityManager: Slow operation: 306ms so far, now at startProcess: starting to updatepids map
06-30 01:18:56.782  1958  2011 W ActivityManager: Slow operation: 307ms so far, now at startProcess: done updating pidsmap
06-30 01:18:56.798 27802 27802 E ocessService0:: Not starting debugger since process cannot load the jdwp agent.
06-30 01:18:56.802 26262 27706 W FileUtils: Slow Operation: fsync took 131ms
06-30 01:18:56.811 27719 27771 D vulkan  : searching for layers in '/data/app/com.android.chrome-rzLonMO8dBi8SzthGGl3WQ==/lib/arm64'
06-30 01:18:56.813 27719 27771 D vulkan  : searching for layers in '/data/app/com.android.chrome-rzLonMO8dBi8SzthGGl3WQ==/base.apk!/lib/arm64-v8a'
06-30 01:18:56.813 27719 27771 D vulkan  : searching for layers in '/data/app/com.google.android.trichromelibrary_720404533-JAtpGQAT09V5U_QfSbS7hw==/base.apk!/lib/arm64-v8a'
06-30 01:18:56.818  3633  3633 I CNSS    : Failed to send nl message
06-30 01:18:56.830  1958  2360 D CompatibilityInfo: mCompatibilityFlags - 0
06-30 01:18:56.830  1958  2360 D CompatibilityInfo: applicationDensity - 432
06-30 01:18:56.830  1958  2360 D CompatibilityInfo: applicationScale - 1.0
06-30 01:18:56.834  1958  2360 D CompatibilityInfo: mCompatibilityFlags - 0
06-30 01:18:56.834  1958  2360 D CompatibilityInfo: applicationDensity - 432
06-30 01:18:56.834  1958  2360 D CompatibilityInfo: applicationScale - 1.0
06-30 01:18:56.835   511   511 I hwservicemanager: getTransport: Cannot find entry vendor.qti.hardware.servicetracker@1.0::IServicetracker/default in either framework or device manifest.
06-30 01:18:56.840  1958  2104 I MiuiNetworkPolicy: updateUidState uid = 90000, uidState = 11
06-30 01:18:56.843 27719 27771 I AdrenoVK: QUALCOMM build          : af4b174, I386ada412e
06-30 01:18:56.843 27719 27771 I AdrenoVK: Build Date              : 09/10/20
06-30 01:18:56.843 27719 27771 I AdrenoVK: Shader Compiler Version : EV031.27.05.01
06-30 01:18:56.843 27719 27771 I AdrenoVK: Local Branch            :
06-30 01:18:56.843 27719 27771 I AdrenoVK: Remote Branch           : refs/tags/AU_LINUX_ANDROID_LA.UM.8.9.R1.10.00.00.558.044
06-30 01:18:56.843 27719 27771 I AdrenoVK: Remote Branch           : NONE
06-30 01:18:56.843 27719 27771 I AdrenoVK: Reconstruct Branch      : NOTHING
06-30 01:18:56.843 27719 27771 I AdrenoVK: Build Config            : S P 8.0.11 AArch64
06-30 01:18:56.855  3633  3633 I CNSS    : Failed to send nl message
06-30 01:18:56.883  3633  3633 I CNSS    : Failed to send nl message
06-30 01:18:56.915 27802 27802 I cr_SplitCompatApp: version=138.0.7204.45 (720404533) minSdkVersion=29 isBundle=true processName=com.android.chrome:sandboxed_process0:org.chromium.content.app.SandboxedProcessService0:0 isIsolatedProcess=true
06-30 01:18:56.919 27400 27412 I m.BHG.sharecha: Background concurrent copying GC freed 130403(7120KB) AllocSpace objects, 33(6776KB) LOS objects, 50% free, 18MB/36MB, paused 184us total 183.158ms
06-30 01:18:56.932 27802 27802 W SystemServiceRegistry: No service published for: uimode
06-30 01:18:56.940 27802 27802 I LoadedApk: No resource references to update in package com.google.android.trichromelibrary
06-30 01:18:56.942  3633  3633 I CNSS    : Failed to send nl message
06-30 01:18:56.944 27802 27802 I FeatureParser: can't find violet.xml in assets/device_features/,it may be in /system/etc/device_features
06-30 01:18:56.947 27802 27802 E libc    : Access denied finding property "ro.vendor.df.effect.conflict"
06-30 01:18:56.958  3633  3633 I CNSS    : Failed to send nl message
06-30 01:18:56.958 27802 27802 I cr_ChildProcessService: Creating new ChildProcessService pid=27802
06-30 01:18:56.967  1958  2104 I MiuiNetworkPolicy: updateUidState uid = 90000, uidState = 20
06-30 01:18:56.988 27802 27832 W linker  : Warning: "/data/app/com.android.chrome-rzLonMO8dBi8SzthGGl3WQ==/base.apk!/lib/arm64-v8a/libchromium_android_linker.so" unused DT entry: unknown processor-specific (type 0x70000001 arg 0x0) (ignoring)
06-30 01:18:56.989 27802 27832 E cr_ChromiumAndroidLinker: ReserveAddressWithHint: Address range starting at 0x7529399000 was not free to use
06-30 01:18:56.997 27802 27831 I cr_LibraryLoader: Successfully loaded native library
06-30 01:18:57.000 27802 27831 I cr_CachingUmaRecorder: Flushed 2 samples from 2 histograms, 0 samples were dropped.
06-30 01:18:57.007  3633  3633 I CNSS    : Failed to send nl message
06-30 01:18:57.020  3633  3633 I CNSS    : Failed to send nl message
06-30 01:18:57.029   511   511 I hwservicemanager: getTransport: Cannot find entry vendor.qti.hardware.servicetracker@1.0::IServicetracker/default in either framework or device manifest.
06-30 01:18:57.031 23967 23967 D BoundBrokerSvc: onBind: Intent { act=com.google.android.gms.languageprofile.service.START pkg=com.google.android.gms }
06-30 01:18:57.031 23967 23967 D BoundBrokerSvc: Loading bound service for intent: Intent { act=com.google.android.gms.languageprofile.service.START pkg=com.google.android.gms }
06-30 01:18:57.043 27742 27825 I Finsky  : [16283] Finished reading experiment flags from file [0tGUNCGIkbk4o6-fQ335kUYSKwVj4lusnHT-A5Dsy08] numFlags=2066.
06-30 01:18:57.046   613 27839 E ResolverController: No valid NAT64 prefix (107, <unspecified>/0)
06-30 01:18:57.047  3633  3633 I CNSS    : Failed to send nl message
06-30 01:18:57.054  1958  2066 D CompatibilityInfo: mCompatibilityFlags - 0
06-30 01:18:57.054  1958  2066 D CompatibilityInfo: applicationDensity - 432
06-30 01:18:57.054  1958  2066 D CompatibilityInfo: applicationScale - 1.0
06-30 01:18:57.055   511   511 I hwservicemanager: getTransport: Cannot find entry vendor.qti.hardware.servicetracker@1.0::IServicetracker/default in either framework or device manifest.
06-30 01:18:57.060  3633  3633 I CNSS    : Failed to send nl message
06-30 01:18:57.072   511   511 I hwservicemanager: getTransport: Cannot find entry vendor.qti.hardware.servicetracker@1.0::IServicetracker/default in either framework or device manifest.
06-30 01:18:57.077   511   511 I chatty  : uid=1000(system) hwservicemanage identical 1 line
06-30 01:18:57.079   511   511 I hwservicemanager: getTransport: Cannot find entry vendor.qti.hardware.servicetracker@1.0::IServicetracker/default in either framework or device manifest.
06-30 01:18:57.080 23967 23967 D BoundBrokerSvc: onUnbind: Intent { act=com.google.android.gms.signin.service.START dat=chimera-action: cmp=com.google.android.gms/.chimera.GmsApiService }
06-30 01:18:57.083 24094 24169 W PhBaseOp: Phenotype API error. Event: # gaja@f065c934, EventCode: COMMIT_CONFIG [CONTEXT service_id=51 ]
06-30 01:18:57.083 24094 24169 W PhBaseOp: dgic: 29537: Stale snapshot for com.google.android.gms.languageprofile(new configuration available)
06-30 01:18:57.083 24094 24169 W PhBaseOp:      at dgkb.d(:com.google.android.gms@252431013@25.24.31 (100400-772615181):480)
06-30 01:18:57.083 24094 24169 W PhBaseOp:      at dgkb.b(:com.google.android.gms@252431013@25.24.31 (100400-772615181):43)
06-30 01:18:57.083 24094 24169 W PhBaseOp:      at dgka.i(:com.google.android.gms@252431013@25.24.31 (100400-772615181):3)
06-30 01:18:57.083 24094 24169 W PhBaseOp:      at dgjw.h(:com.google.android.gms@252431013@25.24.31 (100400-772615181):35)
06-30 01:18:57.083 24094 24169 W PhBaseOp:      at dgjw.f(:com.google.android.gms@252431013@25.24.31 (100400-772615181):17)
06-30 01:18:57.083 24094 24169 W PhBaseOp:      at cexk.fK(:com.google.android.gms@252431013@25.24.31 (100400-772615181):1)
06-30 01:18:57.083 24094 24169 W PhBaseOp:      at cexo.run(:com.google.android.gms@252431013@25.24.31 (100400-772615181):140)
06-30 01:18:57.083 24094 24169 W PhBaseOp:      at ewkc.run(:com.google.android.gms@252431013@25.24.31 (100400-772615181):21)
06-30 01:18:57.083 24094 24169 W PhBaseOp:      at ayhu.c(:com.google.android.gms@252431013@25.24.31 (100400-772615181):50)
06-30 01:18:57.083 24094 24169 W PhBaseOp:      at ayhu.run(:com.google.android.gms@252431013@25.24.31 (100400-772615181):70)
06-30 01:18:57.083 24094 24169 W PhBaseOp:      at java.util.concurrent.ThreadPoolExecutor.runWorker(ThreadPoolExecutor.java:1167)
06-30 01:18:57.083 24094 24169 W PhBaseOp:      at java.util.concurrent.ThreadPoolExecutor$Worker.run(ThreadPoolExecutor.java:641)
06-30 01:18:57.083 24094 24169 W PhBaseOp:      at aynj.run(:com.google.android.gms@252431013@25.24.31 (100400-772615181):8)
06-30 01:18:57.083 24094 24169 W PhBaseOp:      at java.lang.Thread.run(Thread.java:919)
06-30 01:18:57.085 24094 24169 W AsyncOperation: operation=CommitToConfigurationOperationCall, opStatusCode=29537 [CONTEXT service_id=51 ]
06-30 01:18:57.085 24094 24169 W AsyncOperation: OperationException[Status{statusCode=Stale snapshot for com.google.android.gms.languageprofile(new configuration available), resolution=null}]
06-30 01:18:57.085 24094 24169 W AsyncOperation:        at dgjw.h(:com.google.android.gms@252431013@25.24.31 (100400-772615181):65)
06-30 01:18:57.085 24094 24169 W AsyncOperation:        at dgjw.f(:com.google.android.gms@252431013@25.24.31 (100400-772615181):17)
06-30 01:18:57.085 24094 24169 W AsyncOperation:        at cexk.fK(:com.google.android.gms@252431013@25.24.31 (100400-772615181):1)
06-30 01:18:57.085 24094 24169 W AsyncOperation:        at cexo.run(:com.google.android.gms@252431013@25.24.31 (100400-772615181):140)
06-30 01:18:57.085 24094 24169 W AsyncOperation:        at ewkc.run(:com.google.android.gms@252431013@25.24.31 (100400-772615181):21)
06-30 01:18:57.085 24094 24169 W AsyncOperation:        at ayhu.c(:com.google.android.gms@252431013@25.24.31 (100400-772615181):50)
06-30 01:18:57.085 24094 24169 W AsyncOperation:        at ayhu.run(:com.google.android.gms@252431013@25.24.31 (100400-772615181):70)
06-30 01:18:57.085 24094 24169 W AsyncOperation:        at java.util.concurrent.ThreadPoolExecutor.runWorker(ThreadPoolExecutor.java:1167)
06-30 01:18:57.085 24094 24169 W AsyncOperation:        at java.util.concurrent.ThreadPoolExecutor$Worker.run(ThreadPoolExecutor.java:641)
06-30 01:18:57.085 24094 24169 W AsyncOperation:        at aynj.run(:com.google.android.gms@252431013@25.24.31 (100400-772615181):8)
06-30 01:18:57.085 24094 24169 W AsyncOperation:        at java.lang.Thread.run(Thread.java:919)
06-30 01:18:57.092   511   511 I hwservicemanager: getTransport: Cannot find entry vendor.qti.hardware.servicetracker@1.0::IServicetracker/default in either framework or device manifest.
06-30 01:18:57.122  3633  3633 I CNSS    : Failed to send nl message
06-30 01:18:57.149  3633  3633 I chatty  : uid=1000(system) /system/vendor/bin/cnss_diag identical 2 lines
06-30 01:18:57.162  3633  3633 I CNSS    : Failed to send nl message
06-30 01:18:57.180 27742 27825 I Finsky  : [16283] Finished reading experiment flags from file [Se-xCc4LzNyh3UrKMIU2sUf-PUKz4oQEbpKZDMuaFno] numFlags=2306.
06-30 01:18:57.212  1958  2101 D NtpTrustedTime: currentTimeMillis() cache hit
06-30 01:18:57.214   613  2099 I netd    : trafficSwapActiveStatsMap() <0.87ms>
06-30 01:18:57.216   613  2099 I netd    : tetherGetStats() <1.43ms>
06-30 01:18:57.228  1958  2101 D NtpTrustedTime: currentTimeMillis() cache hit
06-30 01:18:57.230 25666 26108 D TrafficManageService: onReceive: intent.action = com.android.server.action.NETWORK_STATS_UPDATED
06-30 01:18:57.232   613  2099 I netd    : bandwidthSetGlobalAlert(131072) <0.17ms>
06-30 01:18:57.286   511   511 I hwservicemanager: getTransport: Cannot find entry vendor.qti.hardware.servicetracker@1.0::IServicetracker/default in either framework or device manifest.
06-30 01:18:57.289  1958  2066 D CompatibilityInfo: mCompatibilityFlags - 0
06-30 01:18:57.289  1958  2066 D CompatibilityInfo: applicationDensity - 432
06-30 01:18:57.289  1958  2066 D CompatibilityInfo: applicationScale - 1.0
06-30 01:18:57.295   511   511 I hwservicemanager: getTransport: Cannot find entry vendor.qti.hardware.servicetracker@1.0::IServicetracker/default in either framework or device manifest.
06-30 01:18:57.303 24094 27239 I NetworkScheduler.Stats: (REDACTED) Task %s/%s started execution. cause:%s exec_start_elapsed_seconds: %s
06-30 01:18:57.307  3633  3633 I CNSS    : Failed to send nl message
06-30 01:18:57.323 26262 26262 I cr_CompositorSurfaceMgr: Transitioning to surface with format: -1
06-30 01:18:57.336 26262 26262 E ForceDarkHelper: updateForceDarkForView fail to get view name
06-30 01:18:57.397 24094 24261 I FontLog : (REDACTED) Received query %s, URI %s
06-30 01:18:57.397 24094 24261 I FontLog : (REDACTED) Query [%s] resolved to %s
06-30 01:18:57.398 24094 24261 I FontLog : (REDACTED) Font PFD returned from cache for %s
06-30 01:18:57.398 24094 24261 I FontLog : (REDACTED) Fetch %s end status %s
06-30 01:18:57.401 24094 24261 I FontLog : (REDACTED) Pulling font file for id = %d, cache size = %d
06-30 01:18:57.407 24094 24261 I FontLog : (REDACTED) Received query %s, URI %s
06-30 01:18:57.407 24094 24261 I FontLog : (REDACTED) Query [%s] resolved to %s
06-30 01:18:57.408 24094 24261 I FontLog : (REDACTED) Fetch %s end status %s
