06-30 01:18:57.410 24094 24261 I FontLog : (REDACTED) Pulling font file for id = %d, cache size = %d
06-30 01:18:57.414   511   511 I hwservicemanager: getTransport: Cannot find entry vendor.qti.hardware.servicetracker@1.0::IServicetracker/default in either framework or device manifest.
06-30 01:18:57.415   511   511 I hwservicemanager: getTransport: Cannot find entry vendor.qti.hardware.servicetracker@1.0::IServicetracker/default in either framework or device manifest.
06-30 01:18:57.415 24094 24261 I FontLog : (REDACTED) Received query %s, URI %s
06-30 01:18:57.416 24094 24261 I FontLog : (REDACTED) Query [%s] resolved to %s
06-30 01:18:57.417 24094 24261 I FontLog : (REDACTED) Font PFD returned from cache for %s
06-30 01:18:57.417 24094 24261 I FontLog : (REDACTED) Fetch %s end status %s
06-30 01:18:57.418 24094 27122 I NetworkScheduler.Stats: (REDACTED) Task %s/%s finished executing. cause:%s result: %s elapsed_millis: %s uptime_millis: %s exec_start_elapsed_seconds: %s
06-30 01:18:57.420 24094 24261 I FontLog : (REDACTED) Pulling font file for id = %d, cache size = %d
06-30 01:18:57.422 24094 27239 I SQLiteConnectionPool: The connection pool for /data/user/0/com.google.android.gms/databases/metadata.db has been closed but there are still 1 connections in use.  They will be closed as they are released back to the pool.
06-30 01:18:57.423 24094 24261 I FontLog : (REDACTED) Received query %s, URI %s
06-30 01:18:57.423 24094 24261 I FontLog : (REDACTED) Query [%s] resolved to %s
06-30 01:18:57.424 24094 24261 I FontLog : (REDACTED) Font PFD returned from cache for %s
06-30 01:18:57.424 24094 24261 I FontLog : (REDACTED) Fetch %s end status %s
06-30 01:18:57.426 24094 24261 I FontLog : (REDACTED) Pulling font file for id = %d, cache size = %d
06-30 01:18:57.431  3633  3633 I CNSS    : Failed to send nl message
06-30 01:18:57.439 24094 26765 W FontLog : Error updating last accessed time for {Google Sans Flex, wdth 100.0, wght 400, ital 0.0, bestEffort false}, isVf false}. [CONTEXT service_id=132 ]
06-30 01:18:57.439 24094 26765 W FontLog : java.lang.IllegalStateException: Cannot perform this operation because the connection pool has been closed.
06-30 01:18:57.439 24094 26765 W FontLog :      at android.database.sqlite.SQLiteConnectionPool.throwIfClosedLocked(SQLiteConnectionPool.java:1071)
06-30 01:18:57.439 24094 26765 W FontLog :      at android.database.sqlite.SQLiteConnectionPool.waitForConnection(SQLiteConnectionPool.java:763)
06-30 01:18:57.439 24094 26765 W FontLog :      at android.database.sqlite.SQLiteConnectionPool.acquireConnection(SQLiteConnectionPool.java:380)
06-30 01:18:57.439 24094 26765 W FontLog :      at android.database.sqlite.SQLiteSession.acquireConnection(SQLiteSession.java:896)
06-30 01:18:57.439 24094 26765 W FontLog :      at android.database.sqlite.SQLiteSession.prepare(SQLiteSession.java:588)
06-30 01:18:57.439 24094 26765 W FontLog :      at android.database.sqlite.SQLiteProgram.<init>(SQLiteProgram.java:61)
06-30 01:18:57.439 24094 26765 W FontLog :      at android.database.sqlite.SQLiteStatement.<init>(SQLiteStatement.java:33)
06-30 01:18:57.439 24094 26765 W FontLog :      at android.database.sqlite.SQLiteDatabase.executeSql(SQLiteDatabase.java:1805)
06-30 01:18:57.439 24094 26765 W FontLog :      at android.database.sqlite.SQLiteDatabase.execSQL(SQLiteDatabase.java:1783)
06-30 01:18:57.439 24094 26765 W FontLog :      at bnyt.run(:com.google.android.gms@252431013@25.24.31 (100400-772615181):59)
06-30 01:18:57.439 24094 26765 W FontLog :      at ayhu.c(:com.google.android.gms@252431013@25.24.31 (100400-772615181):50)
06-30 01:18:57.439 24094 26765 W FontLog :      at ayhu.run(:com.google.android.gms@252431013@25.24.31 (100400-772615181):70)
06-30 01:18:57.439 24094 26765 W FontLog :      at java.util.concurrent.ThreadPoolExecutor.runWorker(ThreadPoolExecutor.java:1167)
06-30 01:18:57.439 24094 26765 W FontLog :      at java.util.concurrent.ThreadPoolExecutor$Worker.run(ThreadPoolExecutor.java:641)
06-30 01:18:57.439 24094 26765 W FontLog :      at aynj.run(:com.google.android.gms@252431013@25.24.31 (100400-772615181):8)
06-30 01:18:57.439 24094 26765 W FontLog :      at java.lang.Thread.run(Thread.java:919)
06-30 01:18:57.453 24094 24261 I FontLog : (REDACTED) Received query %s, URI %s
06-30 01:18:57.453 24094 24261 I FontLog : (REDACTED) Query [%s] resolved to %s
06-30 01:18:57.454 24094 24261 I FontLog : (REDACTED) Font PFD returned from cache for %s
06-30 01:18:57.454 24094 24261 I FontLog : (REDACTED) Fetch %s end status %s
06-30 01:18:57.456 24094 24261 I FontLog : (REDACTED) Pulling font file for id = %d, cache size = %d
06-30 01:18:57.462 27742 27836 I Finsky  : [16287] Email advanced equivalence check enabled: false
06-30 01:18:57.525 27742 27836 I Finsky  : [16287] Finished reading experiment flags from file [BsXtgf7FhWjSb-VlNfV72wez9gaa8qZRM3biuidyjho] numFlags=2313.
06-30 01:18:57.550 27742 27836 I Finsky  : [16287] Finished reading experiment flags from file [uyW7bEQImkL-MaBQ6_3bJ3Q9hLRLY5Mq4znBCIh2b3k] numFlags=2313.
06-30 01:18:57.556 27742 27825 W Finsky  : [16283] Failed to get the task info for cold start.
06-30 01:18:57.557 27742 27825 I Finsky  : [16283] Process started for unknown session.
06-30 01:18:57.566 27742 27836 I Finsky  : [16287] Finished reading experiment flags from file [vvgm92FD3G9AuOtcoXmKowjyf3H5bfDkCTwGwnKvtmY] numFlags=2313.
06-30 01:18:57.569  3633  3633 I CNSS    : Failed to send nl message
06-30 01:18:57.579  3633  3633 I chatty  : uid=1000(system) /system/vendor/bin/cnss_diag identical 3 lines
06-30 01:18:57.580  3633  3633 I CNSS    : Failed to send nl message
06-30 01:18:57.586 26262 27838 W chromium: [WARNING:net/cert/ev_root_ca_metadata.cc:119] Not implemented
06-30 01:18:57.589   511   511 I hwservicemanager: getTransport: Cannot find entry vendor.qti.hardware.servicetracker@1.0::IServicetracker/default in either framework or device manifest.
06-30 01:18:57.629 27742 27824 I Finsky  : [16282] aede - Registering in memory receiver for android.intent.action.PACKAGE_ADDED and android.intent.action.PACKAGE_REMOVED
06-30 01:18:57.635 27742 27742 I Finsky  : [2] Profiling: Starting up (1)
06-30 01:18:57.651 27493 27512 I android.youtub: Waiting for a blocking GC ProfileSaver
06-30 01:18:57.689 27493 27512 I android.youtub: WaitForGcToComplete blocked ProfileSaver on ClassLinker for 38.263ms
06-30 01:18:57.753 27742 27742 I Finsky  : [2] AsyncInit: Mandatory tasks are executed!
06-30 01:18:57.759 27719 27864 W VideoCapabilities: Unsupported mime video/divx
06-30 01:18:57.760 27719 27864 W VideoCapabilities: Unsupported mime video/divx4
06-30 01:18:57.760 27742 27742 W Looper  : Slow Looper main: Long Msg: seq=2 plan=01:18:56.213  late=2ms wall=1544ms running=194ms runnable=72ms io=481ms h=android.app.ActivityThread$H w=110
06-30 01:18:57.763 27742 27824 I Finsky  : [16282] Subscription detail: N/A
06-30 01:18:57.768 26262 27707 W chromium: [WARNING:net/cert/ev_root_ca_metadata.cc:119] Not implemented
06-30 01:18:57.772 27719 27864 W VideoCapabilities: Unrecognized profile/level 0/3 for video/mpeg2
06-30 01:18:57.773 27719 27864 W VideoCapabilities: Unrecognized profile/level 0/3 for video/mpeg2
06-30 01:18:57.776 27742 27742 W Settings: Setting download_manager_max_bytes_over_mobile has moved from android.provider.Settings.Secure to android.provider.Settings.Global.
06-30 01:18:57.784 27742 27742 I Finsky  : [2] SettingNotFoundException, fall through to G.downloadBytesOverMobileMaximum
06-30 01:18:57.784 27400 27400 D ForceDarkHelper: updateByCheckExcludeList: pkg: com.BHG.sharechat activity: com.BHG.sharechat.MainActivity@a5abff1
06-30 01:18:57.784 27742 27742 W Settings: Setting download_manager_recommended_max_bytes_over_mobile has moved from android.provider.Settings.Secure to android.provider.Settings.Global.
06-30 01:18:57.784 27400 27400 D ForceDarkHelper: updateByCheckExcludeList: pkg: com.BHG.sharechat activity: com.BHG.sharechat.MainActivity@a5abff1
06-30 01:18:57.790 27742 27742 I Finsky  : [2] This process start was not selected for Play memory metrics collection.
06-30 01:18:57.790 27742 27825 I Finsky  : [16283] playLoggingServerUrl: https://play.googleapis.com/play/log
06-30 01:18:57.790 27742 27825 I Finsky  : [16283] playLoggingServerTimestampUrl: https://play.googleapis.com/play/log/timestamp
06-30 01:18:57.797 27400 27400 D ForceDarkHelper: updateByCheckExcludeList: pkg: com.BHG.sharechat activity: com.BHG.sharechat.MainActivity@a5abff1
06-30 01:18:57.801 27400 27400 I chatty  : uid=10768(com.BHG.sharechat) identical 4 lines
06-30 01:18:57.802 27400 27400 D ForceDarkHelper: updateByCheckExcludeList: pkg: com.BHG.sharechat activity: com.BHG.sharechat.MainActivity@a5abff1
06-30 01:18:57.803 26262 26262 I PlayCore: UID: [10193]  PID: [26262] AppUpdateService : ServiceConnectionImpl.onServiceConnected(ComponentInfo{com.android.vending/com.google.android.finsky.installservice.DevTriggeredUpdateService})
06-30 01:18:57.804 26262 27714 I PlayCore: UID: [10193]  PID: [26262] AppUpdateService : linkToDeath
06-30 01:18:57.809  3633  3633 I CNSS    : Failed to send nl message
06-30 01:18:57.811  3633  3633 I CNSS    : Failed to send nl message
06-30 01:18:57.812 27742 27742 I Finsky  : [2] Setup::DSE: Phenotype experiments synced with status: NO_UPDATE
06-30 01:18:57.815  3633  3633 I CNSS    : Failed to send nl message
06-30 01:18:57.815  3633  3633 I chatty  : uid=1000(system) /system/vendor/bin/cnss_diag identical 1 line
06-30 01:18:57.815  3633  3633 I CNSS    : Failed to send nl message
06-30 01:18:57.816 27742 27879 D HttpFlagsLoader: Not loading HTTP flags because they are disabled in the manifest
06-30 01:18:57.819   613 27875 E ResolverController: No valid NAT64 prefix (107, <unspecified>/0)
06-30 01:18:57.830   613 27882 E ResolverController: No valid NAT64 prefix (107, <unspecified>/0)
06-30 01:18:57.834  1958  2104 I MiuiNetworkPolicy: updateUidState uid = 10175, uidState = 20
06-30 01:18:57.843  1958  2106 D WifiNetworkFactory: got request NetworkRequest [ TRACK_DEFAULT id=2752, [ Capabilities: INTERNET&NOT_RESTRICTED&TRUSTED Uid: 10175] ] with score 60 and serial -1
06-30 01:18:57.843  1958  2106 D UntrustedWifiNetworkFactory: got request NetworkRequest [ TRACK_DEFAULT id=2752, [ Capabilities: INTERNET&NOT_RESTRICTED&TRUSTED Uid: 10175] ] with score 60 and serial -1
06-30 01:18:57.843  1958  2160 D Ethernet: got request NetworkRequest [ TRACK_DEFAULT id=2752, [ Capabilities: INTERNET&NOT_RESTRICTED&TRUSTED Uid: 10175] ] with score 60 and serial -1
06-30 01:18:57.843  2513  2513 D PhoneSwitcherNetworkRequstListener: got request NetworkRequest [ TRACK_DEFAULT id=2752, [ Capabilities: INTERNET&NOT_RESTRICTED&TRUSTED Uid: 10175] ] with score 60 and serial -1
06-30 01:18:57.845 27742 27826 W linker  : Warning: "/data/app/com.android.vending-DOR0WZ8PK6Txk-ZjEShR9A==/split_config.arm64_v8a.apk!/lib/arm64-v8a/libcronet.139.0.7205.3.so" unused DT entry: unknown processor-specific (type 0x70000001 arg 0x0) (ignoring)
06-30 01:18:57.851   613 27884 E ResolverController: No valid NAT64 prefix (107, <unspecified>/0)
06-30 01:18:57.856 27742 27742 I Finsky  : [2] onSubscriptionsChanged
06-30 01:18:57.867   613 27885 E ResolverController: No valid NAT64 prefix (107, <unspecified>/0)
06-30 01:18:57.879  3633  3633 I CNSS    : Failed to send nl message
06-30 01:18:57.881   613 27895 E ResolverController: No valid NAT64 prefix (107, <unspecified>/0)
06-30 01:18:57.886   511   511 I hwservicemanager: getTransport: Cannot find entry vendor.qti.hardware.servicetracker@1.0::IServicetracker/default in either framework or device manifest.
06-30 01:18:57.888 24094 24094 D BoundBrokerSvc: onBind: Intent { act=com.google.android.gms.gmscompliance.service.START dat=chimera-action: cmp=com.google.android.gms/.chimera.PersistentBoundBrokerService }
06-30 01:18:57.888 24094 24094 D BoundBrokerSvc: Loading bound service for intent: Intent { act=com.google.android.gms.gmscompliance.service.START dat=chimera-action: cmp=com.google.android.gms/.chimera.PersistentBoundBrokerService }
06-30 01:18:57.891 27400 27445 W RenderInspector: QueueBuffer time out on com.BHG.sharechat/com.BHG.sharechat.MainActivity, count=1, avg=18 ms, max=18 ms.
06-30 01:18:57.893   613 27896 E ResolverController: No valid NAT64 prefix (107, <unspecified>/0)
06-30 01:18:57.900   613 27897 E ResolverController: No valid NAT64 prefix (107, <unspecified>/0)
06-30 01:18:57.947 27742 27834 W android.vendin: Verification of void ajqd.C(aqqx, boolean, fmp, int) took 104.283ms
06-30 01:18:57.954 27742 27826 I cn_CronetLibraryLoader: Cronet version: 139.0.7205.3, arch: aarch64
06-30 01:18:57.959 27742 27826 I Finsky  : [16284] registerListener
06-30 01:18:57.962 27742 27826 I Finsky  : [16284] DFS: Listener added for qyj@65571de
06-30 01:18:57.962 27742 27826 I Finsky  : [16284] registerListener
06-30 01:18:57.975 27742 27826 I Finsky  : [16284] Enqueuing libraries load for -496195638
06-30 01:18:57.975 27742 27872 I Finsky  : [16302] Starting libraries load for -496195638
06-30 01:18:57.979 27742 27836 I ActivityThread: com.google.settings acquiringCount 2
06-30 01:18:57.996   511   511 I hwservicemanager: getTransport: Cannot find entry vendor.qti.hardware.servicetracker@1.0::IServicetracker/default in either framework or device manifest.
06-30 01:18:58.000   511   511 I hwservicemanager: getTransport: Cannot find entry vendor.qti.hardware.servicetracker@1.0::IServicetracker/default in either framework or device manifest.
06-30 01:18:58.002 23967 23967 D BoundBrokerSvc: onBind: Intent { act=com.google.android.gms.safetynet.service.START pkg=com.google.android.gms }
06-30 01:18:58.003 23967 23967 D BoundBrokerSvc: Loading bound service for intent: Intent { act=com.google.android.gms.safetynet.service.START pkg=com.google.android.gms }
06-30 01:18:58.008   511   511 I hwservicemanager: getTransport: Cannot find entry vendor.qti.hardware.servicetracker@1.0::IServicetracker/default in either framework or device manifest.
06-30 01:18:58.013   614   614 D Zygote  : Forked child process 27917
06-30 01:18:58.015   613  2099 D OemNetd : setPidForPackage: packageName=com.google.android.gsf, pid=27917, pid=10185
06-30 01:18:58.015  1958  2011 I ActivityManager: Start proc 27917:com.google.process.gapps/u0a185 for content provider{com.google.android.gsf/com.google.android.gsf.settings.GoogleSettingsProvider} caller=com.android.vending
06-30 01:18:58.031 27917 27917 E e.process.gapp: Not starting debugger since process cannot load the jdwp agent.
06-30 01:18:58.039  1958  5236 D CompatibilityInfo: mCompatibilityFlags - 0
06-30 01:18:58.039  1958  5236 D CompatibilityInfo: applicationDensity - 432
06-30 01:18:58.039  1958  5236 D CompatibilityInfo: applicationScale - 1.0
06-30 01:18:58.040 27742 27834 I Finsky  : [16285] VerifyApps: Setup app restrictions monitor
06-30 01:18:58.054   511   511 I hwservicemanager: getTransport: Cannot find entry vendor.qti.hardware.servicetracker@1.0::IServicetracker/default in either framework or device manifest.
06-30 01:18:58.055   511   511 I hwservicemanager: getTransport: Cannot find entry vendor.qti.hardware.servicetracker@1.0::IServicetracker/default in either framework or device manifest.
06-30 01:18:58.069 27742 27834 I Finsky  : [16285] VerifyApps: Device wide unknown source restriction updated
06-30 01:18:58.072  1958  2010 D CompatibilityInfo: mCompatibilityFlags - 0
06-30 01:18:58.072  1958  2010 D CompatibilityInfo: applicationDensity - 432
06-30 01:18:58.072  1958  2010 D CompatibilityInfo: applicationScale - 1.0
06-30 01:18:58.073  1958  2104 I MiuiNetworkPolicy: updateUidState uid = 10175, uidState = 12
06-30 01:18:58.082 27742 27826 I Finsky  : [16284] RECEIVER_SINGLE_USER_SETTINGS#logWorkEndAndFinishGoAsync: SUCCESS
06-30 01:18:58.084  3633  3633 I CNSS    : Failed to send nl message
06-30 01:18:58.085  1958  2104 I MiuiNetworkPolicy: updateUidState uid = 10175, uidState = 20
06-30 01:18:58.091 27742 27870 E Perf    : Fail to get file list com.android.vending
06-30 01:18:58.092 27742 27870 E Perf    : getFolderSize() : Exception_1 = java.lang.NullPointerException: Attempt to get length of null array
06-30 01:18:58.093 27742 27870 E Perf    : Fail to get file list oat
06-30 01:18:58.096 27742 27870 E Perf    : getFolderSize() : Exception_1 = java.lang.NullPointerException: Attempt to get length of null array
06-30 01:18:58.101  3633  3633 I CNSS    : Failed to send nl message
06-30 01:18:58.106  3633  3633 I chatty  : uid=1000(system) /system/vendor/bin/cnss_diag identical 1 line
06-30 01:18:58.110  3633  3633 I CNSS    : Failed to send nl message
06-30 01:18:58.111 27917 27917 I Perf    : Connecting to perf service.
06-30 01:18:58.111  3633  3633 I CNSS    : Failed to send nl message
06-30 01:18:58.136   511   511 I hwservicemanager: getTransport: Cannot find entry vendor.qti.hardware.servicetracker@1.0::IServicetracker/default in either framework or device manifest.
06-30 01:18:58.185 27917 27917 I GoogleHttpClient: GMS http client unavailable, use old client
06-30 01:18:58.188  3633  3633 I CNSS    : Failed to send nl message
06-30 01:18:58.192  3633  3633 I chatty  : uid=1000(system) /system/vendor/bin/cnss_diag identical 3 lines
06-30 01:18:58.193  3633  3633 I CNSS    : Failed to send nl message
06-30 01:18:58.201 27742 27872 I Finsky  : [16302] Loaded library for account: [rbZ2JwwatqEVmwJzUdvVvNrL4hcdszLHePLKMbTY_xE]
06-30 01:18:58.202 27742 27872 I Finsky  : [16302] Loaded library for account: [iriTHYZv7fKagrPIncuj7I8PxG1RppTynK4geHiWfq8]
06-30 01:18:58.202 27742 27872 I Finsky  : [16302] Loaded library for account: [cyOW5VK6ccjVZnb2wlUJT4HyG_5T2e5iRn7Z4iD9I-Q]
06-30 01:18:58.203 27742 27872 I Finsky  : [16302] Finished loading 3 libraries.
06-30 01:18:58.209 27400 27400 D ForceDarkHelper: updateByCheckExcludeList: pkg: com.BHG.sharechat activity: com.BHG.sharechat.MainActivity@a5abff1
06-30 01:18:58.237   511   511 I hwservicemanager: getTransport: Cannot find entry vendor.qti.hardware.servicetracker@1.0::IServicetracker/default in either framework or device manifest.
06-30 01:18:58.252 27742 27835 W BpBinder: Slow Binder: BpBinder transact took 272ms, interface=android.app.IActivityManager, code=20 oneway=false
06-30 01:18:58.238   511   511 I hwservicemanager: getTransport: Cannot find entry vendor.qti.hardware.servicetracker@1.0::IServicetracker/default in either framework or device manifest.
06-30 01:18:58.253 27742 27836 W android.vendin: Long monitor contention with owner BlockingExecutor #0 (27835) at boolean android.os.BinderProxy.transactNative(int, android.os.Parcel, android.os.Parcel, int)(BinderProxy.java:-2) waiters=0in android.content.IContentProvider android.app.ActivityThread.acquireProvider(android.content.Context, java.lang.String, int, boolean) for 273ms
06-30 01:18:58.258 27917 27917 I FeatureParser: can't find violet.xml in assets/device_features/,it may be in /system/etc/device_features
06-30 01:18:58.264 27917 27954 E Perf    : Fail to get file list com.google.android.gsf
06-30 01:18:58.265 27917 27954 E Perf    : getFolderSize() : Exception_1 = java.lang.NullPointerException: Attempt to get length of null array
06-30 01:18:58.265 27917 27954 E Perf    : Fail to get file list com.google.android.gsf
06-30 01:18:58.265 27917 27954 E Perf    : getFolderSize() : Exception_1 = java.lang.NullPointerException: Attempt to get length of null array
06-30 01:18:58.288  3633  3633 I CNSS    : Failed to send nl message
06-30 01:18:58.303 27742 27942 I Finsky  : [16333] Initializing pausers from value store.
06-30 01:18:58.304 27742 27942 I Finsky  : [16333] IQ::HLD: Callers (Pausers) in PauseUpdatesCallersValueStore: []
06-30 01:18:58.311 27742 27951 I Finsky  : [16341] ApplicationRestrictions: {}
06-30 01:18:58.313   511   511 I hwservicemanager: getTransport: Cannot find entry vendor.qti.hardware.servicetracker@1.0::IServicetracker/default in either framework or device manifest.
06-30 01:18:58.409  3633  3633 I CNSS    : Failed to send nl message
06-30 01:18:58.424  3633  3633 I chatty  : uid=1000(system) /system/vendor/bin/cnss_diag identical 3 lines
06-30 01:18:58.424  3633  3633 I CNSS    : Failed to send nl message
06-30 01:18:58.434 27742 27958 I Finsky  : [16343] Created new item store.
06-30 01:18:58.442   511   511 I hwservicemanager: getTransport: Cannot find entry vendor.qti.hardware.servicetracker@1.0::IServicetracker/default in either framework or device manifest.
06-30 01:18:58.445  1958  5236 D CompatibilityInfo: mCompatibilityFlags - 0
06-30 01:18:58.445  1958  5236 D CompatibilityInfo: applicationDensity - 432
06-30 01:18:58.445  1958  5236 D CompatibilityInfo: applicationScale - 1.0
06-30 01:18:58.446   511   511 I hwservicemanager: getTransport: Cannot find entry vendor.qti.hardware.servicetracker@1.0::IServicetracker/default in either framework or device manifest.
06-30 01:18:58.448  1958  2104 I MiuiNetworkPolicy: updateUidState uid = 10175, uidState = 11
06-30 01:18:58.469  1958  2104 I MiuiNetworkPolicy: updateUidState uid = 10175, uidState = 20
06-30 01:18:58.485 27742 27874 I Finsky  : [16304] SysUA: Set SystemUpdateActivity enabled state to 1
06-30 01:18:58.485 27742 27872 I Finsky  : [16302] SysCUA: Set {com.android.vending/com.google.android.finsky.systemcomponentupdateui.common.SystemComponentUpdateActivity} enabled state to 0
06-30 01:18:58.485 27742 27873 I Finsky  : [16303] Set UnhibernateActivity enabled state to 1
06-30 01:18:58.496  3633  3633 I CNSS    : Failed to send nl message
06-30 01:18:58.500  3633  3633 I chatty  : uid=1000(system) /system/vendor/bin/cnss_diag identical 3 lines
06-30 01:18:58.533  3633  3633 I CNSS    : Failed to send nl message
06-30 01:18:58.537 27742 27963 I Finsky  : [16348] Dropped session 388382059 since it's created by system.
06-30 01:18:58.586  3633  3633 I CNSS    : Failed to send nl message
06-30 01:18:58.591 26262 26262 I cr_PolicyProvider: #notifySettingsAvailable() 0
06-30 01:18:58.591 26262 26262 I cr_CombinedPProvider: #onSettingsAvailable() 0
06-30 01:18:58.591 26262 26262 I cr_CombinedPProvider: #flushPolicies()
06-30 01:18:58.592 26262 26262 I cr_PolicyService: #onPolicyServiceInitialized()
06-30 01:18:58.593 26262 27701 W DynamiteModule: Local module descriptor class for com.google.android.gms.googlecertificates not found.
06-30 01:18:58.607   511   511 I hwservicemanager: getTransport: Cannot find entry vendor.qti.hardware.servicetracker@1.0::IServicetracker/default in either framework or device manifest.
06-30 01:18:58.615 27742 27891 D NetworkSecurityConfig: No Network Security Config specified, using platform default
06-30 01:18:58.628 27742 27968 I Finsky  : [16350] SM: There are no stale sessions to be pruned
06-30 01:18:58.639 27742 27742 I Finsky  : [2] Connecting InstallListener to SplitInstallService broadcaster...
06-30 01:18:58.640 26262 27701 I DynamiteModule: Considering local module com.google.android.gms.googlecertificates:0 and remote module com.google.android.gms.googlecertificates:7
06-30 01:18:58.641 26262 27701 I DynamiteModule: Selected remote version of com.google.android.gms.googlecertificates, version >= 7
06-30 01:18:58.689  3633  3633 I CNSS    : Failed to send nl message
06-30 01:18:58.698  3633  3633 I CNSS    : Failed to send nl message
06-30 01:18:58.777 27742 27899 I cn_CronetUrlRequestContext: destroyNativeStreamLocked org.chromium.net.impl.CronetBidirectionalStream@e814e63
06-30 01:18:58.792   511   511 I hwservicemanager: getTransport: Cannot find entry vendor.qti.hardware.servicetracker@1.0::IServicetracker/default in either framework or device manifest.
06-30 01:18:58.809 27400 27400 I Timeline: Timeline: Activity_launch_request time:39913996
06-30 01:18:58.810  1958  5236 I ActivityTaskManager: START u0 {cmp=com.BHG.sharechat/.PostDetailActivity (has extras)}from uid 10768
06-30 01:18:58.810  1958  5236 D MiuiMultiWindowAdapter: MiuiMultiWindowAdapter::getFreeformBlackList::sSmallWindowBlackList = [com.miui.securitycenter, com.miui.weather2, com.miui.miservice, com.android.calendar, com.xiaomi.calendar, com.android.contacts, com.miui.mishare.connectivity, com.android.settings, com.android.printspooler, com.miui.backup, com.miui.huanji, com.miui.calculator, com.android.deskclock, com.android.thememanager, com.mfashiongallery.emag, com.miui.virtualsim, com.miui.smarttravel, com.mi.health, com.android.camera, com.lbe.security.miui, com.miui.cleanmaster, com.miui.newhome, com.miui.voiceassist, com.android.phone, com.miui.yellowpage, com.android.updater, com.miui.tsmclient, com.miui.securitycore, com.xiaomi.account, com.xiaomi.shop, com.mipay.wallet, com.xiaomi.youpin, com.xiaomi.hm.health, com.miui.bugreport, com.xiaomi.mibrain.speech, com.xiaomi.mimoji, com.xiaomi.scanner, com.duokan.phone.remotecontroller, com.miui.hybrid, com.android.incallui, com.miui.video, com.miui.videoplayer, com.miui.player, com.miui.fm, com.miui.packageinstaller, com.mi.android.globallauncher, com.google.android.dialer, com.google.android.apps.magazines, com.miui.compass, com.miui.greenguard, com.kiteguard, com.google.android.apps.prodcasts, com.google.ar.lens, com.xiangkan.android, com.android.bankabc, com.sohu.inputmethod.sogou, com.tencent.mtt, com.shyz.toutiao, com.netease.mc.mi, com.outfit7.talkingtomgoldrun.mi, com.doudz.mi, com.wepie.snake.new.mi, cn.jj, com.standddz002.mi, com.miHoYo.bh3.mi, com.qqgame.hlddz, com.happyelements.AndroidAnimal, com.minitech.miniworld.TMobile.mi, com.mfp.jelly.xiaomi, com.lilithgames.afk.mi, com.tencent.peng, com.teenpatti.hd.gold, blockpuzzle.jewelgames.jewelslegend, com.playgendary.tanks, com.chillingo.robberybobfree.android.row, com.episodeinteractive.android.catalog, com.playrix.township, com.ansangha.drdriving, com.google.android.youtube, com.gbits.atm.mi]
06-30 01:18:58.814  1958  5236 D CompatibilityInfo: mCompatibilityFlags - 0
06-30 01:18:58.814  1958  5236 D CompatibilityInfo: applicationDensity - 432
06-30 01:18:58.814  1958  5236 D CompatibilityInfo: applicationScale - 1.0
06-30 01:18:58.816  1958  5236 D ActivityTrigger: ActivityTrigger activityPauseTrigger
06-30 01:18:58.816 24094 24169 W PhBaseOp: Phenotype API error. Event: # gaja@634c2f28, EventCode: GET_EXP [CONTEXT service_id=51 ]
06-30 01:18:58.816 24094 24169 W PhBaseOp: dgic: 29505: No config packages for log source, or config package not registered
06-30 01:18:58.816 24094 24169 W PhBaseOp:      at dgkw.f(:com.google.android.gms@252431013@25.24.31 (100400-772615181):77)
06-30 01:18:58.816 24094 24169 W PhBaseOp:      at dgku.i(:com.google.android.gms@252431013@25.24.31 (100400-772615181):3)
06-30 01:18:58.816 24094 24169 W PhBaseOp:      at dgjw.h(:com.google.android.gms@252431013@25.24.31 (100400-772615181):35)
06-30 01:18:58.816 24094 24169 W PhBaseOp:      at dgjw.f(:com.google.android.gms@252431013@25.24.31 (100400-772615181):17)
06-30 01:18:58.816 24094 24169 W PhBaseOp:      at cexk.fK(:com.google.android.gms@252431013@25.24.31 (100400-772615181):1)
06-30 01:18:58.816 24094 24169 W PhBaseOp:      at cexo.run(:com.google.android.gms@252431013@25.24.31 (100400-772615181):140)
06-30 01:18:58.816 24094 24169 W PhBaseOp:      at ewkc.run(:com.google.android.gms@252431013@25.24.31 (100400-772615181):21)
06-30 01:18:58.816 24094 24169 W PhBaseOp:      at ayhu.c(:com.google.android.gms@252431013@25.24.31 (100400-772615181):50)
06-30 01:18:58.816 24094 24169 W PhBaseOp:      at ayhu.run(:com.google.android.gms@252431013@25.24.31 (100400-772615181):70)
06-30 01:18:58.816 24094 24169 W PhBaseOp:      at java.util.concurrent.ThreadPoolExecutor.runWorker(ThreadPoolExecutor.java:1167)
06-30 01:18:58.816 24094 24169 W PhBaseOp:      at java.util.concurrent.ThreadPoolExecutor$Worker.run(ThreadPoolExecutor.java:641)
06-30 01:18:58.816 24094 24169 W PhBaseOp:      at aynj.run(:com.google.android.gms@252431013@25.24.31 (100400-772615181):8)
06-30 01:18:58.816 24094 24169 W PhBaseOp:      at java.lang.Thread.run(Thread.java:919)
06-30 01:18:58.817 24094 24169 W AsyncOperation: operation=GetExperimentTokensOperationCall, opStatusCode=29505 [CONTEXT service_id=51 ]
06-30 01:18:58.817 24094 24169 W AsyncOperation: OperationException[Status{statusCode=No config packages for log source, or config package not registered, resolution=null}]
06-30 01:18:58.817 24094 24169 W AsyncOperation:        at dgjw.h(:com.google.android.gms@252431013@25.24.31 (100400-772615181):65)
06-30 01:18:58.817 24094 24169 W AsyncOperation:        at dgjw.f(:com.google.android.gms@252431013@25.24.31 (100400-772615181):17)
06-30 01:18:58.817 24094 24169 W AsyncOperation:        at cexk.fK(:com.google.android.gms@252431013@25.24.31 (100400-772615181):1)
06-30 01:18:58.817 24094 24169 W AsyncOperation:        at cexo.run(:com.google.android.gms@252431013@25.24.31 (100400-772615181):140)
06-30 01:18:58.817 24094 24169 W AsyncOperation:        at ewkc.run(:com.google.android.gms@252431013@25.24.31 (100400-772615181):21)
06-30 01:18:58.817 24094 24169 W AsyncOperation:        at ayhu.c(:com.google.android.gms@252431013@25.24.31 (100400-772615181):50)
06-30 01:18:58.817 24094 24169 W AsyncOperation:        at ayhu.run(:com.google.android.gms@252431013@25.24.31 (100400-772615181):70)
06-30 01:18:58.817 24094 24169 W AsyncOperation:        at java.util.concurrent.ThreadPoolExecutor.runWorker(ThreadPoolExecutor.java:1167)
06-30 01:18:58.817 24094 24169 W AsyncOperation:        at java.util.concurrent.ThreadPoolExecutor$Worker.run(ThreadPoolExecutor.java:641)
06-30 01:18:58.817 24094 24169 W AsyncOperation:        at aynj.run(:com.google.android.gms@252431013@25.24.31 (100400-772615181):8)
06-30 01:18:58.817 24094 24169 W AsyncOperation:        at java.lang.Thread.run(Thread.java:919)
06-30 01:18:58.819 27400 27400 W ActivityThread: SCHED: com.BHG.sharechat/.MainActivity [71, r=300ms, a=122ms, w=4114ms]
06-30 01:18:58.823  1958  3853 I ActivityTaskManager: The Process com.BHG.sharechat Already Exists in BG. So sending its PID: 27400
06-30 01:18:58.824  1958  3853 D CompatibilityInfo: mCompatibilityFlags - 0
06-30 01:18:58.824  1958  3853 D CompatibilityInfo: applicationDensity - 432
06-30 01:18:58.824  1958  3853 D CompatibilityInfo: applicationScale - 1.0
06-30 01:18:58.827  1958  3853 I Timeline: Timeline: App_transition_ready time:39914014
06-30 01:18:58.828 27400 27400 W ActivityThread: handleWindowVisibility: no activity for token android.os.BinderProxy@2fd9b5f
06-30 01:18:58.841  3633  3633 I CNSS    : Failed to send nl message
06-30 01:18:58.846  3633  3633 I chatty  : uid=1000(system) /system/vendor/bin/cnss_diag identical 14 lines
06-30 01:18:58.847  3633  3633 I CNSS    : Failed to send nl message
06-30 01:18:58.848 27400 27400 D ForceDarkHelper: updateByCheckExcludeList: pkg: com.BHG.sharechat activity: com.BHG.sharechat.PostDetailActivity@54651f3
06-30 01:18:58.868 27400 27400 I chatty  : uid=10768(com.BHG.sharechat) identical 10 lines
06-30 01:18:58.868 27400 27400 D ForceDarkHelper: updateByCheckExcludeList: pkg: com.BHG.sharechat activity: com.BHG.sharechat.PostDetailActivity@54651f3
06-30 01:18:58.869 23967 27151 D AdvertisingIdClient: AdvertisingIdClient already created.
06-30 01:18:58.869 27400 27400 D ForceDarkHelper: updateByCheckExcludeList: pkg: com.BHG.sharechat activity: com.BHG.sharechat.PostDetailActivity@54651f3
06-30 01:18:58.871 27400 27400 I chatty  : uid=10768(com.BHG.sharechat) identical 3 lines
06-30 01:18:58.871 27400 27400 D ForceDarkHelper: updateByCheckExcludeList: pkg: com.BHG.sharechat activity: com.BHG.sharechat.PostDetailActivity@54651f3
06-30 01:18:58.874 23967 27151 I AdvertisingIdClient: shouldSendLog 134183814
06-30 01:18:58.874 23967 27151 I AdvertisingIdClient: GetInfoInternal elapse 5ms
06-30 01:18:58.880 27400 27400 D ForceDarkHelper: updateByCheckExcludeList: pkg: com.BHG.sharechat activity: com.BHG.sharechat.PostDetailActivity@54651f3
06-30 01:18:58.882 27400 27400 D ForceDarkHelper: updateByCheckExcludeList: pkg: com.BHG.sharechat activity: com.BHG.sharechat.PostDetailActivity@54651f3
06-30 01:18:58.885 27400 27400 D AndroidRuntime: Shutting down VM
06-30 01:18:58.886 27400 27400 E AndroidRuntime: FATAL EXCEPTION: main
06-30 01:18:58.886 27400 27400 E AndroidRuntime: Process: com.BHG.sharechat, PID: 27400
06-30 01:18:58.886 27400 27400 E AndroidRuntime: java.lang.RuntimeException: Unable to start activity ComponentInfo{com.BHG.sharechat/com.BHG.sharechat.PostDetailActivity}: java.lang.IllegalArgumentException: Invalid document reference. Document references must have an even number of segments, but likes has 1
06-30 01:18:58.886 27400 27400 E AndroidRuntime:        at android.app.ActivityThread.performLaunchActivity(ActivityThread.java:3311)
06-30 01:18:58.886 27400 27400 E AndroidRuntime:        at android.app.ActivityThread.handleLaunchActivity(ActivityThread.java:3460)
06-30 01:18:58.886 27400 27400 E AndroidRuntime:        at android.app.servertransaction.LaunchActivityItem.execute(LaunchActivityItem.java:83)
06-30 01:18:58.886 27400 27400 E AndroidRuntime:        at android.app.servertransaction.TransactionExecutor.executeCallbacks(TransactionExecutor.java:135)
06-30 01:18:58.886 27400 27400 E AndroidRuntime:        at android.app.servertransaction.TransactionExecutor.execute(TransactionExecutor.java:95)
06-30 01:18:58.886 27400 27400 E AndroidRuntime:        at android.app.ActivityThread$H.handleMessage(ActivityThread.java:2047)
06-30 01:18:58.886 27400 27400 E AndroidRuntime:        at android.os.Handler.dispatchMessage(Handler.java:107)
06-30 01:18:58.886 27400 27400 E AndroidRuntime:        at android.os.Looper.loop(Looper.java:224)
06-30 01:18:58.886 27400 27400 E AndroidRuntime:        at android.app.ActivityThread.main(ActivityThread.java:7592)
06-30 01:18:58.886 27400 27400 E AndroidRuntime:        at java.lang.reflect.Method.invoke(Native Method)
06-30 01:18:58.886 27400 27400 E AndroidRuntime:        at com.android.internal.os.RuntimeInit$MethodAndArgsCaller.run(RuntimeInit.java:539)
06-30 01:18:58.886 27400 27400 E AndroidRuntime:        at com.android.internal.os.ZygoteInit.main(ZygoteInit.java:950)
06-30 01:18:58.886 27400 27400 E AndroidRuntime: Caused by: java.lang.IllegalArgumentException: Invalid document reference. Document references must have an even number of segments, but likes has 1
06-30 01:18:58.886 27400 27400 E AndroidRuntime:        at com.google.firebase.firestore.DocumentReference.forPath(DocumentReference.java:81)
06-30 01:18:58.886 27400 27400 E AndroidRuntime:        at com.google.firebase.firestore.CollectionReference.document(CollectionReference.java:104)
06-30 01:18:58.886 27400 27400 E AndroidRuntime:        at com.BHG.sharechat.PostDetailActivity.setupLikeStatus(PostDetailActivity.kt:164)
06-30 01:18:58.886 27400 27400 E AndroidRuntime:        at com.BHG.sharechat.PostDetailActivity.onCreate(PostDetailActivity.kt:61)
06-30 01:18:58.886 27400 27400 E AndroidRuntime:        at android.app.Activity.performCreate(Activity.java:7893)
06-30 01:18:58.886 27400 27400 E AndroidRuntime:        at android.app.Activity.performCreate(Activity.java:7880)
06-30 01:18:58.886 27400 27400 E AndroidRuntime:        at android.app.Instrumentation.callActivityOnCreate(Instrumentation.java:1307)
06-30 01:18:58.886 27400 27400 E AndroidRuntime:        at android.app.ActivityThread.performLaunchActivity(ActivityThread.java:3286)
06-30 01:18:58.886 27400 27400 E AndroidRuntime:        ... 11 more
06-30 01:18:58.887 26262 27701 E libc    : Access denied finding property "ro.hardware.chipname"
06-30 01:18:58.888  1958  5236 W ActivityTaskManager:   Force finishing activity com.BHG.sharechat/.PostDetailActivity
06-30 01:18:58.888  1958  5236 D ActivityTrigger: ActivityTrigger activityPauseTrigger
06-30 01:18:58.890  1958  5236 W ActivityTaskManager:   Force finishing activity com.BHG.sharechat/.MainActivity
06-30 01:18:58.876 26262 26262 W ThreadPoolForeg: type=1400 audit(0.0:20064): avc: denied { read } for name="u:object_r:vendor_default_prop:s0" dev="tmpfs" ino=24807 scontext=u:r:untrusted_app:s0:c193,c256,c512,c768 tcontext=u:object_r:vendor_default_prop:s0 tclass=file permissive=0
06-30 01:18:58.892  1958 27974 I DropBoxManagerService: add tag=data_app_crash isTagEnabled=true flags=0x2
06-30 01:18:58.897  1958  2010 W BroadcastQueue: Background execution not allowed: receiving Intent { act=android.intent.action.DROPBOX_ENTRY_ADDED flg=0x10 (has extras) } to com.google.android.gms/.stats.service.DropBoxEntryAddedReceiver
06-30 01:18:58.898 27400 27400 I Process : Sending signal. PID: 27400 SIG: 9
06-30 01:18:58.904  3633  3633 I CNSS    : Failed to send nl message
06-30 01:18:58.904 25359 25376 D PMonitor:  onForegroundActivitiesChanged:pid = 25324,activity-uid=10094,foregroundActivities=true
06-30 01:18:58.905  1958  2104 I MiuiNetworkPolicy: updateUidState uid = 10094, uidState = 2
06-30 01:18:58.907  1958  2351 D CompatibilityInfo: mCompatibilityFlags - 0
06-30 01:18:58.907  1958  2351 D CompatibilityInfo: applicationDensity - 432
06-30 01:18:58.907  1958  2351 D CompatibilityInfo: applicationScale - 1.0
06-30 01:18:58.908   511   511 I hwservicemanager: getTransport: Cannot find entry vendor.qti.hardware.servicetracker@1.0::IServicetracker/default in either framework or device manifest.
06-30 01:18:58.921  1958  5236 D CompatibilityInfo: mCompatibilityFlags - 0
06-30 01:18:58.921  1958  5236 D CompatibilityInfo: applicationDensity - 432
06-30 01:18:58.921  1958  5236 D CompatibilityInfo: applicationScale - 1.0
06-30 01:18:58.921   511   511 I hwservicemanager: getTransport: Cannot find entry vendor.qti.hardware.servicetracker@1.0::IServicetracker/default in either framework or device manifest.
06-30 01:18:58.929   511   511 I hwservicemanager: getTransport: Cannot find entry vendor.qti.hardware.servicetracker@1.0::IServicetracker/default in either framework or device manifest.
06-30 01:18:58.934 23967 23967 D BoundBrokerSvc: onBind: Intent { act=com.google.android.gms.fido.fido2.firstparty.START pkg=com.google.android.gms }
06-30 01:18:58.934 23967 23967 D BoundBrokerSvc: Loading bound service for intent: Intent { act=com.google.android.gms.fido.fido2.firstparty.START pkg=com.google.android.gms }
06-30 01:18:58.940 27742 27766 I Finsky  : [16277] Setup::DSE: Android ID is non-zero.
06-30 01:18:58.941 27742 27766 I Finsky  : [16277] Setup::DSE: Phenotype experiments synced with status: NO_UPDATE
06-30 01:18:58.945 27742 27766 I Finsky  : [16277] Package com.android.chrome is verified.
06-30 01:18:58.948 26262 26262 I cr_PolicyProvider: #notifySettingsAvailable() 0
06-30 01:18:58.948 26262 26262 I cr_CombinedPProvider: #onSettingsAvailable() 0
06-30 01:18:58.948 26262 26262 I cr_CombinedPProvider: #flushPolicies()
06-30 01:18:58.955 27742 27766 I Finsky  : [16277] DSE: Set Settings.Secure.play_determined_dma_eligibility to: 0 (success=true)
06-30 01:18:58.956   511   511 I hwservicemanager: getTransport: Cannot find entry vendor.qti.hardware.servicetracker@1.0::IServicetracker/default in either framework or device manifest.
06-30 01:18:58.961  1958  2089 W InputDispatcher: channel 'e6575e6 com.BHG.sharechat/com.BHG.sharechat.MainActivity (server)' ~ Consumer closed input channel or an error occurred.  events=0x9
06-30 01:18:58.961  1958  2089 E InputDispatcher: channel 'e6575e6 com.BHG.sharechat/com.BHG.sharechat.MainActivity (server)' ~ Channel is unrecoverably broken and will be disposed!
06-30 01:18:58.992 25666 16154 I SCTaskStackListener: onTaskStackChanged! inSplit = false
06-30 01:18:58.992 25666 13148 I SCTaskStackListener: onTaskStackChanged! inSplit = false
06-30 01:18:59.006   511   511 I hwservicemanager: getTransport: Cannot find entry vendor.qti.hardware.servicetracker@1.0::IServicetracker/default in either framework or device manifest.
06-30 01:18:59.009  1958  4415 I ActivityManager: Process com.BHG.sharechat (pid 27400) has died: vis+99 TOP
06-30 01:18:59.011  1958  5269 I WindowManager: WIN DEATH: Window{e6575e6 u0 com.BHG.sharechat/com.BHG.sharechat.MainActivity}
06-30 01:18:59.011   614   614 I Zygote  : Process 27400 exited due to signal 9 (Killed)
06-30 01:18:59.011  1958  5269 W InputDispatcher: Attempted to unregister already unregistered input channel 'e6575e6 com.BHG.sharechat/com.BHG.sharechat.MainActivity (server)'
06-30 01:18:59.014   511   511 I hwservicemanager: getTransport: Cannot find entry vendor.qti.hardware.servicetracker@1.0::IServicetracker/default in either framework or device manifest.
06-30 01:18:59.015  1958  2012 I libprocessgroup: Successfully killed process cgroup uid 10768 pid 27400 in 5ms
06-30 01:18:59.026 25910 27070 I ProcessMonitor: onForegroundInfoChanged: ForegroundInfo{mForegroundPackageName='com.miui.home', mForegroundUid=10094, mForegroundPid=25324, mLastForegroundPackageName='com.BHG.sharechat', mLastForegroundUid=10768, mLastForegroundPid=27400, mMultiWindowForegroundPackageName='null', mMultiWindowForegroundUid=-1, mFlags=0}
06-30 01:18:59.026 25666 13148 I ProcessMonitor: onForegroundInfoChanged: ForegroundInfo{mForegroundPackageName='com.miui.home', mForegroundUid=10094, mForegroundPid=25324, mLastForegroundPackageName='com.BHG.sharechat', mLastForegroundUid=10768, mLastForegroundPid=27400, mMultiWindowForegroundPackageName='null', mMultiWindowForegroundUid=-1, mFlags=0}
06-30 01:18:59.027  5413  8051 D PerfEngineController: ForegroundInfo{mForegroundPackageName='com.miui.home', mForegroundUid=10094, mForegroundPid=25324, mLastForegroundPackageName='com.BHG.sharechat', mLastForegroundUid=10768, mLastForegroundPid=27400, mMultiWindowForegroundPackageName='null', mMultiWindowForegroundUid=-1, mFlags=0}
06-30 01:18:59.027  5428  6806 I GST     : forePkg: com.miui.home, preForePkg: com.BHG.sharechat
06-30 01:18:59.028 25666 13148 I GameBoosterService: onForegroundInfoChanged: Cur=com.miui.home  last=com.BHG.sharechat
06-30 01:18:59.028  1958  4415 I Timeline: Timeline: App_transition_ready time:39914216
06-30 01:18:59.029 25666 13148 D GameBoosterService: onGameStatusChange foreground:ForegroundInfo{mForegroundPackageName='com.miui.home', mForegroundUid=10094, mForegroundPid=25324, mLastForegroundPackageName='com.BHG.sharechat', mLastForegroundUid=10768, mLastForegroundPid=27400, mMultiWindowForegroundPackageName='null', mMultiWindowForegroundUid=-1, mFlags=0}
06-30 01:18:59.029 25666 13148 I VideoBoxUtils: isSupportVideoBox: false
06-30 01:18:59.030 25666 13148 I VideoToolBoxService: vtb is closed!!!
06-30 01:18:59.034  1958  2104 I MiuiNetworkPolicy: removeUidState uid = 10768
06-30 01:18:59.036  2181  2181 D EventBus: [2181, u0] send(AppTransitionFinishedEvent)
06-30 01:18:59.036  2181  2181 D EventBus: [2181, u0]  -> ForcedResizableInfoActivityController [0xd8e5e6, P1] onBusEvent(AppTransitionFinishedEvent)
06-30 01:18:59.036  2181  2181 D EventBus: [2181, u0] onBusEvent(AppTransitionFinishedEvent) duration: 14 microseconds,avg: 165
06-30 01:18:59.036  2181  2181 D EventBus: [2181, u0] send(AppTransitionFinishedEvent)
06-30 01:18:59.036  2181  2181 D EventBus: [2181, u0]  -> ForcedResizableInfoActivityController [0xd8e5e6, P1] onBusEvent(AppTransitionFinishedEvent)
06-30 01:18:59.036  2181  2181 D EventBus: [2181, u0] onBusEvent(AppTransitionFinishedEvent) duration: 8 microseconds, avg: 165
06-30 01:18:59.037  1958  1996 W ActivityManager: setHasOverlayUi called on unknown pid: 27400
06-30 01:18:59.039  1958  4415 I Timeline: Timeline: App_transition_ready time:39914226
06-30 01:18:59.041 25324 25324 D Launcher.Lifecycle: onStart:UserHandle{0},e938a99,false
06-30 01:18:59.043 25324 26142 I RenderThread: RenderThread resumed
06-30 01:18:59.043 25324 26142 I RenderThread: All controllers paused.
06-30 01:18:59.043 25324 26142 I RenderThread: RenderThread paused, waiting for signal
06-30 01:18:59.044   511   511 I hwservicemanager: getTransport: Cannot find entry vendor.qti.hardware.servicetracker@1.0::IServicetracker/default in either framework or device manifest.
06-30 01:18:59.047 25324 25324 D Launcher.Lifecycle: onResume:UserHandle{0},e938a99,false
06-30 01:18:59.048 25324 26142 I RenderThread: RenderThread resumed
06-30 01:18:59.048 25324 26142 I RenderThread: All controllers paused.
06-30 01:18:59.048 25324 26142 I RenderThread: RenderThread paused, waiting for signal
06-30 01:18:59.049  2181  2181 D StatusBar: recevie broadbcast ACTION_APPLICATION_MESSAGE_QUERY, requestFirstTime=false
06-30 01:18:59.049 25324 25393 D StatusBarController: handleMessage: flag 800000  disable false
06-30 01:18:59.055  1958  1997 I Timeline: Timeline: App_transition_ready time:39914242
06-30 01:18:59.060  1958  1981 I Timeline: Timeline: App_transition_ready time:39914247
06-30 01:18:59.071  1958  1997 I Timeline: Timeline: App_transition_ready time:39914259
06-30 01:18:59.081 25324 25324 D Launcher_WallpaperUtils: changeStatusBarMode:false
06-30 01:18:59.081 25324 25324 D RecentsImpl: mActivityStateObserver com.miui.home.launcher.Launcher
06-30 01:18:59.081 25324 25324 W RecentsImpl: onResumed className=com.miui.home.launcher.Launcher   mIsInAnotherPro=false
06-30 01:18:59.084  1958  1997 I Timeline: Timeline: App_transition_ready time:39914272
06-30 01:18:59.085 25324 25324 D Launcher.Lifecycle: onWindowFocusChanged:true,UserHandle{0},e938a99,false
06-30 01:18:59.085 25324 25324 D Launcher_UnlockAnimationStateMachine: onWindowFocus:IDLE
06-30 01:18:59.085  1958  1997 I Timeline: Timeline: Activity_windows_visible id: ActivityRecord{ddb1799 u0 com.miui.home/.launcher.Launcher t1} time:39914272
06-30 01:18:59.085  1958  1997 I Timeline: Timeline: App_transition_stopped time:39914272
06-30 01:18:59.088   511   511 I hwservicemanager: getTransport: Cannot find entry vendor.qti.hardware.servicetracker@1.0::IServicetracker/default in either framework or device manifest.
06-30 01:18:59.090  2181  2181 D EventBus: [2181, u0] send(AppTransitionFinishedEvent)
06-30 01:18:59.090  2181  2181 D EventBus: [2181, u0]  -> ForcedResizableInfoActivityController [0xd8e5e6, P1] onBusEvent(AppTransitionFinishedEvent)
06-30 01:18:59.090  2181  2181 D EventBus: [2181, u0] onBusEvent(AppTransitionFinishedEvent) duration: 12 microseconds,avg: 165
06-30 01:18:59.091  2181  2181 D EventBus: [2181, u0] send(AppTransitionFinishedEvent)
06-30 01:18:59.091  2181  2181 D EventBus: [2181, u0]  -> ForcedResizableInfoActivityController [0xd8e5e6, P1] onBusEvent(AppTransitionFinishedEvent)
06-30 01:18:59.091  2181  2181 D EventBus: [2181, u0] onBusEvent(AppTransitionFinishedEvent) duration: 9 microseconds, avg: 165
06-30 01:18:59.091  2181  2181 D StatusBar: disable<e i a s b h r c s > disable2<q i n g r >
06-30 01:18:59.092  1958  5269 D CompatibilityInfo: mCompatibilityFlags - 0
06-30 01:18:59.092  1958  5269 D CompatibilityInfo: applicationDensity - 432
06-30 01:18:59.092  1958  5269 D CompatibilityInfo: applicationScale - 1.0
06-30 01:18:59.092  2181  2181 D PhoneStatusBar/NavigationBarView: setDisabledFlags back:false home:false recent:false
06-30 01:18:59.092  2181  2181 D StatusBarClock:  isNormalMode= true clock visible=true
06-30 01:18:59.093   511   511 I hwservicemanager: getTransport: Cannot find entry vendor.qti.hardware.servicetracker@1.0::IServicetracker/default in either framework or device manifest.
06-30 01:18:59.096 25324 25324 E RotationHelper: setCurrentTransitionRequest: request=0
06-30 01:18:59.096 25324 25324 E RotationHelper: setCurrentTransitionRequest: request=0
06-30 01:18:59.097 28084 28084 I GoogleInputMethodService: GoogleInputMethodService.onFinishInput():1984
06-30 01:18:59.100 28084 28084 I Module  : DeviceLockedStatusModuleProvider$Module.updateDeviceLockedStatus():100 repeatCheckTimes = 0, locked = false
06-30 01:18:59.100 28084 28084 I GoogleInputMethodService: GoogleInputMethodService.onStartInput():1248 onStartInput(EditorInfo{EditorInfo{packageName=com.miui.home, inputType=0, inputTypeString=NULL, enableLearning=false, autoCorrection=false, autoComplete=false, imeOptions=0, privateImeOptions=null, actionName=UNSPECIFIED, actionLabel=null, initialSelStart=-1, initialSelEnd=-1, initialCapsMode=0, label=null, fieldId=2131361997, fieldName=null, extras=null, hintText=null, hintLocales=[]}}, false)
06-30 01:18:59.101 28084 28084 I Module  : DeviceLockedStatusModuleProvider$Module.updateDeviceLockedStatus():100 repeatCheckTimes = 1, locked = false
06-30 01:18:59.104  2181  2181 D PhoneStatusBar/NavigationBarView: onDraw
06-30 01:18:59.108  3633  3633 I CNSS    : Failed to send nl message
06-30 01:18:59.162   613 27980 E ResolverController: No valid NAT64 prefix (107, <unspecified>/0)
06-30 01:18:59.179 26262 27703 W chromium: [WARNING:net/cert/ev_root_ca_metadata.cc:119] Not implemented
06-30 01:18:59.210  3633  3633 I CNSS    : Failed to send nl message
06-30 01:18:59.313  3633  3633 I CNSS    : Failed to send nl message
06-30 01:18:59.386  2181  2181 D KeyguardUpdateMonitor: received broadcast android.intent.action.BATTERY_CHANGED
06-30 01:18:59.387 25666 25666 I BatteryInfoReceiver: ACTION_BATTERY_CHANGED
06-30 01:18:59.388 25666 25666 I PowerSaveService: onReceive: android.intent.action.BATTERY_CHANGED
06-30 01:18:59.388  5413  5606 D PowerCheckerService: onBatteryChanged, mBatteryLevel = 100, status = 5, level = 100, plug = 2, scale = 100
06-30 01:18:59.389  2513  2513 D QtiCarrierConfigHelper: WARNING, no carrier configs on phone Id: 0
06-30 01:18:59.389  1958  1996 W ActivityTaskManager: Activity top resumed state loss timeout for ActivityRecord{75051du0 com.BHG.sharechat/.PostDetailActivity t-1 f}
06-30 01:18:59.391 25666 25666 I PowerNoticeUI: handleBatteryChanged oldPlugType 2 mPlugType 2 oldBatteryLevel 100 mBatteryLevel 100 temperature 311
06-30 01:18:59.399  3633  3633 I CNSS    : Failed to send nl message
06-30 01:18:59.831  3633  3633 I chatty  : uid=1000(system) /system/vendor/bin/cnss_diag identical 10 lines
06-30 01:18:59.833  3633  3633 I CNSS    : Failed to send nl message
06-30 01:18:59.867 26262 26879 I PlayCore: UID: [10193]  PID: [26262] OnRequestInstallCallback : onRequestInfo
