ssifier
07-03 19:13:29.437  3855  9820 W MiuiPerfServiceClient: interceptAndQueuing:15119|com.miui.gallery|395|379|unknown|null|com.miui.gallery/com.miui.gallery.activity.ExternalPhotoPageActivity|116051991672394|Slow main thread|2
07-03 19:13:30.048 15026 15051 W BpBinder: Slow Binder: BpBinder transact took 916ms, interface=android.hardware.camera2.ICameraDeviceUser, code=1 oneway=false
07-03 19:13:30.132 15119 15119 I Timeline: Timeline: Activity_launch_request time:116053649
07-03 19:13:30.149  1958  3901 I ActivityTaskManager: START u0 {cmp=com.miui.gallery/.activity.PhotoDetailActivity (hasextras)} from uid 10103
07-03 19:13:30.167 15119 15119 W ActivityThread: SCHED: com.miui.gallery/.activity.ExternalPhotoPageActivity [75, r=357ms, a=117ms, w=2762ms]
07-03 19:13:30.177  1958  5270 I ActivityTaskManager: The Process com.miui.gallery Already Exists in BG. So sending itsPID: 15119
07-03 19:13:30.194  1958  5270 I Timeline: Timeline: App_transition_ready time:116053711
07-03 19:13:30.201  1958  5270 I Timeline: Timeline: App_transition_ready time:116053718
07-03 19:13:30.270  1958  5270 E WindowManager: App trying to use insecure INPUT_FEATURE_NO_INPUT_CHANNEL flag. Ignoring
07-03 19:13:30.286  1958  5270 I Timeline: Timeline: App_transition_ready time:116053803
07-03 19:13:30.288  1958  5270 I Timeline: Timeline: App_transition_ready time:116053805
07-03 19:13:30.309  1958  1997 I Timeline: Timeline: App_transition_ready time:116053826
07-03 19:13:30.552  1958  1997 I Timeline: Timeline: Activity_windows_visible id: ActivityRecord{43936e1 u0 com.miui.gallery/.activity.PhotoDetailActivity t1188} time:116054068
07-03 19:13:30.563  1958  1997 I Timeline: Timeline: App_transition_stopped time:116054079
07-03 19:13:32.868  1958  3901 W BaseMiuiPhoneWindowManager: keyCode:3 down:true eventTime:116056374 downTime:116056374policyFlags:2b000002 flags:48 deviceId:-1 isScreenOn:true keyguardActive:false repeatCount:0
07-03 19:13:32.962  2181  2181 W InputEventReceiver: App Input: Dispatching InputEvent took 106ms in main thread! (MotionEvent: event_seq=159616, seq=518503, action=ACTION_DOWN)
07-03 19:13:32.965  1958  2647 W BaseMiuiPhoneWindowManager: keyCode:3 down:false eventTime:116056481 downTime:116056374 policyFlags:2b000002 flags:48 deviceId:-1 isScreenOn:true keyguardActive:false repeatCount:0
07-03 19:13:32.982  1958  2089 I ActivityTaskManager: START u0 {act=android.intent.action.MAIN cat=[android.intent.category.HOME] flg=0x10000100 cmp=com.miui.home/.launcher.Launcher (has extras)} from uid 0
07-03 19:13:33.002  1958  2089 I Timeline: Timeline: App_transition_ready time:116056519
07-03 19:13:33.007 15119 15119 W ActivityThread: SCHED: com.miui.gallery/.activity.PhotoDetailActivity [66, r=55ms, a=28ms, w=2744ms]
07-03 19:13:33.010  1958  2647 I Timeline: Timeline: App_transition_ready time:116056527
07-03 19:13:33.013  1958  1997 I Timeline: Timeline: App_transition_ready time:116056529
07-03 19:13:33.025  1958  2647 I Timeline: Timeline: App_transition_ready time:116056542
07-03 19:13:33.031  1958  1997 I Timeline: Timeline: App_transition_ready time:116056548
07-03 19:13:33.084  1958  2011 I ActivityManager: Start proc 16212:com.mi.android.globalminusscreen/1000 for service {com.mi.android.globalminusscreen/com.google.mi.apps.gsa.nowoverlayservice.DrawerOverlayService} caller=com.miui.home
07-03 19:13:33.101  1958  3853 I Timeline: Timeline: App_transition_ready time:116056617
07-03 19:13:33.116  1958  1997 I Timeline: Timeline: App_transition_ready time:116056633
07-03 19:13:33.142  1958  1997 I Timeline: Timeline: App_transition_ready time:116056659
07-03 19:13:33.527 16212 16243 E ActivityThread: Failed to find provider info for com.mi.globalminusscreen.provider
07-03 19:13:33.633  1958  2647 I Timeline: Timeline: Activity_windows_visible id: ActivityRecord{ddb1799 u0 com.miui.home/.launcher.Launcher t1} time:116057150
07-03 19:13:33.636  1958  1997 I Timeline: Timeline: App_transition_stopped time:116057153
07-03 19:13:35.002 25324 25324 I Timeline: Timeline: Activity_launch_request time:116058519
07-03 19:13:35.007  1958  2647 I ActivityTaskManager: START u0 {act=android.intent.action.MAIN cat=[android.intent.category.LAUNCHER] flg=0x10200000 cmp=com.BHG.gurbani/.SplashActivity bnds=[579,757][755,933] (has extras)} from uid 10094
07-03 19:13:35.079 25324 25324 W ActivityThread: SCHED: com.miui.home/.launcher.Launcher [76, r=200ms, a=62ms, w=2011ms]
07-03 19:13:35.125  1958  2011 I ActivityManager: Start proc 16316:com.BHG.gurbani/u0a776 for activity {com.BHG.gurbani/com.BHG.gurbani.SplashActivity} caller=com.miui.home
07-03 19:13:35.152  1958  1997 I Timeline: Timeline: App_transition_ready time:116058669
07-03 19:13:35.335  1958  1997 I Timeline: Timeline: App_transition_stopped time:116058852
07-03 19:13:35.481  1958  3417 E WindowManager: App trying to use insecure INPUT_FEATURE_NO_INPUT_CHANNEL flag. Ignoring
07-03 19:13:35.485 16316 16316 W Looper  : Slow Looper main: Activity com.BHG.gurbani/.SplashActivity is 336ms late (wall=0ms running=0ms ClientTransaction{ callbacks=[android.app.servertransaction.TopResumedActivityChangeItem] }) because of 3 msg, msg 2 took 211ms (seq=2 running=64ms runnable=11ms io=113ms late=20ms h=android.app.ActivityThread$H w=110), msg 3 took 106ms (seq=3 running=70ms runnable=6ms io=15ms late=230ms h=android.app.ActivityThread$H w=159)
07-03 19:13:35.570  1958  1997 I Timeline: Timeline: Activity_windows_visible id: ActivityRecord{f6eea59 u0 com.BHG.gurbani/.SplashActivity t1627} time:116059087
07-03 19:13:38.475 16316 16316 I Timeline: Timeline: Activity_launch_request time:116061992
07-03 19:13:38.478  1958  3853 I ActivityTaskManager: START u0 {cmp=com.BHG.gurbani/.AuthActivity} from uid 10776
07-03 19:13:38.512 16316 16316 W ActivityThread: SCHED: com.BHG.gurbani/.SplashActivity [65, r=26ms, a=14ms, w=3040ms]
07-03 19:13:38.515  1958  3417 I ActivityTaskManager: The Process com.BHG.gurbani Already Exists in BG. So sending its PID: 16316
07-03 19:13:38.522  1958  3417 I Timeline: Timeline: App_transition_ready time:116062038
07-03 19:13:38.687 16316 16316 I Timeline: Timeline: Activity_launch_request time:116062204
07-03 19:13:38.687  1958  5270 I ActivityTaskManager: START u0 {cmp=com.BHG.gurbani/.MainActivity} from uid 10776
07-03 19:13:38.705  1958  5270 I ActivityTaskManager: The Process com.BHG.gurbani Already Exists in BG. So sending its PID: 16316
07-03 19:13:38.709  1958  5270 I Timeline: Timeline: App_transition_ready time:116062226
07-03 19:13:38.711  1958  1997 I Timeline: Timeline: App_transition_ready time:116062228
07-03 19:13:38.915 16316 16316 W Activity: Slow Operation: Activity com.BHG.gurbani/.MainActivity onStart took 109ms
07-03 19:13:38.922  1958  3901 E WindowManager: App trying to use insecure INPUT_FEATURE_NO_INPUT_CHANNEL flag. Ignoring
07-03 19:13:38.947  1958  3417 I Timeline: Timeline: App_transition_ready time:116062464
07-03 19:13:38.951  1958  3417 I Timeline: Timeline: App_transition_ready time:116062468
07-03 19:13:38.974  1958  1997 I Timeline: Timeline: App_transition_ready time:116062491
07-03 19:13:39.141  1958  2011 I ActivityManager: Start proc 16448:com.qualcomm.telephony/u0a195 for service {com.qualcomm.atfwd/com.qualcomm.atfwd.AtFwdService} caller=com.qualcomm.atfwd
07-03 19:13:39.216  1958  1997 I Timeline: Timeline: Activity_windows_visible id: ActivityRecord{6e41cd5 u0 com.BHG.gurbani/.MainActivity t1627} time:116062733
07-03 19:13:39.219  1958  1997 I Timeline: Timeline: App_transition_stopped time:116062735
07-03 19:13:41.847 16316 16316 I Timeline: Timeline: Activity_launch_request time:116065364
07-03 19:13:41.849  1958  2647 I ActivityTaskManager: START u0 {cmp=com.BHG.gurbani/.UploadActivity} from uid 10776
07-03 19:13:41.870 16316 16316 W ActivityThread: SCHED: com.BHG.gurbani/.MainActivity [81, r=264ms, a=60ms, w=2955ms]
07-03 19:13:41.873  1958  3417 I ActivityTaskManager: The Process com.BHG.gurbani Already Exists in BG. So sending its PID: 16316
07-03 19:13:41.878  1958  3417 I Timeline: Timeline: App_transition_ready time:116065395
07-03 19:13:41.964  1958  3901 E WindowManager: App trying to use insecure INPUT_FEATURE_NO_INPUT_CHANNEL flag. Ignoring
07-03 19:13:41.974  1958  3901 I Timeline: Timeline: App_transition_ready time:116065491
07-03 19:13:41.975  1958  3901 I Timeline: Timeline: App_transition_ready time:116065492
07-03 19:13:42.144  1958  1997 I Timeline: Timeline: App_transition_ready time:116065661
07-03 19:13:42.404  1958  1997 I Timeline: Timeline: Activity_windows_visible id: ActivityRecord{4255cf2 u0 com.BHG.gurbani/.UploadActivity t1627} time:116065920
07-03 19:13:42.411  1958  1997 I Timeline: Timeline: App_transition_stopped time:116065928
07-03 19:13:43.119 16316 16316 W InputEventReceiver: App Input: Dispatching InputEvent took 130ms in main thread! (MotionEvent: event_seq=19, seq=518877, action=ACTION_UP)
07-03 19:13:43.554 28084 28084 W Looper  : Slow Looper main: doFrame is 312ms late because of 9 msg, msg 1 took 320ms (seq=108395 running=39ms runnable=4ms io=151ms late=100ms h=com.android.internal.os.HandlerCaller$MyHandler w=60)
07-03 19:13:43.615  1958  3853 I WindowManager: input method visible height changed 786
07-03 19:13:49.168  1958  2011 I ActivityManager: Start proc 16509:com.android.smspush/u0a155 for service {com.android.smspush/com.android.smspush.WapPushManager} caller=com.android.phone
07-03 19:13:50.584  2181  2181 I MiuiChargeManager: notifyBatteryStatusChanged:  status: 3 isPlugged: 0 level: 92 wireState: -1 chargeSpeed: 0 mWiredChargeType: 0 mWirelessChargeType: 0 chargeDeviceType: -1
07-03 19:13:50.652  1958  2014 E KernelCpuUidUserSysTimeReader: Negative user/sys time delta for UID=10412
07-03 19:13:50.652  1958  2014 E KernelCpuUidUserSysTimeReader: Prev times: u=325663 s=93148 Curr times: u=325267 s=92942
07-03 19:13:50.654  1958  2014 E KernelCpuUidUserSysTimeReader: Negative user/sys time delta for UID=10193
07-03 19:13:50.654  1958  2014 E KernelCpuUidUserSysTimeReader: Prev times: u=1243281 s=1237534 Curr times: u=1230316 s=1234177
07-03 19:13:50.654  1958  2014 E KernelCpuUidUserSysTimeReader: Negative user/sys time delta for UID=10146
07-03 19:13:50.654  1958  2014 E KernelCpuUidUserSysTimeReader: Prev times: u=528 s=237 Curr times: u=505 s=215
07-03 19:13:50.654  1958  2014 E KernelCpuUidUserSysTimeReader: Negative user/sys time delta for UID=10175
07-03 19:13:50.654  1958  2014 E KernelCpuUidUserSysTimeReader: Prev times: u=2494045 s=783677 Curr times: u=2493799 s=783443
07-03 19:13:50.654  1958  2014 E KernelCpuUidUserSysTimeReader: Negative user/sys time delta for UID=10204
07-03 19:13:50.654  1958  2014 E KernelCpuUidUserSysTimeReader: Prev times: u=376914 s=160536 Curr times: u=376393 s=160237
07-03 19:13:50.655  1958  2014 E KernelCpuUidUserSysTimeReader: Negative user/sys time delta for UID=90002
07-03 19:13:50.655  1958  2014 E KernelCpuUidUserSysTimeReader: Prev times: u=72698 s=12456 Curr times: u=72654 s=12391
07-03 19:13:50.655  1958  2014 E KernelCpuUidUserSysTimeReader: Negative user/sys time delta for UID=10762
07-03 19:13:50.655  1958  2014 E KernelCpuUidUserSysTimeReader: Prev times: u=690527 s=233647 Curr times: u=690141 s=233456
07-03 19:13:50.655  1958  2014 E KernelCpuUidUserSysTimeReader: Negative user/sys time delta for UID=10105
07-03 19:13:50.655  1958  2014 E KernelCpuUidUserSysTimeReader: Prev times: u=104970 s=39588 Curr times: u=104906 s=39550
07-03 19:13:50.655  1958  2014 E KernelCpuUidUserSysTimeReader: Negative user/sys time delta for UID=10189
07-03 19:13:50.655  1958  2014 E KernelCpuUidUserSysTimeReader: Prev times: u=194433 s=73960 Curr times: u=194219 s=73846
07-03 19:13:50.655  1958  2014 E KernelCpuUidUserSysTimeReader: Negative user/sys time delta for UID=10100
07-03 19:13:50.655  1958  2014 E KernelCpuUidUserSysTimeReader: Prev times: u=38254 s=19275 Curr times: u=38134 s=19179
07-03 19:13:50.655  1958  2014 E KernelCpuUidUserSysTimeReader: Negative user/sys time delta for UID=10155
07-03 19:13:50.655  1958  2014 E KernelCpuUidUserSysTimeReader: Prev times: u=10703 s=7147 Curr times: u=10725 s=7144
07-03 19:13:50.655  1958  2014 E KernelCpuUidUserSysTimeReader: Negative user/sys time delta for UID=10184
07-03 19:13:50.655  1958  2014 E KernelCpuUidUserSysTimeReader: Prev times: u=61343 s=31995 Curr times: u=61282 s=31820
07-03 19:13:50.694  1958  2011 I ActivityManager: Start proc 16530:com.google.android.apps.turbo/u0a184 for broadcast {com.google.android.apps.turbo/com.google.android.apps.turbo.nudges.broadcasts.BatteryStatusChangedReceiver} caller=android
07-03 19:13:51.037  1958  2011 I ActivityManager: Start proc 16553:com.google.process.gservices/u0a185 for content provider {com.google.android.gsf/com.google.android.gsf.gservices.GservicesProvider} caller=com.google.android.apps.turbo
07-03 19:13:51.319 16530 16530 W BpBinder: Slow Binder: BpBinder transact took 338ms, interface=android.app.IActivityManager, code=20 oneway=false
07-03 19:13:51.477 16316 16316 I Timeline: Timeline: Activity_launch_request time:116074994
07-03 19:13:51.481  1958  2066 I ActivityTaskManager: START u0 {act=android.intent.action.GET_CONTENT typ=image/* cmp=com.google.android.documentsui/com.android.documentsui.picker.PickActivity} from uid 10776
07-03 19:13:51.548 16316 16316 W ActivityThread: SCHED: com.BHG.gurbani/.UploadActivity [71, r=221ms, a=88ms, w=9586ms]
07-03 19:13:51.591  1958  2011 I ActivityManager: Start proc 16581:com.google.android.documentsui/u0a66 for activity {com.google.android.documentsui/com.android.documentsui.picker.PickActivity} caller=com.BHG.gurbani
07-03 19:13:51.631  1958  1997 I Timeline: Timeline: App_transition_ready time:116075148
07-03 19:13:51.844  1958  3853 E WindowManager: App trying to use insecure INPUT_FEATURE_NO_INPUT_CHANNEL flag. Ignoring
07-03 19:13:51.881  1958  1997 I Timeline: Timeline: App_transition_stopped time:116075398
07-03 19:13:51.934  1958  1997 I Timeline: Timeline: Activity_windows_visible id: ActivityRecord{474988d u0 com.google.android.documentsui/com.android.documentsui.picker.PickActivity t1627} time:116075451
07-03 19:13:51.995  1958  3901 I WindowManager: input method visible height changed 0
07-03 19:13:52.153   788   903 W EventThreadInspector: slow VSync-sf on display(19260784713820289), count=4, avg=32 ms,max=36 ms.
07-03 19:13:52.613 16581 16615 W BpBinder: Slow Binder: BpBinder transact took 216ms, interface=android.content.IContentProvider, code=23 oneway=false
07-03 19:13:53.603 16581 16581 W ActivityThread: SCHED: com.google.android.documentsui/com.android.documentsui.picker.PickActivity [88, r=353ms, a=47ms, w=1767ms]
07-03 19:13:53.629  1958  3901 I Timeline: Timeline: App_transition_ready time:116077146
07-03 19:13:54.045 16316 16316 W Activity: Slow Operation: Activity com.BHG.gurbani/.UploadActivity onActivityResult took 409ms
07-03 19:13:54.051  1958  3901 I Timeline: Timeline: App_transition_ready time:116077568
07-03 19:13:54.110 16316 16316 W Looper  : Slow Looper main: doFrame is 412ms late because of 3 msg, msg 3 took 411ms (seq=317 running=376ms runnable=6ms late=16ms h=android.app.ActivityThread$H w=159)
07-03 19:13:54.117  1958  1997 I Timeline: Timeline: App_transition_ready time:116077634
07-03 19:13:54.374  1958  1997 I Timeline: Timeline: Activity_windows_visible id: ActivityRecord{4255cf2 u0 com.BHG.gurbani/.UploadActivity t1627} time:116077891
07-03 19:13:54.376  1958  1997 I Timeline: Timeline: App_transition_stopped time:116077893
07-03 19:13:54.906  1958  3853 E WindowManager: App trying to use insecure INPUT_FEATURE_NO_INPUT_CHANNEL flag. Ignoring
07-03 19:13:55.033  1958  1981 I WindowManager: input method visible height changed 786
07-03 19:13:58.499  1958  5270 E WindowManager: App trying to use insecure INPUT_FEATURE_NO_INPUT_CHANNEL flag. Ignoring
07-03 19:13:59.191  1958  2011 I ActivityManager: Start proc 16674:com.xiaomi.mi_connect_service/1000 for service {com.xiaomi.mi_connect_service/com.xiaomi.idm.handoff_process_service.HandoffProcessService} caller=com.xiaomi.mi_connect_service
07-03 19:13:59.496 16674 16674 E LoadedApk: Unable to instantiate appComponentFactory
07-03 19:13:59.496 16674 16674 E LoadedApk: java.lang.ClassNotFoundException: Didn't find class "androidx.core.app.CoreComponentFactory" on path: DexPathList[[zip file "/system/app/mi_connect_service/mi_connect_service.apk"],nativeLibraryDirectories=[/system/app/mi_connect_service/lib/arm64, /system/app/mi_connect_service/mi_connect_service.apk!/lib/arm64-v8a, /system/lib64, /system/product/lib64, /system/lib64, /system/product/lib64]]
07-03 19:13:59.496 16674 16674 E LoadedApk:     at dalvik.system.BaseDexClassLoader.findClass(BaseDexClassLoader.java:230)
07-03 19:13:59.496 16674 16674 E LoadedApk:     at java.lang.ClassLoader.loadClass(ClassLoader.java:379)
07-03 19:13:59.496 16674 16674 E LoadedApk:     at java.lang.ClassLoader.loadClass(ClassLoader.java:312)
07-03 19:13:59.496 16674 16674 E LoadedApk:     at android.app.LoadedApk.createAppFactory(LoadedApk.java:258)
07-03 19:13:59.496 16674 16674 E LoadedApk:     at android.app.LoadedApk.createOrUpdateClassLoaderLocked(LoadedApk.java:859)
07-03 19:13:59.496 16674 16674 E LoadedApk:     at android.app.LoadedApk.getClassLoader(LoadedApk.java:954)
07-03 19:13:59.496 16674 16674 E LoadedApk:     at android.app.LoadedApk.getResources(LoadedApk.java:1192)
07-03 19:13:59.496 16674 16674 E LoadedApk:     at android.app.ContextImpl.createAppContext(ContextImpl.java:2474)
07-03 19:13:59.496 16674 16674 E LoadedApk:     at android.app.ContextImpl.createAppContext(ContextImpl.java:2466)
07-03 19:13:59.496 16674 16674 E LoadedApk:     at android.app.ActivityThread.handleBindApplication(ActivityThread.java:6481)
07-03 19:13:59.496 16674 16674 E LoadedApk:     at android.app.ActivityThread.access$1400(ActivityThread.java:227)
07-03 19:13:59.496 16674 16674 E LoadedApk:     at android.app.ActivityThread$H.handleMessage(ActivityThread.java:1890)
07-03 19:13:59.496 16674 16674 E LoadedApk:     at android.os.Handler.dispatchMessage(Handler.java:107)
07-03 19:13:59.496 16674 16674 E LoadedApk:     at android.os.Looper.loop(Looper.java:224)
07-03 19:13:59.496 16674 16674 E LoadedApk:     at android.app.ActivityThread.main(ActivityThread.java:7592)
07-03 19:13:59.496 16674 16674 E LoadedApk:     at java.lang.reflect.Method.invoke(Native Method)
07-03 19:13:59.496 16674 16674 E LoadedApk:     at com.android.internal.os.RuntimeInit$MethodAndArgsCaller.run(RuntimeInit.java:539)
07-03 19:13:59.496 16674 16674 E LoadedApk:     at com.android.internal.os.ZygoteInit.main(ZygoteInit.java:950)
07-03 19:13:59.851  1958  2011 I ActivityManager: Start proc 16726:com.xiaomi.account/u0a112 for service {com.xiaomi.account/com.xiaomi.account.PassportServiceTokenService} caller=com.xiaomi.mi_connect_service
07-03 19:14:00.602 16726 16726 W Looper  : Slow Looper main: doFrame is 348ms late because of 4 msg, msg 1 took 710ms (seq=2 running=214ms runnable=34ms io=270ms late=4ms h=android.app.ActivityThread$H w=110)
07-03 19:14:08.738  1958  2066 E WindowManager: App trying to use insecure INPUT_FEATURE_NO_INPUT_CHANNEL flag. Ignoring
07-03 19:14:08.748 16316 16316 W ActivityThread: SCHED: com.BHG.gurbani/.UploadActivity [70, r=313ms, a=132ms, w=14702ms]
07-03 19:14:08.758  1958  1981 I Timeline: Timeline: App_transition_ready time:116092275
07-03 19:14:08.768  1958  2066 I Timeline: Timeline: App_transition_ready time:116092285
07-03 19:14:08.770  1958  2066 I Timeline: Timeline: App_transition_ready time:116092287
07-03 19:14:08.796  1958  1997 I Timeline: Timeline: App_transition_ready time:116092313
07-03 19:14:08.813  1958  2066 I Timeline: Timeline: App_transition_ready time:116092330
07-03 19:14:08.852  1958  1997 I Timeline: Timeline: App_transition_ready time:116092369
07-03 19:14:08.885  1958  2066 I WindowManager: input method visible height changed 0
07-03 19:14:09.096  1958  1997 I Timeline: Timeline: Activity_windows_visible id: ActivityRecord{6e41cd5 u0 com.BHG.gurbani/.MainActivity t1627} time:116092613
07-03 19:14:09.104  1958  1997 I Timeline: Timeline: App_transition_stopped time:116092621
07-03 19:14:10.755  1958  1981 W NotificationService: Toast already killed. pkg=com.BHG.gurbani callback=android.app.ITransientNotification$Stub$Proxy@b232868
07-03 19:14:12.242  1958  1996 W WindowManager: Unable to start animation, surface is null or no children.
07-03 19:14:19.189  1958  2011 I ActivityManager: Start proc 16897:com.whatsapp/u0a762 for service {com.whatsapp/com.whatsapp.messaging.MessageService} caller=com.whatsapp
07-03 19:14:20.889  1958  2066 W BluetoothManagerService: bindBluetoothProfileService:Trying to bind to profile: 1, while Bluetooth is disabled
07-03 19:14:21.235  1958  2011 I ActivityManager: Start proc 16992:com.facebook.services/u0a100 for service {com.facebook.services/com.facebook.oxygen.services.fbns.PreloadedFbnsService} caller=com.whatsapp
07-03 19:14:21.742  1958  1958 W WindowManager: removeWindowToken: Attempted to remove non-existing token: android.os.Binder@c455dfa
07-03 19:14:41.852  1958  3417 W BaseMiuiPhoneWindowManager: keyCode:3 down:true eventTime:116125367 downTime:116125367policyFlags:2b000002 flags:48 deviceId:-1 isScreenOn:true keyguardActive:false repeatCount:0
07-03 19:14:41.977  1958  3417 W BaseMiuiPhoneWindowManager: keyCode:3 down:false eventTime:116125493 downTime:116125367 policyFlags:2b000002 flags:48 deviceId:-1 isScreenOn:true keyguardActive:false repeatCount:0
07-03 19:14:41.988  1958  2089 I ActivityTaskManager: START u0 {act=android.intent.action.MAIN cat=[android.intent.category.HOME] flg=0x10000100 cmp=com.miui.home/.launcher.Launcher (has extras)} from uid 0
07-03 19:14:42.015  1958  2089 I Timeline: Timeline: App_transition_ready time:116125532
07-03 19:14:42.019 16316 16316 W ActivityThread: SCHED: com.BHG.gurbani/.MainActivity [78, r=2152ms, a=604ms, w=33219ms]
07-03 19:14:42.032  1958  3417 I Timeline: Timeline: App_transition_ready time:116125549
07-03 19:14:42.039  1958  1997 I Timeline: Timeline: App_transition_ready time:116125556
07-03 19:14:42.044  1958  2066 I Timeline: Timeline: App_transition_ready time:116125561
07-03 19:14:42.056  1958  1997 I Timeline: Timeline: App_transition_ready time:116125573
07-03 19:14:42.074  1958  3417 I Timeline: Timeline: App_transition_ready time:116125591
07-03 19:14:42.088  1958  1997 I Timeline: Timeline: App_transition_ready time:116125605
07-03 19:14:42.125  1958  1997 I Timeline: Timeline: App_transition_ready time:116125642
07-03 19:14:42.451  1958  5270 W BaseMiuiPhoneWindowManager: keyCode:3 down:true eventTime:116125966 downTime:116125966policyFlags:2b000002 flags:48 deviceId:-1 isScreenOn:true keyguardActive:false repeatCount:0
07-03 19:14:42.563  1958  3853 W BaseMiuiPhoneWindowManager: keyCode:3 down:false eventTime:116126079 downTime:116125966 policyFlags:2b000002 flags:48 deviceId:-1 isScreenOn:true keyguardActive:false repeatCount:0
07-03 19:14:42.579  1958  2089 I ActivityTaskManager: START u0 {act=android.intent.action.MAIN cat=[android.intent.category.HOME] flg=0x10000100 cmp=com.miui.home/.launcher.Launcher (has extras)} from uid 0
07-03 19:14:42.589 25324 25324 W ActivityThread: SCHED: com.miui.home/.launcher.Launcher [53, r=22ms, a=19ms, w=527ms]
07-03 19:14:42.606  1958  3853 I Timeline: Timeline: Activity_windows_visible id: ActivityRecord{ddb1799 u0 com.miui.home/.launcher.Launcher t1} time:116126123
07-03 19:14:42.610  1958  1997 I Timeline: Timeline: App_transition_stopped time:116126127
07-03 19:14:44.445 25324 25324 I Timeline: Timeline: Activity_launch_request time:116127962
07-03 19:14:44.447  1958  2066 I ActivityTaskManager: START u0 {act=android.intent.action.MAIN cat=[android.intent.category.LAUNCHER] flg=0x10200000 cmp=com.miui.gallery/.activity.HomePageActivity bnds=[75,1344][251,1520] (has extras)} from uid 10094
07-03 19:14:44.477 25324 25324 W ActivityThread: SCHED: com.miui.home/.launcher.Launcher [84, r=114ms, a=21ms, w=1882ms]
07-03 19:14:44.480  1958  3853 I ActivityTaskManager: The Process com.miui.gallery Already Exists in BG. So sending itsPID: 15119
07-03 19:14:44.489  1958  3853 I Timeline: Timeline: App_transition_ready time:116128006
07-03 19:14:44.495  1958  1997 I Timeline: Timeline: App_transition_ready time:116128012
07-03 19:14:44.497  1958  1997 I Timeline: Timeline: App_transition_ready time:116128014
07-03 19:14:44.524  1958  1997 I Timeline: Timeline: App_transition_ready time:116128041
07-03 19:14:44.660  1958  3853 E WindowManager: App trying to use insecure INPUT_FEATURE_NO_INPUT_CHANNEL flag. Ignoring
07-03 19:14:44.731  1958  1997 I Timeline: Timeline: App_transition_stopped time:116128248
07-03 19:14:44.774  1958  1997 I Timeline: Timeline: Activity_windows_visible id: ActivityRecord{bcecb24 u0 com.miui.gallery/.activity.HomePageActivity t1628} time:116128291
07-03 19:14:44.902  1958  2066 W BaseMiuiPhoneWindowManager: keyCode:82 down:true eventTime:116128418 downTime:116128418 policyFlags:2b000002 flags:48 deviceId:-1 isScreenOn:true keyguardActive:false repeatCount:0
07-03 19:14:44.920 15119 16098 W BpBinder: Slow Binder: BpBinder transact took 289ms, interface=android.media.IMediaExtractorService, code=1 oneway=false
07-03 19:14:44.962 15119 16119 W BpBinder: Slow Binder: BpBinder transact took 331ms, interface=android.media.IMediaExtractorService, code=1 oneway=false
07-03 19:14:45.016  1958  5236 W BaseMiuiPhoneWindowManager: keyCode:82 down:false eventTime:116128533 downTime:116128418 policyFlags:2b000002 flags:48 deviceId:-1 isScreenOn:true keyguardActive:false repeatCount:0
07-03 19:14:45.083  1958  1996 W WindowManager: setLauncherState= 2
07-03 19:14:45.100 25324 25324 I Timeline: Timeline: Activity_launch_request time:116128617
07-03 19:14:45.101  1958  5236 I ActivityTaskManager: START u0 {act=android.intent.action.MAIN cat=[android.intent.category.HOME] flg=0x10000000 cmp=com.miui.home/.launcher.Launcher (has extras)} from uid 10094
07-03 19:14:45.113  1958  5236 I Timeline: Timeline: App_transition_ready time:116128630
07-03 19:14:45.115 15119 15119 W ActivityThread: SCHED: com.miui.gallery/.activity.HomePageActivity [87, r=179ms, a=26ms, w=464ms]
07-03 19:14:45.117  1958  1997 I Timeline: Timeline: App_transition_ready time:116128634
07-03 19:14:45.126  1958  2066 I Timeline: Timeline: App_transition_ready time:116128643
07-03 19:14:45.129  1958  1997 I Timeline: Timeline: App_transition_ready time:116128645
07-03 19:14:45.146  1958  1981 I Timeline: Timeline: App_transition_ready time:116128663
07-03 19:14:45.180  1958  5236 I ActivityTaskManager: Activity reported stop, but no longer stopping: ActivityRecord{ddb1799 u0 com.miui.home/.launcher.Launcher t1}
07-03 19:14:45.192  1958  2066 I Timeline: Timeline: App_transition_ready time:116128709
07-03 19:14:45.207  1958  5270 I Timeline: Timeline: App_transition_ready time:116128724
07-03 19:14:45.235   788   902 W EventThreadInspector: slow VSync-app on display(19260784713820289), count=1, avg=44 ms, max=44 ms.
07-03 19:14:45.244  1958  1997 I Timeline: Timeline: App_transition_ready time:116128761
07-03 19:14:45.269   788   903 W EventThreadInspector: slow VSync-sf on display(19260784713820289), count=1, avg=30 ms,max=30 ms.
07-03 19:14:45.588  1958  3417 I Timeline: Timeline: Activity_windows_visible id: ActivityRecord{ddb1799 u0 com.miui.home/.launcher.Launcher t1} time:116129104
07-03 19:14:45.590  1958  1997 I Timeline: Timeline: App_transition_stopped time:116129107
07-03 19:14:45.890 25324 25324 W ActivityThread: SCHED: com.miui.home/.launcher.Launcher [70, r=59ms, a=25ms, w=716ms]
07-03 19:14:45.901  1958  3901 I Timeline: Timeline: App_transition_ready time:116129418
07-03 19:14:45.906  1958  1997 I Timeline: Timeline: App_transition_ready time:116129423
07-03 19:14:45.909  1958  1997 I Timeline: Timeline: App_transition_ready time:116129426
07-03 19:14:45.915  1958  1981 I Timeline: Timeline: App_transition_ready time:116129432
07-03 19:14:45.923  1958  1997 I Timeline: Timeline: App_transition_ready time:116129440
07-03 19:14:46.374  1958  1981 I Timeline: Timeline: Activity_windows_visible id: ActivityRecord{6e41cd5 u0 com.BHG.gurbani/.MainActivity t1627} time:116129891
07-03 19:14:46.380  1958  1997 I Timeline: Timeline: App_transition_stopped time:116129897
07-03 19:14:46.398  1958  1996 W WindowManager: setLauncherState= 1
07-03 19:14:49.209  1958  3417 E WindowManager: App trying to use insecure INPUT_FEATURE_NO_INPUT_CHANNEL flag. Ignoring
07-03 19:14:50.252  1958  2066 W BaseMiuiPhoneWindowManager: keyCode:82 down:true eventTime:116133765 downTime:116133765 policyFlags:2b000002 flags:48 deviceId:-1 isScreenOn:true keyguardActive:false repeatCount:0
07-03 19:14:50.347  1958  2066 W BaseMiuiPhoneWindowManager: keyCode:82 down:false eventTime:116133863 downTime:116133765 policyFlags:2b000002 flags:48 deviceId:-1 isScreenOn:true keyguardActive:false repeatCount:0
07-03 19:14:50.390  1958  1996 W WindowManager: setLauncherState= 2
07-03 19:14:50.404 25324 25324 I Timeline: Timeline: Activity_launch_request time:116133921
07-03 19:14:50.407  1958  3901 I ActivityTaskManager: START u0 {act=android.intent.action.MAIN cat=[android.intent.category.HOME] flg=0x10000000 cmp=com.miui.home/.launcher.Launcher (has extras)} from uid 10094
07-03 19:14:50.425  1958  3901 I Timeline: Timeline: App_transition_ready time:116133942
07-03 19:14:50.428 16316 16316 W ActivityThread: SCHED: com.BHG.gurbani/.MainActivity [90, r=409ms, a=41ms, w=4496ms]
07-03 19:14:50.430  1958  1997 I Timeline: Timeline: App_transition_ready time:116133947
07-03 19:14:50.433  1958  5236 I Timeline: Timeline: App_transition_ready time:116133950
07-03 19:14:50.437  1958  3901 I Timeline: Timeline: App_transition_ready time:116133954
07-03 19:14:50.438  1958  1997 I Timeline: Timeline: App_transition_ready time:116133955
07-03 19:14:50.485  1958  2066 I Timeline: Timeline: App_transition_ready time:116134002
07-03 19:14:50.490  1958  1997 I Timeline: Timeline: App_transition_ready time:116134007
07-03 19:14:50.510  1958  2348 I Timeline: Timeline: App_transition_ready time:116134027
07-03 19:14:50.532  1958  1997 I Timeline: Timeline: App_transition_ready time:116134049
07-03 19:14:50.875  1958  5236 I Timeline: Timeline: Activity_windows_visible id: ActivityRecord{ddb1799 u0 com.miui.home/.launcher.Launcher t1} time:116134392
07-03 19:14:50.880  1958  1997 I Timeline: Timeline: App_transition_stopped time:116134397
07-03 19:14:51.062 25324 25324 W ActivityThread: SCHED: com.miui.home/.launcher.Launcher [71, r=48ms, a=19ms, w=588ms]
07-03 19:14:51.084  1958  3901 I Timeline: Timeline: App_transition_ready time:116134601
07-03 19:14:51.098  1958  3901 I Timeline: Timeline: App_transition_ready time:116134614
07-03 19:14:51.114  1958  1997 I Timeline: Timeline: App_transition_ready time:116134631
07-03 19:14:51.219  1958  5269 W NotificationService: Toast already killed. pkg=com.BHG.gurbani callback=android.app.ITransientNotification$Stub$Proxy@d15a0c8
07-03 19:14:51.542  1958  3901 I Timeline: Timeline: Activity_windows_visible id: ActivityRecord{bcecb24 u0 com.miui.gallery/.activity.HomePageActivity t1628} time:116135059
07-03 19:14:51.551  1958  1997 I Timeline: Timeline: App_transition_stopped time:116135068
07-03 19:14:51.580  1958  1996 W WindowManager: setLauncherState= 1
07-03 19:14:52.713  1958  1996 W WindowManager: Unable to start animation, surface is null or no children.
07-03 19:14:52.837 15119 15119 I Timeline: Timeline: Activity_launch_request time:116136354
07-03 19:14:52.839  1958  3901 I ActivityTaskManager: START u0 {act=android.intent.action.VIEW dat=https://gallery.i.mi.com/... pkg=com.miui.gallery cmp=com.miui.gallery/.activity.AllPhotosActivity (has extras)} from uid 10103
07-03 19:14:52.868 15119 15119 W ActivityThread: SCHED: com.miui.gallery/.activity.HomePageActivity [75, r=195ms, a=63ms, w=1737ms]
07-03 19:14:52.871  1958  3901 I ActivityTaskManager: The Process com.miui.gallery Already Exists in BG. So sending itsPID: 15119
07-03 19:14:52.877  1958  3901 I Timeline: Timeline: App_transition_ready time:116136394
07-03 19:14:52.966  1958  2647 E WindowManager: App trying to use insecure INPUT_FEATURE_NO_INPUT_CHANNEL flag. Ignoring
07-03 19:14:52.976  1958  2647 I Timeline: Timeline: App_transition_ready time:116136493
07-03 19:14:52.977  1958  2647 I Timeline: Timeline: App_transition_ready time:116136494
07-03 19:14:52.998  1958  1997 I Timeline: Timeline: App_transition_ready time:116136515
07-03 19:14:53.241  1958  1997 I Timeline: Timeline: Activity_windows_visible id: ActivityRecord{b537356 u0 com.miui.gallery/.activity.AllPhotosActivity t1628} time:116136758
07-03 19:14:53.245  1958  1997 I Timeline: Timeline: App_transition_stopped time:116136762
07-03 19:14:53.781 15119 17098 I Timeline: Timeline: Activity_launch_request time:116137298
07-03 19:14:53.785  1958  5236 I ActivityTaskManager: START u0 {cmp=com.miui.gallery/.activity.InternalPhotoPageActivity (has extras)} from uid 10103
07-03 19:14:53.807 15119 15119 W ActivityThread: SCHED: com.miui.gallery/.activity.AllPhotosActivity [75, r=92ms, a=30ms, w=844ms]
07-03 19:14:53.809  1958  5236 I ActivityTaskManager: The Process com.miui.gallery Already Exists in BG. So sending itsPID: 15119
07-03 19:14:53.815  1958  5236 I Timeline: Timeline: App_transition_ready time:116137332
07-03 19:14:53.890  1958  5269 E WindowManager: App trying to use insecure INPUT_FEATURE_NO_INPUT_CHANNEL flag. Ignoring
07-03 19:14:53.901  1958  5269 I Timeline: Timeline: App_transition_ready time:116137418
07-03 19:14:53.902  1958  5269 I Timeline: Timeline: App_transition_ready time:116137419
07-03 19:14:53.916  1958  1997 I Timeline: Timeline: App_transition_ready time:116137432
07-03 19:14:53.916  1958  1997 I Timeline: Timeline: Activity_windows_visible id: ActivityRecord{beffc8c u0 com.miui.gallery/.activity.InternalPhotoPageActivity t1628} time:116137433
07-03 19:14:53.916  1958  1997 I Timeline: Timeline: App_transition_stopped time:116137433
07-03 19:14:56.030 15119 15119 I Timeline: Timeline: Activity_launch_request time:116139547
07-03 19:14:56.037  1958  5236 I ActivityTaskManager: START u0 {cmp=com.miui.gallery/.activity.PhotoDetailActivity (hasextras)} from uid 10103
07-03 19:14:56.059 15119 15119 W ActivityThread: SCHED: com.miui.gallery/.activity.InternalPhotoPageActivity [76, r=331ms, a=101ms, w=2215ms]
07-03 19:14:56.067  1958  2647 I ActivityTaskManager: The Process com.miui.gallery Already Exists in BG. So sending itsPID: 15119
07-03 19:14:56.073  1958  2647 I Timeline: Timeline: App_transition_ready time:116139590
07-03 19:14:56.114  1958  5236 E WindowManager: App trying to use insecure INPUT_FEATURE_NO_INPUT_CHANNEL flag. Ignoring
07-03 19:14:56.124  1958  5236 I Timeline: Timeline: App_transition_ready time:116139641
07-03 19:14:56.126  1958  5236 I Timeline: Timeline: App_transition_ready time:116139643
07-03 19:14:56.155  1958  1997 I Timeline: Timeline: App_transition_ready time:116139672
07-03 19:14:56.393  1958  1997 I Timeline: Timeline: Activity_windows_visible id: ActivityRecord{78a3184 u0 com.miui.gallery/.activity.PhotoDetailActivity t1628} time:116139910
07-03 19:14:56.403  1958  1997 I Timeline: Timeline: App_transition_stopped time:116139920
07-03 19:14:57.475  1958  2348 W BaseMiuiPhoneWindowManager: keyCode:4 down:true eventTime:116140989 downTime:116140989policyFlags:2b000002 flags:48 deviceId:-1 isScreenOn:true keyguardActive:false repeatCount:0
07-03 19:14:57.502 15119 15119 W ActivityThread: SCHED: com.miui.gallery/.activity.PhotoDetailActivity [72, r=53ms, a=20ms, w=1394ms]
07-03 19:14:57.515  1958  5269 I Timeline: Timeline: App_transition_ready time:116141032
07-03 19:14:57.520  1958  2348 I Timeline: Timeline: App_transition_ready time:116141037
07-03 19:14:57.540 15119 15119 W ViewRootImpl[PhotoDetailActivity]: Cancelling event due to no window focus: KeyEvent {action=ACTION_UP, keyCode=KEYCODE_BACK, scanCode=0, metaState=0, flags=0x68, repeatCount=0, eventTime=116141042, downTime=116140989, deviceId=-1, source=0x101, displayId=-1 }
07-03 19:14:57.571 15119 15119 I chatty  : uid=10103(com.miui.gallery) identical 7 lines
07-03 19:14:57.571 15119 15119 W ViewRootImpl[PhotoDetailActivity]: Cancelling event due to no window focus: KeyEvent {action=ACTION_UP, keyCode=KEYCODE_BACK, scanCode=0, metaState=0, flags=0x68, repeatCount=0, eventTime=116141042, downTime=116140989, deviceId=-1, source=0x101, displayId=-1 }
07-03 19:14:57.572  1958  3853 W BaseMiuiPhoneWindowManager: keyCode:4 down:false eventTime:116141089 downTime:116140989 policyFlags:2b000002 flags:48 deviceId:-1 isScreenOn:true keyguardActive:false repeatCount:0
07-03 19:14:57.581  1958  3853 I Timeline: Timeline: App_transition_ready time:116141098
07-03 19:14:57.585  1958  2089 W WindowManager: Failed looking up window callers=com.android.server.wm.InputManagerCallback.interceptKeyBeforeDispatching:191 com.android.server.input.InputManagerService.interceptKeyBeforeDispatching:1920 <bottom of call stack>
07-03 19:14:57.606  1958  3853 I Timeline: Timeline: App_transition_ready time:116141123
07-03 19:14:57.622  1958  1997 I Timeline: Timeline: App_transition_ready time:116141139
07-03 19:14:57.623  1958  1997 I Timeline: Timeline: App_transition_ready time:116141140
07-03 19:14:57.635  1958  1997 I Timeline: Timeline: App_transition_ready time:116141152
07-03 19:14:57.891  1958  1997 I Timeline: Timeline: Activity_windows_visible id: ActivityRecord{b537356 u0 com.miui.gallery/.activity.AllPhotosActivity t1628} time:116141408
07-03 19:14:57.891  1958  1997 I Timeline: Timeline: Activity_windows_visible id: ActivityRecord{beffc8c u0 com.miui.gallery/.activity.InternalPhotoPageActivity t1628} time:116141408
07-03 19:14:57.893  1958  1997 I Timeline: Timeline: App_transition_stopped time:116141410
07-03 19:14:59.218 15119 15119 I Timeline: Timeline: Activity_launch_request time:116142734
07-03 19:14:59.219  1958  5236 I ActivityTaskManager: START u0 {cmp=com.miui.gallery/.activity.PhotoDetailActivity (hasextras)} from uid 10103
07-03 19:14:59.245 15119 15119 W ActivityThread: SCHED: com.miui.gallery/.activity.InternalPhotoPageActivity [65, r=225ms, a=117ms, w=1684ms]
07-03 19:14:59.253  1958  5236 I ActivityTaskManager: The Process com.miui.gallery Already Exists in BG. So sending itsPID: 15119
07-03 19:14:59.259  1958  5236 I Timeline: Timeline: App_transition_ready time:116142776
07-03 19:14:59.290  1958  5236 E WindowManager: App trying to use insecure INPUT_FEATURE_NO_INPUT_CHANNEL flag. Ignoring
07-03 19:14:59.300  1958  3853 I Timeline: Timeline: App_transition_ready time:116142817
07-03 19:14:59.301  1958  3853 I Timeline: Timeline: App_transition_ready time:116142818
07-03 19:14:59.320  1958  1997 I Timeline: Timeline: App_transition_ready time:116142837
07-03 19:14:59.578  1958  1997 I Timeline: Timeline: Activity_windows_visible id: ActivityRecord{90f3498 u0 com.miui.gallery/.activity.PhotoDetailActivity t1628} time:116143095
07-03 19:14:59.585  1958  1997 I Timeline: Timeline: App_transition_stopped time:116143102
07-03 19:14:59.640 15119 15119 W ActivityThread: SCHED: com.miui.gallery/.activity.AllPhotosActivity [100, r=3ms, a=0ms, w=3ms]
07-03 19:15:00.079  1958  3901 W BaseMiuiPhoneWindowManager: keyCode:4 down:true eventTime:116143594 downTime:116143594policyFlags:2b000002 flags:48 deviceId:-1 isScreenOn:true keyguardActive:false repeatCount:0
07-03 19:15:00.115  1958  5236 I Timeline: Timeline: App_transition_ready time:116143632
07-03 19:15:00.125  1958  5236 I Timeline: Timeline: App_transition_ready time:116143642
07-03 19:15:00.129 15119 15119 W ViewRootImpl[PhotoDetailActivity]: Cancelling event due to no window focus: KeyEvent {action=ACTION_UP, keyCode=KEYCODE_BACK, scanCode=0, metaState=0, flags=0x68, repeatCount=0, eventTime=116143642, downTime=116143594, deviceId=-1, source=0x101, displayId=-1 }
07-03 19:15:00.130 15119 15119 I chatty  : uid=10103(com.miui.gallery) identical 7 lines
07-03 19:15:00.130 15119 15119 W ViewRootImpl[PhotoDetailActivity]: Cancelling event due to no window focus: KeyEvent {action=ACTION_UP, keyCode=KEYCODE_BACK, scanCode=0, metaState=0, flags=0x68, repeatCount=0, eventTime=116143642, downTime=116143594, deviceId=-1, source=0x101, displayId=-1 }
07-03 19:15:00.156  1958  5269 W BaseMiuiPhoneWindowManager: keyCode:4 down:false eventTime:116143672 downTime:116143594 policyFlags:2b000002 flags:48 deviceId:-1 isScreenOn:true keyguardActive:false repeatCount:0
07-03 19:15:00.158  1958  2089 W WindowManager: Failed looking up window callers=com.android.server.wm.InputManagerCallback.interceptKeyBeforeDispatching:191 com.android.server.input.InputManagerService.interceptKeyBeforeDispatching:1920 <bottom of call stack>
07-03 19:15:00.174  1958  3853 I Timeline: Timeline: App_transition_ready time:116143691
07-03 19:15:00.195  1958  3853 I Timeline: Timeline: App_transition_ready time:116143712
07-03 19:15:00.216  1958  1997 I Timeline: Timeline: App_transition_ready time:116143733
07-03 19:15:00.458  1958  1997 I Timeline: Timeline: Activity_windows_visible id: ActivityRecord{b537356 u0 com.miui.gallery/.activity.AllPhotosActivity t1628} time:116143975
07-03 19:15:00.459  1958  1997 I Timeline: Timeline: Activity_windows_visible id: ActivityRecord{beffc8c u0 com.miui.gallery/.activity.InternalPhotoPageActivity t1628} time:116143976
07-03 19:15:00.461  1958  1997 I Timeline: Timeline: App_transition_stopped time:116143978
07-03 19:15:02.129 15119 15119 I Timeline: Timeline: Activity_launch_request time:116145646
07-03 19:15:02.132  1958  3901 I ActivityTaskManager: START u0 {cmp=com.miui.gallery/.activity.PhotoDetailActivity (hasextras)} from uid 10103
07-03 19:15:02.152 15119 15119 W ActivityThread: SCHED: com.miui.gallery/.activity.InternalPhotoPageActivity [72, r=227ms, a=86ms, w=1997ms]
07-03 19:15:02.164  1958  5269 I ActivityTaskManager: The Process com.miui.gallery Already Exists in BG. So sending itsPID: 15119
07-03 19:15:02.169  1958  5269 I Timeline: Timeline: App_transition_ready time:116145686
07-03 19:15:02.201  1958  3901 E WindowManager: App trying to use insecure INPUT_FEATURE_NO_INPUT_CHANNEL flag. Ignoring
07-03 19:15:02.213  1958  3901 I Timeline: Timeline: App_transition_ready time:116145730
07-03 19:15:02.216  1958  3901 I Timeline: Timeline: App_transition_ready time:116145732
07-03 19:15:02.218  1958  1958 W WindowManager: removeWindowToken: Attempted to remove non-existing token: android.os.Binder@5b055af
07-03 19:15:02.222  1958  3901 I Timeline: Timeline: App_transition_ready time:116145739
07-03 19:15:02.239  1958  1997 I Timeline: Timeline: App_transition_ready time:116145756
07-03 19:15:02.494  1958  1997 I Timeline: Timeline: Activity_windows_visible id: ActivityRecord{c48579 u0 com.miui.gallery/.activity.PhotoDetailActivity t1628} time:116146011
07-03 19:15:02.506  1958  1997 I Timeline: Timeline: App_transition_stopped time:116146023
07-03 19:15:02.531 15119 15119 W ActivityThread: SCHED: com.miui.gallery/.activity.AllPhotosActivity [100, r=1ms, a=0ms, w=2ms]
07-03 19:15:02.989  1958  2066 W BaseMiuiPhoneWindowManager: keyCode:4 down:true eventTime:116146504 downTime:116146504policyFlags:2b000002 flags:48 deviceId:-1 isScreenOn:true keyguardActive:false repeatCount:0
07-03 19:15:03.022  1958  3901 I Timeline: Timeline: App_transition_ready time:116146539
07-03 19:15:03.028  1958  3901 I Timeline: Timeline: App_transition_ready time:116146545
07-03 19:15:03.032 15119 15119 W ViewRootImpl[PhotoDetailActivity]: Cancelling event due to no window focus: KeyEvent {action=ACTION_UP, keyCode=KEYCODE_BACK, scanCode=0, metaState=0, flags=0x68, repeatCount=0, eventTime=116146544, downTime=116146504, deviceId=-1, source=0x101, displayId=-1 }
07-03 19:15:03.034 15119 15119 I chatty  : uid=10103(com.miui.gallery) identical 7 lines
07-03 19:15:03.034 15119 15119 W ViewRootImpl[PhotoDetailActivity]: Cancelling event due to no window focus: KeyEvent {action=ACTION_UP, keyCode=KEYCODE_BACK, scanCode=0, metaState=0, flags=0x68, repeatCount=0, eventTime=116146544, downTime=116146504, deviceId=-1, source=0x101, displayId=-1 }
07-03 19:15:03.037  1958  2066 W BaseMiuiPhoneWindowManager: keyCode:4 down:false eventTime:116146553 downTime:116146504 policyFlags:2b000002 flags:48 deviceId:-1 isScreenOn:true keyguardActive:false repeatCount:0
07-03 19:15:03.038  1958  2089 W WindowManager: Failed looking up window callers=com.android.server.wm.InputManagerCallback.interceptKeyBeforeDispatching:191 com.android.server.input.InputManagerService.interceptKeyBeforeDispatching:1920 <bottom of call stack>
07-03 19:15:03.071  1958  3901 I Timeline: Timeline: App_transition_ready time:116146588
07-03 19:15:03.094  1958  2066 I Timeline: Timeline: App_transition_ready time:116146611
07-03 19:15:03.121  1958  1997 I Timeline: Timeline: App_transition_ready time:116146638
07-03 19:15:03.359  1958  1997 I Timeline: Timeline: Activity_windows_visible id: ActivityRecord{b537356 u0 com.miui.gallery/.activity.AllPhotosActivity t1628} time:116146876
07-03 19:15:03.359  1958  1997 I Timeline: Timeline: Activity_windows_visible id: ActivityRecord{beffc8c u0 com.miui.gallery/.activity.InternalPhotoPageActivity t1628} time:116146876
07-03 19:15:03.361  1958  1997 I Timeline: Timeline: App_transition_stopped time:116146878
07-03 19:15:12.647 15119 15119 W ActivityThread: SCHED: com.miui.gallery/.activity.InternalPhotoPageActivity [76, r=866ms, a=259ms, w=9591ms]
07-03 19:15:12.677  1958  5236 I Timeline: Timeline: App_transition_ready time:116156194
07-03 19:15:12.677  1958  5236 I Timeline: Timeline: App_transition_stopped time:116156194
07-03 19:17:12.356  1958  2017 I PowerManagerService: Going to sleep due to timeout (uid 1000)...
07-03 19:17:12.357  1958  1958 W UsageStatsService: Event reported without a package name, eventType:16
07-03 19:17:12.365  1958  1958 I WindowManager: Started going to sleep... (why=OFF_BECAUSE_OF_TIMEOUT)
07-03 19:17:12.604  1958  2017 I DisplayPowerController: Blocking screen off
07-03 19:17:12.604  1958  2017 I DisplayPowerController: Unblocked screen off after 0 ms
07-03 19:17:12.617  1958  2017 I WindowManager: Screen turned off...
07-03 19:17:12.646  1958  2017 W ActivityManager: Unable to start service Intent { act=miui.action.CAMERA_EMPTY_SERVICEpkg=com.android.camera } U=0: not found
07-03 19:17:12.647 15119 15119 W ActivityThread: SCHED: com.miui.gallery/.activity.AllPhotosActivity [75, r=316ms, a=101ms, w=119949ms]
07-03 19:17:12.663  1958  1996 W ProcessStats: Tracking association SourceState{cb38bc6 com.miui.gallery/10103 Top #500767} whose proc state 1 is better than process ProcessState{8cb3600 com.miui.securitycenter.remote/1000 pkg=com.miui.securitycenter} proc state 2 (1009 skipped)
07-03 19:17:12.664  1958  1996 I DisplayManagerService: Display device changed state: "Built-in Screen", OFF
07-03 19:17:12.948  1958  2168 W BpBinder: Slow Binder: BpBinder transact took 299ms, interface=android.ui.ISurfaceComposer, code=19 oneway=false
07-03 19:17:12.973  1958  2017 W DreamManagerService: Dream ComponentInfo{com.android.systemui/com.android.systemui.doze.DozeService} does not exist
07-03 19:17:12.973  1958  2017 I PowerManagerService: Sleeping (uid 1000)...
07-03 19:17:12.977  1958  1958 I WindowManager: Finished going to sleep... (why=OFF_BECAUSE_OF_TIMEOUT)
07-03 19:17:12.985  2181  2205 W KeyguardViewMediator: doKeyguard: showing the lock screen
07-03 19:17:34.905  2181  2205 W BpBinder: Slow Binder: BpBinder transact took 439ms, interface=android.os.IPowerManager, code=1 oneway=false
07-03 19:17:35.024  1958  1996 W UsageStatsService: Event reported without a package name, eventType:17
07-03 19:17:35.025  1958  1996 I WindowManager: updateContrastOverlay, darkmode: true isContrastEnabled: true alpha: 0.0
07-03 19:17:35.041  1958  1993 I UsbDeviceManager: Setting USB config to adb
07-03 19:17:35.057  1958  1958 W Looper  : Slow dispatch took 137ms main h=android.app.ActivityThread$H c=android.app.-$$Lambda$LoadedApk$ReceiverDispatcher$Args$_BumDX2UKsnxLVrE6UJsJZkotuA@473fd99 m=0
07-03 19:17:35.116  1958  3133 W AdbDebuggingManager: Read failed with count -1
07-03 19:17:35.117  1958  3133 E AdbDebuggingManager: Caught an exception opening the socket: java.io.IOException: Connection refused
07-03 19:17:35.297  1958  1993 W Looper  : Slow dispatch took 255ms android.fg h=com.android.server.usb.UsbDeviceManager$UsbHandlerLegacy c=null m=13
07-03 19:17:35.297  1958  1993 W Looper  : Slow delivery took 241ms android.fg h=com.android.server.AppStateTracker$MyHandler c=null m=11
07-03 19:17:35.309  1958  1993 W Looper  : Drained
07-03 19:17:35.467  1958  2011 I ActivityManager: Start proc 17283:com.google.android.apps.wellbeing/u0a189 for broadcast {com.google.android.apps.wellbeing/com.google.android.apps.wellbeing.alarm.NextAlarmClockChangedReceiver_Receiver} caller=android
07-03 19:17:35.697  1958  2011 I ActivityManager: Start proc 17313:com.miui.msa.global:ui/u0a123 for service {com.miui.msa.global/com.xiaomi.ad.internal.splash.uiprocess.SplashUIService} caller=com.miui.msa.global
07-03 19:18:00.148 17313 17395 W BpBinder: Slow Binder: BpBinder transact took 202ms, interface=android.content.IContentProvider, code=1 oneway=false
07-03 19:18:12.792  1958  2090 W BaseMiuiPhoneWindowManager: keyCode:23 down:true eventTime:116278804 downTime:116278804 policyFlags:2000000 flags:8 deviceId:0 isScreenOn:false keyguardActive:true repeatCount:0
07-03 19:18:12.794  1958  2090 I PowerManagerService: Waking up from Asleep (uid=1000, reason=WAKE_REASON_UNKNOWN, details=miui.policy:FINGERPRINT_DPAD_CENTER)...
07-03 19:18:12.813  1958  2017 I DisplayPowerController: Blocking screen on until initial contents have been drawn.
07-03 19:18:12.813  1958  2017 I WindowManager: Screen turning on...
07-03 19:18:12.814  1958  1958 W UsageStatsService: Event reported without a package name, eventType:15
