07-02 19:57:04.610  1958  2010 W BroadcastQueue: Background execution not allowed: receiving Intent { act=android.intent.action.USER_PRESENT flg=0x24200010 } to info.kfsoft.force.rotation/.RestartReceiver
07-02 19:57:04.636  1958  3133 W AdbDebuggingManager: Read failed with count -1
07-02 19:57:04.637  1958  3133 E AdbDebuggingManager: Caught an exception opening the socket: java.io.IOException: Connection refused
07-02 19:57:04.684  1958  2009 W ProcessCpuTracker: Failed to stat(/proc/26250): android.system.ErrnoException: stat failed: ENOENT (No such file or directory)
07-02 19:57:04.684  1958  2009 W ProcessCpuTracker: Skipping unknown process pid 26250
07-02 19:57:04.723  4027  4215 W BpBinder: Slow Binder: BpBinder transact took 207ms, interface=android.hardware.camera2.ICameraDeviceUser, code=1 oneway=false
07-02 19:57:04.733  1958  1997 I Timeline: Timeline: App_transition_stopped time:84879107
07-02 19:57:04.791 25087 25087 W Activity: Slow Operation: Activity com.BHG.gurbani/.MainActivity onStart took 218ms
07-02 19:57:05.046  1958  1993 W Looper  : Slow dispatch took 455ms android.fg h=com.android.server.usb.UsbDeviceManager$UsbHandlerLegacy c=null m=13
07-02 19:57:05.058  1958  1997 I Timeline: Timeline: Activity_windows_visible id: ActivityRecord{e2e0629 u0 com.BHG.gurbani/.MainActivity t1461} time:84879433
07-02 19:57:05.067  1958  1958 W Looper  : Slow dispatch took 458ms main h=android.app.ActivityThread$H c=android.app.-$$Lambda$LoadedApk$ReceiverDispatcher$Args$_BumDX2UKsnxLVrE6UJsJZkotuA@a1aace6 m=0
07-02 19:57:05.067  2181  2181 W BpBinder: Slow Binder: BpBinder transact took 419ms, interface=android.view.accessibility.IAccessibilityManager, code=7 oneway=false
07-02 19:57:05.067  1958  1958 W Looper  : Slow delivery took 459ms main h=android.app.ActivityThread$H c=android.app.-$$Lambda$LoadedApk$ReceiverDispatcher$Args$_BumDX2UKsnxLVrE6UJsJZkotuA@a5b5cd4 m=0
07-02 19:57:05.079  2181  2181 W InputEventReceiver: App Input: 330ms before dispatchInputEvent (MotionEvent: event_seq=126583, seq=400497, action=ACTION_UP)
07-02 19:57:05.100  2181  2181 W Looper  : Slow Looper main: doFrame is 501ms late because of 8 msg, msg 3 took 430ms (seq=673431 running=2ms runnable=1ms late=76ms h=android.view.ViewRootImpl$ViewRootHandler w=3)
07-02 19:57:05.174  1958  1958 W Looper  : Drained
07-02 19:57:06.575  3855 25839 W MiuiPerfServiceClient: interceptAndQueuing:2181|com.android.systemui|1630|509|unknown|null|StatusBar|84879558344338|Slow main thread|52
07-02 19:57:14.736  1958  5236 I ActivityManager: Killing 24163:com.google.android.webview:webview_service/u0a192 (adj 975): empty #17
07-02 19:57:14.741  1958  5236 I ActivityManager: Killing 16872:com.google.android.gms.ui/u0a185 (adj 985): empty #18
07-02 19:57:14.840  1958  1996 W ActivityManager: setHasOverlayUi called on unknown pid: 16872
07-02 19:57:56.329  1958  2011 I ActivityManager: Start proc 26549:com.google.android.webview:sandboxed_process0:org.chromium.content.app.SandboxedProcessService0:1/u0i215 for  {com.BHG.gurbani/org.chromium.content.app.SandboxedProcessService0:1} caller=com.BHG.gurbani
07-02 19:58:21.364  2181  2181 I MiuiChargeManager: notifyBatteryStatusChanged:  status: 3 isPlugged: 0 level: 92 wireState: -1 chargeSpeed: 0 mWiredChargeType: 0 mWirelessChargeType: 0 chargeDeviceType: -1
07-02 19:59:56.526  1958  2017 I PowerManagerService: Going to sleep due to timeout (uid 1000)...
07-02 19:59:56.530  1958  1958 W UsageStatsService: Event reported without a package name, eventType:16
07-02 19:59:56.538  1958  1958 I WindowManager: Started going to sleep... (why=OFF_BECAUSE_OF_TIMEOUT)
07-02 19:59:56.838  1958  2017 I DisplayPowerController: Blocking screen off
07-02 19:59:56.839  1958  2017 I DisplayPowerController: Unblocked screen off after 1 ms
07-02 19:59:56.857  1958  2017 I WindowManager: Screen turned off...
07-02 19:59:56.896  1958  2017 W ActivityManager: Unable to start service Intent { act=miui.action.CAMERA_EMPTY_SERVICEpkg=com.android.camera } U=0: not found
07-02 19:59:56.896 25087 25087 W ActivityThread: SCHED: com.BHG.gurbani/.MainActivity [78, r=794ms, a=215ms, w=172075ms]
07-02 19:59:56.912  1958  1996 I DisplayManagerService: Display device changed state: "Built-in Screen", OFF
07-02 19:59:57.041  1958  3901 W ProcessStats: Tracking association SourceState{3be4ecf com.BHG.gurbani/10773 Top #399703} whose proc state 1 is better than process ProcessState{bd57a69 com.google.android.gms/10185 pkg=com.google.android.gms} proc state 5 (1 skipped)
07-02 19:59:57.196  1958  2168 W BpBinder: Slow Binder: BpBinder transact took 295ms, interface=android.ui.ISurfaceComposer, code=19 oneway=false
07-02 19:59:57.202  1958  2017 W DreamManagerService: Dream ComponentInfo{com.android.systemui/com.android.systemui.doze.DozeService} does not exist
07-02 19:59:57.202  1958  2017 I PowerManagerService: Sleeping (uid 1000)...
07-02 19:59:57.208  1958  1958 I WindowManager: Finished going to sleep... (why=OFF_BECAUSE_OF_TIMEOUT)
07-02 19:59:57.214  2181  2205 W KeyguardViewMediator: doKeyguard: showing the lock screen
07-02 20:00:08.582  1958  1996 W UsageStatsService: Event reported without a package name, eventType:17
07-02 20:00:08.583  1958  1996 I WindowManager: updateContrastOverlay, darkmode: true isContrastEnabled: false alpha: 0.0
07-02 20:00:08.591  1958  1993 I UsbDeviceManager: Setting USB config to adb
07-02 20:00:08.653  1958  3133 W AdbDebuggingManager: Read failed with count -1
07-02 20:00:08.654  1958  3133 E AdbDebuggingManager: Caught an exception opening the socket: java.io.IOException: Connection refused
07-02 20:00:26.642  1958  1993 W Looper  : Slow dispatch took 321ms android.fg h=com.android.server.usb.UsbDeviceManager$UsbHandlerLegacy c=null m=13
07-02 20:00:26.643  1958  1993 W Looper  : Slow delivery took 305ms android.fg h=com.android.server.AppStateTracker$MyHandler c=null m=11
07-02 20:00:26.651   788   903 W EventThreadInspector: slow VSync-sf on display(19260784713820289), count=1, avg=97 ms,max=97 ms.
07-02 20:00:26.667  1958  1993 W Looper  : Drained
07-02 20:03:09.688  1958  2011 I ActivityManager: Start proc 26691:com.xiaomi.mipicks/u0a127 for service {com.xiaomi.mipicks/androidx.work.impl.background.systemjob.SystemJobService} caller=android
07-02 20:03:34.458  1958  1958 W Looper  : Slow dispatch took 303ms main h=com.android.server.AlarmManagerService$AlarmHandler c=null m=4
07-02 20:03:34.678  1958  2014 E BatteryExternalStatsWorker: no controller energy info supplied for bluetooth
07-02 20:04:05.531  2513  2513 W BpBinder: Slow Binder: BpBinder transact took 207ms, interface=android.os.IPowerManager, code=1 oneway=false
07-02 20:04:05.606  1958  1981 I ActivityManager: Killing 26549:com.google.android.webview:sandboxed_process0:org.chromium.content.app.SandboxedProcessService0:1/u0a773i215 (adj 0): isolated not needed
07-02 20:04:05.617  5413  5606 W BpBinder: Slow Binder: BpBinder transact took 311ms, interface=com.android.internal.app.IBatteryStats, code=16 oneway=false
07-02 20:04:37.202 26691 26691 W Looper  : Slow Looper main: Long Msg: seq=2 plan=20:03:09.723  late=2ms wall=1610ms running=267ms runnable=42ms io=629ms h=android.app.ActivityThread$H w=110
07-02 20:04:46.626 26691 26691 W Looper  : Slow Looper main: doFrame is 555ms late because of 3 msg, msg 1 took 1610ms (seq=2 running=267ms runnable=42ms io=629ms late=2ms h=android.app.ActivityThread$H w=110), msg 2 took 209ms (seq=3 running=9ms runnable=12ms io=31ms late=1617ms h=android.app.ActivityThread$H w=114)
07-02 20:04:46.639  1958  2011 I ActivityManager: Start proc 26797:com.miui.analytics/u0a105 for service {com.miui.analytics/com.miui.analytics.onetrack.OneTrackService} caller=com.xiaomi.mipicks
07-02 20:04:46.670  1958  2351 I ActivityManager: Killing 24385:com.android.vending:background/u0a175 (adj 975): empty #17
07-02 20:05:11.677  1958  5270 I ActivityManager: Killing 25869:com.qualcomm.qti.poweroffalarm/1000 (adj 975): empty #17
07-02 20:05:40.184 26691 26726 W BpBinder: Slow Binder: BpBinder transact took 1478ms, interface=android.content.IContentProvider, code=1 oneway=false
07-02 20:08:35.669  1958  2010 E NotificationService: Suppressing notification from package by user request.
07-02 20:08:43.850  1958  2090 W BaseMiuiPhoneWindowManager: keyCode:23 down:true eventTime:85060463 downTime:85060463 policyFlags:2000000 flags:8 deviceId:0 isScreenOn:false keyguardActive:true repeatCount:0
07-02 20:08:43.850  1958  2090 I PowerManagerService: Waking up from Asleep (uid=1000, reason=WAKE_REASON_UNKNOWN, details=miui.policy:FINGERPRINT_DPAD_CENTER)...
07-02 20:08:43.851  1958  1958 W UsageStatsService: Event reported without a package name, eventType:15
07-02 20:08:43.855  1958  1958 I WindowManager: Started waking up... (why=ON_BECAUSE_OF_UNKNOWN)
07-02 20:08:43.877  1958  2017 I DisplayPowerController: Blocking screen on until initial contents have been drawn.
07-02 20:08:43.877  1958  2017 I WindowManager: Screen turning on...
07-02 20:08:43.877  2181 17376 W KeyguardViewMediator: notifyScreenOn
07-02 20:08:43.887  2181  2181 I miui_face: start face unlock
07-02 20:08:43.888  1958  2014 E KernelCpuUidUserSysTimeReader: Negative user/sys time delta for UID=99215
07-02 20:08:43.888  1958  2014 E KernelCpuUidUserSysTimeReader: Prev times: u=1607 s=677 Curr times: u=1576 s=638
07-02 20:08:43.889  2181  2924 I miui_face: start verify time=1
07-02 20:08:43.891  2181  2181 W KeyguardViewMediator: handleNotifyScreenTurningOn
07-02 20:08:43.891  2181  2181 W KeyguardViewMediator: notifyDrawn
07-02 20:08:43.891  1958  5269 I WindowManager: mKeyguardDelegate.ShowListener.onDrawn.
07-02 20:08:43.901  1958  1996 I DisplayManagerService: Display device changed state: "Built-in Screen", ON
07-02 20:08:43.908  1958  2090 W BaseMiuiPhoneWindowManager: keyCode:23 down:false eventTime:85060519 downTime:85060463policyFlags:22000000 flags:8 deviceId:0 isScreenOn:true keyguardActive:true repeatCount:0
07-02 20:08:43.917  1958  1994 W WindowManager: Setting mKeyguardDrawComplete
07-02 20:08:43.933  1958  1994 I WindowManager: All windows ready for display!
07-02 20:08:44.001  1958  1994 W WindowManager: Setting mWindowManagerDrawComplete
07-02 20:08:44.008  1958  1994 I WindowManager: Finished screen turning on...
07-02 20:08:44.008  1958  2017 I DisplayPowerController: Unblocked screen on after 132 ms
07-02 20:08:44.030  1958  2011 I ActivityManager: Start proc 27032:com.whatsapp/u0a762 for service {com.whatsapp/androidx.work.impl.background.systemjob.SystemJobService} caller=android
07-02 20:08:44.036  1958  1958 I WindowManager: Finished waking up... (why=ON_BECAUSE_OF_UNKNOWN)
07-02 20:08:44.239  4027  4215 W BpBinder: Slow Binder: BpBinder transact took 314ms, interface=android.hardware.camera2.ICameraDeviceUser, code=6 oneway=false
07-02 20:08:44.491  2181  2924 I miui_face:  authenCallback, onAuthenticationHelp helpCode:5 helpString:
07-02 20:08:44.938  2181  2924 I chatty  : uid=1000(system) face_unlock identical 5 lines
07-02 20:08:45.032  2181  2924 I miui_face:  authenCallback, onAuthenticationHelp helpCode:5 helpString:
07-02 20:08:45.062  1958  5270 W ProcessStats: Tracking association SourceState{18b00d7 com.BHG.gurbani/10773 Top #400062} whose proc state 1 is better than process ProcessState{1c1639c com.google.android.gms.persistent/10185 pkg=com.google.android.gms} proc state 2 (437 skipped)
07-02 20:08:45.068  1958  4525 I ActivityManager: Killing 25841:com.android.deskclock/u0a113 (adj 965): empty #17
07-02 20:08:45.141  2181  2924 I miui_face:  authenCallback, onAuthenticationHelp helpCode:5 helpString:
07-02 20:08:45.537  2181  2924 I chatty  : uid=1000(system) face_unlock identical 4 lines
07-02 20:08:45.632  2181  2924 I miui_face:  authenCallback, onAuthenticationHelp helpCode:5 helpString:
07-02 20:08:45.701  1958  2351 W BluetoothManagerService: bindBluetoothProfileService:Trying to bind to profile: 1, while Bluetooth is disabled
07-02 20:08:45.731  2181  2924 I miui_face:  authenCallback, onAuthenticationHelp helpCode:5 helpString:
07-02 20:08:45.838  2181  2924 I chatty  : uid=1000(system) face_unlock identical 1 line
07-02 20:08:45.934  2181  2924 I miui_face:  authenCallback, onAuthenticationHelp helpCode:5 helpString:
07-02 20:08:45.998  1958  2011 I ActivityManager: Start proc 27163:com.facebook.services/u0a100 for service {com.facebook.services/com.facebook.oxygen.services.fbns.PreloadedFbnsService} caller=com.whatsapp
07-02 20:08:46.032  2181  2924 I miui_face:  authenCallback, onAuthenticationHelp helpCode:5 helpString:
07-02 20:08:47.472  2181  2924 I chatty  : uid=1000(system) face_unlock identical 14 lines
07-02 20:08:47.564  2181  2924 I miui_face:  authenCallback, onAuthenticationHelp helpCode:5 helpString:
07-02 20:08:47.601  1958  2090 W BaseMiuiPhoneWindowManager: keyCode:23 down:true eventTime:85064215 downTime:85064215 policyFlags:22000000 flags:8 deviceId:0 isScreenOn:true keyguardActive:true repeatCount:0
07-02 20:08:47.644  2181  2924 I miui_face:  authenCallback, onAuthenticationHelp helpCode:5 helpString:
07-02 20:08:49.174  2181  2924 I chatty  : uid=1000(system) face_unlock identical 15 lines
07-02 20:08:49.252  2181  2924 I miui_face:  authenCallback, onAuthenticationHelp helpCode:5 helpString:
07-02 20:08:49.467  2181  2924 I miui_face: authenCallback, onAuthenticationFailed
07-02 20:08:49.891  1958  2090 W BaseMiuiPhoneWindowManager: keyCode:23 down:false eventTime:85066505 downTime:85064215policyFlags:22000000 flags:8 deviceId:0 isScreenOn:true keyguardActive:true repeatCount:0
07-02 20:08:57.609  1958  2017 I PowerManagerService: Going to sleep due to timeout (uid 1000)...
07-02 20:08:57.611  1958  1958 W UsageStatsService: Event reported without a package name, eventType:16
07-02 20:08:57.619  1958  1958 I WindowManager: Started going to sleep... (why=OFF_BECAUSE_OF_TIMEOUT)
07-02 20:08:57.844  1958  2017 I DisplayPowerController: Blocking screen off
07-02 20:08:57.844  1958  2017 I DisplayPowerController: Unblocked screen off after 0 ms
07-02 20:08:57.866  1958  2017 I WindowManager: Screen turned off...
07-02 20:08:57.877  1958  2017 W ActivityManager: Unable to start service Intent { act=miui.action.CAMERA_EMPTY_SERVICEpkg=com.android.camera } U=0: not found
07-02 20:08:57.884  1958  1996 I DisplayManagerService: Display device changed state: "Built-in Screen", OFF
07-02 20:08:58.178  1958  2168 W BpBinder: Slow Binder: BpBinder transact took 294ms, interface=android.ui.ISurfaceComposer, code=19 oneway=false
07-02 20:08:58.185  1958  2017 W DreamManagerService: Dream ComponentInfo{com.android.systemui/com.android.systemui.doze.DozeService} does not exist
07-02 20:08:58.185  1958  1997 W BpBinder: Slow Binder: BpBinder transact took 299ms, interface=android.ui.ISurfaceComposer, code=8 oneway=false
07-02 20:08:58.185  1958  2017 I PowerManagerService: Sleeping (uid 1000)...
07-02 20:08:58.187  2181  3082 W BpBinder: Slow Binder: BpBinder transact took 284ms, interface=android.gui.IGraphicBufferProducer, code=6 oneway=false
07-02 20:08:58.204  1958  1958 I WindowManager: Finished going to sleep... (why=OFF_BECAUSE_OF_TIMEOUT)
07-02 20:08:58.270   788   903 W EventThreadInspector: slow VSync-sf on display(19260784713820289), count=2, avg=40 ms,max=47 ms.
07-02 20:08:58.896  2181  2181 W BpBinder: Slow Binder: BpBinder transact took 270ms, interface=android.os.IPowerManager, code=12 oneway=false
07-02 20:09:00.978  1958  2011 I ActivityManager: Start proc 27235:org.zwanoo.android.speedtest/u0a412 for broadcast {org.zwanoo.android.speedtest/com.google.firebase.iid.FirebaseInstanceIdReceiver} caller=com.google.android.gms
07-02 20:09:01.739  1958  2645 I ActivityManager: Killing 25957:com.miui.securitycore.remote/1000 (adj 965): empty #17
07-02 20:09:01.780  1958  2011 I ActivityManager: Start proc 27310:in.mohalla.sharechat/u0a763 for broadcast {in.mohalla.sharechat/com.google.firebase.iid.FirebaseInstanceIdReceiver} caller=com.google.android.gms
07-02 20:09:03.330 27235 27369 W BpBinder: Slow Binder: BpBinder transact took 872ms, interface=com.android.vending.billing.IInAppBillingService, code=9 oneway=false
07-02 20:09:03.330 27235 27368 W BpBinder: Slow Binder: BpBinder transact took 876ms, interface=com.android.vending.billing.IInAppBillingService, code=9 oneway=false
07-02 20:09:05.345 27310 27310 W Looper  : Slow Looper main: Long Msg: seq=2 plan=20:09:01.816  late=1ms wall=3528ms running=2186ms runnable=84ms io=916ms h=android.app.ActivityThread$H w=110
07-02 20:09:05.500  1958  2645 I ActivityManager: Killing 26044:com.miui.msa.global:ui/u0a123 (adj 945): empty #17
07-02 20:09:25.527  2181  2181 I MiuiChargeManager: notifyBatteryStatusChanged:  status: 4 isPlugged: 0 level: 92 wireState: -1 chargeSpeed: 0 mWiredChargeType: 0 mWirelessChargeType: 0 chargeDeviceType: -1
07-02 20:09:25.939  1958  2007 I UsbPortManager: ClientCallback V1_0: otg_default
07-02 20:09:25.940  1958  1993 I UsbPortManager: USB port changed: port=UsbPort{id=otg_default, supportedModes=dualsupportedContaminantProtectionModes=0supportsEnableContaminantPresenceProtection=falsesupportsEnableContaminantPresenceDetection=false, status=UsbPortStatus{connected=true, currentMode=ufp, currentPowerRole=sink, currentDataRole=device, supportedRoleCombinations=[source:host, sink:device], contaminantDetectionStatus=0, contaminantProtectionStatus=0}, canChangeMode=true, canChangePowerRole=false, canChangeDataRole=false, connectedAtMillis=375051900, lastConnectDurationMillis=0
07-02 20:09:25.947  1958  1995 I EntropyMixer: Writing entropy...
07-02 20:09:25.952  1958  2010 W BroadcastQueue: Background execution not allowed: receiving Intent { act=android.intent.action.ACTION_POWER_CONNECTED flg=0x4000010 (has extras) } to com.teamsmart.videomanager.tv/com.liskovsoft.smartyoutubetv2.common.misc.RemoteControlReceiver
07-02 20:09:25.953  1958  2010 W BroadcastQueue: Background execution not allowed: receiving Intent { act=android.intent.action.ACTION_POWER_CONNECTED flg=0x4000010 (has extras) } to com.google.android.apps.turbo/.nudges.broadcasts.BatteryStatusChangedReceiver
07-02 20:09:25.953  1958  2010 W BroadcastQueue: Background execution not allowed: receiving Intent { act=android.intent.action.ACTION_POWER_CONNECTED flg=0x4000010 (has extras) } to com.google.android.gms/.chimera.GmsIntentOperationService$PersistentTrustedReceiver
07-02 20:09:25.953  1958  2010 W BroadcastQueue: Background execution not allowed: receiving Intent { act=android.intent.action.ACTION_POWER_CONNECTED flg=0x4000010 (has extras) } to com.google.android.gms/.gcm.nts.SchedulerReceiver
07-02 20:09:25.954  1958  2010 W BroadcastQueue: Background execution not allowed: receiving Intent { act=android.intent.action.ACTION_POWER_CONNECTED flg=0x4000010 (has extras) } to com.google.android.projection.gearhead/com.google.android.apps.auto.components.connectivity.impl.ConnectivityEventHandlerImpl$ConnectivityEventBroadcastReceiver
07-02 20:09:25.954  1958  2010 W BroadcastQueue: Background execution not allowed: receiving Intent { act=android.intent.action.ACTION_POWER_CONNECTED flg=0x4000010 (has extras) } to com.lbe.security.miui/xm.dt.rs.PowerChangeReceiver
07-02 20:09:25.954  1958  2010 W BroadcastQueue: Background execution not allowed: receiving Intent { act=android.intent.action.ACTION_POWER_CONNECTED flg=0x4000010 (has extras) } to com.miui.msa.global/com.xiaomi.ad.server.AdReceiver
07-02 20:09:25.954  1958  2010 W BroadcastQueue: Background execution not allowed: receiving Intent { act=android.intent.action.ACTION_POWER_CONNECTED flg=0x4000010 (has extras) } to com.digibites.accubattery/com.digibites.powerlib.receiver.PowerStateWatcher$Receiver
07-02 20:09:25.954  1958  2010 W BroadcastQueue: Background execution not allowed: receiving Intent { act=android.intent.action.ACTION_POWER_CONNECTED flg=0x4000010 (has extras) } to com.jio.myjio/com.inn.passivesdk.receiver.ServiceStarterReceiver
07-02 20:09:25.954  1958  2010 W BroadcastQueue: Background execution not allowed: receiving Intent { act=android.intent.action.ACTION_POWER_CONNECTED flg=0x4000010 (has extras) } to com.opera.browser/com.opera.android.news.newsfeed.internal.NewsFeedSystemReceiver
07-02 20:09:25.969  1958  2017 I PowerManagerService: Waking up from Asleep (uid=1000, reason=WAKE_REASON_PLUGGED_IN, details=android.server.power:PLUGGED:true)...
07-02 20:09:25.973  2181  2181 I MiuiChargeManager: notifyBatteryStatusChanged:  status: 4 isPlugged: 2 level: 92 wireState: 11 chargeSpeed: 0 mWiredChargeType: 0 mWirelessChargeType: 0 chargeDeviceType: -1
07-02 20:09:25.983  1958  2017 I DisplayPowerController: Blocking screen on until initial contents have been drawn.
07-02 20:09:25.983  1958  2017 I WindowManager: Screen turning on...
07-02 20:09:25.984  2181  2880 W KeyguardViewMediator: notifyScreenOn
07-02 20:09:25.985  1958  2014 E BatteryExternalStatsWorker: no controller energy info supplied for bluetooth
07-02 20:09:25.991  1958  1996 I DisplayManagerService: Display device changed state: "Built-in Screen", ON
07-02 20:09:25.993  1958  1958 W UsageStatsService: Event reported without a package name, eventType:15
07-02 20:09:25.995  1958  1958 I WindowManager: Started waking up... (why=ON_BECAUSE_OF_USER)
07-02 20:09:26.275   788   903 W EventThreadInspector: slow VSync-sf on display(19260784713820289), count=5, avg=26 ms,max=31 ms.
07-02 20:09:26.425   788   902 W EventThreadInspector: slow VSync-app on display(19260784713820289), count=1, avg=44 ms, max=44 ms.
07-02 20:09:26.514  2181  2181 W KeyguardViewMediator: handleNotifyScreenTurningOn
07-02 20:09:26.514  2181  2181 W KeyguardViewMediator: notifyDrawn
07-02 20:09:26.515  1958  4807 I WindowManager: mKeyguardDelegate.ShowListener.onDrawn.
07-02 20:09:26.518  1958  1994 W WindowManager: Setting mKeyguardDrawComplete
07-02 20:09:26.518  1958  1994 I WindowManager: All windows ready for display!
07-02 20:09:26.518  1958  1994 W WindowManager: Setting mWindowManagerDrawComplete
07-02 20:09:26.518  1958  1994 I WindowManager: Finished screen turning on...
07-02 20:09:26.519  1958  2017 I DisplayPowerController: Unblocked screen on after 535 ms
07-02 20:09:26.521  1958  2017 W PowerManagerService: Screen on took 553 ms
07-02 20:09:26.522  1958  1958 I WindowManager: Finished waking up... (why=ON_BECAUSE_OF_USER)
07-02 20:09:26.550  2181  2181 E miui_face: start face unlock  fail:;mChargeAnimationWindowShowing=true;mSwitchingUser=false;mFaceAuthStarted=false;isSlideCoverOpened=true;isKeyguardHide=false;isSimPinSecure=false
07-02 20:09:26.558  2181  2181 I MiuiChargeManager: notifyBatteryStatusChanged:  status: 2 isPlugged: 2 level: 92 wireState: 11 chargeSpeed: 0 mWiredChargeType: 0 mWirelessChargeType: 0 chargeDeviceType: -1
07-02 20:09:26.603 25666 32584 W BpBinder: Slow Binder: BpBinder transact took 219ms, interface=android.media.IMediaPlayer, code=3 oneway=false
07-02 20:09:26.919 26691 26743 I Ad      : isPersonalizedAdEnabled getAdSettings: 3
07-02 20:09:27.204  1958  2014 E BatteryExternalStatsWorker: no controller energy info supplied for bluetooth
07-02 20:09:28.816  2181  2181 I miui_face: start face unlock
07-02 20:09:28.818  2181  2924 I miui_face: start verify time=2
07-02 20:09:28.843  1958  2014 E BatteryExternalStatsWorker: no controller energy info supplied for bluetooth
07-02 20:09:28.843   788   902 W EventThreadInspector: slow VSync-app on display(19260784713820289), count=4, avg=36 ms, max=48 ms.
07-02 20:09:28.843   788   903 W EventThreadInspector: slow VSync-sf on display(19260784713820289), count=4, avg=34 ms,max=42 ms.
07-02 20:09:29.090  1958  2011 I ActivityManager: Start proc 27607:com.miui.cloudservice/u0a126 for service {com.miui.cloudservice/com.miui.cloudservice.alipay.provision.KeyStoreJobService} caller=android
07-02 20:09:29.134  4027  4215 W BpBinder: Slow Binder: BpBinder transact took 246ms, interface=android.hardware.camera2.ICameraDeviceUser, code=6 oneway=false
07-02 20:09:29.150  1958  2011 I ActivityManager: Start proc 27626:com.google.android.youtube/u0a204 for service {com.google.android.youtube/androidx.work.impl.background.systemjob.SystemJobService} caller=android
07-02 20:09:29.210  1958  2014 E BatteryExternalStatsWorker: no controller energy info supplied for bluetooth
07-02 20:09:29.393   788   903 W EventThreadInspector: slow VSync-sf on display(19260784713820289), count=4, avg=32 ms,max=33 ms.
07-02 20:09:29.393   788   902 W EventThreadInspector: slow VSync-app on display(19260784713820289), count=5, avg=32 ms, max=32 ms.
07-02 20:09:29.412  2181  2924 I miui_face:  authenCallback, onAuthenticationHelp helpCode:5 helpString:
07-02 20:09:29.453  2181  2924 I chatty  : uid=1000(system) face_unlock identical 1 line
07-02 20:09:29.540  2181  2924 I miui_face:  authenCallback, onAuthenticationHelp helpCode:5 helpString:
07-02 20:09:29.633  1958  2011 I ActivityManager: Start proc 27674:com.xiaomi.simactivate.service/u0a163 for service {com.xiaomi.simactivate.service/com.xiaomi.activate.ActivateService} caller=com.miui.cloudservice
07-02 20:09:29.655  2181  2924 I miui_face:  authenCallback, onAuthenticationHelp helpCode:5 helpString:
07-02 20:09:29.713  2181  2924 I chatty  : uid=1000(system) face_unlock identical 1 line
07-02 20:09:29.814  2181  2924 I miui_face:  authenCallback, onAuthenticationHelp helpCode:5 helpString:
07-02 20:09:29.910  1958  2011 I ActivityManager: Start proc 27713:com.xiaomi.account/u0a112 for service {com.xiaomi.account/com.xiaomi.account.XiaomiAccountService} caller=com.miui.cloudservice
07-02 20:09:29.923  2181  2924 I miui_face:  authenCallback, onAuthenticationHelp helpCode:5 helpString:
07-02 20:09:30.319  2181  2924 I chatty  : uid=1000(system) face_unlock identical 4 lines
07-02 20:09:30.430  2181  2924 I miui_face:  authenCallback, onAuthenticationHelp helpCode:5 helpString:
07-02 20:09:30.440 27626 27701 W BpBinder: Slow Binder: BpBinder transact took 232ms, interface=com.google.android.auth.IAuthManagerService, code=5 oneway=false
07-02 20:09:30.527  2181  2924 I miui_face:  authenCallback, onAuthenticationHelp helpCode:5 helpString:
07-02 20:09:30.633  2181  2924 I chatty  : uid=1000(system) face_unlock identical 1 line
07-02 20:09:30.734  2181  2924 I miui_face:  authenCallback, onAuthenticationHelp helpCode:5 helpString:
07-02 20:09:30.846 27713 27713 W Looper  : Slow Looper main: doFrame is 303ms late because of 3 msg, msg 1 took 886ms (seq=2 running=210ms runnable=31ms io=467ms late=7ms h=android.app.ActivityThread$H w=110)
07-02 20:09:30.864  2181  2924 I miui_face:  authenCallback, onAuthenticationHelp helpCode:5 helpString:
07-02 20:09:30.926  2181  2181 E miui_face: start face unlock fail ,faceDetectTypeForCamera=1
07-02 20:09:31.017  2181  2924 I miui_face:  authenCallback, onAuthenticationHelp helpCode:14 helpString:
07-02 20:09:31.051  1958  2010 W BroadcastQueue: Permission Denial: broadcasting Intent { act=android.net.conn.CONNECTIVITY_CHANGE flg=0x4200010 (has extras) } from null (pid=-1, uid=-1) requires com.google.android.youtube.DYNAMIC_RECEIVER_NOT_EXPORTED_PERMISSION due to registered receiver BroadcastFilter{8fe75ec 10204/u0 ReceiverList{ea7d09f 27626 com.google.android.youtube/10204/u0 remote:615ea3e}}
07-02 20:09:31.092  2181  2924 I miui_face:  authenCallback, onAuthenticationHelp helpCode:14 helpString:
07-02 20:09:31.110   788   788 W SurfaceFlingerInspector: Slow frame composition: nt36672a vide doComposition took 63 ms
07-02 20:09:31.181  2181  2924 I miui_face:  authenCallback, onAuthenticationHelp helpCode:14 helpString:
07-02 20:09:31.193   788   788 W SurfaceFlingerInspector: Slow frame composition: nt36672a vide doComposition took 63 ms
07-02 20:09:31.222  2181  2924 I miui_face:  authenCallback, onAuthenticationHelp helpCode:5 helpString:
07-02 20:09:31.414  2181  2924 I chatty  : uid=1000(system) face_unlock identical 6 lines
07-02 20:09:31.421  2181  2924 I miui_face:  authenCallback, onAuthenticationHelp helpCode:5 helpString:
07-02 20:09:31.461  1958  2014 E BatteryExternalStatsWorker: no controller energy info supplied for bluetooth
07-02 20:09:31.488  2181  2924 I miui_face:  authenCallback, onAuthenticationHelp helpCode:5 helpString:
07-02 20:09:32.243  2181  2924 I chatty  : uid=1000(system) face_unlock identical 15 lines
07-02 20:09:32.324  2181  2924 I miui_face:  authenCallback, onAuthenticationHelp helpCode:5 helpString:
07-02 20:09:32.327  1958  2011 I ActivityManager: Start proc 27894:com.android.chrome/u0a193 for service {com.android.chrome/org.chromium.chrome.browser.customtabs.CustomTabsConnectionService} caller=com.google.android.youtube
07-02 20:09:32.343  2181  2924 I miui_face:  authenCallback, onAuthenticationHelp helpCode:5 helpString:
07-02 20:09:32.356  2181  2181 I miui_keyguard_password: password unlock duration 189
07-02 20:09:32.359  1958  4522 W FingerprintService: Ignoring lockout reset, no templates enrolled
07-02 20:09:32.359  2181  2181 W miui_keyguard: unlock keyguard by pw
07-02 20:09:32.387  2181  2924 I miui_face:  authenCallback, onAuthenticationHelp helpCode:5 helpString:
07-02 20:09:32.440  2181  2924 I chatty  : uid=1000(system) face_unlock identical 1 line
07-02 20:09:32.499  2181  2924 I miui_face:  authenCallback, onAuthenticationHelp helpCode:5 helpString:
07-02 20:09:32.503  1958  1981 I LockSettingsService: Unlocking user 0 with secret only, length 32
07-02 20:09:32.503  1958  1981 I LockSettingsService: Disabling escrow token on user 0
07-02 20:09:32.517  2181  2181 I miui_face: stop face unlock
07-02 20:09:32.519  1958  1981 I LockSettingsService: Caching SP for user 0
07-02 20:09:32.521  1958  1958 I LockSettingsService: Removing SP from cache for user 0
07-02 20:09:32.522  2181 27559 W BpBinder: Slow Binder: BpBinder transact took 278ms, interface=com.android.internal.widget.ILockSettings, code=10 oneway=false
07-02 20:09:32.532  2181  2924 I miui_face: authenCallback, onAuthenticationError code:2000 msg:
07-02 20:09:32.546  1958  5271 I Timeline: Timeline: App_transition_ready time:85089268
07-02 20:09:32.546  2181  3626 I KeyguardViewMediator: call fw keyguardGoingAway: flags = 8
07-02 20:09:32.547  1958  1997 I Timeline: Timeline: App_transition_ready time:85089269
07-02 20:09:32.554  1958  1997 I Timeline: Timeline: App_transition_ready time:85089275
07-02 20:09:32.557  1958  1997 I Timeline: Timeline: App_transition_ready time:85089279
07-02 20:09:32.566  1958  1997 I Timeline: Timeline: App_transition_ready time:85089288
07-02 20:09:32.567  2181  2181 I KeyguardViewMediator: handleStartKeyguardExitAnimation startTime=85089287 fadeoutDuration=150
07-02 20:09:32.582  1958  1996 W UsageStatsService: Event reported without a package name, eventType:18
07-02 20:09:32.583  1958  1996 I WindowManager: updateContrastOverlay, darkmode: true isContrastEnabled: false alpha: 0.0
07-02 20:09:32.585  1958  1993 I UsbDeviceManager: Setting USB config to mtp,adb
07-02 20:09:32.648  2181  2181 I miui_face: face unlock success time=3832
07-02 20:09:32.671  1958  2010 W BroadcastQueue: Background execution not allowed: receiving Intent { act=android.intent.action.USER_PRESENT flg=0x24200010 } to com.jio.myjio/com.jio.clickstream.tbn.PowerConnectionReceiver
07-02 20:09:32.671  1958  2010 W BroadcastQueue: Background execution not allowed: receiving Intent { act=android.intent.action.USER_PRESENT flg=0x24200010 } to com.android.chrome/org.chromium.chrome.browser.sharing.click_to_call.ClickToCallMessageHandler$PhoneUnlockedReceiver
07-02 20:09:32.671  1958  2010 W BroadcastQueue: Background execution not allowed: receiving Intent { act=android.intent.action.USER_PRESENT flg=0x24200010 } to com.google.android.gms/.auth.setup.devicesignals.LockScreenReceiver
07-02 20:09:32.671  1958  2010 W BroadcastQueue: Background execution not allowed: receiving Intent { act=android.intent.action.USER_PRESENT flg=0x24200010 } to com.google.android.gms/.chimera.GmsIntentOperationService$PersistentTrustedReceiver
07-02 20:09:32.671  1958  2010 W BroadcastQueue: Background execution not allowed: receiving Intent { act=android.intent.action.USER_PRESENT flg=0x24200010 } to info.kfsoft.force.rotation/.RestartReceiver
07-02 20:09:32.678 26252 26252 I Timeline: Timeline: Activity_launch_request time:85089400
07-02 20:09:32.685  1958  5271 I ActivityTaskManager: START u0 {flg=0x10000000 cmp=com.android.settings/.Settings$UsbDetailsActivity} from uid 1000
07-02 20:09:32.700 25087 25087 W Activity: Slow Operation: Activity com.BHG.gurbani/.MainActivity onStart took 123ms
07-02 20:09:32.701  1958  3133 W AdbDebuggingManager: Read failed with count -1
07-02 20:09:32.713  1958  3133 E AdbDebuggingManager: Caught an exception opening the socket: java.io.IOException: Connection refused
07-02 20:09:32.814  4027  4215 W BpBinder: Slow Binder: BpBinder transact took 201ms, interface=android.hardware.camera2.ICameraDeviceUser, code=1 oneway=false
07-02 20:09:32.859  3855 25839 W MiuiPerfServiceClient: interceptAndQueuing:2181|com.android.systemui|321|104|unknown|null|StatusBar|85088019827592|Slow swap buffers|8
07-02 20:09:33.252 26252 26252 W BpBinder: Slow Binder: BpBinder transact took 570ms, interface=android.app.IActivityTaskManager, code=1 oneway=false
07-02 20:09:33.284  2181  2181 W BpBinder: Slow Binder: BpBinder transact took 595ms, interface=android.view.IWindowSession, code=4 oneway=false
07-02 20:09:33.287 25666 27936 W BpBinder: Slow Binder: BpBinder transact took 597ms, interface=android.app.IActivityTaskManager, code=32 oneway=false
07-02 20:09:33.287  2181  2663 W BpBinder: Slow Binder: BpBinder transact took 605ms, interface=android.app.IActivityTaskManager, code=138 oneway=false
07-02 20:09:33.287 25087 25087 W BpBinder: Slow Binder: BpBinder transact took 535ms, interface=android.app.IActivityTaskManager, code=18 oneway=false
07-02 20:09:33.292  1958  1997 I Timeline: Timeline: App_transition_stopped time:85090013
07-02 20:09:33.304  8396  8396 W BpBinder: Slow Binder: BpBinder transact took 630ms, interface=android.app.IActivityManager, code=27 oneway=false
07-02 20:09:33.325  1958  1993 W Looper  : Slow dispatch took 740ms android.fg h=com.android.server.usb.UsbDeviceManager$UsbHandlerLegacy c=null m=13
07-02 20:09:33.325  1958  1993 W Looper  : Slow delivery took 714ms android.fg h=com.android.server.adb.AdbDebuggingManager$AdbDebuggingHandler c=null m=7
07-02 20:09:33.326 27163 27163 W BpBinder: Slow Binder: BpBinder transact took 649ms, interface=android.app.IActivityManager, code=24 oneway=false
07-02 20:09:33.329 25324 25393 W BpBinder: Slow Binder: BpBinder transact took 487ms, interface=android.app.IActivityManager, code=12 oneway=false
07-02 20:09:33.338 27235 27272 W BpBinder: Slow Binder: BpBinder transact took 652ms, interface=android.app.IActivityManager, code=71 oneway=false
07-02 20:09:33.339 27626 27626 W BpBinder: Slow Binder: BpBinder transact took 375ms, interface=android.app.job.IJobCallback, code=5 oneway=false
07-02 20:09:33.340 26583 25706 W BpBinder: Slow Binder: BpBinder transact took 637ms, interface=android.app.IActivityManager, code=24 oneway=false
07-02 20:09:33.345 25087 27937 W BpBinder: Slow Binder: BpBinder transact took 483ms, interface=android.app.IActivityManager, code=27 oneway=false
07-02 20:09:33.354 26252 26338 I Timeline: Timeline: Activity_launch_request time:85090076
07-02 20:09:33.357 27310 27614 W BpBinder: Slow Binder: BpBinder transact took 563ms, interface=android.app.IAlarmManager, code=1 oneway=false
07-02 20:09:33.359  1958  2351 I ActivityTaskManager: START u0 {flg=0x10000000 cmp=com.android.settings/.Settings$UsbDetailsActivity} from uid 1000
07-02 20:09:33.365 27626 27747 W BpBinder: Slow Binder: BpBinder transact took 400ms, interface=android.app.job.IJobScheduler, code=6 oneway=false
07-02 20:09:33.377  2181  2181 W Looper  : Slow Looper main: doFrame is 692ms late because of 13 msg, msg 1 took 613ms (seq=675600 running=9ms runnable=2ms late=46ms h=android.view.Choreographer$FrameHandler c=android.view.Choreographer$FrameDisplayEventReceiver)
07-02 20:09:33.383  1958  1993 W Looper  : Drained
07-02 20:09:33.409  1958  2014 E BatteryExternalStatsWorker: no controller energy info supplied for bluetooth
07-02 20:09:33.475 25087 25087 W Looper  : Slow Looper main: doFrame is 710ms late because of 1 msg, msg 1 took 712ms (seq=1683 running=15ms runnable=5ms io=145ms late=38ms h=android.app.ActivityThread$H w=159)
07-02 20:09:33.477  1958  1997 I Timeline: Timeline: Activity_windows_visible id: ActivityRecord{e2e0629 u0 com.BHG.gurbani/.MainActivity t1461} time:85090199
07-02 20:09:33.488 25087 25087 W ActivityThread: SCHED: com.BHG.gurbani/.MainActivity [56, r=13ms, a=10ms, w=759ms]
07-02 20:09:33.495  1958  3901 I ActivityTaskManager: The Process com.android.settings Already Exists in BG. So sendingits PID: 26252
07-02 20:09:33.504  1958  3901 I Timeline: Timeline: App_transition_ready time:85090226
07-02 20:09:33.586  1958  1997 I Timeline: Timeline: App_transition_ready time:85090308
07-02 20:09:33.596  1958  1997 I Timeline: Timeline: App_transition_ready time:85090318
07-02 20:09:33.683 27894 27894 W Looper  : Slow Looper main: Long Msg: seq=2 plan=20:09:32.375  late=11ms wall=1296ms running=138ms runnable=21ms io=999ms h=android.app.ActivityThread$H w=110
07-02 20:09:33.713  1958  5269 I ActivityManager: Killing 26280:com.google.android.apps.maps/u0a191 (adj 945): empty #17
07-02 20:09:33.912  1958  1958 W Looper  : Slow Looper main: Long Msg: seq=319908 plan=20:09:32.669  late=3ms wall=1240ms running=43ms runnable=13ms io=1084ms h=android.app.ActivityThread$H c=android.app.-$$Lambda$LoadedApk$ReceiverDispatcher$Args$_BumDX2UKsnxLVrE6UJsJZkotuA
07-02 20:09:33.912  1958  1958 W Looper  : Slow dispatch took 1240ms main h=android.app.ActivityThread$H c=android.app.-$$Lambda$LoadedApk$ReceiverDispatcher$Args$_BumDX2UKsnxLVrE6UJsJZkotuA@ff9bbdf m=0
07-02 20:09:33.912  1958  1958 W Looper  : Slow delivery took 1243ms main h=android.app.ActivityThread$H c=android.app.-$$Lambda$LoadedApk$ReceiverDispatcher$Args$_BumDX2UKsnxLVrE6UJsJZkotuA@20d202c m=0
07-02 20:09:33.954  1958  1958 W Looper  : Drained
07-02 20:09:33.986  3855 25839 W MiuiPerfServiceClient: interceptAndQueuing:2181|com.android.systemui|770|695|unknown|null|StatusBar|85090119626080|Slow main thread|3
07-02 20:09:34.199 26252 26252 W Looper  : Slow Looper main: Activity com.android.settings/.Settings$UsbDetailsActivityis 683ms late (wall=0ms running=0ms ClientTransaction{ callbacks=[android.app.servertransaction.TopResumedActivityChangeItem] }) because of 1 msg, msg 1 took 684ms (seq=20 running=75ms runnable=16ms io=542ms h=android.app.ActivityThread$H w=159)
07-02 20:09:34.215  1958  5270 I Timeline: Timeline: App_transition_ready time:85090937
07-02 20:09:34.217  1958  5270 I Timeline: Timeline: App_transition_ready time:85090939
07-02 20:09:34.386  1958  5270 I Timeline: Timeline: App_transition_ready time:85091108
07-02 20:09:34.392  1958  1997 I Timeline: Timeline: App_transition_ready time:85091113
07-02 20:09:34.398  1958  1997 I Timeline: Timeline: App_transition_ready time:85091120
07-02 20:09:34.564  1958  1997 I Timeline: Timeline: App_transition_stopped time:85091286
07-02 20:09:34.566  1958  1997 I Timeline: Timeline: Activity_windows_visible id: ActivityRecord{879d7a4 u0 com.android.settings/.Settings$UsbDetailsActivity t1462} time:85091287
07-02 20:09:35.599 26252 26252 W ActivityThread: SCHED: com.android.settings/.Settings$UsbDetailsActivity [71, r=40ms, a=16ms, w=1410ms]
07-02 20:09:35.634  1958  4597 I Timeline: Timeline: App_transition_ready time:85092356
07-02 20:09:35.640  1958  5270 W ActivityTaskManager: Finishing task with all activities already finished
07-02 20:09:35.640  1958  5270 W ActivityTaskManager: Duplicate finish request for ActivityRecord{879d7a4 u0 com.android.settings/.Settings$UsbDetailsActivity t1462 f}
07-02 20:09:35.667  1958  1997 I Timeline: Timeline: App_transition_stopped time:85092389
07-02 20:09:36.054 26252 26252 W FileUtils: Slow Operation: fsync took 395ms
07-02 20:09:36.055 26252 26252 W QueuedWork: Slow Operation: QueueWork waitToFinish took 397ms
07-02 20:09:36.285 26252 26252 W Looper  : Slow Looper main: doFrame is 418ms late because of 1 msg, msg 1 took 422ms (seq=63 running=7ms runnable=1ms io=375ms late=39ms h=android.app.ActivityThread$H w=159)
07-02 20:09:36.887  1958  5270 W BpBinder: Slow Binder: BpBinder transact took 1096ms, interface=android.os.IInstalld, code=10 oneway=false
07-02 20:09:36.888  1958  5270 I InstallationStatistic: beginInstallSession: 1258617629
07-02 20:09:37.082  1958  2011 I ActivityManager: Start proc 28074:com.android.chrome:privileged_process0/u0a193 for service {com.android.chrome/org.chromium.content.app.PrivilegedProcessService0} caller=com.android.chrome
07-02 20:09:37.330  1958  2090 W BaseMiuiPhoneWindowManager: keyCode:23 down:true eventTime:85094051 downTime:85094051 policyFlags:22000000 flags:8 deviceId:0 isScreenOn:true keyguardActive:false repeatCount:0
07-02 20:09:37.560  1958  2090 W BaseMiuiPhoneWindowManager: keyCode:23 down:false eventTime:85094282 downTime:85094051policyFlags:22000000 flags:8 deviceId:0 isScreenOn:true keyguardActive:false repeatCount:0
07-02 20:09:37.573 27894 27894 W Looper  : Slow Looper main: Long Msg: seq=8 plan=20:09:33.716  late=1ms wall=3855ms running=419ms runnable=27ms io=2253ms h=android.os.Handler c=W96
07-02 20:09:37.619  1958  4522 I ActivityManager: Killing 26386:com.google.android.projection.gearhead:car/u0a179 (adj 965): empty #17
07-02 20:09:37.947  1958  4526 W ActivityManager: Permission Denial: getStackInfo() from pid=24780, uid=10123 requires android.permission.MANAGE_ACTIVITY_STACKS
07-02 20:09:38.080  1958  2065 W BpBinder: Slow Binder: BpBinder transact took 371ms, interface=com.miui.server.ISplashScreenService, code=1 oneway=false
07-02 20:09:38.080  1958  2065 I ActivityTaskManager: START u0 {act=android.intent.action.VIEW dat=file:///data/app/vmdl1258617629.tmp typ=application/vnd.android.package-archive flg=0x18000000 cmp=com.miui.securitycenter/com.miui.permcenter.install.AdbInstallActivity (has extras)} from uid 1000
07-02 20:09:38.123 25087 25087 W ActivityThread: SCHED: com.BHG.gurbani/.MainActivity [71, r=5ms, a=2ms, w=2517ms]
07-02 20:09:38.125  1958  3853 I ActivityTaskManager: The Process com.miui.securitycenter Already Exists in BG. So sending its PID: 19935
07-02 20:09:38.127  1958  3853 W ActivityTaskManager: Request to remove task ignored for non-existent task 1462
07-02 20:09:38.134  1958  3853 I Timeline: Timeline: App_transition_ready time:85094855
07-02 20:09:38.143  1958  2011 W ActivityManager: Slow operation: 563ms so far, now at startProcess: returned from zygote!
07-02 20:09:38.145  1958  2011 W ActivityManager: Slow operation: 564ms so far, now at startProcess: done updating battery stats
07-02 20:09:38.145  1958  2011 W ActivityManager: Slow operation: 565ms so far, now at startProcess: building log message
07-02 20:09:38.145  1958  2011 I ActivityManager: Start proc 28173:com.android.chrome:sandboxed_process0:org.chromium.content.app.SandboxedProcessService0:0/u0ai0 for  {com.android.chrome/org.chromium.content.app.SandboxedProcessService0:0} caller=com.android.chrome
07-02 20:09:38.145  1958  2011 W ActivityManager: Slow operation: 565ms so far, now at startProcess: starting to updatepids map
07-02 20:09:38.145  1958  2011 W ActivityManager: Slow operation: 565ms so far, now at startProcess: done updating pidsmap
07-02 20:09:38.258  1958  4522 I Timeline: Timeline: App_transition_ready time:85094980
07-02 20:09:38.974  1958  1996 W ActivityTaskManager: Activity top resumed state loss timeout for ActivityRecord{1187396 u0 com.miui.securitycenter/com.miui.permcenter.install.AdbInstallActivity t1463 f}
07-02 20:09:38.975  1958  1996 W ActivityTaskManager: Activity pause timeout for ActivityRecord{1187396 u0 com.miui.securitycenter/com.miui.permcenter.install.AdbInstallActivity t1463 f}
07-02 20:09:38.982  1958  1996 I Timeline: Timeline: App_transition_ready time:85095704
07-02 20:09:38.983  1958  1996 I Timeline: Timeline: App_transition_stopped time:85095704
07-02 20:09:38.993  1958  1996 I ActivityManager: Killing 26156:com.google.android.apps.turbo/u0a184 (adj 965): empty #17
07-02 20:09:39.002  1958  1996 I ActivityManager: Killing 24496:com.google.android.apps.wellbeing/u0a189 (adj 955): empty #17
07-02 20:09:39.015  1958  3681 W FileUtils: Slow Operation: fsync took 365ms
07-02 20:09:39.015 27894 28025 W FileUtils: Slow Operation: fsync took 595ms
07-02 20:09:39.908  1958  2011 I ActivityManager: Start proc 28276:android.process.acore/u0a64 for content provider {com.android.providers.contacts/com.android.providers.contacts.ContactsProvider2} caller=com.google.android.gms
07-02 20:09:39.967 19935 19935 W Activity: Slow Operation: Activity com.miui.securitycenter/com.miui.permcenter.install.AdbInstallActivity onCreate took 1643ms
07-02 20:09:39.971 19935 19935 W Looper  : Slow Looper main: Long Msg: seq=128 plan=20:09:38.128  late=0ms wall=1842ms running=124ms runnable=37ms io=1534ms h=android.app.ActivityThread$H w=159
07-02 20:09:39.971 19935 19935 W Looper  : Slow Looper main: Activity com.miui.securitycenter/com.miui.permcenter.install.AdbInstallActivity is 1843ms late (wall=0ms running=0ms ClientTransaction{ callbacks=[android.app.servertransaction.TopResumedActivityChangeItem] }) because of 2 msg, msg 1 took 1842ms (seq=128 running=124ms runnable=37ms io=1534ms h=android.app.ActivityThread$H w=159)
07-02 20:09:39.972 19935 19935 W Looper  : Slow Looper main: Activity com.miui.securitycenter/com.miui.permcenter.install.AdbInstallActivity is 1497ms late (wall=0ms running=1ms ClientTransaction{ callbacks=[android.app.servertransaction.TopResumedActivityChangeItem] }) because of 4 msg, msg 1 took 1842ms (seq=128 running=124ms runnable=37ms io=1534ms h=android.app.ActivityThread$H w=159)
07-02 20:09:39.972 19935 19935 W Looper  : Slow Looper main: Activity com.miui.securitycenter/com.miui.permcenter.install.AdbInstallActivity is 1496ms late (wall=1ms running=0ms ClientTransaction{ lifecycleRequest=android.app.servertransaction.PauseActivityItem }) because of 5 msg, msg 1 took 1842ms (seq=128 running=124ms runnable=37ms io=1534ms h=android.app.ActivityThread$H w=159)
07-02 20:09:40.076 19935 19935 W Activity: Slow Operation: Activity com.miui.securitycenter/com.miui.permcenter.install.AdbInstallActivity onDestroy took 103ms
07-02 20:09:40.114  1958  5269 W WindowManager: Failed looking up window callers=com.android.server.wm.WindowManagerService.windowForClientLocked:5864 com.android.server.wm.WindowManagerService.relayoutWindow:2244 com.android.server.wm.Session.relayout:194
07-02 20:09:40.164  1958  2647 W WindowManager: Failed looking up window callers=com.android.server.wm.WindowManagerService.windowForClientLocked:5864 com.android.server.wm.WindowManagerService.removeWindow:2014 com.android.server.wm.Session.remove:176
07-02 20:09:40.287 26222 28275 W BpBinder: Slow Binder: BpBinder transact took 410ms, interface=android.app.IActivityManager, code=20 oneway=false
07-02 20:09:41.312  1958  2022 W BpBinder: Slow Binder: BpBinder transact took 1221ms, interface=android.os.IInstalld, code=10 oneway=false
07-02 20:09:41.313  1958  2022 W Looper  : Slow Looper PackageManager: Long Msg: seq=1719 plan=20:09:40.084  late=1ms wall=1227ms running=4ms runnable=2ms h=com.android.server.pm.PackageManagerService$PackageHandler w=5
07-02 20:09:41.324  1958  2010 I ActivityManager: Force stopping com.BHG.gurbani appid=10773 user=-1: installPackageLI
07-02 20:09:41.326  1958  2010 I ActivityManager: Killing 25087:com.BHG.gurbani/u0a773 (adj 0): stop com.BHG.gurbani: installPackageLI
07-02 20:09:41.334  1958  2010 W ActivityTaskManager: Force removing ActivityRecord{e2e0629 u0 com.BHG.gurbani/.MainActivity t1461 f}: app died, no saved state
07-02 20:09:41.340  1958  2022 I PackageManager: Update package com.BHG.gurbani code path from /data/app/com.BHG.gurbani-7FLDz3KsfxPVVnpQONv37A== to /data/app/com.BHG.gurbani-refgiy21zf3stP6kPya8OA==; Retain data and using new
07-02 20:09:41.340  1958  2022 I PackageManager: Update package com.BHG.gurbani resource path from /data/app/com.BHG.gurbani-7FLDz3KsfxPVVnpQONv37A== to /data/app/com.BHG.gurbani-refgiy21zf3stP6kPya8OA==; Retain data and using new
07-02 20:09:41.535  1958  2022 W FileUtils: Slow Operation: fsync took 135ms
07-02 20:09:41.579  1958  2022 I PackageManager: Un-granting permission android.permission.WRITE_MEDIA_STORAGE from package com.jio.media.jiobeats (protectionLevel=18 flags=0x20d83e44)
07-02 20:09:41.579  1958  2022 I PackageManager: Un-granting permission android.permission.WRITE_SETTINGS from package com.jio.media.jiobeats (protectionLevel=1218 flags=0x20d83e44)
07-02 20:09:41.580  1958  2022 I PackageManager: Un-granting permission android.permission.MANAGE_DOCUMENTS from package com.google.android.youtube (protectionLevel=262146 flags=0x20dbbec5)
07-02 20:09:41.580  1958  2022 I PackageManager: Un-granting permission android.permission.REQUEST_INSTALL_PACKAGES from package com.revanced.net.revancedmanager (protectionLevel=66 flags=0x20c8be44)
07-02 20:09:41.581  1958  2022 I PackageManager: Un-granting permission android.permission.CAPTURE_AUDIO_OUTPUT from package com.google.android.googlequicksearchbox (protectionLevel=18 flags=0xa8dbbec5)
07-02 20:09:41.581  1958  2022 I PackageManager: Un-granting permission android.permission.SUBSTITUTE_SHARE_TARGET_APP_NAME_AND_ICON from package com.google.android.googlequicksearchbox (protectionLevel=18 flags=0xa8dbbec5)
07-02 20:09:41.581  1958  2022 I PackageManager: Un-granting permission android.permission.CAPTURE_MEDIA_OUTPUT from package com.google.android.googlequicksearchbox (protectionLevel=18 flags=0xa8dbbec5)
07-02 20:09:41.581  1958  2022 I PackageManager: Un-granting permission android.permission.MODIFY_AUDIO_ROUTING from package com.google.android.googlequicksearchbox (protectionLevel=18 flags=0xa8dbbec5)
