07-02 20:09:41.581  1958  2022 I PackageManager: Un-granting permission com.google.android.googleapps.permission.GOOGLE_AUTH from package com.android.providers.calendar (protectionLevel=2 flags=0x20883e45)
07-02 20:09:41.581  1958  2022 I PackageManager: Un-granting permission com.google.android.googleapps.permission.GOOGLE_AUTH.cl from package com.android.providers.calendar (protectionLevel=2 flags=0x20883e45)
07-02 20:09:41.582  1958  2022 I PackageManager: Un-granting permission android.permission.SYSTEM_ALERT_WINDOW from package org.telegram.messenger (protectionLevel=1250 flags=0x289bbe44)
07-02 20:09:41.582  1958  2022 I PackageManager: Un-granting permission android.permission.REQUEST_INSTALL_PACKAGES from package org.telegram.messenger (protectionLevel=66 flags=0x289bbe44)
07-02 20:09:41.583  1958  2022 I PackageManager: Un-granting permission android.permission.MANAGE_DOCUMENTS from package app.revanced.android.youtube (protectionLevel=262146 flags=0x30dbbe44)
07-02 20:09:41.583  1958  2022 I PackageManager: Un-granting permission android.permission.SYSTEM_ALERT_WINDOW from package app.revanced.android.youtube (protectionLevel=1250 flags=0x30dbbe44)
07-02 20:09:41.583  1958  2022 I PackageManager: Un-granting permission android.permission.WRITE_SECURE_SETTINGS from package com.antutu.ABenchMark (protectionLevel=50 flags=0x2288be46)
07-02 20:09:41.584  1958  2022 I PackageManager: Un-granting permission android.permission.REQUEST_INSTALL_PACKAGES from package com.whatsapp (protectionLevel=66 flags=0x20cbbe44)
07-02 20:09:41.584  1958  2022 I PackageManager: Un-granting permission android.permission.HIDE_NON_SYSTEM_OVERLAY_WINDOWS from package com.android.companiondevicemanager (protectionLevel=258 flags=0x30c83e45)
07-02 20:09:41.585  1958  2022 I PackageManager: Un-granting permission android.permission.MANAGE_USERS from package com.miui.securitycenter (protectionLevel=18 flags=0x20c9bec5)
07-02 20:09:41.585  1958  2022 I PackageManager: Un-granting permission android.permission.INTERACT_ACROSS_USERS from package com.miui.securitycenter (protectionLevel=50 flags=0x20c9bec5)
07-02 20:09:41.585  1958  2022 I PackageManager: Un-granting permission android.permission.READ_PRIVILEGED_PHONE_STATE from package com.miui.securitycenter (protectionLevel=18 flags=0x20c9bec5)
07-02 20:09:41.586  1958  2022 I PackageManager: Un-granting permission android.permission.WRITE_MEDIA_STORAGE from package ru.zdevs.zarchiver (protectionLevel=18 flags=0x30d8be44)
07-02 20:09:41.586  1958  2022 I PackageManager: Un-granting permission android.permission.REQUEST_INSTALL_PACKAGES from package ru.zdevs.zarchiver (protectionLevel=66 flags=0x30d8be44)
07-02 20:09:41.586  1958  2022 I PackageManager: Un-granting permission android.permission.SYSTEM_ALERT_WINDOW from package com.glgjing.captain (protectionLevel=1250 flags=0x3088be44)
07-02 20:09:41.586  1958  2022 I PackageManager: Un-granting permission android.permission.PACKAGE_USAGE_STATS from package com.glgjing.captain (protectionLevel=114 flags=0x3088be44)
07-02 20:09:41.586  1958  2022 I PackageManager: Un-granting permission android.permission.START_ACTIVITIES_FROM_BACKGROUND from package com.android.soundrecorder (protectionLevel=49682 flags=0x30c83e85)
07-02 20:09:41.587  1958  2022 I PackageManager: Un-granting permission android.permission.WRITE_SETTINGS from package in.mohalla.sharechat (protectionLevel=1218 flags=0x30d8be44)
07-02 20:09:41.587  1958  2022 I PackageManager: Un-granting permission android.permission.SYSTEM_ALERT_WINDOW from package in.mohalla.sharechat (protectionLevel=1250 flags=0x30d8be44)
07-02 20:09:41.587  1958  2022 I PackageManager: Un-granting permission android.permission.REQUEST_INSTALL_PACKAGES from package com.android.providers.downloads.ui (protectionLevel=66 flags=0x30c8be45)
07-02 20:09:41.587  1958  2022 I PackageManager: Un-granting permission android.permission.HIDE_NON_SYSTEM_OVERLAY_WINDOWS from package com.android.vending (protectionLevel=258 flags=0x28cabec5)
07-02 20:09:41.588  1958  2022 I PackageManager: Un-granting permission android.permission.SEND_DOWNLOAD_COMPLETED_INTENTS from package com.android.vending (protectionLevel=2 flags=0x28cabec5)
07-02 20:09:41.589  1958  2022 I PackageManager: Un-granting permission android.permission.SYSTEM_ALERT_WINDOW from package com.hecorat.screenrecorder.free (protectionLevel=1250 flags=0x20c8be44)
07-02 20:09:41.590  1958  2022 I PackageManager: Un-granting permission com.google.android.googleapps.permission.GOOGLE_AUTH.mail from package com.android.contacts (protectionLevel=2 flags=0x38c9be45)
07-02 20:09:41.590  1958  2022 I PackageManager: Un-granting permission android.permission.CHANGE_CONFIGURATION from package com.tiqiaa.remote (protectionLevel=50 flags=0x30c8be44)
07-02 20:09:41.590  1958  2022 I PackageManager: Un-granting permission android.permission.SET_DEBUG_APP from package com.tiqiaa.remote (protectionLevel=50 flags=0x30c8be44)
07-02 20:09:41.591  1958  2022 I PackageManager: Un-granting permission android.permission.WRITE_SETTINGS from package com.tiqiaa.remote (protectionLevel=1218 flags=0x30c8be44)
07-02 20:09:41.591  1958  2022 I PackageManager: Un-granting permission android.permission.DEVICE_POWER from package com.tiqiaa.remote (protectionLevel=2 flags=0x30c8be44)
07-02 20:09:41.591  1958  2022 I PackageManager: Un-granting permission com.android.launcher.permission.READ_SETTINGS from package com.tiqiaa.remote (protectionLevel=18 flags=0x30c8be44)
07-02 20:09:41.591  1958  2022 I PackageManager: Un-granting permission android.permission.INTERACT_ACROSS_USERS_FULL from package com.tiqiaa.remote (protectionLevel=258 flags=0x30c8be44)
07-02 20:09:41.591  1958  2022 I PackageManager: Un-granting permission android.permission.SYSTEM_ALERT_WINDOW from package com.tiqiaa.remote (protectionLevel=1250 flags=0x30c8be44)
07-02 20:09:41.591  1958  2022 I PackageManager: Un-granting permission android.permission.SEND_DOWNLOAD_COMPLETED_INTENTS from package com.tiqiaa.remote (protectionLevel=2 flags=0x30c8be44)
07-02 20:09:41.591  1958  2022 I PackageManager: Un-granting permission android.permission.DUMP from package com.digibites.accubattery (protectionLevel=50 flags=0x20c83e44)
07-02 20:09:41.591  1958  2022 I PackageManager: Un-granting permission android.permission.PACKAGE_USAGE_STATS from package com.digibites.accubattery (protectionLevel=114 flags=0x20c83e44)
07-02 20:09:41.591  1958  2022 I PackageManager: Un-granting permission android.permission.SYSTEM_ALERT_WINDOW from package com.digibites.accubattery (protectionLevel=1250 flags=0x20c83e44)
07-02 20:09:41.591  1958  2022 I PackageManager: Un-granting permission android.permission.START_ACTIVITIES_FROM_BACKGROUND from package com.android.mms (protectionLevel=49682 flags=0x38c9bee5)
07-02 20:09:41.591  1958  2022 I PackageManager: Un-granting permission com.xiaomi.simactivate.service.ACTIVATE_SIM from package com.android.mms (protectionLevel=2 flags=0x38c9bee5)
07-02 20:09:41.591  1958  2022 I PackageManager: Un-granting permission android.permission.WRITE_APN_SETTINGS from package com.android.mms (protectionLevel=18 flags=0x38c9bee5)
07-02 20:09:41.591  1958  2022 I PackageManager: Un-granting permission miui.permission.JOYOSE from package com.android.mms (protectionLevel=2 flags=0x38c9bee5)
07-02 20:09:41.591  1958  2022 I PackageManager: Un-granting permission com.miui.systemAdSolution.LOCAL_AD_PROVIDER from package com.android.mms (protectionLevel=2 flags=0x38c9bee5)
07-02 20:09:41.591  1958  2022 I PackageManager: Un-granting permission com.android.settings.permission.CLOUD_SETTINGS_PROVIDER from package com.android.mms (protectionLevel=18 flags=0x38c9bee5)
07-02 20:09:41.592  1958  2022 I PackageManager: Un-granting permission android.permission.ACCESS_DOWNLOAD_MANAGER frompackage com.microsoft.rdc.android (protectionLevel=18 flags=0x3098be44)
07-02 20:09:41.592  1958  2022 I PackageManager: Un-granting permission android.permission.REQUEST_INSTALL_PACKAGES from package com.apk.editor (protectionLevel=66 flags=0x20c8be44)
07-02 20:09:41.593  1958  2022 I PackageManager: Un-granting permission android.permission.REQUEST_INSTALL_PACKAGES from package com.google.android.gm (protectionLevel=66 flags=0x28dbbec5)
07-02 20:09:41.594  1958  2022 I PackageManager: Un-granting permission com.google.android.providers.gsf.permission.WRITE_GSERVICES from package com.google.android.apps.playconsole (protectionLevel=2 flags=0x2088be44)
07-02 20:09:41.595  1958  2022 I PackageManager: Un-granting permission android.permission.WRITE_SECURE_SETTINGS from package com.android.printspooler (protectionLevel=50 flags=0x38c8be45)
07-02 20:09:41.595  1958  2022 I PackageManager: Un-granting permission android.permission.CHANGE_CONFIGURATION from package com.duokan.phone.remotecontroller (protectionLevel=50 flags=0x20983e44)
07-02 20:09:41.595  1958  2022 I PackageManager: Un-granting permission android.permission.CAPTURE_AUDIO_OUTPUT from package com.duokan.phone.remotecontroller (protectionLevel=18 flags=0x20983e44)
07-02 20:09:41.595  1958  2022 I PackageManager: Un-granting permission com.xiaomi.permission.CLOUD_MANAGER from package com.duokan.phone.remotecontroller (protectionLevel=18 flags=0x20983e44)
07-02 20:09:41.595  1958  2022 I PackageManager: Un-granting permission com.android.launcher.permission.READ_SETTINGS from package com.duokan.phone.remotecontroller (protectionLevel=18 flags=0x20983e44)
07-02 20:09:41.595  1958  2022 I PackageManager: Un-granting permission android.permission.WRITE_SETTINGS from package com.duokan.phone.remotecontroller (protectionLevel=1218 flags=0x20983e44)
07-02 20:09:41.595  1958  2022 I PackageManager: Un-granting permission com.miui.securitycenter.permission.SYSTEM_PERMISSION_DECLARE from package com.duokan.phone.remotecontroller (protectionLevel=18 flags=0x20983e44)
07-02 20:09:41.596  1958  2022 I PackageManager: Un-granting permission android.permission.MOUNT_UNMOUNT_FILESYSTEMS from package com.duokan.phone.remotecontroller (protectionLevel=18 flags=0x20983e44)
07-02 20:09:41.596  1958  2022 I PackageManager: Un-granting permission android.permission.REAL_GET_TASKS from package com.google.android.apps.wellbeing (protectionLevel=18 flags=0x20cbbec5)
07-02 20:09:41.596  1958  2022 I PackageManager: Un-granting permission android.permission.START_TASKS_FROM_RECENTS from package com.google.android.apps.wellbeing (protectionLevel=18 flags=0x20cbbec5)
07-02 20:09:41.596  1958  2022 I PackageManager: Un-granting permission android.permission.MODIFY_DAY_NIGHT_MODE from package com.google.android.apps.wellbeing (protectionLevel=18 flags=0x20cbbec5)
07-02 20:09:41.597  1958  2022 I PackageManager: Un-granting permission android.permission.REQUEST_INSTALL_PACKAGES from package com.google.android.apps.docs (protectionLevel=66 flags=0x28cbbe44)
07-02 20:09:41.597  1958  2022 I PackageManager: Un-granting permission android.permission.SYSTEM_ALERT_WINDOW from package com.frontrow.vlog (protectionLevel=1250 flags=0x38983c44)
07-02 20:09:41.598  1958  2022 I PackageManager: Un-granting permission android.permission.ACCESS_MTP from package com.miui.cloudbackup (protectionLevel=18 flags=0x20d83ec5)
07-02 20:09:41.598  1958  2022 I PackageManager: Un-granting permission android.permission.SYSTEM_ALERT_WINDOW from package com.opera.browser (protectionLevel=1250 flags=0xa4c9be44)
07-02 20:09:41.598  1958  2022 I PackageManager: Un-granting permission android.permission.REQUEST_INSTALL_PACKAGES from package com.opera.browser (protectionLevel=66 flags=0xa4c9be44)
07-02 20:09:41.598  1958  2022 I PackageManager: Un-granting permission android.permission.INTERACT_ACROSS_USERS from package com.google.android.syncadapters.contacts (protectionLevel=50 flags=0x20883e45)
07-02 20:09:41.599  1958  2022 I PackageManager: Un-granting permission android.permission.REQUEST_INSTALL_PACKAGES from package com.android.chrome (protectionLevel=66 flags=0xa0cbbec5)
07-02 20:09:41.599  1958  2022 I PackageManager: Un-granting permission android.permission.SYSTEM_ALERT_WINDOW from package com.teamsmart.videomanager.tv (protectionLevel=1250 flags=0x38d83e44)
07-02 20:09:41.599  1958  2022 I PackageManager: Un-granting permission android.permission.READ_PRIVILEGED_PHONE_STATE from package com.teamsmart.videomanager.tv (protectionLevel=18 flags=0x38d83e44)
07-02 20:09:41.599  1958  2022 I PackageManager: Un-granting permission android.permission.REQUEST_INSTALL_PACKAGES from package com.teamsmart.videomanager.tv (protectionLevel=66 flags=0x38d83e44)
07-02 20:09:41.599  1958  2022 I PackageManager: Un-granting permission android.permission.WRITE_EMBEDDED_SUBSCRIPTIONSfrom package com.google.android.gms (protectionLevel=50 flags=0xa0cabec5)
07-02 20:09:41.600  1958  2022 I PackageManager: Un-granting permission android.permission.CAPTURE_VIDEO_OUTPUT from package com.google.android.gms (protectionLevel=2 flags=0xa0cabec5)
07-02 20:09:41.600  1958  2022 I PackageManager: Un-granting permission android.permission.FORCE_STOP_PACKAGES from package com.google.android.gms (protectionLevel=18 flags=0xa0cabec5)
07-02 20:09:41.600  1958  2022 I PackageManager: Un-granting permission android.permission.MODIFY_DEFAULT_AUDIO_EFFECTSfrom package com.google.android.gms (protectionLevel=18 flags=0xa0cabec5)
07-02 20:09:41.600  1958  2022 I PackageManager: Un-granting permission android.permission.MANAGE_DEVICE_ADMINS from package com.google.android.gms (protectionLevel=2 flags=0xa0cabec5)
07-02 20:09:41.600  1958  2022 I PackageManager: Un-granting permission android.permission.MANAGE_ACTIVITY_STACKS from package com.google.android.gms (protectionLevel=2 flags=0xa0cabec5)
07-02 20:09:41.600  1958  2022 I PackageManager: Un-granting permission android.permission.CAPTURE_SECURE_VIDEO_OUTPUT from package com.google.android.gms (protectionLevel=2 flags=0xa0cabec5)
07-02 20:09:41.600  1958  2022 I PackageManager: Un-granting permission android.permission.MANAGE_ROLLBACKS from package com.google.android.gms (protectionLevel=514 flags=0xa0cabec5)
07-02 20:09:41.600  1958  2022 I PackageManager: Un-granting permission android.permission.MEDIA_CONTENT_CONTROL from package com.google.android.gms (protectionLevel=18 flags=0xa0cabec5)
07-02 20:09:41.601  1958  2022 I PackageManager: Un-granting permission android.permission.HIDE_NON_SYSTEM_OVERLAY_WINDOWS from package com.google.android.gms (protectionLevel=258 flags=0xa0cabec5)
07-02 20:09:41.601  1958  2022 I PackageManager: Un-granting permission android.permission.UPDATE_APP_OPS_STATS from package com.google.android.tts (protectionLevel=274 flags=0x34cbbec5)
07-02 20:09:41.601  1958  2022 I PackageManager: Un-granting permission android.permission.START_ACTIVITIES_FROM_BACKGROUND from package com.google.android.tts (protectionLevel=49682 flags=0x34cbbec5)
07-02 20:09:41.601  1958  2022 I PackageManager: Un-granting permission android.permission.CHANGE_DEVICE_IDLE_TEMP_WHITELIST from package app.revanced.android.gms (protectionLevel=18 flags=0xb088be44)
07-02 20:09:41.601  1958  2022 I PackageManager: Un-granting permission android.permission.UPDATE_APP_OPS_STATS from package app.revanced.android.gms (protectionLevel=274 flags=0xb088be44)
07-02 20:09:41.601  1958  2022 I PackageManager: Un-granting permission android.permission.LOCATION_HARDWARE from package app.revanced.android.gms (protectionLevel=18 flags=0xb088be44)
07-02 20:09:41.601  1958  2022 I PackageManager: Un-granting permission android.permission.INSTALL_LOCATION_PROVIDER from package app.revanced.android.gms (protectionLevel=18 flags=0xb088be44)
07-02 20:09:41.601  1958  2022 I PackageManager: Un-granting permission android.permission.NETWORK_SCAN from package app.revanced.android.gms (protectionLevel=18 flags=0xb088be44)
07-02 20:09:41.601  1958  2022 I PackageManager: Un-granting permission android.permission.MODIFY_PHONE_STATE from package app.revanced.android.gms (protectionLevel=18 flags=0xb088be44)
07-02 20:09:41.601  1958  2022 I PackageManager: Un-granting permission android.permission.SYSTEM_ALERT_WINDOW from package app.revanced.android.gms (protectionLevel=1250 flags=0xb088be44)
07-02 20:09:41.601  1958  2022 I PackageManager: Un-granting permission android.permission.MANAGE_USB from package app.revanced.android.gms (protectionLevel=18 flags=0xb088be44)
07-02 20:09:41.601  1958  2022 I PackageManager: Un-granting permission android.permission.START_ACTIVITIES_FROM_BACKGROUND from package app.revanced.android.gms (protectionLevel=49682 flags=0xb088be44)
07-02 20:09:41.601  1958  2022 I PackageManager: Un-granting permission android.permission.UPDATE_DEVICE_STATS from package app.revanced.android.gms (protectionLevel=18 flags=0xb088be44)
07-02 20:09:41.601  1958  2022 I PackageManager: Un-granting permission android.permission.WATCH_APPOPS from package app.revanced.android.gms (protectionLevel=18 flags=0xb088be44)
07-02 20:09:41.603  1958  2022 I PackageManager: Un-granting permission android.permission.SYSTEM_ALERT_WINDOW from package com.gmail.heagoo.apkeditor.pro (protectionLevel=1250 flags=0x3898be44)
07-02 20:09:41.603  1958  2022 I PackageManager: Un-granting permission android.permission.PACKAGE_USAGE_STATS from package com.gmail.heagoo.apkeditor.pro (protectionLevel=114 flags=0x3898be44)
07-02 20:09:41.603  1958  2022 I PackageManager: Un-granting permission android.permission.REQUEST_INSTALL_PACKAGES from package com.gmail.heagoo.apkeditor.pro (protectionLevel=66 flags=0x3898be44)
07-02 20:09:41.604  1958  2022 I PackageManager: Un-granting permission android.permission.WRITE_SETTINGS from package com.jio.myjio (protectionLevel=1218 flags=0x38d83e44)
07-02 20:09:41.604  1958  2022 I PackageManager: Un-granting permission android.permission.INTERACT_ACROSS_USERS from package com.jio.myjio (protectionLevel=50 flags=0x38d83e44)
07-02 20:09:41.604  1958  2022 I PackageManager: Un-granting permission android.permission.READ_PRIVILEGED_PHONE_STATE from package com.jio.myjio (protectionLevel=18 flags=0x38d83e44)
07-02 20:09:41.604  1958  2022 I PackageManager: Un-granting permission android.permission.CAPTURE_VIDEO_OUTPUT from package com.jio.myjio (protectionLevel=2 flags=0x38d83e44)
07-02 20:09:41.604  1958  2022 I PackageManager: Un-granting permission android.permission.BROADCAST_SMS from package com.jio.myjio (protectionLevel=2 flags=0x38d83e44)
07-02 20:09:41.605  1958  2022 I PackageManager: Un-granting permission android.permission.SYSTEM_ALERT_WINDOW from package com.google.android.apps.photos (protectionLevel=1250 flags=0x38dbbe44)
07-02 20:09:41.605  1958  2022 I PackageManager: Un-granting permission android.permission.WRITE_SETTINGS from package com.google.android.apps.photos (protectionLevel=1218 flags=0x38dbbe44)
07-02 20:09:41.605  1958  2022 I PackageManager: Un-granting permission android.permission.WRITE_MEDIA_STORAGE from package com.google.android.apps.photos (protectionLevel=18 flags=0x38dbbe44)
07-02 20:09:41.606  1958  2022 I PackageManager: Un-granting permission android.permission.SYSTEM_ALERT_WINDOW from package com.wondershare.filmorago (protectionLevel=1250 flags=0x38d83e44)
07-02 20:09:41.606  1958  2022 I PackageManager: Un-granting permission com.android.launcher.permission.READ_SETTINGS from package com.wondershare.filmorago (protectionLevel=18 flags=0x38d83e44)
07-02 20:09:41.606  1958  2022 I PackageManager: Un-granting permission com.android.launcher.permission.WRITE_SETTINGS from package com.wondershare.filmorago (protectionLevel=18 flags=0x38d83e44)
07-02 20:09:41.606  1958  2022 I PackageManager: Un-granting permission android.permission.SYSTEM_ALERT_WINDOW from package com.dv.adm (protectionLevel=1250 flags=0x2888be44)
07-02 20:09:41.606  1958  2022 I PackageManager: Un-granting permission android.permission.WRITE_SETTINGS from package com.valvesoftware.android.steam.community (protectionLevel=1218 flags=0x20883e44)
07-02 20:09:41.607  1958  2022 I PackageManager: Un-granting permission android.permission.REQUEST_INSTALL_PACKAGES from package com.yablio.sendfilestotv (protectionLevel=66 flags=0x30c8be44)
07-02 20:09:41.607  1958  2022 I PackageManager: Un-granting permission android.permission.REQUEST_INSTALL_PACKAGES from package org.mozilla.firefox (protectionLevel=66 flags=0x38c83e44)
07-02 20:09:41.607  1958  2022 I PackageManager: Un-granting permission android.permission.SYSTEM_ALERT_WINDOW from package com.google.android.apps.translate (protectionLevel=1250 flags=0x34c9be44)
07-02 20:09:41.609  1958  2022 I PackageManager: Un-granting permission miui.permission.EXTRA_NETWORK from package com.miui.weather2 (protectionLevel=18 flags=0x30c9bec5)
07-02 20:09:41.609  1958  2022 I PackageManager: Un-granting permission com.miui.securitycenter.permission.SYSTEM_PERMISSION_DECLARE from package com.miui.weather2 (protectionLevel=18 flags=0x30c9bec5)
07-02 20:09:41.609  1958  2022 I PackageManager: Un-granting permission com.miui.bugreport.permission.DUMP_CACHED_LOG from package com.miui.weather2 (protectionLevel=2 flags=0x30c9bec5)
07-02 20:09:41.610  1958  2022 I PackageManager: Un-granting permission com.google.android.finsky.permission.GEARHEAD_SERVICE from package com.google.android.projection.gearhead (protectionLevel=18 flags=0x2888bec5)
07-02 20:09:41.610  1958  2022 I PackageManager: Un-granting permission android.permission.CHANGE_COMPONENT_ENABLED_STATE from package com.google.android.projection.gearhead (protectionLevel=18 flags=0x2888bec5)
07-02 20:09:41.610  1958  2022 I PackageManager: Un-granting permission android.permission.UPDATE_APP_OPS_STATS from package com.google.android.projection.gearhead (protectionLevel=274 flags=0x2888bec5)
07-02 20:09:41.610  1958  2022 I PackageManager: Un-granting permission android.permission.POWER_SAVER from package com.google.android.projection.gearhead (protectionLevel=18 flags=0x2888bec5)
07-02 20:09:41.610  1958  2022 I PackageManager: Un-granting permission android.permission.TETHER_PRIVILEGED from package com.google.android.projection.gearhead (protectionLevel=18 flags=0x2888bec5)
07-02 20:09:41.610  1958  2022 I PackageManager: Un-granting permission android.permission.INTERACT_ACROSS_PROFILES from package com.google.android.projection.gearhead (protectionLevel=18 flags=0x2888bec5)
07-02 20:09:41.610  1958  2022 I PackageManager: Un-granting permission android.permission.CAPTURE_SECURE_VIDEO_OUTPUT from package com.google.android.projection.gearhead (protectionLevel=2 flags=0x2888bec5)
07-02 20:09:41.610  1958  2022 I PackageManager: Un-granting permission android.permission.MANAGE_DOCUMENTS from package cn.xender (protectionLevel=262146 flags=0x30d83e44)
07-02 20:09:41.610  1958  2022 I PackageManager: Un-granting permission android.permission.MOUNT_UNMOUNT_FILESYSTEMS from package cn.xender (protectionLevel=18 flags=0x30d83e44)
07-02 20:09:41.610  1958  2022 I PackageManager: Un-granting permission android.permission.NETWORK_STACK from package cn.xender (protectionLevel=2 flags=0x30d83e44)
07-02 20:09:41.611  1958  2022 I PackageManager: Un-granting permission android.permission.SYSTEM_ALERT_WINDOW from package cn.xender (protectionLevel=1250 flags=0x30d83e44)
07-02 20:09:41.611  1958  2022 I PackageManager: Un-granting permission android.permission.WRITE_SETTINGS from package cn.xender (protectionLevel=1218 flags=0x30d83e44)
07-02 20:09:41.611  1958  2022 I PackageManager: Un-granting permission android.permission.CHANGE_CONFIGURATION from package cn.xender (protectionLevel=50 flags=0x30d83e44)
07-02 20:09:41.611  1958  2022 I PackageManager: Un-granting permission android.permission.REQUEST_INSTALL_PACKAGES from package cn.xender (protectionLevel=66 flags=0x30d83e44)
07-02 20:09:41.611  1958  2022 I PackageManager: Un-granting permission com.android.launcher.permission.READ_SETTINGS from package cn.xender (protectionLevel=18 flags=0x30d83e44)
07-02 20:09:41.611  1958  2022 I PackageManager: Un-granting permission com.android.launcher.permission.WRITE_SETTINGS from package cn.xender (protectionLevel=18 flags=0x30d83e44)
07-02 20:09:41.611  1958  2022 I PackageManager: Un-granting permission com.google.android.googleapps.permission.GOOGLE_AUTH.mail from package com.xiaomi.calendar (protectionLevel=2 flags=0x38c9bec5)
07-02 20:09:41.613  1958  2022 I PackageManager: Un-granting permission android.permission.SYSTEM_ALERT_WINDOW from package com.iprototypes.volume (protectionLevel=1250 flags=0x3088be44)
07-02 20:09:41.614  1958  2022 I PackageManager: Un-granting permission android.permission.REQUEST_INSTALL_PACKAGES from package com.wondershare.drfone.link (protectionLevel=66 flags=0x30c8be44)
07-02 20:09:41.614  1958  2022 I PackageManager: Un-granting permission android.permission.ACCESS_MOCK_LOCATION from package com.wondershare.drfone.link (protectionLevel=2 flags=0x30c8be44)
07-02 20:09:41.614  1958  2022 I PackageManager: Un-granting permission android.permission.WRITE_SETTINGS from package com.wondershare.drfone.link (protectionLevel=1218 flags=0x30c8be44)
07-02 20:09:41.614  1958  2022 I PackageManager: Un-granting permission android.permission.DEVICE_POWER from package com.wondershare.drfone.link (protectionLevel=2 flags=0x30c8be44)
07-02 20:09:41.614  1958  2022 I PackageManager: Un-granting permission android.permission.MOUNT_UNMOUNT_FILESYSTEMS from package com.wondershare.drfone.link (protectionLevel=18 flags=0x30c8be44)
07-02 20:09:41.614  1958  2022 I PackageManager: Un-granting permission android.permission.INSTALL_PACKAGES from package com.wondershare.drfone.link (protectionLevel=18 flags=0x30c8be44)
07-02 20:09:41.614  1958  2022 I PackageManager: Un-granting permission android.permission.DELETE_PACKAGES from packagecom.wondershare.drfone.link (protectionLevel=18 flags=0x30c8be44)
07-02 20:09:41.614  1958  2022 I PackageManager: Un-granting permission android.permission.CLEAR_APP_CACHE from packagecom.wondershare.drfone.link (protectionLevel=18 flags=0x30c8be44)
07-02 20:09:41.614  1958  2022 I PackageManager: Un-granting permission com.android.launcher.permission.READ_SETTINGS from package com.wondershare.drfone.link (protectionLevel=18 flags=0x30c8be44)
07-02 20:09:41.614  1958  2022 I PackageManager: Un-granting permission android.permission.UPDATE_DEVICE_STATS from package com.wondershare.drfone.link (protectionLevel=18 flags=0x30c8be44)
07-02 20:09:41.614  1958  2022 I PackageManager: Un-granting permission android.permission.MODIFY_PHONE_STATE from package com.wondershare.drfone.link (protectionLevel=18 flags=0x30c8be44)
07-02 20:09:41.615  1958  2022 I PackageManager: Un-granting permission android.permission.SYSTEM_ALERT_WINDOW from package info.kfsoft.force.rotation (protectionLevel=1250 flags=0x20883e44)
07-02 20:09:41.616  1958  2022 I PackageManager: Un-granting permission android.permission.PACKAGE_USAGE_STATS from package info.kfsoft.force.rotation (protectionLevel=114 flags=0x20883e44)
07-02 20:09:41.616  1958  2022 I PackageManager: Un-granting permission com.xiaomi.permission.CLOUD_MANAGER from package com.mipay.wallet.in (protectionLevel=18 flags=0x38c83e45)
07-02 20:09:41.616  1958  2022 I PackageManager: Un-granting permission android.permission.REQUEST_INSTALL_PACKAGES from package com.mipay.wallet.in (protectionLevel=66 flags=0x38c83e45)
07-02 20:09:41.617  1958  2022 I PackageManager: Un-granting permission android.permission.READ_PRIVILEGED_PHONE_STATE from package com.miui.core (protectionLevel=18 flags=0x28883e05)
07-02 20:09:41.618  1958  2022 I PackageManager: Un-granting permission android.permission.INTERACT_ACROSS_PROFILES from package com.google.android.inputmethod.latin (protectionLevel=18 flags=0x20cabec5)
07-02 20:09:41.809  1958  2022 W FileUtils: Slow Operation: fsync took 154ms
07-02 20:09:41.942  1958  2010 I Timeline: Timeline: App_transition_ready time:85098664
07-02 20:09:41.945  1958  1997 W Looper  : Slow Looper android.anim: doFrame is 597ms late because of 1 msg, msg 1 took607ms (seq=220189 running=1ms h=android.os.Handler c=com.android.server.wm.InputMonitor$1)
07-02 20:09:41.953  1958  2010 I ActivityManager: Waited long enough for: ServiceRecord{39d0ea8 u0 com.android.settings/.connecteddevice.usb.MiUsbService}
07-02 20:09:41.954  1958  1997 I Timeline: Timeline: App_transition_ready time:85098676
07-02 20:09:41.965  1958  4597 I Timeline: Timeline: App_transition_ready time:85098687
07-02 20:09:41.982  1958  1997 I Timeline: Timeline: App_transition_ready time:85098704
07-02 20:09:41.983  1958  1994 W Looper  : Slow dispatch took 658ms android.ui h=com.android.server.am.ActivityManagerService$UiHandler c=null m=53
07-02 20:09:41.983  1958  1994 W Looper  : Slow delivery took 649ms android.ui h=com.android.server.am.ActivityManagerService$UiHandler c=null m=32
07-02 20:09:41.986 27894 28019 W BpBinder: Slow Binder: BpBinder transact took 614ms, interface=android.app.IActivityManager, code=20 oneway=false
07-02 20:09:41.989  1958  1996 W ActivityManager: setHasOverlayUi called on unknown pid: 25087
07-02 20:09:42.041  1958 15738 W BoostFramework: Slow Operation: BoostFramework perfUXEngine_trigger took 54ms
07-02 20:09:42.086 25324 25324 W Activity: Slow Operation: Activity com.miui.home/.launcher.Launcher onStart took 118ms
07-02 20:09:42.107  1958  1994 W Looper  : Drained
07-02 20:09:42.204  1958  2646 I Timeline: Timeline: App_transition_ready time:85098926
07-02 20:09:42.217  1958  1997 I Timeline: Timeline: App_transition_ready time:85098938
07-02 20:09:42.286  1958  1997 I Timeline: Timeline: App_transition_ready time:85099007
07-02 20:09:42.365  1958  1997 I Timeline: Timeline: Activity_windows_visible id: ActivityRecord{ddb1799 u0 com.miui.home/.launcher.Launcher t1} time:85099086
07-02 20:09:42.366  1958  1997 I Timeline: Timeline: App_transition_stopped time:85099088
07-02 20:09:42.718 27894 28019 W BpBinder: Slow Binder: BpBinder transact took 731ms, interface=android.content.IContentProvider, code=1 oneway=false
07-02 20:09:43.365 27894 28021 W BpBinder: Slow Binder: BpBinder transact took 1314ms, interface=com.android.vending.setup.IDseService, code=6 oneway=false
07-02 20:09:50.104  1958  2022 W BpBinder: Slow Binder: BpBinder transact took 8110ms, interface=android.os.IInstalld, code=14 oneway=false
07-02 20:09:50.105  1958  2022 W Looper  : Slow Looper PackageManager: Long Msg: seq=1720 plan=20:09:41.312  late=1ms wall=8792ms running=201ms runnable=42ms io=330ms h=com.android.server.pm.PackageManagerService$PackageHandler c=com.android.server.pm.-$$Lambda$PackageManagerService$6_Yp7BSB4TgtrWSoFlODKgHIvZY
07-02 20:09:50.106  1958  2022 I InstallationStatistic: com.BHG.gurbani|null|13218|685|82|2445|0|8127
07-02 20:09:50.106  1958  2022 W PackageManager: Cannot whitelist unknown permission: android.permission.ACCESS_ADSERVICES_ATTRIBUTION
07-02 20:09:50.106  1958  2022 W PackageManager: Cannot whitelist unknown permission: android.permission.ACCESS_ADSERVICES_AD_ID
07-02 20:09:50.185 28031 28039 W BpBinder: Slow Binder: BpBinder transact took 14490ms, interface=android.content.pm.IPackageManager, code=1598246212 oneway=false
07-02 20:09:50.187  1958  2022 I ActivityManager: Force stopping com.BHG.gurbani appid=10773 user=0: pkg removed
07-02 20:09:50.188  1958  2022 I AutoStartManagerService: MIUILOG- Reject RestartService packageName :com.BHG.gurbani uid : 10773
07-02 20:09:50.211  1958  2010 W BroadcastQueue: Background execution not allowed: receiving Intent { act=android.intent.action.PACKAGE_REMOVED dat=package:com.BHG.gurbani flg=0x4000010 (has extras) } to com.lbe.security.miui/com.lbe.security.service.BootReceiver
07-02 20:09:50.223  1958  2132 I MiuiCompatModePackages: package com.BHG.gurbani updated, removing config
07-02 20:09:50.264  1958  5090 W LocationProviderProxy: Odd, no component found for service com.android.location.service.v3.NetworkLocationProvider
07-02 20:09:50.270  1958  2010 W BroadcastQueue: Background execution not allowed: receiving Intent { act=android.intent.action.PACKAGE_REMOVED dat=package:com.BHG.gurbani flg=0x4000010 (has extras) } to com.android.settings/.search.provider.UpdateReceiver
07-02 20:09:50.279  1958  2011 I ActivityManager: Start proc 28343:com.android.keychain/1000 for service {com.android.keychain/com.android.keychain.KeyChainService} caller=android
07-02 20:09:50.307  1958  2010 W BroadcastQueue: Background execution not allowed: receiving Intent { act=android.intent.action.PACKAGE_REMOVED dat=package:com.BHG.gurbani flg=0x4000010 (has extras) } to com.android.vending/com.google.android.finsky.packagemonitor.impl.PackageMonitorReceiverImpl$RegisteredReceiver
07-02 20:09:50.311  1958  2010 W BroadcastQueue: Background execution not allowed: receiving Intent { act=android.intent.action.PACKAGE_REMOVED dat=package:com.BHG.gurbani flg=0x4000010 (has extras) } to com.android.vending/com.google.android.finsky.packagemonitor.backgroundimpl.BackgroundPackageMonitorReceiverImpl$RegisteredReceiver
07-02 20:09:50.311  1958  2010 W BroadcastQueue: Background execution not allowed: receiving Intent { act=android.intent.action.PACKAGE_REMOVED dat=package:com.BHG.gurbani flg=0x4000010 (has extras) } to com.android.vending/com.google.android.finsky.instantapps.appmanagement.InstantAppRemoveMonitor
07-02 20:09:50.311  1958  2010 W BroadcastQueue: Background execution not allowed: receiving Intent { act=android.intent.action.PACKAGE_REMOVED dat=package:com.BHG.gurbani flg=0x4000010 (has extras) } to com.google.android.apps.maps/com.google.android.libraries.social.peoplekit.thirdparty.viewcontrollers.ThirdPartyReceiver
07-02 20:09:50.311  1958  2010 W BroadcastQueue: Background execution not allowed: receiving Intent { act=android.intent.action.PACKAGE_REMOVED dat=package:com.BHG.gurbani flg=0x4000010 (has extras) } to com.google.android.gms/.chimera.GmsIntentOperationService$PersistentTrustedReceiver
07-02 20:09:50.312  1958  2010 W BroadcastQueue: Background execution not allowed: receiving Intent { act=android.intent.action.PACKAGE_REMOVED dat=package:com.BHG.gurbani flg=0x4000010 (has extras) } to com.google.android.gms/.games.chimera.GamesSystemBroadcastReceiverProxy
07-02 20:09:50.312  1958  2010 W BroadcastQueue: Background execution not allowed: receiving Intent { act=android.intent.action.PACKAGE_REMOVED dat=package:com.BHG.gurbani flg=0x4000010 (has extras) } to com.miui.audioeffect/com.android.musicfx.Compatibility$Receiver
07-02 20:09:50.312  1958  2010 W BroadcastQueue: Background execution not allowed: receiving Intent { act=android.intent.action.PACKAGE_REMOVED dat=package:com.BHG.gurbani flg=0x4000010 (has extras) } to com.xiaomi.discover/com.xiaomi.market.data.MyPackageMonitor
07-02 20:09:50.312  1958  2010 W BroadcastQueue: Background execution not allowed: receiving Intent { act=android.intent.action.PACKAGE_REMOVED dat=package:com.BHG.gurbani flg=0x4000010 (has extras) } to com.xiaomi.mipicks/com.xiaomi.market.data.MyPackageMonitor
07-02 20:09:50.312  1958  2010 W BroadcastQueue: Background execution not allowed: receiving Intent { act=android.intent.action.PACKAGE_REMOVED dat=package:com.BHG.gurbani flg=0x4000010 (has extras) } to com.xiaomi.misettings/.usagestats.AppTimerReceiver
07-02 20:09:50.312  1958  2010 W BroadcastQueue: Background execution not allowed: receiving Intent { act=android.intent.action.PACKAGE_REMOVED dat=package:com.BHG.gurbani flg=0x4000010 (has extras) } to app.revanced.android.gms/org.microg.gms.gcm.UnregisterReceiver
07-02 20:09:50.312  1958  2010 W BroadcastQueue: Background execution not allowed: receiving Intent { act=android.intent.action.PACKAGE_REMOVED dat=package:com.BHG.gurbani flg=0x4000010 (has extras) } to com.google.android.apps.photos/com.google.android.libraries.social.peoplekit.thirdparty.viewcontrollers.ThirdPartyReceiver
07-02 20:09:50.312  1958  2010 W BroadcastQueue: Background execution not allowed: receiving Intent { act=android.intent.action.PACKAGE_REMOVED dat=package:com.BHG.gurbani flg=0x4000010 (has extras) } to com.jio.myjio/com.inn.passivesdk.receiver.PackageReceiver
07-02 20:09:50.312  1958  2010 W BroadcastQueue: Background execution not allowed: receiving Intent { act=android.intent.action.PACKAGE_ADDED dat=package:com.BHG.gurbani flg=0x4000010 (has extras) } to com.lbe.security.miui/com.lbe.security.service.BootReceiver
07-02 20:09:50.312  1958  2010 W BroadcastQueue: Background execution not allowed: receiving Intent { act=android.intent.action.PACKAGE_ADDED dat=package:com.BHG.gurbani flg=0x4000010 (has extras) } to com.msf.kbank.mobile/com.cv.sdk.receiver.EventReceiver
07-02 20:09:50.312  1958  2010 W BroadcastQueue: Background execution not allowed: receiving Intent { act=android.intent.action.PACKAGE_ADDED dat=package:com.BHG.gurbani flg=0x4000010 (has extras) } to com.google.android.packageinstaller/com.android.packageinstaller.PackageInstalledReceiver
07-02 20:09:50.312  1958  2010 W BroadcastQueue: Background execution not allowed: receiving Intent { act=android.intent.action.PACKAGE_ADDED dat=package:com.BHG.gurbani flg=0x4000010 (has extras) } to com.android.settings/.search.provider.UpdateReceiver
07-02 20:09:50.313  1958  2010 W BroadcastQueue: Background execution not allowed: receiving Intent { act=android.intent.action.PACKAGE_ADDED dat=package:com.BHG.gurbani flg=0x4000010 (has extras) } to com.android.vending/com.google.android.finsky.packagemonitor.impl.PackageMonitorReceiverImpl$RegisteredReceiver
07-02 20:09:50.313  1958  2010 W BroadcastQueue: Background execution not allowed: receiving Intent { act=android.intent.action.PACKAGE_ADDED dat=package:com.BHG.gurbani flg=0x4000010 (has extras) } to com.android.vending/com.google.android.finsky.packagemonitor.backgroundimpl.BackgroundPackageMonitorReceiverImpl$RegisteredReceiver
07-02 20:09:50.313  1958  2010 W BroadcastQueue: Background execution not allowed: receiving Intent { act=android.intent.action.PACKAGE_ADDED dat=package:com.BHG.gurbani flg=0x4000010 (has extras) } to com.facebook.appmanager/com.facebook.oxygen.common.packages.event.manifest.ManifestPackageEventReceiver
07-02 20:09:50.313  1958  2010 W BroadcastQueue: Background execution not allowed: receiving Intent { act=android.intent.action.PACKAGE_ADDED dat=package:com.BHG.gurbani flg=0x4000010 (has extras) } to com.google.android.gms/.chimera.GmsIntentOperationService$PersistentTrustedReceiver
07-02 20:09:50.313  1958  2010 W BroadcastQueue: Background execution not allowed: receiving Intent { act=android.intent.action.PACKAGE_ADDED dat=package:com.BHG.gurbani flg=0x4000010 (has extras) } to com.google.android.gms/.games.chimera.GamesSystemBroadcastReceiverProxy
07-02 20:09:50.313  1958  2010 W BroadcastQueue: Background execution not allowed: receiving Intent { act=android.intent.action.PACKAGE_ADDED dat=package:com.BHG.gurbani flg=0x4000010 (has extras) } to com.google.android.gms/.gass.chimera.PackageChangeBroadcastReceiver
07-02 20:09:50.313  1958  2010 W BroadcastQueue: Background execution not allowed: receiving Intent { act=android.intent.action.PACKAGE_ADDED dat=package:com.BHG.gurbani flg=0x4000010 (has extras) } to com.miui.audioeffect/com.android.musicfx.Compatibility$Receiver
07-02 20:09:50.313  1958  2010 W BroadcastQueue: Background execution not allowed: receiving Intent { act=android.intent.action.PACKAGE_ADDED dat=package:com.BHG.gurbani flg=0x4000010 (has extras) } to com.xiaomi.discover/com.xiaomi.market.data.MyPackageMonitor
07-02 20:09:50.313  1958  2010 W BroadcastQueue: Background execution not allowed: receiving Intent { act=android.intent.action.PACKAGE_ADDED dat=package:com.BHG.gurbani flg=0x4000010 (has extras) } to com.xiaomi.mipicks/com.xiaomi.market.data.MyPackageMonitor
07-02 20:09:50.313  1958  2010 W BroadcastQueue: Background execution not allowed: receiving Intent { act=android.intent.action.PACKAGE_ADDED dat=package:com.BHG.gurbani flg=0x4000010 (has extras) } to com.xiaomi.misettings/.usagestats.AppTimerReceiver
07-02 20:09:50.313  1958  2010 W BroadcastQueue: Background execution not allowed: receiving Intent { act=android.intent.action.PACKAGE_ADDED dat=package:com.BHG.gurbani flg=0x4000010 (has extras) } to com.dv.adm/com.appodeal.ads.AppodealPackageAddedReceiver
07-02 20:09:50.314  1958  2010 W BroadcastQueue: Background execution not allowed: receiving Intent { act=android.intent.action.PACKAGE_ADDED dat=package:com.BHG.gurbani flg=0x4000010 (has extras) } to com.jio.myjio/com.inn.passivesdk.receiver.PackageReceiver
07-02 20:09:50.559  1958  2011 I ActivityManager: Start proc 28372:com.miui.global.packageinstaller/u0a162 for service {com.miui.global.packageinstaller/com.miui.global.packageinstaller.service.ScanDispatchService} caller=com.miui.securitycenter
07-02 20:09:51.006 26583 18396 W BpBinder: Slow Binder: BpBinder transact took 203ms, interface=android.accounts.IAccountManager, code=16 oneway=false
07-02 20:09:51.007 27894 28018 W BpBinder: Slow Binder: BpBinder transact took 283ms, interface=com.google.android.auth.IAuthManagerService, code=2 oneway=false
07-02 20:09:51.102  1958  5271 W BaseMiuiPhoneWindowManager: keyCode:82 down:true eventTime:85107726 downTime:85107726 policyFlags:2b000002 flags:48 deviceId:-1 isScreenOn:true keyguardActive:false repeatCount:0
07-02 20:09:51.184  2181  2181 W InputEventReceiver: App Input: Dispatching InputEvent took 189ms in main thread! (MotionEvent: event_seq=126668, seq=400779, action=ACTION_DOWN)
07-02 20:09:51.190  1958  5271 W BaseMiuiPhoneWindowManager: keyCode:82 down:false eventTime:85107906 downTime:85107726policyFlags:2b000002 flags:48 deviceId:-1 isScreenOn:true keyguardActive:false repeatCount:0
07-02 20:09:51.491  1958  2011 I ActivityManager: Start proc 28437:com.android.vending:background/u0a175 for broadcast {com.android.vending/com.google.android.finsky.packagemonitor.backgroundimpl.BackgroundPackageMonitorReceiverImpl$RegisteredReceiver} caller=null
07-02 20:09:51.577 25324 25517 W BpBinder: Slow Binder: BpBinder transact took 243ms, interface=android.app.usage.IUsageStatsManager, code=1 oneway=false
07-02 20:09:51.635  1958  1994 W InputEventReceiver: App Input: Dispatching InputEvent took 639ms in main thread! (MotionEvent: event_seq=379205, seq=400780, action=ACTION_DOWN)
07-02 20:09:51.635  1958  1994 W InputEventReceiver: App Input: 549ms before dispatchInputEvent (MotionEvent: event_seq=379216, seq=400800, action=ACTION_UP)
07-02 20:09:51.635  1958  1994 W Looper  : Slow delivery took 444ms android.ui h=android.os.Handler c=com.android.server.autofill.ui.-$$Lambda$AutoFillUI$56AC3ykfo4h_e2LSjdkJ3XQn370@e6d4527 m=0
07-02 20:09:51.649 28372 28372 W Looper  : Slow Looper main: Long Msg: seq=2 plan=20:09:50.614  late=5ms wall=1031ms running=73ms runnable=70ms io=727ms h=android.app.ActivityThread$H w=110
07-02 20:09:51.651 28372 28474 I Ad      : isPersonalizedAdEnabled getAdSettings: 3
07-02 20:09:51.716  1958  1996 W Looper  : Slow Looper android.display: Long Msg: seq=377448 plan=20:09:50.205  late=6ms wall=1505ms running=19ms runnable=20ms io=567ms h=com.android.server.input.InputManagerService$InputManagerHandler c=android.app.-$$Lambda$LoadedApk$ReceiverDispatcher$Args$_BumDX2UKsnxLVrE6UJsJZkotuA
07-02 20:09:51.743  1958  1994 W Looper  : Drained
07-02 20:09:51.898  1958  3853 I DropBoxManagerService: add tag=keymaster isTagEnabled=true flags=0x0
07-02 20:09:51.982  1958  5271 I ProcessManager: Kill reason OneKeyClean from pid=25324
07-02 20:09:52.037 28372 28465 W FileUtils: Slow Operation: fsync took 158ms
07-02 20:09:52.331 27032 27032 W Looper  : Slow Looper main: Long Msg: seq=107 plan=20:09:50.211  late=0ms wall=2119ms running=28ms runnable=7ms io=1886ms h=android.app.ActivityThread$H c=android.app.-$$Lambda$LoadedApk$ReceiverDispatcher$Args$_BumDX2UKsnxLVrE6UJsJZkotuA
07-02 20:09:52.368  1958  5271 I ProcessManager: mLruProcesses size=64
07-02 20:09:52.369  1958  1958 W Looper  : Slow Looper main: Long Msg: seq=320087 plan=20:09:50.220  late=47ms wall=2101ms running=82ms runnable=35ms io=768ms h=android.app.ActivityThread$H c=android.app.-$$Lambda$LoadedApk$ReceiverDispatcher$Args$_BumDX2UKsnxLVrE6UJsJZkotuA
07-02 20:09:52.369  1958  1958 W Looper  : Slow dispatch took 2101ms main h=android.app.ActivityThread$H c=android.app.-$$Lambda$LoadedApk$ReceiverDispatcher$Args$_BumDX2UKsnxLVrE6UJsJZkotuA@1a82085 m=0
07-02 20:09:52.369  1958  1958 W Looper  : Slow delivery took 2149ms main h=android.app.ActivityThread$H c=android.app.-$$Lambda$LoadedApk$ReceiverDispatcher$Args$_BumDX2UKsnxLVrE6UJsJZkotuA@a5c8eda m=0
07-02 20:09:52.372  1958  5271 I ProcessManager: OneKeyClean: kill com.miui.global.packageinstaller Adj=0 State=11
07-02 20:09:52.373  1958  5271 I ActivityManager: Killing 28372:com.miui.global.packageinstaller/u0a162 (adj 0): OneKeyClean
07-02 20:09:52.377  1958  5271 I ProcessManager: OneKeyClean: kill com.miui.msa.global Adj=0 State=9
07-02 20:09:52.377  1958  5271 I ActivityManager: Killing 24780:com.miui.msa.global/u0a123 (adj 0): OneKeyClean
07-02 20:09:52.380  1958  5271 I ProcessManager: OneKeyClean: kill com.android.vending:background Adj=0 State=12
07-02 20:09:52.380  1958  5271 I ActivityManager: Killing 28437:com.android.vending:background/u0a175 (adj 0): OneKeyClean
07-02 20:09:52.383  1958  5271 I ProcessManager: OneKeyClean: kill com.android.keychain Adj=805 State=20
07-02 20:09:52.384  1958  5271 I ActivityManager: Killing 28343:com.android.keychain/1000 (adj 805): OneKeyClean
07-02 20:09:52.386  1958  5271 I ProcessManager: OneKeyClean: kill com.android.vending Adj=815 State=20
07-02 20:09:52.387  1958  5271 I ActivityManager: Killing 24244:com.android.vending/u0a175 (adj 815): OneKeyClean
07-02 20:09:52.388  1958  5271 I ProcessManager: OneKeyClean: kill com.google.process.gservices Adj=700 State=16
07-02 20:09:52.389  1958  5271 I ActivityManager: Killing 26181:com.google.process.gservices/u0a185 (adj 700): OneKeyClean
07-02 20:09:52.389  1958  5271 I ProcessManager: OneKeyClean: kill com.miui.guardprovider Adj=100 State=5
07-02 20:09:52.390  1958  5271 I ActivityManager: Killing 24596:com.miui.guardprovider/u0a115 (adj 100): OneKeyClean
07-02 20:09:52.390  1958  5271 I ProcessManager: OneKeyClean: kill com.android.chrome:sandboxed_process0:org.chromium.content.app.SandboxedProcessService0:0 Adj=845 State=20
07-02 20:09:52.391  1958  5271 I ActivityManager: Killing 28173:com.android.chrome:sandboxed_process0:org.chromium.content.app.SandboxedProcessService0:0/u0a193i-9000 (adj 845): OneKeyClean
07-02 20:09:52.392  1958  5271 I ProcessManager: OneKeyClean: kill com.android.chrome:privileged_process0 Adj=855 State=20
07-02 20:09:52.392  1958  5271 I ActivityManager: Killing 28074:com.android.chrome:privileged_process0/u0a193 (adj 855): OneKeyClean
07-02 20:09:52.393  1958  5271 I ProcessManager: OneKeyClean: kill com.android.settings Adj=865 State=11
07-02 20:09:52.393  1958  5271 I ActivityManager: Killing 26252:com.android.settings/1000 (adj 865): OneKeyClean
07-02 20:09:52.394  1958  5271 I ProcessManager: OneKeyClean: kill org.zwanoo.android.speedtest Adj=875 State=20
07-02 20:09:52.395  1958  5271 I ActivityManager: Killing 27235:org.zwanoo.android.speedtest/u0a412 (adj 875): OneKeyClean
07-02 20:09:52.396  1958  5271 I ProcessManager: OneKeyClean: kill in.mohalla.sharechat Adj=885 State=20
07-02 20:09:52.396  1958  5271 I ActivityManager: Killing 27310:in.mohalla.sharechat/u0a763 (adj 885): OneKeyClean
07-02 20:09:52.398  1958  5271 I ProcessManager: OneKeyClean: kill com.google.android.youtube Adj=895 State=20
07-02 20:09:52.399  1958  5271 I ActivityManager: Killing 27626:com.google.android.youtube/u0a204 (adj 895): OneKeyClean
07-02 20:09:52.400  1958  5271 I ProcessManager: OneKeyClean: kill com.facebook.services Adj=905 State=20
07-02 20:09:52.400  1958  5271 I ActivityManager: Killing 27163:com.facebook.services/u0a100 (adj 905): OneKeyClean
07-02 20:09:52.401  1958  5271 I ProcessManager: OneKeyClean: kill com.android.chrome Adj=915 State=20
07-02 20:09:52.402  1958  5271 I ActivityManager: Killing 27894:com.android.chrome/u0a193 (adj 915): OneKeyClean
07-02 20:09:52.402  1958  5271 I ProcessManager: OneKeyClean: kill com.miui.cloudservice Adj=925 State=20
07-02 20:09:52.403  1958  5271 I ActivityManager: Killing 27607:com.miui.cloudservice/u0a126 (adj 925): OneKeyClean
07-02 20:09:52.404  1958  5271 I ProcessManager: OneKeyClean: kill com.xiaomi.account Adj=935 State=20
07-02 20:09:52.404  1958  5271 I ActivityManager: Killing 27713:com.xiaomi.account/u0a112 (adj 935): OneKeyClean
07-02 20:09:52.405  1958  5271 I ProcessManager: OneKeyClean: kill com.xiaomi.simactivate.service Adj=945 State=20
07-02 20:09:52.405  1958  5271 I ActivityManager: Killing 27674:com.xiaomi.simactivate.service/u0a163 (adj 945): OneKeyClean
07-02 20:09:52.406  1958  5271 I ProcessManager: OneKeyClean: kill com.xiaomi.mipicks Adj=955 State=20
07-02 20:09:52.407  1958  5271 I ActivityManager: Killing 26691:com.xiaomi.mipicks/u0a127 (adj 955): OneKeyClean
07-02 20:09:52.408  1958  5271 I ProcessManager: OneKeyClean: kill com.miui.analytics Adj=955 State=20
07-02 20:09:52.408  1958  5271 I ActivityManager: Killing 26797:com.miui.analytics/u0a105 (adj 955): OneKeyClean
07-02 20:09:52.409  1958  5271 I ProcessManager: OneKeyClean: kill com.whatsapp Adj=500 State=11
07-02 20:09:52.409  1958  5271 I ActivityManager: Killing 27032:com.whatsapp/u0a762 (adj 500): OneKeyClean
07-02 20:09:52.411  1958  5271 I ProcessManager: OneKeyClean: kill com.android.settings:remote Adj=800 State=11
07-02 20:09:52.411  1958  5271 I ActivityManager: Killing 24550:com.android.settings:remote/1000 (adj 800): OneKeyClean
07-02 20:09:52.413  1958  5271 I ProcessManager: OneKeyClean: kill com.qualcomm.telephony Adj=800 State=11
07-02 20:09:52.413  1958  5271 I ActivityManager: Killing 24209:com.qualcomm.telephony/u0a195 (adj 800): OneKeyClean
07-02 20:09:52.414  1958  5271 I ProcessManager: OneKeyClean: kill com.qualcomm.qti.workloadclassifier Adj=800 State=11
