07-03 19:53:06.045  1958  2647 W BaseMiuiPhoneWindowManager: keyCode:3 down:false eventTime:116353251 downTime:116353152 policyFlags:2b000002 flags:48 deviceId:-1 isScreenOn:true keyguardActive:false repeatCount:0
07-03 19:53:06.052  1958  2089 I ActivityTaskManager: START u0 {act=android.intent.action.MAIN cat=[android.intent.category.HOME] flg=0x10000100 cmp=com.miui.home/.launcher.Launcher (has extras)} from uid 0
07-03 19:53:06.065  1958  2089 I Timeline: Timeline: App_transition_ready time:116353272
07-03 19:53:06.068 15119 15119 W ActivityThread: SCHED: com.miui.gallery/.activity.AllPhotosActivity [66, r=4ms, a=2ms,w=226ms]
07-03 19:53:06.072  1958  5236 I Timeline: Timeline: App_transition_ready time:116353279
07-03 19:53:06.074  1958  1997 I Timeline: Timeline: App_transition_ready time:116353280
07-03 19:53:06.131  1958 15738 W BoostFramework: Slow Operation: BoostFramework perfUXEngine_trigger took 49ms
07-03 19:53:06.153  1958  2202 I Timeline: Timeline: App_transition_ready time:116353359
07-03 19:53:06.156  1958  1997 I Timeline: Timeline: App_transition_ready time:116353362
07-03 19:53:06.188  1958  2647 I Timeline: Timeline: App_transition_ready time:116353394
07-03 19:53:06.199  1958  1997 I Timeline: Timeline: App_transition_ready time:116353405
07-03 19:53:06.262  1958  1997 I Timeline: Timeline: App_transition_ready time:116353468
07-03 19:53:06.401 18845 18845 W Looper  : Slow Looper main: Long Msg: seq=2 plan=19:53:04.080  late=2ms wall=2319ms running=244ms runnable=124ms io=1705ms h=android.app.ActivityThread$H w=110
07-03 19:53:06.588  1958  2647 W BaseMiuiPhoneWindowManager: keyCode:82 down:true eventTime:116353794 downTime:116353794 policyFlags:2b000002 flags:48 deviceId:-1 isScreenOn:true keyguardActive:false repeatCount:0
07-03 19:53:06.654  1958  2647 W BaseMiuiPhoneWindowManager: keyCode:82 down:false eventTime:116353861 downTime:116353794 policyFlags:2b000002 flags:48 deviceId:-1 isScreenOn:true keyguardActive:false repeatCount:0
07-03 19:53:06.662  1958  4522 I Timeline: Timeline: Activity_windows_visible id: ActivityRecord{ddb1799 u0 com.miui.home/.launcher.Launcher t1} time:116353868
07-03 19:53:06.667  1958  1997 I Timeline: Timeline: App_transition_stopped time:116353873
07-03 19:53:06.689  1958  1996 W WindowManager: setLauncherState= 2
07-03 19:53:07.170  1958  2202 I ProcessManager: Kill reason OneKeyClean from pid=25324
07-03 19:53:07.177  1958  2202 I ProcessManager: mLruProcesses size=64
07-03 19:53:07.181  1958  2202 I ProcessManager: OneKeyClean: kill com.miui.gallery Adj=50 State=5
07-03 19:53:07.183  1958  2202 I ActivityManager: Killing 15119:com.miui.gallery/u0a103 (adj 50): OneKeyClean
07-03 19:53:07.185  1958  2202 I ProcessManager: OneKeyClean: kill com.android.settings Adj=805 State=11
07-03 19:53:07.185  1958  2202 I ActivityManager: Killing 18478:com.android.settings/1000 (adj 805): OneKeyClean
07-03 19:53:07.189  1958  2202 I ProcessManager: OneKeyClean: kill com.google.android.apps.photos Adj=100 State=4
07-03 19:53:07.190  1958  2202 I ActivityManager: Killing 18504:com.google.android.apps.photos/u0a214 (adj 100): OneKeyClean
07-03 19:53:07.205  1958  2202 I ProcessManager: OneKeyClean: kill com.google.process.gservices Adj=100 State=4
07-03 19:53:07.206  1958  2202 I ActivityManager: Killing 16553:com.google.process.gservices/u0a185 (adj 100): OneKeyClean
07-03 19:53:07.210  1958  2202 I ProcessManager: OneKeyClean: kill com.facebook.services Adj=825 State=20
07-03 19:53:07.210  1958  2202 I ActivityManager: Killing 16992:com.facebook.services/u0a100 (adj 825): OneKeyClean
07-03 19:53:07.212  1958  2202 I ProcessManager: OneKeyClean: kill com.xiaomi.simactivate.service Adj=835 State=20
07-03 19:53:07.212  1958  2202 I ActivityManager: Killing 18743:com.xiaomi.simactivate.service/u0a163 (adj 835): OneKeyClean
07-03 19:53:07.213  1958  2202 I ProcessManager: OneKeyClean: kill com.android.settings:remote Adj=250 State=9
07-03 19:53:07.215  1958  2202 I ActivityManager: Killing 15078:com.android.settings:remote/1000 (adj 250): OneKeyClean
07-03 19:53:07.216  1958  2202 I ProcessManager: OneKeyClean: kill com.google.process.gapps Adj=700 State=16
07-03 19:53:07.216  1958  2202 I ActivityManager: Killing 18196:com.google.process.gapps/u0a185 (adj 700): OneKeyClean
07-03 19:53:07.217  1958  2202 I ProcessManager: OneKeyClean: kill com.xiaomi.account Adj=845 State=20
07-03 19:53:07.218  1958  2202 I ActivityManager: Killing 18789:com.xiaomi.account/u0a112 (adj 845): OneKeyClean
07-03 19:53:07.219  1958  2202 I ProcessManager: OneKeyClean: kill com.xiaomi.finddevice:securitypush Adj=855 State=20
07-03 19:53:07.220  1958  2202 I ActivityManager: Killing 18418:com.xiaomi.finddevice:securitypush/9810 (adj 855): OneKeyClean
07-03 19:53:07.221  1958  2202 I ProcessManager: OneKeyClean: kill com.miui.cloudservice Adj=865 State=20
07-03 19:53:07.222  1958  2202 I ActivityManager: Killing 18566:com.miui.cloudservice/u0a126 (adj 865): OneKeyClean
07-03 19:53:07.223  1958  2202 I ProcessManager: OneKeyClean: kill in.mohalla.sharechat Adj=875 State=20
07-03 19:53:07.223  1958  2202 I ActivityManager: Killing 17917:in.mohalla.sharechat/u0a763 (adj 875): OneKeyClean
07-03 19:53:07.226  1958  2202 I ProcessManager: OneKeyClean: kill com.google.android.apps.turbo Adj=885 State=20
07-03 19:53:07.226  1958  2202 I ActivityManager: Killing 18393:com.google.android.apps.turbo/u0a184 (adj 885): OneKeyClean
07-03 19:53:07.227  1958  2202 I ProcessManager: OneKeyClean: kill com.xiaomi.mipicks Adj=895 State=20
07-03 19:53:07.227  1958  2202 I ActivityManager: Killing 17541:com.xiaomi.mipicks/u0a127 (adj 895): OneKeyClean
07-03 19:53:07.230  1958  2202 I ProcessManager: OneKeyClean: kill com.miui.analytics Adj=895 State=20
07-03 19:53:07.230  1958  2202 I ActivityManager: Killing 17682:com.miui.analytics/u0a105 (adj 895): OneKeyClean
07-03 19:53:07.231  1958  2202 I ProcessManager: OneKeyClean: kill com.whatsapp Adj=905 State=20
07-03 19:53:07.232  1958  2202 I ActivityManager: Killing 17881:com.whatsapp/u0a762 (adj 905): OneKeyClean
07-03 19:53:07.233  1958  2202 I ProcessManager: OneKeyClean: kill com.android.vending:background Adj=915 State=20
07-03 19:53:07.234  1958  2202 I ActivityManager: Killing 18235:com.android.vending:background/u0a175 (adj 915): OneKeyClean
07-03 19:53:07.235  1958  2202 I ProcessManager: OneKeyClean: kill com.android.vending Adj=925 State=20
07-03 19:53:07.235  1958  2202 I ActivityManager: Killing 18086:com.android.vending/u0a175 (adj 925): OneKeyClean
07-03 19:53:07.236  1958  2202 I ProcessManager: OneKeyClean: kill com.milink.service Adj=935 State=20
07-03 19:53:07.237  1958  2202 I ActivityManager: Killing 16151:com.milink.service/u0a141 (adj 935): OneKeyClean
07-03 19:53:07.237  1958  2202 I ProcessManager: OneKeyClean: kill com.google.android.apps.wellbeing Adj=945 State=20
07-03 19:53:07.238  1958  2202 I ActivityManager: Killing 17283:com.google.android.apps.wellbeing/u0a189 (adj 945): OneKeyClean
07-03 19:53:07.242 18845 18845 I ActivityThread: Removing dead content provider:android.content.ContentProviderProxy@8ea4847
07-03 19:53:07.246  1958  2202 I ProcessManager: OneKeyClean: kill com.miui.msa.global Adj=100 State=9
07-03 19:53:07.247  1958  2202 I ActivityManager: Killing 15264:com.miui.msa.global/u0a123 (adj 100): OneKeyClean
07-03 19:53:07.248  1958  2202 I ProcessManager: OneKeyClean: kill com.android.smspush Adj=100 State=7
07-03 19:53:07.248  1958  2202 I ActivityManager: Killing 16509:com.android.smspush/u0a155 (adj 100): OneKeyClean
07-03 19:53:07.249  1958  2202 I ProcessManager: OneKeyClean: kill com.qualcomm.telephony Adj=500 State=11
07-03 19:53:07.250  1958  2202 I ActivityManager: Killing 16448:com.qualcomm.telephony/u0a195 (adj 500): OneKeyClean
07-03 19:53:07.250  1958  2202 I ProcessManager: OneKeyClean: kill com.qualcomm.qti.workloadclassifier Adj=800 State=11
07-03 19:53:07.251  1958  2202 I ActivityManager: Killing 16185:com.qualcomm.qti.workloadclassifier/1000 (adj 800): OneKeyClean
07-03 19:53:07.252  1958  2202 I ProcessManager: OneKeyClean: kill com.qti.diagservices Adj=800 State=11
07-03 19:53:07.253  1958  2202 I ActivityManager: Killing 15340:com.qti.diagservices/1000 (adj 800): OneKeyClean
07-03 19:53:07.400  1958  3851 W ActivityManager: Scheduling restart of crashed service com.qualcomm.qti.workloadclassifier/.WLCService in 1000ms
07-03 19:53:07.410  1958  3417 W ActivityManager: Scheduling restart of crashed service com.qti.diagservices/.QTIDiagServices in 10990ms
07-03 19:53:07.424  1958  5236 I WindowManager: WIN DEATH: Window{c53ef3d u0 com.android.settings/com.android.settings.Settings$UsbDetailsActivity}
07-03 19:53:07.427  1958  2202 I WindowManager: WIN DEATH: Window{afa6156 u0 com.android.settings/com.android.settings.Settings$UsbDetailsActivity}
07-03 19:53:07.462  1958  3906 I WindowManager: WIN DEATH: Window{c44c45c u0 com.miui.gallery/com.miui.gallery.activity.AllPhotosActivity}
07-03 19:53:07.469  1958  5258 I WindowManager: WIN DEATH: Window{227bbf9 u0 com.miui.gallery/com.miui.gallery.activity.HomePageActivity}
07-03 19:53:07.469   613 18784 W SocketClient: write error (Broken pipe)
07-03 19:53:07.473  1958  2132 W ActivityManager: Exception when unbinding service com.android.settings/.cloud.CloudJobService2
07-03 19:53:07.473  1958  2132 W ActivityManager: android.os.DeadObjectException
07-03 19:53:07.473  1958  2132 W ActivityManager:       at android.os.BinderProxy.transactNative(Native Method)
07-03 19:53:07.473  1958  2132 W ActivityManager:       at android.os.BinderProxy.transact(BinderProxy.java:511)
07-03 19:53:07.473  1958  2132 W ActivityManager:       at android.app.IApplicationThread$Stub$Proxy.scheduleUnbindService(IApplicationThread.java:1627)
07-03 19:53:07.473  1958  2132 W ActivityManager:       at com.android.server.am.ActiveServices.removeConnectionLocked(ActiveServices.java:3440)
07-03 19:53:07.473  1958  2132 W ActivityManager:       at com.android.server.am.ActiveServices.unbindServiceLocked(ActiveServices.java:2091)
07-03 19:53:07.473  1958  2132 W ActivityManager:       at com.android.server.am.ActivityManagerService.unbindService(ActivityManagerService.java:14480)
07-03 19:53:07.473  1958  2132 W ActivityManager:       at android.app.ContextImpl.unbindService(ContextImpl.java:1789)
07-03 19:53:07.473  1958  2132 W ActivityManager:       at com.android.server.job.JobServiceContext.closeAndCleanupJobLocked(JobServiceContext.java:800)
07-03 19:53:07.473  1958  2132 W ActivityManager:       at com.android.server.job.JobServiceContext.onServiceDisconnected(JobServiceContext.java:468)
07-03 19:53:07.473  1958  2132 W ActivityManager:       at android.app.LoadedApk$ServiceDispatcher.doDeath(LoadedApk.java:1977)
07-03 19:53:07.473  1958  2132 W ActivityManager:       at android.app.LoadedApk$ServiceDispatcher$RunConnection.run(LoadedApk.java:1992)
07-03 19:53:07.473  1958  2132 W ActivityManager:       at android.os.Handler.handleCallback(Handler.java:883)
07-03 19:53:07.473  1958  2132 W ActivityManager:       at android.os.Handler.dispatchMessage(Handler.java:100)
07-03 19:53:07.473  1958  2132 W ActivityManager:       at android.os.Looper.loop(Looper.java:224)
07-03 19:53:07.473  1958  2132 W ActivityManager:       at android.os.HandlerThread.run(HandlerThread.java:67)
07-03 19:53:07.473  1958  2132 W ActivityManager:       at com.android.server.ServiceThread.run(ServiceThread.java:45)
07-03 19:53:07.477  1958  2646 W ActivityManager: Scheduling restart of crashed service com.qualcomm.atfwd/.AtFwdService in 20923ms
07-03 19:53:07.480  1958  4522 W ActivityManager: Scheduling restart of crashed service com.miui.analytics/.onetrack.OneTrackService in 30919ms
07-03 19:53:07.493  1958  4806 W ActivityManager: Scheduling restart of crashed service com.android.settings/.dangerousoptions.DangerousOptionsWarningService in 40907ms
07-03 19:53:07.497  1958  2647 W ActivityManager: Scheduling restart of crashed service com.android.smspush/.WapPushManager in 50904ms
07-03 19:53:07.508  1958  4008 W ActivityManager: Scheduling restart of crashed service com.android.settings/.connecteddevice.usb.MiUsbService in 60892ms
07-03 19:53:07.512  1958  1996 W ActivityManager: setHasOverlayUi called on unknown pid: 18478
07-03 19:53:07.521  1958  3132 W ActivityManager: Scheduling restart of crashed service com.android.vending/com.google.frameworks.client.data.android.server.play.BackgroundProcessEndpointService in 70880ms
07-03 19:53:07.536  1958  1958 W ActivityManager: Exception when unbinding service com.miui.msa.global/com.miui.systemAdSolution.splashscreen.SplashScreenService
07-03 19:53:07.536  1958  1958 W ActivityManager: android.os.DeadObjectException
07-03 19:53:07.536  1958  1958 W ActivityManager:       at android.os.BinderProxy.transactNative(Native Method)
07-03 19:53:07.536  1958  1958 W ActivityManager:       at android.os.BinderProxy.transact(BinderProxy.java:511)
07-03 19:53:07.536  1958  1958 W ActivityManager:       at android.app.IApplicationThread$Stub$Proxy.scheduleUnbindService(IApplicationThread.java:1627)
07-03 19:53:07.536  1958  1958 W ActivityManager:       at com.android.server.am.ActiveServices.removeConnectionLocked(ActiveServices.java:3440)
07-03 19:53:07.536  1958  1958 W ActivityManager:       at com.android.server.am.ActiveServices.unbindServiceLocked(ActiveServices.java:2091)
07-03 19:53:07.536  1958  1958 W ActivityManager:       at com.android.server.am.ActivityManagerService.unbindService(ActivityManagerService.java:14480)
07-03 19:53:07.536  1958  1958 W ActivityManager:       at android.app.ContextImpl.unbindService(ContextImpl.java:1789)
07-03 19:53:07.536  1958  1958 W ActivityManager:       at com.miui.server.SplashScreenServiceDelegate$2.onServiceDisconnected(SplashScreenServiceDelegate.java:185)
07-03 19:53:07.536  1958  1958 W ActivityManager:       at android.app.LoadedApk$ServiceDispatcher.doDeath(LoadedApk.java:1977)
07-03 19:53:07.536  1958  1958 W ActivityManager:       at android.app.LoadedApk$ServiceDispatcher$RunConnection.run(LoadedApk.java:1992)
07-03 19:53:07.536  1958  1958 W ActivityManager:       at android.os.Handler.handleCallback(Handler.java:883)
07-03 19:53:07.536  1958  1958 W ActivityManager:       at android.os.Handler.dispatchMessage(Handler.java:100)
07-03 19:53:07.536  1958  1958 W ActivityManager:       at android.os.Looper.loop(Looper.java:224)
07-03 19:53:07.536  1958  1958 W ActivityManager:       at com.android.server.SystemServer.run(SystemServer.java:563)
07-03 19:53:07.536  1958  1958 W ActivityManager:       at com.android.server.SystemServer.main(SystemServer.java:367)
07-03 19:53:07.536  1958  1958 W ActivityManager:       at java.lang.reflect.Method.invoke(Native Method)
07-03 19:53:07.536  1958  1958 W ActivityManager:       at com.android.internal.os.RuntimeInit$MethodAndArgsCaller.run(RuntimeInit.java:539)
07-03 19:53:07.536  1958  1958 W ActivityManager:       at com.android.internal.os.ZygoteInit.main(ZygoteInit.java:928)
07-03 19:53:07.539  1958  2360 W ActivityManager: Scheduling restart of crashed service com.miui.msa.global/com.zeus.gmc.sdk.mobileads.msa.odi.service.OnDeviceIntelligenceService in 70862ms
07-03 19:53:07.541  1958  5270 I AutoStartManagerService: MIUILOG- Reject RestartService packageName :com.miui.gallery uid : 10103
07-03 19:53:07.543  1958  2140 I ProcessManager: remove no clear notification:StatusBarNotification(pkg=com.miui.gallery user=UserHandle{0} id=8 tag=null key=0|com.miui.gallery|8|null|10103: Notification(channel=com.miui.gallery.MIN pri=0 contentView=null vibrate=null sound=null defaults=0x0 flags=0x62 color=0xff607d8b vis=PRIVATE))
07-03 19:53:07.568  1958  2066 W ActivityManager: Exception when unbinding service com.google.android.apps.photos/.backup.apiservice.grpc.PhotosBackupGrpcService
07-03 19:53:07.568  1958  2066 W ActivityManager: android.os.DeadObjectException
07-03 19:53:07.568  1958  2066 W ActivityManager:       at android.os.BinderProxy.transactNative(Native Method)
07-03 19:53:07.568  1958  2066 W ActivityManager:       at android.os.BinderProxy.transact(BinderProxy.java:511)
07-03 19:53:07.568  1958  2066 W ActivityManager:       at android.app.IApplicationThread$Stub$Proxy.scheduleUnbindService(IApplicationThread.java:1627)
07-03 19:53:07.568  1958  2066 W ActivityManager:       at com.android.server.am.ActiveServices.removeConnectionLocked(ActiveServices.java:3440)
07-03 19:53:07.568  1958  2066 W ActivityManager:       at com.android.server.am.ActiveServices.unbindServiceLocked(ActiveServices.java:2091)
07-03 19:53:07.568  1958  2066 W ActivityManager:       at com.android.server.am.ActivityManagerService.unbindService(ActivityManagerService.java:14480)
07-03 19:53:07.568  1958  2066 W ActivityManager:       at android.app.IActivityManager$Stub.onTransact(IActivityManager.java:2366)
07-03 19:53:07.568  1958  2066 W ActivityManager:       at com.android.server.am.ActivityManagerService.onTransact(ActivityManagerService.java:2799)
07-03 19:53:07.568  1958  2066 W ActivityManager:       at android.os.Binder.execTransactInternal(Binder.java:1021)
07-03 19:53:07.568  1958  2066 W ActivityManager:       at android.os.Binder.execTransact(Binder.java:994)
07-03 19:53:07.572  1958  1996 W ActivityManager: setHasOverlayUi called on unknown pid: 15119
07-03 19:53:07.577  1958  1994 W Looper  : Slow dispatch took 170ms android.ui h=com.android.server.am.ActivityManagerService$UiHandler c=null m=53
07-03 19:53:07.584  1958  1996 W WindowManager: setLauncherState= 1
07-03 19:53:07.607  1958  1993 W Looper  : Slow dispatch took 116ms android.fg h=com.android.server.AppStateTracker$MyHandler c=null m=0
07-03 19:53:07.806  1958  2011 I ActivityManager: Start proc 19042:com.android.deskclock/u0a113 for service {com.android.deskclock/com.android.deskclock.JobSchedulerService} caller=android
07-03 19:53:07.872  1958  4526 E WindowManager: App trying to use insecure INPUT_FEATURE_NO_INPUT_CHANNEL flag. Ignoring
07-03 19:53:07.895  1958  2011 I ActivityManager: Start proc 19063:com.google.process.gservices/u0a185 for content provider {com.google.android.gsf/com.google.android.gsf.gservices.GservicesProvider} caller=com.google.android.gms
07-03 19:53:08.073   613 18824 W SocketClient: write error (Broken pipe)
07-03 19:53:08.100 18845 18864 W BpBinder: Slow Binder: BpBinder transact took 244ms, interface=android.app.IActivityManager, code=20 oneway=false
07-03 19:53:08.141  6305 12236 W BpBinder: Slow Binder: BpBinder transact took 1521ms, interface=com.google.android.gms.droidguard.internal.IDroidGuardHandle, code=5 oneway=false
07-03 19:53:08.276  1958  2133 W ContextImpl: Calling a method in the system process without a qualified user: android.app.ContextImpl.sendBroadcast:1055 miui.security.SecurityManagerCompat.sendCancelBootAlarm:149 miui.security.SecurityManagerCompat.writeQcomBootTime:116 miui.security.SecurityManagerCompat.writeBootTime:75 com.miui.server.SecurityManagerService$SecurityWriteHandler.handleMessage:362
07-03 19:53:08.279  1958  2133 W ContextImpl: Calling a method in the system process without a qualified user: android.app.ContextImpl.sendBroadcast:1055 miui.security.SecurityManagerCompat.sendSetBootAlarm:158 miui.security.SecurityManagerCompat.writeQcomBootTime:117 miui.security.SecurityManagerCompat.writeBootTime:75 com.miui.server.SecurityManagerService$SecurityWriteHandler.handleMessage:362
07-03 19:53:08.310  1958  2011 I ActivityManager: Start proc 19103:com.qualcomm.qti.poweroffalarm/1000 for broadcast {com.qualcomm.qti.poweroffalarm/com.qualcomm.qti.poweroffalarm.PowerOffAlarmBroadcastReceiver} caller=android
07-03 19:53:08.428  1958  2011 I ActivityManager: Start proc 19125:com.qualcomm.qti.workloadclassifier/1000 for service{com.qualcomm.qti.workloadclassifier/com.qualcomm.qti.workloadclassifier.WLCService} caller=com.qualcomm.qti.workloadclassifier
07-03 19:53:08.529  1958  2082 W FileUtils: Slow Operation: fsync took 131ms
07-03 19:53:08.599  1958  2011 I ActivityManager: Start proc 19138:com.android.settings:remote/1000 for content provider {com.android.settings/com.android.settings.cloud.CloudSettingsProvider} caller=com.miui.securitycenter
07-03 19:53:08.705  1958  2014 E BatteryExternalStatsWorker: no controller energy info supplied for bluetooth
07-03 19:53:08.697 25666 18843 E ActivityThread: Failed to find provider info for com.xiaomi.migameservice.provider
07-03 19:53:08.751  1958  2014 E BatteryExternalStatsWorker: no controller energy info supplied for bluetooth
07-03 19:53:08.802  1958  2011 I ActivityManager: Start proc 19166:com.miui.guardprovider/u0a115 for service {com.miui.guardprovider/com.miui.guardprovider.manager.SecurityService} caller=com.miui.securitycenter
07-03 19:53:08.834  1958  2014 E BatteryExternalStatsWorker: no controller energy info supplied for bluetooth
07-03 19:53:09.038  1958  2014 I chatty  : uid=1000(system) batterystats-wo identical 1 line
07-03 19:53:09.083  1958  2014 E BatteryExternalStatsWorker: no controller energy info supplied for bluetooth
07-03 19:53:09.577   613 18903 W SocketClient: write error (Broken pipe)
07-03 19:53:09.580   613 18902 W SocketClient: write error (Broken pipe)
07-03 19:53:09.580   613 18901 W SocketClient: write error (Broken pipe)
07-03 19:53:09.685 25666 25924 W BpBinder: Slow Binder: BpBinder transact took 1112ms, interface=android.app.IActivityManager, code=20 oneway=false
07-03 19:53:09.698 19138 19138 W Looper  : Slow Looper main: Long Msg: seq=2 plan=19:53:08.649  late=1ms wall=1047ms running=128ms runnable=81ms io=772ms h=android.app.ActivityThread$H w=110
07-03 19:53:09.716   613 18910 W SocketClient: write error (Broken pipe)
07-03 19:53:09.872  1958  2351 W NotificationService: Toast already killed. pkg=com.miui.home callback=android.app.ITransientNotification$Stub$Proxy@1267b9e
07-03 19:53:10.058   613 18926 W SocketClient: write error (Broken pipe)
07-03 19:53:10.126 25666 19163 W BpBinder: Slow Binder: BpBinder transact took 597ms, interface=com.miui.guardprovider.aidl.IURLScanServer, code=2 oneway=false
07-03 19:53:10.308  1958  2011 I ActivityManager: Start proc 19261:com.google.android.tts/u0a201 for service {com.google.android.tts/androidx.work.impl.background.systemjob.SystemJobService} caller=android
07-03 19:53:10.896  1958  2132 I AutoStartManagerService: MIUILOG- Reject service :Intent { cmp=com.google.android.apps.youtube.creator/androidx.work.impl.background.systemjob.SystemJobService } userId : 0 uid : 10252
07-03 19:53:10.897  1958  2132 I JobServiceContext: MIUILOG- Reject Start Job, cancelJob uid : 10252 jobId :1805
07-03 19:53:10.898  1958  2132 I AutoStartManagerService: MIUILOG- Reject service :Intent { cmp=com.google.android.apps.youtube.creator/androidx.work.impl.background.systemjob.SystemJobService } userId : 0 uid : 10252
07-03 19:53:10.899  1958  2132 I JobServiceContext: MIUILOG- Reject Start Job, cancelJob uid : 10252 jobId :1817
07-03 19:53:10.899  1958  2132 I AutoStartManagerService: MIUILOG- Reject service :Intent { cmp=com.google.android.apps.youtube.creator/androidx.work.impl.background.systemjob.SystemJobService } userId : 0 uid : 10252
07-03 19:53:10.900  1958  2132 I JobServiceContext: MIUILOG- Reject Start Job, cancelJob uid : 10252 jobId :1818
07-03 19:53:10.930  1958  2011 I ActivityManager: Start proc 19307:com.google.android.apps.turbo:aab/u0a184 for service{com.google.android.apps.turbo/com.google.android.libraries.smartbattery.appusage.library.EvaluateAppBucketsJob} caller=android
07-03 19:53:11.192  1958  2011 I ActivityManager: Start proc 19342:com.miui.phrase/u0a150 for service {com.miui.phrase/com.miui.cloudsync.PhraseSyncService} caller=android
07-03 19:53:11.373  1958  1996 W WindowManager: Unable to start animation, surface is null or no children.
07-03 19:53:11.396  1958  2011 I ActivityManager: Start proc 19367:com.miui.cloudservice/u0a126 for content provider {com.miui.cloudservice/com.miui.cloudservice.stat.StatProvider} caller=com.miui.phrase
07-03 19:53:11.624 19342 19366 W BpBinder: Slow Binder: BpBinder transact took 259ms, interface=android.app.IActivityManager, code=20 oneway=false
07-03 19:53:11.712  1958  2011 I ActivityManager: Start proc 19410:com.xiaomi.simactivate.service/u0a163 for service {com.xiaomi.simactivate.service/com.xiaomi.activate.ActivateService} caller=com.miui.cloudservice
07-03 19:53:11.755  1958  2011 I ActivityManager: Start proc 19429:android.process.acore/u0a64 for content provider {com.android.providers.contacts/com.android.providers.contacts.ContactsProvider2} caller=com.google.android.gms
07-03 19:53:11.829  1958  2011 I ActivityManager: Start proc 19455:com.xiaomi.account/u0a112 for service {com.xiaomi.account/com.xiaomi.account.XiaomiAccountService} caller=com.miui.cloudservice
07-03 19:53:12.129  6305 18596 W BpBinder: Slow Binder: BpBinder transact took 432ms, interface=android.app.IActivityManager, code=20 oneway=false
07-03 19:53:12.313  1958  2011 I ActivityManager: Start proc 19494:com.google.android.partnersetup/u0a180 for service {com.google.android.partnersetup/com.google.android.partnersetup.InstalledAppJobService} caller=android
07-03 19:53:12.529 19455 19455 W Looper  : Slow Looper main: doFrame is 413ms late because of 3 msg, msg 1 took 674ms (seq=2 running=185ms runnable=19ms io=199ms late=2ms h=android.app.ActivityThread$H w=110)
07-03 19:53:12.613  1958  2132 I AutoStartManagerService: MIUILOG- Reject service :Intent { cmp=org.zwanoo.android.speedtest/com.ookla.speedtestengine.reporting.bgreports.BGReportJobServiceImpl } userId : 0 uid : 10412
07-03 19:53:12.614  1958  2132 I JobServiceContext: MIUILOG- Reject Start Job, cancelJob uid : 10412 jobId :1
07-03 19:53:12.618  1958  2132 I AutoStartManagerService: MIUILOG- Reject service :Intent { cmp=org.zwanoo.android.speedtest/com.google.android.datatransport.runtime.scheduling.jobscheduling.JobInfoSchedulerService } userId : 0 uid : 10412
07-03 19:53:12.618  1958  2132 I JobServiceContext: MIUILOG- Reject Start Job, cancelJob uid : 10412 jobId :-1331025784
07-03 19:53:12.653  1958  2011 I ActivityManager: Start proc 19563:com.google.android.youtube/u0a204 for service {com.google.android.youtube/androidx.work.impl.background.systemjob.SystemJobService} caller=android
07-03 19:53:13.067  1958  2132 I AutoStartManagerService: MIUILOG- Reject service :Intent { cmp=org.zwanoo.android.speedtest/com.google.android.datatransport.runtime.scheduling.jobscheduling.JobInfoSchedulerService } userId : 0 uid : 10412
07-03 19:53:13.068  1958  2132 I JobServiceContext: MIUILOG- Reject Start Job, cancelJob uid : 10412 jobId :-1038928596
07-03 19:53:13.068  1958  2132 I AutoStartManagerService: MIUILOG- Reject service :Intent { cmp=com.jio.myjio/androidx.work.impl.background.systemjob.SystemJobService } userId : 0 uid : 10259
07-03 19:53:13.068  1958  2132 I JobServiceContext: MIUILOG- Reject Start Job, cancelJob uid : 10259 jobId :1043
07-03 19:53:13.081  1958  2132 I AutoStartManagerService: MIUILOG- Reject service :Intent { cmp=in.mohalla.sharechat/com.evernote.android.job.JobRescheduleService } userId : 0 uid : 10763
07-03 19:53:13.081  1958  2132 I JobServiceContext: MIUILOG- Reject Start Job, cancelJob uid : 10763 jobId :2147480000
07-03 19:53:13.094  1958  2132 I AutoStartManagerService: MIUILOG- Reject service :Intent { cmp=com.google.android.apps.photos/.dbprocessor.impl.DatabaseProcessorJobService } userId : 0 uid : 10214
07-03 19:53:13.094  1958  2132 I JobServiceContext: MIUILOG- Reject Start Job, cancelJob uid : 10214 jobId :1033
07-03 19:53:14.125  1958  2010 W BroadcastQueue: Permission Denial: broadcasting Intent { act=android.net.conn.CONNECTIVITY_CHANGE flg=0x4200010 (has extras) } from null (pid=-1, uid=-1) requires com.google.android.youtube.DYNAMIC_RECEIVER_NOT_EXPORTED_PERMISSION due to registered receiver BroadcastFilter{690da9f 10204/u0 ReceiverList{b34dc3e 19563 com.google.android.youtube/10204/u0 remote:b4d74f9}}
07-03 19:53:15.410  1958  2011 I ActivityManager: Start proc 19685:com.android.chrome/u0a193 for service {com.android.chrome/org.chromium.chrome.browser.customtabs.CustomTabsConnectionService} caller=com.google.android.youtube
07-03 19:53:16.762  1958  2011 I ActivityManager: Start proc 19761:com.android.chrome:privileged_process0/u0a193 for service {com.android.chrome/org.chromium.content.app.PrivilegedProcessService0} caller=com.android.chrome
07-03 19:53:16.788  1958  2011 I ActivityManager: Start proc 19777:com.android.vending/u0a175 for service {com.android.vending/com.google.android.finsky.installservice.DevTriggeredUpdateService} caller=com.android.chrome
07-03 19:53:17.327 19685 19685 W Looper  : Slow Looper main: Long Msg: seq=10 plan=19:53:15.888  late=0ms wall=1438ms running=405ms runnable=12ms io=605ms h=android.os.Handler c=W96
07-03 19:53:17.603  1958  2011 W ActivityManager: Slow operation: 271ms so far, now at startProcess: returned from zygote!
07-03 19:53:17.603  1958  2011 W ActivityManager: Slow operation: 271ms so far, now at startProcess: done updating battery stats
07-03 19:53:17.603  1958  2011 W ActivityManager: Slow operation: 272ms so far, now at startProcess: building log message
07-03 19:53:17.603  1958  2011 I ActivityManager: Start proc 19821:com.android.chrome:sandboxed_process0:org.chromium.content.app.SandboxedProcessService0:0/u0ai0 for  {com.android.chrome/org.chromium.content.app.SandboxedProcessService0:0} caller=com.android.chrome
07-03 19:53:17.603  1958  2011 W ActivityManager: Slow operation: 272ms so far, now at startProcess: starting to updatepids map
07-03 19:53:17.604  1958  2011 W ActivityManager: Slow operation: 272ms so far, now at startProcess: done updating pidsmap
07-03 19:53:17.604  1958  2011 W ActivityManager: Slow operation: 143ms so far, now at startProcess: asking zygote to start proc
07-03 19:53:17.630  1958  2011 W ActivityManager: Slow operation: 169ms so far, now at startProcess: returned from zygote!
07-03 19:53:17.630  1958  2011 W ActivityManager: Slow operation: 169ms so far, now at startProcess: done updating battery stats
07-03 19:53:17.630  1958  2011 W ActivityManager: Slow operation: 170ms so far, now at startProcess: building log message
07-03 19:53:17.630  1958  2011 I ActivityManager: Start proc 19831:com.miui.msa.global/u0a123 for service {com.miui.msa.global/com.miui.systemAdSolution.splashscreen.SplashScreenService} caller=android
07-03 19:53:17.630  1958  2011 W ActivityManager: Slow operation: 170ms so far, now at startProcess: starting to updatepids map
07-03 19:53:17.631  1958  2011 W ActivityManager: Slow operation: 170ms so far, now at startProcess: done updating pidsmap
07-03 19:53:17.910 19685 19752 W FileUtils: Slow Operation: fsync took 628ms
07-03 19:53:18.243 19831 19894 W FileUtils: Slow Operation: fsync took 105ms
07-03 19:53:18.443  1958  2011 I ActivityManager: Start proc 19927:com.qti.diagservices/1000 for service {com.qti.diagservices/com.qti.diagservices.QTIDiagServices} caller=com.qti.diagservices
07-03 19:53:19.674 19777 19777 W Looper  : Slow Looper main: Long Msg: seq=2 plan=19:53:16.818  late=1ms wall=2845ms running=229ms runnable=81ms io=2062ms h=android.app.ActivityThread$H w=110
07-03 19:53:20.039  1958  2348 I ActivityManager: Killing 19042:com.android.deskclock/u0a113 (adj 965): empty #17
07-03 19:53:20.132  1958  2011 I ActivityManager: Start proc 20325:com.google.process.gapps/u0a185 for content provider{com.google.android.gsf/com.google.android.gsf.settings.GoogleSettingsProvider} caller=com.android.vending
07-03 19:53:20.156  1958  3132 I ActivityManager: Killing 19103:com.qualcomm.qti.poweroffalarm/1000 (adj 965): empty #17
07-03 19:53:20.422 19777 20109 W BpBinder: Slow Binder: BpBinder transact took 335ms, interface=android.app.IActivityManager, code=20 oneway=false
07-03 19:53:20.563  1958  3853 W ActivityManager: Receiver with filter android.content.IntentFilter@1587d51 already registered for pid 19831, callerPackage is com.miui.msa.global
07-03 19:53:20.564  1958  2351 W ActivityManager: Receiver with filter android.content.IntentFilter@68239b6 already registered for pid 19831, callerPackage is com.miui.msa.global
07-03 19:53:20.610  1958  2011 I ActivityManager: Start proc 20436:com.android.vending:background/u0a175 for service {com.android.vending/com.google.frameworks.client.data.android.server.play.BackgroundProcessEndpointService} caller=com.android.vending
07-03 19:53:20.868  1958  1958 W WindowManager: removeWindowToken: Attempted to remove non-existing token: android.os.Binder@cd27996
07-03 19:53:20.977  1958  2351 I ActivityManager: Killing 19261:com.google.android.tts/u0a201 (adj 965): empty #17
07-03 19:53:28.430  1958  2011 I ActivityManager: Start proc 20556:com.qualcomm.telephony/u0a195 for service {com.qualcomm.atfwd/com.qualcomm.atfwd.AtFwdService} caller=com.qualcomm.atfwd
07-03 19:53:33.438  1958  4525 I ActivityManager: Killing 19410:com.xiaomi.simactivate.service/u0a163 (adj 965): empty #17
07-03 19:53:33.440  1958  4525 I ActivityManager: Killing 19166:com.miui.guardprovider/u0a115 (adj 975): empty #18
07-03 19:53:33.442  1958  4525 I ActivityManager: Killing 19429:android.process.acore/u0a64 (adj 985): empty #19
07-03 19:53:51.999  1958  3853 W BpBinder: Slow Binder: BpBinder transact took 574ms, interface=android.os.IInstalld, code=10 oneway=false
07-03 19:53:52.000  1958  3853 I InstallationStatistic: beginInstallSession: 1658696600
07-03 19:53:52.756  1958  2066 W ActivityManager: Permission Denial: getStackInfo() from pid=19831, uid=10123 requires android.permission.MANAGE_ACTIVITY_STACKS
07-03 19:53:52.770  1958  2065 I ActivityTaskManager: START u0 {act=android.intent.action.VIEW dat=file:///data/app/vmdl1658696600.tmp typ=application/vnd.android.package-archive flg=0x18000000 cmp=com.miui.securitycenter/com.miui.permcenter.install.AdbInstallActivity (has extras)} from uid 1000
07-03 19:53:52.914 25324 25324 W ActivityThread: SCHED: com.miui.home/.launcher.Launcher [68, r=217ms, a=98ms, w=46747ms]
07-03 19:53:52.978  1958  2011 I ActivityManager: Start proc 20653:com.miui.securitycenter/1000 for activity {com.miui.securitycenter/com.miui.permcenter.install.AdbInstallActivity} caller=pm
07-03 19:53:53.004  1958  5236 I Timeline: Timeline: App_transition_ready time:116400210
07-03 19:53:53.007  1958  1997 I Timeline: Timeline: App_transition_ready time:116400213
07-03 19:53:53.617  1958  2011 I ActivityManager: Start proc 20709:com.miui.guardprovider/u0a115 for content provider {com.miui.guardprovider/com.miui.guardprovider.GuardProvider} caller=com.miui.securitycenter
07-03 19:53:53.825 20709 20728 W SystemConfig: No directory /product_services/etc/sysconfig, skipping
07-03 19:53:53.825 20709 20728 W SystemConfig: No directory /product_services/etc/permissions, skipping
07-03 19:53:54.034 20653 20653 W Activity: Slow Operation: Activity com.miui.securitycenter/com.miui.permcenter.install.AdbInstallActivity onCreate took 530ms
07-03 19:53:54.037 20653 20653 W Looper  : Slow Looper main: Activity com.miui.securitycenter/com.miui.permcenter.install.AdbInstallActivity is 444ms late (wall=587ms running=107ms ClientTransaction{ callbacks=[android.app.servertransaction.LaunchActivityItem] lifecycleRequest=android.app.servertransaction.ResumeActivityItem }) because of 2 msg, msg 2 took 441ms (seq=2 running=127ms runnable=17ms io=256ms late=10ms h=android.app.ActivityThread$H w=110)
07-03 19:53:54.037 20653 20653 W Looper  : Slow Looper main: Activity com.miui.securitycenter/com.miui.permcenter.install.AdbInstallActivity is 1031ms late (wall=0ms running=0ms ClientTransaction{ callbacks=[android.app.servertransaction.TopResumedActivityChangeItem] }) because of 3 msg, msg 2 took 441ms (seq=2 running=127ms runnable=17ms io=256ms late=10msh=android.app.ActivityThread$H w=110), msg 3 took 587ms (seq=3 running=107ms runnable=24ms io=160ms late=444ms h=android.app.ActivityThread$H w=159)
07-03 19:53:54.049  1958  2066 I Timeline: Timeline: App_transition_ready time:116401255
07-03 19:53:54.049  1958  2066 I Timeline: Timeline: App_transition_stopped time:116401255
07-03 19:53:54.058  1958  1996 I ActivityManager: Killing 19367:com.miui.cloudservice/u0a126 (adj 915): empty #17
07-03 19:53:54.060  1958  1996 I ActivityManager: Killing 19455:com.xiaomi.account/u0a112 (adj 925): empty #18
07-03 19:53:54.280  1958  2010 I ActivityManager: Force stopping com.BHG.gurbani appid=10776 user=-1: installPackageLI
07-03 19:53:54.280  1958  2022 I PackageManager: Update package com.BHG.gurbani code path from /data/app/com.BHG.gurbani-oL9L2t-1A9uiJZ2_8G3x_Q== to /data/app/com.BHG.gurbani-1ksVxSZrcHLWeYJ4M5av2A==; Retain data and using new
07-03 19:53:54.280  1958  2022 I PackageManager: Update package com.BHG.gurbani resource path from /data/app/com.BHG.gurbani-oL9L2t-1A9uiJZ2_8G3x_Q== to /data/app/com.BHG.gurbani-1ksVxSZrcHLWeYJ4M5av2A==; Retain data and using new
07-03 19:53:54.432  1958  2022 W FileUtils: Slow Operation: fsync took 103ms
07-03 19:53:54.472  1958  2022 I PackageManager: Un-granting permission android.permission.WRITE_MEDIA_STORAGE from package com.jio.media.jiobeats (protectionLevel=18 flags=0x20d83e44)
07-03 19:53:54.472  1958  2022 I PackageManager: Un-granting permission android.permission.WRITE_SETTINGS from package com.jio.media.jiobeats (protectionLevel=1218 flags=0x20d83e44)
07-03 19:53:54.472  1958  2022 I PackageManager: Un-granting permission android.permission.MANAGE_DOCUMENTS from package com.google.android.youtube (protectionLevel=262146 flags=0x20dbbec5)
07-03 19:53:54.472  1958  2022 I PackageManager: Un-granting permission android.permission.REQUEST_INSTALL_PACKAGES from package com.revanced.net.revancedmanager (protectionLevel=66 flags=0x20c8be44)
07-03 19:53:54.473  1958  2022 I PackageManager: Un-granting permission android.permission.CAPTURE_AUDIO_OUTPUT from package com.google.android.googlequicksearchbox (protectionLevel=18 flags=0xa8dbbec5)
07-03 19:53:54.473  1958  2022 I PackageManager: Un-granting permission android.permission.SUBSTITUTE_SHARE_TARGET_APP_NAME_AND_ICON from package com.google.android.googlequicksearchbox (protectionLevel=18 flags=0xa8dbbec5)
07-03 19:53:54.473  1958  2022 I PackageManager: Un-granting permission android.permission.CAPTURE_MEDIA_OUTPUT from package com.google.android.googlequicksearchbox (protectionLevel=18 flags=0xa8dbbec5)
07-03 19:53:54.473  1958  2022 I PackageManager: Un-granting permission android.permission.MODIFY_AUDIO_ROUTING from package com.google.android.googlequicksearchbox (protectionLevel=18 flags=0xa8dbbec5)
07-03 19:53:54.473  1958  2022 I PackageManager: Un-granting permission com.google.android.googleapps.permission.GOOGLE_AUTH from package com.android.providers.calendar (protectionLevel=2 flags=0x20883e45)
07-03 19:53:54.473  1958  2022 I PackageManager: Un-granting permission com.google.android.googleapps.permission.GOOGLE_AUTH.cl from package com.android.providers.calendar (protectionLevel=2 flags=0x20883e45)
07-03 19:53:54.474  1958  2022 I PackageManager: Un-granting permission android.permission.SYSTEM_ALERT_WINDOW from package org.telegram.messenger (protectionLevel=1250 flags=0x289bbe44)
07-03 19:53:54.474  1958  2022 I PackageManager: Un-granting permission android.permission.REQUEST_INSTALL_PACKAGES from package org.telegram.messenger (protectionLevel=66 flags=0x289bbe44)
07-03 19:53:54.475  1958  2022 I PackageManager: Un-granting permission android.permission.MANAGE_DOCUMENTS from package app.revanced.android.youtube (protectionLevel=262146 flags=0x30dbbe44)
07-03 19:53:54.475  1958  2022 I PackageManager: Un-granting permission android.permission.SYSTEM_ALERT_WINDOW from package app.revanced.android.youtube (protectionLevel=1250 flags=0x30dbbe44)
07-03 19:53:54.475  1958  2022 I PackageManager: Un-granting permission android.permission.WRITE_SECURE_SETTINGS from package com.antutu.ABenchMark (protectionLevel=50 flags=0x2288be46)
07-03 19:53:54.476  1958  2022 I PackageManager: Un-granting permission android.permission.REQUEST_INSTALL_PACKAGES from package com.whatsapp (protectionLevel=66 flags=0x20cbbe44)
07-03 19:53:54.476  1958  2022 I PackageManager: Un-granting permission android.permission.HIDE_NON_SYSTEM_OVERLAY_WINDOWS from package com.android.companiondevicemanager (protectionLevel=258 flags=0x30c83e45)
07-03 19:53:54.477  1958  2022 I PackageManager: Un-granting permission android.permission.MANAGE_USERS from package com.miui.securitycenter (protectionLevel=18 flags=0x20c9bec5)
07-03 19:53:54.477  1958  2022 I PackageManager: Un-granting permission android.permission.INTERACT_ACROSS_USERS from package com.miui.securitycenter (protectionLevel=50 flags=0x20c9bec5)
07-03 19:53:54.477  1958  2022 I PackageManager: Un-granting permission android.permission.READ_PRIVILEGED_PHONE_STATE from package com.miui.securitycenter (protectionLevel=18 flags=0x20c9bec5)
07-03 19:53:54.477  1958  2022 I PackageManager: Un-granting permission android.permission.WRITE_MEDIA_STORAGE from package ru.zdevs.zarchiver (protectionLevel=18 flags=0x30d8be44)
07-03 19:53:54.477  1958  2022 I PackageManager: Un-granting permission android.permission.REQUEST_INSTALL_PACKAGES from package ru.zdevs.zarchiver (protectionLevel=66 flags=0x30d8be44)
07-03 19:53:54.478  1958  2022 I PackageManager: Un-granting permission android.permission.SYSTEM_ALERT_WINDOW from package com.glgjing.captain (protectionLevel=1250 flags=0x3088be44)
07-03 19:53:54.478  1958  2022 I PackageManager: Un-granting permission android.permission.PACKAGE_USAGE_STATS from package com.glgjing.captain (protectionLevel=114 flags=0x3088be44)
07-03 19:53:54.478  1958  2022 I PackageManager: Un-granting permission android.permission.START_ACTIVITIES_FROM_BACKGROUND from package com.android.soundrecorder (protectionLevel=49682 flags=0x30c83e85)
07-03 19:53:54.478  1958  2022 I PackageManager: Un-granting permission android.permission.WRITE_SETTINGS from package in.mohalla.sharechat (protectionLevel=1218 flags=0x30d8be44)
07-03 19:53:54.478  1958  2022 I PackageManager: Un-granting permission android.permission.SYSTEM_ALERT_WINDOW from package in.mohalla.sharechat (protectionLevel=1250 flags=0x30d8be44)
07-03 19:53:54.479  1958  2022 I PackageManager: Un-granting permission android.permission.REQUEST_INSTALL_PACKAGES from package com.android.providers.downloads.ui (protectionLevel=66 flags=0x30c8be45)
07-03 19:53:54.479  1958  2022 I PackageManager: Un-granting permission android.permission.HIDE_NON_SYSTEM_OVERLAY_WINDOWS from package com.android.vending (protectionLevel=258 flags=0x28cabec5)
07-03 19:53:54.479  1958  2022 I PackageManager: Un-granting permission android.permission.SEND_DOWNLOAD_COMPLETED_INTENTS from package com.android.vending (protectionLevel=2 flags=0x28cabec5)
07-03 19:53:54.481  1958  2022 I PackageManager: Un-granting permission android.permission.SYSTEM_ALERT_WINDOW from package com.hecorat.screenrecorder.free (protectionLevel=1250 flags=0x20c8be44)
07-03 19:53:54.481  1958  2022 I PackageManager: Un-granting permission com.google.android.googleapps.permission.GOOGLE_AUTH.mail from package com.android.contacts (protectionLevel=2 flags=0x38c9be45)
07-03 19:53:54.481  1958  2022 I PackageManager: Un-granting permission android.permission.CHANGE_CONFIGURATION from package com.tiqiaa.remote (protectionLevel=50 flags=0x30c8be44)
07-03 19:53:54.481  1958  2022 I PackageManager: Un-granting permission android.permission.SET_DEBUG_APP from package com.tiqiaa.remote (protectionLevel=50 flags=0x30c8be44)
07-03 19:53:54.481  1958  2022 I PackageManager: Un-granting permission android.permission.WRITE_SETTINGS from package com.tiqiaa.remote (protectionLevel=1218 flags=0x30c8be44)
07-03 19:53:54.482  1958  2022 I PackageManager: Un-granting permission android.permission.DEVICE_POWER from package com.tiqiaa.remote (protectionLevel=2 flags=0x30c8be44)
07-03 19:53:54.482  1958  2022 I PackageManager: Un-granting permission com.android.launcher.permission.READ_SETTINGS from package com.tiqiaa.remote (protectionLevel=18 flags=0x30c8be44)
07-03 19:53:54.482  1958  2022 I PackageManager: Un-granting permission android.permission.INTERACT_ACROSS_USERS_FULL from package com.tiqiaa.remote (protectionLevel=258 flags=0x30c8be44)
07-03 19:53:54.482  1958  2022 I PackageManager: Un-granting permission android.permission.SYSTEM_ALERT_WINDOW from package com.tiqiaa.remote (protectionLevel=1250 flags=0x30c8be44)
07-03 19:53:54.482  1958  2022 I PackageManager: Un-granting permission android.permission.SEND_DOWNLOAD_COMPLETED_INTENTS from package com.tiqiaa.remote (protectionLevel=2 flags=0x30c8be44)
07-03 19:53:54.482  1958  2022 I PackageManager: Un-granting permission android.permission.DUMP from package com.digibites.accubattery (protectionLevel=50 flags=0x20c83e44)
07-03 19:53:54.482  1958  2022 I PackageManager: Un-granting permission android.permission.PACKAGE_USAGE_STATS from package com.digibites.accubattery (protectionLevel=114 flags=0x20c83e44)
07-03 19:53:54.482  1958  2022 I PackageManager: Un-granting permission android.permission.SYSTEM_ALERT_WINDOW from package com.digibites.accubattery (protectionLevel=1250 flags=0x20c83e44)
07-03 19:53:54.482  1958  2022 I PackageManager: Un-granting permission android.permission.START_ACTIVITIES_FROM_BACKGROUND from package com.android.mms (protectionLevel=49682 flags=0x38c9bee5)
07-03 19:53:54.482  1958  2022 I PackageManager: Un-granting permission com.xiaomi.simactivate.service.ACTIVATE_SIM from package com.android.mms (protectionLevel=2 flags=0x38c9bee5)
07-03 19:53:54.482  1958  2022 I PackageManager: Un-granting permission android.permission.WRITE_APN_SETTINGS from package com.android.mms (protectionLevel=18 flags=0x38c9bee5)
07-03 19:53:54.482  1958  2022 I PackageManager: Un-granting permission miui.permission.JOYOSE from package com.android.mms (protectionLevel=2 flags=0x38c9bee5)
07-03 19:53:54.482  1958  2022 I PackageManager: Un-granting permission com.miui.systemAdSolution.LOCAL_AD_PROVIDER from package com.android.mms (protectionLevel=2 flags=0x38c9bee5)
07-03 19:53:54.482  1958  2022 I PackageManager: Un-granting permission com.android.settings.permission.CLOUD_SETTINGS_PROVIDER from package com.android.mms (protectionLevel=18 flags=0x38c9bee5)
07-03 19:53:54.483  1958  2022 I PackageManager: Un-granting permission android.permission.ACCESS_DOWNLOAD_MANAGER frompackage com.microsoft.rdc.android (protectionLevel=18 flags=0x3098be44)
07-03 19:53:54.483  1958  2022 I PackageManager: Un-granting permission android.permission.REQUEST_INSTALL_PACKAGES from package com.apk.editor (protectionLevel=66 flags=0x20c8be44)
07-03 19:53:54.484  1958  2022 I PackageManager: Un-granting permission android.permission.REQUEST_INSTALL_PACKAGES from package com.google.android.gm (protectionLevel=66 flags=0x28dbbec5)
07-03 19:53:54.485  1958  2022 I PackageManager: Un-granting permission com.google.android.providers.gsf.permission.WRITE_GSERVICES from package com.google.android.apps.playconsole (protectionLevel=2 flags=0x2088be44)
07-03 19:53:54.485  1958  2022 I PackageManager: Un-granting permission android.permission.WRITE_SECURE_SETTINGS from package com.android.printspooler (protectionLevel=50 flags=0x38c8be45)
07-03 19:53:54.486  1958  2022 I PackageManager: Un-granting permission android.permission.CHANGE_CONFIGURATION from package com.duokan.phone.remotecontroller (protectionLevel=50 flags=0x20983e44)
07-03 19:53:54.486  1958  2022 I PackageManager: Un-granting permission android.permission.CAPTURE_AUDIO_OUTPUT from package com.duokan.phone.remotecontroller (protectionLevel=18 flags=0x20983e44)
07-03 19:53:54.486  1958  2022 I PackageManager: Un-granting permission com.xiaomi.permission.CLOUD_MANAGER from package com.duokan.phone.remotecontroller (protectionLevel=18 flags=0x20983e44)
07-03 19:53:54.486  1958  2022 I PackageManager: Un-granting permission com.android.launcher.permission.READ_SETTINGS from package com.duokan.phone.remotecontroller (protectionLevel=18 flags=0x20983e44)
07-03 19:53:54.486  1958  2022 I PackageManager: Un-granting permission android.permission.WRITE_SETTINGS from package com.duokan.phone.remotecontroller (protectionLevel=1218 flags=0x20983e44)
07-03 19:53:54.486  1958  2022 I PackageManager: Un-granting permission com.miui.securitycenter.permission.SYSTEM_PERMISSION_DECLARE from package com.duokan.phone.remotecontroller (protectionLevel=18 flags=0x20983e44)
07-03 19:53:54.486  1958  2022 I PackageManager: Un-granting permission android.permission.MOUNT_UNMOUNT_FILESYSTEMS from package com.duokan.phone.remotecontroller (protectionLevel=18 flags=0x20983e44)
07-03 19:53:54.486  1958  2022 I PackageManager: Un-granting permission android.permission.REAL_GET_TASKS from package com.google.android.apps.wellbeing (protectionLevel=18 flags=0x20cbbec5)
07-03 19:53:54.486  1958  2022 I PackageManager: Un-granting permission android.permission.START_TASKS_FROM_RECENTS from package com.google.android.apps.wellbeing (protectionLevel=18 flags=0x20cbbec5)
07-03 19:53:54.486  1958  2022 I PackageManager: Un-granting permission android.permission.MODIFY_DAY_NIGHT_MODE from package com.google.android.apps.wellbeing (protectionLevel=18 flags=0x20cbbec5)
07-03 19:53:54.487  1958  2022 I PackageManager: Un-granting permission android.permission.REQUEST_INSTALL_PACKAGES from package com.google.android.apps.docs (protectionLevel=66 flags=0x28cbbe44)
07-03 19:53:54.488  1958  2022 I PackageManager: Un-granting permission android.permission.SYSTEM_ALERT_WINDOW from package com.frontrow.vlog (protectionLevel=1250 flags=0x38983c44)
07-03 19:53:54.488  1958  2022 I PackageManager: Un-granting permission android.permission.ACCESS_MTP from package com.miui.cloudbackup (protectionLevel=18 flags=0x20d83ec5)
07-03 19:53:54.488  1958  2022 I PackageManager: Un-granting permission android.permission.SYSTEM_ALERT_WINDOW from package com.opera.browser (protectionLevel=1250 flags=0xa4c9be44)
