07-03 19:18:12.816  1958  1958 I WindowManager: Started waking up... (why=ON_BECAUSE_OF_UNKNOWN)
07-03 19:18:12.828  1958  2090 W BaseMiuiPhoneWindowManager: keyCode:23 down:false eventTime:116278848 downTime:116278804 policyFlags:22000000 flags:8 deviceId:0 isScreenOn:true keyguardActive:true repeatCount:0
07-03 19:18:12.835  2181  2205 W KeyguardViewMediator: notifyScreenOn
07-03 19:18:12.836  1958  1996 I DisplayManagerService: Display device changed state: "Built-in Screen", ON
07-03 19:18:12.854  2181  2181 W KeyguardViewMediator: handleNotifyScreenTurningOn
07-03 19:18:12.854  2181  2181 W KeyguardViewMediator: notifyDrawn
07-03 19:18:12.854  1958  4522 I WindowManager: mKeyguardDelegate.ShowListener.onDrawn.
07-03 19:18:12.868  2181  2181 I miui_face: start face unlock
07-03 19:18:12.870  2181  2924 I miui_face: start verify time=2
07-03 19:18:12.904  1958  1994 W WindowManager: Setting mKeyguardDrawComplete
07-03 19:18:12.906  1958  1994 I WindowManager: All windows ready for display!
07-03 19:18:12.914  1958  1994 W WindowManager: Setting mWindowManagerDrawComplete
07-03 19:18:12.914  1958  1994 I WindowManager: Finished screen turning on...
07-03 19:18:12.914  1958  2017 I DisplayPowerController: Unblocked screen on after 102 ms
07-03 19:18:12.984  1958  1958 I WindowManager: Finished waking up... (why=ON_BECAUSE_OF_UNKNOWN)
07-03 19:18:13.171  1958  2011 I ActivityManager: Start proc 17433:com.google.android.gm/u0a208 for service {com.google.android.gm/androidx.work.impl.background.systemjob.SystemJobService} caller=android
07-03 19:18:13.410   788   902 W EventThreadInspector: slow VSync-app on display(19260784713820289), count=4, avg=36 ms, max=48 ms.
07-03 19:18:13.410   788   903 W EventThreadInspector: slow VSync-sf on display(19260784713820289), count=4, avg=36 ms,max=47 ms.
07-03 19:18:13.460  1958  3853 E NotificationService: Suppressing notification from package by user request.
07-03 19:18:15.203  4027  4215 W BpBinder: Slow Binder: BpBinder transact took 2152ms, interface=android.hardware.camera2.ICameraDeviceUser, code=6 oneway=false
07-03 19:18:15.582  2181  2924 I miui_face:  authenCallback, onAuthenticationHelp helpCode:5 helpString:
07-03 19:18:16.029  2181  2924 I chatty  : uid=1000(system) face_unlock identical 6 lines
07-03 19:18:16.131  2181  2924 I miui_face:  authenCallback, onAuthenticationHelp helpCode:5 helpString:
07-03 19:18:16.211   788   902 W EventThreadInspector: slow VSync-app on display(19260784713820289), count=1, avg=39 ms, max=39 ms.
07-03 19:18:16.211   788   903 W EventThreadInspector: slow VSync-sf on display(19260784713820289), count=1, avg=31 ms,max=31 ms.
07-03 19:18:16.237  2181  2924 I miui_face:  authenCallback, onAuthenticationHelp helpCode:5 helpString:
07-03 19:18:20.057  2181  2924 I chatty  : uid=1000(system) face_unlock identical 38 lines
07-03 19:18:20.162  2181  2924 I miui_face:  authenCallback, onAuthenticationHelp helpCode:5 helpString:
07-03 19:18:20.378  2181  2924 I miui_face: authenCallback, onAuthenticationFailed
07-03 19:18:20.430  1958  3417 W ProcessStats: Tracking association SourceState{cb38bc6 com.miui.gallery/10103 Top #501159} whose proc state 1 is better than process ProcessState{8cb3600 com.miui.securitycenter.remote/1000 pkg=com.miui.securitycenter} proc state 2 (195 skipped)
07-03 19:18:22.796  1958  2017 I PowerManagerService: Going to sleep due to timeout (uid 1000)...
07-03 19:18:22.797  1958  1958 W UsageStatsService: Event reported without a package name, eventType:16
07-03 19:18:22.804  1958  1958 I WindowManager: Started going to sleep... (why=OFF_BECAUSE_OF_TIMEOUT)
07-03 19:18:23.052  1958  2017 I DisplayPowerController: Blocking screen off
07-03 19:18:23.053  1958  2017 I DisplayPowerController: Unblocked screen off after 1 ms
07-03 19:18:23.075  1958  2017 I WindowManager: Screen turned off...
07-03 19:18:23.143  1958  2017 W ActivityManager: Unable to start service Intent { act=miui.action.CAMERA_EMPTY_SERVICEpkg=com.android.camera } U=0: not found
07-03 19:18:23.148  1958  1996 I DisplayManagerService: Display device changed state: "Built-in Screen", OFF
07-03 19:18:23.459  1958  2168 W BpBinder: Slow Binder: BpBinder transact took 311ms, interface=android.ui.ISurfaceComposer, code=19 oneway=false
07-03 19:18:23.469  1958  2017 W DreamManagerService: Dream ComponentInfo{com.android.systemui/com.android.systemui.doze.DozeService} does not exist
07-03 19:18:23.469  1958  2017 I PowerManagerService: Sleeping (uid 1000)...
07-03 19:18:23.476  1958  1958 I WindowManager: Finished going to sleep... (why=OFF_BECAUSE_OF_TIMEOUT)
07-03 19:18:23.479  2181  3082 W BpBinder: Slow Binder: BpBinder transact took 294ms, interface=android.gui.IGraphicBufferProducer, code=2 oneway=false
07-03 19:18:34.239  2181  2181 W BpBinder: Slow Binder: BpBinder transact took 296ms, interface=android.os.IPowerManager, code=12 oneway=false
07-03 19:18:34.296  2181  2181 W Looper  : Slow Looper main: doFrame is 336ms late because of 6 msg, msg 1 took 317ms (seq=860279 running=10ms runnable=8ms h=com.android.systemui.keyguard.KeyguardViewMediator$6 w=5)
07-03 19:21:13.091  1958  2014 E BatteryExternalStatsWorker: no controller energy info supplied for bluetooth
07-03 19:21:25.991  5413  5606 W BpBinder: Slow Binder: BpBinder transact took 557ms, interface=com.android.internal.app.IBatteryStats, code=16 oneway=false
07-03 19:22:33.172  1958  2011 I ActivityManager: Start proc 17541:com.xiaomi.mipicks/u0a127 for service {com.xiaomi.mipicks/androidx.work.impl.background.systemjob.SystemJobService} caller=android
07-03 19:22:33.217  1958  2014 E BatteryExternalStatsWorker: no controller energy info supplied for bluetooth
07-03 19:23:18.920  1958  2014 E BatteryExternalStatsWorker: no controller energy info supplied for bluetooth
07-03 19:24:14.130  1958  5256 W ProcessStats: Tracking association SourceState{cb38bc6 com.miui.gallery/10103 Top #501357} whose proc state 1 is better than process ProcessState{8cb3600 com.miui.securitycenter.remote/1000 pkg=com.miui.securitycenter} proc state 2 (100 skipped)
07-03 19:24:14.224 17541 17541 W Looper  : Slow Looper main: Long Msg: seq=2 plan=19:22:33.205  late=4ms wall=1568ms running=259ms runnable=41ms io=456ms h=android.app.ActivityThread$H w=110
07-03 19:24:14.317 17541 17541 W Looper  : Slow Looper main: doFrame is 487ms late because of 3 msg, msg 1 took 1568ms (seq=2 running=259ms runnable=41ms io=456ms late=4ms h=android.app.ActivityThread$H w=110), msg 2 took 84ms (seq=3 running=8ms runnable=8ms io=44ms late=1574ms h=android.app.ActivityThread$H w=114)
07-03 19:24:14.364  1958  2011 I ActivityManager: Start proc 17682:com.miui.analytics/u0a105 for service {com.miui.analytics/com.miui.analytics.onetrack.OneTrackService} caller=com.xiaomi.mipicks
07-03 19:24:14.920 17541 17570 W BpBinder: Slow Binder: BpBinder transact took 815ms, interface=android.content.IContentProvider, code=1 oneway=false
07-03 19:26:20.120  1958  2010 E NotificationService: Suppressing notification from package by user request.
07-03 19:28:50.651  1958  4807 I ProcessManager: Kill reason LockScreenClean from pid=25666
07-03 19:28:50.682  1958  4807 I ProcessManager: LockScreenClean: kill-background com.whatsapp Adj=500 State=11
07-03 19:28:50.689  1958  4807 I ActivityManager: Killing 16897:com.whatsapp/u0a762 (adj 500): LockScreenClean
07-03 19:28:50.695  1958  4807 W ActivityManager: Scheduling restart of crashed service com.whatsapp/.messaging.MessageService in 1000ms
07-03 19:28:50.699  1958  4807 I ProcessManager: LockScreenClean: kill-background com.BHG.gurbani Adj=815 State=20
07-03 19:28:50.700  1958  4807 I AutoStartManagerService: MIUILOG- Reject RestartService packageName :com.BHG.gurbani uid : 10776
07-03 19:28:50.702  1958  4807 I ActivityManager: Killing 16316:com.BHG.gurbani/u0a776 (adj 815): LockScreenClean
07-03 19:28:50.718  1958  4807 I ProcessManager: LockScreenClean: kill-background com.android.camera Adj=805 State=20
07-03 19:28:50.719  1958  4807 I ActivityManager: Killing 15026:com.android.camera/u0a76 (adj 805): LockScreenClean
07-03 19:28:50.785  1958  1996 W ActivityManager: setHasOverlayUi called on unknown pid: 16316
07-03 19:28:50.795  1958  1996 W ActivityManager: setHasOverlayUi called on unknown pid: 15026
07-03 19:28:50.938 15119 15119 W Activity: Slow Operation: Activity com.miui.gallery/.activity.ExternalPhotoPageActivity onDestroy took 260ms
07-03 19:28:53.196  1958  2011 I ActivityManager: Start proc 17881:com.whatsapp/u0a762 for service {com.whatsapp/com.whatsapp.messaging.MessageService} caller=com.whatsapp
07-03 19:28:53.985  1958  2011 I ActivityManager: Start proc 17917:in.mohalla.sharechat/u0a763 for broadcast {in.mohalla.sharechat/com.google.firebase.iid.FirebaseInstanceIdReceiver} caller=com.google.android.gms
07-03 19:28:54.879  1958  4525 W BluetoothManagerService: bindBluetoothProfileService:Trying to bind to profile: 1, while Bluetooth is disabled
07-03 19:28:56.971  1958  4525 W ProcessStats: Tracking association SourceState{cb38bc6 com.miui.gallery/10103 Top #501557} whose proc state 1 is better than process ProcessState{8cb3600 com.miui.securitycenter.remote/1000 pkg=com.miui.securitycenter} proc state 2 (96 skipped)
07-03 19:28:57.573 17917 17917 W Looper  : Slow Looper main: Long Msg: seq=2 plan=19:28:54.017  late=4ms wall=3552ms running=2153ms runnable=80ms io=977ms h=android.app.ActivityThread$H w=110
07-03 19:28:57.654  1958  2011 I ActivityManager: Start proc 18086:com.android.vending/u0a175 for service {com.android.vending/com.google.android.finsky.splitinstallservice.SplitInstallService} caller=in.mohalla.sharechat
07-03 19:28:58.789 18086 18086 W Looper  : Slow Looper main: Long Msg: seq=2 plan=19:28:57.679  late=2ms wall=1108ms running=238ms runnable=71ms io=545ms h=android.app.ActivityThread$H w=110
07-03 19:29:06.114 18086 18140 W BpBinder: Slow Binder: BpBinder transact took 204ms, interface=android.content.pm.IPackageManager, code=3 oneway=false
07-03 19:29:06.149 18086 18138 W BpBinder: Slow Binder: BpBinder transact took 279ms, interface=com.android.internal.telephony.ISub, code=44 oneway=false
07-03 19:29:06.185 18086 18141 W BpBinder: Slow Binder: BpBinder transact took 320ms, interface=com.android.internal.telephony.IPhoneSubInfo, code=8 oneway=false
07-03 19:29:06.193  1958  2202 I ActivityManager: Killing 14934:com.miui.weather2/u0a142 (adj 965): empty #17
07-03 19:29:23.100 17917 18008 W BpBinder: Slow Binder: BpBinder transact took 447ms, interface=com.google.android.finsky.externalreferrer.IGetInstallReferrerService, code=1 oneway=false
07-03 19:29:23.134  1958  2011 I ActivityManager: Start proc 18196:com.google.process.gapps/u0a185 for content provider{com.google.android.gsf/com.google.android.gsf.settings.GoogleSettingsProvider} caller=com.android.vending
07-03 19:29:23.192  1958  3906 I ActivityManager: Killing 15867:com.miui.cloudservice:galleryproxy/u0a126 (adj 945): empty #17
07-03 19:31:25.230  1958  2011 I ActivityManager: Start proc 18235:com.android.vending:background/u0a175 for service {com.android.vending/com.google.frameworks.client.data.android.server.play.BackgroundProcessEndpointService} caller=com.android.vending
07-03 19:31:25.247 18086 18142 W BpBinder: Slow Binder: BpBinder transact took 685ms, interface=android.app.IActivityManager, code=20 oneway=false
07-03 19:32:28.002 18086 18166 W BpBinder: Slow Binder: BpBinder transact took 205ms, interface=com.google.android.gms.usagereporting.internal.IUsageReportingService, code=3 oneway=false
07-03 19:32:54.129  1958  4415 I ActivityManager: Killing 16530:com.google.android.apps.turbo/u0a184 (adj 945): empty #17
07-03 19:33:30.613  1958  2010 I ActivityManager: Waited long enough for: ServiceRecord{426721 u0 com.whatsapp/.messaging.MessageService}
07-03 19:35:29.171  1958  4807 W ProcessStats: Tracking association SourceState{cb38bc6 com.miui.gallery/10103 Top #501691} whose proc state 1 is better than process ProcessState{8cb3600 com.miui.securitycenter.remote/1000 pkg=com.miui.securitycenter} proc state 2 (64 skipped)
07-03 19:38:35.936  1958  2348 I ProcessManager: Kill reason AutoLockOffCleanByPriority from pid=5413
07-03 19:38:35.940  1958  2348 I ProcessManager: AutoLockOffCleanByPriority: kill com.xiaomi.account Adj=945 State=20
07-03 19:38:35.941  1958  2348 I ActivityManager: Killing 16726:com.xiaomi.account/u0a112 (adj 945): AutoLockOffCleanByPriority
07-03 19:38:35.944  1958  2348 I ProcessManager: AutoLockOffCleanByPriority: kill com.miui.msa.global:ui Adj=925 State=20
07-03 19:38:35.945  1958  2348 I ActivityManager: Killing 17313:com.miui.msa.global:ui/u0a123 (adj 925): AutoLockOffCleanByPriority
07-03 19:38:35.948  1958  2348 I ProcessManager: AutoLockOffCleanByPriority: kill com.google.android.gm Adj=915 State=20
07-03 19:38:35.948  1958  2348 I ActivityManager: Killing 17433:com.google.android.gm/u0a208 (adj 915): AutoLockOffCleanByPriority
07-03 19:38:35.953  1958  2348 I ProcessManager: AutoLockOffCleanByPriority: kill com.google.android.documentsui Adj=955 State=20
07-03 19:38:35.954  1958  2348 I ActivityManager: Killing 16581:com.google.android.documentsui/u0a66 (adj 955): AutoLockOffCleanByPriority
07-03 19:38:35.958  5413  5654 W PK      : AutoLockOffCleanByPriority
07-03 19:38:36.049  1958  1996 W ActivityManager: setHasOverlayUi called on unknown pid: 16581
07-03 19:38:57.783  1958  1995 W FileUtils: Slow Operation: fsync took 210ms
07-03 19:38:58.798  1958  2014 E BatteryExternalStatsWorker: no controller energy info supplied for bluetooth
07-03 19:38:58.940  1958  2014 E BatteryExternalStatsWorker: no controller energy info supplied for bluetooth
07-03 19:38:59.136  1958  2010 E NotificationService: Suppressing notification from package by user request.
07-03 19:39:01.372  1958  2009 I ProcessStatsService: Pruning old procstats: /data/system/procstats/state-2025-07-01-21-00-54.bin
07-03 19:39:01.858  1958  1958 I ActivityManager: Idle maintenance over +13m19s759ms low RAM for +3m51s307ms
07-03 19:39:03.922  1958  2009 I MountServiceIdler: Got mount service completion callback
07-03 19:39:03.922  1958  2009 I MountServiceIdlerInjector: sNextTrimDuration :  7200000
07-03 19:39:03.926  1958  1958 W ProcessStats: Tracking association SourceState{cb38bc6 com.miui.gallery/10103 Top #501811} whose proc state 1 is better than process ProcessState{8cb3600 com.miui.securitycenter.remote/1000 pkg=com.miui.securitycenter} proc state 2 (63 skipped)
07-03 19:39:03.930  1958  2009 I MountServiceIdler: Got mount service completion callback
07-03 19:39:03.930  1958  2009 I MountServiceIdlerInjector: sNextTrimDuration :  7200000
07-03 19:46:19.438  1958  1993 W Looper  : Slow dispatch took 192ms android.fg h=com.android.server.AppStateTracker$MyHandler c=null m=0
07-03 19:46:41.227  1958  2202 W ProcessStats: Tracking association SourceState{cb38bc6 com.miui.gallery/10103 Top #501856} whose proc state 1 is better than process ProcessState{8cb3600 com.miui.securitycenter.remote/1000 pkg=com.miui.securitycenter} proc state 2 (24 skipped)
07-03 19:52:56.690  2181  2181 I MiuiChargeManager: notifyBatteryStatusChanged:  status: 4 isPlugged: 0 level: 92 wireState: -1 chargeSpeed: 0 mWiredChargeType: 0 mWirelessChargeType: 0 chargeDeviceType: -1
07-03 19:52:57.067  1958  2764 I UsbPortManager: ClientCallback V1_0: otg_default
07-03 19:52:57.067  1958  1993 I UsbPortManager: USB port changed: port=UsbPort{id=otg_default, supportedModes=dualsupportedContaminantProtectionModes=0supportsEnableContaminantPresenceProtection=falsesupportsEnableContaminantPresenceDetection=false, status=UsbPortStatus{connected=true, currentMode=ufp, currentPowerRole=sink, currentDataRole=device, supportedRoleCombinations=[source:host, sink:device], contaminantDetectionStatus=0, contaminantProtectionStatus=0}, canChangeMode=true, canChangePowerRole=false, canChangeDataRole=false, connectedAtMillis=460463028, lastConnectDurationMillis=0
07-03 19:52:57.069  1958  1995 I EntropyMixer: Writing entropy...
07-03 19:52:57.081  1958  2017 I PowerManagerService: Waking up from Asleep (uid=1000, reason=WAKE_REASON_PLUGGED_IN, details=android.server.power:PLUGGED:true)...
07-03 19:52:57.088  2181  2181 I MiuiChargeManager: notifyBatteryStatusChanged:  status: 4 isPlugged: 2 level: 92 wireState: 11 chargeSpeed: 0 mWiredChargeType: 0 mWirelessChargeType: 0 chargeDeviceType: -1
07-03 19:52:57.106  1958  2017 I DisplayPowerController: Blocking screen on until initial contents have been drawn.
07-03 19:52:57.106  1958  2017 I WindowManager: Screen turning on...
07-03 19:52:57.187  1958  2010 W BroadcastQueue: Background execution not allowed: receiving Intent { act=android.intent.action.ACTION_POWER_CONNECTED flg=0x4000010 (has extras) } to com.teamsmart.videomanager.tv/com.liskovsoft.smartyoutubetv2.common.misc.RemoteControlReceiver
07-03 19:52:57.202  1958  1958 W UsageStatsService: Event reported without a package name, eventType:15
07-03 19:52:57.204  1958  1958 W Looper  : Slow dispatch took 113ms main h=com.android.server.power.Notifier$NotifierHandler c=com.android.server.power.Notifier$1@eb7f91f m=0
07-03 19:52:57.204  1958  1958 I WindowManager: Started waking up... (why=ON_BECAUSE_OF_USER)
07-03 19:52:57.218  1958  2010 W BroadcastQueue: Background execution not allowed: receiving Intent { act=android.intent.action.ACTION_POWER_CONNECTED flg=0x4000010 (has extras) } to com.google.android.apps.turbo/.nudges.broadcasts.BatteryStatusChangedReceiver
07-03 19:52:57.218  1958  2010 W BroadcastQueue: Background execution not allowed: receiving Intent { act=android.intent.action.ACTION_POWER_CONNECTED flg=0x4000010 (has extras) } to com.google.android.gms/.chimera.GmsIntentOperationService$PersistentTrustedReceiver
07-03 19:52:57.218  1958  2010 W BroadcastQueue: Background execution not allowed: receiving Intent { act=android.intent.action.ACTION_POWER_CONNECTED flg=0x4000010 (has extras) } to com.google.android.gms/.gcm.nts.SchedulerReceiver
07-03 19:52:57.218  1958  2010 W BroadcastQueue: Background execution not allowed: receiving Intent { act=android.intent.action.ACTION_POWER_CONNECTED flg=0x4000010 (has extras) } to com.google.android.projection.gearhead/com.google.android.apps.auto.components.connectivity.impl.ConnectivityEventHandlerImpl$ConnectivityEventBroadcastReceiver
07-03 19:52:57.218  1958  2010 W BroadcastQueue: Background execution not allowed: receiving Intent { act=android.intent.action.ACTION_POWER_CONNECTED flg=0x4000010 (has extras) } to com.lbe.security.miui/xm.dt.rs.PowerChangeReceiver
07-03 19:52:57.218  1958  2010 W BroadcastQueue: Background execution not allowed: receiving Intent { act=android.intent.action.ACTION_POWER_CONNECTED flg=0x4000010 (has extras) } to com.miui.msa.global/com.xiaomi.ad.server.AdReceiver
07-03 19:52:57.219  1958  2010 W BroadcastQueue: Background execution not allowed: receiving Intent { act=android.intent.action.ACTION_POWER_CONNECTED flg=0x4000010 (has extras) } to com.digibites.accubattery/com.digibites.powerlib.receiver.PowerStateWatcher$Receiver
07-03 19:52:57.219  1958  2010 W BroadcastQueue: Background execution not allowed: receiving Intent { act=android.intent.action.ACTION_POWER_CONNECTED flg=0x4000010 (has extras) } to com.jio.myjio/com.inn.passivesdk.receiver.ServiceStarterReceiver
07-03 19:52:57.219  1958  2010 W BroadcastQueue: Background execution not allowed: receiving Intent { act=android.intent.action.ACTION_POWER_CONNECTED flg=0x4000010 (has extras) } to com.opera.browser/com.opera.android.news.newsfeed.internal.NewsFeedSystemReceiver
07-03 19:52:57.246  1958  1996 I DisplayManagerService: Display device changed state: "Built-in Screen", ON
07-03 19:52:57.340  2181  3602 W KeyguardViewMediator: notifyScreenOn
07-03 19:52:57.393  1958  2014 E BatteryExternalStatsWorker: no controller energy info supplied for bluetooth
07-03 19:52:57.427  1958  2168 W BpBinder: Slow Binder: BpBinder transact took 228ms, interface=android.ui.ISurfaceComposer, code=19 oneway=false
07-03 19:52:57.488  1958  1994 W Looper  : Slow dispatch took 277ms android.ui h=com.android.server.policy.MiuiScreenOnProximityLock$2 c=null m=1
07-03 19:52:57.488  1958  1994 W Looper  : Slow delivery took 241ms android.ui h=android.hardware.display.DisplayManagerGlobal$DisplayListenerDelegate c=null m=2
07-03 19:52:57.489 17541 18387 W BpBinder: Slow Binder: BpBinder transact took 246ms, interface=android.app.IActivityManager, code=39 oneway=false
07-03 19:52:57.492  1958  1958 W Looper  : Slow dispatch took 277ms main h=android.app.ActivityThread$H c=android.app.-$$Lambda$LoadedApk$ReceiverDispatcher$Args$_BumDX2UKsnxLVrE6UJsJZkotuA@550796e m=0
07-03 19:52:57.492  1958  2011 W ActivityManager: Slow operation: 272ms so far, now at startProcess: done updating battery stats
07-03 19:52:57.492  1958  2011 W ActivityManager: Slow operation: 273ms so far, now at startProcess: building log message
07-03 19:52:57.493  1958  2011 I ActivityManager: Start proc 18393:com.google.android.apps.turbo/u0a184 for broadcast {com.google.android.apps.turbo/com.google.android.apps.turbo.nudges.broadcasts.BatteryStatusChangedReceiver} caller=android
07-03 19:52:57.493  1958  2011 W ActivityManager: Slow operation: 273ms so far, now at startProcess: starting to updatepids map
07-03 19:52:57.493  1958  2011 W ActivityManager: Slow operation: 273ms so far, now at startProcess: done updating pidsmap
07-03 19:52:57.494  1958  1993 W Looper  : Slow dispatch took 242ms android.fg h=com.android.server.usb.UsbDeviceManager$UsbHandlerLegacy c=null m=0
07-03 19:52:57.518  1958  1958 W Looper  : Slow delivery took 277ms main h=com.android.server.AlarmManagerService$AlarmHandler c=com.android.server.-$$Lambda$AlarmManagerService$2$Eo-D98J-N9R2METkD-12gPs320c@f89d734 m=0
07-03 19:52:57.520 28228 28262 W BpBinder: Slow Binder: BpBinder transact took 238ms, interface=android.app.job.IJobScheduler, code=6 oneway=false
07-03 19:52:57.520 17541 17797 W BpBinder: Slow Binder: BpBinder transact took 261ms, interface=android.app.job.IJobScheduler, code=4 oneway=false
07-03 19:52:57.522  1958  1958 W Looper  : Drained
07-03 19:52:57.596  1958  2011 I ActivityManager: Start proc 18418:com.xiaomi.finddevice:securitypush/9810 for service {com.xiaomi.finddevice/com.xiaomi.finddevice.v2.securitypush.SecurityContextPeriodicUpdateJob} caller=android
07-03 19:52:57.604  1958  1994 W Looper  : Slow dispatch took 116ms android.ui h=android.view.ViewRootImpl$ViewRootHandler c=android.view.ViewRootImpl$4@f0e0cfc m=0
07-03 19:52:57.752  1958  2009 W FileUtils: Slow Operation: fsync took 205ms
07-03 19:52:57.991 25666 32584 W BpBinder: Slow Binder: BpBinder transact took 550ms, interface=android.media.IMediaPlayer, code=3 oneway=false
07-03 19:52:58.109  1958  2010 E NotificationService: Suppressing notification from package by user request.
07-03 19:52:58.173  1958  2764 I UsbPortManager: ClientCallback V1_0: otg_default
07-03 19:52:58.239  1958  2764 I UsbPortManager: ClientCallback V1_0: otg_default
07-03 19:52:58.251  2181  2181 W Looper  : Slow Looper main: Long Msg: seq=860552 plan=19:52:57.088  late=0ms wall=1162ms running=60ms runnable=7ms io=942ms h=com.android.keyguard.KeyguardUpdateMonitor$2 w=302
07-03 19:52:58.275  2181  2181 W KeyguardViewMediator: handleNotifyScreenTurningOn
07-03 19:52:58.275  2181  2181 W KeyguardViewMediator: notifyDrawn
07-03 19:52:58.275  1958  2646 I WindowManager: mKeyguardDelegate.ShowListener.onDrawn.
07-03 19:52:58.433  2181  2181 E miui_face: start face unlock  fail:;mChargeAnimationWindowShowing=true;mSwitchingUser=false;mFaceAuthStarted=false;isSlideCoverOpened=true;isKeyguardHide=false;isSimPinSecure=false
07-03 19:52:58.444  2181  2181 I MiuiChargeManager: notifyBatteryStatusChanged:  status: 2 isPlugged: 2 level: 92 wireState: 11 chargeSpeed: 0 mWiredChargeType: 0 mWirelessChargeType: 0 chargeDeviceType: -1
07-03 19:52:58.487  1958  2011 I ActivityManager: Start proc 18478:com.android.settings/1000 for broadcast {com.android.settings/com.android.settings.connecteddevice.usb.UsbModeChooserReceiver} caller=android
07-03 19:52:58.630  1958  2764 I UsbPortManager: ClientCallback V1_0: otg_default
07-03 19:52:58.667  2181  2181 W Looper  : Slow Looper main: doFrame is 530ms late because of 81 msg, msg 1 took 1162ms(seq=860552 running=60ms runnable=7ms io=942ms h=com.android.keyguard.KeyguardUpdateMonitor$2 w=302), msg 33 took 157ms(seq=860584 running=7ms runnable=1ms io=138ms late=934ms h=com.android.systemui.keyguard.KeyguardViewMediator$6 w=14), msg 80 took 95ms (seq=860631 running=2ms io=87ms late=592ms h=com.android.systemui.statusbar.policy.CallbackHandler c=com.android.systemui.statusbar.policy.CallbackHandler$1)
07-03 19:52:58.670  1958  2011 I ActivityManager: Start proc 18504:com.google.android.apps.photos/u0a214 for service {com.google.android.apps.photos/com.google.android.apps.photos.backup.apiservice.grpc.PhotosBackupGrpcService} caller=com.google.android.gms
07-03 19:52:58.708  1958  2764 I UsbPortManager: ClientCallback V1_0: otg_default
07-03 19:52:58.797  1958  1994 W Looper  : Slow Looper android.ui: Long Msg: seq=133466 plan=19:52:57.409  late=196ms wall=1192ms running=4ms runnable=3ms h=android.view.Choreographer$FrameHandler c=android.view.Choreographer$FrameDisplayEventReceiver
07-03 19:52:58.797  1958  1994 W Looper  : Slow dispatch took 1192ms android.ui h=android.view.Choreographer$FrameHandler c=android.view.Choreographer$FrameDisplayEventReceiver@c285a1 m=0
07-03 19:52:58.803  1958  1994 W WindowManager: Keyguard drawn timeout. Setting mKeyguardDrawComplete
07-03 19:52:58.804  1958  1994 I WindowManager: All windows ready for display!
07-03 19:52:58.804  1958  1994 W WindowManager: Setting mKeyguardDrawComplete
07-03 19:52:58.820  1958  1994 W Looper  : Drained
07-03 19:52:58.820  1958  1994 W WindowManager: Setting mWindowManagerDrawComplete
07-03 19:52:58.820  1958  1994 I WindowManager: Finished screen turning on...
07-03 19:52:58.820  1958  2017 I DisplayPowerController: Unblocked screen on after 1714 ms
07-03 19:52:58.821  1958  2017 W PowerManagerService: Screen on took 1741 ms
07-03 19:52:58.822  1958  1958 I WindowManager: Finished waking up... (why=ON_BECAUSE_OF_USER)
07-03 19:52:58.853 17291 18466 W BpBinder: Slow Binder: BpBinder transact took 524ms, interface=android.content.IContentProvider, code=1 oneway=false
07-03 19:52:58.953  6108 18350 W BpBinder: Slow Binder: BpBinder transact took 620ms, interface=android.content.IContentProvider, code=1 oneway=false
07-03 19:52:58.986 17291 17528 W BpBinder: Slow Binder: BpBinder transact took 388ms, interface=android.content.IContentProvider, code=1 oneway=false
07-03 19:52:59.083  1958  2202 E NotificationService: Suppressing notification from package by user request.
07-03 19:52:59.192 18418 18418 W Looper  : Slow Looper main: Long Msg: seq=2 plan=19:52:57.614  late=2ms wall=1573ms running=155ms runnable=73ms io=1236ms h=android.app.ActivityThread$H w=110
07-03 19:52:59.250  6842 16498 W BpBinder: Slow Binder: BpBinder transact took 311ms, interface=android.accounts.IAccountManager, code=18 oneway=false
07-03 19:52:59.264  2181  2181 W Looper  : Slow Looper main: doFrame is 555ms late because of 27 msg, msg 1 took 126ms (seq=860633 running=8ms runnable=6ms io=63ms late=530ms h=android.view.Choreographer$FrameHandler c=android.view.Choreographer$FrameDisplayEventReceiver), msg 23 took 348ms (seq=860655 running=15ms io=313ms late=234ms h=com.android.systemui.statusbar.phone.StatusBar$H c=com.android.systemui.statusbar.phone.StatusBar$95$2), msg 24 took 72ms (seq=860656 running=8ms runnable=2ms late=582ms h=com.android.systemui.statusbar.phone.StatusBar$H c=com.android.systemui.statusbar.phone.StatusBar$95$2)
07-03 19:52:59.272  6842 16496 W BpBinder: Slow Binder: BpBinder transact took 349ms, interface=com.google.android.gms.backup.IBackupAccountManagerService, code=1 oneway=false
07-03 19:52:59.318  1958  2014 E BatteryExternalStatsWorker: no controller energy info supplied for bluetooth
07-03 19:52:59.437  6842  6859 W BpBinder: Slow Binder: BpBinder transact took 632ms, interface=android.accounts.IAccountManager, code=16 oneway=false
07-03 19:52:59.443 17291 18465 W BpBinder: Slow Binder: BpBinder transact took 782ms, interface=com.google.android.auth.IAuthManagerService, code=5 oneway=false
07-03 19:52:59.557  6842  6869 W BpBinder: Slow Binder: BpBinder transact took 322ms, interface=android.accounts.IAccountManager, code=21 oneway=false
07-03 19:52:59.634  6842  6862 W BpBinder: Slow Binder: BpBinder transact took 682ms, interface=android.accounts.IAccountManager, code=21 oneway=false
07-03 19:52:59.666  1958  2764 I UsbPortManager: ClientCallback V1_0: otg_default
07-03 19:52:59.680  6842 16498 W BpBinder: Slow Binder: BpBinder transact took 239ms, interface=android.accounts.IAccountManager, code=18 oneway=false
07-03 19:52:59.681  1958  2764 I UsbPortManager: ClientCallback V1_0: otg_default
07-03 19:52:59.731  1958  2011 I ActivityManager: Start proc 18566:com.miui.cloudservice/u0a126 for service {com.miui.cloudservice/com.miui.cloudservice.securitypush.SecurityContextManager} caller=com.xiaomi.finddevice
07-03 19:52:59.748  6108 18475 W BpBinder: Slow Binder: BpBinder transact took 525ms, interface=com.google.android.auth.IAuthManagerService, code=5 oneway=false
07-03 19:52:59.761  2181  2181 I miui_face: start face unlock
07-03 19:52:59.764  2181  2924 I miui_face: start verify time=3
07-03 19:52:59.904  1958  2014 E BatteryExternalStatsWorker: no controller energy info supplied for bluetooth
07-03 19:52:59.905  6842 16498 W BpBinder: Slow Binder: BpBinder transact took 224ms, interface=android.accounts.IAccountManager, code=21 oneway=false
07-03 19:52:59.954  6842 16438 W BpBinder: Slow Binder: BpBinder transact took 206ms, interface=android.accounts.IAccountManager, code=18 oneway=false
07-03 19:53:00.160  1958  2014 E BatteryExternalStatsWorker: no controller energy info supplied for bluetooth
07-03 19:53:00.270  2181  2181 E miui_face: start face unlock fail ,faceDetectTypeForCamera=1
07-03 19:53:00.783 18478 18478 W Looper  : Slow Looper main: Long Msg: seq=2 plan=19:52:58.527  late=0ms wall=2253ms running=213ms runnable=101ms io=1799ms h=android.app.ActivityThread$H w=110
07-03 19:53:00.791  1958  2014 E BatteryExternalStatsWorker: no controller energy info supplied for bluetooth
07-03 19:53:00.903  3855  9820 W MiuiPerfServiceClient: interceptAndQueuing:2181|com.android.systemui|1268|711|unknown|null|StatusBar|116346486350095|Slow main thread|3
07-03 19:53:00.903  3855  9820 W MiuiPerfServiceClient: interceptAndQueuing:2181|com.android.systemui|590|390|unknown|null|StatusBar|116347291604938|Slow main thread|13
07-03 19:53:00.918 18504 18504 W Looper  : Slow Looper main: Long Msg: seq=2 plan=19:52:58.700  late=0ms wall=2217ms running=178ms runnable=114ms io=1772ms h=android.app.ActivityThread$H w=110
07-03 19:53:01.306 18393 18393 W Looper  : Slow Looper main: Long Msg: seq=2 plan=19:52:59.401  late=4ms wall=1900ms running=100ms runnable=24ms io=1457ms h=android.app.ActivityThread$H w=110
07-03 19:53:01.311  1958  4806 W ProcessStats: Tracking association SourceState{cb38bc6 com.miui.gallery/10103 Top #502238} whose proc state 1 is better than process ProcessState{8cb3600 com.miui.securitycenter.remote/1000 pkg=com.miui.securitycenter} proc state 2 (190 skipped)
07-03 19:53:01.873  1958  2011 I ActivityManager: Start proc 18743:com.xiaomi.simactivate.service/u0a163 for service {com.xiaomi.simactivate.service/com.xiaomi.activate.ActivateService} caller=com.miui.cloudservice
07-03 19:53:01.889 18478 18657 W BpBinder: Slow Binder: BpBinder transact took 493ms, interface=android.content.IContentProvider, code=1 oneway=false
07-03 19:53:02.092 18566 18566 W Looper  : Slow Looper main: Long Msg: seq=2 plan=19:52:59.766  late=3ms wall=2323ms running=190ms runnable=66ms io=1542ms h=android.app.ActivityThread$H w=110
07-03 19:53:02.349 18566 18768 W BpBinder: Slow Binder: BpBinder transact took 272ms, interface=android.content.IContentProvider, code=1 oneway=false
07-03 19:53:02.412 18566 18731 W BpBinder: Slow Binder: BpBinder transact took 502ms, interface=android.content.IContentProvider, code=1 oneway=false
07-03 19:53:02.514  1958  2011 I ActivityManager: Start proc 18789:com.xiaomi.account/u0a112 for service {com.xiaomi.account/com.xiaomi.account.XiaomiAccountService} caller=com.miui.cloudservice
07-03 19:53:02.897  4027  4215 W BpBinder: Slow Binder: BpBinder transact took 2844ms, interface=android.hardware.camera2.ICameraDeviceUser, code=6 oneway=false
07-03 19:53:02.942  1958  2646 W BpBinder: Slow Binder: BpBinder transact took 341ms, interface=android.service.gatekeeper.IGateKeeperService, code=3 oneway=false
07-03 19:53:02.944  2181  2181 I miui_keyguard_password: password unlock duration 1467
07-03 19:53:02.962  1958  2202 W FingerprintService: Ignoring lockout reset, no templates enrolled
07-03 19:53:02.963  2181  2181 W miui_keyguard: unlock keyguard by pw
07-03 19:53:02.975  3855  4502 W MiuiPerfServiceClient: interceptAndQueuing:2181|com.android.systemui|298|298|unknown|null|StatusBar|116348984280771|Slow main thread|1
07-03 19:53:03.151  2181  2181 I miui_face: stop face unlock
07-03 19:53:03.157  2181  2924 I miui_face: authenCallback, onAuthenticationError code:2000 msg:
07-03 19:53:03.172 17291 17348 W BpBinder: Slow Binder: BpBinder transact took 222ms, interface=android.view.IWindowManager, code=33 oneway=false
07-03 19:53:03.192  1958  2646 I LockSettingsService: Unlocking user 0 with secret only, length 32
07-03 19:53:03.192  1958  2646 I LockSettingsService: Disabling escrow token on user 0
07-03 19:53:03.198  1958  2646 I LockSettingsService: Caching SP for user 0
07-03 19:53:03.200  1958  5270 I Timeline: Timeline: App_transition_ready time:116350406
07-03 19:53:03.200  2181 14804 W BpBinder: Slow Binder: BpBinder transact took 714ms, interface=com.android.internal.widget.ILockSettings, code=10 oneway=false
07-03 19:53:03.200  2181  3626 I KeyguardViewMediator: call fw keyguardGoingAway: flags = 8
07-03 19:53:03.201  1958  1958 I LockSettingsService: Removing SP from cache for user 0
07-03 19:53:03.202  1958  1997 I Timeline: Timeline: App_transition_ready time:116350408
07-03 19:53:03.208  1958  1997 I Timeline: Timeline: App_transition_ready time:116350414
07-03 19:53:03.209  1958  1997 I Timeline: Timeline: App_transition_ready time:116350416
07-03 19:53:03.221  1958  1997 I Timeline: Timeline: App_transition_ready time:116350427
07-03 19:53:03.295  2181  2181 I KeyguardViewMediator: handleStartKeyguardExitAnimation startTime=116350427 fadeoutDuration=150
07-03 19:53:03.313  1958  1996 W UsageStatsService: Event reported without a package name, eventType:18
07-03 19:53:03.329  1958  1996 I WindowManager: updateContrastOverlay, darkmode: true isContrastEnabled: true alpha: 0.0
07-03 19:53:03.331  1958  1993 I UsbDeviceManager: Setting USB config to mtp,adb
07-03 19:53:03.383  1958  1997 I Timeline: Timeline: App_transition_stopped time:116350589
07-03 19:53:03.423  4027  4215 W BpBinder: Slow Binder: BpBinder transact took 267ms, interface=android.hardware.camera2.ICameraDeviceUser, code=15 oneway=false
07-03 19:53:03.451  2181  2181 I miui_face: face unlock success time=3690
07-03 19:53:03.457  1958  2010 W BroadcastQueue: Background execution not allowed: receiving Intent { act=android.intent.action.USER_PRESENT flg=0x24200010 } to com.jio.myjio/com.jio.clickstream.tbn.PowerConnectionReceiver
07-03 19:53:03.457  1958  2010 W BroadcastQueue: Background execution not allowed: receiving Intent { act=android.intent.action.USER_PRESENT flg=0x24200010 } to com.android.chrome/org.chromium.chrome.browser.sharing.click_to_call.ClickToCallMessageHandler$PhoneUnlockedReceiver
07-03 19:53:03.457  1958  2010 W BroadcastQueue: Background execution not allowed: receiving Intent { act=android.intent.action.USER_PRESENT flg=0x24200010 } to com.google.android.gms/.auth.setup.devicesignals.LockScreenReceiver
07-03 19:53:03.457  1958  2010 W BroadcastQueue: Background execution not allowed: receiving Intent { act=android.intent.action.USER_PRESENT flg=0x24200010 } to com.google.android.gms/.chimera.GmsIntentOperationService$PersistentTrustedReceiver
07-03 19:53:03.457  1958  2010 W BroadcastQueue: Background execution not allowed: receiving Intent { act=android.intent.action.USER_PRESENT flg=0x24200010 } to info.kfsoft.force.rotation/.RestartReceiver
07-03 19:53:03.459 18478 18478 I Timeline: Timeline: Activity_launch_request time:116350666
07-03 19:53:03.461  1958  5256 I ActivityTaskManager: START u0 {flg=0x10000000 cmp=com.android.settings/.Settings$UsbDetailsActivity} from uid 1000
07-03 19:53:03.535  1958  3133 W AdbDebuggingManager: Read failed with count -1
07-03 19:53:03.536  1958  3133 E AdbDebuggingManager: Caught an exception opening the socket: java.io.IOException: Connection refused
07-03 19:53:03.639  1958  5256 W BoostFramework: Slow Operation: BoostFramework perfIOPrefetchStart took 23ms
07-03 19:53:03.938 18478 18478 W BpBinder: Slow Binder: BpBinder transact took 478ms, interface=android.app.IActivityTaskManager, code=1 oneway=false
07-03 19:53:03.990  2181  2181 W BpBinder: Slow Binder: BpBinder transact took 500ms, interface=android.view.IWindowSession, code=4 oneway=false
07-03 19:53:03.998  1958  1997 W Looper  : Slow Looper android.anim: doFrame is 348ms late because of 1 msg, msg 1 took350ms (seq=273085 runnable=1ms h=android.os.Handler c=com.android.server.wm.InputMonitor$1)
07-03 19:53:04.003 15119 15119 W BpBinder: Slow Binder: BpBinder transact took 463ms, interface=android.app.IActivityTaskManager, code=117 oneway=false
07-03 19:53:04.005 25666 18843 W BpBinder: Slow Binder: BpBinder transact took 290ms, interface=android.app.IActivityTaskManager, code=32 oneway=false
07-03 19:53:04.015 16992 16992 W BpBinder: Slow Binder: BpBinder transact took 522ms, interface=android.app.IActivityManager, code=24 oneway=false
07-03 19:53:04.016  6842 16496 W BpBinder: Slow Binder: BpBinder transact took 514ms, interface=android.app.IActivityManager, code=24 oneway=false
07-03 19:53:04.025 12116 12116 W BpBinder: Slow Binder: BpBinder transact took 362ms, interface=android.app.IActivityManager, code=27 oneway=false
07-03 19:53:04.025  6305 12236 W BpBinder: Slow Binder: BpBinder transact took 206ms, interface=android.app.IActivityManager, code=27 oneway=false
07-03 19:53:04.036 18478 18624 I Timeline: Timeline: Activity_launch_request time:116351242
07-03 19:53:04.037  1958  3853 I ActivityTaskManager: START u0 {flg=0x10000000 cmp=com.android.settings/.Settings$UsbDetailsActivity} from uid 1000
07-03 19:53:04.058 18789 18789 W BpBinder: Slow Binder: BpBinder transact took 330ms, interface=android.app.IActivityManager, code=21 oneway=false
07-03 19:53:04.062  1958  2011 I ActivityManager: Start proc 18845:com.google.android.gms.unstable/u0a185 for service {com.google.android.gms/com.google.android.gms.droidguard.DroidGuardService} caller=com.google.android.gms
07-03 19:53:04.062 18504 18635 W BpBinder: Slow Binder: BpBinder transact took 366ms, interface=android.app.job.IJobScheduler, code=1 oneway=false
07-03 19:53:04.063 28228 30140 W BpBinder: Slow Binder: BpBinder transact took 266ms, interface=android.app.job.IJobScheduler, code=1 oneway=false
07-03 19:53:04.065 17291 17385 W BpBinder: Slow Binder: BpBinder transact took 298ms, interface=android.app.job.IJobScheduler, code=1 oneway=false
07-03 19:53:04.077  1958  4522 I ActivityTaskManager: The Process com.android.settings Already Exists in BG. So sendingits PID: 18478
07-03 19:53:04.146  1958  1996 W ActivityTaskManager: Activity top resumed state loss timeout for ActivityRecord{b537356 u0 com.miui.gallery/.activity.AllPhotosActivity t1628}
07-03 19:53:04.228 15119 15119 W Activity: Slow Operation: Activity com.miui.gallery/.activity.AllPhotosActivity onStart took 922ms
07-03 19:53:04.297 18478 18657 W BpBinder: Slow Binder: BpBinder transact took 1701ms, interface=com.google.android.gms.measurement.internal.IMeasurementService, code=11 oneway=false
07-03 19:53:04.329  1958  4522 E NotificationService: Suppressing notification from package by user request.
07-03 19:53:04.358 15119 15119 W Activity: Slow Operation: Activity com.miui.gallery/.activity.AllPhotosActivity onResume took 123ms
07-03 19:53:04.400 15119 15119 W Looper  : Slow Looper main: Long Msg: seq=2563 plan=19:53:03.178  late=125ms wall=1097ms running=11ms runnable=5ms io=574ms h=android.app.ActivityThread$H w=159
07-03 19:53:04.436  1958  1996 W ActivityTaskManager: Activity pause timeout for ActivityRecord{b537356 u0 com.miui.gallery/.activity.AllPhotosActivity t1628}
07-03 19:53:04.437  1958  1996 I ActivityTaskManager: The Process com.android.settings Already Exists in BG. So sendingits PID: 18478
07-03 19:53:04.442  1958  1996 I Timeline: Timeline: App_transition_ready time:116351648
07-03 19:53:04.548  1958  1993 W Looper  : Slow Looper android.fg: Long Msg: seq=173023 plan=19:53:03.331  late=0ms wall=1217ms running=4ms runnable=10ms h=com.android.server.usb.UsbDeviceManager$UsbHandlerLegacy w=13
07-03 19:53:04.548  1958  1993 W Looper  : Slow dispatch took 1217ms android.fg h=com.android.server.usb.UsbDeviceManager$UsbHandlerLegacy c=null m=13
07-03 19:53:04.548  1958  1993 W Looper  : Slow delivery took 1140ms android.fg h=com.android.server.adb.AdbDebuggingManager$AdbDebuggingHandler c=null m=7
07-03 19:53:04.598 17541 17597 I Ad      : isPersonalizedAdEnabled getAdSettings: 3
07-03 19:53:04.601  1958  1993 W Looper  : Drained
07-03 19:53:04.627  6842  6842 W QueuedWork: Slow Operation: QueueWork waitToFinish took 201ms
07-03 19:53:04.677  6305  6350 W BpBinder: Slow Binder: BpBinder transact took 625ms, interface=com.google.android.gms.common.internal.IGmsServiceBroker, code=46 oneway=false
07-03 19:53:04.736 18789 18789 W Looper  : Slow Looper main: Long Msg: seq=2 plan=19:53:02.548  late=2ms wall=2184ms running=217ms runnable=55ms io=1007ms h=android.app.ActivityThread$H w=110
07-03 19:53:04.740 18789 18789 W Looper  : Slow Looper main: doFrame is 1010ms late because of 3 msg, msg 1 took 2184ms(seq=2 running=217ms runnable=55ms io=1007ms late=2ms h=android.app.ActivityThread$H w=110)
07-03 19:53:04.887 17291 17349 W BpBinder: Slow Binder: BpBinder transact took 305ms, interface=com.google.android.gms.common.internal.IGmsServiceBroker, code=46 oneway=false
07-03 19:53:04.929  4027  4215 W BpBinder: Slow Binder: BpBinder transact took 1507ms, interface=android.hardware.camera2.ICameraDeviceUser, code=1 oneway=false
07-03 19:53:04.934 15119 15119 W Looper  : Slow Looper main: doFrame is 1088ms late because of 1 msg, msg 1 took 1097ms(seq=2563 running=11ms runnable=5ms io=574ms late=125ms h=android.app.ActivityThread$H w=159)
07-03 19:53:04.936  1958  1997 I Timeline: Timeline: App_transition_ready time:116352142
07-03 19:53:04.937  1958  1997 I Timeline: Timeline: Activity_windows_visible id: ActivityRecord{b537356 u0 com.miui.gallery/.activity.AllPhotosActivity t1628} time:116352144
07-03 19:53:04.938  1958  1997 I Timeline: Timeline: App_transition_ready time:116352144
07-03 19:53:04.978  1958  1997 I Timeline: Timeline: App_transition_ready time:116352184
07-03 19:53:04.979 15119 15119 W Looper  : Slow Looper main: Activity com.miui.gallery/.activity.AllPhotosActivity is 1290ms late (wall=44ms running=0ms ClientTransaction{ callbacks=[android.app.servertransaction.TopResumedActivityChangeItem] }) because of 4 msg, msg 1 took 1097ms (seq=2563 running=11ms runnable=5ms io=574ms late=125ms h=android.app.ActivityThread$H w=159), msg 2 took 534ms (seq=2564 running=17ms runnable=25ms io=433ms late=1088ms h=android.view.Choreographer$FrameHandler c=android.view.Choreographer$FrameDisplayEventReceiver)
07-03 19:53:04.980  1958  1997 I Timeline: Timeline: App_transition_ready time:116352187
07-03 19:53:04.982 15119 15119 W ActivityThread: SCHED: com.miui.gallery/.activity.AllPhotosActivity [38, r=19ms, a=30ms, w=747ms]
07-03 19:53:04.987 15119 15119 W Looper  : Slow Looper main: Activity com.miui.gallery/.activity.AllPhotosActivity is 1044ms late (wall=7ms running=1ms ClientTransaction{ lifecycleRequest=android.app.servertransaction.PauseActivityItem }) because of 5 msg, msg 1 took 1097ms (seq=2563 running=11ms runnable=5ms io=574ms late=125ms h=android.app.ActivityThread$H w=159), msg 2 took 534ms (seq=2564 running=17ms runnable=25ms io=433ms late=1088ms h=android.view.Choreographer$FrameHandler c=android.view.Choreographer$FrameDisplayEventReceiver)
07-03 19:53:05.068  1958  1997 I Timeline: Timeline: App_transition_ready time:116352274
07-03 19:53:05.082  1958  1997 I Timeline: Timeline: App_transition_ready time:116352288
07-03 19:53:05.339  6305  9912 W BpBinder: Slow Binder: BpBinder transact took 233ms, interface=com.google.android.auth.IAuthManagerService, code=5 oneway=false
07-03 19:53:05.389  1958  1958 W Looper  : Slow Looper main: Long Msg: seq=395686 plan=19:53:03.455  late=4ms wall=1930ms running=46ms runnable=24ms io=1734ms h=android.app.ActivityThread$H c=android.app.-$$Lambda$LoadedApk$ReceiverDispatcher$Args$_BumDX2UKsnxLVrE6UJsJZkotuA
07-03 19:53:05.389  1958  1958 W Looper  : Slow dispatch took 1930ms main h=android.app.ActivityThread$H c=android.app.-$$Lambda$LoadedApk$ReceiverDispatcher$Args$_BumDX2UKsnxLVrE6UJsJZkotuA@9c09388 m=0
07-03 19:53:05.389  1958  1958 W Looper  : Slow delivery took 1934ms main h=android.app.ActivityThread$H c=android.app.-$$Lambda$LoadedApk$ReceiverDispatcher$Args$_BumDX2UKsnxLVrE6UJsJZkotuA@7227121 m=0
07-03 19:53:05.390  2181  2181 W BpBinder: Slow Binder: BpBinder transact took 1391ms, interface=android.view.accessibility.IAccessibilityManager, code=7 oneway=false
07-03 19:53:05.390 18478 18478 W BpBinder: Slow Binder: BpBinder transact took 284ms, interface=android.view.accessibility.IAccessibilityManager, code=3 oneway=false
07-03 19:53:05.391  1958  4522 I Timeline: Timeline: App_transition_ready time:116352598
07-03 19:53:05.392  2181  2181 W Looper  : Slow Looper main: Long Msg: seq=861031 plan=19:53:03.298  late=701ms wall=1393ms running=1ms h=android.view.ViewRootImpl$ViewRootHandler w=3
07-03 19:53:05.413  1958  1996 I Timeline: Timeline: App_transition_ready time:116352619
07-03 19:53:05.415  1958  1996 I Timeline: Timeline: App_transition_ready time:116352622
07-03 19:53:05.433  1958  1958 W Looper  : Drained
07-03 19:53:05.543  1958  2202 I Timeline: Timeline: App_transition_ready time:116352749
07-03 19:53:05.550  1958  4806 I Timeline: Timeline: App_transition_ready time:116352756
07-03 19:53:05.558  2181  2181 W Looper  : Slow Looper main: doFrame is 2076ms late because of 23 msg, msg 1 took 547ms(seq=861030 running=4ms io=34ms late=156ms h=android.view.Choreographer$FrameHandler c=android.view.Choreographer$FrameDisplayEventReceiver), msg 2 took 1393ms (seq=861031 running=1ms late=701ms h=android.view.ViewRootImpl$ViewRootHandler w=3), msg 15 took 68ms (seq=861044 running=1ms runnable=1ms io=63ms late=2019ms h=android.view.ViewRootImpl$ViewRootHandler c=com.android.systemui.miui.statusbar.phone.MiuiStatusBarPromptController$1)
07-03 19:53:05.571  1958  2014 E BatteryExternalStatsWorker: no controller energy info supplied for bluetooth
07-03 19:53:05.732 18478 18478 W Activity: Slow Operation: Activity com.android.settings/.Settings$UsbDetailsActivity onCreate took 1164ms
07-03 19:53:05.734  1958  4806 I Timeline: Timeline: App_transition_ready time:116352941
07-03 19:53:05.736  1958  4806 I Timeline: Timeline: App_transition_ready time:116352942
07-03 19:53:05.771 18478 18478 W Looper  : Slow Looper main: Long Msg: seq=16 plan=19:53:04.440  late=0ms wall=1331ms running=95ms runnable=25ms io=832ms h=android.app.ActivityThread$H w=159
07-03 19:53:05.772 18478 18478 W Looper  : Slow Looper main: Activity com.android.settings/.Settings$UsbDetailsActivityis 1332ms late (wall=0ms running=0ms ClientTransaction{ callbacks=[android.app.servertransaction.TopResumedActivityChangeItem] }) because of 1 msg, msg 1 took 1331ms (seq=16 running=95ms runnable=25ms io=832ms h=android.app.ActivityThread$H w=159)
07-03 19:53:05.774 18478 18478 W Looper  : Slow Looper main: Activity com.android.settings/.Settings$UsbDetailsActivityis 360ms late (wall=1ms running=1ms ClientTransaction{ callbacks=[android.app.servertransaction.TopResumedActivityChangeItem] }) because of 3 msg, msg 1 took 1331ms (seq=16 running=95ms runnable=25ms io=832ms h=android.app.ActivityThread$Hw=159)
07-03 19:53:05.774 18478 18478 W ActivityThread: SCHED: com.android.settings/.Settings$UsbDetailsActivity [71, r=5ms, a=2ms, w=20ms]
07-03 19:53:05.793  2181 14804 W BpBinder: Slow Binder: BpBinder transact took 232ms, interface=android.content.IContentProvider, code=21 oneway=false
07-03 19:53:05.833 18478 18478 W Activity: Slow Operation: Activity com.android.settings/.Settings$UsbDetailsActivity onPause took 60ms
07-03 19:53:05.839  1958  4522 I Timeline: Timeline: App_transition_ready time:116353045
07-03 19:53:05.839  1958  4522 I Timeline: Timeline: App_transition_stopped time:116353045
07-03 19:53:05.845 18478 18478 W Looper  : Slow Looper main: Activity com.android.settings/.Settings$UsbDetailsActivityis 357ms late (wall=71ms running=2ms ClientTransaction{ lifecycleRequest=android.app.servertransaction.PauseActivityItem }) because of 4 msg, msg 1 took 1331ms (seq=16 running=95ms runnable=25ms io=832ms h=android.app.ActivityThread$H w=159)
07-03 19:53:05.919  3855  4502 W MiuiPerfServiceClient: interceptAndQueuing:2181|com.android.systemui|2451|1548|unknown|null|StatusBar|116352954352540|Slow main thread|5
07-03 19:53:05.964  1958  4806 W BaseMiuiPhoneWindowManager: keyCode:3 down:true eventTime:116353152 downTime:116353152policyFlags:2b000002 flags:48 deviceId:-1 isScreenOn:true keyguardActive:false repeatCount:0
07-03 19:53:06.005 15119 18932 W BpBinder: Slow Binder: BpBinder transact took 230ms, interface=android.content.IContentProvider, code=1 oneway=false
