07-03 19:53:54.488  1958  2022 I PackageManager: Un-granting permission android.permission.REQUEST_INSTALL_PACKAGES from package com.opera.browser (protectionLevel=66 flags=0xa4c9be44)
07-03 19:53:54.488  1958  2022 I PackageManager: Un-granting permission android.permission.INTERACT_ACROSS_USERS from package com.google.android.syncadapters.contacts (protectionLevel=50 flags=0x20883e45)
07-03 19:53:54.489  1958  2022 I PackageManager: Un-granting permission android.permission.REQUEST_INSTALL_PACKAGES from package com.android.chrome (protectionLevel=66 flags=0xa0cbbec5)
07-03 19:53:54.489  1958  2022 I PackageManager: Un-granting permission android.permission.SYSTEM_ALERT_WINDOW from package com.teamsmart.videomanager.tv (protectionLevel=1250 flags=0x38d83e44)
07-03 19:53:54.489  1958  2022 I PackageManager: Un-granting permission android.permission.READ_PRIVILEGED_PHONE_STATE from package com.teamsmart.videomanager.tv (protectionLevel=18 flags=0x38d83e44)
07-03 19:53:54.489  1958  2022 I PackageManager: Un-granting permission android.permission.REQUEST_INSTALL_PACKAGES from package com.teamsmart.videomanager.tv (protectionLevel=66 flags=0x38d83e44)
07-03 19:53:54.489  1958  2022 I PackageManager: Un-granting permission android.permission.WRITE_EMBEDDED_SUBSCRIPTIONSfrom package com.google.android.gms (protectionLevel=50 flags=0xa0cabec5)
07-03 19:53:54.489  1958  2022 I PackageManager: Un-granting permission android.permission.CAPTURE_VIDEO_OUTPUT from package com.google.android.gms (protectionLevel=2 flags=0xa0cabec5)
07-03 19:53:54.489  1958  2022 I PackageManager: Un-granting permission android.permission.FORCE_STOP_PACKAGES from package com.google.android.gms (protectionLevel=18 flags=0xa0cabec5)
07-03 19:53:54.490  1958  2022 I PackageManager: Un-granting permission android.permission.MODIFY_DEFAULT_AUDIO_EFFECTSfrom package com.google.android.gms (protectionLevel=18 flags=0xa0cabec5)
07-03 19:53:54.490  1958  2022 I PackageManager: Un-granting permission android.permission.MANAGE_DEVICE_ADMINS from package com.google.android.gms (protectionLevel=2 flags=0xa0cabec5)
07-03 19:53:54.490  1958  2022 I PackageManager: Un-granting permission android.permission.MANAGE_ACTIVITY_STACKS from package com.google.android.gms (protectionLevel=2 flags=0xa0cabec5)
07-03 19:53:54.490  1958  2022 I PackageManager: Un-granting permission android.permission.CAPTURE_SECURE_VIDEO_OUTPUT from package com.google.android.gms (protectionLevel=2 flags=0xa0cabec5)
07-03 19:53:54.490  1958  2022 I PackageManager: Un-granting permission android.permission.MANAGE_ROLLBACKS from package com.google.android.gms (protectionLevel=514 flags=0xa0cabec5)
07-03 19:53:54.490  1958  2022 I PackageManager: Un-granting permission android.permission.MEDIA_CONTENT_CONTROL from package com.google.android.gms (protectionLevel=18 flags=0xa0cabec5)
07-03 19:53:54.490  1958  2022 I PackageManager: Un-granting permission android.permission.HIDE_NON_SYSTEM_OVERLAY_WINDOWS from package com.google.android.gms (protectionLevel=258 flags=0xa0cabec5)
07-03 19:53:54.490  1958  2022 I PackageManager: Un-granting permission android.permission.UPDATE_APP_OPS_STATS from package com.google.android.tts (protectionLevel=274 flags=0x34cbbec5)
07-03 19:53:54.490  1958  2022 I PackageManager: Un-granting permission android.permission.START_ACTIVITIES_FROM_BACKGROUND from package com.google.android.tts (protectionLevel=49682 flags=0x34cbbec5)
07-03 19:53:54.491  1958  2022 I PackageManager: Un-granting permission android.permission.CHANGE_DEVICE_IDLE_TEMP_WHITELIST from package app.revanced.android.gms (protectionLevel=18 flags=0xb088be44)
07-03 19:53:54.491  1958  2022 I PackageManager: Un-granting permission android.permission.UPDATE_APP_OPS_STATS from package app.revanced.android.gms (protectionLevel=274 flags=0xb088be44)
07-03 19:53:54.491  1958  2022 I PackageManager: Un-granting permission android.permission.LOCATION_HARDWARE from package app.revanced.android.gms (protectionLevel=18 flags=0xb088be44)
07-03 19:53:54.491  1958  2022 I PackageManager: Un-granting permission android.permission.INSTALL_LOCATION_PROVIDER from package app.revanced.android.gms (protectionLevel=18 flags=0xb088be44)
07-03 19:53:54.491  1958  2022 I PackageManager: Un-granting permission android.permission.NETWORK_SCAN from package app.revanced.android.gms (protectionLevel=18 flags=0xb088be44)
07-03 19:53:54.491  1958  2022 I PackageManager: Un-granting permission android.permission.MODIFY_PHONE_STATE from package app.revanced.android.gms (protectionLevel=18 flags=0xb088be44)
07-03 19:53:54.491  1958  2022 I PackageManager: Un-granting permission android.permission.SYSTEM_ALERT_WINDOW from package app.revanced.android.gms (protectionLevel=1250 flags=0xb088be44)
07-03 19:53:54.491  1958  2022 I PackageManager: Un-granting permission android.permission.MANAGE_USB from package app.revanced.android.gms (protectionLevel=18 flags=0xb088be44)
07-03 19:53:54.491  1958  2022 I PackageManager: Un-granting permission android.permission.START_ACTIVITIES_FROM_BACKGROUND from package app.revanced.android.gms (protectionLevel=49682 flags=0xb088be44)
07-03 19:53:54.491  1958  2022 I PackageManager: Un-granting permission android.permission.UPDATE_DEVICE_STATS from package app.revanced.android.gms (protectionLevel=18 flags=0xb088be44)
07-03 19:53:54.491  1958  2022 I PackageManager: Un-granting permission android.permission.WATCH_APPOPS from package app.revanced.android.gms (protectionLevel=18 flags=0xb088be44)
07-03 19:53:54.492  1958  2022 I PackageManager: Un-granting permission android.permission.SYSTEM_ALERT_WINDOW from package com.gmail.heagoo.apkeditor.pro (protectionLevel=1250 flags=0x3898be44)
07-03 19:53:54.492  1958  2022 I PackageManager: Un-granting permission android.permission.PACKAGE_USAGE_STATS from package com.gmail.heagoo.apkeditor.pro (protectionLevel=114 flags=0x3898be44)
07-03 19:53:54.492  1958  2022 I PackageManager: Un-granting permission android.permission.REQUEST_INSTALL_PACKAGES from package com.gmail.heagoo.apkeditor.pro (protectionLevel=66 flags=0x3898be44)
07-03 19:53:54.493  1958  2022 I PackageManager: Un-granting permission android.permission.WRITE_SETTINGS from package com.jio.myjio (protectionLevel=1218 flags=0x38d83e44)
07-03 19:53:54.493  1958  2022 I PackageManager: Un-granting permission android.permission.INTERACT_ACROSS_USERS from package com.jio.myjio (protectionLevel=50 flags=0x38d83e44)
07-03 19:53:54.493  1958  2022 I PackageManager: Un-granting permission android.permission.READ_PRIVILEGED_PHONE_STATE from package com.jio.myjio (protectionLevel=18 flags=0x38d83e44)
07-03 19:53:54.493  1958  2022 I PackageManager: Un-granting permission android.permission.CAPTURE_VIDEO_OUTPUT from package com.jio.myjio (protectionLevel=2 flags=0x38d83e44)
07-03 19:53:54.493  1958  2022 I PackageManager: Un-granting permission android.permission.BROADCAST_SMS from package com.jio.myjio (protectionLevel=2 flags=0x38d83e44)
07-03 19:53:54.494  1958  2022 I PackageManager: Un-granting permission android.permission.SYSTEM_ALERT_WINDOW from package com.google.android.apps.photos (protectionLevel=1250 flags=0x38dbbe44)
07-03 19:53:54.494  1958  2022 I PackageManager: Un-granting permission android.permission.WRITE_SETTINGS from package com.google.android.apps.photos (protectionLevel=1218 flags=0x38dbbe44)
07-03 19:53:54.494  1958  2022 I PackageManager: Un-granting permission android.permission.WRITE_MEDIA_STORAGE from package com.google.android.apps.photos (protectionLevel=18 flags=0x38dbbe44)
07-03 19:53:54.495  1958  2022 I PackageManager: Un-granting permission android.permission.SYSTEM_ALERT_WINDOW from package com.wondershare.filmorago (protectionLevel=1250 flags=0x38d83e44)
07-03 19:53:54.495  1958  2022 I PackageManager: Un-granting permission com.android.launcher.permission.READ_SETTINGS from package com.wondershare.filmorago (protectionLevel=18 flags=0x38d83e44)
07-03 19:53:54.495  1958  2022 I PackageManager: Un-granting permission com.android.launcher.permission.WRITE_SETTINGS from package com.wondershare.filmorago (protectionLevel=18 flags=0x38d83e44)
07-03 19:53:54.495  1958  2022 I PackageManager: Un-granting permission android.permission.SYSTEM_ALERT_WINDOW from package com.dv.adm (protectionLevel=1250 flags=0x2888be44)
07-03 19:53:54.495  1958  2022 I PackageManager: Un-granting permission android.permission.WRITE_SETTINGS from package com.valvesoftware.android.steam.community (protectionLevel=1218 flags=0x20883e44)
07-03 19:53:54.495  1958  2022 I PackageManager: Un-granting permission android.permission.REQUEST_INSTALL_PACKAGES from package com.yablio.sendfilestotv (protectionLevel=66 flags=0x30c8be44)
07-03 19:53:54.496  1958  2022 I PackageManager: Un-granting permission android.permission.REQUEST_INSTALL_PACKAGES from package org.mozilla.firefox (protectionLevel=66 flags=0x38c83e44)
07-03 19:53:54.496  1958  2022 I PackageManager: Un-granting permission android.permission.SYSTEM_ALERT_WINDOW from package com.google.android.apps.translate (protectionLevel=1250 flags=0x34c9be44)
07-03 19:53:54.497  1958  2022 I PackageManager: Un-granting permission miui.permission.EXTRA_NETWORK from package com.miui.weather2 (protectionLevel=18 flags=0x30c9bec5)
07-03 19:53:54.498  1958  2022 I PackageManager: Un-granting permission com.miui.securitycenter.permission.SYSTEM_PERMISSION_DECLARE from package com.miui.weather2 (protectionLevel=18 flags=0x30c9bec5)
07-03 19:53:54.498  1958  2022 I PackageManager: Un-granting permission com.miui.bugreport.permission.DUMP_CACHED_LOG from package com.miui.weather2 (protectionLevel=2 flags=0x30c9bec5)
07-03 19:53:54.498  1958  2022 I PackageManager: Un-granting permission com.google.android.finsky.permission.GEARHEAD_SERVICE from package com.google.android.projection.gearhead (protectionLevel=18 flags=0x2888bec5)
07-03 19:53:54.498  1958  2022 I PackageManager: Un-granting permission android.permission.CHANGE_COMPONENT_ENABLED_STATE from package com.google.android.projection.gearhead (protectionLevel=18 flags=0x2888bec5)
07-03 19:53:54.498  1958  2022 I PackageManager: Un-granting permission android.permission.UPDATE_APP_OPS_STATS from package com.google.android.projection.gearhead (protectionLevel=274 flags=0x2888bec5)
07-03 19:53:54.498  1958  2022 I PackageManager: Un-granting permission android.permission.POWER_SAVER from package com.google.android.projection.gearhead (protectionLevel=18 flags=0x2888bec5)
07-03 19:53:54.498  1958  2022 I PackageManager: Un-granting permission android.permission.TETHER_PRIVILEGED from package com.google.android.projection.gearhead (protectionLevel=18 flags=0x2888bec5)
07-03 19:53:54.498  1958  2022 I PackageManager: Un-granting permission android.permission.INTERACT_ACROSS_PROFILES from package com.google.android.projection.gearhead (protectionLevel=18 flags=0x2888bec5)
07-03 19:53:54.498  1958  2022 I PackageManager: Un-granting permission android.permission.CAPTURE_SECURE_VIDEO_OUTPUT from package com.google.android.projection.gearhead (protectionLevel=2 flags=0x2888bec5)
07-03 19:53:54.498  1958  2022 I PackageManager: Un-granting permission android.permission.MANAGE_DOCUMENTS from package cn.xender (protectionLevel=262146 flags=0x30d83e44)
07-03 19:53:54.498  1958  2022 I PackageManager: Un-granting permission android.permission.MOUNT_UNMOUNT_FILESYSTEMS from package cn.xender (protectionLevel=18 flags=0x30d83e44)
07-03 19:53:54.498  1958  2022 I PackageManager: Un-granting permission android.permission.NETWORK_STACK from package cn.xender (protectionLevel=2 flags=0x30d83e44)
07-03 19:53:54.498  1958  2022 I PackageManager: Un-granting permission android.permission.SYSTEM_ALERT_WINDOW from package cn.xender (protectionLevel=1250 flags=0x30d83e44)
07-03 19:53:54.498  1958  2022 I PackageManager: Un-granting permission android.permission.WRITE_SETTINGS from package cn.xender (protectionLevel=1218 flags=0x30d83e44)
07-03 19:53:54.499  1958  2022 I PackageManager: Un-granting permission android.permission.CHANGE_CONFIGURATION from package cn.xender (protectionLevel=50 flags=0x30d83e44)
07-03 19:53:54.499  1958  2022 I PackageManager: Un-granting permission android.permission.REQUEST_INSTALL_PACKAGES from package cn.xender (protectionLevel=66 flags=0x30d83e44)
07-03 19:53:54.499  1958  2022 I PackageManager: Un-granting permission com.android.launcher.permission.READ_SETTINGS from package cn.xender (protectionLevel=18 flags=0x30d83e44)
07-03 19:53:54.499  1958  2022 I PackageManager: Un-granting permission com.android.launcher.permission.WRITE_SETTINGS from package cn.xender (protectionLevel=18 flags=0x30d83e44)
07-03 19:53:54.499  1958  2022 I PackageManager: Un-granting permission com.google.android.googleapps.permission.GOOGLE_AUTH.mail from package com.xiaomi.calendar (protectionLevel=2 flags=0x38c9bec5)
07-03 19:53:54.501  1958  2022 I PackageManager: Un-granting permission android.permission.SYSTEM_ALERT_WINDOW from package com.iprototypes.volume (protectionLevel=1250 flags=0x3088be44)
07-03 19:53:54.501  1958  2022 I PackageManager: Un-granting permission android.permission.REQUEST_INSTALL_PACKAGES from package com.wondershare.drfone.link (protectionLevel=66 flags=0x30c8be44)
07-03 19:53:54.501  1958  2022 I PackageManager: Un-granting permission android.permission.ACCESS_MOCK_LOCATION from package com.wondershare.drfone.link (protectionLevel=2 flags=0x30c8be44)
07-03 19:53:54.501  1958  2022 I PackageManager: Un-granting permission android.permission.WRITE_SETTINGS from package com.wondershare.drfone.link (protectionLevel=1218 flags=0x30c8be44)
07-03 19:53:54.501  1958  2022 I PackageManager: Un-granting permission android.permission.DEVICE_POWER from package com.wondershare.drfone.link (protectionLevel=2 flags=0x30c8be44)
07-03 19:53:54.501  1958  2022 I PackageManager: Un-granting permission android.permission.MOUNT_UNMOUNT_FILESYSTEMS from package com.wondershare.drfone.link (protectionLevel=18 flags=0x30c8be44)
07-03 19:53:54.501  1958  2022 I PackageManager: Un-granting permission android.permission.INSTALL_PACKAGES from package com.wondershare.drfone.link (protectionLevel=18 flags=0x30c8be44)
07-03 19:53:54.501  1958  2022 I PackageManager: Un-granting permission android.permission.DELETE_PACKAGES from packagecom.wondershare.drfone.link (protectionLevel=18 flags=0x30c8be44)
07-03 19:53:54.501  1958  2022 I PackageManager: Un-granting permission android.permission.CLEAR_APP_CACHE from packagecom.wondershare.drfone.link (protectionLevel=18 flags=0x30c8be44)
07-03 19:53:54.501  1958  2022 I PackageManager: Un-granting permission com.android.launcher.permission.READ_SETTINGS from package com.wondershare.drfone.link (protectionLevel=18 flags=0x30c8be44)
07-03 19:53:54.501  1958  2022 I PackageManager: Un-granting permission android.permission.UPDATE_DEVICE_STATS from package com.wondershare.drfone.link (protectionLevel=18 flags=0x30c8be44)
07-03 19:53:54.501  1958  2022 I PackageManager: Un-granting permission android.permission.MODIFY_PHONE_STATE from package com.wondershare.drfone.link (protectionLevel=18 flags=0x30c8be44)
07-03 19:53:54.503  1958  2022 I PackageManager: Un-granting permission android.permission.SYSTEM_ALERT_WINDOW from package info.kfsoft.force.rotation (protectionLevel=1250 flags=0x20883e44)
07-03 19:53:54.503  1958  2022 I PackageManager: Un-granting permission android.permission.PACKAGE_USAGE_STATS from package info.kfsoft.force.rotation (protectionLevel=114 flags=0x20883e44)
07-03 19:53:54.503  1958  2022 I PackageManager: Un-granting permission com.xiaomi.permission.CLOUD_MANAGER from package com.mipay.wallet.in (protectionLevel=18 flags=0x38c83e45)
07-03 19:53:54.503  1958  2022 I PackageManager: Un-granting permission android.permission.REQUEST_INSTALL_PACKAGES from package com.mipay.wallet.in (protectionLevel=66 flags=0x38c83e45)
07-03 19:53:54.504  1958  2022 I PackageManager: Un-granting permission android.permission.READ_PRIVILEGED_PHONE_STATE from package com.miui.core (protectionLevel=18 flags=0x28883e05)
07-03 19:53:54.504  1958  2022 I PackageManager: Un-granting permission android.permission.INTERACT_ACROSS_PROFILES from package com.google.android.inputmethod.latin (protectionLevel=18 flags=0x20cabec5)
07-03 19:53:54.653  1958  2022 W FileUtils: Slow Operation: fsync took 116ms
07-03 19:53:57.762  1958  2011 I ActivityManager: Start proc 20748:com.whatsapp/u0a762 for service {com.whatsapp/androidx.work.impl.background.systemjob.SystemJobService} caller=android
07-03 19:53:58.429  1958  2011 I ActivityManager: Start proc 20787:com.android.smspush/u0a155 for service {com.android.smspush/com.android.smspush.WapPushManager} caller=com.android.phone
07-03 19:53:59.662  1958  5236 I ActivityManager: Killing 19342:com.miui.phrase/u0a150 (adj 935): empty #17
07-03 19:53:59.897  1958  2066 W BluetoothManagerService: bindBluetoothProfileService:Trying to bind to profile: 1, while Bluetooth is disabled
07-03 19:54:00.199  1958  2011 I ActivityManager: Start proc 20868:com.facebook.services/u0a100 for service {com.facebook.services/com.facebook.oxygen.services.fbns.PreloadedFbnsService} caller=com.whatsapp
07-03 19:54:01.258  1958  2022 W BpBinder: Slow Binder: BpBinder transact took 6557ms, interface=android.os.IInstalld, code=14 oneway=false
07-03 19:54:01.260  1958  2022 W Looper  : Slow Looper PackageManager: Long Msg: seq=2275 plan=19:53:54.269  late=0ms wall=6991ms running=177ms runnable=5ms io=222ms h=com.android.server.pm.PackageManagerService$PackageHandler c=com.android.server.pm.-$$Lambda$PackageManagerService$6_Yp7BSB4TgtrWSoFlODKgHIvZY
07-03 19:54:01.261  1958  2022 I InstallationStatistic: com.BHG.gurbani|null|9261|502|48|1662|0|6561
07-03 19:54:01.261  1958  2022 W PackageManager: Cannot whitelist unknown permission: android.permission.ACCESS_ADSERVICES_ATTRIBUTION
07-03 19:54:01.261  1958  2022 W PackageManager: Cannot whitelist unknown permission: android.permission.ACCESS_ADSERVICES_AD_ID
07-03 19:54:01.310  1958  2022 I ActivityManager: Force stopping com.BHG.gurbani appid=10776 user=0: pkg removed
07-03 19:54:01.310  1958  2022 I AutoStartManagerService: MIUILOG- Reject RestartService packageName :com.BHG.gurbani uid : 10776
07-03 19:54:01.311 20617 20623 W BpBinder: Slow Binder: BpBinder transact took 9918ms, interface=android.content.pm.IPackageManager, code=1598246212 oneway=false
07-03 19:54:01.328  1958  2010 W BroadcastQueue: Background execution not allowed: receiving Intent { act=android.intent.action.PACKAGE_REMOVED dat=package:com.BHG.gurbani flg=0x4000010 (has extras) } to com.lbe.security.miui/com.lbe.security.service.BootReceiver
07-03 19:54:01.339  1958  2132 I MiuiCompatModePackages: package com.BHG.gurbani updated, removing config
07-03 19:54:01.343  1958  5090 W LocationProviderProxy: Odd, no component found for service com.android.location.service.v3.NetworkLocationProvider
07-03 19:54:01.352  1958  2010 W BroadcastQueue: Background execution not allowed: receiving Intent { act=android.intent.action.PACKAGE_REMOVED dat=package:com.BHG.gurbani flg=0x4000010 (has extras) } to com.android.settings/.search.provider.UpdateReceiver
07-03 19:54:01.387  1958  2010 W BroadcastQueue: Background execution not allowed: receiving Intent { act=android.intent.action.PACKAGE_REMOVED dat=package:com.BHG.gurbani flg=0x4000010 (has extras) } to com.android.vending/com.google.android.finsky.packagemonitor.impl.PackageMonitorReceiverImpl$RegisteredReceiver
07-03 19:54:01.401  1958  2010 W BroadcastQueue: Background execution not allowed: receiving Intent { act=android.intent.action.PACKAGE_REMOVED dat=package:com.BHG.gurbani flg=0x4000010 (has extras) } to com.android.vending/com.google.android.finsky.packagemonitor.backgroundimpl.BackgroundPackageMonitorReceiverImpl$RegisteredReceiver
07-03 19:54:01.402  1958  2010 W BroadcastQueue: Background execution not allowed: receiving Intent { act=android.intent.action.PACKAGE_REMOVED dat=package:com.BHG.gurbani flg=0x4000010 (has extras) } to com.android.vending/com.google.android.finsky.instantapps.appmanagement.InstantAppRemoveMonitor
07-03 19:54:01.402  1958  2010 W BroadcastQueue: Background execution not allowed: receiving Intent { act=android.intent.action.PACKAGE_REMOVED dat=package:com.BHG.gurbani flg=0x4000010 (has extras) } to com.google.android.apps.maps/com.google.android.libraries.social.peoplekit.thirdparty.viewcontrollers.ThirdPartyReceiver
07-03 19:54:01.420  1958  2010 W BroadcastQueue: Background execution not allowed: receiving Intent { act=android.intent.action.PACKAGE_REMOVED dat=package:com.BHG.gurbani flg=0x4000010 (has extras) } to com.google.android.gms/.chimera.GmsIntentOperationService$PersistentTrustedReceiver
07-03 19:54:01.422  1958  2010 W BroadcastQueue: Background execution not allowed: receiving Intent { act=android.intent.action.PACKAGE_REMOVED dat=package:com.BHG.gurbani flg=0x4000010 (has extras) } to com.google.android.gms/.games.chimera.GamesSystemBroadcastReceiverProxy
07-03 19:54:01.426  1958  2010 W BroadcastQueue: Background execution not allowed: receiving Intent { act=android.intent.action.PACKAGE_REMOVED dat=package:com.BHG.gurbani flg=0x4000010 (has extras) } to com.miui.audioeffect/com.android.musicfx.Compatibility$Receiver
07-03 19:54:01.427  1958  2010 W BroadcastQueue: Background execution not allowed: receiving Intent { act=android.intent.action.PACKAGE_REMOVED dat=package:com.BHG.gurbani flg=0x4000010 (has extras) } to com.xiaomi.discover/com.xiaomi.market.data.MyPackageMonitor
07-03 19:54:01.430  1958  2010 W BroadcastQueue: Background execution not allowed: receiving Intent { act=android.intent.action.PACKAGE_REMOVED dat=package:com.BHG.gurbani flg=0x4000010 (has extras) } to com.xiaomi.mipicks/com.xiaomi.market.data.MyPackageMonitor
07-03 19:54:01.434  1958  2010 W BroadcastQueue: Background execution not allowed: receiving Intent { act=android.intent.action.PACKAGE_REMOVED dat=package:com.BHG.gurbani flg=0x4000010 (has extras) } to com.xiaomi.misettings/.usagestats.AppTimerReceiver
07-03 19:54:01.436  1958  2010 W BroadcastQueue: Background execution not allowed: receiving Intent { act=android.intent.action.PACKAGE_REMOVED dat=package:com.BHG.gurbani flg=0x4000010 (has extras) } to app.revanced.android.gms/org.microg.gms.gcm.UnregisterReceiver
07-03 19:54:01.437  1958  2010 W BroadcastQueue: Background execution not allowed: receiving Intent { act=android.intent.action.PACKAGE_REMOVED dat=package:com.BHG.gurbani flg=0x4000010 (has extras) } to com.google.android.apps.photos/com.google.android.libraries.social.peoplekit.thirdparty.viewcontrollers.ThirdPartyReceiver
07-03 19:54:01.437  1958  2010 W BroadcastQueue: Background execution not allowed: receiving Intent { act=android.intent.action.PACKAGE_REMOVED dat=package:com.BHG.gurbani flg=0x4000010 (has extras) } to com.jio.myjio/com.inn.passivesdk.receiver.PackageReceiver
07-03 19:54:01.437  1958  2010 W BroadcastQueue: Background execution not allowed: receiving Intent { act=android.intent.action.PACKAGE_ADDED dat=package:com.BHG.gurbani flg=0x4000010 (has extras) } to com.lbe.security.miui/com.lbe.security.service.BootReceiver
07-03 19:54:01.438  1958  2010 W BroadcastQueue: Background execution not allowed: receiving Intent { act=android.intent.action.PACKAGE_ADDED dat=package:com.BHG.gurbani flg=0x4000010 (has extras) } to com.msf.kbank.mobile/com.cv.sdk.receiver.EventReceiver
07-03 19:54:01.439  1958  2010 W BroadcastQueue: Background execution not allowed: receiving Intent { act=android.intent.action.PACKAGE_ADDED dat=package:com.BHG.gurbani flg=0x4000010 (has extras) } to com.google.android.packageinstaller/com.android.packageinstaller.PackageInstalledReceiver
07-03 19:54:01.439  1958  2010 W BroadcastQueue: Background execution not allowed: receiving Intent { act=android.intent.action.PACKAGE_ADDED dat=package:com.BHG.gurbani flg=0x4000010 (has extras) } to com.android.settings/.search.provider.UpdateReceiver
07-03 19:54:01.440  1958  2010 W BroadcastQueue: Background execution not allowed: receiving Intent { act=android.intent.action.PACKAGE_ADDED dat=package:com.BHG.gurbani flg=0x4000010 (has extras) } to com.android.vending/com.google.android.finsky.packagemonitor.impl.PackageMonitorReceiverImpl$RegisteredReceiver
07-03 19:54:01.440  1958  2010 W BroadcastQueue: Background execution not allowed: receiving Intent { act=android.intent.action.PACKAGE_ADDED dat=package:com.BHG.gurbani flg=0x4000010 (has extras) } to com.android.vending/com.google.android.finsky.packagemonitor.backgroundimpl.BackgroundPackageMonitorReceiverImpl$RegisteredReceiver
07-03 19:54:01.440  1958  2010 W BroadcastQueue: Background execution not allowed: receiving Intent { act=android.intent.action.PACKAGE_ADDED dat=package:com.BHG.gurbani flg=0x4000010 (has extras) } to com.facebook.appmanager/com.facebook.oxygen.common.packages.event.manifest.ManifestPackageEventReceiver
07-03 19:54:01.440  1958  2010 W BroadcastQueue: Background execution not allowed: receiving Intent { act=android.intent.action.PACKAGE_ADDED dat=package:com.BHG.gurbani flg=0x4000010 (has extras) } to com.google.android.gms/.chimera.GmsIntentOperationService$PersistentTrustedReceiver
07-03 19:54:01.440  1958  2010 W BroadcastQueue: Background execution not allowed: receiving Intent { act=android.intent.action.PACKAGE_ADDED dat=package:com.BHG.gurbani flg=0x4000010 (has extras) } to com.google.android.gms/.games.chimera.GamesSystemBroadcastReceiverProxy
07-03 19:54:01.441  1958  2010 W BroadcastQueue: Background execution not allowed: receiving Intent { act=android.intent.action.PACKAGE_ADDED dat=package:com.BHG.gurbani flg=0x4000010 (has extras) } to com.google.android.gms/.gass.chimera.PackageChangeBroadcastReceiver
07-03 19:54:01.441  1958  2010 W BroadcastQueue: Background execution not allowed: receiving Intent { act=android.intent.action.PACKAGE_ADDED dat=package:com.BHG.gurbani flg=0x4000010 (has extras) } to com.miui.audioeffect/com.android.musicfx.Compatibility$Receiver
07-03 19:54:01.441  1958  2010 W BroadcastQueue: Background execution not allowed: receiving Intent { act=android.intent.action.PACKAGE_ADDED dat=package:com.BHG.gurbani flg=0x4000010 (has extras) } to com.xiaomi.discover/com.xiaomi.market.data.MyPackageMonitor
07-03 19:54:01.441  1958  2010 W BroadcastQueue: Background execution not allowed: receiving Intent { act=android.intent.action.PACKAGE_ADDED dat=package:com.BHG.gurbani flg=0x4000010 (has extras) } to com.xiaomi.mipicks/com.xiaomi.market.data.MyPackageMonitor
07-03 19:54:01.442  1958  2010 W BroadcastQueue: Background execution not allowed: receiving Intent { act=android.intent.action.PACKAGE_ADDED dat=package:com.BHG.gurbani flg=0x4000010 (has extras) } to com.xiaomi.misettings/.usagestats.AppTimerReceiver
07-03 19:54:01.443  1958  2010 W BroadcastQueue: Background execution not allowed: receiving Intent { act=android.intent.action.PACKAGE_ADDED dat=package:com.BHG.gurbani flg=0x4000010 (has extras) } to com.dv.adm/com.appodeal.ads.AppodealPackageAddedReceiver
07-03 19:54:01.444  1958  2011 I ActivityManager: Start proc 20923:com.android.keychain/1000 for service {com.android.keychain/com.android.keychain.KeyChainService} caller=android
07-03 19:54:01.446  1958  2010 W BroadcastQueue: Background execution not allowed: receiving Intent { act=android.intent.action.PACKAGE_ADDED dat=package:com.BHG.gurbani flg=0x4000010 (has extras) } to com.jio.myjio/com.inn.passivesdk.receiver.PackageReceiver
07-03 19:54:01.530  1958  2011 I ActivityManager: Start proc 20946:com.miui.global.packageinstaller/u0a162 for service {com.miui.global.packageinstaller/com.miui.global.packageinstaller.service.ScanDispatchService} caller=com.miui.securitycenter
07-03 19:54:01.609  1958  1993 W Looper  : Slow delivery took 217ms android.fg h=android.os.Handler c=<recycled PooledLambda@84f6fc8> m=0
07-03 19:54:01.636  1958  1993 W Looper  : Drained
07-03 19:54:02.333 19685 19746 W BpBinder: Slow Binder: BpBinder transact took 443ms, interface=com.google.android.auth.IAuthManagerService, code=2 oneway=false
07-03 19:54:02.342 19777 19777 W Looper  : Slow Looper main: Long Msg: seq=1360 plan=19:54:01.328  late=1ms wall=1013msrunning=54ms runnable=3ms io=845ms h=android.app.ActivityThread$H c=android.app.-$$Lambda$LoadedApk$ReceiverDispatcher$Args$_BumDX2UKsnxLVrE6UJsJZkotuA
07-03 19:54:02.503  1958  2645 W BroadcastQueue: Background execution not allowed: receiving Intent { act=android.intent.action.PACKAGE_REPLACED dat=package:com.BHG.gurbani flg=0x4000010 (has extras) } to com.facebook.appmanager/com.facebook.oxygen.common.packages.event.manifest.ManifestPackageEventReceiver
07-03 19:54:02.506  1958  2010 W BroadcastQueue: Background execution not allowed: receiving Intent { act=android.intent.action.PACKAGE_REPLACED dat=package:com.BHG.gurbani flg=0x4000010 (has extras) } to com.google.android.gms/.chimera.GmsIntentOperationService$PersistentTrustedReceiver
07-03 19:54:02.506  1958  2010 W BroadcastQueue: Background execution not allowed: receiving Intent { act=android.intent.action.PACKAGE_REPLACED dat=package:com.BHG.gurbani flg=0x4000010 (has extras) } to com.google.android.gms/.gass.chimera.PackageChangeBroadcastReceiver
07-03 19:54:02.506  1958  2010 W BroadcastQueue: Background execution not allowed: receiving Intent { act=android.intent.action.PACKAGE_REPLACED dat=package:com.BHG.gurbani flg=0x4000010 (has extras) } to com.miui.audioeffect/com.android.musicfx.Compatibility$Receiver
07-03 19:54:02.507  1958  2010 W BroadcastQueue: Background execution not allowed: receiving Intent { act=android.intent.action.PACKAGE_REPLACED dat=package:com.BHG.gurbani flg=0x4000010 (has extras) } to com.miui.notes/com.miui.floatwindow.BootBroadcastReceiver
07-03 19:54:02.507  1958  2010 W BroadcastQueue: Background execution not allowed: receiving Intent { act=android.intent.action.PACKAGE_REPLACED dat=package:com.BHG.gurbani flg=0x4000010 (has extras) } to com.google.android.apps.photos/.account.full.FetchAccountPropertiesAppUpgradeBroadcastReceiver
07-03 19:54:02.507  1958  2010 W BroadcastQueue: Background execution not allowed: receiving Intent { act=android.intent.action.PACKAGE_REPLACED dat=package:com.BHG.gurbani flg=0x4000010 (has extras) } to com.google.android.apps.photos/.account.full.SyncAccountsForLoginBroadcastReceiver
07-03 19:54:02.507  1958  2010 W BroadcastQueue: Background execution not allowed: receiving Intent { act=android.intent.action.PACKAGE_REPLACED dat=package:com.BHG.gurbani flg=0x4000010 (has extras) } to com.google.android.apps.photos/.notificationchannels.AppUpdateBroadcastReceiver
07-03 19:54:02.507  1958  2010 W BroadcastQueue: Background execution not allowed: receiving Intent { act=android.intent.action.PACKAGE_REPLACED dat=package:com.BHG.gurbani flg=0x4000010 (has extras) } to com.jio.myjio/com.inn.passivesdk.receiver.PackageReceiver
07-03 19:54:02.530 20946 21031 I Ad      : isPersonalizedAdEnabled getAdSettings: 3
07-03 19:54:02.786 25324 25324 I Timeline: Timeline: Activity_launch_request time:116409992
07-03 19:54:02.787  1958  4525 I ActivityTaskManager: START u0 {act=android.intent.action.MAIN cat=[android.intent.category.LAUNCHER] flg=0x10200000 cmp=com.BHG.gurbani/.SplashActivity bnds=[579,757][755,933] (has extras)} from uid 10094
07-03 19:54:03.014 25324 25324 W BpBinder: Slow Binder: BpBinder transact took 229ms, interface=android.app.IActivityTaskManager, code=1 oneway=false
07-03 19:54:03.020 25324 25324 W InputEventReceiver: App Input: Dispatching InputEvent took 247ms in main thread! (MotionEvent: event_seq=45559, seq=522326, action=ACTION_UP)
07-03 19:54:03.021 25324 25324 W ActivityThread: SCHED: com.miui.home/.launcher.Launcher [57, r=19ms, a=14ms, w=8974ms]
07-03 19:54:03.065  1958  2011 I ActivityManager: Start proc 21190:com.BHG.gurbani/u0a776 for activity {com.BHG.gurbani/com.BHG.gurbani.SplashActivity} caller=com.miui.home
07-03 19:54:03.399 20946 21052 W BpBinder: Slow Binder: BpBinder transact took 766ms, interface=android.content.IContentProvider, code=1 oneway=false
07-03 19:54:03.480  1958  1958 W Looper  : Slow Looper main: Long Msg: seq=396078 plan=19:54:01.336  late=137ms wall=2007ms running=77ms runnable=25ms io=1117ms h=android.app.ActivityThread$H c=android.app.-$$Lambda$LoadedApk$ReceiverDispatcher$Args$_BumDX2UKsnxLVrE6UJsJZkotuA
07-03 19:54:03.480  1958  1958 W Looper  : Slow dispatch took 2007ms main h=android.app.ActivityThread$H c=android.app.-$$Lambda$LoadedApk$ReceiverDispatcher$Args$_BumDX2UKsnxLVrE6UJsJZkotuA@596ed11 m=0
07-03 19:54:03.480  1958  1958 W Looper  : Slow delivery took 2145ms main h=android.app.ActivityThread$H c=android.app.-$$Lambda$LoadedApk$ReceiverDispatcher$Args$_BumDX2UKsnxLVrE6UJsJZkotuA@9a44e76 m=0
07-03 19:54:03.807 17291 17362 W BpBinder: Slow Binder: BpBinder transact took 1156ms, interface=android.view.accessibility.IAccessibilityManager, code=5 oneway=false
07-03 19:54:03.814 21190 21190 W BpBinder: Slow Binder: BpBinder transact took 500ms, interface=android.view.accessibility.IAccessibilityManager, code=3 oneway=false
07-03 19:54:03.815  1958  1997 W Looper  : Slow Looper android.anim: doFrame is 966ms late because of 2 msg, msg 1 took181ms (seq=273366 running=1ms io=3ms h=android.os.Handler c=com.android.server.wm.InputMonitor$1), msg 2 took 794ms (seq=273367 running=7ms runnable=1ms io=6ms late=7ms h=android.os.Handler c=com.android.server.wm.AppWindowToken$1)
07-03 19:54:03.817  1958  1997 I Timeline: Timeline: App_transition_ready time:116411023
07-03 19:54:03.843  1958  1997 I Timeline: Timeline: App_transition_ready time:116411049
07-03 19:54:03.844  1958  1997 I Timeline: Timeline: App_transition_ready time:116411051
07-03 19:54:03.875 21190 21190 W Activity: Slow Operation: Activity com.BHG.gurbani/.SplashActivity onCreate took 602ms
07-03 19:54:03.900  1958  4522 E WindowManager: App trying to use insecure INPUT_FEATURE_NO_INPUT_CHANNEL flag. Ignoring
07-03 19:54:03.904 21190 21190 W Looper  : Slow Looper main: Activity com.BHG.gurbani/.SplashActivity is 806ms late (wall=0ms running=0ms ClientTransaction{ callbacks=[android.app.servertransaction.TopResumedActivityChangeItem] }) because of 3 msg, msg 2 took 142ms (seq=2 running=86ms runnable=19ms io=17ms late=3ms h=android.app.ActivityThread$H w=110), msg3 took 663ms (seq=3 running=91ms runnable=19ms io=34ms late=143ms h=android.app.ActivityThread$H w=159)
07-03 19:54:03.918  1958  2646 I Timeline: Timeline: App_transition_ready time:116411124
07-03 19:54:03.923  1958  2646 I Timeline: Timeline: App_transition_ready time:116411129
07-03 19:54:04.039  1958  1997 W Looper  : Slow Looper android.anim: doFrame is 669ms late because of 5 msg, msg 1 took794ms (seq=273367 running=7ms runnable=1ms io=6ms late=7ms h=android.os.Handler c=com.android.server.wm.AppWindowToken$1)
07-03 19:54:04.059  1958  1997 I Timeline: Timeline: App_transition_ready time:116411266
07-03 19:54:04.293  1958  1997 I Timeline: Timeline: App_transition_stopped time:116411499
07-03 19:54:04.557 21190 21190 W Looper  : Slow Looper main: doFrame is 673ms late because of 3 msg, msg 1 took 142ms (seq=2 running=86ms runnable=19ms io=17ms late=3ms h=android.app.ActivityThread$H w=110), msg 2 took 663ms (seq=3 running=91ms runnable=19ms io=34ms late=143ms h=android.app.ActivityThread$H w=159)
07-03 19:54:04.560  1958  1997 I Timeline: Timeline: Activity_windows_visible id: ActivityRecord{de75af2 u0 com.BHG.gurbani/.SplashActivity t1631} time:116411766
07-03 19:54:04.574  1958  1958 W Looper  : Slow Looper main: Long Msg: seq=396088 plan=19:54:01.339  late=2142ms wall=1093ms running=45ms runnable=16ms io=494ms h=android.app.ActivityThread$H c=android.app.-$$Lambda$LoadedApk$ReceiverDispatcher$Args$_BumDX2UKsnxLVrE6UJsJZkotuA
07-03 19:54:04.574  1958  1958 W Looper  : Slow dispatch took 1093ms main h=android.app.ActivityThread$H c=android.app.-$$Lambda$LoadedApk$ReceiverDispatcher$Args$_BumDX2UKsnxLVrE6UJsJZkotuA@8163335 m=0
07-03 19:54:04.575  1958  1958 I Telecom : DefaultDialerCache: Refreshing default dialer for user 0: now com.android.contacts: DDC.oR@CQ0
07-03 19:54:04.708  1958  1958 E LoadedApk: Unable to instantiate appComponentFactory
07-03 19:54:04.708  1958  1958 E LoadedApk: java.lang.ClassNotFoundException: Didn't find class "androidx.core.app.CoreComponentFactory" on path: DexPathList[[],nativeLibraryDirectories=[/data/app/com.android.chrome-_g7rPM_rJ9cVwzpzpXei3w==/lib/arm64, /data/app/com.android.chrome-_g7rPM_rJ9cVwzpzpXei3w==/base.apk!/lib/arm64-v8a, /data/app/com.google.android.trichromelibrary_715111533-WEgYwDsFSJMAb08rwT3INg==/base.apk!/lib/arm64-v8a, /system/lib64, /system/product/lib64]]
07-03 19:54:04.708  1958  1958 E LoadedApk:     at dalvik.system.BaseDexClassLoader.findClass(BaseDexClassLoader.java:230)
07-03 19:54:04.708  1958  1958 E LoadedApk:     at java.lang.ClassLoader.loadClass(ClassLoader.java:379)
07-03 19:54:04.708  1958  1958 E LoadedApk:     at java.lang.ClassLoader.loadClass(ClassLoader.java:312)
07-03 19:54:04.708  1958  1958 E LoadedApk:     at android.app.LoadedApk.createAppFactory(LoadedApk.java:258)
07-03 19:54:04.708  1958  1958 E LoadedApk:     at android.app.LoadedApk.updateApplicationInfo(LoadedApk.java:372)
07-03 19:54:04.708  1958  1958 E LoadedApk:     at android.app.ActivityThread.handleDispatchPackageBroadcast(ActivityThread.java:6072)
07-03 19:54:04.708  1958  1958 E LoadedApk:     at android.app.ActivityThread$H.handleMessage(ActivityThread.java:1972)
07-03 19:54:04.708  1958  1958 E LoadedApk:     at android.os.Handler.dispatchMessage(Handler.java:107)
07-03 19:54:04.708  1958  1958 E LoadedApk:     at android.os.Looper.loop(Looper.java:224)
07-03 19:54:04.708  1958  1958 E LoadedApk:     at com.android.server.SystemServer.run(SystemServer.java:563)
07-03 19:54:04.708  1958  1958 E LoadedApk:     at com.android.server.SystemServer.main(SystemServer.java:367)
07-03 19:54:04.708  1958  1958 E LoadedApk:     at java.lang.reflect.Method.invoke(Native Method)
07-03 19:54:04.708  1958  1958 E LoadedApk:     at com.android.internal.os.RuntimeInit$MethodAndArgsCaller.run(RuntimeInit.java:539)
07-03 19:54:04.708  1958  1958 E LoadedApk:     at com.android.internal.os.ZygoteInit.main(ZygoteInit.java:928)
07-03 19:54:04.709  1958  1958 E LoadedApk: Unable to instantiate appComponentFactory
07-03 19:54:04.709  1958  1958 E LoadedApk: java.lang.ClassNotFoundException: Didn't find class "androidx.core.app.CoreComponentFactory" on path: DexPathList[[],nativeLibraryDirectories=[/data/app/com.android.chrome-_g7rPM_rJ9cVwzpzpXei3w==/lib/arm64, /data/app/com.android.chrome-_g7rPM_rJ9cVwzpzpXei3w==/base.apk!/lib/arm64-v8a, /data/app/com.google.android.trichromelibrary_715111533-WEgYwDsFSJMAb08rwT3INg==/base.apk!/lib/arm64-v8a, /system/lib64, /system/product/lib64]]
07-03 19:54:04.709  1958  1958 E LoadedApk:     at dalvik.system.BaseDexClassLoader.findClass(BaseDexClassLoader.java:230)
07-03 19:54:04.709  1958  1958 E LoadedApk:     at java.lang.ClassLoader.loadClass(ClassLoader.java:379)
07-03 19:54:04.709  1958  1958 E LoadedApk:     at java.lang.ClassLoader.loadClass(ClassLoader.java:312)
07-03 19:54:04.709  1958  1958 E LoadedApk:     at android.app.LoadedApk.createAppFactory(LoadedApk.java:258)
07-03 19:54:04.709  1958  1958 E LoadedApk:     at android.app.LoadedApk.updateApplicationInfo(LoadedApk.java:372)
07-03 19:54:04.709  1958  1958 E LoadedApk:     at android.app.ActivityThread.handleDispatchPackageBroadcast(ActivityThread.java:6072)
07-03 19:54:04.709  1958  1958 E LoadedApk:     at android.app.ActivityThread$H.handleMessage(ActivityThread.java:1972)
07-03 19:54:04.709  1958  1958 E LoadedApk:     at android.os.Handler.dispatchMessage(Handler.java:107)
07-03 19:54:04.709  1958  1958 E LoadedApk:     at android.os.Looper.loop(Looper.java:224)
07-03 19:54:04.709  1958  1958 E LoadedApk:     at com.android.server.SystemServer.run(SystemServer.java:563)
07-03 19:54:04.709  1958  1958 E LoadedApk:     at com.android.server.SystemServer.main(SystemServer.java:367)
07-03 19:54:04.709  1958  1958 E LoadedApk:     at java.lang.reflect.Method.invoke(Native Method)
07-03 19:54:04.709  1958  1958 E LoadedApk:     at com.android.internal.os.RuntimeInit$MethodAndArgsCaller.run(RuntimeInit.java:539)
07-03 19:54:04.709  1958  1958 E LoadedApk:     at com.android.internal.os.ZygoteInit.main(ZygoteInit.java:928)
07-03 19:54:04.716  1958  1958 W Looper  : Drained
07-03 19:54:04.812  1958  2011 I ActivityManager: Start proc 21324:com.google.android.webview:webview_service/u0a192 for service {com.google.android.webview/org.chromium.android_webview.services.VariationsSeedServer} caller=com.miui.global.packageinstaller
07-03 19:54:05.102  1958  2011 I ActivityManager: Start proc 21350:com.google.android.webview:sandboxed_process0:org.chromium.content.app.SandboxedProcessService0:0/u0i281 for  {com.miui.global.packageinstaller/org.chromium.content.app.SandboxedProcessService0:0} caller=com.miui.global.packageinstaller
07-03 19:54:05.909 20946 20946 W Looper  : Slow Looper main: Long Msg: seq=20 plan=19:54:03.849  late=1ms wall=2059ms running=449ms runnable=6ms io=1416ms h=com.google.android.gms.ads.internal.util.f c=com.google.android.gms.ads.internal.js.r
07-03 19:54:06.884 21190 21190 I Timeline: Timeline: Activity_launch_request time:116414091
07-03 19:54:06.885  1958  4692 I ActivityTaskManager: START u0 {cmp=com.BHG.gurbani/.AuthActivity} from uid 10776
07-03 19:54:06.902 21190 21190 W ActivityThread: SCHED: com.BHG.gurbani/.SplashActivity [68, r=28ms, a=13ms, w=3022ms]
07-03 19:54:06.906  1958  4525 I ActivityTaskManager: The Process com.BHG.gurbani Already Exists in BG. So sending its PID: 21190
07-03 19:54:06.912  1958  4525 I Timeline: Timeline: App_transition_ready time:116414118
07-03 19:54:07.122 21190 21190 I Timeline: Timeline: Activity_launch_request time:116414328
07-03 19:54:07.122  1958  4525 I ActivityTaskManager: START u0 {cmp=com.BHG.gurbani/.MainActivity} from uid 10776
07-03 19:54:07.133  1958  4525 I ActivityTaskManager: The Process com.BHG.gurbani Already Exists in BG. So sending its PID: 21190
07-03 19:54:07.138  1958  4525 I Timeline: Timeline: App_transition_ready time:116414345
07-03 19:54:07.283  1958  4525 E WindowManager: App trying to use insecure INPUT_FEATURE_NO_INPUT_CHANNEL flag. Ignoring
07-03 19:54:07.308  1958  4525 I Timeline: Timeline: App_transition_ready time:116414515
07-03 19:54:07.309  1958  4525 I Timeline: Timeline: App_transition_ready time:116414516
07-03 19:54:07.366  1958  1997 I Timeline: Timeline: App_transition_ready time:116414573
07-03 19:54:07.498 21190 21259 W FileUtils: Slow Operation: fsync took 121ms
07-03 19:54:07.634  1958  1997 I Timeline: Timeline: Activity_windows_visible id: ActivityRecord{591976 u0 com.BHG.gurbani/.MainActivity t1631} time:116414840
07-03 19:54:07.636  1958  1997 I Timeline: Timeline: App_transition_stopped time:116414842
07-03 19:54:08.435  1958  2011 I ActivityManager: Start proc 21487:com.android.settings/1000 for service {com.android.settings/com.android.settings.connecteddevice.usb.MiUsbService} caller=com.android.settings
07-03 19:54:08.928  3855 10560 W MiuiPerfServiceClient: interceptAndQueuing:21190|com.BHG.gurbani|186|174|unknown|null|com.BHG.gurbani/com.BHG.gurbani.MainActivity|116415876161683|Slow handle traversal|2
07-03 19:54:11.235 21190 21190 I Timeline: Timeline: Activity_launch_request time:116418442
07-03 19:54:11.236  1958  2351 I ActivityTaskManager: START u0 {cmp=com.BHG.gurbani/.UploadActivity} from uid 10776
07-03 19:54:11.249 21190 21190 W ActivityThread: SCHED: com.BHG.gurbani/.MainActivity [80, r=243ms, a=60ms, w=3975ms]
07-03 19:54:11.251  1958  4692 I ActivityTaskManager: The Process com.BHG.gurbani Already Exists in BG. So sending its PID: 21190
07-03 19:54:11.258  1958  4692 I Timeline: Timeline: App_transition_ready time:116418465
07-03 19:54:11.323  1958  4525 E WindowManager: App trying to use insecure INPUT_FEATURE_NO_INPUT_CHANNEL flag. Ignoring
07-03 19:54:11.341  1958  2351 I Timeline: Timeline: App_transition_ready time:116418548
07-03 19:54:11.343  1958  2351 I Timeline: Timeline: App_transition_ready time:116418549
07-03 19:54:11.416  1958  1997 I Timeline: Timeline: App_transition_ready time:116418622
07-03 19:54:11.669  1958  1997 I Timeline: Timeline: Activity_windows_visible id: ActivityRecord{5c07f4 u0 com.BHG.gurbani/.UploadActivity t1631} time:116418875
07-03 19:54:11.671  1958  1997 I Timeline: Timeline: App_transition_stopped time:116418877
07-03 19:54:12.076  1958  2014 E BatteryExternalStatsWorker: no controller energy info supplied for bluetooth
07-03 19:54:12.332 25666 26024 W BpBinder: Slow Binder: BpBinder transact took 283ms, interface=com.android.internal.app.IBatteryStats, code=16 oneway=false
07-03 19:54:12.364  1958  2014 E BatteryExternalStatsWorker: no controller energy info supplied for bluetooth
07-03 19:54:13.351  1958  2646 I WindowManager: input method visible height changed 786
07-03 19:54:14.893  1958  2010 I ActivityManager: Waited long enough for: ServiceRecord{651a242 u0 com.whatsapp/.messaging.MessageService}
07-03 19:54:16.974 21190 21190 I Timeline: Timeline: Activity_launch_request time:116424180
07-03 19:54:16.976  1958  4525 I ActivityTaskManager: START u0 {act=android.intent.action.GET_CONTENT typ=image/* cmp=com.google.android.documentsui/com.android.documentsui.picker.PickActivity} from uid 10776
07-03 19:54:17.019 21190 21190 W ActivityThread: SCHED: com.BHG.gurbani/.UploadActivity [69, r=107ms, a=46ms, w=5703ms]
07-03 19:54:17.060  1958  2011 I ActivityManager: Start proc 21559:com.google.android.documentsui/u0a66 for activity {com.google.android.documentsui/com.android.documentsui.picker.PickActivity} caller=com.BHG.gurbani
07-03 19:54:17.109  1958  1997 I Timeline: Timeline: App_transition_ready time:116424315
07-03 19:54:17.388  1958  1997 I Timeline: Timeline: App_transition_stopped time:116424594
07-03 19:54:17.506  1958  2646 E WindowManager: App trying to use insecure INPUT_FEATURE_NO_INPUT_CHANNEL flag. Ignoring
07-03 19:54:17.510 21559 21559 W Looper  : Slow Looper main: Activity com.google.android.documentsui/com.android.documentsui.picker.PickActivity is 305ms late (wall=112ms running=53ms ClientTransaction{ callbacks=[android.app.servertransaction.LaunchActivityItem] lifecycleRequest=android.app.servertransaction.ResumeActivityItem }) because of 2 msg, msg 2 took 296ms (seq=2 running=60ms runnable=17ms io=189ms late=14ms h=android.app.ActivityThread$H w=110)
07-03 19:54:17.510 21559 21559 W Looper  : Slow Looper main: Activity com.google.android.documentsui/com.android.documentsui.picker.PickActivity is 418ms late (wall=0ms running=0ms ClientTransaction{ callbacks=[android.app.servertransaction.TopResumedActivityChangeItem] }) because of 3 msg, msg 2 took 296ms (seq=2 running=60ms runnable=17ms io=189ms late=14ms h=android.app.ActivityThread$H w=110), msg 3 took 112ms (seq=3 running=53ms runnable=11ms io=14ms late=305ms h=android.app.ActivityThread$H w=159)
07-03 19:54:17.628  1958  1997 I Timeline: Timeline: Activity_windows_visible id: ActivityRecord{f9050c2 u0 com.google.android.documentsui/com.android.documentsui.picker.PickActivity t1631} time:116424834
07-03 19:54:17.690  1958  2646 I WindowManager: input method visible height changed 0
07-03 19:54:18.340 21559 21559 W Looper  : Slow Looper main: doFrame is 577ms late because of 13 msg, msg 6 took 569ms (seq=49 running=68ms runnable=14ms io=450ms late=43ms h=android.os.Handler c=androidx.loader.content.ModernAsyncTask$3)
07-03 19:54:18.693  1958  2011 I ActivityManager: Start proc 21600:com.android.chrome:sandboxed_process0:org.chromium.content.app.SandboxedProcessService0:1/u0ai1 for  {com.android.chrome/org.chromium.content.app.SandboxedProcessService0:1} caller=com.android.chrome
07-03 19:54:18.789 21559 21594 W BpBinder: Slow Binder: BpBinder transact took 434ms, interface=android.content.IContentProvider, code=23 oneway=false
07-03 19:54:19.027  1958  2351 I ActivityManager: Killing 21600:com.android.chrome:sandboxed_process0:org.chromium.content.app.SandboxedProcessService0:1/u0a193i-8999 (adj 0): isolated not needed
07-03 19:54:19.128  1958  2011 I ActivityManager: Start proc 21624:com.android.chrome:sandboxed_process0:org.chromium.content.app.SandboxedProcessService0:2/u0ai2 for  {com.android.chrome/org.chromium.content.app.SandboxedProcessService0:2} caller=com.android.chrome
07-03 19:54:19.576  1958  4522 I ActivityManager: Killing 21624:com.android.chrome:sandboxed_process0:org.chromium.content.app.SandboxedProcessService0:2/u0a193i-8998 (adj 0): isolated not needed
07-03 19:54:20.010 21559 21559 W ActivityThread: SCHED: com.google.android.documentsui/com.android.documentsui.picker.PickActivity [84, r=380ms, a=72ms, w=2524ms]
07-03 19:54:20.019  1958  2351 I Timeline: Timeline: App_transition_ready time:116427225
07-03 19:54:20.026  1958  4692 I Timeline: Timeline: App_transition_ready time:116427232
07-03 19:54:20.641  1958  2646 W BpBinder: Slow Binder: BpBinder transact took 856ms, interface=android.os.IInstalld, code=9 oneway=false
07-03 19:54:20.641 19777 21003 W BpBinder: Slow Binder: BpBinder transact took 857ms, interface=android.app.usage.IStorageStatsManager, code=7 oneway=false
07-03 19:54:20.698 21190 21190 W Activity: Slow Operation: Activity com.BHG.gurbani/.UploadActivity onActivityResult took 665ms
07-03 19:54:20.745  1958  2646 I Timeline: Timeline: App_transition_ready time:116427951
07-03 19:54:20.871  1958  1997 I Timeline: Timeline: App_transition_ready time:116428077
07-03 19:54:21.107  1958  2646 W BpBinder: Slow Binder: BpBinder transact took 266ms, interface=android.os.IInstalld, code=9 oneway=false
07-03 19:54:21.107 19777 21003 W BpBinder: Slow Binder: BpBinder transact took 266ms, interface=android.app.usage.IStorageStatsManager, code=7 oneway=false
