07-02 20:09:52.414  1958  5271 I ActivityManager: Killing 24094:com.qualcomm.qti.workloadclassifier/1000 (adj 800): OneKeyClean
07-02 20:09:52.415  1958  5271 I ProcessManager: OneKeyClean: kill com.android.smspush Adj=100 State=7
07-02 20:09:52.415  1958  5271 I ActivityManager: Killing 24065:com.android.smspush/u0a155 (adj 100): OneKeyClean
07-02 20:09:52.421  1958  5271 I ProcessManager: OneKeyClean: kill com.qti.diagservices Adj=500 State=11
07-02 20:09:52.421  1958  5271 I ActivityManager: Killing 23997:com.qti.diagservices/1000 (adj 500): OneKeyClean
07-02 20:09:52.423  1958  2010 W BroadcastQueue: Background execution not allowed: receiving Intent { act=android.intent.action.PACKAGE_REPLACED dat=package:com.BHG.gurbani flg=0x4000010 (has extras) } to com.facebook.appmanager/com.facebook.oxygen.common.packages.event.manifest.ManifestPackageEventReceiver
07-02 20:09:52.429 25324 25393 W BpBinder: Slow Binder: BpBinder transact took 446ms, interface=miui.IProcessManager, code=2 oneway=false
07-02 20:09:52.429  1958  2010 W BroadcastQueue: Background execution not allowed: receiving Intent { act=android.intent.action.PACKAGE_REPLACED dat=package:com.BHG.gurbani flg=0x4000010 (has extras) } to com.google.android.gms/.chimera.GmsIntentOperationService$PersistentTrustedReceiver
07-02 20:09:52.429  1958  2010 W BroadcastQueue: Background execution not allowed: receiving Intent { act=android.intent.action.PACKAGE_REPLACED dat=package:com.BHG.gurbani flg=0x4000010 (has extras) } to com.google.android.gms/.gass.chimera.PackageChangeBroadcastReceiver
07-02 20:09:52.429  1958  2010 W BroadcastQueue: Background execution not allowed: receiving Intent { act=android.intent.action.PACKAGE_REPLACED dat=package:com.BHG.gurbani flg=0x4000010 (has extras) } to com.miui.audioeffect/com.android.musicfx.Compatibility$Receiver
07-02 20:09:52.430  1958  2010 W BroadcastQueue: Background execution not allowed: receiving Intent { act=android.intent.action.PACKAGE_REPLACED dat=package:com.BHG.gurbani flg=0x4000010 (has extras) } to com.miui.notes/com.miui.floatwindow.BootBroadcastReceiver
07-02 20:09:52.430  1958  2010 W BroadcastQueue: Background execution not allowed: receiving Intent { act=android.intent.action.PACKAGE_REPLACED dat=package:com.BHG.gurbani flg=0x4000010 (has extras) } to com.google.android.apps.photos/.account.full.FetchAccountPropertiesAppUpgradeBroadcastReceiver
07-02 20:09:52.430  1958  2010 W BroadcastQueue: Background execution not allowed: receiving Intent { act=android.intent.action.PACKAGE_REPLACED dat=package:com.BHG.gurbani flg=0x4000010 (has extras) } to com.google.android.apps.photos/.account.full.SyncAccountsForLoginBroadcastReceiver
07-02 20:09:52.430  1958  2010 W BroadcastQueue: Background execution not allowed: receiving Intent { act=android.intent.action.PACKAGE_REPLACED dat=package:com.BHG.gurbani flg=0x4000010 (has extras) } to com.google.android.apps.photos/.notificationchannels.AppUpdateBroadcastReceiver
07-02 20:09:52.430  1958  2010 W BroadcastQueue: Background execution not allowed: receiving Intent { act=android.intent.action.PACKAGE_REPLACED dat=package:com.BHG.gurbani flg=0x4000010 (has extras) } to com.jio.myjio/com.inn.passivesdk.receiver.PackageReceiver
07-02 20:09:52.456  1958  5255 W ActivityManager: Scheduling restart of crashed service com.android.chrome/org.chromium.content.app.SandboxedProcessService0:0 in 1000ms
07-02 20:09:52.508  1958  5270 W ActivityManager: Exception when unbinding service com.miui.guardprovider/.manager.SecurityService
07-02 20:09:52.508  1958  5270 W ActivityManager: android.os.DeadObjectException
07-02 20:09:52.508  1958  5270 W ActivityManager:       at android.os.BinderProxy.transactNative(Native Method)
07-02 20:09:52.508  1958  5270 W ActivityManager:       at android.os.BinderProxy.transact(BinderProxy.java:511)
07-02 20:09:52.508  1958  5270 W ActivityManager:       at android.app.IApplicationThread$Stub$Proxy.scheduleUnbindService(IApplicationThread.java:1627)
07-02 20:09:52.508  1958  5270 W ActivityManager:       at com.android.server.am.ActiveServices.removeConnectionLocked(ActiveServices.java:3440)
07-02 20:09:52.508  1958  5270 W ActivityManager:       at com.android.server.am.ActiveServices.unbindServiceLocked(ActiveServices.java:2091)
07-02 20:09:52.508  1958  5270 W ActivityManager:       at com.android.server.am.ActivityManagerService.unbindService(ActivityManagerService.java:14480)
07-02 20:09:52.508  1958  5270 W ActivityManager:       at android.app.IActivityManager$Stub.onTransact(IActivityManager.java:2366)
07-02 20:09:52.508  1958  5270 W ActivityManager:       at com.android.server.am.ActivityManagerService.onTransact(ActivityManagerService.java:2799)
07-02 20:09:52.508  1958  5270 W ActivityManager:       at android.os.Binder.execTransactInternal(Binder.java:1021)
07-02 20:09:52.508  1958  5270 W ActivityManager:       at android.os.Binder.execTransact(Binder.java:994)
07-02 20:09:52.516  1958  4522 W ActivityManager: Scheduling restart of crashed service com.android.chrome/org.chromium.content.app.PrivilegedProcessService0 in 10940ms
07-02 20:09:52.524  1958  1981 W ActivityManager: Scheduling restart of crashed service com.miui.msa.global/com.zeus.gmc.sdk.mobileads.msa.odi.service.OnDeviceIntelligenceService in 20932ms
07-02 20:09:52.525  1958  1981 W ActivityManager: Scheduling restart of crashed service com.miui.msa.global/com.miui.systemAdSolution.splashscreen.SplashScreenService in 30932ms
07-02 20:09:52.534  1958  4692 W ActivityManager: Scheduling restart of crashed service com.android.smspush/.WapPushManager in 40922ms
07-02 20:09:52.539  1958  5269 W ActivityManager: Scheduling restart of crashed service com.qualcomm.atfwd/.AtFwdService in 50918ms
07-02 20:09:52.544  1958  1979 W ActivityManager: Scheduling restart of crashed service com.miui.analytics/.onetrack.OneTrackService in 60913ms
07-02 20:09:52.555  1958  5255 W ActivityManager: Scheduling restart of crashed service com.qti.diagservices/.QTIDiagServices in 70902ms
07-02 20:09:52.561  1958  4807 W ActivityManager: Scheduling restart of crashed service com.qualcomm.qti.workloadclassifier/.WLCService in 80896ms
07-02 20:09:52.591  1958  4692 W ActivityManager: Scheduling restart of crashed service com.android.settings/.dangerousoptions.DangerousOptionsWarningService in 90866ms
07-02 20:09:52.599  1958  4522 W ActivityManager: Scheduling restart of crashed service com.whatsapp/.messaging.MessageService in 100858ms
07-02 20:09:52.616  1958  2645 W ActivityManager: Scheduling restart of crashed service com.android.vending/com.google.android.finsky.setup.dse.impl.DseService in 110842ms
07-02 20:09:52.616  1958  2645 W ActivityManager: Scheduling restart of crashed service com.android.vending/com.google.android.finsky.billing.iab.InAppBillingService in 120841ms
07-02 20:09:52.646  1958  4807 W ActivityManager: Scheduling restart of crashed service com.android.settings/.connecteddevice.usb.MiUsbService in 120811ms
07-02 20:09:52.647  1958  1996 W ActivityManager: setHasOverlayUi called on unknown pid: 26252
07-02 20:09:52.688  1958  4415 W ActivityManager: Exception when unbinding service com.android.chrome/org.chromium.chrome.browser.customtabs.CustomTabsConnectionService
07-02 20:09:52.688  1958  4415 W ActivityManager: android.os.DeadObjectException
07-02 20:09:52.688  1958  4415 W ActivityManager:       at android.os.BinderProxy.transactNative(Native Method)
07-02 20:09:52.688  1958  4415 W ActivityManager:       at android.os.BinderProxy.transact(BinderProxy.java:511)
07-02 20:09:52.688  1958  4415 W ActivityManager:       at android.app.IApplicationThread$Stub$Proxy.scheduleUnbindService(IApplicationThread.java:1627)
07-02 20:09:52.688  1958  4415 W ActivityManager:       at com.android.server.am.ActiveServices.removeConnectionLocked(ActiveServices.java:3440)
07-02 20:09:52.688  1958  4415 W ActivityManager:       at com.android.server.am.ActiveServices.killServicesLocked(ActiveServices.java:3859)
07-02 20:09:52.688  1958  4415 W ActivityManager:       at com.android.server.am.ActivityManagerService.cleanUpApplicationRecordLocked(ActivityManagerService.java:14080)
07-02 20:09:52.688  1958  4415 W ActivityManager:       at com.android.server.am.ActivityManagerService.handleAppDiedLocked(ActivityManagerService.java:3716)
07-02 20:09:52.688  1958  4415 W ActivityManager:       at com.android.server.am.ActivityManagerService.appDiedLocked(ActivityManagerService.java:3889)
07-02 20:09:52.688  1958  4415 W ActivityManager:       at com.android.server.am.ActivityManagerService$AppDeathRecipient.binderDied(ActivityManagerService.java:1537)
07-02 20:09:52.688  1958  4415 W ActivityManager:       at android.os.BinderProxy.sendDeathNotice(BinderProxy.java:621)
07-02 20:09:52.872  1958  3901 E WindowManager: App trying to use insecure INPUT_FEATURE_NO_INPUT_CHANNEL flag. Ignoring
07-02 20:09:53.073 25324 25324 I Timeline: Timeline: Activity_launch_request time:85109795
07-02 20:09:53.074  1958  2645 I ActivityTaskManager: START u0 {act=android.intent.action.MAIN cat=[android.intent.category.LAUNCHER] flg=0x10200000 cmp=com.BHG.gurbani/.SplashActivity bnds=[579,757][755,933] (has extras)} from uid 10094
07-02 20:09:53.125 25324 25324 W ActivityThread: SCHED: com.miui.home/.launcher.Launcher [64, r=120ms, a=65ms, w=11038ms]
07-02 20:09:53.188  1958  2011 I ActivityManager: Start proc 28613:com.BHG.gurbani/u0a773 for activity {com.BHG.gurbani/com.BHG.gurbani.SplashActivity} caller=com.miui.home
07-02 20:09:53.246  1958  1997 I Timeline: Timeline: App_transition_ready time:85109968
07-02 20:09:53.350  1958  1958 W Looper  : Slow dispatch took 979ms main h=android.app.ActivityThread$H c=android.app.-$$Lambda$LoadedApk$ReceiverDispatcher$Args$_BumDX2UKsnxLVrE6UJsJZkotuA@6e8f37f m=0
07-02 20:09:53.351  1958  1958 I Telecom : DefaultDialerCache: Refreshing default dialer for user 0: now com.android.contacts: DDC.oR@Bxg
07-02 20:09:53.367  1958  1958 E LoadedApk: Unable to instantiate appComponentFactory
07-02 20:09:53.367  1958  1958 E LoadedApk: java.lang.ClassNotFoundException: Didn't find class "androidx.core.app.CoreComponentFactory" on path: DexPathList[[],nativeLibraryDirectories=[/data/app/com.android.chrome-_g7rPM_rJ9cVwzpzpXei3w==/lib/arm64, /data/app/com.android.chrome-_g7rPM_rJ9cVwzpzpXei3w==/base.apk!/lib/arm64-v8a, /data/app/com.google.android.trichromelibrary_715111533-WEgYwDsFSJMAb08rwT3INg==/base.apk!/lib/arm64-v8a, /system/lib64, /system/product/lib64]]
07-02 20:09:53.367  1958  1958 E LoadedApk:     at dalvik.system.BaseDexClassLoader.findClass(BaseDexClassLoader.java:230)
07-02 20:09:53.367  1958  1958 E LoadedApk:     at java.lang.ClassLoader.loadClass(ClassLoader.java:379)
07-02 20:09:53.367  1958  1958 E LoadedApk:     at java.lang.ClassLoader.loadClass(ClassLoader.java:312)
07-02 20:09:53.367  1958  1958 E LoadedApk:     at android.app.LoadedApk.createAppFactory(LoadedApk.java:258)
07-02 20:09:53.367  1958  1958 E LoadedApk:     at android.app.LoadedApk.updateApplicationInfo(LoadedApk.java:372)
07-02 20:09:53.367  1958  1958 E LoadedApk:     at android.app.ActivityThread.handleDispatchPackageBroadcast(ActivityThread.java:6072)
07-02 20:09:53.367  1958  1958 E LoadedApk:     at android.app.ActivityThread$H.handleMessage(ActivityThread.java:1972)
07-02 20:09:53.367  1958  1958 E LoadedApk:     at android.os.Handler.dispatchMessage(Handler.java:107)
07-02 20:09:53.367  1958  1958 E LoadedApk:     at android.os.Looper.loop(Looper.java:224)
07-02 20:09:53.367  1958  1958 E LoadedApk:     at com.android.server.SystemServer.run(SystemServer.java:563)
07-02 20:09:53.367  1958  1958 E LoadedApk:     at com.android.server.SystemServer.main(SystemServer.java:367)
07-02 20:09:53.367  1958  1958 E LoadedApk:     at java.lang.reflect.Method.invoke(Native Method)
07-02 20:09:53.367  1958  1958 E LoadedApk:     at com.android.internal.os.RuntimeInit$MethodAndArgsCaller.run(RuntimeInit.java:539)
07-02 20:09:53.367  1958  1958 E LoadedApk:     at com.android.internal.os.ZygoteInit.main(ZygoteInit.java:928)
07-02 20:09:53.368  1958  1958 E LoadedApk: Unable to instantiate appComponentFactory
07-02 20:09:53.368  1958  1958 E LoadedApk: java.lang.ClassNotFoundException: Didn't find class "androidx.core.app.CoreComponentFactory" on path: DexPathList[[],nativeLibraryDirectories=[/data/app/com.android.chrome-_g7rPM_rJ9cVwzpzpXei3w==/lib/arm64, /data/app/com.android.chrome-_g7rPM_rJ9cVwzpzpXei3w==/base.apk!/lib/arm64-v8a, /data/app/com.google.android.trichromelibrary_715111533-WEgYwDsFSJMAb08rwT3INg==/base.apk!/lib/arm64-v8a, /system/lib64, /system/product/lib64]]
07-02 20:09:53.368  1958  1958 E LoadedApk:     at dalvik.system.BaseDexClassLoader.findClass(BaseDexClassLoader.java:230)
07-02 20:09:53.368  1958  1958 E LoadedApk:     at java.lang.ClassLoader.loadClass(ClassLoader.java:379)
07-02 20:09:53.368  1958  1958 E LoadedApk:     at java.lang.ClassLoader.loadClass(ClassLoader.java:312)
07-02 20:09:53.368  1958  1958 E LoadedApk:     at android.app.LoadedApk.createAppFactory(LoadedApk.java:258)
07-02 20:09:53.368  1958  1958 E LoadedApk:     at android.app.LoadedApk.updateApplicationInfo(LoadedApk.java:372)
07-02 20:09:53.368  1958  1958 E LoadedApk:     at android.app.ActivityThread.handleDispatchPackageBroadcast(ActivityThread.java:6072)
07-02 20:09:53.368  1958  1958 E LoadedApk:     at android.app.ActivityThread$H.handleMessage(ActivityThread.java:1972)
07-02 20:09:53.368  1958  1958 E LoadedApk:     at android.os.Handler.dispatchMessage(Handler.java:107)
07-02 20:09:53.368  1958  1958 E LoadedApk:     at android.os.Looper.loop(Looper.java:224)
07-02 20:09:53.368  1958  1958 E LoadedApk:     at com.android.server.SystemServer.run(SystemServer.java:563)
07-02 20:09:53.368  1958  1958 E LoadedApk:     at com.android.server.SystemServer.main(SystemServer.java:367)
07-02 20:09:53.368  1958  1958 E LoadedApk:     at java.lang.reflect.Method.invoke(Native Method)
07-02 20:09:53.368  1958  1958 E LoadedApk:     at com.android.internal.os.RuntimeInit$MethodAndArgsCaller.run(RuntimeInit.java:539)
07-02 20:09:53.368  1958  1958 E LoadedApk:     at com.android.internal.os.ZygoteInit.main(ZygoteInit.java:928)
07-02 20:09:53.374  1958  1996 W WindowManager: setLauncherState= 1
07-02 20:09:53.385  1958  1996 W WindowManager: setLauncherState= 1
07-02 20:09:53.440  1958  1997 I Timeline: Timeline: App_transition_stopped time:85110161
07-02 20:09:53.526  1958  5269 E WindowManager: App trying to use insecure INPUT_FEATURE_NO_INPUT_CHANNEL flag. Ignoring
07-02 20:09:53.529 28613 28613 W Looper  : Slow Looper main: Activity com.BHG.gurbani/.SplashActivity is 305ms late (wall=1ms running=0ms ClientTransaction{ callbacks=[android.app.servertransaction.TopResumedActivityChangeItem] }) because of 3 msg, msg 2 took 122ms (seq=2 running=72ms runnable=11ms io=27ms late=5ms h=android.app.ActivityThread$H w=110), msg3 took 182ms (seq=3 running=114ms runnable=14ms io=34ms late=123ms h=android.app.ActivityThread$H w=159)
07-02 20:09:53.584  1958  1958 W Looper  : Drained
07-02 20:09:54.000  1958  2010 W BroadcastQueue: Background execution not allowed: receiving Intent { act=android.intent.action.DROPBOX_ENTRY_ADDED flg=0x10 (has extras) } to com.google.android.gms/.stats.service.DropBoxEntryAddedReceiver
07-02 20:09:54.365  1958  1997 I Timeline: Timeline: Activity_windows_visible id: ActivityRecord{629a59a u0 com.BHG.gurbani/.SplashActivity t1464} time:85111086
07-02 20:09:54.451  1958  2101 W FileUtils: Slow Operation: fsync took 630ms
07-02 20:09:54.511  1958  1994 W InputEventReceiver: App Input: Dispatching InputEvent took 929ms in main thread! (MotionEvent: event_seq=379235, seq=400867, action=ACTION_DOWN)
07-02 20:09:54.513  1958  1994 W InputEventReceiver: App Input: 809ms before dispatchInputEvent (MotionEvent: event_seq=379240, seq=400893, action=ACTION_UP)
07-02 20:09:54.514  1958  1994 W Looper  : Slow delivery took 828ms android.ui h=com.android.server.wm.DisplayPolicy$PolicyHandler c=com.android.server.wm.-$$Lambda$DisplayPolicy$qQY9m_Itua9TDy-Nk3zzDxvjEwE@8503e4b m=0
07-02 20:09:54.727  3855 10560 W MiuiPerfServiceClient: interceptAndQueuing:2181|com.android.systemui|637|62|unknown|null|StatusBar|85111023983312|Slow handle input|34
07-02 20:09:54.788  1958  1994 W Looper  : Drained
07-02 20:09:54.878  1958  4415 W NotificationService: Toast already killed. pkg=com.miui.home callback=android.app.ITransientNotification$Stub$Proxy@6fc3596
07-02 20:09:56.376  1958  1996 W WindowManager: Unable to start animation, surface is null or no children.
07-02 20:09:56.503 28613 28613 I Timeline: Timeline: Activity_launch_request time:85113225
07-02 20:09:56.504  1958  4415 I ActivityTaskManager: START u0 {cmp=com.BHG.gurbani/.AuthActivity} from uid 10773
07-02 20:09:56.517 28613 28613 W ActivityThread: SCHED: com.BHG.gurbani/.SplashActivity [71, r=23ms, a=9ms, w=3012ms]
07-02 20:09:56.520  1958  5269 I ActivityTaskManager: The Process com.BHG.gurbani Already Exists in BG. So sending its PID: 28613
07-02 20:09:56.524  1958  5269 I Timeline: Timeline: App_transition_ready time:85113245
07-02 20:09:56.673 28613 28613 I Timeline: Timeline: Activity_launch_request time:85113394
07-02 20:09:56.673  1958  2645 I ActivityTaskManager: START u0 {cmp=com.BHG.gurbani/.MainActivity} from uid 10773
07-02 20:09:56.683  1958  4415 I ActivityTaskManager: The Process com.BHG.gurbani Already Exists in BG. So sending its PID: 28613
07-02 20:09:56.686  1958  4415 I Timeline: Timeline: App_transition_ready time:85113408
07-02 20:09:56.823  1958  3901 E WindowManager: App trying to use insecure INPUT_FEATURE_NO_INPUT_CHANNEL flag. Ignoring
07-02 20:09:56.856  1958  2645 I Timeline: Timeline: App_transition_ready time:85113577
07-02 20:09:56.858  1958  2645 I Timeline: Timeline: App_transition_ready time:85113580
07-02 20:09:56.929  1958  1997 I Timeline: Timeline: App_transition_ready time:85113651
07-02 20:09:57.172  1958  1997 I Timeline: Timeline: Activity_windows_visible id: ActivityRecord{6e1267a u0 com.BHG.gurbani/.MainActivity t1464} time:85113893
07-02 20:09:57.174  1958  1997 I Timeline: Timeline: App_transition_stopped time:85113896
07-02 20:10:03.511 28613 28613 I Timeline: Timeline: Activity_launch_request time:85120232
07-02 20:10:03.512  1958  3901 I ActivityTaskManager: START u0 {cmp=com.BHG.gurbani/.UploadActivity} from uid 10773
07-02 20:10:03.527 28613 28613 W ActivityThread: SCHED: com.BHG.gurbani/.MainActivity [81, r=323ms, a=72ms, w=6714ms]
07-02 20:10:03.531  1958  3901 I ActivityTaskManager: The Process com.BHG.gurbani Already Exists in BG. So sending its PID: 28613
07-02 20:10:03.536  1958  3901 I Timeline: Timeline: App_transition_ready time:85120257
07-02 20:10:03.581  1958  4415 E WindowManager: App trying to use insecure INPUT_FEATURE_NO_INPUT_CHANNEL flag. Ignoring
07-02 20:10:03.591  1958  2645 I Timeline: Timeline: App_transition_ready time:85120312
07-02 20:10:03.592  1958  2645 I Timeline: Timeline: App_transition_ready time:85120314
07-02 20:10:03.631  1958  1997 I Timeline: Timeline: App_transition_ready time:85120352
07-02 20:10:03.872  1958  1997 I Timeline: Timeline: Activity_windows_visible id: ActivityRecord{902598c u0 com.BHG.gurbani/.UploadActivity t1464} time:85120593
07-02 20:10:03.873  1958  1997 I Timeline: Timeline: App_transition_stopped time:85120595
07-02 20:10:04.860  1958  2645 I WindowManager: input method visible height changed 786
07-02 20:10:05.874  1958  1958 W WindowManager: removeWindowToken: Attempted to remove non-existing token: android.os.Binder@e9ebc1d
07-02 20:10:06.725 28613 28613 I Timeline: Timeline: Activity_launch_request time:85123447
07-02 20:10:06.727  1958  4806 I ActivityTaskManager: START u0 {act=android.intent.action.GET_CONTENT typ=image/* cmp=com.google.android.documentsui/com.android.documentsui.picker.PickActivity} from uid 10773
07-02 20:10:06.765 28613 28613 W ActivityThread: SCHED: com.BHG.gurbani/.UploadActivity [72, r=80ms, a=30ms, w=3189ms]
07-02 20:10:06.814  1958  2011 I ActivityManager: Start proc 28730:com.google.android.documentsui/u0a66 for activity {com.google.android.documentsui/com.android.documentsui.picker.PickActivity} caller=com.BHG.gurbani
07-02 20:10:06.855  1958  1997 I Timeline: Timeline: App_transition_ready time:85123577
07-02 20:10:07.116  1958  4806 E WindowManager: App trying to use insecure INPUT_FEATURE_NO_INPUT_CHANNEL flag. Ignoring
07-02 20:10:07.126  1958  1997 I Timeline: Timeline: App_transition_stopped time:85123847
07-02 20:10:07.302  1958  1997 I Timeline: Timeline: Activity_windows_visible id: ActivityRecord{c344277 u0 com.google.android.documentsui/com.android.documentsui.picker.PickActivity t1464} time:85124024
07-02 20:10:07.374  1958  2645 I WindowManager: input method visible height changed 0
07-02 20:10:07.398  1958  2132 I AutoStartManagerService: MIUILOG- Reject service :Intent { cmp=org.zwanoo.android.speedtest/com.google.android.datatransport.runtime.scheduling.jobscheduling.JobInfoSchedulerService } userId : 0 uid : 10412
07-02 20:10:07.399  1958  2132 I JobServiceContext: MIUILOG- Reject Start Job, cancelJob uid : 10412 jobId :-1038928596
07-02 20:10:08.739 28730 28730 W ActivityThread: SCHED: com.google.android.documentsui/com.android.documentsui.picker.PickActivity [89, r=303ms, a=37ms, w=1632ms]
07-02 20:10:08.750  1958  2645 I Timeline: Timeline: App_transition_ready time:85125472
07-02 20:10:08.761  1958  2066 I Timeline: Timeline: App_transition_ready time:85125482
07-02 20:10:08.831  1958  2066 I Timeline: Timeline: App_transition_ready time:85125553
07-02 20:10:08.865  1958  1997 I Timeline: Timeline: App_transition_ready time:85125586
07-02 20:10:09.113  1958  1997 I Timeline: Timeline: Activity_windows_visible id: ActivityRecord{902598c u0 com.BHG.gurbani/.UploadActivity t1464} time:85125835
07-02 20:10:09.116  1958  1997 I Timeline: Timeline: App_transition_stopped time:85125838
07-02 20:10:13.484  1958  2011 I ActivityManager: Start proc 28769:com.miui.msa.global/u0a123 for service {com.miui.msa.global/com.zeus.gmc.sdk.mobileads.msa.odi.service.OnDeviceIntelligenceService} caller=com.miui.msa.global
07-02 20:10:15.290  1958  4522 W ActivityManager: Receiver with filter android.content.IntentFilter@a96cceb already registered for pid 28769, callerPackage is com.miui.msa.global
07-02 20:10:15.291  1958  4522 W ActivityManager: Receiver with filter android.content.IntentFilter@d670a48 already registered for pid 28769, callerPackage is com.miui.msa.global
07-02 20:10:15.745  1958  4522 E WindowManager: App trying to use insecure INPUT_FEATURE_NO_INPUT_CHANNEL flag. Ignoring
07-02 20:10:15.748 28613 28613 W ActivityThread: SCHED: com.BHG.gurbani/.UploadActivity [76, r=80ms, a=25ms, w=6925ms]
07-02 20:10:15.754  1958  2645 I Timeline: Timeline: App_transition_ready time:85132475
07-02 20:10:15.761  1958  2645 I Timeline: Timeline: App_transition_ready time:85132483
07-02 20:10:15.763  1958  2645 I Timeline: Timeline: App_transition_ready time:85132485
07-02 20:10:15.772  1958  1997 I Timeline: Timeline: App_transition_ready time:85132493
07-02 20:10:15.786  1958  2066 I Timeline: Timeline: App_transition_ready time:85132508
07-02 20:10:15.810  1958  1997 I Timeline: Timeline: App_transition_ready time:85132532
07-02 20:10:16.060  1958  1997 I Timeline: Timeline: Activity_windows_visible id: ActivityRecord{6e1267a u0 com.BHG.gurbani/.MainActivity t1464} time:85132782
07-02 20:10:16.064  1958  1997 I Timeline: Timeline: App_transition_stopped time:85132786
07-02 20:10:17.748  1958  1981 W NotificationService: Toast already killed. pkg=com.BHG.gurbani callback=android.app.ITransientNotification$Stub$Proxy@f7d5b9a
07-02 20:10:19.248  1958  1996 W WindowManager: Unable to start animation, surface is null or no children.
07-02 20:10:24.299 28613 28613 I Timeline: Timeline: Activity_launch_request time:85141021
07-02 20:10:24.301  1958  4415 I ActivityTaskManager: START u0 {act=android.intent.action.PICK typ=image/* cmp=android/com.android.internal.app.ResolverActivity} from uid 10773
07-02 20:10:24.311 28613 28613 W ActivityThread: SCHED: com.BHG.gurbani/.MainActivity [86, r=374ms, a=57ms, w=8534ms]
07-02 20:10:24.340  1958  2011 I ActivityManager: Start proc 29244:system:ui/1000 for activity {android/com.android.internal.app.ResolverActivity} caller=com.BHG.gurbani
07-02 20:10:24.371  1958  1997 I Timeline: Timeline: App_transition_ready time:85141093
07-02 20:10:24.607  1958  2011 I ActivityManager: Start proc 29321:com.google.android.ext.services/u0a71 for service {com.google.android.ext.services/android.ext.services.resolver.LRResolverRankerService} caller=android
07-02 20:10:24.621  1958  5269 I Timeline: Timeline: App_transition_ready time:85141343
07-02 20:10:24.622  1958  5269 I Timeline: Timeline: App_transition_ready time:85141344
07-02 20:10:24.661  1958  1997 I Timeline: Timeline: App_transition_ready time:85141382
07-02 20:10:24.662  1958  1997 I Timeline: Timeline: Activity_windows_visible id: ActivityRecord{d67bd6d u0 android/com.android.internal.app.ResolverActivity t1464} time:85141383
07-02 20:10:24.662  1958  1997 I Timeline: Timeline: App_transition_stopped time:85141383
07-02 20:10:25.478  1958  4415 I ActivityTaskManagerServiceInjector: As caller, check special action!
07-02 20:10:25.479  1958  4415 I ActivityTaskManager: START u0 {act=android.intent.action.PICK typ=image/* flg=0x3000000 cmp=com.miui.gallery/.picker.PickGalleryActivity} from uid 10773
07-02 20:10:25.502 29244 29244 W ActivityThread: SCHED: android/com.android.internal.app.ResolverActivity [83, r=123ms,a=25ms, w=908ms]
07-02 20:10:25.542  1958  2011 I ActivityManager: Start proc 29349:com.miui.gallery/u0a103 for activity {com.miui.gallery/com.miui.gallery.picker.PickGalleryActivity} caller=com.BHG.gurbani
07-02 20:10:25.579  1958  1997 I Timeline: Timeline: App_transition_ready time:85142301
07-02 20:10:25.580  1958  1997 I Timeline: Timeline: App_transition_stopped time:85142301
07-02 20:10:26.338  1958  2645 E WindowManager: App trying to use insecure INPUT_FEATURE_NO_INPUT_CHANNEL flag. Ignoring
07-02 20:10:26.342 29349 29349 W Looper  : Slow Looper main: Activity com.miui.gallery/.picker.PickGalleryActivity is 514ms late (wall=251ms running=70ms ClientTransaction{ callbacks=[android.app.servertransaction.LaunchActivityItem] lifecycleRequest=android.app.servertransaction.ResumeActivityItem }) because of 2 msg, msg 2 took 513ms (seq=2 running=100ms runnable=39ms io=325ms late=2ms h=android.app.ActivityThread$H w=110)
07-02 20:10:26.342 29349 29349 W Looper  : Slow Looper main: Activity com.miui.gallery/.picker.PickGalleryActivity is 765ms late (wall=0ms running=0ms ClientTransaction{ callbacks=[android.app.servertransaction.TopResumedActivityChangeItem] }) because of 3 msg, msg 2 took 513ms (seq=2 running=100ms runnable=39ms io=325ms late=2ms h=android.app.ActivityThread$H w=110), msg 3 took 251ms (seq=3 running=70ms runnable=19ms io=140ms late=514ms h=android.app.ActivityThread$H w=159)
07-02 20:10:26.591  1958  2011 I ActivityManager: Start proc 29401:com.android.camera/u0a76 for content provider {com.android.camera/com.xiaomi.camera.parallelservice.provider.ParallelProcessProvider} caller=com.miui.gallery
07-02 20:10:26.675  1958  1997 I Timeline: Timeline: Activity_windows_visible id: ActivityRecord{f5b2e7b u0 com.miui.gallery/.picker.PickGalleryActivity t1464} time:85143397
07-02 20:10:26.686 29349 29349 W Looper  : Slow Looper main: doFrame is 309ms late because of 3 msg, msg 1 took 323ms (seq=12 running=53ms runnable=9ms io=154ms late=2ms h=android.view.Choreographer$FrameHandler c=android.view.Choreographer$FrameDisplayEventReceiver)
07-02 20:10:27.513  1958  2011 I ActivityManager: Start proc 29474:com.xiaomi.account/u0a112 for service {com.xiaomi.account/com.xiaomi.account.XiaomiAccountService} caller=com.miui.gallery
07-02 20:10:27.571 29349 29396 W BpBinder: Slow Binder: BpBinder transact took 1017ms, interface=android.app.IActivityManager, code=20 oneway=false
07-02 20:10:27.777 29401 29401 W Looper  : Slow Looper main: Long Msg: seq=2 plan=20:10:26.627  late=1ms wall=1149ms running=291ms runnable=56ms io=631ms h=android.app.ActivityThread$H w=110
07-02 20:10:28.048  1958  2011 I ActivityManager: Start proc 29551:com.miui.cloudservice:galleryproxy/u0a126 for content provider {com.miui.cloudservice/com.miui.cloudservice.provider.GalleryProxySecurityDeviceCredentialProvider} caller=com.miui.gallery
07-02 20:10:28.245  1958  2011 I ActivityManager: Start proc 29576:com.xiaomi.simactivate.service/u0a163 for service {com.xiaomi.simactivate.service/com.xiaomi.activate.ActivateService} caller=com.miui.cloudservice
07-02 20:10:28.745  1958  1958 W WindowManager: removeWindowToken: Attempted to remove non-existing token: android.os.Binder@1934cc7
07-02 20:10:30.003  3855 10560 W MiuiPerfServiceClient: interceptAndQueuing:29349|com.miui.gallery|359|81|unknown|null|com.miui.gallery/com.miui.gallery.picker.PickGalleryActivity|85146226056944|Slow handle traversal|6
07-02 20:10:33.486  1958  2011 I ActivityManager: Start proc 29645:com.android.smspush/u0a155 for service {com.android.smspush/com.android.smspush.WapPushManager} caller=com.android.phone
07-02 20:10:33.644 29349 29349 W ActivityThread: SCHED: com.miui.gallery/.picker.PickGalleryActivity [84, r=1275ms, a=228ms, w=7320ms]
07-02 20:10:33.656  1958  2645 I Timeline: Timeline: App_transition_ready time:85150378
07-02 20:10:33.671  1958  2645 I Timeline: Timeline: App_transition_ready time:85150392
07-02 20:10:34.077 28613 28613 W Activity: Slow Operation: Activity com.BHG.gurbani/.MainActivity onActivityResult took404ms
07-02 20:10:34.093  1958  4522 I Timeline: Timeline: App_transition_ready time:85150814
07-02 20:10:34.140  1958  1997 I Timeline: Timeline: App_transition_ready time:85150862
07-02 20:10:34.382  1958  1997 I Timeline: Timeline: Activity_windows_visible id: ActivityRecord{6e1267a u0 com.BHG.gurbani/.MainActivity t1464} time:85151104
07-02 20:10:34.384  1958  1997 I Timeline: Timeline: App_transition_stopped time:85151106
07-02 20:10:41.066  1958  4522 E WindowManager: App trying to use insecure INPUT_FEATURE_NO_INPUT_CHANNEL flag. Ignoring
07-02 20:10:43.045  1958  4415 W NotificationService: Toast already killed. pkg=com.BHG.gurbani callback=android.app.ITransientNotification$Stub$Proxy@2e7fada
07-02 20:10:43.489  1958  2011 I ActivityManager: Start proc 29727:com.qualcomm.telephony/u0a195 for service {com.qualcomm.atfwd/com.qualcomm.atfwd.AtFwdService} caller=com.qualcomm.atfwd
07-02 20:10:44.570  1958  1996 W WindowManager: Unable to start animation, surface is null or no children.
07-02 20:10:46.232  1958  2014 E BatteryExternalStatsWorker: no controller energy info supplied for bluetooth
07-02 20:10:46.234  1958  2011 I ActivityManager: Start proc 29752:com.google.android.youtube/u0a204 for service {com.google.android.youtube/androidx.work.impl.background.systemjob.SystemJobService} caller=android
07-02 20:10:46.411  1958  2014 E KernelCpuUidUserSysTimeReader: Negative user/sys time delta for UID=10412
07-02 20:10:46.411  1958  2014 E KernelCpuUidUserSysTimeReader: Prev times: u=254207 s=71538 Curr times: u=253820 s=71303
07-02 20:10:46.411  1958  2014 E KernelCpuUidUserSysTimeReader: Negative user/sys time delta for UID=10763
07-02 20:10:46.411  1958  2014 E KernelCpuUidUserSysTimeReader: Prev times: u=801185 s=234363 Curr times: u=799098 s=234076
07-02 20:10:46.412  1958  2014 E KernelCpuUidUserSysTimeReader: Negative user/sys time delta for UID=10127
07-02 20:10:46.412  1958  2014 E KernelCpuUidUserSysTimeReader: Prev times: u=248950 s=86411 Curr times: u=248736 s=86214
07-02 20:10:46.412  1958  2014 E KernelCpuUidUserSysTimeReader: Negative user/sys time delta for UID=10193
07-02 20:10:46.412  1958  2014 E KernelCpuUidUserSysTimeReader: Prev times: u=1004861 s=1002642 Curr times: u=1003684 s=1002101
07-02 20:10:46.412  1958  2014 E KernelCpuUidUserSysTimeReader: Negative user/sys time delta for UID=10112
07-02 20:10:46.412  1958  2014 E KernelCpuUidUserSysTimeReader: Prev times: u=72080 s=26926 Curr times: u=72446 s=26901
07-02 20:10:46.412  1958  2014 E KernelCpuUidUserSysTimeReader: Negative user/sys time delta for UID=10175
07-02 20:10:46.412  1958  2014 E KernelCpuUidUserSysTimeReader: Prev times: u=2096245 s=648326 Curr times: u=2096050 s=648047
07-02 20:10:46.412  1958  2014 E KernelCpuUidUserSysTimeReader: Negative user/sys time delta for UID=10162
07-02 20:10:46.412  1958  2014 E KernelCpuUidUserSysTimeReader: Prev times: u=290735 s=138809 Curr times: u=290719 s=138712
07-02 20:10:46.412  1958  2014 E KernelCpuUidUserSysTimeReader: Negative user/sys time delta for UID=10204
07-02 20:10:46.412  1958  2014 E KernelCpuUidUserSysTimeReader: Prev times: u=288799 s=124926 Curr times: u=288707 s=124870
07-02 20:10:46.412  1958  2014 E KernelCpuUidUserSysTimeReader: Negative user/sys time delta for UID=10762
07-02 20:10:46.412  1958  2014 E KernelCpuUidUserSysTimeReader: Prev times: u=574652 s=186005 Curr times: u=574433 s=185847
07-02 20:10:46.412  1958  2014 E KernelCpuUidUserSysTimeReader: Negative user/sys time delta for UID=10105
07-02 20:10:46.412  1958  2014 E KernelCpuUidUserSysTimeReader: Prev times: u=80728 s=30941 Curr times: u=80688 s=30880
07-02 20:10:46.412  1958  2014 E KernelCpuUidUserSysTimeReader: Negative user/sys time delta for UID=10126
07-02 20:10:46.412  1958  2014 E KernelCpuUidUserSysTimeReader: Prev times: u=65440 s=23190 Curr times: u=65518 s=23125
07-02 20:10:46.412  1958  2014 E KernelCpuUidUserSysTimeReader: Negative user/sys time delta for UID=10100
07-02 20:10:46.412  1958  2014 E KernelCpuUidUserSysTimeReader: Prev times: u=29986 s=15227 Curr times: u=29887 s=15091
07-02 20:10:46.412  1958  2014 E KernelCpuUidUserSysTimeReader: Negative user/sys time delta for UID=10163
07-02 20:10:46.412  1958  2014 E KernelCpuUidUserSysTimeReader: Prev times: u=22141 s=10352 Curr times: u=22229 s=10313
07-02 20:10:46.449 25666 26024 W BpBinder: Slow Binder: BpBinder transact took 243ms, interface=com.android.internal.app.IBatteryStats, code=16 oneway=false
07-02 20:10:46.479  1958  2014 E BatteryExternalStatsWorker: no controller energy info supplied for bluetooth
07-02 20:10:47.014  1958  2011 I ActivityManager: Start proc 29821:com.google.process.gservices/u0a185 for content provider {com.google.android.gsf/com.google.android.gsf.gservices.GservicesProvider} caller=com.google.android.youtube
07-02 20:10:47.259 29752 29786 W BpBinder: Slow Binder: BpBinder transact took 276ms, interface=android.app.IActivityManager, code=20 oneway=false
07-02 20:10:47.699  1958  2010 W BroadcastQueue: Permission Denial: broadcasting Intent { act=android.net.conn.CONNECTIVITY_CHANGE flg=0x4200010 (has extras) } from null (pid=-1, uid=-1) requires com.google.android.youtube.DYNAMIC_RECEIVER_NOT_EXPORTED_PERMISSION due to registered receiver BroadcastFilter{fc7844d 10204/u0 ReceiverList{e4687e4 29752 com.google.android.youtube/10204/u0 remote:8cd8f77}}
07-02 20:10:48.943  1958  2011 I ActivityManager: Start proc 29893:com.android.chrome/u0a193 for service {com.android.chrome/org.chromium.chrome.browser.customtabs.CustomTabsConnectionService} caller=com.google.android.youtube
07-02 20:10:50.049  1958  2011 I ActivityManager: Start proc 29965:com.android.vending/u0a175 for service {com.android.vending/com.google.android.finsky.installservice.DevTriggeredUpdateService} caller=com.android.chrome
07-02 20:10:50.080  1958  2011 I ActivityManager: Start proc 29981:com.android.chrome:privileged_process0/u0a193 for service {com.android.chrome/org.chromium.content.app.PrivilegedProcessService0} caller=com.android.chrome
07-02 20:10:50.842  1958  2011 I ActivityManager: Start proc 30021:com.google.android.webview:sandboxed_process0:org.chromium.content.app.SandboxedProcessService0:0/u0i216 for  {com.BHG.gurbani/org.chromium.content.app.SandboxedProcessService0:0} caller=com.BHG.gurbani
07-02 20:10:51.207  1958  2011 I ActivityManager: Start proc 30081:com.google.android.webview:webview_service/u0a192 for service {com.google.android.webview/org.chromium.android_webview.services.ComponentsProviderService} caller=com.BHG.gurbani
07-02 20:10:51.399 28613 28613 W Looper  : Slow Looper main: doFrame is 880ms late because of 1 msg, msg 1 took 879ms (seq=1105 running=185ms runnable=41ms io=569ms late=9ms h=android.os.Handler c=androidx.fragment.app.FragmentManager$5)
07-02 20:10:52.259  3855 10560 W MiuiPerfServiceClient: interceptAndQueuing:28613|com.BHG.gurbani|949|845|unknown|null|com.BHG.gurbani/com.BHG.gurbani.MainActivity|85168123029905|Slow main thread|1
07-02 20:10:52.825 29893 29893 W Looper  : Slow Looper main: Long Msg: seq=12 plan=20:10:49.312  late=1ms wall=3512ms running=437ms runnable=12ms io=2684ms h=android.os.Handler c=W96
07-02 20:10:53.010 29893 29957 W FileUtils: Slow Operation: fsync took 127ms
07-02 20:10:53.262  1958  2011 W ActivityManager: Slow operation: 430ms so far, now at startProcess: returned from zygote!
07-02 20:10:53.262  1958  2011 W ActivityManager: Slow operation: 430ms so far, now at startProcess: done updating battery stats
07-02 20:10:53.263  1958  2011 W ActivityManager: Slow operation: 431ms so far, now at startProcess: building log message
07-02 20:10:53.263  1958  2011 I ActivityManager: Start proc 30219:com.android.chrome:sandboxed_process0:org.chromium.content.app.SandboxedProcessService0:0/u0ai0 for  {com.android.chrome/org.chromium.content.app.SandboxedProcessService0:0} caller=com.android.chrome
07-02 20:10:53.263  1958  2011 W ActivityManager: Slow operation: 431ms so far, now at startProcess: starting to updatepids map
07-02 20:10:53.263  1958  2011 W ActivityManager: Slow operation: 431ms so far, now at startProcess: done updating pidsmap
07-02 20:10:53.599 29893 29957 W FileUtils: Slow Operation: fsync took 165ms
07-02 20:10:53.699 29965 29965 W Looper  : Slow Looper main: Long Msg: seq=2 plan=20:10:50.101  late=2ms wall=3597ms running=182ms runnable=93ms io=2990ms h=android.app.ActivityThread$H w=110
07-02 20:10:53.923 28613 28613 W InputEventReceiver: App Input: Dispatching InputEvent took 105ms in main thread! (MotionEvent: event_seq=219, seq=402133, action=ACTION_DOWN)
07-02 20:10:54.040  1958  1958 W WindowManager: removeWindowToken: Attempted to remove non-existing token: android.os.Binder@542e7ff
07-02 20:10:54.060  1958  2011 I ActivityManager: Start proc 30304:com.google.process.gapps/u0a185 for content provider{com.google.android.gsf/com.google.android.gsf.settings.GoogleSettingsProvider} caller=com.android.vending
07-02 20:10:54.163 29893 29957 W FileUtils: Slow Operation: fsync took 163ms
07-02 20:10:54.315 29965 30247 W BpBinder: Slow Binder: BpBinder transact took 294ms, interface=android.app.IActivityManager, code=20 oneway=false
07-02 20:10:54.400  1958  2011 I ActivityManager: Start proc 30359:com.android.vending:background/u0a175 for service {com.android.vending/com.google.frameworks.client.data.android.server.play.BackgroundProcessEndpointService} caller=com.android.vending
07-02 20:10:54.679  1958  2066 I ActivityManager: Killing 30046:com.google.android.googlequicksearchbox:search/u0a186 (adj 935): empty #17
07-02 20:10:54.685  1958  2066 I ActivityManager: Killing 30084:com.google.android.googlequicksearchbox:googleapp/u0a186 (adj 945): empty #18
07-02 20:10:54.688  1958  2066 I ActivityManager: Killing 28276:android.process.acore/u0a64 (adj 955): empty #19
07-02 20:10:54.689  1958  2066 I ActivityManager: Killing 19935:com.miui.securitycenter/1000 (adj 965): empty #20
07-02 20:10:54.769  1958  1996 W ActivityManager: setHasOverlayUi called on unknown pid: 19935
07-02 20:10:54.813  1958  5236 W ActivityManager: Exception when unbinding service com.google.android.googlequicksearchbox/com.google.android.libraries.search.integrations.tiktok.RemoteWorkerService_googleapp
07-02 20:10:54.813  1958  5236 W ActivityManager: android.os.DeadObjectException
07-02 20:10:54.813  1958  5236 W ActivityManager:       at android.os.BinderProxy.transactNative(Native Method)
07-02 20:10:54.813  1958  5236 W ActivityManager:       at android.os.BinderProxy.transact(BinderProxy.java:511)
07-02 20:10:54.813  1958  5236 W ActivityManager:       at android.app.IApplicationThread$Stub$Proxy.scheduleUnbindService(IApplicationThread.java:1627)
07-02 20:10:54.813  1958  5236 W ActivityManager:       at com.android.server.am.ActiveServices.removeConnectionLocked(ActiveServices.java:3440)
07-02 20:10:54.813  1958  5236 W ActivityManager:       at com.android.server.am.ActiveServices.killServicesLocked(ActiveServices.java:3859)
07-02 20:10:54.813  1958  5236 W ActivityManager:       at com.android.server.am.ActivityManagerService.cleanUpApplicationRecordLocked(ActivityManagerService.java:14080)
07-02 20:10:54.813  1958  5236 W ActivityManager:       at com.android.server.am.ActivityManagerService.handleAppDiedLocked(ActivityManagerService.java:3716)
07-02 20:10:54.813  1958  5236 W ActivityManager:       at com.android.server.am.ActivityManagerService.appDiedLocked(ActivityManagerService.java:3889)
07-02 20:10:54.813  1958  5236 W ActivityManager:       at com.android.server.am.ActivityManagerService$AppDeathRecipient.binderDied(ActivityManagerService.java:1537)
07-02 20:10:54.813  1958  5236 W ActivityManager:       at android.os.BinderProxy.sendDeathNotice(BinderProxy.java:621)
07-02 20:10:55.419  1958  5255 W BaseMiuiPhoneWindowManager: keyCode:3 down:true eventTime:85172092 downTime:85172092 policyFlags:2b000002 flags:48 deviceId:-1 isScreenOn:true keyguardActive:false repeatCount:0
07-02 20:10:55.458  1958  5255 W BaseMiuiPhoneWindowManager: keyCode:3 down:false eventTime:85172179 downTime:85172092 policyFlags:2b000002 flags:48 deviceId:-1 isScreenOn:true keyguardActive:false repeatCount:0
07-02 20:10:55.486  1958  2089 I ActivityTaskManager: START u0 {act=android.intent.action.MAIN cat=[android.intent.category.HOME] flg=0x10000100 cmp=com.miui.home/.launcher.Launcher (has extras)} from uid 0
07-02 20:10:55.555  1958  2089 I Timeline: Timeline: App_transition_ready time:85172277
07-02 20:10:55.557 28613 28613 W ActivityThread: SCHED: com.BHG.gurbani/.MainActivity [78, r=930ms, a=262ms, w=21474ms]
07-02 20:10:55.562  1958  3417 I Timeline: Timeline: App_transition_ready time:85172284
07-02 20:10:55.572  1958  1997 I Timeline: Timeline: App_transition_ready time:85172294
07-02 20:10:55.583  1958  5236 I Timeline: Timeline: App_transition_ready time:85172305
07-02 20:10:55.584  1958  1997 I Timeline: Timeline: App_transition_ready time:85172306
07-02 20:10:55.603  1958  1997 I Timeline: Timeline: App_transition_ready time:85172325
07-02 20:10:55.609  1958 15738 W BoostFramework: Slow Operation: BoostFramework perfUXEngine_trigger took 27ms
07-02 20:10:55.642  1958  5271 I Timeline: Timeline: App_transition_ready time:85172363
07-02 20:10:55.656  1958  1997 I Timeline: Timeline: App_transition_ready time:85172377
07-02 20:10:55.743  1958  5236 W BaseMiuiPhoneWindowManager: keyCode:82 down:true eventTime:85172464 downTime:85172464 policyFlags:2b000002 flags:48 deviceId:-1 isScreenOn:true keyguardActive:false repeatCount:0
07-02 20:10:55.790  1958  2089 W WindowManager: Failed looking up window callers=com.android.server.wm.InputManagerCallback.interceptKeyBeforeDispatching:191 com.android.server.input.InputManagerService.interceptKeyBeforeDispatching:1920 <bottom of call stack>
07-02 20:10:55.798  1958  5236 I Timeline: Timeline: App_transition_ready time:85172519
07-02 20:10:55.816  1958  5236 W BaseMiuiPhoneWindowManager: keyCode:82 down:false eventTime:85172537 downTime:85172464policyFlags:2b000002 flags:48 deviceId:-1 isScreenOn:true keyguardActive:false repeatCount:0
07-02 20:10:55.817  1958  2089 W WindowManager: Failed looking up window callers=com.android.server.wm.InputManagerCallback.interceptKeyBeforeDispatching:191 com.android.server.input.InputManagerService.interceptKeyBeforeDispatching:1920 <bottom of call stack>
07-02 20:10:55.912  1958  1997 I Timeline: Timeline: App_transition_ready time:85172633
07-02 20:10:56.405  1958  5271 I Timeline: Timeline: Activity_windows_visible id: ActivityRecord{ddb1799 u0 com.miui.home/.launcher.Launcher t1} time:85173127
07-02 20:10:56.408  1958  1997 I Timeline: Timeline: App_transition_stopped time:85173130
07-02 20:10:56.414  1958  1996 I ActivityManager: Killing 28730:com.google.android.documentsui/u0a66 (adj 955): empty #17
07-02 20:10:56.479  1958  1996 W ActivityManager: setHasOverlayUi called on unknown pid: 28730
07-02 20:10:56.645  1958  5255 W BaseMiuiPhoneWindowManager: keyCode:82 down:true eventTime:85173366 downTime:85173366 policyFlags:2b000002 flags:48 deviceId:-1 isScreenOn:true keyguardActive:false repeatCount:0
07-02 20:10:56.701  1958  5255 W BaseMiuiPhoneWindowManager: keyCode:82 down:false eventTime:85173422 downTime:85173366policyFlags:2b000002 flags:48 deviceId:-1 isScreenOn:true keyguardActive:false repeatCount:0
07-02 20:10:56.727  1958  1996 W WindowManager: setLauncherState= 2
07-02 20:10:57.092  1958  4526 I ProcessManager: Kill reason OneKeyClean from pid=25324
07-02 20:10:57.095  1958  4526 I ProcessManager: mLruProcesses size=55
07-02 20:10:57.097  1958  1996 I ActivityManager: Killing 29401:com.android.camera/u0a76 (adj 945): empty #17
07-02 20:10:57.099  1958  1996 I ActivityManager: Killing 29321:com.google.android.ext.services/u0a71 (adj 955): empty #18
07-02 20:10:57.102  1958  4526 I ProcessManager: OneKeyClean: kill com.BHG.gurbani Adj=805 State=20
07-02 20:10:57.102  1958  4526 I ActivityManager: Killing 28613:com.BHG.gurbani/u0a773 (adj 805): OneKeyClean
07-02 20:10:57.103  1958  4526 I ProcessManager: OneKeyClean: kill com.android.vending Adj=815 State=20
07-02 20:10:57.104  1958  4526 I ActivityManager: Killing 29965:com.android.vending/u0a175 (adj 815): OneKeyClean
07-02 20:10:57.105  1958  4526 I ProcessManager: OneKeyClean: kill com.android.vending:background Adj=815 State=20
07-02 20:10:57.109  1958  4526 I ActivityManager: Killing 30359:com.android.vending:background/u0a175 (adj 815): OneKeyClean
07-02 20:10:57.111  1958  4526 I ProcessManager: OneKeyClean: kill com.google.process.gapps Adj=825 State=20
07-02 20:10:57.111  1958  4526 I ActivityManager: Killing 30304:com.google.process.gapps/u0a185 (adj 825): OneKeyClean
07-02 20:10:57.112  1958  4526 I ProcessManager: OneKeyClean: kill com.google.process.gservices Adj=835 State=20
07-02 20:10:57.113  1958  4526 I ActivityManager: Killing 29821:com.google.process.gservices/u0a185 (adj 835): OneKeyClean
07-02 20:10:57.113  1958  4526 I ProcessManager: OneKeyClean: kill com.android.chrome:sandboxed_process0:org.chromium.content.app.SandboxedProcessService0:0 Adj=845 State=20
07-02 20:10:57.114  1958  4526 I ActivityManager: Killing 30219:com.android.chrome:sandboxed_process0:org.chromium.content.app.SandboxedProcessService0:0/u0a193i-9000 (adj 845): OneKeyClean
07-02 20:10:57.115  1958  4526 I ProcessManager: OneKeyClean: kill com.google.android.webview:sandboxed_process0:org.chromium.content.app.SandboxedProcessService0:0 Adj=805 State=20
07-02 20:10:57.115  1958  4526 I ActivityManager: Killing 30021:com.google.android.webview:sandboxed_process0:org.chromium.content.app.SandboxedProcessService0:0/u0a773i216 (adj 805): OneKeyClean
07-02 20:10:57.116  1958  4526 I ProcessManager: OneKeyClean: kill com.google.android.webview:webview_service Adj=855 State=20
07-02 20:10:57.116  1958  4526 I ActivityManager: Killing 30081:com.google.android.webview:webview_service/u0a192 (adj 855): OneKeyClean
07-02 20:10:57.117  1958  4526 I ProcessManager: OneKeyClean: kill com.android.chrome:privileged_process0 Adj=865 State=20
07-02 20:10:57.118  1958  4526 I ActivityManager: Killing 29981:com.android.chrome:privileged_process0/u0a193 (adj 865): OneKeyClean
07-02 20:10:57.118  1958  4526 I ProcessManager: OneKeyClean: kill com.google.android.youtube Adj=875 State=20
07-02 20:10:57.119  1958  4526 I ActivityManager: Killing 29752:com.google.android.youtube/u0a204 (adj 875): OneKeyClean
07-02 20:10:57.120  1958  4526 I ProcessManager: OneKeyClean: kill com.android.chrome Adj=885 State=20
07-02 20:10:57.121  1958  4526 I ActivityManager: Killing 29893:com.android.chrome/u0a193 (adj 885): OneKeyClean
07-02 20:10:57.122  1958  4526 I ProcessManager: OneKeyClean: kill com.qualcomm.telephony Adj=500 State=11
07-02 20:10:57.122  1958  4526 I ActivityManager: Killing 29727:com.qualcomm.telephony/u0a195 (adj 500): OneKeyClean
07-02 20:10:57.123  1958  4526 I ProcessManager: OneKeyClean: kill com.miui.gallery Adj=895 State=20
07-02 20:10:57.123  1958  4526 I ActivityManager: Killing 29349:com.miui.gallery/u0a103 (adj 895): OneKeyClean
07-02 20:10:57.124  1958  4526 I ProcessManager: OneKeyClean: kill com.android.smspush Adj=100 State=7
07-02 20:10:57.124  1958  4526 I ActivityManager: Killing 29645:com.android.smspush/u0a155 (adj 100): OneKeyClean
07-02 20:10:57.125  1958  4526 I ProcessManager: OneKeyClean: kill com.xiaomi.simactivate.service Adj=905 State=20
07-02 20:10:57.126  1958  4526 I ActivityManager: Killing 29576:com.xiaomi.simactivate.service/u0a163 (adj 905): OneKeyClean
07-02 20:10:57.126  1958  4526 I ProcessManager: OneKeyClean: kill com.miui.cloudservice:galleryproxy Adj=915 State=20
07-02 20:10:57.127  1958  4526 I ActivityManager: Killing 29551:com.miui.cloudservice:galleryproxy/u0a126 (adj 915): OneKeyClean
07-02 20:10:57.127  1958  4526 I ProcessManager: OneKeyClean: kill com.xiaomi.account Adj=925 State=20
07-02 20:10:57.128  1958  4526 I ActivityManager: Killing 29474:com.xiaomi.account/u0a112 (adj 925): OneKeyClean
07-02 20:10:57.129  1958  4526 I ProcessManager: OneKeyClean: kill com.miui.msa.global Adj=800 State=11
07-02 20:10:57.130  1958  4526 I ActivityManager: Killing 28769:com.miui.msa.global/u0a123 (adj 800): OneKeyClean
