07-03 20:33:24.172  1958  2010 W BroadcastQueue: Background execution not allowed: receiving Intent { act=android.intent.action.PACKAGE_REPLACED dat=package:com.BHG.gurbani flg=0x4000010 (has extras) } to com.jio.myjio/com.inn.passivesdk.receiver.PackageReceiver
07-03 20:33:24.326  8497  8600 I Ad      : isPersonalizedAdEnabled getAdSettings: 3
07-03 20:33:24.866  1958  1958 W Looper  : Slow dispatch took 896ms main h=android.app.ActivityThread$H c=android.app.-$$Lambda$LoadedApk$ReceiverDispatcher$Args$_BumDX2UKsnxLVrE6UJsJZkotuA@2bb5995 m=0
07-03 20:33:24.866  1958  1958 W Looper  : Slow delivery took 950ms main h=android.app.ActivityThread$H c=android.app.-$$Lambda$LoadedApk$ReceiverDispatcher$Args$_BumDX2UKsnxLVrE6UJsJZkotuA@d4ebaaa m=0
07-03 20:33:25.087  1958  1958 W Looper  : Slow dispatch took 221ms main h=android.app.ActivityThread$H c=android.app.-$$Lambda$LoadedApk$ReceiverDispatcher$Args$_BumDX2UKsnxLVrE6UJsJZkotuA@c6d9cae m=0
07-03 20:33:25.095  1958  1958 I Telecom : DefaultDialerCache: Refreshing default dialer for user 0: now com.android.contacts: DDC.oR@CVI
07-03 20:33:27.849  1958  1958 W Looper  : Drained
07-03 20:33:31.997  1958  4008 I ActivityManager: Killing 8296:com.miui.msa.global:ui/u0a123 (adj 965): empty #17
07-03 20:34:25.413 25324 25324 I Timeline: Timeline: Activity_launch_request time:118387659
07-03 20:34:25.416  1958  2066 I ActivityTaskManager: START u0 {act=android.intent.action.MAIN cat=[android.intent.category.LAUNCHER] flg=0x10200000 cmp=com.BHG.gurbani/.SplashActivity bnds=[579,757][755,933] (has extras)} from uid 10094
07-03 20:34:25.442 25324 25324 W ActivityThread: SCHED: com.miui.home/.launcher.Launcher [79, r=46ms, a=12ms, w=67658ms]
07-03 20:34:25.518  1958  2360 I ActivityManager: Start proc 10280:com.BHG.gurbani/u0a776 for activity {com.BHG.gurbani/com.BHG.gurbani.SplashActivity} caller=com.miui.home
07-03 20:34:25.530  1958  1997 I Timeline: Timeline: App_transition_ready time:118387776
07-03 20:34:25.718  1958  1997 I Timeline: Timeline: App_transition_stopped time:118387963
07-03 20:34:25.751  1958  4008 E WindowManager: App trying to use insecure INPUT_FEATURE_NO_INPUT_CHANNEL flag. Ignoring
07-03 20:34:25.853  1958  1997 I Timeline: Timeline: Activity_windows_visible id: ActivityRecord{286ad07 u0 com.BHG.gurbani/.SplashActivity t1657} time:118388098
07-03 20:34:28.743 10280 10280 I Timeline: Timeline: Activity_launch_request time:118390988
07-03 20:34:28.744  1958  4008 I ActivityTaskManager: START u0 {cmp=com.BHG.gurbani/.AuthActivity} from uid 10776
07-03 20:34:28.766 10280 10280 W ActivityThread: SCHED: com.BHG.gurbani/.SplashActivity [65, r=21ms, a=11ms, w=3023ms]
07-03 20:34:28.770  1958  2360 I ActivityTaskManager: The Process com.BHG.gurbani Already Exists in BG. So sending its PID: 10280
07-03 20:34:28.773  1958  2360 I Timeline: Timeline: App_transition_ready time:118391019
07-03 20:34:28.898 10280 10280 I Timeline: Timeline: Activity_launch_request time:118391144
07-03 20:34:28.899  1958  4008 I ActivityTaskManager: START u0 {cmp=com.BHG.gurbani/.MainActivity} from uid 10776
07-03 20:34:28.909  1958  2360 I ActivityTaskManager: The Process com.BHG.gurbani Already Exists in BG. So sending its PID: 10280
07-03 20:34:28.912  1958  2360 I Timeline: Timeline: App_transition_ready time:118391158
07-03 20:34:28.914  1958  1997 I Timeline: Timeline: App_transition_ready time:118391160
07-03 20:34:29.046  1958  4415 E WindowManager: App trying to use insecure INPUT_FEATURE_NO_INPUT_CHANNEL flag. Ignoring
07-03 20:34:29.068  1958  4008 I Timeline: Timeline: App_transition_ready time:118391314
07-03 20:34:29.071  1958  4008 I Timeline: Timeline: App_transition_ready time:118391316
07-03 20:34:29.135  1958  1997 I Timeline: Timeline: App_transition_ready time:118391380
07-03 20:34:29.382  1958  1997 I Timeline: Timeline: Activity_windows_visible id: ActivityRecord{2b9f719 u0 com.BHG.gurbani/.MainActivity t1657} time:118391628
07-03 20:34:29.385  1958  1997 I Timeline: Timeline: App_transition_stopped time:118391630
07-03 20:34:30.995 10280 10280 I Timeline: Timeline: Activity_launch_request time:118393241
07-03 20:34:30.996  1958  2360 I ActivityTaskManager: START u0 {cmp=com.BHG.gurbani/.UploadActivity} from uid 10776
07-03 20:34:31.014 10280 10280 W ActivityThread: SCHED: com.BHG.gurbani/.MainActivity [85, r=261ms, a=45ms, w=1976ms]
07-03 20:34:31.016  3855 25839 W MiuiPerfServiceClient: interceptAndQueuing:10280|com.BHG.gurbani|163|153|unknown|null|com.BHG.gurbani/com.BHG.gurbani.MainActivity|118392375736345|Slow handle traversal|2
07-03 20:34:31.018  1958  2360 I ActivityTaskManager: The Process com.BHG.gurbani Already Exists in BG. So sending its PID: 10280
07-03 20:34:31.024  1958  2360 I Timeline: Timeline: App_transition_ready time:118393270
07-03 20:34:31.100  1958  2360 E WindowManager: App trying to use insecure INPUT_FEATURE_NO_INPUT_CHANNEL flag. Ignoring
07-03 20:34:31.120  1958  4525 I Timeline: Timeline: App_transition_ready time:118393365
07-03 20:34:31.121  1958  4525 I Timeline: Timeline: App_transition_ready time:118393366
07-03 20:34:31.186  1958  1997 I Timeline: Timeline: App_transition_ready time:118393432
07-03 20:34:31.433  1958  1997 I Timeline: Timeline: Activity_windows_visible id: ActivityRecord{524b366 u0 com.BHG.gurbani/.UploadActivity t1657} time:118393679
07-03 20:34:31.435  1958  1997 I Timeline: Timeline: App_transition_stopped time:118393681
07-03 20:34:32.046 10280 10280 I Timeline: Timeline: Activity_launch_request time:118394292
07-03 20:34:32.048  1958  2066 I ActivityTaskManager: START u0 {act=android.intent.action.GET_CONTENT typ=image/* cmp=com.google.android.documentsui/com.android.documentsui.picker.PickActivity} from uid 10776
07-03 20:34:32.060 10280 10280 W ActivityThread: SCHED: com.BHG.gurbani/.UploadActivity [78, r=36ms, a=10ms, w=964ms]
07-03 20:34:32.061  1958  4415 I ActivityTaskManager: The Process com.google.android.documentsui Already Exists in BG. So sending its PID: 9970
07-03 20:34:32.067  1958  4415 I Timeline: Timeline: App_transition_ready time:118394313
07-03 20:34:32.118  1958  2066 E WindowManager: App trying to use insecure INPUT_FEATURE_NO_INPUT_CHANNEL flag. Ignoring
07-03 20:34:32.190  1958  2066 I Timeline: Timeline: App_transition_ready time:118394436
07-03 20:34:32.191  1958  2066 I Timeline: Timeline: App_transition_ready time:118394437
07-03 20:34:32.314  1958  1997 I Timeline: Timeline: App_transition_ready time:118394559
07-03 20:34:32.568  1958  1997 I Timeline: Timeline: Activity_windows_visible id: ActivityRecord{37dd28f u0 com.google.android.documentsui/com.android.documentsui.picker.PickActivity t1657} time:118394813
07-03 20:34:32.569  1958  1997 I Timeline: Timeline: App_transition_stopped time:118394815
07-03 20:34:33.127  9970  9970 W ActivityThread: SCHED: com.google.android.documentsui/com.android.documentsui.picker.PickActivity [90, r=257ms, a=26ms, w=1014ms]
07-03 20:34:33.136  1958  2351 I Timeline: Timeline: App_transition_ready time:118395382
07-03 20:34:33.139  1958  4525 I Timeline: Timeline: App_transition_ready time:118395385
07-03 20:34:33.146 10280 10280 I Timeline: Timeline: Activity_launch_request time:118395392
07-03 20:34:33.148  1958  4525 W ActivityTaskManager: aInfo is null for resolve intent: Intent { cmp=com.BHG.gurbani/com.yalantis.ucrop.UCropActivity (has extras) }
07-03 20:34:33.148  1958  4525 W ActivityTaskManagerServiceInjector: Intent or aInfo is null!
07-03 20:34:33.148  1958  4525 I ActivityTaskManager: START u0 {cmp=com.BHG.gurbani/com.yalantis.ucrop.UCropActivity (has extras)} from uid 10776
07-03 20:34:33.150 10280 10280 E AndroidRuntime: FATAL EXCEPTION: main
07-03 20:34:33.150 10280 10280 E AndroidRuntime: Process: com.BHG.gurbani, PID: 10280
07-03 20:34:33.150 10280 10280 E AndroidRuntime: java.lang.RuntimeException: Failure delivering result ResultInfo{who=null, request=101, result=-1, data=Intent { dat=content://com.android.providers.media.documents/document/image:5859 flg=0x1 }} to activity {com.BHG.gurbani/com.BHG.gurbani.UploadActivity}: android.content.ActivityNotFoundException: Unable tofind explicit activity class {com.BHG.gurbani/com.yalantis.ucrop.UCropActivity}; have you declared this activity in your AndroidManifest.xml?
07-03 20:34:33.150 10280 10280 E AndroidRuntime:        at android.app.ActivityThread.deliverResults(ActivityThread.java:4960)
07-03 20:34:33.150 10280 10280 E AndroidRuntime:        at android.app.ActivityThread.handleSendResult(ActivityThread.java:5001)
07-03 20:34:33.150 10280 10280 E AndroidRuntime:        at android.app.servertransaction.ActivityResultItem.execute(ActivityResultItem.java:51)
07-03 20:34:33.150 10280 10280 E AndroidRuntime:        at android.app.servertransaction.TransactionExecutor.executeCallbacks(TransactionExecutor.java:135)
07-03 20:34:33.150 10280 10280 E AndroidRuntime:        at android.app.servertransaction.TransactionExecutor.execute(TransactionExecutor.java:95)
07-03 20:34:33.150 10280 10280 E AndroidRuntime:        at android.app.ActivityThread$H.handleMessage(ActivityThread.java:2047)
07-03 20:34:33.150 10280 10280 E AndroidRuntime:        at android.os.Handler.dispatchMessage(Handler.java:107)
07-03 20:34:33.150 10280 10280 E AndroidRuntime:        at android.os.Looper.loop(Looper.java:224)
07-03 20:34:33.150 10280 10280 E AndroidRuntime:        at android.app.ActivityThread.main(ActivityThread.java:7592)
07-03 20:34:33.150 10280 10280 E AndroidRuntime:        at java.lang.reflect.Method.invoke(Native Method)
07-03 20:34:33.150 10280 10280 E AndroidRuntime:        at com.android.internal.os.RuntimeInit$MethodAndArgsCaller.run(RuntimeInit.java:539)
07-03 20:34:33.150 10280 10280 E AndroidRuntime:        at com.android.internal.os.ZygoteInit.main(ZygoteInit.java:950)
07-03 20:34:33.150 10280 10280 E AndroidRuntime: Caused by: android.content.ActivityNotFoundException: Unable to find explicit activity class {com.BHG.gurbani/com.yalantis.ucrop.UCropActivity}; have you declared this activity in your AndroidManifest.xml?
07-03 20:34:33.150 10280 10280 E AndroidRuntime:        at android.app.Instrumentation.checkStartActivityResult(Instrumentation.java:2064)
07-03 20:34:33.150 10280 10280 E AndroidRuntime:        at android.app.Instrumentation.execStartActivity(Instrumentation.java:1720)
07-03 20:34:33.150 10280 10280 E AndroidRuntime:        at android.app.Activity.startActivityForResult(Activity.java:5258)
07-03 20:34:33.150 10280 10280 E AndroidRuntime:        at androidx.activity.ComponentActivity.startActivityForResult(ComponentActivity.java:780)
07-03 20:34:33.150 10280 10280 E AndroidRuntime:        at android.app.Activity.startActivityForResult(Activity.java:5216)
07-03 20:34:33.150 10280 10280 E AndroidRuntime:        at androidx.activity.ComponentActivity.startActivityForResult(ComponentActivity.java:761)
07-03 20:34:33.150 10280 10280 E AndroidRuntime:        at com.yalantis.ucrop.UCrop.start(UCrop.java:138)
07-03 20:34:33.150 10280 10280 E AndroidRuntime:        at com.yalantis.ucrop.UCrop.start(UCrop.java:128)
07-03 20:34:33.150 10280 10280 E AndroidRuntime:        at com.BHG.gurbani.UploadActivity.onActivityResult(UploadActivity.kt:69)
07-03 20:34:33.150 10280 10280 E AndroidRuntime:        at android.app.Activity.dispatchActivityResult(Activity.java:8249)
07-03 20:34:33.150 10280 10280 E AndroidRuntime:        at android.app.ActivityThread.deliverResults(ActivityThread.java:4953)
07-03 20:34:33.150 10280 10280 E AndroidRuntime:        ... 11 more
07-03 20:34:33.154  1958 10448 I DropBoxManagerService: add tag=data_app_crash isTagEnabled=true flags=0x2
07-03 20:34:33.154  1958  4008 W ActivityTaskManager:   Force finishing activity com.BHG.gurbani/.UploadActivity
07-03 20:34:33.163  1958  2010 W BroadcastQueue: Background execution not allowed: receiving Intent { act=android.intent.action.DROPBOX_ENTRY_ADDED flg=0x10 (has extras) } to com.google.android.gms/.stats.service.DropBoxEntryAddedReceiver
07-03 20:34:33.297  1958  4415 I WindowManager: WIN DEATH: Window{cea7051 u0 com.BHG.gurbani/com.BHG.gurbani.MainActivity}
07-03 20:34:33.298  1958  3853 I ActivityManager: Process com.BHG.gurbani (pid 10280) has died: fore TOP
07-03 20:34:33.301  1958  4525 I WindowManager: WIN DEATH: Window{485ecec u0 com.BHG.gurbani/com.BHG.gurbani.UploadActivity}
07-03 20:34:33.319  1958  1996 W ActivityManager: setHasOverlayUi called on unknown pid: 10280
07-03 20:34:33.367  1958  2011 I ActivityManager: Start proc 10487:com.BHG.gurbani/u0a776 for activity {com.BHG.gurbani/com.BHG.gurbani.MainActivity} caller=com.BHG.gurbani
07-03 20:34:33.399  1958  1997 I Timeline: Timeline: App_transition_ready time:118395645
07-03 20:34:33.399  1958  1997 I Timeline: Timeline: App_transition_stopped time:118395645
07-03 20:34:33.656  1958  1996 W ActivityTaskManager: Activity top resumed state loss timeout for ActivityRecord{524b366 u0 com.BHG.gurbani/.UploadActivity t-1 f}
07-03 20:34:33.723  1958  4415 E WindowManager: App trying to use insecure INPUT_FEATURE_NO_INPUT_CHANNEL flag. Ignoring
07-03 20:34:33.800  1958  1997 I Timeline: Timeline: Activity_windows_visible id: ActivityRecord{2b9f719 u0 com.BHG.gurbani/.MainActivity t1657} time:118396046
07-03 20:34:37.136  1958  3853 I ActivityManager: Killing 8022:com.whatsapp/u0a762 (adj 965): empty #17
07-03 20:35:17.214  1958  2202 W BaseMiuiPhoneWindowManager: keyCode:3 down:true eventTime:118439456 downTime:118439456policyFlags:2b000002 flags:48 deviceId:-1 isScreenOn:true keyguardActive:false repeatCount:0
07-03 20:35:17.263  1958  2202 W BaseMiuiPhoneWindowManager: keyCode:3 down:false eventTime:118439508 downTime:118439456 policyFlags:2b000002 flags:48 deviceId:-1 isScreenOn:true keyguardActive:false repeatCount:0
07-03 20:35:17.267  1958  2089 I ActivityTaskManager: START u0 {act=android.intent.action.MAIN cat=[android.intent.category.HOME] flg=0x10000100 cmp=com.miui.home/.launcher.Launcher (has extras)} from uid 0
07-03 20:35:17.322  1958  2089 I Timeline: Timeline: App_transition_ready time:118439568
07-03 20:35:17.325  1958  3132 I Timeline: Timeline: App_transition_ready time:118439571
07-03 20:35:17.326 10487 10487 W ActivityThread: SCHED: com.BHG.gurbani/.MainActivity [82, r=56ms, a=12ms, w=43614ms]
07-03 20:35:17.330  1958  4415 I Timeline: Timeline: App_transition_ready time:118439576
07-03 20:35:17.333  1958  1997 I Timeline: Timeline: App_transition_ready time:118439579
07-03 20:35:17.352  1958  5258 I Timeline: Timeline: App_transition_ready time:118439597
07-03 20:35:17.371  1958  1997 I Timeline: Timeline: App_transition_ready time:118439617
07-03 20:35:17.407  1958  1997 I Timeline: Timeline: App_transition_ready time:118439653
07-03 20:35:17.521  1958  4806 W BaseMiuiPhoneWindowManager: keyCode:82 down:true eventTime:118439766 downTime:118439766 policyFlags:2b000002 flags:48 deviceId:-1 isScreenOn:true keyguardActive:false repeatCount:0
07-03 20:35:17.585  1958  4806 W BaseMiuiPhoneWindowManager: keyCode:82 down:false eventTime:118439830 downTime:118439766 policyFlags:2b000002 flags:48 deviceId:-1 isScreenOn:true keyguardActive:false repeatCount:0
07-03 20:35:17.602  1958  4806 I Timeline: Timeline: Activity_windows_visible id: ActivityRecord{ddb1799 u0 com.miui.home/.launcher.Launcher t1} time:118439848
07-03 20:35:17.607  1958  1997 I Timeline: Timeline: App_transition_stopped time:118439852
07-03 20:35:17.629  1958  1996 W WindowManager: setLauncherState= 2
07-03 20:35:18.013  1958  3132 I ProcessManager: Kill reason OneKeyClean from pid=25324
07-03 20:35:18.018  1958  3132 I ProcessManager: mLruProcesses size=63
07-03 20:35:18.023  1958  1996 I ActivityManager: Killing 8382:com.google.android.apps.turbo/u0a184 (adj 965): empty #17
07-03 20:35:18.027  1958  3132 I ProcessManager: OneKeyClean: kill com.BHG.gurbani Adj=805 State=20
07-03 20:35:18.027  1958  3132 I ActivityManager: Killing 10487:com.BHG.gurbani/u0a776 (adj 805): OneKeyClean
07-03 20:35:18.035  1958  3132 I ProcessManager: OneKeyClean: kill com.miui.msa.global Adj=100 State=9
07-03 20:35:18.036  1958  3132 I ActivityManager: Killing 7459:com.miui.msa.global/u0a123 (adj 100): OneKeyClean
07-03 20:35:18.037  1958  3132 I ProcessManager: OneKeyClean: kill com.google.android.documentsui Adj=815 State=20
07-03 20:35:18.037  1958  3132 I ActivityManager: Killing 9970:com.google.android.documentsui/u0a66 (adj 815): OneKeyClean
07-03 20:35:18.038  1958  3132 I ProcessManager: OneKeyClean: kill com.android.vending Adj=825 State=20
07-03 20:35:18.039  1958  3132 I ActivityManager: Killing 9049:com.android.vending/u0a175 (adj 825): OneKeyClean
07-03 20:35:18.040  1958  3132 I ProcessManager: OneKeyClean: kill com.android.vending:background Adj=835 State=20
07-03 20:35:18.040  1958  3132 I ActivityManager: Killing 9553:com.android.vending:background/u0a175 (adj 835): OneKeyClean
07-03 20:35:18.042  1958  3132 I ProcessManager: OneKeyClean: kill com.miui.global.packageinstaller Adj=855 State=20
07-03 20:35:18.043  1958  3132 I ActivityManager: Killing 9023:com.miui.global.packageinstaller/u0a162 (adj 855): OneKeyClean
07-03 20:35:18.046  1958  3132 I ProcessManager: OneKeyClean: kill com.google.android.webview:sandboxed_process0:org.chromium.content.app.SandboxedProcessService0:0 Adj=855 State=20
07-03 20:35:18.047  1958  3132 I ActivityManager: Killing 9605:com.google.android.webview:sandboxed_process0:org.chromium.content.app.SandboxedProcessService0:0/u0a162i286 (adj 855): OneKeyClean
07-03 20:35:18.048  1958  3132 I ProcessManager: OneKeyClean: kill com.android.keychain Adj=865 State=20
07-03 20:35:18.049  1958  3132 I ActivityManager: Killing 9003:com.android.keychain/1000 (adj 865): OneKeyClean
07-03 20:35:18.052  1958  3132 I ProcessManager: OneKeyClean: kill com.miui.guardprovider Adj=100 State=5
07-03 20:35:18.052  1958  3132 I ActivityManager: Killing 8517:com.miui.guardprovider/u0a115 (adj 100): OneKeyClean
07-03 20:35:18.053  1958  3132 I ProcessManager: OneKeyClean: kill com.google.process.gservices Adj=885 State=20
07-03 20:35:18.053  1958  3132 I ActivityManager: Killing 8404:com.google.process.gservices/u0a185 (adj 885): OneKeyClean
07-03 20:35:18.055  1958  3132 I ProcessManager: OneKeyClean: kill com.android.chrome Adj=895 State=20
07-03 20:35:18.055  1958  3132 I ActivityManager: Killing 9849:com.android.chrome/u0a193 (adj 895): OneKeyClean
07-03 20:35:18.056  1958  3132 I ProcessManager: OneKeyClean: kill com.google.android.webview:webview_service Adj=905 State=20
07-03 20:35:18.057  1958  3132 I ActivityManager: Killing 9775:com.google.android.webview:webview_service/u0a192 (adj 905): OneKeyClean
07-03 20:35:18.057  1958  3132 I ProcessManager: OneKeyClean: kill com.google.process.gapps Adj=915 State=20
07-03 20:35:18.058  1958  3132 I ActivityManager: Killing 9496:com.google.process.gapps/u0a185 (adj 915): OneKeyClean
07-03 20:35:18.059  1958  3132 I ProcessManager: OneKeyClean: kill com.android.settings Adj=925 State=11
07-03 20:35:18.059  1958  3132 I ActivityManager: Killing 8161:com.android.settings/1000 (adj 925): OneKeyClean
07-03 20:35:18.064  1958  3132 I ProcessManager: OneKeyClean: kill com.xiaomi.mipicks Adj=825 State=20
07-03 20:35:18.064  1958  3132 I ActivityManager: Killing 8497:com.xiaomi.mipicks/u0a127 (adj 825): OneKeyClean
07-03 20:35:18.066  1958  3132 I ProcessManager: OneKeyClean: kill com.miui.analytics Adj=825 State=20
07-03 20:35:18.066  1958  3132 I ActivityManager: Killing 8666:com.miui.analytics/u0a105 (adj 825): OneKeyClean
07-03 20:35:18.070  1958  3132 I ProcessManager: OneKeyClean: kill com.facebook.services Adj=835 State=20
07-03 20:35:18.070  1958  3132 I ActivityManager: Killing 8113:com.facebook.services/u0a100 (adj 835): OneKeyClean
07-03 20:35:18.071  1958  3132 I ProcessManager: OneKeyClean: kill com.google.android.apps.wellbeing Adj=845 State=20
07-03 20:35:18.072  1958  3132 I ActivityManager: Killing 8272:com.google.android.apps.wellbeing/u0a189 (adj 845): OneKeyClean
07-03 20:35:18.073  1958  3132 I ProcessManager: OneKeyClean: kill com.qualcomm.telephony Adj=500 State=11
07-03 20:35:18.073  1958  3132 I ActivityManager: Killing 8230:com.qualcomm.telephony/u0a195 (adj 500): OneKeyClean
07-03 20:35:18.074  1958  3132 I ProcessManager: OneKeyClean: kill com.qualcomm.qti.workloadclassifier Adj=800 State=11
07-03 20:35:18.074  1958  3132 I ActivityManager: Killing 8207:com.qualcomm.qti.workloadclassifier/1000 (adj 800): OneKeyClean
07-03 20:35:18.075  1958  3132 I ProcessManager: OneKeyClean: kill com.android.settings:remote Adj=800 State=11
07-03 20:35:18.076  1958  3132 I ActivityManager: Killing 7989:com.android.settings:remote/1000 (adj 800): OneKeyClean
07-03 20:35:18.077  1958  3132 I ProcessManager: OneKeyClean: kill com.qti.diagservices Adj=800 State=11
07-03 20:35:18.077  1958  3132 I ActivityManager: Killing 7964:com.qti.diagservices/1000 (adj 800): OneKeyClean
07-03 20:35:18.078  1958  3132 I ProcessManager: OneKeyClean: kill com.android.smspush Adj=100 State=7
07-03 20:35:18.079  1958  3132 I ActivityManager: Killing 7437:com.android.smspush/u0a155 (adj 100): OneKeyClean
07-03 20:35:18.100  1958  3132 W ActivityManager: Scheduling restart of crashed service com.miui.global.packageinstaller/org.chromium.content.app.SandboxedProcessService0:0 in 1000ms
07-03 20:35:18.158  1958  4415 I AutoStartManagerService: MIUILOG- Reject RestartService packageName :com.miui.guardprovider uid : 10115
07-03 20:35:18.168  1958  4807 W ActivityManager: Scheduling restart of crashed service com.qualcomm.qti.workloadclassifier/.WLCService in 10932ms
07-03 20:35:18.171  1958  1981 W ActivityManager: Scheduling restart of crashed service com.android.smspush/.WapPushManager in 20929ms
07-03 20:35:18.179  1958  1979 W ActivityManager: Scheduling restart of crashed service com.qualcomm.atfwd/.AtFwdService in 30922ms
07-03 20:35:18.182  1958  5270 W ActivityManager: Scheduling restart of crashed service com.qti.diagservices/.QTIDiagServices in 40918ms
07-03 20:35:18.184  1958  4597 W ActivityManager: Scheduling restart of crashed service com.miui.analytics/.onetrack.OneTrackService in 50916ms
07-03 20:35:18.201  1958  1996 W ActivityManager: setHasOverlayUi called on unknown pid: 9970
07-03 20:35:18.220  1958  2202 W ActivityManager: Scheduling restart of crashed service com.android.settings/.dangerousoptions.DangerousOptionsWarningService in 60880ms
07-03 20:35:18.293  1958  2351 I WindowManager: WIN DEATH: Window{447f228 u0 com.BHG.gurbani/com.BHG.gurbani.MainActivity}
07-03 20:35:18.296  1958  1958 W ActivityManager: Exception when unbinding service com.miui.msa.global/com.miui.systemAdSolution.splashscreen.SplashScreenService
07-03 20:35:18.296  1958  1958 W ActivityManager: android.os.DeadObjectException
07-03 20:35:18.296  1958  1958 W ActivityManager:       at android.os.BinderProxy.transactNative(Native Method)
07-03 20:35:18.296  1958  1958 W ActivityManager:       at android.os.BinderProxy.transact(BinderProxy.java:511)
07-03 20:35:18.296  1958  1958 W ActivityManager:       at android.app.IApplicationThread$Stub$Proxy.scheduleUnbindService(IApplicationThread.java:1627)
07-03 20:35:18.296  1958  1958 W ActivityManager:       at com.android.server.am.ActiveServices.removeConnectionLocked(ActiveServices.java:3440)
07-03 20:35:18.296  1958  1958 W ActivityManager:       at com.android.server.am.ActiveServices.unbindServiceLocked(ActiveServices.java:2091)
07-03 20:35:18.296  1958  1958 W ActivityManager:       at com.android.server.am.ActivityManagerService.unbindService(ActivityManagerService.java:14480)
07-03 20:35:18.296  1958  1958 W ActivityManager:       at android.app.ContextImpl.unbindService(ContextImpl.java:1789)
07-03 20:35:18.296  1958  1958 W ActivityManager:       at com.miui.server.SplashScreenServiceDelegate$2.onServiceDisconnected(SplashScreenServiceDelegate.java:185)
07-03 20:35:18.296  1958  1958 W ActivityManager:       at android.app.LoadedApk$ServiceDispatcher.doDeath(LoadedApk.java:1977)
07-03 20:35:18.296  1958  1958 W ActivityManager:       at android.app.LoadedApk$ServiceDispatcher$RunConnection.run(LoadedApk.java:1992)
07-03 20:35:18.296  1958  1958 W ActivityManager:       at android.os.Handler.handleCallback(Handler.java:883)
07-03 20:35:18.296  1958  1958 W ActivityManager:       at android.os.Handler.dispatchMessage(Handler.java:100)
07-03 20:35:18.296  1958  1958 W ActivityManager:       at android.os.Looper.loop(Looper.java:224)
07-03 20:35:18.296  1958  1958 W ActivityManager:       at com.android.server.SystemServer.run(SystemServer.java:563)
07-03 20:35:18.296  1958  1958 W ActivityManager:       at com.android.server.SystemServer.main(SystemServer.java:367)
07-03 20:35:18.296  1958  1958 W ActivityManager:       at java.lang.reflect.Method.invoke(Native Method)
07-03 20:35:18.296  1958  1958 W ActivityManager:       at com.android.internal.os.RuntimeInit$MethodAndArgsCaller.run(RuntimeInit.java:539)
07-03 20:35:18.296  1958  1958 W ActivityManager:       at com.android.internal.os.ZygoteInit.main(ZygoteInit.java:928)
07-03 20:35:18.301  1958  5270 W ActivityManager: Scheduling restart of crashed service com.miui.msa.global/com.zeus.gmc.sdk.mobileads.msa.odi.service.OnDeviceIntelligenceService in 70799ms
07-03 20:35:18.310  1958  5258 W ActivityManager: Scheduling restart of crashed service com.android.settings/.connecteddevice.usb.MiUsbService in 80791ms
07-03 20:35:18.310  1958  1996 W ActivityManager: setHasOverlayUi called on unknown pid: 8161
07-03 20:35:18.357  1958  1996 W WindowManager: setLauncherState= 1
07-03 20:35:18.666  1958  5270 E WindowManager: App trying to use insecure INPUT_FEATURE_NO_INPUT_CHANNEL flag. Ignoring
07-03 20:35:19.147   788   903 W EventThreadInspector: slow VSync-sf on display(19260784713820289), count=1, avg=30 ms,max=30 ms.
07-03 20:35:19.528  1958  1996 I WindowManager: updateContrastOverlay, darkmode: true isContrastEnabled: false alpha: 0.0
07-03 20:35:19.547  1958  5270 I ActivityTaskManager: Config changes=200 {1.0 ?mcc?mnc [en_IN] ldltr sw400dp w400dp h790dp 432dpi nrml long port finger -keyb/v/h -nav/h winConfig={ mBounds=Rect(0, 0 - 1080, 2340) mAppBounds=Rect(0, 79 - 1080, 2213) mWindowingMode=fullscreen mDisplayWindowingMode=fullscreen mActivityType=undefined mAlwaysOnTop=undefined mRotation=ROTATION_0} s.635 themeChanged=0 themeChangedFlags=0 extraData = Bundle[{}]}
07-03 20:35:19.611  1958  5270 I ActivityTaskManager: Override config changes=200 {1.0 ?mcc?mnc [en_IN] ldltr sw400dp w400dp h790dp 432dpi nrml long port finger -keyb/v/h -nav/h winConfig={ mBounds=Rect(0, 0 - 1080, 2340) mAppBounds=Rect(0, 79 - 1080, 2213) mWindowingMode=fullscreen mDisplayWindowingMode=fullscreen mActivityType=undefined mAlwaysOnTop=undefined mRotation=ROTATION_0} s.635 themeChanged=0 themeChangedFlags=0 extraData = Bundle[{}]} for displayId=0
07-03 20:35:19.658  1958  1996 I WindowManager:  hideContrastOverlay
07-03 20:35:19.946   788   903 W EventThreadInspector: slow VSync-sf on display(19260784713820289), count=1, avg=32 ms,max=32 ms.
07-03 20:35:20.148  1958  5256 I ActivityManager: Process com.mi.android.globalminusscreen (pid 16212) has died: fore BTOP
07-03 20:35:20.150  1958  5256 W ActivityManager: Scheduling restart of crashed service com.mi.android.globalminusscreen/com.google.mi.apps.gsa.nowoverlayservice.DrawerOverlayService in 88950ms
07-03 20:35:20.435  2181  2181 W InputEventReceiver: App Input: 600ms before dispatchInputEvent (MotionEvent: event_seq=163869, seq=531482, action=ACTION_OUTSIDE)
07-03 20:35:20.435  2181  2181 W Looper  : Slow Looper main: MotionEvent is 601ms late (event_seq=163871, action=ACTION_DOWN) because of 1 msg, msg 1 took 657ms (seq=885250 running=101ms runnable=6ms io=500ms late=167ms h=android.app.ActivityThread$H w=159)
07-03 20:35:20.435  2181  2181 W InputEventReceiver: App Input: 601ms before dispatchInputEvent (MotionEvent: event_seq=163871, seq=531483, action=ACTION_DOWN)
07-03 20:35:20.439  2181  2181 W InputEventReceiver: App Input: 556ms before dispatchInputEvent (MotionEvent: event_seq=163873, seq=531495, action=ACTION_UP)
07-03 20:35:20.491  2181  2181 W Looper  : Slow Looper main: doFrame is 676ms late because of 26 msg, msg 1 took 657ms (seq=885250 running=101ms runnable=6ms io=500ms late=167ms h=android.app.ActivityThread$H w=159)
07-03 20:35:20.673  1958  2066 W NotificationService: Toast already killed. pkg=com.miui.home callback=android.app.ITransientNotification$Stub$Proxy@6f60b0d
07-03 20:35:21.103  3855 25839 W MiuiPerfServiceClient: interceptAndQueuing:2181|com.android.systemui|968|697|unknown|null|StatusBar|118442994243514|Slow main thread|3
07-03 20:35:21.947 25324 25324 I Timeline: Timeline: Activity_launch_request time:118444193
07-03 20:35:21.948  1958  2066 I ActivityTaskManager: START u0 {act=android.intent.action.MAIN cat=[android.intent.category.LAUNCHER] flg=0x10200000 cmp=com.BHG.gurbani/.SplashActivity bnds=[580,758][756,934] (has extras)} from uid 10094
07-03 20:35:21.967 25324 25324 W ActivityThread: SCHED: com.miui.home/.launcher.Launcher [73, r=206ms, a=75ms, w=4626ms]
07-03 20:35:22.001  1958  2011 I ActivityManager: Start proc 10592:com.BHG.gurbani/u0a776 for activity {com.BHG.gurbani/com.BHG.gurbani.SplashActivity} caller=com.miui.home
07-03 20:35:22.039  1958  1997 I Timeline: Timeline: App_transition_ready time:118444284
07-03 20:35:22.169  1958  1996 W WindowManager: Unable to start animation, surface is null or no children.
07-03 20:35:22.194  1958  4525 E WindowManager: App trying to use insecure INPUT_FEATURE_NO_INPUT_CHANNEL flag. Ignoring
07-03 20:35:22.238  1958  1997 I Timeline: Timeline: App_transition_stopped time:118444484
07-03 20:35:22.249  1958  1997 I Timeline: Timeline: Activity_windows_visible id: ActivityRecord{4854b09 u0 com.BHG.gurbani/.SplashActivity t1658} time:118444495
07-03 20:35:25.183 10592 10592 I Timeline: Timeline: Activity_launch_request time:118447429
07-03 20:35:25.184  1958  4525 I ActivityTaskManager: START u0 {cmp=com.BHG.gurbani/.AuthActivity} from uid 10776
07-03 20:35:25.197 10592 10592 W ActivityThread: SCHED: com.BHG.gurbani/.SplashActivity [77, r=24ms, a=7ms, w=3012ms]
07-03 20:35:25.199  1958  4597 I ActivityTaskManager: The Process com.BHG.gurbani Already Exists in BG. So sending its PID: 10592
07-03 20:35:25.208  1958  4597 I Timeline: Timeline: App_transition_ready time:118447454
07-03 20:35:25.336 10592 10592 I Timeline: Timeline: Activity_launch_request time:118447582
07-03 20:35:25.337  1958  2066 I ActivityTaskManager: START u0 {cmp=com.BHG.gurbani/.MainActivity} from uid 10776
07-03 20:35:25.348  1958  2066 I ActivityTaskManager: The Process com.BHG.gurbani Already Exists in BG. So sending its PID: 10592
07-03 20:35:25.351  1958  2066 I Timeline: Timeline: App_transition_ready time:118447597
07-03 20:35:25.434  1958  4597 E WindowManager: App trying to use insecure INPUT_FEATURE_NO_INPUT_CHANNEL flag. Ignoring
07-03 20:35:25.465  1958  4525 I Timeline: Timeline: App_transition_ready time:118447710
07-03 20:35:25.466  1958  4525 I Timeline: Timeline: App_transition_ready time:118447712
07-03 20:35:25.495  1958  1997 I Timeline: Timeline: App_transition_ready time:118447741
07-03 20:35:25.749  1958  1997 I Timeline: Timeline: Activity_windows_visible id: ActivityRecord{41e1982 u0 com.BHG.gurbani/.MainActivity t1658} time:118447995
07-03 20:35:25.751  1958  1997 I Timeline: Timeline: App_transition_stopped time:118447997
07-03 20:35:27.081 10592 10592 I Timeline: Timeline: Activity_launch_request time:118449327
07-03 20:35:27.081  1958  4525 I ActivityTaskManager: START u0 {cmp=com.BHG.gurbani/.UploadActivity} from uid 10776
07-03 20:35:27.086  3855 25839 W MiuiPerfServiceClient: interceptAndQueuing:10592|com.BHG.gurbani|337|117|unknown|null|com.BHG.gurbani/com.BHG.gurbani.MainActivity|118448649447470|Slow handle traversal|15
07-03 20:35:27.089 10592 10592 W ActivityThread: SCHED: com.BHG.gurbani/.MainActivity [80, r=191ms, a=46ms, w=1662ms]
07-03 20:35:27.091  1958  4525 I ActivityTaskManager: The Process com.BHG.gurbani Already Exists in BG. So sending its PID: 10592
07-03 20:35:27.097  1958  4525 I Timeline: Timeline: App_transition_ready time:118449343
07-03 20:35:27.118  1958  5270 I Timeline: Timeline: App_transition_ready time:118449364
07-03 20:35:27.139  1958  4597 E WindowManager: App trying to use insecure INPUT_FEATURE_NO_INPUT_CHANNEL flag. Ignoring
07-03 20:35:27.150  1958  5270 I Timeline: Timeline: App_transition_ready time:118449395
07-03 20:35:27.152  1958  5270 I Timeline: Timeline: App_transition_ready time:118449397
07-03 20:35:27.186  1958  1997 I Timeline: Timeline: App_transition_ready time:118449432
07-03 20:35:27.434  1958  1997 I Timeline: Timeline: Activity_windows_visible id: ActivityRecord{c5d8d18 u0 com.BHG.gurbani/.UploadActivity t1658} time:118449680
07-03 20:35:27.437  1958  1997 I Timeline: Timeline: App_transition_stopped time:118449683
07-03 20:35:27.897 10592 10592 I Timeline: Timeline: Activity_launch_request time:118450143
07-03 20:35:27.898  1958  4526 I ActivityTaskManager: START u0 {act=android.intent.action.GET_CONTENT typ=image/* cmp=com.google.android.documentsui/com.android.documentsui.picker.PickActivity} from uid 10776
07-03 20:35:27.909 10592 10592 W ActivityThread: SCHED: com.BHG.gurbani/.UploadActivity [76, r=40ms, a=12ms, w=775ms]
07-03 20:35:27.958  1958  2011 I ActivityManager: Start proc 10688:com.google.android.documentsui/u0a66 for activity {com.google.android.documentsui/com.android.documentsui.picker.PickActivity} caller=com.BHG.gurbani
07-03 20:35:27.989  1958  1997 I Timeline: Timeline: App_transition_ready time:118450235
07-03 20:35:28.177  1958  5256 E WindowManager: App trying to use insecure INPUT_FEATURE_NO_INPUT_CHANNEL flag. Ignoring
07-03 20:35:28.257  1958  1997 I Timeline: Timeline: App_transition_stopped time:118450503
07-03 20:35:28.301  1958  2011 I ActivityManager: Start proc 10720:com.miui.msa.global/u0a123 for service {com.miui.msa.global/com.miui.systemAdSolution.splashscreen.SplashScreenService} caller=android
07-03 20:35:28.336  1958  1997 I Timeline: Timeline: Activity_windows_visible id: ActivityRecord{39a6519 u0 com.google.android.documentsui/com.android.documentsui.picker.PickActivity t1658} time:118450582
07-03 20:35:28.615   788   902 W EventThreadInspector: slow VSync-app on display(19260784713820289), count=1, avg=30 ms, max=30 ms.
07-03 20:35:28.615   788   903 W EventThreadInspector: slow VSync-sf on display(19260784713820289), count=5, avg=30 ms,max=33 ms.
07-03 20:35:29.133  1958  2011 I ActivityManager: Start proc 10885:com.qualcomm.qti.workloadclassifier/1000 for service{com.qualcomm.qti.workloadclassifier/com.qualcomm.qti.workloadclassifier.WLCService} caller=com.qualcomm.qti.workloadclassifier
07-03 20:35:29.165 10688 10688 W ActivityThread: SCHED: com.google.android.documentsui/com.android.documentsui.picker.PickActivity [89, r=305ms, a=34ms, w=999ms]
07-03 20:35:29.170  1958  4526 I Timeline: Timeline: App_transition_ready time:118451416
07-03 20:35:29.187  1958  2066 I Timeline: Timeline: App_transition_ready time:118451433
07-03 20:35:29.189 10592 10592 I Timeline: Timeline: Activity_launch_request time:118451435
07-03 20:35:29.190  1958  2066 W ActivityTaskManager: aInfo is null for resolve intent: Intent { cmp=com.BHG.gurbani/com.yalantis.ucrop.UCropActivity (has extras) }
07-03 20:35:29.190  1958  2066 W ActivityTaskManagerServiceInjector: Intent or aInfo is null!
07-03 20:35:29.190  1958  2066 I ActivityTaskManager: START u0 {cmp=com.BHG.gurbani/com.yalantis.ucrop.UCropActivity (has extras)} from uid 10776
07-03 20:35:29.191 10592 10592 E AndroidRuntime: FATAL EXCEPTION: main
07-03 20:35:29.191 10592 10592 E AndroidRuntime: Process: com.BHG.gurbani, PID: 10592
07-03 20:35:29.191 10592 10592 E AndroidRuntime: java.lang.RuntimeException: Failure delivering result ResultInfo{who=null, request=101, result=-1, data=Intent { dat=content://com.android.providers.media.documents/document/image:5859 flg=0x1 }} to activity {com.BHG.gurbani/com.BHG.gurbani.UploadActivity}: android.content.ActivityNotFoundException: Unable tofind explicit activity class {com.BHG.gurbani/com.yalantis.ucrop.UCropActivity}; have you declared this activity in your AndroidManifest.xml?
07-03 20:35:29.191 10592 10592 E AndroidRuntime:        at android.app.ActivityThread.deliverResults(ActivityThread.java:4960)
07-03 20:35:29.191 10592 10592 E AndroidRuntime:        at android.app.ActivityThread.handleSendResult(ActivityThread.java:5001)
07-03 20:35:29.191 10592 10592 E AndroidRuntime:        at android.app.servertransaction.ActivityResultItem.execute(ActivityResultItem.java:51)
07-03 20:35:29.191 10592 10592 E AndroidRuntime:        at android.app.servertransaction.TransactionExecutor.executeCallbacks(TransactionExecutor.java:135)
07-03 20:35:29.191 10592 10592 E AndroidRuntime:        at android.app.servertransaction.TransactionExecutor.execute(TransactionExecutor.java:95)
07-03 20:35:29.191 10592 10592 E AndroidRuntime:        at android.app.ActivityThread$H.handleMessage(ActivityThread.java:2047)
07-03 20:35:29.191 10592 10592 E AndroidRuntime:        at android.os.Handler.dispatchMessage(Handler.java:107)
07-03 20:35:29.191 10592 10592 E AndroidRuntime:        at android.os.Looper.loop(Looper.java:224)
07-03 20:35:29.191 10592 10592 E AndroidRuntime:        at android.app.ActivityThread.main(ActivityThread.java:7592)
07-03 20:35:29.191 10592 10592 E AndroidRuntime:        at java.lang.reflect.Method.invoke(Native Method)
07-03 20:35:29.191 10592 10592 E AndroidRuntime:        at com.android.internal.os.RuntimeInit$MethodAndArgsCaller.run(RuntimeInit.java:539)
07-03 20:35:29.191 10592 10592 E AndroidRuntime:        at com.android.internal.os.ZygoteInit.main(ZygoteInit.java:950)
07-03 20:35:29.191 10592 10592 E AndroidRuntime: Caused by: android.content.ActivityNotFoundException: Unable to find explicit activity class {com.BHG.gurbani/com.yalantis.ucrop.UCropActivity}; have you declared this activity in your AndroidManifest.xml?
07-03 20:35:29.191 10592 10592 E AndroidRuntime:        at android.app.Instrumentation.checkStartActivityResult(Instrumentation.java:2064)
07-03 20:35:29.191 10592 10592 E AndroidRuntime:        at android.app.Instrumentation.execStartActivity(Instrumentation.java:1720)
07-03 20:35:29.191 10592 10592 E AndroidRuntime:        at android.app.Activity.startActivityForResult(Activity.java:5258)
07-03 20:35:29.191 10592 10592 E AndroidRuntime:        at androidx.activity.ComponentActivity.startActivityForResult(ComponentActivity.java:780)
07-03 20:35:29.191 10592 10592 E AndroidRuntime:        at android.app.Activity.startActivityForResult(Activity.java:5216)
07-03 20:35:29.191 10592 10592 E AndroidRuntime:        at androidx.activity.ComponentActivity.startActivityForResult(ComponentActivity.java:761)
07-03 20:35:29.191 10592 10592 E AndroidRuntime:        at com.yalantis.ucrop.UCrop.start(UCrop.java:138)
07-03 20:35:29.191 10592 10592 E AndroidRuntime:        at com.yalantis.ucrop.UCrop.start(UCrop.java:128)
07-03 20:35:29.191 10592 10592 E AndroidRuntime:        at com.BHG.gurbani.UploadActivity.onActivityResult(UploadActivity.kt:69)
07-03 20:35:29.191 10592 10592 E AndroidRuntime:        at android.app.Activity.dispatchActivityResult(Activity.java:8249)
07-03 20:35:29.191 10592 10592 E AndroidRuntime:        at android.app.ActivityThread.deliverResults(ActivityThread.java:4953)
07-03 20:35:29.191 10592 10592 E AndroidRuntime:        ... 11 more
07-03 20:35:29.196  1958  2066 W ActivityTaskManager:   Force finishing activity com.BHG.gurbani/.UploadActivity
07-03 20:35:29.196  1958 10911 I DropBoxManagerService: add tag=data_app_crash isTagEnabled=true flags=0x2
07-03 20:35:29.207  1958  2010 W BroadcastQueue: Background execution not allowed: receiving Intent { act=android.intent.action.DROPBOX_ENTRY_ADDED flg=0x10 (has extras) } to com.google.android.gms/.stats.service.DropBoxEntryAddedReceiver
07-03 20:35:29.273  1958  4597 I ActivityManager: Process com.BHG.gurbani (pid 10592) has died: fore TOP
07-03 20:35:29.273  1958  4526 I WindowManager: WIN DEATH: Window{fc919fc u0 com.BHG.gurbani/com.BHG.gurbani.MainActivity}
07-03 20:35:29.277  1958  4525 I WindowManager: WIN DEATH: Window{f59c92e u0 com.BHG.gurbani/com.BHG.gurbani.UploadActivity}
07-03 20:35:29.299  1958  1996 W ActivityManager: setHasOverlayUi called on unknown pid: 10592
07-03 20:35:29.349  1958  2011 I ActivityManager: Start proc 10925:com.BHG.gurbani/u0a776 for activity {com.BHG.gurbani/com.BHG.gurbani.MainActivity} caller=com.BHG.gurbani
07-03 20:35:29.381  1958  1997 I Timeline: Timeline: App_transition_ready time:118451627
07-03 20:35:29.382  1958  1997 I Timeline: Timeline: App_transition_stopped time:118451627
07-03 20:35:29.697  1958  1996 W ActivityTaskManager: Activity top resumed state loss timeout for ActivityRecord{c5d8d18 u0 com.BHG.gurbani/.UploadActivity t-1 f}
07-03 20:35:29.790  1958  4526 E WindowManager: App trying to use insecure INPUT_FEATURE_NO_INPUT_CHANNEL flag. Ignoring
07-03 20:35:29.861 10925 10925 W Looper  : Slow Looper main: doFrame is 313ms late because of 4 msg, msg 1 took 314ms (seq=3 running=201ms runnable=18ms late=102ms h=android.app.ActivityThread$H w=159)
07-03 20:35:29.864  1958  1997 I Timeline: Timeline: Activity_windows_visible id: ActivityRecord{41e1982 u0 com.BHG.gurbani/.MainActivity t1658} time:118452109
07-03 20:35:30.367  1958  4525 W ActivityManager: Receiver with filter android.content.IntentFilter@f745d2c already registered for pid 10720, callerPackage is com.miui.msa.global
07-03 20:35:30.369  1958  4525 W ActivityManager: Receiver with filter android.content.IntentFilter@73257fb already registered for pid 10720, callerPackage is com.miui.msa.global
07-03 20:35:30.618  1958  4526 W BaseMiuiPhoneWindowManager: keyCode:3 down:true eventTime:118452863 downTime:118452863policyFlags:2b000002 flags:48 deviceId:-1 isScreenOn:true keyguardActive:false repeatCount:0
07-03 20:35:30.698  1958  4526 W BaseMiuiPhoneWindowManager: keyCode:3 down:false eventTime:118452943 downTime:118452863 policyFlags:2b000002 flags:48 deviceId:-1 isScreenOn:true keyguardActive:false repeatCount:0
07-03 20:35:30.703  1958  2089 I ActivityTaskManager: START u0 {act=android.intent.action.MAIN cat=[android.intent.category.HOME] flg=0x10000100 cmp=com.miui.home/.launcher.Launcher (has extras)} from uid 0
07-03 20:35:30.721  1958  2089 I Timeline: Timeline: App_transition_ready time:118452967
07-03 20:35:30.725  1958  1997 I Timeline: Timeline: App_transition_ready time:118452971
07-03 20:35:30.727  1958  4597 I Timeline: Timeline: App_transition_ready time:118452972
07-03 20:35:30.732 10925 10925 W ActivityThread: SCHED: com.BHG.gurbani/.MainActivity [78, r=64ms, a=18ms, w=955ms]
07-03 20:35:30.735  1958  4597 I Timeline: Timeline: App_transition_ready time:118452981
07-03 20:35:30.736  1958  1997 I Timeline: Timeline: App_transition_ready time:118452982
07-03 20:35:30.762  1958  4415 I Timeline: Timeline: App_transition_ready time:118453008
07-03 20:35:30.771  1958  1997 I Timeline: Timeline: App_transition_ready time:118453017
07-03 20:35:30.788  1958  2011 I ActivityManager: Start proc 11202:com.mi.android.globalminusscreen/1000 for service {com.mi.android.globalminusscreen/com.google.mi.apps.gsa.nowoverlayservice.DrawerOverlayService} caller=com.miui.home
07-03 20:35:30.803  1958  1997 I Timeline: Timeline: App_transition_ready time:118453049
07-03 20:35:30.976  1958  4692 W BaseMiuiPhoneWindowManager: keyCode:82 down:true eventTime:118453221 downTime:118453221 policyFlags:2b000002 flags:48 deviceId:-1 isScreenOn:true keyguardActive:false repeatCount:0
07-03 20:35:31.067  1958  2066 W BaseMiuiPhoneWindowManager: keyCode:82 down:false eventTime:118453312 downTime:118453221 policyFlags:2b000002 flags:48 deviceId:-1 isScreenOn:true keyguardActive:false repeatCount:0
07-03 20:35:31.074  1958  4525 I Timeline: Timeline: Activity_windows_visible id: ActivityRecord{ddb1799 u0 com.miui.home/.launcher.Launcher t1} time:118453319
07-03 20:35:31.078  1958  1997 I Timeline: Timeline: App_transition_stopped time:118453324
07-03 20:35:31.101  1958  1996 W WindowManager: setLauncherState= 2
07-03 20:35:31.196 11202 11270 E ActivityThread: Failed to find provider info for com.mi.globalminusscreen.provider
07-03 20:35:31.419  1958  4526 I ProcessManager: Kill reason OneKeyClean from pid=25324
07-03 20:35:31.426  1958  4526 I ProcessManager: mLruProcesses size=43
07-03 20:35:31.431  1958  4526 I ProcessManager: OneKeyClean: kill com.BHG.gurbani Adj=805 State=20
07-03 20:35:31.433  1958  4526 I ActivityManager: Killing 10925:com.BHG.gurbani/u0a776 (adj 805): OneKeyClean
07-03 20:35:31.438  1958  4526 I ProcessManager: OneKeyClean: kill com.google.android.documentsui Adj=815 State=20
07-03 20:35:31.445  1958  4526 I ActivityManager: Killing 10688:com.google.android.documentsui/u0a66 (adj 815): OneKeyClean
07-03 20:35:31.447  1958  4526 I ProcessManager: OneKeyClean: kill com.qualcomm.qti.workloadclassifier Adj=800 State=11
07-03 20:35:31.447  1958  4526 I ActivityManager: Killing 10885:com.qualcomm.qti.workloadclassifier/1000 (adj 800): OneKeyClean
07-03 20:35:31.448  1958  4526 I ProcessManager: OneKeyClean: kill com.miui.msa.global Adj=100 State=9
07-03 20:35:31.448  1958  4526 I ActivityManager: Killing 10720:com.miui.msa.global/u0a123 (adj 100): OneKeyClean
07-03 20:35:31.485  1958  4526 I WindowManager: WIN DEATH: Window{7626f85 u0 com.BHG.gurbani/com.BHG.gurbani.MainActivity}
07-03 20:35:31.491  1958  4415 W ActivityManager: Scheduling restart of crashed service com.qualcomm.qti.workloadclassifier/.WLCService in 77609ms
07-03 20:35:31.508  1958  1996 W ActivityManager: setHasOverlayUi called on unknown pid: 10925
07-03 20:35:31.515  1958  1996 W ActivityManager: setHasOverlayUi called on unknown pid: 10688
07-03 20:35:31.529  1958  1981 W ActivityManager: Scheduling restart of crashed service com.miui.msa.global/com.zeus.gmc.sdk.mobileads.msa.odi.service.OnDeviceIntelligenceService in 283196ms
07-03 20:35:31.529  1958  1981 W ActivityManager: Scheduling restart of crashed service com.miui.msa.global/com.miui.systemAdSolution.splashscreen.SplashScreenService in 87571ms
07-03 20:35:31.666  1958  1958 W WindowManager: removeWindowToken: Attempted to remove non-existing token: android.os.Binder@88cc398
07-03 20:35:31.729  1958  1996 W WindowManager: setLauncherState= 1
07-03 20:35:32.032  1958  4525 E WindowManager: App trying to use insecure INPUT_FEATURE_NO_INPUT_CHANNEL flag. Ignoring
07-03 20:35:34.043  1958  5256 W NotificationService: Toast already killed. pkg=com.miui.home callback=android.app.ITransientNotification$Stub$Proxy@f755f7d
07-03 20:35:35.535  1958  1996 W WindowManager: Unable to start animation, surface is null or no children.
07-03 20:35:39.132  1958  2011 I ActivityManager: Start proc 11391:com.android.smspush/u0a155 for service {com.android.smspush/com.android.smspush.WapPushManager} caller=com.android.phone
07-03 20:35:41.543  1958  2011 I ActivityManager: Start proc 11413:com.miui.msa.global/u0a123 for service {com.miui.msa.global/com.miui.systemAdSolution.splashscreen.SplashScreenService} caller=android
07-03 20:35:43.129  1958  1979 W ActivityManager: Receiver with filter android.content.IntentFilter@e4ffb56 already registered for pid 11413, callerPackage is com.miui.msa.global
07-03 20:35:43.133  1958  1979 W ActivityManager: Receiver with filter android.content.IntentFilter@b2203ad already registered for pid 11413, callerPackage is com.miui.msa.global
07-03 20:35:45.043  1958  1958 W WindowManager: removeWindowToken: Attempted to remove non-existing token: android.os.Binder@d4dd0c2
07-03 20:35:49.130  1958  2011 I ActivityManager: Start proc 11894:com.qualcomm.telephony/u0a195 for service {com.qualcomm.atfwd/com.qualcomm.atfwd.AtFwdService} caller=com.qualcomm.atfwd
07-03 20:35:59.129  1958  2011 I ActivityManager: Start proc 11919:com.qti.diagservices/1000 for service {com.qti.diagservices/com.qti.diagservices.QTIDiagServices} caller=com.qti.diagservices
07-03 20:36:19.133  1958  2011 I ActivityManager: Start proc 11943:com.android.settings:remote/1000 for service {com.android.settings/com.android.settings.dangerousoptions.DangerousOptionsWarningService} caller=com.android.settings
07-03 20:36:39.131  1958  2011 I ActivityManager: Start proc 11980:com.android.settings/1000 for service {com.android.settings/com.android.settings.connecteddevice.usb.MiUsbService} caller=com.android.settings
07-03 20:36:49.131  1958  2011 I ActivityManager: Start proc 12027:com.qualcomm.qti.workloadclassifier/1000 for service{com.qualcomm.qti.workloadclassifier/com.qualcomm.qti.workloadclassifier.WLCService} caller=com.qualcomm.qti.workloadclassifier
07-03 20:37:22.052  1958  1979 I InstallationStatistic: beginInstallSession: 1482390778
07-03 20:37:22.778  1958  5256 W ActivityManager: Permission Denial: getStackInfo() from pid=11413, uid=10123 requires android.permission.MANAGE_ACTIVITY_STACKS
07-03 20:37:22.788  1958  2065 I ActivityTaskManager: START u0 {act=android.intent.action.VIEW dat=file:///data/app/vmdl1482390778.tmp typ=application/vnd.android.package-archive flg=0x18000000 cmp=com.miui.securitycenter/com.miui.permcenter.install.AdbInstallActivity (has extras)} from uid 1000
07-03 20:37:22.809 25324 25324 W ActivityThread: SCHED: com.miui.home/.launcher.Launcher [81, r=141ms, a=33ms, w=112063ms]
07-03 20:37:22.813  1958  5271 I ActivityTaskManager: The Process com.miui.securitycenter Already Exists in BG. So sending its PID: 2246
07-03 20:37:22.819  1958  5271 I Timeline: Timeline: App_transition_ready time:118565065
07-03 20:37:22.879  1958  2011 I ActivityManager: Start proc 12100:com.miui.guardprovider/u0a115 for content provider {com.miui.guardprovider/com.miui.guardprovider.GuardProvider} caller=com.miui.securitycenter
07-03 20:37:23.060 12100 12119 W SystemConfig: No directory /product_services/etc/sysconfig, skipping
