07-03 20:22:55.910  1958  2022 I PackageManager: Un-granting permission android.permission.POWER_SAVER from package com.google.android.projection.gearhead (protectionLevel=18 flags=0x2888bec5)
07-03 20:22:55.910  1958  2022 I PackageManager: Un-granting permission android.permission.TETHER_PRIVILEGED from package com.google.android.projection.gearhead (protectionLevel=18 flags=0x2888bec5)
07-03 20:22:55.910  1958  2022 I PackageManager: Un-granting permission android.permission.INTERACT_ACROSS_PROFILES from package com.google.android.projection.gearhead (protectionLevel=18 flags=0x2888bec5)
07-03 20:22:55.910  1958  2022 I PackageManager: Un-granting permission android.permission.CAPTURE_SECURE_VIDEO_OUTPUT from package com.google.android.projection.gearhead (protectionLevel=2 flags=0x2888bec5)
07-03 20:22:55.910  1958  2022 I PackageManager: Un-granting permission android.permission.MANAGE_DOCUMENTS from package cn.xender (protectionLevel=262146 flags=0x30d83e44)
07-03 20:22:55.910  1958  2022 I PackageManager: Un-granting permission android.permission.MOUNT_UNMOUNT_FILESYSTEMS from package cn.xender (protectionLevel=18 flags=0x30d83e44)
07-03 20:22:55.910  1958  2022 I PackageManager: Un-granting permission android.permission.NETWORK_STACK from package cn.xender (protectionLevel=2 flags=0x30d83e44)
07-03 20:22:55.910  1958  2022 I PackageManager: Un-granting permission android.permission.SYSTEM_ALERT_WINDOW from package cn.xender (protectionLevel=1250 flags=0x30d83e44)
07-03 20:22:55.910  1958  2022 I PackageManager: Un-granting permission android.permission.WRITE_SETTINGS from package cn.xender (protectionLevel=1218 flags=0x30d83e44)
07-03 20:22:55.910  1958  2022 I PackageManager: Un-granting permission android.permission.CHANGE_CONFIGURATION from package cn.xender (protectionLevel=50 flags=0x30d83e44)
07-03 20:22:55.910  1958  2022 I PackageManager: Un-granting permission android.permission.REQUEST_INSTALL_PACKAGES from package cn.xender (protectionLevel=66 flags=0x30d83e44)
07-03 20:22:55.910  1958  2022 I PackageManager: Un-granting permission com.android.launcher.permission.READ_SETTINGS from package cn.xender (protectionLevel=18 flags=0x30d83e44)
07-03 20:22:55.910  1958  2022 I PackageManager: Un-granting permission com.android.launcher.permission.WRITE_SETTINGS from package cn.xender (protectionLevel=18 flags=0x30d83e44)
07-03 20:22:55.910  1958  2022 I PackageManager: Un-granting permission com.google.android.googleapps.permission.GOOGLE_AUTH.mail from package com.xiaomi.calendar (protectionLevel=2 flags=0x38c9bec5)
07-03 20:22:55.913  1958  2022 I PackageManager: Un-granting permission android.permission.SYSTEM_ALERT_WINDOW from package com.iprototypes.volume (protectionLevel=1250 flags=0x3088be44)
07-03 20:22:55.913  1958  2022 I PackageManager: Un-granting permission android.permission.REQUEST_INSTALL_PACKAGES from package com.wondershare.drfone.link (protectionLevel=66 flags=0x30c8be44)
07-03 20:22:55.913  1958  2022 I PackageManager: Un-granting permission android.permission.ACCESS_MOCK_LOCATION from package com.wondershare.drfone.link (protectionLevel=2 flags=0x30c8be44)
07-03 20:22:55.913  1958  2022 I PackageManager: Un-granting permission android.permission.WRITE_SETTINGS from package com.wondershare.drfone.link (protectionLevel=1218 flags=0x30c8be44)
07-03 20:22:55.913  1958  2022 I PackageManager: Un-granting permission android.permission.DEVICE_POWER from package com.wondershare.drfone.link (protectionLevel=2 flags=0x30c8be44)
07-03 20:22:55.913  1958  2022 I PackageManager: Un-granting permission android.permission.MOUNT_UNMOUNT_FILESYSTEMS from package com.wondershare.drfone.link (protectionLevel=18 flags=0x30c8be44)
07-03 20:22:55.913  1958  2022 I PackageManager: Un-granting permission android.permission.INSTALL_PACKAGES from package com.wondershare.drfone.link (protectionLevel=18 flags=0x30c8be44)
07-03 20:22:55.913  1958  2022 I PackageManager: Un-granting permission android.permission.DELETE_PACKAGES from packagecom.wondershare.drfone.link (protectionLevel=18 flags=0x30c8be44)
07-03 20:22:55.913  1958  2022 I PackageManager: Un-granting permission android.permission.CLEAR_APP_CACHE from packagecom.wondershare.drfone.link (protectionLevel=18 flags=0x30c8be44)
07-03 20:22:55.914  1958  2022 I PackageManager: Un-granting permission com.android.launcher.permission.READ_SETTINGS from package com.wondershare.drfone.link (protectionLevel=18 flags=0x30c8be44)
07-03 20:22:55.914  1958  2022 I PackageManager: Un-granting permission android.permission.UPDATE_DEVICE_STATS from package com.wondershare.drfone.link (protectionLevel=18 flags=0x30c8be44)
07-03 20:22:55.914  1958  2022 I PackageManager: Un-granting permission android.permission.MODIFY_PHONE_STATE from package com.wondershare.drfone.link (protectionLevel=18 flags=0x30c8be44)
07-03 20:22:55.915  1958  2022 I PackageManager: Un-granting permission android.permission.SYSTEM_ALERT_WINDOW from package info.kfsoft.force.rotation (protectionLevel=1250 flags=0x20883e44)
07-03 20:22:55.915  1958  2022 I PackageManager: Un-granting permission android.permission.PACKAGE_USAGE_STATS from package info.kfsoft.force.rotation (protectionLevel=114 flags=0x20883e44)
07-03 20:22:55.916  1958  2022 I PackageManager: Un-granting permission com.xiaomi.permission.CLOUD_MANAGER from package com.mipay.wallet.in (protectionLevel=18 flags=0x38c83e45)
07-03 20:22:55.916  1958  2022 I PackageManager: Un-granting permission android.permission.REQUEST_INSTALL_PACKAGES from package com.mipay.wallet.in (protectionLevel=66 flags=0x38c83e45)
07-03 20:22:55.917  1958  2022 I PackageManager: Un-granting permission android.permission.READ_PRIVILEGED_PHONE_STATE from package com.miui.core (protectionLevel=18 flags=0x28883e05)
07-03 20:22:55.917  1958  2022 I PackageManager: Un-granting permission android.permission.INTERACT_ACROSS_PROFILES from package com.google.android.inputmethod.latin (protectionLevel=18 flags=0x20cabec5)
07-03 20:22:56.088  5140  5301 W BpBinder: Slow Binder: BpBinder transact took 522ms, interface=android.content.pm.IPackageManager, code=37 oneway=false
07-03 20:22:56.089  6305  2036 W BpBinder: Slow Binder: BpBinder transact took 526ms, interface=android.content.pm.IPackageManager, code=13 oneway=false
07-03 20:22:56.089 25324 30771 W BpBinder: Slow Binder: BpBinder transact took 416ms, interface=android.app.IActivityManager, code=113 oneway=false
07-03 20:22:56.089   780   780 W BpBinder: Slow Binder: BpBinder transact took 489ms, interface=android.app.IActivityManager, code=4 oneway=false
07-03 20:22:56.126  2246  2312 W BpBinder: Slow Binder: BpBinder transact took 579ms, interface=com.google.android.gms.measurement.internal.IMeasurementService, code=11 oneway=false
07-03 20:22:57.166  1958  2009 W FileUtils: Slow Operation: fsync took 841ms
07-03 20:23:00.784  1958  4008 I ActivityManager: Killing 31317:com.whatsapp/u0a762 (adj 985): empty #17
07-03 20:23:03.373  1958  2022 W BpBinder: Slow Binder: BpBinder transact took 7277ms, interface=android.os.IInstalld, code=14 oneway=false
07-03 20:23:03.375  1958  2022 W Looper  : Slow Looper PackageManager: Long Msg: seq=2313 plan=20:22:55.548  late=0ms wall=7827ms running=263ms runnable=18ms io=241ms h=com.android.server.pm.PackageManagerService$PackageHandler c=com.android.server.pm.-$$Lambda$PackageManagerService$6_Yp7BSB4TgtrWSoFlODKgHIvZY
07-03 20:23:03.376  1958  2022 I InstallationStatistic: com.BHG.gurbani|null|10156|738|131|1410|0|7280
07-03 20:23:03.376  1958  2022 W PackageManager: Cannot whitelist unknown permission: android.permission.ACCESS_ADSERVICES_ATTRIBUTION
07-03 20:23:03.376  1958  2022 W PackageManager: Cannot whitelist unknown permission: android.permission.ACCESS_ADSERVICES_AD_ID
07-03 20:23:03.448  1958  2022 I ActivityManager: Force stopping com.BHG.gurbani appid=10776 user=0: pkg removed
07-03 20:23:03.449  1958  2022 I AutoStartManagerService: MIUILOG- Reject RestartService packageName :com.BHG.gurbani uid : 10776
07-03 20:23:03.451 26215  2238 W BpBinder: Slow Binder: BpBinder transact took 10872ms, interface=android.content.pm.IPackageManager, code=1598246212 oneway=false
07-03 20:23:03.482  1958  2010 W BroadcastQueue: Background execution not allowed: receiving Intent { act=android.intent.action.PACKAGE_REMOVED dat=package:com.BHG.gurbani flg=0x4000010 (has extras) } to com.lbe.security.miui/com.lbe.security.service.BootReceiver
07-03 20:23:03.482  1958  2010 W BroadcastQueue: Background execution not allowed: receiving Intent { act=android.intent.action.PACKAGE_REMOVED dat=package:com.BHG.gurbani flg=0x4000010 (has extras) } to com.android.settings/.search.provider.UpdateReceiver
07-03 20:23:03.493  1958  2010 W BroadcastQueue: Background execution not allowed: receiving Intent { act=android.intent.action.PACKAGE_REMOVED dat=package:com.BHG.gurbani flg=0x4000010 (has extras) } to com.android.vending/com.google.android.finsky.packagemonitor.impl.PackageMonitorReceiverImpl$RegisteredReceiver
07-03 20:23:03.494  1958  2010 W BroadcastQueue: Background execution not allowed: receiving Intent { act=android.intent.action.PACKAGE_REMOVED dat=package:com.BHG.gurbani flg=0x4000010 (has extras) } to com.android.vending/com.google.android.finsky.packagemonitor.backgroundimpl.BackgroundPackageMonitorReceiverImpl$RegisteredReceiver
07-03 20:23:03.532  1958  5090 W LocationProviderProxy: Odd, no component found for service com.android.location.service.v3.NetworkLocationProvider
07-03 20:23:03.542  1958  2010 W BroadcastQueue: Background execution not allowed: receiving Intent { act=android.intent.action.PACKAGE_REMOVED dat=package:com.BHG.gurbani flg=0x4000010 (has extras) } to com.android.vending/com.google.android.finsky.instantapps.appmanagement.InstantAppRemoveMonitor
07-03 20:23:03.542  1958  2010 W BroadcastQueue: Background execution not allowed: receiving Intent { act=android.intent.action.PACKAGE_REMOVED dat=package:com.BHG.gurbani flg=0x4000010 (has extras) } to com.google.android.apps.maps/com.google.android.libraries.social.peoplekit.thirdparty.viewcontrollers.ThirdPartyReceiver
07-03 20:23:03.543  1958  2132 I MiuiCompatModePackages: package com.BHG.gurbani updated, removing config
07-03 20:23:03.559  1958  2010 W BroadcastQueue: Background execution not allowed: receiving Intent { act=android.intent.action.PACKAGE_REMOVED dat=package:com.BHG.gurbani flg=0x4000010 (has extras) } to com.google.android.gms/.chimera.GmsIntentOperationService$PersistentTrustedReceiver
07-03 20:23:03.563  1958  2011 I ActivityManager: Start proc 2339:com.android.keychain/1000 for service {com.android.keychain/com.android.keychain.KeyChainService} caller=android
07-03 20:23:03.645  1958  2010 W BroadcastQueue: Background execution not allowed: receiving Intent { act=android.intent.action.PACKAGE_REMOVED dat=package:com.BHG.gurbani flg=0x4000010 (has extras) } to com.google.android.gms/.games.chimera.GamesSystemBroadcastReceiverProxy
07-03 20:23:03.660  1958  2011 W ActivityManager: Slow operation: 105ms so far, now at startProcess: done updating battery stats
07-03 20:23:03.661  1958  2011 W ActivityManager: Slow operation: 105ms so far, now at startProcess: building log message
07-03 20:23:03.661  1958  2011 I ActivityManager: Start proc 2372:com.miui.global.packageinstaller/u0a162 for service {com.miui.global.packageinstaller/com.miui.global.packageinstaller.service.ScanDispatchService} caller=com.miui.securitycenter
07-03 20:23:03.661  1958  2011 W ActivityManager: Slow operation: 105ms so far, now at startProcess: starting to updatepids map
07-03 20:23:03.661  1958  2011 W ActivityManager: Slow operation: 106ms so far, now at startProcess: done updating pidsmap
07-03 20:23:03.673  1958  2010 W BroadcastQueue: Background execution not allowed: receiving Intent { act=android.intent.action.PACKAGE_REMOVED dat=package:com.BHG.gurbani flg=0x4000010 (has extras) } to com.miui.audioeffect/com.android.musicfx.Compatibility$Receiver
07-03 20:23:03.674  1958  2010 W BroadcastQueue: Background execution not allowed: receiving Intent { act=android.intent.action.PACKAGE_REMOVED dat=package:com.BHG.gurbani flg=0x4000010 (has extras) } to com.xiaomi.discover/com.xiaomi.market.data.MyPackageMonitor
07-03 20:23:03.702  1958  2010 W BroadcastQueue: Background execution not allowed: receiving Intent { act=android.intent.action.PACKAGE_REMOVED dat=package:com.BHG.gurbani flg=0x4000010 (has extras) } to com.xiaomi.mipicks/com.xiaomi.market.data.MyPackageMonitor
07-03 20:23:03.704  1958  2010 W BroadcastQueue: Background execution not allowed: receiving Intent { act=android.intent.action.PACKAGE_REMOVED dat=package:com.BHG.gurbani flg=0x4000010 (has extras) } to com.xiaomi.misettings/.usagestats.AppTimerReceiver
07-03 20:23:03.712  1958  2010 W BroadcastQueue: Background execution not allowed: receiving Intent { act=android.intent.action.PACKAGE_REMOVED dat=package:com.BHG.gurbani flg=0x4000010 (has extras) } to app.revanced.android.gms/org.microg.gms.gcm.UnregisterReceiver
07-03 20:23:03.714  1958  2010 W BroadcastQueue: Background execution not allowed: receiving Intent { act=android.intent.action.PACKAGE_REMOVED dat=package:com.BHG.gurbani flg=0x4000010 (has extras) } to com.google.android.apps.photos/com.google.android.libraries.social.peoplekit.thirdparty.viewcontrollers.ThirdPartyReceiver
07-03 20:23:03.714  1958  2010 W BroadcastQueue: Background execution not allowed: receiving Intent { act=android.intent.action.PACKAGE_REMOVED dat=package:com.BHG.gurbani flg=0x4000010 (has extras) } to com.jio.myjio/com.inn.passivesdk.receiver.PackageReceiver
07-03 20:23:03.714  1958  2010 W BroadcastQueue: Background execution not allowed: receiving Intent { act=android.intent.action.PACKAGE_ADDED dat=package:com.BHG.gurbani flg=0x4000010 (has extras) } to com.lbe.security.miui/com.lbe.security.service.BootReceiver
07-03 20:23:03.715  1958  2010 W BroadcastQueue: Background execution not allowed: receiving Intent { act=android.intent.action.PACKAGE_ADDED dat=package:com.BHG.gurbani flg=0x4000010 (has extras) } to com.msf.kbank.mobile/com.cv.sdk.receiver.EventReceiver
07-03 20:23:03.715  1958  2010 W BroadcastQueue: Background execution not allowed: receiving Intent { act=android.intent.action.PACKAGE_ADDED dat=package:com.BHG.gurbani flg=0x4000010 (has extras) } to com.google.android.packageinstaller/com.android.packageinstaller.PackageInstalledReceiver
07-03 20:23:03.715  1958  2010 W BroadcastQueue: Background execution not allowed: receiving Intent { act=android.intent.action.PACKAGE_ADDED dat=package:com.BHG.gurbani flg=0x4000010 (has extras) } to com.android.settings/.search.provider.UpdateReceiver
07-03 20:23:03.716  1958  2010 W BroadcastQueue: Background execution not allowed: receiving Intent { act=android.intent.action.PACKAGE_ADDED dat=package:com.BHG.gurbani flg=0x4000010 (has extras) } to com.android.vending/com.google.android.finsky.packagemonitor.impl.PackageMonitorReceiverImpl$RegisteredReceiver
07-03 20:23:03.718  1958  2010 W BroadcastQueue: Background execution not allowed: receiving Intent { act=android.intent.action.PACKAGE_ADDED dat=package:com.BHG.gurbani flg=0x4000010 (has extras) } to com.android.vending/com.google.android.finsky.packagemonitor.backgroundimpl.BackgroundPackageMonitorReceiverImpl$RegisteredReceiver
07-03 20:23:03.721  1958  2010 W BroadcastQueue: Background execution not allowed: receiving Intent { act=android.intent.action.PACKAGE_ADDED dat=package:com.BHG.gurbani flg=0x4000010 (has extras) } to com.facebook.appmanager/com.facebook.oxygen.common.packages.event.manifest.ManifestPackageEventReceiver
07-03 20:23:03.722  1958  2010 W BroadcastQueue: Background execution not allowed: receiving Intent { act=android.intent.action.PACKAGE_ADDED dat=package:com.BHG.gurbani flg=0x4000010 (has extras) } to com.google.android.gms/.chimera.GmsIntentOperationService$PersistentTrustedReceiver
07-03 20:23:03.722  1958  2010 W BroadcastQueue: Background execution not allowed: receiving Intent { act=android.intent.action.PACKAGE_ADDED dat=package:com.BHG.gurbani flg=0x4000010 (has extras) } to com.google.android.gms/.games.chimera.GamesSystemBroadcastReceiverProxy
07-03 20:23:03.722  1958  2010 W BroadcastQueue: Background execution not allowed: receiving Intent { act=android.intent.action.PACKAGE_ADDED dat=package:com.BHG.gurbani flg=0x4000010 (has extras) } to com.google.android.gms/.gass.chimera.PackageChangeBroadcastReceiver
07-03 20:23:03.722  1958  2010 W BroadcastQueue: Background execution not allowed: receiving Intent { act=android.intent.action.PACKAGE_ADDED dat=package:com.BHG.gurbani flg=0x4000010 (has extras) } to com.miui.audioeffect/com.android.musicfx.Compatibility$Receiver
07-03 20:23:03.722  1958  2010 W BroadcastQueue: Background execution not allowed: receiving Intent { act=android.intent.action.PACKAGE_ADDED dat=package:com.BHG.gurbani flg=0x4000010 (has extras) } to com.xiaomi.discover/com.xiaomi.market.data.MyPackageMonitor
07-03 20:23:03.722  1958  2010 W BroadcastQueue: Background execution not allowed: receiving Intent { act=android.intent.action.PACKAGE_ADDED dat=package:com.BHG.gurbani flg=0x4000010 (has extras) } to com.xiaomi.mipicks/com.xiaomi.market.data.MyPackageMonitor
07-03 20:23:03.722  1958  2010 W BroadcastQueue: Background execution not allowed: receiving Intent { act=android.intent.action.PACKAGE_ADDED dat=package:com.BHG.gurbani flg=0x4000010 (has extras) } to com.xiaomi.misettings/.usagestats.AppTimerReceiver
07-03 20:23:03.722  1958  2010 W BroadcastQueue: Background execution not allowed: receiving Intent { act=android.intent.action.PACKAGE_ADDED dat=package:com.BHG.gurbani flg=0x4000010 (has extras) } to com.dv.adm/com.appodeal.ads.AppodealPackageAddedReceiver
07-03 20:23:03.723  1958  2010 W BroadcastQueue: Background execution not allowed: receiving Intent { act=android.intent.action.PACKAGE_ADDED dat=package:com.BHG.gurbani flg=0x4000010 (has extras) } to com.jio.myjio/com.inn.passivesdk.receiver.PackageReceiver
07-03 20:23:03.767  1958  1993 W Looper  : Slow delivery took 201ms android.fg h=android.os.Handler c=<recycled PooledLambda@3dece6a> m=0
07-03 20:23:04.337   652  1627 W BpBinder: Slow Binder: BpBinder transact took 353ms, interface=com.google.android.auth.IAuthManagerService, code=2 oneway=false
07-03 20:23:04.506  1958  1958 W Looper  : Slow dispatch took 1000ms main h=android.app.ActivityThread$H c=android.app.-$$Lambda$LoadedApk$ReceiverDispatcher$Args$_BumDX2UKsnxLVrE6UJsJZkotuA@a619693 m=0
07-03 20:23:04.506  1958  1958 W Looper  : Slow delivery took 1001ms main h=android.app.ActivityThread$H c=android.app.-$$Lambda$LoadedApk$ReceiverDispatcher$Args$_BumDX2UKsnxLVrE6UJsJZkotuA@2016d0 m=0
07-03 20:23:04.645  1958  1993 W Looper  : Drained
07-03 20:23:04.652  2372  2500 I Ad      : isPersonalizedAdEnabled getAdSettings: 3
07-03 20:23:04.720  1958  1958 W Looper  : Slow dispatch took 211ms main h=android.app.ActivityThread$H c=android.app.-$$Lambda$LoadedApk$ReceiverDispatcher$Args$_BumDX2UKsnxLVrE6UJsJZkotuA@ffd4c92 m=0
07-03 20:23:04.720  1958  1958 I Telecom : DefaultDialerCache: Refreshing default dialer for user 0: now com.android.contacts: DDC.oR@CTk
07-03 20:23:04.833  1958  1958 W Looper  : Slow dispatch took 112ms main h=android.app.ActivityThread$H c=android.app.-$$Lambda$LoadedApk$ReceiverDispatcher$Args$_BumDX2UKsnxLVrE6UJsJZkotuA@56dfe42 m=0
07-03 20:23:04.833  2372  2480 W FileUtils: Slow Operation: fsync took 110ms
07-03 20:23:05.024  2372  2480 W FileUtils: Slow Operation: fsync took 189ms
07-03 20:23:05.026  6305 11750 W FileUtils: Slow Operation: fsync took 205ms
07-03 20:23:05.058  2372  2372 W QueuedWork: Slow Operation: QueueWork waitToFinish took 219ms
07-03 20:23:05.215  1958  4526 W BroadcastQueue: Background execution not allowed: receiving Intent { act=android.intent.action.PACKAGE_REPLACED dat=package:com.BHG.gurbani flg=0x4000010 (has extras) } to com.facebook.appmanager/com.facebook.oxygen.common.packages.event.manifest.ManifestPackageEventReceiver
07-03 20:23:05.217  1958  2010 W BroadcastQueue: Background execution not allowed: receiving Intent { act=android.intent.action.PACKAGE_REPLACED dat=package:com.BHG.gurbani flg=0x4000010 (has extras) } to com.google.android.gms/.chimera.GmsIntentOperationService$PersistentTrustedReceiver
07-03 20:23:05.218  1958  2010 W BroadcastQueue: Background execution not allowed: receiving Intent { act=android.intent.action.PACKAGE_REPLACED dat=package:com.BHG.gurbani flg=0x4000010 (has extras) } to com.google.android.gms/.gass.chimera.PackageChangeBroadcastReceiver
07-03 20:23:05.218  1958  2010 W BroadcastQueue: Background execution not allowed: receiving Intent { act=android.intent.action.PACKAGE_REPLACED dat=package:com.BHG.gurbani flg=0x4000010 (has extras) } to com.miui.audioeffect/com.android.musicfx.Compatibility$Receiver
07-03 20:23:05.218  1958  2010 W BroadcastQueue: Background execution not allowed: receiving Intent { act=android.intent.action.PACKAGE_REPLACED dat=package:com.BHG.gurbani flg=0x4000010 (has extras) } to com.miui.notes/com.miui.floatwindow.BootBroadcastReceiver
07-03 20:23:05.218  1958  2010 W BroadcastQueue: Background execution not allowed: receiving Intent { act=android.intent.action.PACKAGE_REPLACED dat=package:com.BHG.gurbani flg=0x4000010 (has extras) } to com.google.android.apps.photos/.account.full.FetchAccountPropertiesAppUpgradeBroadcastReceiver
07-03 20:23:05.218  1958  2010 W BroadcastQueue: Background execution not allowed: receiving Intent { act=android.intent.action.PACKAGE_REPLACED dat=package:com.BHG.gurbani flg=0x4000010 (has extras) } to com.google.android.apps.photos/.account.full.SyncAccountsForLoginBroadcastReceiver
07-03 20:23:05.218  1958  2010 W BroadcastQueue: Background execution not allowed: receiving Intent { act=android.intent.action.PACKAGE_REPLACED dat=package:com.BHG.gurbani flg=0x4000010 (has extras) } to com.google.android.apps.photos/.notificationchannels.AppUpdateBroadcastReceiver
07-03 20:23:05.219  1958  2010 W BroadcastQueue: Background execution not allowed: receiving Intent { act=android.intent.action.PACKAGE_REPLACED dat=package:com.BHG.gurbani flg=0x4000010 (has extras) } to com.jio.myjio/com.inn.passivesdk.receiver.PackageReceiver
07-03 20:23:05.670  1958  1958 W Looper  : Drained
07-03 20:23:05.797  2372  2520 W BpBinder: Slow Binder: BpBinder transact took 1061ms, interface=android.content.IContentProvider, code=1 oneway=false
07-03 20:23:05.850  1958  2090 W BaseMiuiPhoneWindowManager: keyCode:23 down:true eventTime:117708084 downTime:117708084 policyFlags:2000000 flags:8 deviceId:0 isScreenOn:false keyguardActive:true repeatCount:0
07-03 20:23:05.851  1958  2090 I PowerManagerService: Waking up from Asleep (uid=1000, reason=WAKE_REASON_UNKNOWN, details=miui.policy:FINGERPRINT_DPAD_CENTER)...
07-03 20:23:05.851  1958  1958 W UsageStatsService: Event reported without a package name, eventType:15
07-03 20:23:05.853  1958  2017 I DisplayPowerController: Blocking screen on until initial contents have been drawn.
07-03 20:23:05.853  1958  2017 I WindowManager: Screen turning on...
07-03 20:23:05.855  1958  1958 I WindowManager: Started waking up... (why=ON_BECAUSE_OF_UNKNOWN)
07-03 20:23:05.943  2181 22876 W KeyguardViewMediator: notifyScreenOn
07-03 20:23:05.943  2181  2181 W KeyguardViewMediator: handleNotifyScreenTurningOn
07-03 20:23:05.943  2181  2181 W KeyguardViewMediator: notifyDrawn
07-03 20:23:05.944  1958  5269 I WindowManager: mKeyguardDelegate.ShowListener.onDrawn.
07-03 20:23:05.958  1958  1996 I DisplayManagerService: Display device changed state: "Built-in Screen", ON
07-03 20:23:05.987  2181  2181 I miui_face: start face unlock
07-03 20:23:05.987  2181  2924 I miui_face: start verify time=0
07-03 20:23:05.996  6305  1944 W FileUtils: Slow Operation: fsync took 143ms
07-03 20:23:06.014  1958  1958 W Looper  : Slow dispatch took 159ms main h=com.android.server.power.Notifier$NotifierHandler c=com.android.server.power.Notifier$2@1c94195 m=0
07-03 20:23:06.034  1958  2014 E BatteryExternalStatsWorker: no controller energy info supplied for bluetooth
07-03 20:23:06.039  1958  1994 W Looper  : Slow dispatch took 183ms android.ui h=com.android.server.policy.MiuiScreenOnProximityLock$2 c=null m=1
07-03 20:23:06.039  1958  1994 W WindowManager: Setting mKeyguardDrawComplete
07-03 20:23:06.039  1958  1994 I WindowManager: All windows ready for display!
07-03 20:23:06.078  1958  1994 W WindowManager: Setting mWindowManagerDrawComplete
07-03 20:23:06.080  1958  1994 I WindowManager: Finished screen turning on...
07-03 20:23:06.081  1958  2017 I DisplayPowerController: Unblocked screen on after 228 ms
07-03 20:23:06.117  1958  2017 W PowerManagerService: Screen on took 266 ms
07-03 20:23:06.119  1958  1958 I WindowManager: Finished waking up... (why=ON_BECAUSE_OF_UNKNOWN)
07-03 20:23:06.298  1958  2090 W BaseMiuiPhoneWindowManager: keyCode:23 down:false eventTime:117708543 downTime:117708084 policyFlags:22000000 flags:8 deviceId:0 isScreenOn:true keyguardActive:true repeatCount:0
07-03 20:23:06.511  1958  2014 E BatteryExternalStatsWorker: no controller energy info supplied for bluetooth
07-03 20:23:06.818   788   902 W EventThreadInspector: slow VSync-app on display(19260784713820289), count=2, avg=35 ms, max=38 ms.
07-03 20:23:06.856  2181  2181 W InputEventReceiver: App Input: Dispatching InputEvent took 106ms in main thread! (MotionEvent: event_seq=162856, seq=528944, action=ACTION_DOWN)
07-03 20:23:06.895  3855 20608 W MiuiPerfServiceClient: interceptAndQueuing:2181|com.android.systemui|582|64|unknown|null|StatusBar|117708833553064|Slow issue draw commands|29
07-03 20:23:07.245  4027  4215 W BpBinder: Slow Binder: BpBinder transact took 793ms, interface=android.hardware.camera2.ICameraDeviceUser, code=6 oneway=false
07-03 20:23:07.267  2181  2181 E miui_face: start face unlock fail ,faceDetectTypeForCamera=1
07-03 20:23:07.480  1958  2360 E NotificationService: Suppressing notification from package by user request.
07-03 20:23:07.650  2181  2924 I miui_face:  authenCallback, onAuthenticationHelp helpCode:5 helpString:
07-03 20:23:07.676  2181  2924 I miui_face:  authenCallback, onAuthenticationHelp helpCode:5 helpString:
07-03 20:23:07.785  1958  2014 E BatteryExternalStatsWorker: no controller energy info supplied for bluetooth
07-03 20:23:07.794  1958  2011 I ActivityManager: Start proc 2946:com.google.android.webview:sandboxed_process0:org.chromium.content.app.SandboxedProcessService0:0/u0i284 for  {com.miui.global.packageinstaller/org.chromium.content.app.SandboxedProcessService0:0} caller=com.miui.global.packageinstaller
07-03 20:23:07.945  2181  2924 I miui_face:  authenCallback, onAuthenticationSucceeded time=1957
07-03 20:23:07.970  1958  5269 W FingerprintService: Ignoring lockout reset, no templates enrolled
07-03 20:23:07.973  2181  2181 W miui_keyguard: unlock keyguard by face
07-03 20:23:08.138  1958  5269 I Timeline: Timeline: App_transition_ready time:117710383
07-03 20:23:08.138  2181  3626 I KeyguardViewMediator: call fw keyguardGoingAway: flags = 8
07-03 20:23:08.143  1958  1997 I Timeline: Timeline: App_transition_ready time:117710388
07-03 20:23:08.147  1958  5269 I Timeline: Timeline: App_transition_ready time:117710392
07-03 20:23:08.155  1958  1997 I Timeline: Timeline: App_transition_ready time:117710401
07-03 20:23:08.162  1958  1997 I Timeline: Timeline: App_transition_ready time:117710408
07-03 20:23:08.168  1958  1997 I Timeline: Timeline: App_transition_ready time:117710414
07-03 20:23:08.247  1958  1981 I Timeline: Timeline: App_transition_ready time:117710493
07-03 20:23:08.254  1958  1997 I Timeline: Timeline: App_transition_ready time:117710500
07-03 20:23:08.388  1958  1997 I Timeline: Timeline: App_transition_ready time:117710634
07-03 20:23:08.391  2181  2181 I KeyguardViewMediator: handleStartKeyguardExitAnimation startTime=117710634 fadeoutDuration=150
07-03 20:23:08.407  1958  1996 W UsageStatsService: Event reported without a package name, eventType:18
07-03 20:23:08.408  1958  1996 I WindowManager: updateContrastOverlay, darkmode: true isContrastEnabled: true alpha: 0.0
07-03 20:23:08.437  2181  2181 I miui_face: face unlock success time=2450
07-03 20:23:08.443  1958  2010 W BroadcastQueue: Background execution not allowed: receiving Intent { act=android.intent.action.USER_PRESENT flg=0x24200010 } to com.jio.myjio/com.jio.clickstream.tbn.PowerConnectionReceiver
07-03 20:23:08.443  1958  2010 W BroadcastQueue: Background execution not allowed: receiving Intent { act=android.intent.action.USER_PRESENT flg=0x24200010 } to com.android.chrome/org.chromium.chrome.browser.sharing.click_to_call.ClickToCallMessageHandler$PhoneUnlockedReceiver
07-03 20:23:08.443  1958  2010 W BroadcastQueue: Background execution not allowed: receiving Intent { act=android.intent.action.USER_PRESENT flg=0x24200010 } to com.google.android.gms/.auth.setup.devicesignals.LockScreenReceiver
07-03 20:23:08.444  1958  2010 W BroadcastQueue: Background execution not allowed: receiving Intent { act=android.intent.action.USER_PRESENT flg=0x24200010 } to com.google.android.gms/.chimera.GmsIntentOperationService$PersistentTrustedReceiver
07-03 20:23:08.444  1958  2010 W BroadcastQueue: Background execution not allowed: receiving Intent { act=android.intent.action.USER_PRESENT flg=0x24200010 } to info.kfsoft.force.rotation/.RestartReceiver
07-03 20:23:08.553  1958  1997 I Timeline: Timeline: Activity_windows_visible id: ActivityRecord{ddb1799 u0 com.miui.home/.launcher.Launcher t1} time:117710799
07-03 20:23:08.555  1958  1997 I Timeline: Timeline: App_transition_stopped time:117710800
07-03 20:23:08.688  1958  3417 E NotificationService: Suppressing notification from package by user request.
07-03 20:23:08.783  2181  2181 W Looper  : Slow Looper main: doFrame is 315ms late because of 21 msg, msg 3 took 230ms (seq=877204 io=219ms late=71ms h=com.android.systemui.statusbar.CommandQueue$H w=6553600)
07-03 20:23:08.843  2372  2372 W Looper  : Slow Looper main: Long Msg: seq=19 plan=20:23:06.348  late=0ms wall=2494ms running=252ms runnable=208ms io=1770ms h=com.google.android.gms.ads.internal.util.f c=com.google.android.gms.ads.internal.js.r
07-03 20:23:08.943  1958  2014 E BatteryExternalStatsWorker: no controller energy info supplied for bluetooth
07-03 20:23:09.279 25324 25324 I Timeline: Timeline: Activity_launch_request time:117711525
07-03 20:23:09.280  1958  2360 I ActivityTaskManager: START u0 {act=android.intent.action.MAIN cat=[android.intent.category.LAUNCHER] flg=0x10200000 cmp=com.BHG.gurbani/.SplashActivity bnds=[580,758][756,934] (has extras)} from uid 10094
07-03 20:23:09.315 25324 25324 W ActivityThread: SCHED: com.miui.home/.launcher.Launcher [85, r=42ms, a=7ms, w=1144ms]
07-03 20:23:09.371  1958  2011 I ActivityManager: Start proc 3065:com.BHG.gurbani/u0a776 for activity {com.BHG.gurbani/com.BHG.gurbani.SplashActivity} caller=com.miui.home
07-03 20:23:09.414  1958  1997 I Timeline: Timeline: App_transition_ready time:117711660
07-03 20:23:09.623  1958  1997 I Timeline: Timeline: App_transition_stopped time:117711868
07-03 20:23:09.879  3855 20608 W MiuiPerfServiceClient: interceptAndQueuing:2181|com.android.systemui|409|320|unknown|null|StatusBar|117711057397387|Slow main thread|3
07-03 20:23:10.175  1958  2360 E WindowManager: App trying to use insecure INPUT_FEATURE_NO_INPUT_CHANNEL flag. Ignoring
07-03 20:23:10.181  3065  3065 W Looper  : Slow Looper main: Activity com.BHG.gurbani/.SplashActivity is 459ms late (wall=312ms running=94ms ClientTransaction{ callbacks=[android.app.servertransaction.LaunchActivityItem] lifecycleRequest=android.app.servertransaction.ResumeActivityItem }) because of 2 msg, msg 2 took 457ms (seq=2 running=69ms runnable=16ms io=335ms late=9ms h=android.app.ActivityThread$H w=110)
07-03 20:23:10.181  3065  3065 W Looper  : Slow Looper main: Activity com.BHG.gurbani/.SplashActivity is 770ms late (wall=0ms running=0ms ClientTransaction{ callbacks=[android.app.servertransaction.TopResumedActivityChangeItem] }) because of 3 msg, msg 2 took 457ms (seq=2 running=69ms runnable=16ms io=335ms late=9ms h=android.app.ActivityThread$H w=110), msg 3 took 312ms (seq=3 running=94ms runnable=18ms io=176ms late=459ms h=android.app.ActivityThread$H w=159)
07-03 20:23:10.405  3065  3065 W Looper  : Slow Looper main: doFrame is 379ms late because of 4 msg, msg 1 took 457ms (seq=2 running=69ms runnable=16ms io=335ms late=9ms h=android.app.ActivityThread$H w=110), msg 2 took 312ms (seq=3 running=94ms runnable=18ms io=176ms late=459ms h=android.app.ActivityThread$H w=159)
07-03 20:23:10.410  1958  1997 I Timeline: Timeline: Activity_windows_visible id: ActivityRecord{824c1a7 u0 com.BHG.gurbani/.SplashActivity t1647} time:117712656
07-03 20:23:11.309  3855 20608 W MiuiPerfServiceClient: interceptAndQueuing:2181|com.android.systemui|585|87|unknown|null|StatusBar|117712784089625|Slow handle input|30
07-03 20:23:11.341  1958  2090 W BaseMiuiPhoneWindowManager: keyCode:23 down:true eventTime:117713586 downTime:117713586 policyFlags:22000000 flags:8 deviceId:0 isScreenOn:true keyguardActive:false repeatCount:0
07-03 20:23:13.161  3065  3065 I Timeline: Timeline: Activity_launch_request time:117715407
07-03 20:23:13.162  1958  1981 I ActivityTaskManager: START u0 {cmp=com.BHG.gurbani/.AuthActivity} from uid 10776
07-03 20:23:13.170   788   903 W EventThreadInspector: slow VSync-sf on display(19260784713820289), count=1, avg=30 ms,max=30 ms.
07-03 20:23:13.179  3065  3065 W ActivityThread: SCHED: com.BHG.gurbani/.SplashActivity [70, r=22ms, a=9ms, w=3016ms]
07-03 20:23:13.183  1958  2360 I ActivityTaskManager: The Process com.BHG.gurbani Already Exists in BG. So sending its PID: 3065
07-03 20:23:13.189  1958  2360 I Timeline: Timeline: App_transition_ready time:117715434
07-03 20:23:13.334  3065  3065 I Timeline: Timeline: Activity_launch_request time:117715580
07-03 20:23:13.335  1958  2360 I ActivityTaskManager: START u0 {cmp=com.BHG.gurbani/.MainActivity} from uid 10776
07-03 20:23:13.345  1958  2360 I ActivityTaskManager: The Process com.BHG.gurbani Already Exists in BG. So sending its PID: 3065
07-03 20:23:13.349  1958  2360 I Timeline: Timeline: App_transition_ready time:117715595
07-03 20:23:13.350  1958  1997 I Timeline: Timeline: App_transition_ready time:117715596
07-03 20:23:13.491  1958  1981 E WindowManager: App trying to use insecure INPUT_FEATURE_NO_INPUT_CHANNEL flag. Ignoring
07-03 20:23:13.533  1958  3853 I Timeline: Timeline: App_transition_ready time:117715779
07-03 20:23:13.535  1958  3853 I Timeline: Timeline: App_transition_ready time:117715780
07-03 20:23:13.579  1958  1997 I Timeline: Timeline: App_transition_ready time:117715825
07-03 20:23:13.587   788   902 W EventThreadInspector: slow VSync-app on display(19260784713820289), count=1, avg=32 ms, max=32 ms.
07-03 20:23:13.822  1958  1997 I Timeline: Timeline: Activity_windows_visible id: ActivityRecord{af82b47 u0 com.BHG.gurbani/.MainActivity t1647} time:117716068
07-03 20:23:13.824  1958  1997 I Timeline: Timeline: App_transition_stopped time:117716070
07-03 20:23:15.241  3065  3065 I Timeline: Timeline: Activity_launch_request time:117717487
07-03 20:23:15.242  1958  5270 I ActivityTaskManager: START u0 {cmp=com.BHG.gurbani/.UploadActivity} from uid 10776
07-03 20:23:15.251  3065  3065 W ActivityThread: SCHED: com.BHG.gurbani/.MainActivity [78, r=140ms, a=38ms, w=1775ms]
07-03 20:23:15.253  1958  3853 I ActivityTaskManager: The Process com.BHG.gurbani Already Exists in BG. So sending its PID: 3065
07-03 20:23:15.257  1958  3853 I Timeline: Timeline: App_transition_ready time:117717503
07-03 20:23:15.304  1958  4526 E WindowManager: App trying to use insecure INPUT_FEATURE_NO_INPUT_CHANNEL flag. Ignoring
07-03 20:23:15.318  1958  4526 I Timeline: Timeline: App_transition_ready time:117717564
07-03 20:23:15.319  1958  4526 I Timeline: Timeline: App_transition_ready time:117717565
07-03 20:23:15.368  1958  1997 I Timeline: Timeline: App_transition_ready time:117717614
07-03 20:23:15.606  1958  1997 I Timeline: Timeline: Activity_windows_visible id: ActivityRecord{42b0eb8 u0 com.BHG.gurbani/.UploadActivity t1647} time:117717851
07-03 20:23:15.609  1958  1997 I Timeline: Timeline: App_transition_stopped time:117717855
07-03 20:23:16.663  1958  3853 I WindowManager: input method visible height changed 786
07-03 20:23:17.115  1958  2090 W BaseMiuiPhoneWindowManager: keyCode:23 down:false eventTime:117719360 downTime:117713586 policyFlags:22000000 flags:8 deviceId:0 isScreenOn:true keyguardActive:false repeatCount:0
07-03 20:23:17.293  3065  3065 I Timeline: Timeline: Activity_launch_request time:117719539
07-03 20:23:17.295  1958  3853 I ActivityTaskManager: START u0 {act=android.intent.action.GET_CONTENT typ=image/* cmp=com.google.android.documentsui/com.android.documentsui.picker.PickActivity} from uid 10776
07-03 20:23:17.309  3065  3065 W ActivityThread: SCHED: com.BHG.gurbani/.UploadActivity [77, r=77ms, a=23ms, w=2011ms]
07-03 20:23:17.311  1958  2360 I ActivityTaskManager: The Process com.google.android.documentsui Already Exists in BG. So sending its PID: 926
07-03 20:23:17.316  1958  2360 I Timeline: Timeline: App_transition_ready time:117719562
07-03 20:23:17.430  1958  5270 E WindowManager: App trying to use insecure INPUT_FEATURE_NO_INPUT_CHANNEL flag. Ignoring
07-03 20:23:17.664  1958  5270 I Timeline: Timeline: App_transition_ready time:117719910
07-03 20:23:17.666  1958  5270 I Timeline: Timeline: App_transition_ready time:117719912
07-03 20:23:17.767  1958  1997 I Timeline: Timeline: App_transition_ready time:117720013
07-03 20:23:17.894  1958  5270 I WindowManager: input method visible height changed 0
07-03 20:23:18.007  1958  1997 I Timeline: Timeline: Activity_windows_visible id: ActivityRecord{6f35289 u0 com.google.android.documentsui/com.android.documentsui.picker.PickActivity t1647} time:117720253
07-03 20:23:18.010  1958  1997 I Timeline: Timeline: App_transition_stopped time:117720256
07-03 20:23:18.491  1958  5270 I ActivityManager: Killing 1292:com.miui.analytics/u0a105 (adj 965): empty #17
07-03 20:23:18.801   926   926 W ActivityThread: SCHED: com.google.android.documentsui/com.android.documentsui.picker.PickActivity [88, r=258ms, a=34ms, w=1378ms]
07-03 20:23:18.811  1958  1981 I Timeline: Timeline: App_transition_ready time:117721056
07-03 20:23:18.828  1958  3417 I Timeline: Timeline: App_transition_ready time:117721073
07-03 20:23:18.831  3065  3065 I Timeline: Timeline: Activity_launch_request time:117721077
07-03 20:23:18.831  1958  2360 W ActivityTaskManager: aInfo is null for resolve intent: Intent { cmp=com.BHG.gurbani/com.yalantis.ucrop.UCropActivity (has extras) }
07-03 20:23:18.831  1958  2360 W ActivityTaskManagerServiceInjector: Intent or aInfo is null!
07-03 20:23:18.832  1958  2360 I ActivityTaskManager: START u0 {cmp=com.BHG.gurbani/com.yalantis.ucrop.UCropActivity (has extras)} from uid 10776
07-03 20:23:18.842  3065  3065 E AndroidRuntime: FATAL EXCEPTION: main
07-03 20:23:18.842  3065  3065 E AndroidRuntime: Process: com.BHG.gurbani, PID: 3065
07-03 20:23:18.842  3065  3065 E AndroidRuntime: java.lang.RuntimeException: Failure delivering result ResultInfo{who=null, request=101, result=-1, data=Intent { dat=content://com.android.providers.media.documents/document/image:5857 flg=0x1 }} to activity {com.BHG.gurbani/com.BHG.gurbani.UploadActivity}: android.content.ActivityNotFoundException: Unable tofind explicit activity class {com.BHG.gurbani/com.yalantis.ucrop.UCropActivity}; have you declared this activity in your AndroidManifest.xml?
07-03 20:23:18.842  3065  3065 E AndroidRuntime:        at android.app.ActivityThread.deliverResults(ActivityThread.java:4960)
07-03 20:23:18.842  3065  3065 E AndroidRuntime:        at android.app.ActivityThread.handleSendResult(ActivityThread.java:5001)
07-03 20:23:18.842  3065  3065 E AndroidRuntime:        at android.app.servertransaction.ActivityResultItem.execute(ActivityResultItem.java:51)
07-03 20:23:18.842  3065  3065 E AndroidRuntime:        at android.app.servertransaction.TransactionExecutor.executeCallbacks(TransactionExecutor.java:135)
07-03 20:23:18.842  3065  3065 E AndroidRuntime:        at android.app.servertransaction.TransactionExecutor.execute(TransactionExecutor.java:95)
07-03 20:23:18.842  3065  3065 E AndroidRuntime:        at android.app.ActivityThread$H.handleMessage(ActivityThread.java:2047)
07-03 20:23:18.842  3065  3065 E AndroidRuntime:        at android.os.Handler.dispatchMessage(Handler.java:107)
07-03 20:23:18.842  3065  3065 E AndroidRuntime:        at android.os.Looper.loop(Looper.java:224)
07-03 20:23:18.842  3065  3065 E AndroidRuntime:        at android.app.ActivityThread.main(ActivityThread.java:7592)
07-03 20:23:18.842  3065  3065 E AndroidRuntime:        at java.lang.reflect.Method.invoke(Native Method)
07-03 20:23:18.842  3065  3065 E AndroidRuntime:        at com.android.internal.os.RuntimeInit$MethodAndArgsCaller.run(RuntimeInit.java:539)
07-03 20:23:18.842  3065  3065 E AndroidRuntime:        at com.android.internal.os.ZygoteInit.main(ZygoteInit.java:950)
07-03 20:23:18.842  3065  3065 E AndroidRuntime: Caused by: android.content.ActivityNotFoundException: Unable to find explicit activity class {com.BHG.gurbani/com.yalantis.ucrop.UCropActivity}; have you declared this activity in your AndroidManifest.xml?
07-03 20:23:18.842  3065  3065 E AndroidRuntime:        at android.app.Instrumentation.checkStartActivityResult(Instrumentation.java:2064)
07-03 20:23:18.842  3065  3065 E AndroidRuntime:        at android.app.Instrumentation.execStartActivity(Instrumentation.java:1720)
07-03 20:23:18.842  3065  3065 E AndroidRuntime:        at android.app.Activity.startActivityForResult(Activity.java:5258)
07-03 20:23:18.842  3065  3065 E AndroidRuntime:        at androidx.activity.ComponentActivity.startActivityForResult(ComponentActivity.java:780)
07-03 20:23:18.842  3065  3065 E AndroidRuntime:        at android.app.Activity.startActivityForResult(Activity.java:5216)
07-03 20:23:18.842  3065  3065 E AndroidRuntime:        at androidx.activity.ComponentActivity.startActivityForResult(ComponentActivity.java:761)
07-03 20:23:18.842  3065  3065 E AndroidRuntime:        at com.yalantis.ucrop.UCrop.start(UCrop.java:138)
07-03 20:23:18.842  3065  3065 E AndroidRuntime:        at com.yalantis.ucrop.UCrop.start(UCrop.java:128)
07-03 20:23:18.842  3065  3065 E AndroidRuntime:        at com.BHG.gurbani.UploadActivity.onActivityResult(UploadActivity.kt:69)
07-03 20:23:18.842  3065  3065 E AndroidRuntime:        at android.app.Activity.dispatchActivityResult(Activity.java:8249)
07-03 20:23:18.842  3065  3065 E AndroidRuntime:        at android.app.ActivityThread.deliverResults(ActivityThread.java:4953)
07-03 20:23:18.842  3065  3065 E AndroidRuntime:        ... 11 more
07-03 20:23:18.860  1958  1981 W ActivityTaskManager:   Force finishing activity com.BHG.gurbani/.UploadActivity
07-03 20:23:18.861  1958  3265 I DropBoxManagerService: add tag=data_app_crash isTagEnabled=true flags=0x2
07-03 20:23:18.881  1958  2010 W BroadcastQueue: Background execution not allowed: receiving Intent { act=android.intent.action.DROPBOX_ENTRY_ADDED flg=0x10 (has extras) } to com.google.android.gms/.stats.service.DropBoxEntryAddedReceiver
07-03 20:23:18.938   613  3225 W SocketClient: write error (Broken pipe)
07-03 20:23:18.939   613  3224 W SocketClient: write error (Broken pipe)
07-03 20:23:18.956  1958  3417 I WindowManager: WIN DEATH: Window{f6ce7ce u0 com.BHG.gurbani/com.BHG.gurbani.UploadActivity}
07-03 20:23:18.958  1958  5256 I ActivityManager: Process com.BHG.gurbani (pid 3065) has died: fore TOP
07-03 20:23:18.960  1958  4522 I WindowManager: WIN DEATH: Window{a3a5599 u0 com.BHG.gurbani/com.BHG.gurbani.MainActivity}
07-03 20:23:18.979  1958  1996 W ActivityManager: setHasOverlayUi called on unknown pid: 3065
07-03 20:23:19.031  1958  2011 I ActivityManager: Start proc 3299:com.BHG.gurbani/u0a776 for activity {com.BHG.gurbani/com.BHG.gurbani.MainActivity} caller=com.BHG.gurbani
07-03 20:23:19.055  1958  1997 I Timeline: Timeline: App_transition_ready time:117721300
07-03 20:23:19.055  1958  1997 I Timeline: Timeline: App_transition_stopped time:117721300
07-03 20:23:19.362  1958  1996 W ActivityTaskManager: Activity top resumed state loss timeout for ActivityRecord{42b0eb8 u0 com.BHG.gurbani/.UploadActivity t-1 f}
07-03 20:23:19.406  1958  3417 E WindowManager: App trying to use insecure INPUT_FEATURE_NO_INPUT_CHANNEL flag. Ignoring
07-03 20:23:19.468  1958  1997 I Timeline: Timeline: Activity_windows_visible id: ActivityRecord{af82b47 u0 com.BHG.gurbani/.MainActivity t1647} time:117721714
07-03 20:23:19.512  1958  1996 I ActivityManager: Killing 1492:com.google.process.gservices/u0a185 (adj 965): empty #17
07-03 20:23:20.350  3299  3299 I Timeline: Timeline: Activity_launch_request time:117722596
07-03 20:23:20.351  1958  5256 I ActivityTaskManager: START u0 {cmp=com.BHG.gurbani/.UploadActivity} from uid 10776
07-03 20:23:20.362  3299  3299 W ActivityThread: SCHED: com.BHG.gurbani/.MainActivity [80, r=76ms, a=18ms, w=964ms]
07-03 20:23:20.364  1958  4522 I ActivityTaskManager: The Process com.BHG.gurbani Already Exists in BG. So sending its PID: 3299
07-03 20:23:20.369  1958  4522 I Timeline: Timeline: App_transition_ready time:117722614
07-03 20:23:20.405  1958  5256 E WindowManager: App trying to use insecure INPUT_FEATURE_NO_INPUT_CHANNEL flag. Ignoring
07-03 20:23:20.417  1958  4522 I Timeline: Timeline: App_transition_ready time:117722662
07-03 20:23:20.418  1958  4522 I Timeline: Timeline: App_transition_ready time:117722664
07-03 20:23:20.443  1958  1997 I Timeline: Timeline: App_transition_ready time:117722689
07-03 20:23:20.690  1958  1997 I Timeline: Timeline: Activity_windows_visible id: ActivityRecord{ce5371a u0 com.BHG.gurbani/.UploadActivity t1647} time:117722936
07-03 20:23:20.693  1958  1997 I Timeline: Timeline: App_transition_stopped time:117722939
07-03 20:23:21.045  3299  3299 I Timeline: Timeline: Activity_launch_request time:117723291
07-03 20:23:21.048  1958  3417 I ActivityTaskManager: START u0 {act=android.intent.action.GET_CONTENT typ=image/* cmp=com.google.android.documentsui/com.android.documentsui.picker.PickActivity} from uid 10776
07-03 20:23:21.058  3299  3299 W ActivityThread: SCHED: com.BHG.gurbani/.UploadActivity [81, r=35ms, a=8ms, w=657ms]
07-03 20:23:21.060  1958  5256 I ActivityTaskManager: The Process com.google.android.documentsui Already Exists in BG. So sending its PID: 926
07-03 20:23:21.066  1958  5256 I Timeline: Timeline: App_transition_ready time:117723311
07-03 20:23:21.111  1958  2360 E WindowManager: App trying to use insecure INPUT_FEATURE_NO_INPUT_CHANNEL flag. Ignoring
07-03 20:23:21.153  1958  2360 I Timeline: Timeline: App_transition_ready time:117723399
07-03 20:23:21.154  1958  2360 I Timeline: Timeline: App_transition_ready time:117723400
07-03 20:23:21.230  1958  1997 I Timeline: Timeline: App_transition_ready time:117723476
07-03 20:23:21.491  1958  1997 I Timeline: Timeline: Activity_windows_visible id: ActivityRecord{95004e9 u0 com.google.android.documentsui/com.android.documentsui.picker.PickActivity t1647} time:117723737
07-03 20:23:21.493  1958  1997 I Timeline: Timeline: App_transition_stopped time:117723739
07-03 20:23:22.242   926   926 W ActivityThread: SCHED: com.google.android.documentsui/com.android.documentsui.picker.PickActivity [85, r=221ms, a=36ms, w=1135ms]
07-03 20:23:22.258  1958  5256 I Timeline: Timeline: App_transition_ready time:117724503
07-03 20:23:22.261  1958  2360 I Timeline: Timeline: App_transition_ready time:117724507
07-03 20:23:22.265  3299  3299 I Timeline: Timeline: Activity_launch_request time:117724511
07-03 20:23:22.266  1958  5256 W ActivityTaskManager: aInfo is null for resolve intent: Intent { cmp=com.BHG.gurbani/com.yalantis.ucrop.UCropActivity (has extras) }
07-03 20:23:22.267  1958  5256 W ActivityTaskManagerServiceInjector: Intent or aInfo is null!
07-03 20:23:22.267  1958  5256 I ActivityTaskManager: START u0 {cmp=com.BHG.gurbani/com.yalantis.ucrop.UCropActivity (has extras)} from uid 10776
07-03 20:23:22.282  3299  3299 E AndroidRuntime: FATAL EXCEPTION: main
07-03 20:23:22.282  3299  3299 E AndroidRuntime: Process: com.BHG.gurbani, PID: 3299
07-03 20:23:22.282  3299  3299 E AndroidRuntime: java.lang.RuntimeException: Failure delivering result ResultInfo{who=null, request=101, result=-1, data=Intent { dat=content://com.android.providers.media.documents/document/image:5841 flg=0x1 }} to activity {com.BHG.gurbani/com.BHG.gurbani.UploadActivity}: android.content.ActivityNotFoundException: Unable tofind explicit activity class {com.BHG.gurbani/com.yalantis.ucrop.UCropActivity}; have you declared this activity in your AndroidManifest.xml?
07-03 20:23:22.282  3299  3299 E AndroidRuntime:        at android.app.ActivityThread.deliverResults(ActivityThread.java:4960)
07-03 20:23:22.282  3299  3299 E AndroidRuntime:        at android.app.ActivityThread.handleSendResult(ActivityThread.java:5001)
07-03 20:23:22.282  3299  3299 E AndroidRuntime:        at android.app.servertransaction.ActivityResultItem.execute(ActivityResultItem.java:51)
07-03 20:23:22.282  3299  3299 E AndroidRuntime:        at android.app.servertransaction.TransactionExecutor.executeCallbacks(TransactionExecutor.java:135)
07-03 20:23:22.282  3299  3299 E AndroidRuntime:        at android.app.servertransaction.TransactionExecutor.execute(TransactionExecutor.java:95)
07-03 20:23:22.282  3299  3299 E AndroidRuntime:        at android.app.ActivityThread$H.handleMessage(ActivityThread.java:2047)
07-03 20:23:22.282  3299  3299 E AndroidRuntime:        at android.os.Handler.dispatchMessage(Handler.java:107)
07-03 20:23:22.282  3299  3299 E AndroidRuntime:        at android.os.Looper.loop(Looper.java:224)
