c=android.view.Choreographer$FrameDisplayEventReceiver)
07-03 20:20:25.527 29964 29964 W ActivityThread: SCHED: com.android.settings/.Settings$UsbDetailsActivity [63, r=26ms, a=15ms, w=484ms]
07-03 20:20:25.529  1958  1996 I ActivityTaskManager: The Process com.BHG.gurbani Already Exists in BG. So sending its PID: 32730
07-03 20:20:25.537  1958  1996 I Timeline: Timeline: App_transition_ready time:117547783
07-03 20:20:25.556 29964 29964 W Looper  : Slow Looper main: Activity com.android.settings/.Settings$UsbDetailsActivityis 500ms late (wall=28ms running=3ms ClientTransaction{ lifecycleRequest=android.app.servertransaction.PauseActivityItem }) because of 7 msg, msg 1 took 849ms (seq=20 running=95ms runnable=26ms io=593ms h=android.app.ActivityThread$H w=159), msg 4 took 460ms (seq=23 running=19ms runnable=13ms io=100ms late=45ms h=android.view.Choreographer$FrameHandler c=android.view.Choreographer$FrameDisplayEventReceiver)
07-03 20:20:25.602 29964 29964 W Looper  : Slow Looper main: doFrame is 492ms late because of 7 msg, msg 1 took 460ms (seq=23 running=19ms runnable=13ms io=100ms late=45ms h=android.view.Choreographer$FrameHandler c=android.view.Choreographer$FrameDisplayEventReceiver)
07-03 20:20:25.722  1958  1997 I Timeline: Timeline: App_transition_stopped time:117547968
07-03 20:20:25.935  1958  4522 E WindowManager: App trying to use insecure INPUT_FEATURE_NO_INPUT_CHANNEL flag. Ignoring
07-03 20:20:25.939 32730 32730 W Looper  : Slow Looper main: Activity com.BHG.gurbani/.SplashActivity is 407ms late (wall=0ms running=0ms ClientTransaction{ callbacks=[android.app.servertransaction.TopResumedActivityChangeItem] }) because of 2 msg, msg 1 took 381ms (seq=2 running=101ms runnable=12ms io=225ms late=1ms h=android.app.ActivityThread$H w=110), msg 2 took 160ms (seq=3 running=94ms runnable=14ms io=37ms late=248ms h=android.app.ActivityThread$H w=159)
07-03 20:20:26.103  1958  2011 I ActivityManager: Start proc 561:com.google.android.webview:webview_service/u0a192 for service {com.google.android.webview/org.chromium.android_webview.services.ComponentsProviderService} caller=com.miui.global.packageinstaller
07-03 20:20:26.206  1958  1997 I Timeline: Timeline: Activity_windows_visible id: ActivityRecord{b820422 u0 com.BHG.gurbani/.SplashActivity t1645} time:117548452
07-03 20:20:26.222 32195 32195 W Looper  : Slow Looper main: Long Msg: seq=18 plan=20:20:23.250  late=174ms wall=2797msrunning=267ms runnable=210ms io=2011ms h=com.google.android.gms.ads.internal.util.f c=com.google.android.gms.ads.internal.js.r
07-03 20:20:26.655  1958  2011 I ActivityManager: Start proc 652:com.android.chrome/u0a193 for service {com.android.chrome/org.chromium.chrome.browser.customtabs.CustomTabsConnectionService} caller=com.miui.global.packageinstaller
07-03 20:20:27.298  1958  4522 I ActivityManager: Killing 30488:com.google.android.youtube/u0a204 (adj 975): empty #17
07-03 20:20:28.925 32730 32730 I Timeline: Timeline: Activity_launch_request time:117551170
07-03 20:20:28.926  1958  4522 I ActivityTaskManager: START u0 {cmp=com.BHG.gurbani/.AuthActivity} from uid 10776
07-03 20:20:28.942 32730 32730 W ActivityThread: SCHED: com.BHG.gurbani/.SplashActivity [61, r=19ms, a=12ms, w=3015ms]
07-03 20:20:28.944  1958  2202 I ActivityTaskManager: The Process com.BHG.gurbani Already Exists in BG. So sending its PID: 32730
07-03 20:20:28.963  1958  2202 I Timeline: Timeline: App_transition_ready time:117551208
07-03 20:20:29.108 32730 32730 I Timeline: Timeline: Activity_launch_request time:117551354
07-03 20:20:29.109  1958  4522 I ActivityTaskManager: START u0 {cmp=com.BHG.gurbani/.MainActivity} from uid 10776
07-03 20:20:29.121  1958  4522 I ActivityTaskManager: The Process com.BHG.gurbani Already Exists in BG. So sending its PID: 32730
07-03 20:20:29.124  1958  4522 I Timeline: Timeline: App_transition_ready time:117551370
07-03 20:20:29.126  1958  1997 I Timeline: Timeline: App_transition_ready time:117551372
07-03 20:20:29.218  1958  4522 E WindowManager: App trying to use insecure INPUT_FEATURE_NO_INPUT_CHANNEL flag. Ignoring
07-03 20:20:29.272  1958  2202 I Timeline: Timeline: App_transition_ready time:117551518
07-03 20:20:29.273  1958  2202 I Timeline: Timeline: App_transition_ready time:117551519
07-03 20:20:29.343  1958  1997 I Timeline: Timeline: App_transition_ready time:117551589
07-03 20:20:29.586  1958  1997 I Timeline: Timeline: Activity_windows_visible id: ActivityRecord{79a3061 u0 com.BHG.gurbani/.MainActivity t1645} time:117551831
07-03 20:20:29.587  1958  1997 I Timeline: Timeline: App_transition_stopped time:117551833
07-03 20:20:30.865 32730 32730 I Timeline: Timeline: Activity_launch_request time:117553111
07-03 20:20:30.866  1958  2202 I ActivityTaskManager: START u0 {cmp=com.BHG.gurbani/.UploadActivity} from uid 10776
07-03 20:20:30.876 32730 32730 W ActivityThread: SCHED: com.BHG.gurbani/.MainActivity [80, r=153ms, a=36ms, w=1664ms]
07-03 20:20:30.878  1958  2202 I ActivityTaskManager: The Process com.BHG.gurbani Already Exists in BG. So sending its PID: 32730
07-03 20:20:30.882  1958  2202 I Timeline: Timeline: App_transition_ready time:117553128
07-03 20:20:30.948  1958  4522 E WindowManager: App trying to use insecure INPUT_FEATURE_NO_INPUT_CHANNEL flag. Ignoring
07-03 20:20:30.959  1958  4807 I Timeline: Timeline: App_transition_ready time:117553205
07-03 20:20:30.961  1958  4807 I Timeline: Timeline: App_transition_ready time:117553207
07-03 20:20:31.012  1958  1997 I Timeline: Timeline: App_transition_ready time:117553258
07-03 20:20:31.268  1958  1997 I Timeline: Timeline: Activity_windows_visible id: ActivityRecord{55249d3 u0 com.BHG.gurbani/.UploadActivity t1645} time:117553514
07-03 20:20:31.270  1958  1997 I Timeline: Timeline: App_transition_stopped time:117553516
07-03 20:20:31.748 32730 32730 I Timeline: Timeline: Activity_launch_request time:117553994
07-03 20:20:31.750  1958  4525 I ActivityTaskManager: START u0 {act=android.intent.action.GET_CONTENT typ=image/* cmp=com.google.android.documentsui/com.android.documentsui.picker.PickActivity} from uid 10776
07-03 20:20:31.760 32730 32730 W ActivityThread: SCHED: com.BHG.gurbani/.UploadActivity [62, r=37ms, a=22ms, w=816ms]
07-03 20:20:31.795  1958  2011 I ActivityManager: Start proc 926:com.google.android.documentsui/u0a66 for activity {com.google.android.documentsui/com.android.documentsui.picker.PickActivity} caller=com.BHG.gurbani
07-03 20:20:31.879  1958  1997 I Timeline: Timeline: App_transition_ready time:117554125
07-03 20:20:32.122  1958  1997 I Timeline: Timeline: App_transition_stopped time:117554368
07-03 20:20:32.165  1958  3901 E WindowManager: App trying to use insecure INPUT_FEATURE_NO_INPUT_CHANNEL flag. Ignoring
07-03 20:20:32.543  1958  1997 I Timeline: Timeline: Activity_windows_visible id: ActivityRecord{a6a3717 u0 com.google.android.documentsui/com.android.documentsui.picker.PickActivity t1645} time:117554789
07-03 20:20:34.037  1958  4807 I ActivityManager: Killing 30551:com.google.process.gservices/u0a185 (adj 965): empty #17
07-03 20:20:34.039  1958  4807 I ActivityManager: Killing 31157:com.miui.msa.global:ui/u0a123 (adj 975): empty #18
07-03 20:20:34.075   926   926 W ActivityThread: SCHED: com.google.android.documentsui/com.android.documentsui.picker.PickActivity [88, r=304ms, a=40ms, w=1918ms]
07-03 20:20:34.086  1958  1981 I Timeline: Timeline: App_transition_ready time:117556332
07-03 20:20:34.091  1958  5255 I Timeline: Timeline: App_transition_ready time:117556336
07-03 20:20:34.098 32730 32730 I Timeline: Timeline: Activity_launch_request time:117556344
07-03 20:20:34.100  1958  4807 W ActivityTaskManager: aInfo is null for resolve intent: Intent { cmp=com.BHG.gurbani/com.yalantis.ucrop.UCropActivity (has extras) }
07-03 20:20:34.100  1958  4807 W ActivityTaskManagerServiceInjector: Intent or aInfo is null!
07-03 20:20:34.100  1958  4807 I ActivityTaskManager: START u0 {cmp=com.BHG.gurbani/com.yalantis.ucrop.UCropActivity (has extras)} from uid 10776
07-03 20:20:34.126 32730 32730 E AndroidRuntime: FATAL EXCEPTION: main
07-03 20:20:34.126 32730 32730 E AndroidRuntime: Process: com.BHG.gurbani, PID: 32730
07-03 20:20:34.126 32730 32730 E AndroidRuntime: java.lang.RuntimeException: Failure delivering result ResultInfo{who=null, request=101, result=-1, data=Intent { dat=content://com.android.providers.media.documents/document/image:5857 flg=0x1 }} to activity {com.BHG.gurbani/com.BHG.gurbani.UploadActivity}: android.content.ActivityNotFoundException: Unable tofind explicit activity class {com.BHG.gurbani/com.yalantis.ucrop.UCropActivity}; have you declared this activity in your AndroidManifest.xml?
07-03 20:20:34.126 32730 32730 E AndroidRuntime:        at android.app.ActivityThread.deliverResults(ActivityThread.java:4960)
07-03 20:20:34.126 32730 32730 E AndroidRuntime:        at android.app.ActivityThread.handleSendResult(ActivityThread.java:5001)
07-03 20:20:34.126 32730 32730 E AndroidRuntime:        at android.app.servertransaction.ActivityResultItem.execute(ActivityResultItem.java:51)
07-03 20:20:34.126 32730 32730 E AndroidRuntime:        at android.app.servertransaction.TransactionExecutor.executeCallbacks(TransactionExecutor.java:135)
07-03 20:20:34.126 32730 32730 E AndroidRuntime:        at android.app.servertransaction.TransactionExecutor.execute(TransactionExecutor.java:95)
07-03 20:20:34.126 32730 32730 E AndroidRuntime:        at android.app.ActivityThread$H.handleMessage(ActivityThread.java:2047)
07-03 20:20:34.126 32730 32730 E AndroidRuntime:        at android.os.Handler.dispatchMessage(Handler.java:107)
07-03 20:20:34.126 32730 32730 E AndroidRuntime:        at android.os.Looper.loop(Looper.java:224)
07-03 20:20:34.126 32730 32730 E AndroidRuntime:        at android.app.ActivityThread.main(ActivityThread.java:7592)
07-03 20:20:34.126 32730 32730 E AndroidRuntime:        at java.lang.reflect.Method.invoke(Native Method)
07-03 20:20:34.126 32730 32730 E AndroidRuntime:        at com.android.internal.os.RuntimeInit$MethodAndArgsCaller.run(RuntimeInit.java:539)
07-03 20:20:34.126 32730 32730 E AndroidRuntime:        at com.android.internal.os.ZygoteInit.main(ZygoteInit.java:950)
07-03 20:20:34.126 32730 32730 E AndroidRuntime: Caused by: android.content.ActivityNotFoundException: Unable to find explicit activity class {com.BHG.gurbani/com.yalantis.ucrop.UCropActivity}; have you declared this activity in your AndroidManifest.xml?
07-03 20:20:34.126 32730 32730 E AndroidRuntime:        at android.app.Instrumentation.checkStartActivityResult(Instrumentation.java:2064)
07-03 20:20:34.126 32730 32730 E AndroidRuntime:        at android.app.Instrumentation.execStartActivity(Instrumentation.java:1720)
07-03 20:20:34.126 32730 32730 E AndroidRuntime:        at android.app.Activity.startActivityForResult(Activity.java:5258)
07-03 20:20:34.126 32730 32730 E AndroidRuntime:        at androidx.activity.ComponentActivity.startActivityForResult(ComponentActivity.java:780)
07-03 20:20:34.126 32730 32730 E AndroidRuntime:        at android.app.Activity.startActivityForResult(Activity.java:5216)
07-03 20:20:34.126 32730 32730 E AndroidRuntime:        at androidx.activity.ComponentActivity.startActivityForResult(ComponentActivity.java:761)
07-03 20:20:34.126 32730 32730 E AndroidRuntime:        at com.yalantis.ucrop.UCrop.start(UCrop.java:138)
07-03 20:20:34.126 32730 32730 E AndroidRuntime:        at com.yalantis.ucrop.UCrop.start(UCrop.java:128)
07-03 20:20:34.126 32730 32730 E AndroidRuntime:        at com.BHG.gurbani.UploadActivity.onActivityResult(UploadActivity.kt:69)
07-03 20:20:34.126 32730 32730 E AndroidRuntime:        at android.app.Activity.dispatchActivityResult(Activity.java:8249)
07-03 20:20:34.126 32730 32730 E AndroidRuntime:        at android.app.ActivityThread.deliverResults(ActivityThread.java:4953)
07-03 20:20:34.126 32730 32730 E AndroidRuntime:        ... 11 more
07-03 20:20:34.141  1958  4008 W ActivityTaskManager:   Force finishing activity com.BHG.gurbani/.UploadActivity
07-03 20:20:34.141  1958   989 I DropBoxManagerService: add tag=data_app_crash isTagEnabled=true flags=0x2
07-03 20:20:34.156  1958  2010 W BroadcastQueue: Background execution not allowed: receiving Intent { act=android.intent.action.DROPBOX_ENTRY_ADDED flg=0x10 (has extras) } to com.google.android.gms/.stats.service.DropBoxEntryAddedReceiver
07-03 20:20:34.227  1958  1981 I WindowManager: WIN DEATH: Window{3e521e3 u0 com.BHG.gurbani/com.BHG.gurbani.MainActivity}
07-03 20:20:34.229  1958  2066 I ActivityManager: Process com.BHG.gurbani (pid 32730) has died: fore TOP
07-03 20:20:34.232  1958  5270 I WindowManager: WIN DEATH: Window{1137341 u0 com.BHG.gurbani/com.BHG.gurbani.UploadActivity}
07-03 20:20:34.260  1958  1996 W ActivityManager: setHasOverlayUi called on unknown pid: 32730
07-03 20:20:34.304  1958  2011 I ActivityManager: Start proc 1064:com.BHG.gurbani/u0a776 for activity {com.BHG.gurbani/com.BHG.gurbani.MainActivity} caller=com.BHG.gurbani
07-03 20:20:34.327  1958  1997 I Timeline: Timeline: App_transition_ready time:117556573
07-03 20:20:34.327  1958  1997 I Timeline: Timeline: App_transition_stopped time:117556573
07-03 20:20:34.644  1958  1996 W ActivityTaskManager: Activity top resumed state loss timeout for ActivityRecord{55249d3 u0 com.BHG.gurbani/.UploadActivity t-1 f}
07-03 20:20:34.646  1958  3417 E WindowManager: App trying to use insecure INPUT_FEATURE_NO_INPUT_CHANNEL flag. Ignoring
07-03 20:20:34.710  1958  1997 I Timeline: Timeline: Activity_windows_visible id: ActivityRecord{79a3061 u0 com.BHG.gurbani/.MainActivity t1645} time:117556956
07-03 20:20:34.745  1958  1996 I ActivityManager: Killing 31529:com.miui.analytics/u0a105 (adj 965): empty #17
07-03 20:20:34.776  1958  1981 W ActivityManager: Scheduling restart of crashed service com.miui.analytics/.onetrack.OneTrackService in 1000ms
07-03 20:20:35.805  1958  2011 I ActivityManager: Start proc 1292:com.miui.analytics/u0a105 for service {com.miui.analytics/com.miui.analytics.onetrack.OneTrackService} caller=com.xiaomi.mipicks
07-03 20:20:35.939  1958  4806 I ActivityManager: Killing 31394:com.xiaomi.mipicks/u0a127 (adj 975): empty #17
07-03 20:20:41.837  1958  1979 I ActivityManager: Killing 31790:in.mohalla.sharechat/u0a763 (adj 975): empty #17
07-03 20:20:49.250  1958  4806 W BpBinder: Slow Binder: BpBinder transact took 564ms, interface=android.os.IInstalld, code=9 oneway=false
07-03 20:20:49.251 30719 32618 W BpBinder: Slow Binder: BpBinder transact took 565ms, interface=android.app.usage.IStorageStatsManager, code=7 oneway=false
07-03 20:21:26.241  1958  2011 I ActivityManager: Start proc 1423:com.google.android.youtube/u0a204 for service {com.google.android.youtube/androidx.work.impl.background.systemjob.SystemJobService} caller=android
07-03 20:21:26.930  1958  2011 I ActivityManager: Start proc 1492:com.google.process.gservices/u0a185 for content provider {com.google.android.gsf/com.google.android.gsf.gservices.GservicesProvider} caller=com.google.android.youtube
07-03 20:21:27.051  1958  2348 I ActivityManager: Killing 31944:com.xiaomi.discover/u0a111 (adj 965): empty #17
07-03 20:21:27.052  1958  2348 I ActivityManager: Killing 31244:com.google.android.apps.turbo/u0a184 (adj 975): empty #18
07-03 20:21:27.161  1423  1459 W BpBinder: Slow Binder: BpBinder transact took 260ms, interface=android.app.IActivityManager, code=20 oneway=false
07-03 20:21:27.633  1958  2010 W BroadcastQueue: Permission Denial: broadcasting Intent { act=android.net.conn.CONNECTIVITY_CHANGE flg=0x4200010 (has extras) } from null (pid=-1, uid=-1) requires com.google.android.youtube.DYNAMIC_RECEIVER_NOT_EXPORTED_PERMISSION due to registered receiver BroadcastFilter{e5b49a7 10204/u0 ReceiverList{ec70266 1423 com.google.android.youtube/10204/u0 remote:fe53ac1}}
07-03 20:21:29.652  1958  2011 I ActivityManager: Start proc 1655:com.android.chrome:privileged_process0/u0a193 for service {com.android.chrome/org.chromium.content.app.PrivilegedProcessService0} caller=com.android.chrome
07-03 20:21:29.920  1958  5270 I ActivityManager: Killing 32071:com.miui.securitycenter/1000 (adj 975): empty #17
07-03 20:21:29.962  1958  1996 W ActivityManager: setHasOverlayUi called on unknown pid: 32071
07-03 20:21:30.164   652   652 W Looper  : Slow Looper main: Long Msg: seq=23 plan=20:21:28.848  late=0ms wall=1314ms running=423ms runnable=10ms io=697ms h=android.os.Handler c=W96
07-03 20:21:30.700  1958  2011 W ActivityManager: Slow operation: 533ms so far, now at startProcess: returned from zygote!
07-03 20:21:30.701  1958  2011 W ActivityManager: Slow operation: 534ms so far, now at startProcess: done updating battery stats
07-03 20:21:30.701  1958  2011 W ActivityManager: Slow operation: 534ms so far, now at startProcess: building log message
07-03 20:21:30.701  1958  2011 I ActivityManager: Start proc 1914:com.android.chrome:sandboxed_process0:org.chromium.content.app.SandboxedProcessService0:0/u0ai0 for  {com.android.chrome/org.chromium.content.app.SandboxedProcessService0:0}caller=com.android.chrome
07-03 20:21:30.701  1958  2011 W ActivityManager: Slow operation: 534ms so far, now at startProcess: starting to updatepids map
07-03 20:21:30.701  1958  2011 W ActivityManager: Slow operation: 534ms so far, now at startProcess: done updating pidsmap
07-03 20:21:30.787  1958  3853 I ActivityManager: Killing 32174:com.android.keychain/1000 (adj 975): empty #17
07-03 20:21:31.277   652  1613 W BpBinder: Slow Binder: BpBinder transact took 366ms, interface=com.google.android.gms.languageprofile.internal.ILanguageProfileService, code=3 oneway=false
07-03 20:22:34.015  1958  2017 I PowerManagerService: Going to sleep due to timeout (uid 1000)...
07-03 20:22:34.015  1958  1958 W UsageStatsService: Event reported without a package name, eventType:16
07-03 20:22:34.017  1958  1958 I WindowManager: Started going to sleep... (why=OFF_BECAUSE_OF_TIMEOUT)
07-03 20:22:34.274  1958  2017 I DisplayPowerController: Blocking screen off
07-03 20:22:34.290  1958  2017 I DisplayPowerController: Unblocked screen off after 16 ms
07-03 20:22:34.295  1958  2017 I WindowManager: Screen turned off...
07-03 20:22:34.309  1958  2017 W ActivityManager: Unable to start service Intent { act=miui.action.CAMERA_EMPTY_SERVICEpkg=com.android.camera } U=0: not found
07-03 20:22:34.313  1064  1064 W ActivityThread: SCHED: com.BHG.gurbani/.MainActivity [74, r=56ms, a=19ms, w=119676ms]
07-03 20:22:34.397  1958  1996 I DisplayManagerService: Display device changed state: "Built-in Screen", OFF
07-03 20:22:34.424  1958  2202 W ProcessStats: Tracking association SourceState{d39f6a2 com.BHG.gurbani/10776 Top #510356} whose proc state 1 is better than process ProcessState{bd57a69 com.google.android.gms/10185 pkg=com.google.android.gms} proc state 5 (20 skipped)
07-03 20:22:34.694  1958  2168 W BpBinder: Slow Binder: BpBinder transact took 382ms, interface=android.ui.ISurfaceComposer, code=19 oneway=false
07-03 20:22:34.729  1958  2017 W DreamManagerService: Dream ComponentInfo{com.android.systemui/com.android.systemui.doze.DozeService} does not exist
07-03 20:22:34.729  1958  2017 I PowerManagerService: Sleeping (uid 1000)...
07-03 20:22:34.737  1958  1958 I WindowManager: Finished going to sleep... (why=OFF_BECAUSE_OF_TIMEOUT)
07-03 20:22:34.741  2181  3389 W KeyguardViewMediator: doKeyguard: showing the lock screen
07-03 20:22:34.852  1958  1996 W UsageStatsService: Event reported without a package name, eventType:17
07-03 20:22:34.853  1958  1996 I WindowManager: updateContrastOverlay, darkmode: true isContrastEnabled: true alpha: 0.0
07-03 20:22:35.155  2181  2181 W Looper  : Slow Looper main: doFrame is 357ms late because of 4 msg, msg 1 took 354ms (seq=876636 running=77ms runnable=18ms io=116ms late=29ms h=com.android.systemui.keyguard.KeyguardViewMediator$6 w=1)
07-03 20:22:35.502  1958  2011 I ActivityManager: Start proc 2045:com.miui.msa.global:ui/u0a123 for service {com.miui.msa.global/com.xiaomi.ad.internal.splash.uiprocess.SplashUIService} caller=com.miui.msa.global
07-03 20:22:35.659  1958  2014 E BatteryExternalStatsWorker: no controller energy info supplied for bluetooth
07-03 20:22:35.756  1958  5269 I ActivityManager: Killing 32195:com.miui.global.packageinstaller/u0a162 (adj 975): empty #17
07-03 20:22:35.857 25666 25951 W BpBinder: Slow Binder: BpBinder transact took 216ms, interface=com.android.internal.app.IBatteryStats, code=16 oneway=false
07-03 20:22:35.886  1958  2066 I ActivityManager: Killing 32711:com.google.android.webview:sandboxed_process0:org.chromium.content.app.SandboxedProcessService0:0/u0a162i283 (adj 0): isolated not needed
07-03 20:22:35.918  2181 23490 W BpBinder: Slow Binder: BpBinder transact took 327ms, interface=android.content.IContentProvider, code=21 oneway=false
07-03 20:22:46.423  1958  2066 W ProcessStats: Tracking association SourceState{7f0270f com.google.android.gms/10185 Top #510547} whose proc state 1 is better than process ProcessState{1c1639c com.google.android.gms.persistent/10185 pkg=com.google.android.gms} proc state 2 (195 skipped)
07-03 20:22:53.219  1958  2351 W BpBinder: Slow Binder: BpBinder transact took 603ms, interface=android.os.IInstalld, code=10 oneway=false
07-03 20:22:53.219  1958  2351 I InstallationStatistic: beginInstallSession: 201662755
07-03 20:22:54.114  1958  2065 I ActivityTaskManager: START u0 {act=android.intent.action.VIEW dat=file:///data/app/vmdl201662755.tmp typ=application/vnd.android.package-archive flg=0x18000000 cmp=com.miui.securitycenter/com.miui.permcenter.install.AdbInstallActivity (has extras)} from uid 1000
07-03 20:22:54.303  1958  2011 I ActivityManager: Start proc 2246:com.miui.securitycenter/1000 for activity {com.miui.securitycenter/com.miui.permcenter.install.AdbInstallActivity} caller=pm
07-03 20:22:54.365  1958  1997 I Timeline: Timeline: App_transition_ready time:117696610
07-03 20:22:54.860  1958  1996 W ActivityTaskManager: Activity top resumed state loss timeout for ActivityRecord{2e7b5a5 u0 com.miui.securitycenter/com.miui.permcenter.install.AdbInstallActivity t1646}
07-03 20:22:54.860  1958  1996 W ActivityTaskManager: Activity pause timeout for ActivityRecord{2e7b5a5 u0 com.miui.securitycenter/com.miui.permcenter.install.AdbInstallActivity t1646}
07-03 20:22:54.865  1958  1996 I Timeline: Timeline: App_transition_ready time:117697111
07-03 20:22:55.210  1958  2066 I Timeline: Timeline: App_transition_ready time:117697456
07-03 20:22:55.430  2246  2246 W Looper  : Slow Looper main: Activity com.miui.securitycenter/com.miui.permcenter.install.AdbInstallActivity is 623ms late (wall=450ms running=237ms ClientTransaction{ callbacks=[android.app.servertransaction.LaunchActivityItem] lifecycleRequest=android.app.servertransaction.ResumeActivityItem }) because of 2 msg, msg 2 took 618ms (seq=2 running=318ms runnable=22ms io=216ms late=7ms h=android.app.ActivityThread$H w=110)
07-03 20:22:55.431  2246  2246 W Looper  : Slow Looper main: Activity com.miui.securitycenter/com.miui.permcenter.install.AdbInstallActivity is 1073ms late (wall=1ms running=0ms ClientTransaction{ callbacks=[android.app.servertransaction.TopResumedActivityChangeItem] }) because of 3 msg, msg 2 took 618ms (seq=2 running=318ms runnable=22ms io=216ms late=7ms h=android.app.ActivityThread$H w=110), msg 3 took 450ms (seq=3 running=237ms runnable=16ms io=118ms late=623ms h=android.app.ActivityThread$H w=159)
07-03 20:22:55.432  2246  2246 W Looper  : Slow Looper main: Activity com.miui.securitycenter/com.miui.permcenter.install.AdbInstallActivity is 1073ms late (wall=0ms running=1ms ClientTransaction{ callbacks=[android.app.servertransaction.TopResumedActivityChangeItem] }) because of 4 msg, msg 2 took 618ms (seq=2 running=318ms runnable=22ms io=216ms late=7ms h=android.app.ActivityThread$H w=110), msg 3 took 450ms (seq=3 running=237ms runnable=16ms io=118ms late=623ms h=android.app.ActivityThread$H w=159)
07-03 20:22:55.433  2246  2246 W Looper  : Slow Looper main: Activity com.miui.securitycenter/com.miui.permcenter.install.AdbInstallActivity is 1074ms late (wall=1ms running=0ms ClientTransaction{ lifecycleRequest=android.app.servertransaction.PauseActivityItem }) because of 5 msg, msg 2 took 618ms (seq=2 running=318ms runnable=22ms io=216ms late=7ms h=android.app.ActivityThread$H w=110), msg 3 took 450ms (seq=3 running=237ms runnable=16ms io=118ms late=623ms h=android.app.ActivityThread$H w=159)
07-03 20:22:55.435  2246  2246 W Looper  : Slow Looper main: Activity com.miui.securitycenter/com.miui.permcenter.install.AdbInstallActivity is 566ms late (wall=0ms running=0ms ClientTransaction{ lifecycleRequest=android.app.servertransaction.StopActivityItem }) because of 7 msg, msg 1 took 618ms (seq=2 running=318ms runnable=22ms io=216ms late=7ms h=android.app.ActivityThread$H w=110), msg 2 took 450ms (seq=3 running=237ms runnable=16ms io=118ms late=623ms h=android.app.ActivityThread$H w=159)
07-03 20:22:55.451  1958  1979 I Timeline: Timeline: App_transition_ready time:117697697
07-03 20:22:55.452  1958  1979 I Timeline: Timeline: App_transition_stopped time:117697697
07-03 20:22:55.520  1958  4692 W WindowManager: Failed looking up window callers=com.android.server.wm.WindowManagerService.windowForClientLocked:5864 com.android.server.wm.WindowManagerService.relayoutWindow:2244 com.android.server.wm.Session.relayout:194
07-03 20:22:55.533  1958  4692 W WindowManager: Failed looking up window callers=com.android.server.wm.WindowManagerService.windowForClientLocked:5864 com.android.server.wm.WindowManagerService.removeWindow:2014 com.android.server.wm.Session.remove:176
07-03 20:22:55.563  1958  2010 I ActivityManager: Force stopping com.BHG.gurbani appid=10776 user=-1: installPackageLI
07-03 20:22:55.564  1958  2022 I PackageManager: Update package com.BHG.gurbani code path from /data/app/com.BHG.gurbani--vdiq9pGhAOzQsbjHDWPqQ== to /data/app/com.BHG.gurbani--eTMHydFC4_D288XPvGolQ==; Retain data and using new
07-03 20:22:55.564  1958  2022 I PackageManager: Update package com.BHG.gurbani resource path from /data/app/com.BHG.gurbani--vdiq9pGhAOzQsbjHDWPqQ== to /data/app/com.BHG.gurbani--eTMHydFC4_D288XPvGolQ==; Retain data and using new
07-03 20:22:55.567  1958  2010 I ActivityManager: Killing 1064:com.BHG.gurbani/u0a776 (adj 0): stop com.BHG.gurbani: installPackageLI
07-03 20:22:55.571  1958  2010 W ActivityTaskManager: Force removing ActivityRecord{79a3061 u0 com.BHG.gurbani/.MainActivity t1645 f}: app died, no saved state
07-03 20:22:55.641  1958  1996 W ActivityManager: setHasOverlayUi called on unknown pid: 1064
07-03 20:22:55.757  1958  2022 W FileUtils: Slow Operation: fsync took 110ms
07-03 20:22:55.877  1958  2022 I PackageManager: Un-granting permission android.permission.WRITE_MEDIA_STORAGE from package com.jio.media.jiobeats (protectionLevel=18 flags=0x20d83e44)
07-03 20:22:55.877  1958  2022 I PackageManager: Un-granting permission android.permission.WRITE_SETTINGS from package com.jio.media.jiobeats (protectionLevel=1218 flags=0x20d83e44)
07-03 20:22:55.877  1958  2022 I PackageManager: Un-granting permission android.permission.MANAGE_DOCUMENTS from package com.google.android.youtube (protectionLevel=262146 flags=0x20dbbec5)
07-03 20:22:55.877  1958  2022 I PackageManager: Un-granting permission android.permission.REQUEST_INSTALL_PACKAGES from package com.revanced.net.revancedmanager (protectionLevel=66 flags=0x20c8be44)
07-03 20:22:55.879  1958  2022 I PackageManager: Un-granting permission android.permission.CAPTURE_AUDIO_OUTPUT from package com.google.android.googlequicksearchbox (protectionLevel=18 flags=0xa8dbbec5)
07-03 20:22:55.879  1958  2022 I PackageManager: Un-granting permission android.permission.SUBSTITUTE_SHARE_TARGET_APP_NAME_AND_ICON from package com.google.android.googlequicksearchbox (protectionLevel=18 flags=0xa8dbbec5)
07-03 20:22:55.879  1958  2022 I PackageManager: Un-granting permission android.permission.CAPTURE_MEDIA_OUTPUT from package com.google.android.googlequicksearchbox (protectionLevel=18 flags=0xa8dbbec5)
07-03 20:22:55.879  1958  2022 I PackageManager: Un-granting permission android.permission.MODIFY_AUDIO_ROUTING from package com.google.android.googlequicksearchbox (protectionLevel=18 flags=0xa8dbbec5)
07-03 20:22:55.879  1958  2022 I PackageManager: Un-granting permission com.google.android.googleapps.permission.GOOGLE_AUTH from package com.android.providers.calendar (protectionLevel=2 flags=0x20883e45)
07-03 20:22:55.880  1958  2022 I PackageManager: Un-granting permission com.google.android.googleapps.permission.GOOGLE_AUTH.cl from package com.android.providers.calendar (protectionLevel=2 flags=0x20883e45)
07-03 20:22:55.880  1958  2022 I PackageManager: Un-granting permission android.permission.SYSTEM_ALERT_WINDOW from package org.telegram.messenger (protectionLevel=1250 flags=0x289bbe44)
07-03 20:22:55.880  1958  2022 I PackageManager: Un-granting permission android.permission.REQUEST_INSTALL_PACKAGES from package org.telegram.messenger (protectionLevel=66 flags=0x289bbe44)
07-03 20:22:55.881  1958  2022 I PackageManager: Un-granting permission android.permission.MANAGE_DOCUMENTS from package app.revanced.android.youtube (protectionLevel=262146 flags=0x30dbbe44)
07-03 20:22:55.882  1958  2022 I PackageManager: Un-granting permission android.permission.SYSTEM_ALERT_WINDOW from package app.revanced.android.youtube (protectionLevel=1250 flags=0x30dbbe44)
07-03 20:22:55.882  1958  2022 I PackageManager: Un-granting permission android.permission.WRITE_SECURE_SETTINGS from package com.antutu.ABenchMark (protectionLevel=50 flags=0x2288be46)
07-03 20:22:55.883  1958  2022 I PackageManager: Un-granting permission android.permission.REQUEST_INSTALL_PACKAGES from package com.whatsapp (protectionLevel=66 flags=0x20cbbe44)
07-03 20:22:55.883  1958  2022 I PackageManager: Un-granting permission android.permission.HIDE_NON_SYSTEM_OVERLAY_WINDOWS from package com.android.companiondevicemanager (protectionLevel=258 flags=0x30c83e45)
07-03 20:22:55.884  1958  2022 I PackageManager: Un-granting permission android.permission.MANAGE_USERS from package com.miui.securitycenter (protectionLevel=18 flags=0x20c9bec5)
07-03 20:22:55.884  1958  2022 I PackageManager: Un-granting permission android.permission.INTERACT_ACROSS_USERS from package com.miui.securitycenter (protectionLevel=50 flags=0x20c9bec5)
07-03 20:22:55.884  1958  2022 I PackageManager: Un-granting permission android.permission.READ_PRIVILEGED_PHONE_STATE from package com.miui.securitycenter (protectionLevel=18 flags=0x20c9bec5)
07-03 20:22:55.885  1958  2022 I PackageManager: Un-granting permission android.permission.WRITE_MEDIA_STORAGE from package ru.zdevs.zarchiver (protectionLevel=18 flags=0x30d8be44)
07-03 20:22:55.885  1958  2022 I PackageManager: Un-granting permission android.permission.REQUEST_INSTALL_PACKAGES from package ru.zdevs.zarchiver (protectionLevel=66 flags=0x30d8be44)
07-03 20:22:55.885  1958  2022 I PackageManager: Un-granting permission android.permission.SYSTEM_ALERT_WINDOW from package com.glgjing.captain (protectionLevel=1250 flags=0x3088be44)
07-03 20:22:55.885  1958  2022 I PackageManager: Un-granting permission android.permission.PACKAGE_USAGE_STATS from package com.glgjing.captain (protectionLevel=114 flags=0x3088be44)
07-03 20:22:55.886  1958  2022 I PackageManager: Un-granting permission android.permission.START_ACTIVITIES_FROM_BACKGROUND from package com.android.soundrecorder (protectionLevel=49682 flags=0x30c83e85)
07-03 20:22:55.886  1958  2022 I PackageManager: Un-granting permission android.permission.WRITE_SETTINGS from package in.mohalla.sharechat (protectionLevel=1218 flags=0x30d8be44)
07-03 20:22:55.886  1958  2022 I PackageManager: Un-granting permission android.permission.SYSTEM_ALERT_WINDOW from package in.mohalla.sharechat (protectionLevel=1250 flags=0x30d8be44)
07-03 20:22:55.887  1958  2022 I PackageManager: Un-granting permission android.permission.REQUEST_INSTALL_PACKAGES from package com.android.providers.downloads.ui (protectionLevel=66 flags=0x30c8be45)
07-03 20:22:55.887  1958  2022 I PackageManager: Un-granting permission android.permission.HIDE_NON_SYSTEM_OVERLAY_WINDOWS from package com.android.vending (protectionLevel=258 flags=0x28cabec5)
07-03 20:22:55.887  1958  2022 I PackageManager: Un-granting permission android.permission.SEND_DOWNLOAD_COMPLETED_INTENTS from package com.android.vending (protectionLevel=2 flags=0x28cabec5)
07-03 20:22:55.889  1958  2022 I PackageManager: Un-granting permission android.permission.SYSTEM_ALERT_WINDOW from package com.hecorat.screenrecorder.free (protectionLevel=1250 flags=0x20c8be44)
07-03 20:22:55.890  1958  2022 I PackageManager: Un-granting permission com.google.android.googleapps.permission.GOOGLE_AUTH.mail from package com.android.contacts (protectionLevel=2 flags=0x38c9be45)
07-03 20:22:55.891  1958  2022 I PackageManager: Un-granting permission android.permission.CHANGE_CONFIGURATION from package com.tiqiaa.remote (protectionLevel=50 flags=0x30c8be44)
07-03 20:22:55.891  1958  2022 I PackageManager: Un-granting permission android.permission.SET_DEBUG_APP from package com.tiqiaa.remote (protectionLevel=50 flags=0x30c8be44)
07-03 20:22:55.891  1958  2022 I PackageManager: Un-granting permission android.permission.WRITE_SETTINGS from package com.tiqiaa.remote (protectionLevel=1218 flags=0x30c8be44)
07-03 20:22:55.891  1958  2022 I PackageManager: Un-granting permission android.permission.DEVICE_POWER from package com.tiqiaa.remote (protectionLevel=2 flags=0x30c8be44)
07-03 20:22:55.891  1958  2022 I PackageManager: Un-granting permission com.android.launcher.permission.READ_SETTINGS from package com.tiqiaa.remote (protectionLevel=18 flags=0x30c8be44)
07-03 20:22:55.891  1958  2022 I PackageManager: Un-granting permission android.permission.INTERACT_ACROSS_USERS_FULL from package com.tiqiaa.remote (protectionLevel=258 flags=0x30c8be44)
07-03 20:22:55.891  1958  2022 I PackageManager: Un-granting permission android.permission.SYSTEM_ALERT_WINDOW from package com.tiqiaa.remote (protectionLevel=1250 flags=0x30c8be44)
07-03 20:22:55.891  1958  2022 I PackageManager: Un-granting permission android.permission.SEND_DOWNLOAD_COMPLETED_INTENTS from package com.tiqiaa.remote (protectionLevel=2 flags=0x30c8be44)
07-03 20:22:55.891  1958  2022 I PackageManager: Un-granting permission android.permission.DUMP from package com.digibites.accubattery (protectionLevel=50 flags=0x20c83e44)
07-03 20:22:55.891  1958  2022 I PackageManager: Un-granting permission android.permission.PACKAGE_USAGE_STATS from package com.digibites.accubattery (protectionLevel=114 flags=0x20c83e44)
07-03 20:22:55.891  1958  2022 I PackageManager: Un-granting permission android.permission.SYSTEM_ALERT_WINDOW from package com.digibites.accubattery (protectionLevel=1250 flags=0x20c83e44)
07-03 20:22:55.891  1958  2022 I PackageManager: Un-granting permission android.permission.START_ACTIVITIES_FROM_BACKGROUND from package com.android.mms (protectionLevel=49682 flags=0x38c9bee5)
07-03 20:22:55.891  1958  2022 I PackageManager: Un-granting permission com.xiaomi.simactivate.service.ACTIVATE_SIM from package com.android.mms (protectionLevel=2 flags=0x38c9bee5)
07-03 20:22:55.892  1958  2022 I PackageManager: Un-granting permission android.permission.WRITE_APN_SETTINGS from package com.android.mms (protectionLevel=18 flags=0x38c9bee5)
07-03 20:22:55.892  1958  2022 I PackageManager: Un-granting permission miui.permission.JOYOSE from package com.android.mms (protectionLevel=2 flags=0x38c9bee5)
07-03 20:22:55.892  1958  2022 I PackageManager: Un-granting permission com.miui.systemAdSolution.LOCAL_AD_PROVIDER from package com.android.mms (protectionLevel=2 flags=0x38c9bee5)
07-03 20:22:55.892  1958  2022 I PackageManager: Un-granting permission com.android.settings.permission.CLOUD_SETTINGS_PROVIDER from package com.android.mms (protectionLevel=18 flags=0x38c9bee5)
07-03 20:22:55.892  1958  2022 I PackageManager: Un-granting permission android.permission.ACCESS_DOWNLOAD_MANAGER frompackage com.microsoft.rdc.android (protectionLevel=18 flags=0x3098be44)
07-03 20:22:55.892  1958  2022 I PackageManager: Un-granting permission android.permission.REQUEST_INSTALL_PACKAGES from package com.apk.editor (protectionLevel=66 flags=0x20c8be44)
07-03 20:22:55.893  1958  2022 I PackageManager: Un-granting permission android.permission.REQUEST_INSTALL_PACKAGES from package com.google.android.gm (protectionLevel=66 flags=0x28dbbec5)
07-03 20:22:55.894  1958  2022 I PackageManager: Un-granting permission com.google.android.providers.gsf.permission.WRITE_GSERVICES from package com.google.android.apps.playconsole (protectionLevel=2 flags=0x2088be44)
07-03 20:22:55.895  1958  2022 I PackageManager: Un-granting permission android.permission.WRITE_SECURE_SETTINGS from package com.android.printspooler (protectionLevel=50 flags=0x38c8be45)
07-03 20:22:55.896  1958  2022 I PackageManager: Un-granting permission android.permission.CHANGE_CONFIGURATION from package com.duokan.phone.remotecontroller (protectionLevel=50 flags=0x20983e44)
07-03 20:22:55.896  1958  2022 I PackageManager: Un-granting permission android.permission.CAPTURE_AUDIO_OUTPUT from package com.duokan.phone.remotecontroller (protectionLevel=18 flags=0x20983e44)
07-03 20:22:55.896  1958  2022 I PackageManager: Un-granting permission com.xiaomi.permission.CLOUD_MANAGER from package com.duokan.phone.remotecontroller (protectionLevel=18 flags=0x20983e44)
07-03 20:22:55.896  1958  2022 I PackageManager: Un-granting permission com.android.launcher.permission.READ_SETTINGS from package com.duokan.phone.remotecontroller (protectionLevel=18 flags=0x20983e44)
07-03 20:22:55.896  1958  2022 I PackageManager: Un-granting permission android.permission.WRITE_SETTINGS from package com.duokan.phone.remotecontroller (protectionLevel=1218 flags=0x20983e44)
07-03 20:22:55.896  1958  2022 I PackageManager: Un-granting permission com.miui.securitycenter.permission.SYSTEM_PERMISSION_DECLARE from package com.duokan.phone.remotecontroller (protectionLevel=18 flags=0x20983e44)
07-03 20:22:55.896  1958  2022 I PackageManager: Un-granting permission android.permission.MOUNT_UNMOUNT_FILESYSTEMS from package com.duokan.phone.remotecontroller (protectionLevel=18 flags=0x20983e44)
07-03 20:22:55.897  1958  2022 I PackageManager: Un-granting permission android.permission.REAL_GET_TASKS from package com.google.android.apps.wellbeing (protectionLevel=18 flags=0x20cbbec5)
07-03 20:22:55.897  1958  2022 I PackageManager: Un-granting permission android.permission.START_TASKS_FROM_RECENTS from package com.google.android.apps.wellbeing (protectionLevel=18 flags=0x20cbbec5)
07-03 20:22:55.897  1958  2022 I PackageManager: Un-granting permission android.permission.MODIFY_DAY_NIGHT_MODE from package com.google.android.apps.wellbeing (protectionLevel=18 flags=0x20cbbec5)
07-03 20:22:55.898  1958  2022 I PackageManager: Un-granting permission android.permission.REQUEST_INSTALL_PACKAGES from package com.google.android.apps.docs (protectionLevel=66 flags=0x28cbbe44)
07-03 20:22:55.898  1958  2022 I PackageManager: Un-granting permission android.permission.SYSTEM_ALERT_WINDOW from package com.frontrow.vlog (protectionLevel=1250 flags=0x38983c44)
07-03 20:22:55.898  1958  2022 I PackageManager: Un-granting permission android.permission.ACCESS_MTP from package com.miui.cloudbackup (protectionLevel=18 flags=0x20d83ec5)
07-03 20:22:55.898  1958  2022 I PackageManager: Un-granting permission android.permission.SYSTEM_ALERT_WINDOW from package com.opera.browser (protectionLevel=1250 flags=0xa4c9be44)
07-03 20:22:55.898  1958  2022 I PackageManager: Un-granting permission android.permission.REQUEST_INSTALL_PACKAGES from package com.opera.browser (protectionLevel=66 flags=0xa4c9be44)
07-03 20:22:55.899  1958  2022 I PackageManager: Un-granting permission android.permission.INTERACT_ACROSS_USERS from package com.google.android.syncadapters.contacts (protectionLevel=50 flags=0x20883e45)
07-03 20:22:55.899  1958  2022 I PackageManager: Un-granting permission android.permission.REQUEST_INSTALL_PACKAGES from package com.android.chrome (protectionLevel=66 flags=0xa0cbbec5)
07-03 20:22:55.900  1958  2022 I PackageManager: Un-granting permission android.permission.SYSTEM_ALERT_WINDOW from package com.teamsmart.videomanager.tv (protectionLevel=1250 flags=0x38d83e44)
07-03 20:22:55.900  1958  2022 I PackageManager: Un-granting permission android.permission.READ_PRIVILEGED_PHONE_STATE from package com.teamsmart.videomanager.tv (protectionLevel=18 flags=0x38d83e44)
07-03 20:22:55.900  1958  2022 I PackageManager: Un-granting permission android.permission.REQUEST_INSTALL_PACKAGES from package com.teamsmart.videomanager.tv (protectionLevel=66 flags=0x38d83e44)
07-03 20:22:55.900  1958  2022 I PackageManager: Un-granting permission android.permission.WRITE_EMBEDDED_SUBSCRIPTIONSfrom package com.google.android.gms (protectionLevel=50 flags=0xa0cabec5)
07-03 20:22:55.900  1958  2022 I PackageManager: Un-granting permission android.permission.CAPTURE_VIDEO_OUTPUT from package com.google.android.gms (protectionLevel=2 flags=0xa0cabec5)
07-03 20:22:55.900  1958  2022 I PackageManager: Un-granting permission android.permission.FORCE_STOP_PACKAGES from package com.google.android.gms (protectionLevel=18 flags=0xa0cabec5)
07-03 20:22:55.900  1958  2022 I PackageManager: Un-granting permission android.permission.MODIFY_DEFAULT_AUDIO_EFFECTSfrom package com.google.android.gms (protectionLevel=18 flags=0xa0cabec5)
07-03 20:22:55.900  1958  2022 I PackageManager: Un-granting permission android.permission.MANAGE_DEVICE_ADMINS from package com.google.android.gms (protectionLevel=2 flags=0xa0cabec5)
07-03 20:22:55.900  1958  2022 I PackageManager: Un-granting permission android.permission.MANAGE_ACTIVITY_STACKS from package com.google.android.gms (protectionLevel=2 flags=0xa0cabec5)
07-03 20:22:55.900  1958  2022 I PackageManager: Un-granting permission android.permission.CAPTURE_SECURE_VIDEO_OUTPUT from package com.google.android.gms (protectionLevel=2 flags=0xa0cabec5)
07-03 20:22:55.901  1958  2022 I PackageManager: Un-granting permission android.permission.MANAGE_ROLLBACKS from package com.google.android.gms (protectionLevel=514 flags=0xa0cabec5)
07-03 20:22:55.901  1958  2022 I PackageManager: Un-granting permission android.permission.MEDIA_CONTENT_CONTROL from package com.google.android.gms (protectionLevel=18 flags=0xa0cabec5)
07-03 20:22:55.901  1958  2022 I PackageManager: Un-granting permission android.permission.HIDE_NON_SYSTEM_OVERLAY_WINDOWS from package com.google.android.gms (protectionLevel=258 flags=0xa0cabec5)
07-03 20:22:55.901  1958  2022 I PackageManager: Un-granting permission android.permission.UPDATE_APP_OPS_STATS from package com.google.android.tts (protectionLevel=274 flags=0x34cbbec5)
07-03 20:22:55.901  1958  2022 I PackageManager: Un-granting permission android.permission.START_ACTIVITIES_FROM_BACKGROUND from package com.google.android.tts (protectionLevel=49682 flags=0x34cbbec5)
07-03 20:22:55.901  1958  2022 I PackageManager: Un-granting permission android.permission.CHANGE_DEVICE_IDLE_TEMP_WHITELIST from package app.revanced.android.gms (protectionLevel=18 flags=0xb088be44)
07-03 20:22:55.901  1958  2022 I PackageManager: Un-granting permission android.permission.UPDATE_APP_OPS_STATS from package app.revanced.android.gms (protectionLevel=274 flags=0xb088be44)
07-03 20:22:55.901  1958  2022 I PackageManager: Un-granting permission android.permission.LOCATION_HARDWARE from package app.revanced.android.gms (protectionLevel=18 flags=0xb088be44)
07-03 20:22:55.901  1958  2022 I PackageManager: Un-granting permission android.permission.INSTALL_LOCATION_PROVIDER from package app.revanced.android.gms (protectionLevel=18 flags=0xb088be44)
07-03 20:22:55.901  1958  2022 I PackageManager: Un-granting permission android.permission.NETWORK_SCAN from package app.revanced.android.gms (protectionLevel=18 flags=0xb088be44)
07-03 20:22:55.901  1958  2022 I PackageManager: Un-granting permission android.permission.MODIFY_PHONE_STATE from package app.revanced.android.gms (protectionLevel=18 flags=0xb088be44)
07-03 20:22:55.902  1958  2022 I PackageManager: Un-granting permission android.permission.SYSTEM_ALERT_WINDOW from package app.revanced.android.gms (protectionLevel=1250 flags=0xb088be44)
07-03 20:22:55.902  1958  2022 I PackageManager: Un-granting permission android.permission.MANAGE_USB from package app.revanced.android.gms (protectionLevel=18 flags=0xb088be44)
07-03 20:22:55.902  1958  2022 I PackageManager: Un-granting permission android.permission.START_ACTIVITIES_FROM_BACKGROUND from package app.revanced.android.gms (protectionLevel=49682 flags=0xb088be44)
07-03 20:22:55.902  1958  2022 I PackageManager: Un-granting permission android.permission.UPDATE_DEVICE_STATS from package app.revanced.android.gms (protectionLevel=18 flags=0xb088be44)
07-03 20:22:55.902  1958  2022 I PackageManager: Un-granting permission android.permission.WATCH_APPOPS from package app.revanced.android.gms (protectionLevel=18 flags=0xb088be44)
07-03 20:22:55.903  1958  2022 I PackageManager: Un-granting permission android.permission.SYSTEM_ALERT_WINDOW from package com.gmail.heagoo.apkeditor.pro (protectionLevel=1250 flags=0x3898be44)
07-03 20:22:55.903  1958  2022 I PackageManager: Un-granting permission android.permission.PACKAGE_USAGE_STATS from package com.gmail.heagoo.apkeditor.pro (protectionLevel=114 flags=0x3898be44)
07-03 20:22:55.903  1958  2022 I PackageManager: Un-granting permission android.permission.REQUEST_INSTALL_PACKAGES from package com.gmail.heagoo.apkeditor.pro (protectionLevel=66 flags=0x3898be44)
07-03 20:22:55.904  1958  2022 I PackageManager: Un-granting permission android.permission.WRITE_SETTINGS from package com.jio.myjio (protectionLevel=1218 flags=0x38d83e44)
07-03 20:22:55.904  1958  2022 I PackageManager: Un-granting permission android.permission.INTERACT_ACROSS_USERS from package com.jio.myjio (protectionLevel=50 flags=0x38d83e44)
07-03 20:22:55.904  1958  2022 I PackageManager: Un-granting permission android.permission.READ_PRIVILEGED_PHONE_STATE from package com.jio.myjio (protectionLevel=18 flags=0x38d83e44)
07-03 20:22:55.904  1958  2022 I PackageManager: Un-granting permission android.permission.CAPTURE_VIDEO_OUTPUT from package com.jio.myjio (protectionLevel=2 flags=0x38d83e44)
07-03 20:22:55.904  1958  2022 I PackageManager: Un-granting permission android.permission.BROADCAST_SMS from package com.jio.myjio (protectionLevel=2 flags=0x38d83e44)
07-03 20:22:55.905  1958  2022 I PackageManager: Un-granting permission android.permission.SYSTEM_ALERT_WINDOW from package com.google.android.apps.photos (protectionLevel=1250 flags=0x38dbbe44)
07-03 20:22:55.905  1958  2022 I PackageManager: Un-granting permission android.permission.WRITE_SETTINGS from package com.google.android.apps.photos (protectionLevel=1218 flags=0x38dbbe44)
07-03 20:22:55.905  1958  2022 I PackageManager: Un-granting permission android.permission.WRITE_MEDIA_STORAGE from package com.google.android.apps.photos (protectionLevel=18 flags=0x38dbbe44)
07-03 20:22:55.906  1958  2022 I PackageManager: Un-granting permission android.permission.SYSTEM_ALERT_WINDOW from package com.wondershare.filmorago (protectionLevel=1250 flags=0x38d83e44)
07-03 20:22:55.906  1958  2022 I PackageManager: Un-granting permission com.android.launcher.permission.READ_SETTINGS from package com.wondershare.filmorago (protectionLevel=18 flags=0x38d83e44)
07-03 20:22:55.906  1958  2022 I PackageManager: Un-granting permission com.android.launcher.permission.WRITE_SETTINGS from package com.wondershare.filmorago (protectionLevel=18 flags=0x38d83e44)
07-03 20:22:55.906  1958  2022 I PackageManager: Un-granting permission android.permission.SYSTEM_ALERT_WINDOW from package com.dv.adm (protectionLevel=1250 flags=0x2888be44)
07-03 20:22:55.906  1958  2022 I PackageManager: Un-granting permission android.permission.WRITE_SETTINGS from package com.valvesoftware.android.steam.community (protectionLevel=1218 flags=0x20883e44)
07-03 20:22:55.907  1958  2022 I PackageManager: Un-granting permission android.permission.REQUEST_INSTALL_PACKAGES from package com.yablio.sendfilestotv (protectionLevel=66 flags=0x30c8be44)
07-03 20:22:55.907  1958  2022 I PackageManager: Un-granting permission android.permission.REQUEST_INSTALL_PACKAGES from package org.mozilla.firefox (protectionLevel=66 flags=0x38c83e44)
07-03 20:22:55.908  1958  2022 I PackageManager: Un-granting permission android.permission.SYSTEM_ALERT_WINDOW from package com.google.android.apps.translate (protectionLevel=1250 flags=0x34c9be44)
07-03 20:22:55.909  1958  2022 I PackageManager: Un-granting permission miui.permission.EXTRA_NETWORK from package com.miui.weather2 (protectionLevel=18 flags=0x30c9bec5)
07-03 20:22:55.909  1958  2022 I PackageManager: Un-granting permission com.miui.securitycenter.permission.SYSTEM_PERMISSION_DECLARE from package com.miui.weather2 (protectionLevel=18 flags=0x30c9bec5)
07-03 20:22:55.909  1958  2022 I PackageManager: Un-granting permission com.miui.bugreport.permission.DUMP_CACHED_LOG from package com.miui.weather2 (protectionLevel=2 flags=0x30c9bec5)
07-03 20:22:55.910  1958  2022 I PackageManager: Un-granting permission com.google.android.finsky.permission.GEARHEAD_SERVICE from package com.google.android.projection.gearhead (protectionLevel=18 flags=0x2888bec5)
07-03 20:22:55.910  1958  2022 I PackageManager: Un-granting permission android.permission.CHANGE_COMPONENT_ENABLED_STATE from package com.google.android.projection.gearhead (protectionLevel=18 flags=0x2888bec5)
07-03 20:22:55.910  1958  2022 I PackageManager: Un-granting permission android.permission.UPDATE_APP_OPS_STATS from package com.google.android.projection.gearhead (protectionLevel=274 flags=0x2888bec5)
