07-03 21:44:02.158  1958  3417 I WindowManager: WIN DEATH: Window{abaced1 u0 com.BHG.gurbani/com.BHG.gurbani.MainActivity}
07-03 21:44:02.158  1958  3417 I chatty  : uid=1000(system) Binder:1958_C expire 2 lines
07-03 21:44:02.160  1958  1981 I ActivityManager: Process com.BHG.gurbani (pid 9874) has died: fore TOP
07-03 21:44:02.163  1958  4692 I WindowManager: WIN DEATH: Window{4009b9f u0 com.BHG.gurbani/com.BHG.gurbani.UploadActivity}
07-03 21:44:02.163  1958  4692 I chatty  : uid=1000(system) Binder:1958_17 expire 13 lines
07-03 21:44:02.167 29274 29274 D BoundBrokerSvc: onUnbind: Intent { act=com.google.android.gms.measurement.START pkg=com.google.android.gms }
07-03 21:44:02.168   614   614 I Zygote  : Process 9874 exited due to signal 9 (Killed)
07-03 21:44:02.169 29274 29274 D BoundBrokerSvc: onUnbind: Intent { act=com.google.android.gms.safetynet.service.START pkg=com.google.android.gms }
07-03 21:44:02.169 29274 29274 D BoundBrokerSvc: onUnbind: Intent { act=com.google.android.gms.safebrowsing.SafeBrowsingService.START dat=chimera-action: cmp=com.google.android.gms/.chimera.GmsBoundBrokerService }
07-03 21:44:02.174  1958  1981 I chatty  : uid=1000(system) Binder:1958_2 expire 3 lines
07-03 21:44:02.178  1958  1996 W ActivityManager: setHasOverlayUi called on unknown pid: 9874
07-03 21:44:02.209   614   614 D Zygote  : Forked child process 10491
07-03 21:44:02.213   613  2254 D OemNetd : setPidForPackage: packageName=com.BHG.gurbani, pid=10491, pid=10776
07-03 21:44:02.213  1958  2011 I ActivityManager: Start proc 10491:com.BHG.gurbani/u0a776 for activity {com.BHG.gurbani/com.BHG.gurbani.MainActivity} caller=com.BHG.gurbani
07-03 21:44:02.234 10491 10491 E com.BHG.gurban: Not starting debugger since process cannot load the jdwp agent.
07-03 21:44:02.252  1958  1997 I Timeline: Timeline: App_transition_ready time:121385640
07-03 21:44:02.252  1958  1997 I Timeline: Timeline: App_transition_stopped time:121385640
07-03 21:44:02.255 25359 25302 D PMonitor:  onForegroundActivitiesChanged:pid = 10491,activity-uid=10776,foregroundActivities=true
07-03 21:44:02.282 10491 10491 I Perf    : Connecting to perf service.
07-03 21:44:02.299 10491 10491 I FirebaseApp: Device unlocked: initializing all Firebase APIs for app [DEFAULT]
07-03 21:44:02.312 10491 10491 I FirebaseInitProvider: FirebaseApp initialization successful
07-03 21:44:02.329 10491 10491 I FeatureParser: can't find violet.xml in assets/device_features/,it may be in /system/etc/device_features
07-03 21:44:02.330 10491 10491 E libc    : Access denied finding property "ro.vendor.df.effect.conflict"
07-03 21:44:02.318 10491 10491 W com.BHG.gurbani: type=1400 audit(0.0:47850): avc: denied { read } for name="u:object_r:vendor_default_prop:s0" dev="tmpfs" ino=24807 scontext=u:r:untrusted_app:s0:c8,c259,c512,c768 tcontext=u:object_r:vendor_default_prop:s0 tclass=file permissive=0
07-03 21:44:02.339 10491 10518 E Perf    : Fail to get file list com.BHG.gurbani
07-03 21:44:02.342 10491 10518 E Perf    : getFolderSize() : Exception_1 = java.lang.NullPointerException: Attempt to get length of null array
07-03 21:44:02.342 10491 10518 E Perf    : Fail to get file list com.BHG.gurbani
07-03 21:44:02.342 10491 10518 E Perf    : getFolderSize() : Exception_1 = java.lang.NullPointerException: Attempt to get length of null array
07-03 21:44:02.343 10491 10518 E Perf    : Fail to get file list oat
07-03 21:44:02.343 10491 10518 E Perf    : getFolderSize() : Exception_1 = java.lang.NullPointerException: Attempt to get length of null array
07-03 21:44:02.348 10491 10491 D AppCompatDelegate: Checking for metadata for AppLocalesMetadataHolderService : Servicenot found
07-03 21:44:02.349 10491 10514 I DynamiteModule: Considering local module com.google.android.gms.measurement.dynamite:152 and remote module com.google.android.gms.measurement.dynamite:151
07-03 21:44:02.349 10491 10514 I DynamiteModule: Selected local version of com.google.android.gms.measurement.dynamite
07-03 21:44:02.382 10491 10522 I FA      : App measurement initialized, version: 130000
07-03 21:44:02.383 10491 10522 I FA      : To enable debug logging run: adb shell setprop log.tag.FA VERBOSE
07-03 21:44:02.383 10491 10522 I FA      : To enable faster debug mode event logging run:
07-03 21:44:02.383 10491 10522 I FA      :   adb shell setprop debug.firebase.analytics.app com.BHG.gurbani
07-03 21:44:02.425  1958  4807 I chatty  : uid=1000(system) Binder:1958_19 expire 4 lines
07-03 21:44:02.428 29274 29274 D BoundBrokerSvc: onBind: Intent { act=com.google.android.gms.measurement.START pkg=com.google.android.gms }
07-03 21:44:02.428 29274 29274 D BoundBrokerSvc: Loading bound service for intent: Intent { act=com.google.android.gms.measurement.START pkg=com.google.android.gms }
07-03 21:44:02.447  1958  1996 W ActivityTaskManager: Activity top resumed state loss timeout for ActivityRecord{23a6f9a u0 com.BHG.gurbani/.UploadActivity t-1 f}
07-03 21:44:02.505 10491 10491 D FirebaseAuth: Notifying id token listeners about user ( cjf9yYbJLxU8r96Ev8guaF0WMgb2 ).
07-03 21:44:02.519 10491 10491 D ForceDarkHelper: updateByCheckExcludeList: pkg: com.BHG.gurbani activity: com.BHG.gurbani.MainActivity@a6b357f
07-03 21:44:02.560 10491 10491 I chatty  : uid=10776(com.BHG.gurbani) identical 42 lines
07-03 21:44:02.560 10491 10491 D ForceDarkHelper: updateByCheckExcludeList: pkg: com.BHG.gurbani activity: com.BHG.gurbani.MainActivity@a6b357f
07-03 21:44:02.566 10491 10491 D ForceDarkHelper: updateByCheckExcludeList: pkg: com.BHG.gurbani activity: com.BHG.gurbani.MainActivity@a6b357f
07-03 21:44:02.567 10491 10491 D ForceDarkHelper: updateByCheckExcludeList: pkg: com.BHG.gurbani activity: com.BHG.gurbani.MainActivity@a6b357f
07-03 21:44:02.569 10491 10491 D ForceDarkHelper: updateByCheckExcludeList: pkg: com.BHG.gurbani activity: com.BHG.gurbani.MainActivity@a6b357f
07-03 21:44:02.581 10491 10491 D ForceDarkHelper: updateByCheckExcludeList: pkg: com.BHG.gurbani activity: com.BHG.gurbani.MainActivity@a6b357f
07-03 21:44:02.594 10491 10522 I FA      : Tag Manager is not found and thus will not be used
07-03 21:44:02.599  1958  4807 E WindowManager: App trying to use insecure INPUT_FEATURE_NO_INPUT_CHANNEL flag. Ignoring
07-03 21:44:02.624 10491 10519 I AdrenoGLES: QUALCOMM build                   : af4b174, I386ada412e
07-03 21:44:02.624 10491 10519 I AdrenoGLES: Build Date                       : 09/10/20
07-03 21:44:02.624 10491 10519 I AdrenoGLES: OpenGL ES Shader Compiler Version: EV031.27.05.01
07-03 21:44:02.624 10491 10519 I AdrenoGLES: Local Branch                     :
07-03 21:44:02.624 10491 10519 I AdrenoGLES: Remote Branch                    : refs/tags/AU_LINUX_ANDROID_LA.UM.8.9.R1.10.00.00.558.044
07-03 21:44:02.624 10491 10519 I AdrenoGLES: Remote Branch                    : NONE
07-03 21:44:02.624 10491 10519 I AdrenoGLES: Reconstruct Branch               : NOTHING
07-03 21:44:02.625 10491 10519 I AdrenoGLES: Build Config                     : S P 8.0.11 AArch64
07-03 21:44:02.630 10491 10519 I AdrenoGLES: PFP: 0x016ee187, ME: 0x00000000
07-03 21:44:02.632 10491 10519 W AdrenoUtils: <ReadGpuID_from_sysfs:194>: Failed to open /sys/class/kgsl/kgsl-3d0/gpu_model
07-03 21:44:02.632 10491 10519 W AdrenoUtils: <ReadGpuID:218>: Failed to read chip ID from gpu_model. Fallback to use the GSL path
07-03 21:44:02.628 10491 10491 W RenderThread: type=1400 audit(0.0:47851): avc: denied { search } for name="kgsl" dev="sysfs" ino=43936 scontext=u:r:untrusted_app:s0:c8,c259,c512,c768 tcontext=u:object_r:sysfs_kgsl:s0 tclass=dir permissive=0
07-03 21:44:02.651 10491 10519 W Gralloc3: mapper 3.x is not supported
07-03 21:44:02.665  1958  1997 I Timeline: Timeline: Activity_windows_visible id: ActivityRecord{5ad6c3f u0 com.BHG.gurbani/.MainActivity t1689} time:121386054
07-03 21:44:02.681 28084 28084 I GoogleInputMethodService: GoogleInputMethodService.onFinishInput():1984
07-03 21:44:02.681 28084 28084 I Module  : DeviceLockedStatusModuleProvider$Module.updateDeviceLockedStatus():100 repeatCheckTimes = 0, locked = false
07-03 21:44:02.682 28084 28084 I GoogleInputMethodService: GoogleInputMethodService.onStartInput():1248 onStartInput(EditorInfo{EditorInfo{packageName=com.BHG.gurbani, inputType=0, inputTypeString=NULL, enableLearning=false, autoCorrection=false, autoComplete=false, imeOptions=0, privateImeOptions=null, actionName=UNSPECIFIED, actionLabel=null, initialSelStart=-1, initialSelEnd=-1, initialCapsMode=0, label=null, fieldId=-1, fieldName=null, extras=null, hintText=null, hintLocales=[]}}, false)
07-03 21:44:02.683 28084 28084 I Module  : DeviceLockedStatusModuleProvider$Module.updateDeviceLockedStatus():100 repeatCheckTimes = 1, locked = false
07-03 21:44:02.700 25359 25302 D PMonitor:  onForegroundActivitiesChanged:pid = 10035,activity-uid=10066,foregroundActivities=false
07-03 21:44:02.728  6842  7716 I NetworkScheduler: (REDACTED) Error inserting %s
07-03 21:44:03.101  6842  7356 I FontLog : (REDACTED) Received query %s, URI %s
07-03 21:44:03.101  6842  7356 I FontLog : (REDACTED) Query [%s] resolved to %s
07-03 21:44:03.102  6842  7356 I FontLog : (REDACTED) Fetch %s end status %s
07-03 21:44:03.105  6842  7356 I FontLog : (REDACTED) Pulling font file for id = %d, cache size = %d
07-03 21:44:03.110  6842  7356 I FontLog : (REDACTED) Pulling font file for id = %d, cache size = %d
07-03 21:44:03.637  1958  1981 W BaseMiuiPhoneWindowManager: keyCode:82 down:true eventTime:121387024 downTime:121387024 policyFlags:2b000002 flags:48 deviceId:-1 isScreenOn:true keyguardActive:false repeatCount:0
07-03 21:44:03.714  1958  1981 W BaseMiuiPhoneWindowManager: keyCode:82 down:false eventTime:121387102 downTime:121387024 policyFlags:2b000002 flags:48 deviceId:-1 isScreenOn:true keyguardActive:false repeatCount:0
07-03 21:44:03.728 25324 15052 I chatty  : uid=10094(com.miui.home) Binder:25324_A expire 9 lines
07-03 21:44:03.736 25324 25393 I chatty  : uid=10094(com.miui.home) cher.Background expire 15 lines
07-03 21:44:03.752  1958  1996 W WindowManager: setLauncherState= 2
07-03 21:44:03.755 25324 25517 I chatty  : uid=10094(com.miui.home) LauncherTask #3 expire 3 lines
07-03 21:44:03.758 25324 25509 I chatty  : uid=10094(com.miui.home) LauncherTask #1 expire 2 lines
07-03 21:44:03.768 25324 25324 I Timeline: Timeline: Activity_launch_request time:121387157
07-03 21:44:03.770  1958  2646 I ActivityTaskManager: START u0 {act=android.intent.action.MAIN cat=[android.intent.category.HOME] flg=0x10000000 cmp=com.miui.home/.launcher.Launcher (has extras)} from uid 10094
07-03 21:44:03.770  1958  2646 I chatty  : uid=1000(system) Binder:1958_9 expire 5 lines
07-03 21:44:03.776  3583  3930 I ProcessMonitor: onForegroundInfoChanged: ForegroundInfo{mForegroundPackageName='com.miui.home', mForegroundUid=10094, mForegroundPid=25324, mLastForegroundPackageName='com.BHG.gurbani', mLastForegroundUid=10776, mLastForegroundPid=9874, mMultiWindowForegroundPackageName='null', mMultiWindowForegroundUid=-1, mFlags=0}
07-03 21:44:03.776 25666 10559 I chatty  : uid=1000(system) Binder:25666_A expire 6 lines
07-03 21:44:03.776  5413  7035 D PerfEngineController: ForegroundInfo{mForegroundPackageName='com.miui.home', mForegroundUid=10094, mForegroundPid=25324, mLastForegroundPackageName='com.BHG.gurbani', mLastForegroundUid=10776, mLastForegroundPid=9874, mMultiWindowForegroundPackageName='null', mMultiWindowForegroundUid=-1, mFlags=0}
07-03 21:44:03.777  5428  6806 I GST     : forePkg: com.miui.home, preForePkg: com.BHG.gurbani
07-03 21:44:03.781  1958  2646 I Timeline: Timeline: App_transition_ready time:121387170
07-03 21:44:03.782 10491 10491 W ActivityThread: SCHED: com.BHG.gurbani/.MainActivity [76, r=54ms, a=17ms, w=1193ms]
07-03 21:44:03.786  1958  3906 I Timeline: Timeline: App_transition_ready time:121387174
07-03 21:44:03.788  1958  1993 I chatty  : uid=1000(system) android.fg expire 12 lines
07-03 21:44:03.789  4882  4901 I FusedLocationProvider: onSetRequest
07-03 21:44:03.789 25359 25302 D PMonitor:  onForegroundActivitiesChanged:pid = 25324,activity-uid=10094,foregroundActivities=true
07-03 21:44:03.789  4882  5051 I AbsoluteLocationDispatcher: request type:0
07-03 21:44:03.790   714   714 V LocSvc_HIDL_IzatProvider: [onRemoveRequest][210] [HS] <<<<= [HC]
07-03 21:44:03.790   714   714 I IzatSvc_IzatManager: LocTech-Label :: IZATMANAGER :: Remove Request In
07-03 21:44:03.790   714   714 I IzatSvc_IzatManager: LocTech-Value :: Provider: 2, Num Updates: 0, TTFF: 0, Interval: 0, Displacement: 0.000000, Horizontal Accuracy: 0, Altitude Accuracy: 2, Bearing Accuracy: 2
07-03 21:44:03.793  1958  2646 I Timeline: Timeline: App_transition_ready time:121387182
07-03 21:44:03.798 25324 26142 I chatty  : uid=10094(com.miui.home) MAML RenderThre expire 9 lines
07-03 21:44:03.814 25324 25623 I chatty  : uid=10094(com.miui.home) LauncherTask #4 expire 4 lines
07-03 21:44:03.815 25324 25516 I chatty  : uid=10094(com.miui.home) LauncherTask #2 expire 4 lines
07-03 21:44:03.849  1958  4692 I Timeline: Timeline: App_transition_ready time:121387237
07-03 21:44:03.891  1958  1997 I Timeline: Timeline: App_transition_ready time:121387280
07-03 21:44:04.216  1958  3417 I Timeline: Timeline: Activity_windows_visible id: ActivityRecord{ddb1799 u0 com.miui.home/.launcher.Launcher t1} time:121387604
07-03 21:44:04.217  1958  3906 I ProcessManager: Kill reason OneKeyClean from pid=25324
07-03 21:44:04.219  1958  1997 I Timeline: Timeline: App_transition_stopped time:121387608
07-03 21:44:04.251  1958  3906 I ProcessManager: mLruProcesses size=60
07-03 21:44:04.255  1958  3906 I ProcessManager: OneKeyClean: kill com.google.android.documentsui Adj=805 State=20
07-03 21:44:04.255  1958  3906 I ActivityManager: Killing 10035:com.google.android.documentsui/u0a66 (adj 805): OneKeyClean
07-03 21:44:04.256  1958  3906 I ProcessManager: OneKeyClean: kill com.android.vending Adj=815 State=20
07-03 21:44:04.257  1958  3906 I ActivityManager: Killing 7139:com.android.vending/u0a175 (adj 815): OneKeyClean
07-03 21:44:04.258  1958  3906 I ProcessManager: OneKeyClean: kill com.google.android.webview:webview_service Adj=825 State=20
07-03 21:44:04.259  1958  3906 I ActivityManager: Killing 9546:com.google.android.webview:webview_service/u0a192 (adj 825): OneKeyClean
07-03 21:44:04.264  1958  3906 I ProcessManager: OneKeyClean: kill com.google.android.apps.docs Adj=835 State=20
07-03 21:44:04.265  1958  3906 I ActivityManager: Killing 10067:com.google.android.apps.docs/u0a221 (adj 835): OneKeyClean
07-03 21:44:04.267  1958  3906 I ProcessManager: OneKeyClean: kill com.google.process.gservices Adj=845 State=20
07-03 21:44:04.268  1958  3906 I ActivityManager: Killing 6592:com.google.process.gservices/u0a185 (adj 845): OneKeyClean
07-03 21:44:04.272  1958  3906 I ProcessManager: OneKeyClean: kill com.miui.analytics Adj=805 State=20
07-03 21:44:04.273  1958  3906 I ActivityManager: Killing 9674:com.miui.analytics/u0a105 (adj 805): OneKeyClean
07-03 21:44:04.273  1958  3906 I ProcessManager: OneKeyClean: kill com.google.android.apps.wellbeing Adj=815 State=20
07-03 21:44:04.274  1958  3906 I ActivityManager: Killing 8667:com.google.android.apps.wellbeing/u0a189 (adj 815): OneKeyClean
07-03 21:44:04.274  1958  3906 I ProcessManager: OneKeyClean: kill com.android.chrome Adj=825 State=20
07-03 21:44:04.275  1958  3906 I ActivityManager: Killing 9613:com.android.chrome/u0a193 (adj 825): OneKeyClean
07-03 21:44:04.276  1958  3906 I ProcessManager: OneKeyClean: kill com.google.android.webview:sandboxed_process0:org.chromium.content.app.SandboxedProcessService0:0 Adj=835 State=20
07-03 21:44:04.276  1958  3906 I ActivityManager: Killing 9508:com.google.android.webview:sandboxed_process0:org.chromium.content.app.SandboxedProcessService0:0/u0a162i296 (adj 835): OneKeyClean
07-03 21:44:04.277  1958  3906 I ProcessManager: OneKeyClean: kill com.miui.cloudservice Adj=845 State=20
07-03 21:44:04.277  1958  3906 I ActivityManager: Killing 9038:com.miui.cloudservice/u0a126 (adj 845): OneKeyClean
07-03 21:44:04.278  1958  3906 I ProcessManager: OneKeyClean: kill com.android.vending:background Adj=855 State=20
07-03 21:44:04.285  1958  3906 I ActivityManager: Killing 7372:com.android.vending:background/u0a175 (adj 855): OneKeyClean
07-03 21:44:04.287  1958  3906 I ProcessManager: OneKeyClean: kill com.xiaomi.account Adj=865 State=20
07-03 21:44:04.287  1958  3906 I ActivityManager: Killing 9121:com.xiaomi.account/u0a112 (adj 865): OneKeyClean
07-03 21:44:04.288  1958  3906 I ProcessManager: OneKeyClean: kill com.miui.global.packageinstaller Adj=875 State=20
07-03 21:44:04.288  1958  3906 I ActivityManager: Killing 8971:com.miui.global.packageinstaller/u0a162 (adj 875): OneKeyClean
07-03 21:44:04.289  1958  3906 I ProcessManager: OneKeyClean: kill com.miui.msa.global Adj=100 State=9
07-03 21:44:04.290  1958  3906 I ActivityManager: Killing 3583:com.miui.msa.global/u0a123 (adj 100): OneKeyClean
07-03 21:44:04.291  1958  3906 I ProcessManager: OneKeyClean: kill com.xiaomi.simactivate.service Adj=885 State=20
07-03 21:44:04.291  1958  3906 I ActivityManager: Killing 7973:com.xiaomi.simactivate.service/u0a163 (adj 885): OneKeyClean
07-03 21:44:04.292  1958  3906 I ProcessManager: OneKeyClean: kill com.android.keychain Adj=895 State=20
07-03 21:44:04.293  1958  3906 I ActivityManager: Killing 8946:com.android.keychain/1000 (adj 895): OneKeyClean
07-03 21:44:04.294  1958  3906 I ProcessManager: OneKeyClean: kill com.miui.guardprovider Adj=100 State=5
07-03 21:44:04.294  1958  3906 I ActivityManager: Killing 8896:com.miui.guardprovider/u0a115 (adj 100): OneKeyClean
07-03 21:44:04.295  1958  3906 I ProcessManager: OneKeyClean: kill com.android.settings:remote Adj=500 State=11
07-03 21:44:04.296  1958  3906 I ActivityManager: Killing 5934:com.android.settings:remote/1000 (adj 500): OneKeyClean
07-03 21:44:04.297  1958  3906 I ProcessManager: OneKeyClean: kill com.android.smspush Adj=100 State=7
07-03 21:44:04.297  1958  3906 I ActivityManager: Killing 5434:com.android.smspush/u0a155 (adj 100): OneKeyClean
07-03 21:44:04.298  1958  3906 I ProcessManager: OneKeyClean: kill com.android.settings Adj=915 State=11
07-03 21:44:04.298  1958  3906 I ActivityManager: Killing 4713:com.android.settings/1000 (adj 915): OneKeyClean
07-03 21:44:04.299  1958  3906 I ProcessManager: OneKeyClean: kill com.qualcomm.telephony Adj=800 State=11
07-03 21:44:04.300  1958  3906 I ActivityManager: Killing 4604:com.qualcomm.telephony/u0a195 (adj 800): OneKeyClean
07-03 21:44:04.301  1958  3906 I ProcessManager: OneKeyClean: kill com.qti.diagservices Adj=800 State=11
07-03 21:44:04.301  1958  3906 I ActivityManager: Killing 4539:com.qti.diagservices/1000 (adj 800): OneKeyClean
07-03 21:44:04.302  1958  3906 I ProcessManager: OneKeyClean: kill com.qualcomm.qti.workloadclassifier Adj=800 State=11
07-03 21:44:04.302  1958  3906 I ActivityManager: Killing 3733:com.qualcomm.qti.workloadclassifier/1000 (adj 800): OneKeyClean
07-03 21:44:04.391  1958  3906 W ActivityManager: Scheduling restart of crashed service com.miui.global.packageinstaller/org.chromium.content.app.SandboxedProcessService0:0 in 1000ms
07-03 21:44:04.399  1958  2014 E KernelCpuUidUserSysTimeReader: Negative user/sys time delta for UID=10776
07-03 21:44:04.399  1958  2014 E KernelCpuUidUserSysTimeReader: Prev times: u=220085 s=52637 Curr times: u=216482 s=51923
07-03 21:44:04.412  1958  1981 I AutoStartManagerService: MIUILOG- Reject RestartService packageName :com.miui.guardprovider uid : 10115
07-03 21:44:04.419  1958  5256 W ActivityManager: Scheduling restart of crashed service com.qualcomm.qti.workloadclassifier/.WLCService in 10971ms
07-03 21:44:04.424  1958  3417 W ActivityManager: Scheduling restart of crashed service com.qualcomm.atfwd/.AtFwdService in 20966ms
07-03 21:44:04.429  1958  1981 W ActivityManager: Scheduling restart of crashed service com.android.settings/.dangerousoptions.DangerousOptionsWarningService in 30961ms
07-03 21:44:04.432  1958  3906 W ActivityManager: Scheduling restart of crashed service com.qti.diagservices/.QTIDiagServices in 40958ms
07-03 21:44:04.436  1958  4008 W ActivityManager: Scheduling restart of crashed service com.android.smspush/.WapPushManager in 50955ms
07-03 21:44:04.479  1958  1958 W ActivityManager: Exception when unbinding service com.miui.msa.global/com.miui.systemAdSolution.splashscreen.SplashScreenService
07-03 21:44:04.479  1958  1958 W ActivityManager: android.os.DeadObjectException
07-03 21:44:04.479  1958  1958 W ActivityManager:       at android.os.BinderProxy.transactNative(Native Method)
07-03 21:44:04.479  1958  1958 W ActivityManager:       at android.os.BinderProxy.transact(BinderProxy.java:511)
07-03 21:44:04.479  1958  1958 W ActivityManager:       at android.app.IApplicationThread$Stub$Proxy.scheduleUnbindService(IApplicationThread.java:1627)
07-03 21:44:04.479  1958  1958 W ActivityManager:       at com.android.server.am.ActiveServices.removeConnectionLocked(ActiveServices.java:3440)
07-03 21:44:04.479  1958  1958 W ActivityManager:       at com.android.server.am.ActiveServices.unbindServiceLocked(ActiveServices.java:2091)
07-03 21:44:04.479  1958  1958 W ActivityManager:       at com.android.server.am.ActivityManagerService.unbindService(ActivityManagerService.java:14480)
07-03 21:44:04.479  1958  1958 W ActivityManager:       at android.app.ContextImpl.unbindService(ContextImpl.java:1789)
07-03 21:44:04.479  1958  1958 W ActivityManager:       at com.miui.server.SplashScreenServiceDelegate$2.onServiceDisconnected(SplashScreenServiceDelegate.java:185)
07-03 21:44:04.479  1958  1958 W ActivityManager:       at android.app.LoadedApk$ServiceDispatcher.doDeath(LoadedApk.java:1977)
07-03 21:44:04.479  1958  1958 W ActivityManager:       at android.app.LoadedApk$ServiceDispatcher$RunConnection.run(LoadedApk.java:1992)
07-03 21:44:04.479  1958  1958 W ActivityManager:       at android.os.Handler.handleCallback(Handler.java:883)
07-03 21:44:04.479  1958  1958 W ActivityManager:       at android.os.Handler.dispatchMessage(Handler.java:100)
07-03 21:44:04.479  1958  1958 W ActivityManager:       at android.os.Looper.loop(Looper.java:224)
07-03 21:44:04.479  1958  1958 W ActivityManager:       at com.android.server.SystemServer.run(SystemServer.java:563)
07-03 21:44:04.479  1958  1958 W ActivityManager:       at com.android.server.SystemServer.main(SystemServer.java:367)
07-03 21:44:04.479  1958  1958 W ActivityManager:       at java.lang.reflect.Method.invoke(Native Method)
07-03 21:44:04.479  1958  1958 W ActivityManager:       at com.android.internal.os.RuntimeInit$MethodAndArgsCaller.run(RuntimeInit.java:539)
07-03 21:44:04.479  1958  1958 W ActivityManager:       at com.android.internal.os.ZygoteInit.main(ZygoteInit.java:928)
07-03 21:44:04.480   784   784 W lowmemorykiller: Failed to open /proc/3583/oom_score_adj; errno=2: process 3583 might have been killed
07-03 21:44:04.485   614   614 I Zygote  : Process 4713 exited due to signal 9 (Killed)
07-03 21:44:04.489   614   614 I Zygote  : Process 10067 exited due to signal 9 (Killed)
07-03 21:44:04.489  1958  3851 W ActivityManager: Scheduling restart of crashed service com.miui.msa.global/com.zeus.gmc.sdk.mobileads.msa.odi.service.OnDeviceIntelligenceService in 60901ms
07-03 21:44:04.495  1958  4008 W ActivityManager: Scheduling restart of crashed service com.android.settings/.connecteddevice.usb.MiUsbService in 70896ms
07-03 21:44:04.496  1958  1996 W ActivityManager: setHasOverlayUi called on unknown pid: 4713
07-03 21:44:04.594 25324 25324 W ActivityThread: SCHED: com.miui.home/.launcher.Launcher [64, r=48ms, a=27ms, w=781ms]
07-03 21:44:04.599  5413  7035 D PerfEngineController: ForegroundInfo{mForegroundPackageName='com.BHG.gurbani', mForegroundUid=10776, mForegroundPid=10491, mLastForegroundPackageName='com.miui.home', mLastForegroundUid=10094, mLastForegroundPid=25324, mMultiWindowForegroundPackageName='null', mMultiWindowForegroundUid=-1, mFlags=0}
07-03 21:44:04.599  5428  6806 I GST     : forePkg: com.BHG.gurbani, preForePkg: com.miui.home
07-03 21:44:04.600  1958  4008 I Timeline: Timeline: App_transition_ready time:121387988
07-03 21:44:04.612  1958  1997 I Timeline: Timeline: App_transition_ready time:121388000
07-03 21:44:04.623 25359 25302 D PMonitor:  onForegroundActivitiesChanged:pid = 10491,activity-uid=10776,foregroundActivities=true
07-03 21:44:04.635 10491 10519 I AdrenoGLES: QUALCOMM build                   : af4b174, I386ada412e
07-03 21:44:04.635 10491 10519 I AdrenoGLES: Build Date                       : 09/10/20
07-03 21:44:04.635 10491 10519 I AdrenoGLES: OpenGL ES Shader Compiler Version: EV031.27.05.01
07-03 21:44:04.635 10491 10519 I AdrenoGLES: Local Branch                     :
07-03 21:44:04.635 10491 10519 I AdrenoGLES: Remote Branch                    : refs/tags/AU_LINUX_ANDROID_LA.UM.8.9.R1.10.00.00.558.044
07-03 21:44:04.635 10491 10519 I AdrenoGLES: Remote Branch                    : NONE
07-03 21:44:04.635 10491 10519 I AdrenoGLES: Reconstruct Branch               : NOTHING
07-03 21:44:04.635 10491 10519 I AdrenoGLES: Build Config                     : S P 8.0.11 AArch64
07-03 21:44:04.638 10491 10519 I AdrenoGLES: PFP: 0x016ee187, ME: 0x00000000
07-03 21:44:04.668 28084 28084 I GoogleInputMethodService: GoogleInputMethodService.onFinishInput():1984
07-03 21:44:04.669 28084 28084 I Module  : DeviceLockedStatusModuleProvider$Module.updateDeviceLockedStatus():100 repeatCheckTimes = 0, locked = false
07-03 21:44:04.669 28084 28084 I GoogleInputMethodService: GoogleInputMethodService.onStartInput():1248 onStartInput(EditorInfo{EditorInfo{packageName=com.BHG.gurbani, inputType=0, inputTypeString=NULL, enableLearning=false, autoCorrection=false, autoComplete=false, imeOptions=0, privateImeOptions=null, actionName=UNSPECIFIED, actionLabel=null, initialSelStart=-1, initialSelEnd=-1, initialCapsMode=0, label=null, fieldId=-1, fieldName=null, extras=null, hintText=null, hintLocales=[]}}, false)
07-03 21:44:04.670 28084 28084 I Module  : DeviceLockedStatusModuleProvider$Module.updateDeviceLockedStatus():100 repeatCheckTimes = 1, locked = false
07-03 21:44:04.718  5413  5606 D PowerCheckerService: onBatteryChanged, mBatteryLevel = 100, status = 2, level = 100, plug = 2, scale = 100
07-03 21:44:04.718 25666 25666 I chatty  : uid=1000(system) com.miui.securitycenter.remote expire 11 lines
07-03 21:44:04.719  2513  2513 D QtiCarrierConfigHelper: WARNING, no carrier configs on phone Id: 0
07-03 21:44:04.777  1958  2351 W BaseMiuiPhoneWindowManager: keyCode:3 down:true eventTime:121388165 downTime:121388165policyFlags:2b000002 flags:48 deviceId:-1 isScreenOn:true keyguardActive:false repeatCount:0
07-03 21:44:04.858  1958  2351 W BaseMiuiPhoneWindowManager: keyCode:3 down:false eventTime:121388246 downTime:121388165 policyFlags:2b000002 flags:48 deviceId:-1 isScreenOn:true keyguardActive:false repeatCount:0
07-03 21:44:04.864  1958  2089 I ActivityTaskManager: START u0 {act=android.intent.action.MAIN cat=[android.intent.category.HOME] flg=0x10000100 cmp=com.miui.home/.launcher.Launcher (has extras)} from uid 0
07-03 21:44:04.871  5413  7035 D PerfEngineController: ForegroundInfo{mForegroundPackageName='com.miui.home', mForegroundUid=10094, mForegroundPid=25324, mLastForegroundPackageName='com.BHG.gurbani', mLastForegroundUid=10776, mLastForegroundPid=10491, mMultiWindowForegroundPackageName='null', mMultiWindowForegroundUid=-1, mFlags=0}
07-03 21:44:04.871  5428  6806 I GST     : forePkg: com.miui.home, preForePkg: com.BHG.gurbani
07-03 21:44:04.873  1958  2089 I Timeline: Timeline: App_transition_ready time:121388261
07-03 21:44:04.875 10491 10491 W ActivityThread: SCHED: com.BHG.gurbani/.MainActivity [80, r=12ms, a=3ms, w=252ms]
07-03 21:44:04.879  1958  4522 I Timeline: Timeline: App_transition_ready time:121388267
07-03 21:44:04.880  1958  1997 I Timeline: Timeline: App_transition_ready time:121388268
07-03 21:44:04.885  1958  1997 I Timeline: Timeline: App_transition_ready time:121388273
07-03 21:44:04.899  1958  5256 I Timeline: Timeline: App_transition_ready time:121388287
07-03 21:44:04.924  1958  1997 I Timeline: Timeline: App_transition_ready time:121388313
07-03 21:44:04.926 25324 25344 I chatty  : uid=10094(com.miui.home) Binder:25324_3 expire 6 lines
07-03 21:44:04.928  1958  2351 E WindowManager: App trying to use insecure INPUT_FEATURE_NO_INPUT_CHANNEL flag. Ignoring
07-03 21:44:04.945 25324 25338 I chatty  : uid=10094(com.miui.home) FinalizerDaemon expire 2 lines
07-03 21:44:04.948 28084 28084 I GoogleInputMethodService: GoogleInputMethodService.onFinishInput():1984
07-03 21:44:04.949 28084 28084 I Module  : DeviceLockedStatusModuleProvider$Module.updateDeviceLockedStatus():100 repeatCheckTimes = 0, locked = false
07-03 21:44:04.949 28084 28084 I GoogleInputMethodService: GoogleInputMethodService.onStartInput():1248 onStartInput(EditorInfo{EditorInfo{packageName=com.miui.home, inputType=0, inputTypeString=NULL, enableLearning=false, autoCorrection=false, autoComplete=false, imeOptions=0, privateImeOptions=null, actionName=UNSPECIFIED, actionLabel=null, initialSelStart=-1, initialSelEnd=-1, initialCapsMode=0, label=null, fieldId=2131361997, fieldName=null, extras=null, hintText=null, hintLocales=[]}}, false)
07-03 21:44:04.951 28084 28084 I Module  : DeviceLockedStatusModuleProvider$Module.updateDeviceLockedStatus():100 repeatCheckTimes = 1, locked = false
07-03 21:44:04.965  1958  1996 W WindowManager: setLauncherState= 1
07-03 21:44:05.029  1958  5255 I chatty  : uid=1000(system) Binder:1958_1B expire 2 lines
07-03 21:44:05.037  3633  3633 I CNSS    : Failed to send nl message
07-03 21:44:05.042  3633  3633 I CNSS    : Failed to send nl message
07-03 21:44:05.049  3633  3633 I CNSS    : Failed to send nl message
07-03 21:44:05.120  3633  3633 I CNSS    : Failed to send nl message
07-03 21:44:05.243  1958  4692 W BaseMiuiPhoneWindowManager: keyCode:82 down:true eventTime:121388631 downTime:121388631 policyFlags:2b000002 flags:48 deviceId:-1 isScreenOn:true keyguardActive:false repeatCount:0
07-03 21:44:05.134  3633  3633 I CNSS    : Failed to send nl message
07-03 21:44:05.244  1958  2089 I chatty  : uid=1000(system) InputDispatcher expire 4 lines
07-03 21:44:05.244  3633  3633 I CNSS    : Failed to send nl message
07-03 21:44:05.255  3633  3633 I CNSS    : Failed to send nl message
07-03 21:44:05.257  6842  6842 D BoundBrokerSvc: onRebind: Intent { act=com.google.android.gms.libs.gmscorelogger.service.START dat=chimera-action: cmp=com.google.android.gms/.chimera.PersistentDirectBootAwareApiService }
07-03 21:44:05.292  3633  3633 I CNSS    : Failed to send nl message
07-03 21:44:05.314  1958  4692 W BaseMiuiPhoneWindowManager: keyCode:82 down:false eventTime:121388702 downTime:121388631 policyFlags:2b000002 flags:48 deviceId:-1 isScreenOn:true keyguardActive:false repeatCount:0
07-03 21:44:05.307  3633  3633 I CNSS    : Failed to send nl message
07-03 21:44:05.323  1958  1997 I Timeline: Timeline: App_transition_stopped time:121388712
07-03 21:44:05.337 25324 25324 I chatty  : uid=10094(com.miui.home) expire 18 lines
07-03 21:44:05.343  1958  1996 W WindowManager: setLauncherState= 2
07-03 21:44:05.345  1958  3681 W FileUtils: Slow Operation: fsync took 149ms
07-03 21:44:05.346  1958  2082 W FileUtils: Slow Operation: fsync took 144ms
07-03 21:44:05.364 25359 25302 D PMonitor:  onForegroundActivitiesChanged:pid = 10491,activity-uid=10776,foregroundActivities=false
07-03 21:44:05.408  3633  3633 I CNSS    : Failed to send nl message
07-03 21:44:05.435  3633  3633 I CNSS    : Failed to send nl message
07-03 21:44:05.478  1958  4522 I chatty  : uid=1000(system) Binder:1958_13 expire 4 lines
07-03 21:44:05.481  3633  3633 I CNSS    : Failed to send nl message
07-03 21:44:05.482  3633  3633 I CNSS    : Failed to send nl message
07-03 21:44:05.485  2181  2181 D QSControlCenterTileLayout: onMeasure height:409  showLines:2
07-03 21:44:05.488  3633  3633 I CNSS    : Failed to send nl message
07-03 21:44:05.491  3633  3633 I CNSS    : Failed to send nl message
07-03 21:44:05.493  3633  3633 I CNSS    : Failed to send nl message
07-03 21:44:05.560   788   902 W EventThreadInspector: slow VSync-app on display(19260784713820289), count=2, avg=42 ms, max=45 ms.
07-03 21:44:05.498  3633  3633 I CNSS    : Failed to send nl message
07-03 21:44:05.608  3633  3633 I CNSS    : Failed to send nl message
07-03 21:44:05.610   788   903 W EventThreadInspector: slow VSync-sf on display(19260784713820289), count=5, avg=32 ms,max=48 ms.
07-03 21:44:05.620  3633  3633 I CNSS    : Failed to send nl message
07-03 21:44:05.652 25324 30753 I chatty  : uid=10094(com.miui.home) pool-12-thread- expire 6 lines
07-03 21:44:05.692  3633  3633 I CNSS    : Failed to send nl message
07-03 21:44:05.698  3633  3633 I CNSS    : Failed to send nl message
07-03 21:44:05.700  1958  2351 I ProcessManager: Kill reason OneKeyClean from pid=25324
07-03 21:44:05.700  3633  3633 I CNSS    : Failed to send nl message
07-03 21:44:05.702  1958  2351 I chatty  : uid=1000(system) Binder:1958_6 expire 3 lines
07-03 21:44:05.702  3633  3633 I CNSS    : Failed to send nl message
07-03 21:44:05.703  3633  3633 I CNSS    : Failed to send nl message
07-03 21:44:05.704  1958  2351 I ProcessManager: mLruProcesses size=37
07-03 21:44:05.704  3633  3633 I CNSS    : Failed to send nl message
07-03 21:44:05.707  3633  3633 I CNSS    : Failed to send nl message
07-03 21:44:05.709  1958  2351 I ProcessManager: OneKeyClean: kill com.BHG.gurbani Adj=805 State=20
07-03 21:44:05.709  1958  2351 I ActivityManager: Killing 10491:com.BHG.gurbani/u0a776 (adj 805): OneKeyClean
07-03 21:44:05.714  3633  3633 I CNSS    : Failed to send nl message
07-03 21:44:05.715  3633  3633 I CNSS    : Failed to send nl message
07-03 21:44:05.723 25324 25623 I chatty  : uid=10094(com.miui.home) LauncherTask #4 expire 1 line
07-03 21:44:05.727  9020  9020 I ahtk    : Trimming objects from memory, since app is in the background.
07-03 21:44:05.727 28084 28084 I AppBase : AppBase.onTrimMemory():417 onTrimMemory(): 80
07-03 21:44:05.728 28084 28084 I KeyboardDefCache: MemoryFileCache$1.onTrimMemory():126 clearMemory() for trim memory: 80
07-03 21:44:05.728 28084 28084 I KeyboardDefCache: MemoryFileCache.clearMemory():410 evictAll()
07-03 21:44:05.728 28084 28084 I GoogleInputMethodService: GoogleInputMethodService.onTrimMemory():2670 onTrimMemory():80
07-03 21:44:05.759  1958  3851 I WindowManager: WIN DEATH: Window{20c0ca u0 com.BHG.gurbani/com.BHG.gurbani.MainActivity}
07-03 21:44:05.759  1958  3851 I chatty  : uid=1000(system) Binder:1958_D expire 1 line
07-03 21:44:05.760   614   614 I Zygote  : Process 10491 exited due to signal 9 (Killed)
07-03 21:44:05.771  1958  1996 W ActivityManager: setHasOverlayUi called on unknown pid: 10491
07-03 21:44:05.773  2181  2181 D EventBus: [2181, u0] send(AppTransitionFinishedEvent)
07-03 21:44:05.773  2181  2181 D EventBus: [2181, u0]  -> ForcedResizableInfoActivityController [0xd8e5e6, P1] onBusEvent(AppTransitionFinishedEvent)
07-03 21:44:05.773  2181  2181 D EventBus: [2181, u0] onBusEvent(AppTransitionFinishedEvent) duration: 12 microseconds,avg: 219
07-03 21:44:05.803 25666  2712 I SCTaskStackListener: onTaskStackChanged! inSplit = false
07-03 21:44:05.804 25666 27552 I SCTaskStackListener: onTaskStackChanged! inSplit = false
07-03 21:44:05.819  3633  3633 I CNSS    : Failed to send nl message
07-03 21:44:05.973  3633  3633 I CNSS    : Failed to send nl message
07-03 21:44:05.978 25324 25324 I chatty  : uid=10094(com.miui.home) expire 20 lines
07-03 21:44:05.979 25324 25393 I chatty  : uid=10094(com.miui.home) cher.Background expire 4 lines
07-03 21:44:05.982  3633  3633 I CNSS    : Failed to send nl message
07-03 21:44:05.985  3633  3633 I CNSS    : Failed to send nl message
07-03 21:44:05.989  3633  3633 I CNSS    : Failed to send nl message
07-03 21:44:05.989  1958  1996 W WindowManager: setLauncherState= 1
07-03 21:44:05.994  3633  3633 I CNSS    : Failed to send nl message
07-03 21:44:06.104  3633  3633 I CNSS    : Failed to send nl message
07-03 21:44:06.169  3633  3633 I CNSS    : Failed to send nl message
07-03 21:44:06.279  3633  3633 I CNSS    : Failed to send nl message
07-03 21:44:06.280  3633  3633 I CNSS    : Failed to send nl message
07-03 21:44:06.281  3633  3633 I CNSS    : Failed to send nl message
07-03 21:44:06.904  1958  2360 W NotificationService: Toast already killed. pkg=com.miui.home callback=android.app.ITransientNotification$Stub$Proxy@5a2aa9f
07-03 21:44:06.907  1958  2360 E WindowManager: App trying to use insecure INPUT_FEATURE_NO_INPUT_CHANNEL flag. Ignoring
07-03 21:44:06.885  3633  3633 I CNSS    : Failed to send nl message
07-03 21:44:06.995  3633  3633 I CNSS    : Failed to send nl message
07-03 21:44:08.430  1958  1996 W WindowManager: Unable to start animation, surface is null or no children.
07-03 21:44:08.915  1958  2360 W NotificationService: Toast already killed. pkg=com.miui.home callback=android.app.ITransientNotification$Stub$Proxy@114841c
07-03 21:44:08.676  3633  3633 I CNSS    : Failed to send nl message
07-03 21:44:09.013   511   511 I chatty  : uid=1000(system) hwservicemanage expire 4 lines
07-03 21:44:09.093   613  2254 D OemNetd : setLimit: disable, rate=0
07-03 21:44:09.322  3633  3633 I CNSS    : Failed to send nl message
07-03 21:44:10.408  1958  1996 W WindowManager: Unable to start animation, surface is null or no children.
07-03 21:44:11.659  3633  3633 I chatty  : uid=1000(system) /system/vendor/bin/cnss_diag identical 117 lines
07-03 21:44:11.660  3633  3633 I CNSS    : Failed to send nl message
07-03 21:44:12.630 25666 25666 I BatteryInfoReceiver: ACTION_BATTERY_CHANGED
07-03 21:44:12.630 25666 25666 I PowerSaveService: onReceive: android.intent.action.BATTERY_CHANGED
07-03 21:44:12.630  2513  2513 D QtiCarrierConfigHelper: WARNING, no carrier configs on phone Id: 0
07-03 21:44:12.630  5413  5606 D PowerCheckerService: onBatteryChanged, mBatteryLevel = 100, status = 2, level = 100, plug = 2, scale = 100
07-03 21:44:12.631  2181  2181 D KeyguardUpdateMonitor: received broadcast android.intent.action.BATTERY_CHANGED
07-03 21:44:12.632 25666 25666 I PowerNoticeUI: handleBatteryChanged oldPlugType 2 mPlugType 2 oldBatteryLevel 100 mBatteryLevel 100 temperature 332
07-03 21:44:13.742  3633  3633 I CNSS    : Failed to send nl message
07-03 21:44:13.751  3633  3633 I CNSS    : Failed to send nl message
07-03 21:44:13.811  2513  2513 D QtiCarrierConfigHelper: WARNING, no carrier configs on phone Id: 0
07-03 21:44:13.812  5413  5606 D PowerCheckerService: onBatteryChanged, mBatteryLevel = 100, status = 2, level = 100, plug = 2, scale = 100
07-03 21:44:13.812  2181  2181 D KeyguardUpdateMonitor: received broadcast android.intent.action.BATTERY_CHANGED
07-03 21:44:13.813 25666 25666 I BatteryInfoReceiver: ACTION_BATTERY_CHANGED
07-03 21:44:13.813 25666 25666 I PowerSaveService: onReceive: android.intent.action.BATTERY_CHANGED
07-03 21:44:13.814 25666 25666 I PowerNoticeUI: handleBatteryChanged oldPlugType 2 mPlugType 2 oldBatteryLevel 100 mBatteryLevel 100 temperature 332
07-03 21:44:14.100   613  2254 D OemNetd : setLimit: enable, rate=0
07-03 21:44:14.903 29274 29274 D BoundBrokerSvc: onUnbind: Intent { act=com.google.android.gms.measurement.START pkg=com.google.android.gms }
07-03 21:44:14.906  1958  2104 I chatty  : uid=1000(system) MiuiNetworkPoli expire 1 line
07-03 21:44:15.418   614   614 D Zygote  : Forked child process 10551
07-03 21:44:15.420   613  2254 D OemNetd : setPidForPackage: packageName=com.qualcomm.qti.workloadclassifier, pid=10551, pid=1000
07-03 21:44:15.420  1958  2011 I ActivityManager: Start proc 10551:com.qualcomm.qti.workloadclassifier/1000 for service{com.qualcomm.qti.workloadclassifier/com.qualcomm.qti.workloadclassifier.WLCService} caller=com.qualcomm.qti.workloadclassifier
07-03 21:44:15.428 10551 10551 E kloadclassifie: Not starting debugger since process cannot load the jdwp agent.
07-03 21:44:15.720  2181  2690 V NFC     : this device does not have NFC support
07-03 21:44:15.759  2181  2690 V NFC     : this device does not have NFC support
07-03 21:44:15.772  3633  3633 I CNSS    : Failed to send nl message
07-03 21:44:15.796  3633  3633 I CNSS    : Failed to send nl message
07-03 21:44:15.796 25324 25324 D Launcher.Workspace: Workspace touch up or cancel
07-03 21:44:15.796 25324 25324 D ScreenView_Workspace: on touch up
07-03 21:44:15.796 25324 25324 D ScreenView_Workspace: snapByVelocity
07-03 21:44:15.796 25324 25324 D ScreenView_Workspace: startScroll:3240
07-03 21:44:15.796  3633  3633 I CNSS    : Failed to send nl message
07-03 21:44:15.797 25324 25393 D StatusBarController: handleMessage: flag 800000  disable false
07-03 21:44:15.798 25324 30753 D Launcher_dispatchTouchEvent: [motionEvent action:(rawX,rawY)]  44:15.710[2(443.0,1847.0)] 44:15.710[2(443.0,1847.0)] 44:15.715[2(443.0,1847.0)] 44:15.732[2(443.0,1847.0)] 44:15.748[2(443.0,1847.0)] 44:15.764[2(505.7,1856.6)] 44:15.782[2(594.6,1883.1)] 44:15.798[1(652.0,1906.0)]
07-03 21:44:15.798 25324 30753 D Launcher_Scrollto: [(rawX,rawY)|scrollX]  44:15.764[(443.0,1847.0)|x:4257] 44:15.780[(505.7,1856.6)|x:4168] 44:15.796[(594.6,1883.1)|x:4111]
07-03 21:44:15.798 25324 25324 D Launcher_WallpaperUtils: changeStatusBarMode:false
07-03 21:44:15.799 25324 30753 D Launcher_dispatchTouchEvent: [motionEvent action:(rawX,rawY)]  44:15.799[1(652.0,1906.0)]
07-03 21:44:15.799 25324 30753 D Launcher_Scrollto: [(rawX,rawY)|scrollX]
07-03 21:44:15.810 25666 25666 I BatteryInfoReceiver: ACTION_BATTERY_CHANGED
07-03 21:44:15.810 25666 25666 I PowerSaveService: onReceive: android.intent.action.BATTERY_CHANGED
07-03 21:44:15.810  2181  2181 D KeyguardUpdateMonitor: received broadcast android.intent.action.BATTERY_CHANGED
07-03 21:44:15.811  2513  2513 D QtiCarrierConfigHelper: WARNING, no carrier configs on phone Id: 0
07-03 21:44:15.811 25666 25666 I PowerNoticeUI: handleBatteryChanged oldPlugType 2 mPlugType 2 oldBatteryLevel 100 mBatteryLevel 100 temperature 333
07-03 21:44:15.811  5413  5606 D PowerCheckerService: onBatteryChanged, mBatteryLevel = 100, status = 2, level = 100, plug = 2, scale = 100
07-03 21:44:15.812  1958  4522 I chatty  : uid=1000(system) Binder:1958_13 expire 4 lines
07-03 21:44:15.835 10551 10551 D ApplicationLoaders: Returning zygote-cached class loader: /system/framework/android.hidl.base-V1.0-java.jar
07-03 21:44:15.836 10551 10551 D ApplicationLoaders: Returning zygote-cached class loader: /system/framework/android.hidl.manager-V1.0-java.jar
07-03 21:44:15.836 10551 10551 D ApplicationLoaders: Returning zygote-cached class loader: /system/framework/android.hidl.base-V1.0-java.jar
07-03 21:44:15.876  3633  3633 I CNSS    : Failed to send nl message
07-03 21:44:15.880  3633  3633 I CNSS    : Failed to send nl message
07-03 21:44:15.891 10551 10551 I Perf    : Connecting to perf service.
07-03 21:44:15.914 10551 10551 I FeatureParser: can't find violet.xml in assets/device_features/,it may be in /system/etc/device_features
07-03 21:44:15.922 10551 10577 E Perf    : Fail to get file list com.qualcomm.qti.workloadclassifier
07-03 21:44:15.923 10551 10577 E Perf    : getFolderSize() : Exception_1 = java.lang.NullPointerException: Attempt to get length of null array
07-03 21:44:15.923 10551 10577 E Perf    : Fail to get file list com.qualcomm.qti.workloadclassifier
07-03 21:44:15.924 10551 10577 E Perf    : getFolderSize() : Exception_1 = java.lang.NullPointerException: Attempt to get length of null array
07-03 21:44:15.963 10551 10551 I tflite  : Initialized TensorFlow Lite runtime.
07-03 21:44:15.975  3633  3633 I CNSS    : Failed to send nl message
07-03 21:44:16.091  3633  3633 I CNSS    : Failed to send nl message
07-03 21:44:16.264 25324 25324 D ScreenView_Workspace: setCurrentScreenInner:3
07-03 21:44:16.264 25324 25324 D EventBus: No subscribers registered for event class com.miui.home.launcher.common.messages.CurrentScreenIdMessage
07-03 21:44:16.264 25324 25324 D EventBus: No subscribers registered for event class org.greenrobot.eventbus.NoSubscriberEvent
07-03 21:44:16.265 25324 25324 D Launcher.UserPresentAnimation: checkMissingIcon
07-03 21:44:16.265 25324 26142 I RenderThread: RenderThread resumed
07-03 21:44:16.266 25324 26142 I RenderThread: All controllers paused.
07-03 21:44:16.266 25324 26142 I RenderThread: RenderThread paused, waiting for signal
07-03 21:44:16.266 25324 25393 D StatusBarController: handleMessage: flag 800000  disable false
07-03 21:44:16.282 25324 25324 D Launcher_WallpaperUtils: changeStatusBarMode:false
07-03 21:44:16.766  3633  3633 I CNSS    : Failed to send nl message
07-03 21:44:16.774  3633  3633 I CNSS    : Failed to send nl message
07-03 21:44:17.075   511   511 I hwservicemanager: getTransport: Cannot find entry vendor.qti.hardware.servicetracker@1.0::IServicetracker/default in either framework or device manifest.
07-03 21:44:17.902  1958  1958 W WindowManager: removeWindowToken: Attempted to remove non-existing token: android.os.Binder@c0bfd06
07-03 21:44:17.232   511   511 I chatty  : uid=1000(system) hwservicemanage identical 2 lines
07-03 21:44:17.278   511   511 I hwservicemanager: getTransport: Cannot find entry vendor.qti.hardware.servicetracker@1.0::IServicetracker/default in either framework or device manifest.
07-03 21:44:18.091 25666 25666 I BatteryInfoReceiver: ACTION_BATTERY_CHANGED
07-03 21:44:18.092 25666 25666 I PowerSaveService: onReceive: android.intent.action.BATTERY_CHANGED
07-03 21:44:18.092  2513  2513 D QtiCarrierConfigHelper: WARNING, no carrier configs on phone Id: 0
07-03 21:44:18.092  5413  5606 D PowerCheckerService: onBatteryChanged, mBatteryLevel = 100, status = 2, level = 100, plug = 2, scale = 100
07-03 21:44:18.093 25666 25666 I PowerNoticeUI: handleBatteryChanged oldPlugType 2 mPlugType 2 oldBatteryLevel 100 mBatteryLevel 100 temperature 332
07-03 21:44:18.093  2181  2181 D KeyguardUpdateMonitor: received broadcast android.intent.action.BATTERY_CHANGED
07-03 21:44:18.943   511   511 I hwservicemanager: getTransport: Cannot find entry vendor.qti.hardware.servicetracker@1.0::IServicetracker/default in either framework or device manifest.
07-03 21:44:19.746  3633  3633 I CNSS    : Failed to send nl message
07-03 21:44:19.913  1958  1958 W WindowManager: removeWindowToken: Attempted to remove non-existing token: android.os.Binder@d7b92f2
07-03 21:44:19.801  3633  3633 I CNSS    : Failed to send nl message
07-03 21:44:21.057  2513  2513 D QtiCarrierConfigHelper: WARNING, no carrier configs on phone Id: 0
07-03 21:44:21.058 25666 25666 I BatteryInfoReceiver: ACTION_BATTERY_CHANGED
07-03 21:44:21.057  5413  5606 D PowerCheckerService: onBatteryChanged, mBatteryLevel = 100, status = 2, level = 100, plug = 2, scale = 100
07-03 21:44:21.058 25666 25666 I PowerSaveService: onReceive: android.intent.action.BATTERY_CHANGED
07-03 21:44:21.059  2181  2181 D KeyguardUpdateMonitor: received broadcast android.intent.action.BATTERY_CHANGED
07-03 21:44:21.060 25666 25666 I PowerNoticeUI: handleBatteryChanged oldPlugType 2 mPlugType 2 oldBatteryLevel 100 mBatteryLevel 100 temperature 333
07-03 21:44:21.755   511   511 I hwservicemanager: getTransport: Cannot find entry vendor.qti.hardware.servicetracker@1.0::IServicetracker/default in either framework or device manifest.
07-03 21:44:21.757  6842  6842 D BoundBrokerSvc: onUnbind: Intent { act=com.google.android.gms.libs.gmscorelogger.service.START dat=chimera-action: cmp=com.google.android.gms/.chimera.PersistentDirectBootAwareApiService }
07-03 21:44:22.816  3633  3633 I CNSS    : Failed to send nl message
07-03 21:44:22.824  3633  3633 I chatty  : uid=1000(system) /system/vendor/bin/cnss_diag identical 95 lines
07-03 21:44:22.824  3633  3633 I CNSS    : Failed to send nl message
07-03 21:44:24.124   511   511 I hwservicemanager: getTransport: Cannot find entry vendor.qti.hardware.servicetracker@1.0::IServicetracker/default in either framework or device manifest.
07-03 21:44:24.127   511   511 I hwservicemanager: getTransport: Cannot find entry vendor.qti.hardware.servicetracker@1.0::IServicetracker/default in either framework or device manifest.
07-03 21:44:24.128 29274 29274 D BoundBrokerSvc: onUnbind: Intent { act=com.google.android.gms.common.BIND_SHARED_PREFSpkg=com.google.android.gms }
07-03 21:44:24.271 25666 25666 D SecurityCenter: ImageLoader clear memory info
07-03 21:44:24.351  8838  8838 D SecurityCenter: ImageLoader clear memory info
07-03 21:44:25.420   614   614 D Zygote  : Forked child process 10581
07-03 21:44:25.421   613  2254 D OemNetd : setPidForPackage: packageName=com.qualcomm.atfwd, pid=10581, pid=10195
07-03 21:44:25.421  1958  2011 I ActivityManager: Start proc 10581:com.qualcomm.telephony/u0a195 for service {com.qualcomm.atfwd/com.qualcomm.atfwd.AtFwdService} caller=com.qualcomm.atfwd
07-03 21:44:25.426 10581 10581 E lcomm.telephon: Not starting debugger since process cannot load the jdwp agent.
07-03 21:44:25.434  1958  4415 I chatty  : uid=1000(system) Binder:1958_12 expire 6 lines
07-03 21:44:25.437   511   511 I hwservicemanager: getTransport: Cannot find entry vendor.qti.hardware.servicetracker@1.0::IServicetracker/default in either framework or device manifest.
07-03 21:44:25.438  1958  2104 I chatty  : uid=1000(system) MiuiNetworkPoli expire 1 line
07-03 21:44:25.448 10581 10581 W lcomm.telephony: type=1400 audit(0.0:47852): avc: denied { search } for name="theme" dev="mmcblk0p87" ino=200 scontext=u:r:qtelephony:s0:c195,c256,c512,c768 tcontext=u:object_r:theme_data_file:s0 tclass=dirpermissive=0
07-03 21:44:25.448 10581 10581 I chatty  : uid=10195(com.qualcomm.atfwd) com.qualcomm.telephony identical 4 lines
07-03 21:44:25.448 10581 10581 W lcomm.telephony: type=1400 audit(0.0:47857): avc: denied { search } for name="theme" dev="mmcblk0p87" ino=200 scontext=u:r:qtelephony:s0:c195,c256,c512,c768 tcontext=u:object_r:theme_data_file:s0 tclass=dirpermissive=0
