07-03 21:42:46.667  1958  1958 W Looper  : Slow Looper main: Long Msg: seq=413438 plan=21:42:45.086  late=0ms wall=1581ms running=112ms runnable=12ms io=717ms h=android.app.ActivityThread$H c=android.app.-$$Lambda$LoadedApk$ReceiverDispatcher$Args$_BumDX2UKsnxLVrE6UJsJZkotuA
07-03 21:42:46.668  1958  1958 W Looper  : Slow dispatch took 1581ms main h=android.app.ActivityThread$H c=android.app.-$$Lambda$LoadedApk$ReceiverDispatcher$Args$_BumDX2UKsnxLVrE6UJsJZkotuA@df36c04 m=0
07-03 21:42:46.668  1958  1958 W Looper  : Slow delivery took 1582ms main h=android.app.ActivityThread$H c=android.app.-$$Lambda$LoadedApk$ReceiverDispatcher$Args$_BumDX2UKsnxLVrE6UJsJZkotuA@aa665ed m=0
07-03 21:42:46.833  8971  9161 W BpBinder: Slow Binder: BpBinder transact took 670ms, interface=android.content.IContentProvider, code=1 oneway=false
07-03 21:42:46.995 29274 29274 W Looper  : Slow Looper main: Long Msg: seq=1029 plan=21:42:45.400  late=0ms wall=1594msrunning=17ms runnable=4ms io=1495ms h=android.os.Handler c=fegl
07-03 21:42:47.041  9020  9020 W Looper  : Slow Looper main: Long Msg: seq=2 plan=21:42:45.479  late=1ms wall=1561ms running=329ms runnable=72ms io=1049ms h=android.app.ActivityThread$H w=110
07-03 21:42:47.285  8971  9185 W FileUtils: Slow Operation: fsync took 1030ms
07-03 21:42:47.588  7372  7372 W Looper  : Slow Looper main: Long Msg: seq=26 plan=21:42:45.014  late=2ms wall=2572ms running=46ms runnable=25ms io=2157ms h=android.app.ActivityThread$H c=android.app.-$$Lambda$LoadedApk$ReceiverDispatcher$Args$_BumDX2UKsnxLVrE6UJsJZkotuA
07-03 21:42:47.653  8971  9185 W FileUtils: Slow Operation: fsync took 365ms
07-03 21:42:47.988 29274  5478 W FileUtils: Slow Operation: fsync took 336ms
07-03 21:42:48.213  1958  1958 W Looper  : Slow Looper main: Long Msg: seq=413448 plan=21:42:45.087  late=1583ms wall=1542ms running=96ms runnable=8ms io=312ms h=android.app.ActivityThread$H c=android.app.-$$Lambda$LoadedApk$ReceiverDispatcher$Args$_BumDX2UKsnxLVrE6UJsJZkotuA
07-03 21:42:48.213  1958  1958 W Looper  : Slow dispatch took 1542ms main h=android.app.ActivityThread$H c=android.app.-$$Lambda$LoadedApk$ReceiverDispatcher$Args$_BumDX2UKsnxLVrE6UJsJZkotuA@8999e44 m=0
07-03 21:42:48.216  1958  1958 I Telecom : DefaultDialerCache: Refreshing default dialer for user 0: now com.android.contacts: DDC.oR@CaU
07-03 21:42:48.300  7139  7139 W Looper  : Slow Looper main: Long Msg: seq=1373 plan=21:42:45.011  late=1ms wall=3288msrunning=84ms runnable=45ms io=2640ms h=android.app.ActivityThread$H c=android.app.-$$Lambda$LoadedApk$ReceiverDispatcher$Args$_BumDX2UKsnxLVrE6UJsJZkotuA
07-03 21:42:48.442  1958  1958 W Looper  : Drained
07-03 21:42:48.445  1958  2645 W BroadcastQueue: Background execution not allowed: receiving Intent { act=android.intent.action.PACKAGE_REPLACED dat=package:com.BHG.gurbani flg=0x4000010 (has extras) } to com.facebook.appmanager/com.facebook.oxygen.common.packages.event.manifest.ManifestPackageEventReceiver
07-03 21:42:48.448  1958  2010 W BroadcastQueue: Background execution not allowed: receiving Intent { act=android.intent.action.PACKAGE_REPLACED dat=package:com.BHG.gurbani flg=0x4000010 (has extras) } to com.google.android.gms/.chimera.GmsIntentOperationService$PersistentTrustedReceiver
07-03 21:42:48.448  1958  2010 W BroadcastQueue: Background execution not allowed: receiving Intent { act=android.intent.action.PACKAGE_REPLACED dat=package:com.BHG.gurbani flg=0x4000010 (has extras) } to com.google.android.gms/.gass.chimera.PackageChangeBroadcastReceiver
07-03 21:42:48.449  1958  2010 W BroadcastQueue: Background execution not allowed: receiving Intent { act=android.intent.action.PACKAGE_REPLACED dat=package:com.BHG.gurbani flg=0x4000010 (has extras) } to com.miui.audioeffect/com.android.musicfx.Compatibility$Receiver
07-03 21:42:48.449  1958  2010 W BroadcastQueue: Background execution not allowed: receiving Intent { act=android.intent.action.PACKAGE_REPLACED dat=package:com.BHG.gurbani flg=0x4000010 (has extras) } to com.miui.notes/com.miui.floatwindow.BootBroadcastReceiver
07-03 21:42:48.449  1958  2010 W BroadcastQueue: Background execution not allowed: receiving Intent { act=android.intent.action.PACKAGE_REPLACED dat=package:com.BHG.gurbani flg=0x4000010 (has extras) } to com.google.android.apps.photos/.account.full.FetchAccountPropertiesAppUpgradeBroadcastReceiver
07-03 21:42:48.449  1958  2010 W BroadcastQueue: Background execution not allowed: receiving Intent { act=android.intent.action.PACKAGE_REPLACED dat=package:com.BHG.gurbani flg=0x4000010 (has extras) } to com.google.android.apps.photos/.account.full.SyncAccountsForLoginBroadcastReceiver
07-03 21:42:48.449  1958  2010 W BroadcastQueue: Background execution not allowed: receiving Intent { act=android.intent.action.PACKAGE_REPLACED dat=package:com.BHG.gurbani flg=0x4000010 (has extras) } to com.google.android.apps.photos/.notificationchannels.AppUpdateBroadcastReceiver
07-03 21:42:48.449  1958  2010 W BroadcastQueue: Background execution not allowed: receiving Intent { act=android.intent.action.PACKAGE_REPLACED dat=package:com.BHG.gurbani flg=0x4000010 (has extras) } to com.jio.myjio/com.inn.passivesdk.receiver.PackageReceiver
07-03 21:42:48.612  9121  9121 W Looper  : Slow Looper main: Long Msg: seq=2 plan=21:42:46.063  late=5ms wall=2544ms running=185ms runnable=57ms io=1764ms h=android.app.ActivityThread$H w=110
07-03 21:42:48.617  1958  5258 I ActivityManager: Killing 7731:com.miui.gallery/u0a103 (adj 945): empty #17
07-03 21:42:48.621  9121  9121 W Looper  : Slow Looper main: doFrame is 719ms late because of 3 msg, msg 1 took 2544ms (seq=2 running=185ms runnable=57ms io=1764ms late=5ms h=android.app.ActivityThread$H w=110)
07-03 21:42:49.759  1958  2011 I ActivityManager: Start proc 9508:com.google.android.webview:sandboxed_process0:org.chromium.content.app.SandboxedProcessService0:0/u0i296 for  {com.miui.global.packageinstaller/org.chromium.content.app.SandboxedProcessService0:0} caller=com.miui.global.packageinstaller
07-03 21:42:49.848  1958  2351 I ActivityManager: Killing 7940:com.miui.cloudservice:galleryproxy/u0a126 (adj 955): empty #17
07-03 21:42:50.264  1958  2011 I ActivityManager: Start proc 9546:com.google.android.webview:webview_service/u0a192 forservice {com.google.android.webview/org.chromium.android_webview.services.ComponentsProviderService} caller=com.miui.global.packageinstaller
07-03 21:42:50.572  1958  5236 I ActivityManager: Killing 8149:com.android.chrome/u0a193 (adj 955): empty #17
07-03 21:42:50.578  8971  8971 W Looper  : Slow Looper main: Long Msg: seq=25 plan=21:42:48.176  late=3ms wall=2398ms running=500ms runnable=75ms io=1575ms h=com.google.android.gms.ads.internal.util.f c=com.google.android.gms.ads.internal.js.r
07-03 21:42:50.801  1958  5258 W ActivityManager: Exception when unbinding service com.android.chrome/org.chromium.content.app.SandboxedProcessService0:0
07-03 21:42:50.801  1958  5258 W ActivityManager: android.os.DeadObjectException
07-03 21:42:50.801  1958  5258 W ActivityManager:       at android.os.BinderProxy.transactNative(Native Method)
07-03 21:42:50.801  1958  5258 W ActivityManager:       at android.os.BinderProxy.transact(BinderProxy.java:511)
07-03 21:42:50.801  1958  5258 W ActivityManager:       at android.app.IApplicationThread$Stub$Proxy.scheduleUnbindService(IApplicationThread.java:1627)
07-03 21:42:50.801  1958  5258 W ActivityManager:       at com.android.server.am.ActiveServices.removeConnectionLocked(ActiveServices.java:3440)
07-03 21:42:50.801  1958  5258 W ActivityManager:       at com.android.server.am.ActiveServices.killServicesLocked(ActiveServices.java:3859)
07-03 21:42:50.801  1958  5258 W ActivityManager:       at com.android.server.am.ActivityManagerService.cleanUpApplicationRecordLocked(ActivityManagerService.java:14080)
07-03 21:42:50.801  1958  5258 W ActivityManager:       at com.android.server.am.ActivityManagerService.handleAppDiedLocked(ActivityManagerService.java:3716)
07-03 21:42:50.801  1958  5258 W ActivityManager:       at com.android.server.am.ActivityManagerService.appDiedLocked(ActivityManagerService.java:3889)
07-03 21:42:50.801  1958  5258 W ActivityManager:       at com.android.server.am.ActivityManagerService$AppDeathRecipient.binderDied(ActivityManagerService.java:1537)
07-03 21:42:50.801  1958  5258 W ActivityManager:       at android.os.BinderProxy.sendDeathNotice(BinderProxy.java:621)
07-03 21:42:50.805  1958  5258 W ActivityManager: Scheduling restart of crashed service com.android.chrome/org.chromium.chrome.browser.customtabs.CustomTabsConnectionService in 1000ms
07-03 21:42:50.808  1958  5258 I ActivityManager: Killing 8271:com.android.chrome:sandboxed_process0:org.chromium.content.app.SandboxedProcessService0:0/u0a193i-9000 (adj 935): isolated not needed
07-03 21:42:50.812  1958  5271 I ActivityManager: Process com.android.chrome:privileged_process0 (pid 8220) has died: fore SVC
07-03 21:42:51.034  1958  2011 I ActivityManager: Start proc 9613:com.android.chrome/u0a193 for service {com.android.chrome/org.chromium.chrome.browser.customtabs.CustomTabsConnectionService} caller=com.miui.global.packageinstaller
07-03 21:42:58.021  1958  2014 E BatteryExternalStatsWorker: no controller energy info supplied for bluetooth
07-03 21:43:06.253 29274 29274 E ActivityThread: Service com.google.android.gms.chimera.GmsApiService has leaked ServiceConnection bofe@5e3b388 that was originally bound here
07-03 21:43:06.253 29274 29274 E ActivityThread: android.app.ServiceConnectionLeaked: Service com.google.android.gms.chimera.GmsApiService has leaked ServiceConnection bofe@5e3b388 that was originally bound here
07-03 21:43:06.253 29274 29274 E ActivityThread:        at android.app.LoadedApk$ServiceDispatcher.<init>(LoadedApk.java:1815)
07-03 21:43:06.253 29274 29274 E ActivityThread:        at android.app.LoadedApk.getServiceDispatcherCommon(LoadedApk.java:1687)
07-03 21:43:06.253 29274 29274 E ActivityThread:        at android.app.LoadedApk.getServiceDispatcher(LoadedApk.java:1666)
07-03 21:43:06.253 29274 29274 E ActivityThread:        at android.app.ContextImpl.bindServiceCommon(ContextImpl.java:1731)
07-03 21:43:06.253 29274 29274 E ActivityThread:        at android.app.ContextImpl.bindService(ContextImpl.java:1660)
07-03 21:43:06.253 29274 29274 E ActivityThread:        at android.content.ContextWrapper.bindService(ContextWrapper.java:715)
07-03 21:43:06.253 29274 29274 E ActivityThread:        at android.content.ContextWrapper.bindService(ContextWrapper.java:715)
07-03 21:43:06.253 29274 29274 E ActivityThread:        at android.content.ContextWrapper.bindService(ContextWrapper.java:715)
07-03 21:43:06.253 29274 29274 E ActivityThread:        at boej.bindService(:com.google.android.gms@252431013@25.24.31 (100400-772615181):10)
07-03 21:43:06.253 29274 29274 E ActivityThread:        at android.content.ContextWrapper.bindService(ContextWrapper.java:715)
07-03 21:43:06.253 29274 29274 E ActivityThread:        at android.content.ContextWrapper.bindService(ContextWrapper.java:715)
07-03 21:43:06.253 29274 29274 E ActivityThread:        at android.content.ContextWrapper.bindService(ContextWrapper.java:715)
07-03 21:43:06.253 29274 29274 E ActivityThread:        at android.content.ContextWrapper.bindService(ContextWrapper.java:715)
07-03 21:43:06.253 29274 29274 E ActivityThread:        at ayei.i(:com.google.android.gms@252431013@25.24.31 (100400-772615181):17)
07-03 21:43:06.253 29274 29274 E ActivityThread:        at ayei.f(:com.google.android.gms@252431013@25.24.31 (100400-772615181):97)
07-03 21:43:06.253 29274 29274 E ActivityThread:        at ayei.e(:com.google.android.gms@252431013@25.24.31 (100400-772615181):8)
07-03 21:43:06.253 29274 29274 E ActivityThread:        at zqs.a(:com.google.android.gms@252431013@25.24.31 (100400-772615181):47)
07-03 21:43:06.253 29274 29274 E ActivityThread:        at iqu.a(:com.google.android.gms@252431013@25.24.31 (100400-772615181):19)
07-03 21:43:06.253 29274 29274 E ActivityThread:        at zqx.<init>(:com.google.android.gms@252431013@25.24.31 (100400-772615181):11)
07-03 21:43:06.253 29274 29274 E ActivityThread:        at zrx.call(:com.google.android.gms@252431013@25.24.31 (100400-772615181):18)
07-03 21:43:06.253 29274 29274 E ActivityThread:        at java.util.concurrent.FutureTask.run(FutureTask.java:266)
07-03 21:43:06.253 29274 29274 E ActivityThread:        at ayhu.c(:com.google.android.gms@252431013@25.24.31 (100400-772615181):50)
07-03 21:43:06.253 29274 29274 E ActivityThread:        at ayhu.run(:com.google.android.gms@252431013@25.24.31 (100400-772615181):70)
07-03 21:43:06.253 29274 29274 E ActivityThread:        at java.util.concurrent.ThreadPoolExecutor.runWorker(ThreadPoolExecutor.java:1167)
07-03 21:43:06.253 29274 29274 E ActivityThread:        at java.util.concurrent.ThreadPoolExecutor$Worker.run(ThreadPoolExecutor.java:641)
07-03 21:43:06.253 29274 29274 E ActivityThread:        at aynj.run(:com.google.android.gms@252431013@25.24.31 (100400-772615181):8)
07-03 21:43:06.253 29274 29274 E ActivityThread:        at java.lang.Thread.run(Thread.java:919)
07-03 21:43:06.269  1958  3901 I ActivityManager: Killing 8433:com.miui.analytics/u0a105 (adj 955): empty #17
07-03 21:43:06.305  1958  3853 W ActivityManager: Scheduling restart of crashed service com.miui.analytics/.onetrack.OneTrackService in 1000ms
07-03 21:43:06.995  1958  2090 W BaseMiuiPhoneWindowManager: keyCode:23 down:true eventTime:121330376 downTime:121330376 policyFlags:2000000 flags:8 deviceId:0 isScreenOn:false keyguardActive:true repeatCount:0
07-03 21:43:06.996  1958  2090 I PowerManagerService: Waking up from Asleep (uid=1000, reason=WAKE_REASON_UNKNOWN, details=miui.policy:FINGERPRINT_DPAD_CENTER)...
07-03 21:43:06.997  1958  1958 W UsageStatsService: Event reported without a package name, eventType:15
07-03 21:43:07.000  1958  2017 I DisplayPowerController: Blocking screen on until initial contents have been drawn.
07-03 21:43:07.026  1958  2090 W BaseMiuiPhoneWindowManager: keyCode:23 down:false eventTime:121330414 downTime:121330376 policyFlags:22000000 flags:8 deviceId:0 isScreenOn:true keyguardActive:true repeatCount:0
07-03 21:43:07.047  1958  2017 I WindowManager: Screen turning on...
07-03 21:43:07.057  1958  1958 I WindowManager: Started waking up... (why=ON_BECAUSE_OF_UNKNOWN)
07-03 21:43:07.080  1958  2009 I MountServiceIdler: Got mount service completion callback
07-03 21:43:07.080  1958  2009 I MountServiceIdlerInjector: sNextTrimDuration :  7200000
07-03 21:43:07.096  1958  2090 W BaseMiuiPhoneWindowManager: keyCode:23 down:true eventTime:121330484 downTime:121330484 policyFlags:22000000 flags:8 deviceId:0 isScreenOn:true keyguardActive:true repeatCount:0
07-03 21:43:07.113  1958  1996 I DisplayManagerService: Display device changed state: "Built-in Screen", ON
07-03 21:43:07.159  1958  2009 I MountServiceIdler: Got mount service completion callback
07-03 21:43:07.159  1958  2009 I MountServiceIdlerInjector: sNextTrimDuration :  7200000
07-03 21:43:07.189  2181  2197 W KeyguardViewMediator: notifyScreenOn
07-03 21:43:07.241  1958  1994 W Looper  : Slow dispatch took 156ms android.ui h=android.view.Choreographer$FrameHandler c=android.view.Choreographer$FrameDisplayEventReceiver@c285a1 m=0
07-03 21:43:07.246  2181  2181 W KeyguardViewMediator: handleNotifyScreenTurningOn
07-03 21:43:07.246  2181  2181 W KeyguardViewMediator: notifyDrawn
07-03 21:43:07.247  1958  3901 I WindowManager: mKeyguardDelegate.ShowListener.onDrawn.
07-03 21:43:07.270  1958  1994 W WindowManager: Setting mKeyguardDrawComplete
07-03 21:43:07.271  1958  1994 I WindowManager: All windows ready for display!
07-03 21:43:07.271  1958  1994 W WindowManager: Setting mWindowManagerDrawComplete
07-03 21:43:07.271  1958  1994 I WindowManager: Finished screen turning on...
07-03 21:43:07.272  1958  2017 I DisplayPowerController: Unblocked screen on after 272 ms
07-03 21:43:07.273  1958  2017 W PowerManagerService: Screen on took 277 ms
07-03 21:43:07.273  1958  1958 I WindowManager: Finished waking up... (why=ON_BECAUSE_OF_UNKNOWN)
07-03 21:43:07.295  2181  2181 I miui_face: start face unlock
07-03 21:43:07.298  2181  2924 I miui_face: start verify time=3
07-03 21:43:07.356  1958  2014 E BatteryExternalStatsWorker: no controller energy info supplied for bluetooth
07-03 21:43:07.371  1958  2011 I ActivityManager: Start proc 9674:com.miui.analytics/u0a105 for service {com.miui.analytics/com.miui.analytics.onetrack.OneTrackService} caller=com.xiaomi.mipicks
07-03 21:43:07.821  1958  2014 E BatteryExternalStatsWorker: no controller energy info supplied for bluetooth
07-03 21:43:07.908  1958  2090 W BaseMiuiPhoneWindowManager: keyCode:23 down:false eventTime:121331296 downTime:121330484 policyFlags:22000000 flags:8 deviceId:0 isScreenOn:true keyguardActive:true repeatCount:0
07-03 21:43:08.169  4027  4215 W BpBinder: Slow Binder: BpBinder transact took 488ms, interface=android.hardware.camera2.ICameraDeviceUser, code=6 oneway=false
07-03 21:43:08.446  2181  2181 E miui_face: start face unlock fail ,faceDetectTypeForCamera=1
07-03 21:43:08.771  2181  2924 I miui_face:  authenCallback, onAuthenticationHelp helpCode:14 helpString:
07-03 21:43:08.775   966  9699 W BpBinder: Slow Binder: BpBinder transact took 243ms, interface=android.gui.IGraphicBufferProducer, code=2 oneway=false
07-03 21:43:08.850  2181  2924 I miui_face:  authenCallback, onAuthenticationHelp helpCode:14 helpString:
07-03 21:43:08.931  2181  2924 I miui_face:  authenCallback, onAuthenticationHelp helpCode:14 helpString:
07-03 21:43:08.984  1958  2014 E BatteryExternalStatsWorker: no controller energy info supplied for bluetooth
07-03 21:43:09.023  2181  2924 I miui_face:  authenCallback, onAuthenticationHelp helpCode:14 helpString:
07-03 21:43:09.389  2181  2924 I chatty  : uid=1000(system) face_unlock identical 5 lines
07-03 21:43:09.465  2181  2924 I miui_face:  authenCallback, onAuthenticationHelp helpCode:14 helpString:
07-03 21:43:09.550  2181  2924 I miui_face:  authenCallback, onAuthenticationSucceeded time=2252
07-03 21:43:09.552  1958  3853 W FingerprintService: Ignoring lockout reset, no templates enrolled
07-03 21:43:09.557  2181  2181 W miui_keyguard: unlock keyguard by face
07-03 21:43:09.879  1958  5271 I Timeline: Timeline: App_transition_ready time:121333267
07-03 21:43:09.879  2181  3626 I KeyguardViewMediator: call fw keyguardGoingAway: flags = 8
07-03 21:43:09.880  1958  1997 I Timeline: Timeline: App_transition_ready time:121333268
07-03 21:43:09.881  1958  3853 I Timeline: Timeline: App_transition_ready time:121333269
07-03 21:43:09.892  1958  1997 I Timeline: Timeline: App_transition_ready time:121333280
07-03 21:43:09.895  1958  1997 I Timeline: Timeline: App_transition_ready time:121333283
07-03 21:43:09.946  1958 15738 W BoostFramework: Slow Operation: BoostFramework perfUXEngine_trigger took 52ms
07-03 21:43:10.017  1958  3906 I Timeline: Timeline: App_transition_ready time:121333405
07-03 21:43:10.028  1958  1997 I Timeline: Timeline: App_transition_ready time:121333417
07-03 21:43:10.118  1958  1997 I Timeline: Timeline: App_transition_ready time:121333507
07-03 21:43:10.118  2181  2181 I KeyguardViewMediator: handleStartKeyguardExitAnimation startTime=121333506 fadeoutDuration=150
07-03 21:43:10.124  1958  1996 W UsageStatsService: Event reported without a package name, eventType:18
07-03 21:43:10.125  1958  1996 I WindowManager: updateContrastOverlay, darkmode: true isContrastEnabled: false alpha: 0.0
07-03 21:43:10.167  2181  2181 I miui_face: face unlock success time=2872
07-03 21:43:10.176  1958  2010 W BroadcastQueue: Background execution not allowed: receiving Intent { act=android.intent.action.USER_PRESENT flg=0x24200010 } to com.jio.myjio/com.jio.clickstream.tbn.PowerConnectionReceiver
07-03 21:43:10.176  1958  2010 W BroadcastQueue: Background execution not allowed: receiving Intent { act=android.intent.action.USER_PRESENT flg=0x24200010 } to com.android.chrome/org.chromium.chrome.browser.sharing.click_to_call.ClickToCallMessageHandler$PhoneUnlockedReceiver
07-03 21:43:10.176  1958  2010 W BroadcastQueue: Background execution not allowed: receiving Intent { act=android.intent.action.USER_PRESENT flg=0x24200010 } to com.google.android.gms/.auth.setup.devicesignals.LockScreenReceiver
07-03 21:43:10.177  1958  2010 W BroadcastQueue: Background execution not allowed: receiving Intent { act=android.intent.action.USER_PRESENT flg=0x24200010 } to com.google.android.gms/.chimera.GmsIntentOperationService$PersistentTrustedReceiver
07-03 21:43:10.177  1958  2010 W BroadcastQueue: Background execution not allowed: receiving Intent { act=android.intent.action.USER_PRESENT flg=0x24200010 } to info.kfsoft.force.rotation/.RestartReceiver
07-03 21:43:10.194  3855 20608 W MiuiPerfServiceClient: interceptAndQueuing:2181|com.android.systemui|189|53|unknown|null|StatusBar|121332371397776|Slow swap buffers|8
07-03 21:43:10.194  3855 20608 W MiuiPerfServiceClient: interceptAndQueuing:2181|com.android.systemui|434|63|unknown|null|StatusBar|121333015674547|Slow swap buffers|19
07-03 21:43:10.277  1958  1997 I Timeline: Timeline: Activity_windows_visible id: ActivityRecord{ddb1799 u0 com.miui.home/.launcher.Launcher t1} time:121333666
07-03 21:43:10.278  1958  1997 I Timeline: Timeline: App_transition_stopped time:121333667
07-03 21:43:10.670  1958  2014 E BatteryExternalStatsWorker: no controller energy info supplied for bluetooth
07-03 21:43:10.731  3855 20608 W MiuiPerfServiceClient: interceptAndQueuing:2181|com.android.systemui|269|150|unknown|null|StatusBar|121333851039442|Slow main thread|5
07-03 21:43:11.976  1958  3853 W BpBinder: Slow Binder: BpBinder transact took 708ms, interface=android.os.IInstalld, code=9 oneway=false
07-03 21:43:11.976  7139  9436 W BpBinder: Slow Binder: BpBinder transact took 710ms, interface=android.app.usage.IStorageStatsManager, code=7 oneway=false
07-03 21:43:11.992 25324 25324 I Timeline: Timeline: Activity_launch_request time:121335381
07-03 21:43:11.993  1958  3853 I ActivityTaskManager: START u0 {act=android.intent.action.MAIN cat=[android.intent.category.LAUNCHER] flg=0x10200000 cmp=com.BHG.gurbani/.SplashActivity bnds=[581,760][757,936] (has extras)} from uid 10094
07-03 21:43:12.034 25324 25324 W ActivityThread: SCHED: com.miui.home/.launcher.Launcher [78, r=66ms, a=18ms, w=2070ms]
07-03 21:43:12.092  1958  2011 I ActivityManager: Start proc 9874:com.BHG.gurbani/u0a776 for activity {com.BHG.gurbani/com.BHG.gurbani.SplashActivity} caller=com.miui.home
07-03 21:43:12.123  1958  1997 I Timeline: Timeline: App_transition_ready time:121335511
07-03 21:43:12.316  1958  1997 I Timeline: Timeline: App_transition_stopped time:121335704
07-03 21:43:12.620  1958  2351 E WindowManager: App trying to use insecure INPUT_FEATURE_NO_INPUT_CHANNEL flag. Ignoring
07-03 21:43:12.624  9874  9874 W Looper  : Slow Looper main: Activity com.BHG.gurbani/.SplashActivity is 489ms late (wall=1ms running=0ms ClientTransaction{ callbacks=[android.app.servertransaction.TopResumedActivityChangeItem] }) because of 3 msg, msg 2 took 279ms (seq=2 running=83ms runnable=17ms io=140ms h=android.app.ActivityThread$H w=110), msg 3 took 209ms (seq=3 running=123ms runnable=12ms io=56ms late=280ms h=android.app.ActivityThread$H w=159)
07-03 21:43:12.865  1958  1997 I Timeline: Timeline: Activity_windows_visible id: ActivityRecord{a9723ab u0 com.BHG.gurbani/.SplashActivity t1689} time:121336254
07-03 21:43:15.598  9874  9874 I Timeline: Timeline: Activity_launch_request time:121338987
07-03 21:43:15.599  1958  3901 I ActivityTaskManager: START u0 {cmp=com.BHG.gurbani/.AuthActivity} from uid 10776
07-03 21:43:15.616  9874  9874 W ActivityThread: SCHED: com.BHG.gurbani/.SplashActivity [68, r=24ms, a=11ms, w=3017ms]
07-03 21:43:15.621  1958  5255 I ActivityTaskManager: The Process com.BHG.gurbani Already Exists in BG. So sending its PID: 9874
07-03 21:43:15.634  1958  5255 I Timeline: Timeline: App_transition_ready time:121339023
07-03 21:43:15.639  1958  1996 I ActivityManager: Killing 8327:com.xiaomi.mipicks/u0a127 (adj 965): empty #17
07-03 21:43:15.777  9874  9874 I Timeline: Timeline: Activity_launch_request time:121339165
07-03 21:43:15.777  1958  4807 I ActivityTaskManager: START u0 {cmp=com.BHG.gurbani/.MainActivity} from uid 10776
07-03 21:43:15.789  1958  4807 I ActivityTaskManager: The Process com.BHG.gurbani Already Exists in BG. So sending its PID: 9874
07-03 21:43:15.792  1958  4807 I Timeline: Timeline: App_transition_ready time:121339181
07-03 21:43:15.793  1958  1997 I Timeline: Timeline: App_transition_ready time:121339182
07-03 21:43:15.891  1958  3853 E WindowManager: App trying to use insecure INPUT_FEATURE_NO_INPUT_CHANNEL flag. Ignoring
07-03 21:43:15.928  1958  4807 I Timeline: Timeline: App_transition_ready time:121339316
07-03 21:43:15.931  1958  4807 I Timeline: Timeline: App_transition_ready time:121339319
07-03 21:43:15.980  1958  1997 I Timeline: Timeline: App_transition_ready time:121339369
07-03 21:43:16.246  1958  1997 I Timeline: Timeline: Activity_windows_visible id: ActivityRecord{5ad6c3f u0 com.BHG.gurbani/.MainActivity t1689} time:121339635
07-03 21:43:16.249  1958  1997 I Timeline: Timeline: App_transition_stopped time:121339637
07-03 21:43:17.308  3855 20608 W MiuiPerfServiceClient: interceptAndQueuing:9874|com.BHG.gurbani|254|139|unknown|null|com.BHG.gurbani/com.BHG.gurbani.MainActivity|121340371380950|Slow handle traversal|5
07-03 21:43:19.032  9874  9874 I Timeline: Timeline: Activity_launch_request time:121342420
07-03 21:43:19.032  1958  5270 I ActivityTaskManager: START u0 {cmp=com.BHG.gurbani/.UploadActivity} from uid 10776
07-03 21:43:19.041  9874  9874 W ActivityThread: SCHED: com.BHG.gurbani/.MainActivity [83, r=268ms, a=52ms, w=3155ms]
07-03 21:43:19.043  1958  5271 I ActivityTaskManager: The Process com.BHG.gurbani Already Exists in BG. So sending its PID: 9874
07-03 21:43:19.049  1958  5271 I Timeline: Timeline: App_transition_ready time:121342437
07-03 21:43:19.109  1958  5270 E WindowManager: App trying to use insecure INPUT_FEATURE_NO_INPUT_CHANNEL flag. Ignoring
07-03 21:43:19.121  1958  5270 I Timeline: Timeline: App_transition_ready time:121342510
07-03 21:43:19.122  1958  5270 I Timeline: Timeline: App_transition_ready time:121342511
07-03 21:43:19.164  1958  1997 I Timeline: Timeline: App_transition_ready time:121342552
07-03 21:43:19.414  1958  1997 I Timeline: Timeline: Activity_windows_visible id: ActivityRecord{d330927 u0 com.BHG.gurbani/.UploadActivity t1689} time:121342803
07-03 21:43:19.416  1958  1997 I Timeline: Timeline: App_transition_stopped time:121342805
07-03 21:43:20.068  9874  9874 I Timeline: Timeline: Activity_launch_request time:121343456
07-03 21:43:20.069  1958  2645 I ActivityTaskManager: START u0 {act=android.intent.action.GET_CONTENT typ=image/* cmp=com.google.android.documentsui/com.android.documentsui.picker.PickActivity} from uid 10776
07-03 21:43:20.107  9874  9874 W ActivityThread: SCHED: com.BHG.gurbani/.UploadActivity [59, r=35ms, a=24ms, w=1000ms]
07-03 21:43:20.154  1958  2011 I ActivityManager: Start proc 10035:com.google.android.documentsui/u0a66 for activity {com.google.android.documentsui/com.android.documentsui.picker.PickActivity} caller=com.BHG.gurbani
07-03 21:43:20.199  1958  1997 I Timeline: Timeline: App_transition_ready time:121343587
07-03 21:43:20.466  1958  1997 I Timeline: Timeline: App_transition_stopped time:121343854
07-03 21:43:20.485  1958  3417 E WindowManager: App trying to use insecure INPUT_FEATURE_NO_INPUT_CHANNEL flag. Ignoring
07-03 21:43:20.490 10035 10035 W Looper  : Slow Looper main: Activity com.google.android.documentsui/com.android.documentsui.picker.PickActivity is 303ms late (wall=0ms running=0ms ClientTransaction{ callbacks=[android.app.servertransaction.TopResumedActivityChangeItem] }) because of 3 msg, msg 2 took 160ms (seq=2 running=62ms runnable=15ms io=57ms late=12ms h=android.app.ActivityThread$H w=110), msg 3 took 136ms (seq=3 running=51ms runnable=8ms io=14ms late=168ms h=android.app.ActivityThread$H w=159)
07-03 21:43:20.520  1958  2011 I ActivityManager: Start proc 10067:com.google.android.apps.docs/u0a221 for content provider {com.google.android.apps.docs/com.google.android.apps.docs.common.storagebackend.StorageBackendContentProvider} caller=com.google.android.documentsui
07-03 21:43:20.560  1958  1997 I Timeline: Timeline: Activity_windows_visible id: ActivityRecord{a48df7a u0 com.google.android.documentsui/com.android.documentsui.picker.PickActivity t1689} time:121343949
07-03 21:43:20.759 10035 10055 W BpBinder: Slow Binder: BpBinder transact took 277ms, interface=android.app.IActivityManager, code=20 oneway=false
07-03 21:43:21.034 10035 10055 W BpBinder: Slow Binder: BpBinder transact took 275ms, interface=android.content.IContentProvider, code=1 oneway=false
07-03 21:43:21.965  1958  5090 W LocationProviderProxy: Odd, no component found for service com.android.location.service.v3.NetworkLocationProvider
07-03 21:43:22.081  1958  1958 W Looper  : Slow dispatch took 126ms main h=android.app.ActivityThread$H c=android.app.-$$Lambda$LoadedApk$ReceiverDispatcher$Args$_BumDX2UKsnxLVrE6UJsJZkotuA@87347e2 m=0
07-03 21:43:22.152  1958  1958 I Telecom : DefaultDialerCache: Refreshing default dialer for user 0: now com.android.contacts: DDC.oR@CaY
07-03 21:43:22.665 10035 10035 W ActivityThread: SCHED: com.google.android.documentsui/com.android.documentsui.picker.PickActivity [88, r=456ms, a=62ms, w=2193ms]
07-03 21:43:22.670  1958  3417 I Timeline: Timeline: App_transition_ready time:121346058
07-03 21:43:22.688  1958  3417 I Timeline: Timeline: App_transition_ready time:121346076
07-03 21:43:22.690  3855 20608 W MiuiPerfServiceClient: interceptAndQueuing:10035|com.google.android.documentsui|578|266|unknown|null|com.google.android.documentsui/com.android.documentsui.picker.PickActivity|121345212946938|Slow handle animation|4
07-03 21:43:22.718  1958  3906 I Timeline: Timeline: App_transition_ready time:121346106
07-03 21:43:22.749  1958  1997 I Timeline: Timeline: App_transition_ready time:121346137
07-03 21:43:23.015  1958  1997 I Timeline: Timeline: Activity_windows_visible id: ActivityRecord{d330927 u0 com.BHG.gurbani/.UploadActivity t1689} time:121346404
07-03 21:43:23.018  1958  1997 I Timeline: Timeline: App_transition_stopped time:121346407
07-03 21:43:23.025  1958  1996 I ActivityManager: Killing 8689:com.miui.msa.global:ui/u0a123 (adj 955): empty #17
07-03 21:43:24.114  1958  2645 I WindowManager: input method visible height changed 786
07-03 21:43:29.400  1958  5271 E WindowManager: App trying to use insecure INPUT_FEATURE_NO_INPUT_CHANNEL flag. Ignoring
07-03 21:43:29.404  9874  9874 W ActivityThread: SCHED: com.BHG.gurbani/.UploadActivity [78, r=127ms, a=35ms, w=6694ms]
07-03 21:43:29.409  1958  2646 I Timeline: Timeline: App_transition_ready time:121352798
07-03 21:43:29.420  1958  5271 I Timeline: Timeline: App_transition_ready time:121352808
07-03 21:43:29.421  1958  5271 I Timeline: Timeline: App_transition_ready time:121352809
07-03 21:43:29.432  1958  1997 I Timeline: Timeline: App_transition_ready time:121352821
07-03 21:43:29.448  1958  3906 I Timeline: Timeline: App_transition_ready time:121352837
07-03 21:43:29.481  1958  1997 I Timeline: Timeline: App_transition_ready time:121352870
07-03 21:43:29.520  1958  3906 I WindowManager: input method visible height changed 0
07-03 21:43:29.717  1958  1997 I Timeline: Timeline: Activity_windows_visible id: ActivityRecord{5ad6c3f u0 com.BHG.gurbani/.MainActivity t1689} time:121353105
07-03 21:43:29.719  1958  1997 I Timeline: Timeline: App_transition_stopped time:121353108
07-03 21:43:31.483  1958  2646 W NotificationService: Toast already killed. pkg=com.BHG.gurbani callback=android.app.ITransientNotification$Stub$Proxy@cba0ad3
07-03 21:43:32.902  1958  1996 W WindowManager: Unable to start animation, surface is null or no children.
07-03 21:43:42.400  1958  1958 W WindowManager: removeWindowToken: Attempted to remove non-existing token: android.os.Binder@48f0c57
07-03 21:43:44.604  1958  4807 I ActivityManager: Killing 8030:com.google.android.youtube/u0a204 (adj 965): empty #17
07-03 21:43:50.683  1958  2011 I ActivityManager: Start proc 10332:com.google.android.webview:sandboxed_process0:org.chromium.content.app.SandboxedProcessService0:0/u0i297 for  {com.BHG.gurbani/org.chromium.content.app.SandboxedProcessService0:0} caller=com.BHG.gurbani
07-03 21:43:50.968  9874  9874 W Looper  : Slow Looper main: doFrame is 365ms late because of 1 msg, msg 1 took 366ms (seq=1170 running=133ms runnable=22ms io=161ms late=6ms h=android.os.Handler c=androidx.fragment.app.FragmentManager$5)
07-03 21:43:52.128  3855 20608 W MiuiPerfServiceClient: interceptAndQueuing:9874|com.BHG.gurbani|464|343|unknown|null|com.BHG.gurbani/com.BHG.gurbani.MainActivity|121374375437604|Slow main thread|2
07-03 21:43:55.131  1958  1981 W BaseMiuiPhoneWindowManager: keyCode:4 down:true eventTime:121378502 downTime:121378502policyFlags:2b000002 flags:48 deviceId:-1 isScreenOn:true keyguardActive:false repeatCount:0
07-03 21:43:55.197  1958  1981 W BaseMiuiPhoneWindowManager: keyCode:4 down:false eventTime:121378586 downTime:121378502 policyFlags:2b000002 flags:48 deviceId:-1 isScreenOn:true keyguardActive:false repeatCount:0
07-03 21:43:57.329  9874  9874 I Timeline: Timeline: Activity_launch_request time:121380718
07-03 21:43:57.330  1958  4415 I ActivityTaskManager: START u0 {cmp=com.BHG.gurbani/.UploadActivity} from uid 10776
07-03 21:43:57.344  9874  9874 W ActivityThread: SCHED: com.BHG.gurbani/.MainActivity [81, r=1524ms, a=335ms, w=27906ms]
07-03 21:43:57.346  1958  1981 I ActivityTaskManager: The Process com.BHG.gurbani Already Exists in BG. So sending its PID: 9874
07-03 21:43:57.354  1958  1981 I Timeline: Timeline: App_transition_ready time:121380743
07-03 21:43:57.402  1958  2646 E WindowManager: App trying to use insecure INPUT_FEATURE_NO_INPUT_CHANNEL flag. Ignoring
07-03 21:43:57.410  1958  4415 I Timeline: Timeline: App_transition_ready time:121380799
07-03 21:43:57.413  1958  4415 I Timeline: Timeline: App_transition_ready time:121380801
07-03 21:43:57.433  1958  1997 I Timeline: Timeline: App_transition_ready time:121380821
07-03 21:43:57.676  1958  1997 I Timeline: Timeline: Activity_windows_visible id: ActivityRecord{23a6f9a u0 com.BHG.gurbani/.UploadActivity t1689} time:121381065
07-03 21:43:57.679  1958  1997 I Timeline: Timeline: App_transition_stopped time:121381067
07-03 21:43:58.272  9874  9874 I Timeline: Timeline: Activity_launch_request time:121381661
07-03 21:43:58.274  1958  2646 I ActivityTaskManager: START u0 {act=android.intent.action.GET_CONTENT typ=image/* cmp=com.google.android.documentsui/com.android.documentsui.picker.PickActivity} from uid 10776
07-03 21:43:58.284  9874  9874 W ActivityThread: SCHED: com.BHG.gurbani/.UploadActivity [65, r=34ms, a=18ms, w=886ms]
07-03 21:43:58.285  1958  1981 I ActivityTaskManager: The Process com.google.android.documentsui Already Exists in BG. So sending its PID: 10035
07-03 21:43:58.290  1958  1981 I Timeline: Timeline: App_transition_ready time:121381678
07-03 21:43:58.339  1958  3901 E WindowManager: App trying to use insecure INPUT_FEATURE_NO_INPUT_CHANNEL flag. Ignoring
--------- beginning of main
07-03 21:43:58.374 10035 10035 D ForceDarkHelper: updateByCheckExcludeList: pkg: com.google.android.documentsui activity: com.android.documentsui.picker.PickActivity@577b79f
07-03 21:43:58.391 10035 10035 D ForceDarkHelper: updateByCheckExcludeList: pkg: com.google.android.documentsui activity: com.android.documentsui.picker.PickActivity@577b79f
07-03 21:43:58.394 10035 10035 D ForceDarkHelper: updateByCheckExcludeList: pkg: com.google.android.documentsui activity: com.android.documentsui.picker.PickActivity@577b79f
07-03 21:43:58.433  1958  1981 I Timeline: Timeline: App_transition_ready time:121381822
07-03 21:43:58.435  1958  1981 I Timeline: Timeline: App_transition_ready time:121381824
07-03 21:43:58.505  1958  1997 I Timeline: Timeline: App_transition_ready time:121381894
07-03 21:43:58.513 10035 10035 D ForceDarkHelper: updateByCheckExcludeList: pkg: com.google.android.documentsui activity: com.android.documentsui.picker.PickActivity@577b79f
07-03 21:43:58.529 10035 10035 D ForceDarkHelper: updateByCheckExcludeList: pkg: com.google.android.documentsui activity: com.android.documentsui.picker.PickActivity@577b79f
07-03 21:43:58.534 10035 10035 D ForceDarkHelper: updateByCheckExcludeList: pkg: com.google.android.documentsui activity: com.android.documentsui.picker.PickActivity@577b79f
07-03 21:43:58.539 28084 28084 I GoogleInputMethodService: GoogleInputMethodService.onFinishInput():1984
07-03 21:43:58.540 28084 28084 I Module  : DeviceLockedStatusModuleProvider$Module.updateDeviceLockedStatus():100 repeatCheckTimes = 0, locked = false
07-03 21:43:58.540 28084 28084 I GoogleInputMethodService: GoogleInputMethodService.onStartInput():1248 onStartInput(EditorInfo{EditorInfo{packageName=com.google.android.documentsui, inputType=0, inputTypeString=NULL, enableLearning=false,autoCorrection=false, autoComplete=false, imeOptions=0, privateImeOptions=null, actionName=UNSPECIFIED, actionLabel=null, initialSelStart=-1, initialSelEnd=-1, initialCapsMode=0, label=null, fieldId=-1, fieldName=null, extras=null, hintText=null, hintLocales=[]}}, false)
07-03 21:43:58.541 28084 28084 I Module  : DeviceLockedStatusModuleProvider$Module.updateDeviceLockedStatus():100 repeatCheckTimes = 1, locked = false
07-03 21:43:58.559 10035 10035 D ForceDarkHelper: updateByCheckExcludeList: pkg: com.google.android.documentsui activity: com.android.documentsui.picker.PickActivity@577b79f
07-03 21:43:58.638 10035 10035 D ForceDarkHelper: updateByCheckExcludeList: pkg: com.google.android.documentsui activity: com.android.documentsui.picker.PickActivity@577b79f
07-03 21:43:58.639  3633  3633 I CNSS    : Failed to send nl message
07-03 21:43:58.640  3633  3633 I chatty  : uid=1000(system) /system/vendor/bin/cnss_diag identical 1131 lines
07-03 21:43:58.640 10035 10035 D ForceDarkHelper: updateByCheckExcludeList: pkg: com.google.android.documentsui activity: com.android.documentsui.picker.PickActivity@577b79f
07-03 21:43:58.640 10035 10035 D ForceDarkHelper: updateByCheckExcludeList: pkg: com.google.android.documentsui activity: com.android.documentsui.picker.PickActivity@577b79f
07-03 21:43:58.646 10035 10035 D ForceDarkHelper: updateByCheckExcludeList: pkg: com.google.android.documentsui activity: com.android.documentsui.picker.PickActivity@577b79f
07-03 21:43:58.646 10035 10035 D ForceDarkHelper: updateByCheckExcludeList: pkg: com.google.android.documentsui activity: com.android.documentsui.picker.PickActivity@577b79f
07-03 21:43:58.646 10035 10035 D ForceDarkHelper: updateByCheckExcludeList: pkg: com.google.android.documentsui activity: com.android.documentsui.picker.PickActivity@577b79f
07-03 21:43:58.646 10035 10035 D ForceDarkHelper: updateByCheckExcludeList: pkg: com.google.android.documentsui activity: com.android.documentsui.picker.PickActivity@577b79f
07-03 21:43:58.647 10035 10035 D ForceDarkHelper: updateByCheckExcludeList: pkg: com.google.android.documentsui activity: com.android.documentsui.picker.PickActivity@577b79f
07-03 21:43:58.647 10035 10035 D ForceDarkHelper: updateByCheckExcludeList: pkg: com.google.android.documentsui activity: com.android.documentsui.picker.PickActivity@577b79f
07-03 21:43:58.647 10035 10035 D ForceDarkHelper: updateByCheckExcludeList: pkg: com.google.android.documentsui activity: com.android.documentsui.picker.PickActivity@577b79f
07-03 21:43:58.649 10035 10035 D ForceDarkHelper: updateByCheckExcludeList: pkg: com.google.android.documentsui activity: com.android.documentsui.picker.PickActivity@577b79f
07-03 21:43:58.656 10035 10035 D ForceDarkHelper: updateByCheckExcludeList: pkg: com.google.android.documentsui activity: com.android.documentsui.picker.PickActivity@577b79f
07-03 21:43:58.678 10035 10157 W DocumentsContract: Failed to load thumbnail for content://com.android.providers.media.documents/document/image%3A4766: java.io.IOException: android.os.OperationCanceledException: The operation has been canceled.
07-03 21:43:58.759  1958  1997 I Timeline: Timeline: Activity_windows_visible id: ActivityRecord{1c2fa u0 com.google.android.documentsui/com.android.documentsui.picker.PickActivity t1689} time:121382148
07-03 21:43:58.760  2181  2181 I chatty  : uid=1000(system) com.android.systemui expire 96 lines
07-03 21:43:58.762  1958  1997 I Timeline: Timeline: App_transition_stopped time:121382150
07-03 21:43:58.794 25359 25302 D PMonitor:  onForegroundActivitiesChanged:pid = 9874,activity-uid=10776,foregroundActivities=false
07-03 21:43:59.393 10035 10035 W ActivityThread: SCHED: com.google.android.documentsui/com.android.documentsui.picker.PickActivity [90, r=254ms, a=26ms, w=1057ms]
07-03 21:43:59.400  3583  3847 I ProcessMonitor: onForegroundInfoChanged: ForegroundInfo{mForegroundPackageName='com.BHG.gurbani', mForegroundUid=10776, mForegroundPid=9874, mLastForegroundPackageName='com.google.android.documentsui', mLastForegroundUid=10066, mLastForegroundPid=10035, mMultiWindowForegroundPackageName='null', mMultiWindowForegroundUid=-1, mFlags=0}
07-03 21:43:59.400  5413  8053 I chatty  : uid=1000(system) Binder:5413_7 expire 1 line
07-03 21:43:59.400  5428  6806 I GST     : forePkg: com.BHG.gurbani, preForePkg: com.google.android.documentsui
07-03 21:43:59.401  1958  4415 I Timeline: Timeline: App_transition_ready time:121382789
07-03 21:43:59.405 25359 25302 D PMonitor:  onForegroundActivitiesChanged:pid = 9874,activity-uid=10776,foregroundActivities=true
07-03 21:43:59.417  1958  3901 I Timeline: Timeline: App_transition_ready time:121382806
07-03 21:44:01.871  9874  9874 W Activity: Slow Operation: Activity com.BHG.gurbani/.UploadActivity onActivityResult took 2450ms
07-03 21:44:01.876  9874  9874 W Looper  : Slow Looper main: Long Msg: seq=1649 plan=21:43:59.400  late=20ms wall=2457ms running=2180ms runnable=6ms io=135ms h=android.app.ActivityThread$H w=159
07-03 21:44:01.883  1958  3901 I Timeline: Timeline: App_transition_ready time:121385271
07-03 21:44:01.887  9874  9964 I FA      : Application backgrounded at: timestamp_millis: 1751559238308
07-03 21:44:01.895  9874  9874 D AndroidRuntime: Shutting down VM
07-03 21:44:01.913  9874  9874 E AndroidRuntime: FATAL EXCEPTION: main
07-03 21:44:01.913  9874  9874 E AndroidRuntime: Process: com.BHG.gurbani, PID: 9874
07-03 21:44:01.913  9874  9874 E AndroidRuntime: java.lang.RuntimeException: Canvas: trying to draw too large(192000000bytes) bitmap.
07-03 21:44:01.913  9874  9874 E AndroidRuntime:        at android.graphics.RecordingCanvas.throwIfCannotDraw(RecordingCanvas.java:280)
07-03 21:44:01.913  9874  9874 E AndroidRuntime:        at android.graphics.BaseRecordingCanvas.drawBitmap(BaseRecordingCanvas.java:88)
07-03 21:44:01.913  9874  9874 E AndroidRuntime:        at android.graphics.drawable.BitmapDrawable.draw(BitmapDrawable.java:548)
07-03 21:44:01.913  9874  9874 E AndroidRuntime:        at android.widget.ImageView.onDraw(ImageView.java:1434)
07-03 21:44:01.913  9874  9874 E AndroidRuntime:        at android.view.View.draw(View.java:21551)
07-03 21:44:01.913  9874  9874 E AndroidRuntime:        at android.view.View.updateDisplayListIfDirty(View.java:20420)
07-03 21:44:01.913  9874  9874 E AndroidRuntime:        at android.view.View.draw(View.java:21280)
07-03 21:44:01.913  9874  9874 E AndroidRuntime:        at android.view.ViewGroup.drawChild(ViewGroup.java:4417)
07-03 21:44:01.913  9874  9874 E AndroidRuntime:        at android.view.ViewGroup.dispatchDraw(ViewGroup.java:4177)
07-03 21:44:01.913  9874  9874 E AndroidRuntime:        at android.view.View.draw(View.java:21554)
07-03 21:44:01.913  9874  9874 E AndroidRuntime:        at android.view.View.updateDisplayListIfDirty(View.java:20420)
07-03 21:44:01.913  9874  9874 E AndroidRuntime:        at android.view.View.draw(View.java:21280)
07-03 21:44:01.913  9874  9874 E AndroidRuntime:        at android.view.ViewGroup.drawChild(ViewGroup.java:4417)
07-03 21:44:01.913  9874  9874 E AndroidRuntime:        at android.view.ViewGroup.dispatchDraw(ViewGroup.java:4177)
07-03 21:44:01.913  9874  9874 E AndroidRuntime:        at android.view.View.updateDisplayListIfDirty(View.java:20411)
07-03 21:44:01.913  9874  9874 E AndroidRuntime:        at android.view.View.draw(View.java:21280)
07-03 21:44:01.913  9874  9874 E AndroidRuntime:        at android.view.ViewGroup.drawChild(ViewGroup.java:4417)
07-03 21:44:01.913  9874  9874 E AndroidRuntime:        at android.view.ViewGroup.dispatchDraw(ViewGroup.java:4177)
07-03 21:44:01.913  9874  9874 E AndroidRuntime:        at android.view.View.updateDisplayListIfDirty(View.java:20411)
07-03 21:44:01.913  9874  9874 E AndroidRuntime:        at android.view.View.draw(View.java:21280)
07-03 21:44:01.913  9874  9874 E AndroidRuntime:        at android.view.ViewGroup.drawChild(ViewGroup.java:4417)
07-03 21:44:01.913  9874  9874 E AndroidRuntime:        at android.view.ViewGroup.dispatchDraw(ViewGroup.java:4177)
07-03 21:44:01.913  9874  9874 E AndroidRuntime:        at android.view.View.updateDisplayListIfDirty(View.java:20411)
07-03 21:44:01.913  9874  9874 E AndroidRuntime:        at android.view.View.draw(View.java:21280)
07-03 21:44:01.913  9874  9874 E AndroidRuntime:        at android.view.ViewGroup.drawChild(ViewGroup.java:4417)
07-03 21:44:01.913  9874  9874 E AndroidRuntime:        at android.view.ViewGroup.dispatchDraw(ViewGroup.java:4177)
07-03 21:44:01.913  9874  9874 E AndroidRuntime:        at android.view.View.updateDisplayListIfDirty(View.java:20411)
07-03 21:44:01.913  9874  9874 E AndroidRuntime:        at android.view.View.draw(View.java:21280)
07-03 21:44:01.913  9874  9874 E AndroidRuntime:        at android.view.ViewGroup.drawChild(ViewGroup.java:4417)
07-03 21:44:01.913  9874  9874 E AndroidRuntime:        at android.view.ViewGroup.dispatchDraw(ViewGroup.java:4177)
07-03 21:44:01.913  9874  9874 E AndroidRuntime:        at android.view.View.draw(View.java:21554)
07-03 21:44:01.913  9874  9874 E AndroidRuntime:        at com.android.internal.policy.DecorView.draw(DecorView.java:842)
07-03 21:44:01.913  9874  9874 E AndroidRuntime:        at android.view.View.updateDisplayListIfDirty(View.java:20420)
07-03 21:44:01.913  9874  9874 E AndroidRuntime:        at android.view.ThreadedRenderer.updateViewTreeDisplayList(ThreadedRenderer.java:575)
07-03 21:44:01.913  9874  9874 E AndroidRuntime:        at android.view.ThreadedRenderer.updateRootDisplayList(ThreadedRenderer.java:581)
07-03 21:44:01.913  9874  9874 E AndroidRuntime:        at android.view.ThreadedRenderer.draw(ThreadedRenderer.java:654)
07-03 21:44:01.913  9874  9874 E AndroidRuntime:        at android.view.ViewRootImpl.draw(ViewRootImpl.java:3715)
07-03 21:44:01.913  9874  9874 E AndroidRuntime:        at android.view.ViewRootImpl.performDraw(ViewRootImpl.java:3510)
07-03 21:44:01.913  9874  9874 E AndroidRuntime:        at android.view.ViewRootImpl.performTraversals(ViewRootImpl.java:2847)
07-03 21:44:01.913  9874  9874 E AndroidRuntime:        at android.view.ViewRootImpl.doTraversal(ViewRootImpl.java:1800)
07-03 21:44:01.913  9874  9874 E AndroidRuntime:        at android.view.ViewRootImpl$TraversalRunnable.run(ViewRootImpl.java:7762)
07-03 21:44:01.913  9874  9874 E AndroidRuntime:        at android.view.Choreographer$CallbackRecord.run(Choreographer.java:1031)
07-03 21:44:01.913  9874  9874 E AndroidRuntime:        at android.view.Choreographer.doCallbacks(Choreographer.java:854)
07-03 21:44:01.913  9874  9874 E AndroidRuntime:        at android.view.Choreographer.doFrame(Choreographer.java:789)
07-03 21:44:01.913  9874  9874 E AndroidRuntime:        at android.view.Choreographer$FrameDisplayEventReceiver.run(Choreographer.java:1016)
07-03 21:44:01.913  9874  9874 E AndroidRuntime:        at android.os.Handler.handleCallback(Handler.java:883)
07-03 21:44:01.913  9874  9874 E AndroidRuntime:        at android.os.Handler.dispatchMessage(Handler.java:100)
07-03 21:44:01.913  9874  9874 E AndroidRuntime:        at android.os.Looper.loop(Looper.java:224)
07-03 21:44:01.913  9874  9874 E AndroidRuntime:        at android.app.ActivityThread.main(ActivityThread.java:7592)
07-03 21:44:01.913  9874  9874 E AndroidRuntime:        at java.lang.reflect.Method.invoke(Native Method)
07-03 21:44:01.913  9874  9874 E AndroidRuntime:        at com.android.internal.os.RuntimeInit$MethodAndArgsCaller.run(RuntimeInit.java:539)
07-03 21:44:01.913  9874  9874 E AndroidRuntime:        at com.android.internal.os.ZygoteInit.main(ZygoteInit.java:950)
07-03 21:44:01.936  1958 10487 I DropBoxManagerService: add tag=data_app_crash isTagEnabled=true flags=0x2
07-03 21:44:01.946  1958  3901 W ActivityTaskManager:   Force finishing activity com.BHG.gurbani/.UploadActivity
07-03 21:44:01.946  1958  3901 I chatty  : uid=1000(system) Binder:1958_F expire 7 lines
07-03 21:44:01.972  9874  9874 I Process : Sending signal. PID: 9874 SIG: 9
07-03 21:44:01.991  1958  2010 W BroadcastQueue: Background execution not allowed: receiving Intent { act=android.intent.action.DROPBOX_ENTRY_ADDED flg=0x10 (has extras) } to com.google.android.gms/.stats.service.DropBoxEntryAddedReceiver
07-03 21:44:02.080  1958  3901 I ActivityManager: Process com.google.android.webview:sandboxed_process0:org.chromium.content.app.SandboxedProcessService0:0 (pid 10332) has died: fore BTOP
07-03 21:44:02.081 18010 18010 I Zygote  : Process 10332 exited cleanly (0)
07-03 21:44:02.081  1958  3901 I AutoStartManagerService: MIUILOG- Reject RestartService packageName :com.BHG.gurbani uid : 10776
07-03 21:44:02.085  1958  2104 I chatty  : uid=1000(system) MiuiNetworkPoli expire 34 lines
