07-03 21:11:39.167  1958  2010 W BroadcastQueue: Background execution not allowed: receiving Intent { act=android.intent.action.PACKAGE_REPLACED dat=package:com.BHG.gurbani flg=0x4000010 (has extras) } to com.google.android.apps.photos/.account.full.FetchAccountPropertiesAppUpgradeBroadcastReceiver
07-03 21:11:39.168  1958  2010 W BroadcastQueue: Background execution not allowed: receiving Intent { act=android.intent.action.PACKAGE_REPLACED dat=package:com.BHG.gurbani flg=0x4000010 (has extras) } to com.google.android.apps.photos/.account.full.SyncAccountsForLoginBroadcastReceiver
07-03 21:11:39.168  1958  2010 W BroadcastQueue: Background execution not allowed: receiving Intent { act=android.intent.action.PACKAGE_REPLACED dat=package:com.BHG.gurbani flg=0x4000010 (has extras) } to com.google.android.apps.photos/.notificationchannels.AppUpdateBroadcastReceiver
07-03 21:11:39.168  1958  2010 W BroadcastQueue: Background execution not allowed: receiving Intent { act=android.intent.action.PACKAGE_REPLACED dat=package:com.BHG.gurbani flg=0x4000010 (has extras) } to com.jio.myjio/com.inn.passivesdk.receiver.PackageReceiver
07-03 21:11:39.484 31890 32006 W BpBinder: Slow Binder: BpBinder transact took 1640ms, interface=android.content.IContentProvider, code=1 oneway=false
07-03 21:11:39.560  1958  2011 I ActivityManager: Start proc 32637:com.google.android.webview:webview_service/u0a192 for service {com.google.android.webview/org.chromium.android_webview.services.ComponentsProviderService} caller=com.miui.global.packageinstaller
07-03 21:11:39.756  1958  3417 W ActivityManager: Receiver with filter android.content.IntentFilter@aa94093 already registered for pid 32018, callerPackage is com.miui.msa.global
07-03 21:11:39.758  1958  3417 W ActivityManager: Receiver with filter android.content.IntentFilter@3e1c3ce already registered for pid 32018, callerPackage is com.miui.msa.global
07-03 21:11:39.778 31890 31890 W Looper  : Slow Looper main: Long Msg: seq=24 plan=21:11:37.695  late=0ms wall=2082ms running=464ms runnable=189ms io=1182ms h=com.google.android.gms.ads.internal.util.f c=com.google.android.gms.ads.internal.js.r
07-03 21:11:40.120  1958  2011 I ActivityManager: Start proc 489:com.android.chrome/u0a193 for service {com.android.chrome/org.chromium.chrome.browser.customtabs.CustomTabsConnectionService} caller=com.miui.global.packageinstaller
07-03 21:11:40.878 32191 32191 I Timeline: Timeline: Activity_launch_request time:120623124
07-03 21:11:40.879  1958  3417 I ActivityTaskManager: START u0 {cmp=com.BHG.gurbani/.AuthActivity} from uid 10776
07-03 21:11:40.897 32191 32191 W ActivityThread: SCHED: com.BHG.gurbani/.SplashActivity [38, r=36ms, a=58ms, w=3019ms]
07-03 21:11:40.900  1958  2202 I ActivityTaskManager: The Process com.BHG.gurbani Already Exists in BG. So sending its PID: 32191
07-03 21:11:40.905  1958  2202 I Timeline: Timeline: App_transition_ready time:120623151
07-03 21:11:41.089 32191 32191 I Timeline: Timeline: Activity_launch_request time:120623335
07-03 21:11:41.089  1958  4522 I ActivityTaskManager: START u0 {cmp=com.BHG.gurbani/.MainActivity} from uid 10776
07-03 21:11:41.102  1958  2202 I ActivityTaskManager: The Process com.BHG.gurbani Already Exists in BG. So sending its PID: 32191
07-03 21:11:41.105  1958  2202 I Timeline: Timeline: App_transition_ready time:120623351
07-03 21:11:41.107  1958  1997 I Timeline: Timeline: App_transition_ready time:120623353
07-03 21:11:41.277  1958  3417 E WindowManager: App trying to use insecure INPUT_FEATURE_NO_INPUT_CHANNEL flag. Ignoring
07-03 21:11:41.319  1958  3417 I Timeline: Timeline: App_transition_ready time:120623565
07-03 21:11:41.322  1958  3417 I Timeline: Timeline: App_transition_ready time:120623568
07-03 21:11:41.446  1958  1997 I Timeline: Timeline: App_transition_ready time:120623692
07-03 21:11:41.703  1958  1997 I Timeline: Timeline: Activity_windows_visible id: ActivityRecord{f6e15c1 u0 com.BHG.gurbani/.MainActivity t1684} time:120623948
07-03 21:11:41.708  1958  1997 I Timeline: Timeline: App_transition_stopped time:120623953
07-03 21:11:42.536  3855 20608 W MiuiPerfServiceClient: interceptAndQueuing:32191|com.BHG.gurbani|219|197|unknown|null|com.BHG.gurbani/com.BHG.gurbani.MainActivity|120624564192681|Slow handle traversal|3
07-03 21:11:44.496 32191 32191 I Timeline: Timeline: Activity_launch_request time:120626742
07-03 21:11:44.497  1958  5255 I ActivityTaskManager: START u0 {cmp=com.BHG.gurbani/.UploadActivity} from uid 10776
07-03 21:11:44.512 32191 32191 W ActivityThread: SCHED: com.BHG.gurbani/.MainActivity [78, r=283ms, a=76ms, w=3245ms]
07-03 21:11:44.514  1958  5255 I ActivityTaskManager: The Process com.BHG.gurbani Already Exists in BG. So sending its PID: 32191
07-03 21:11:44.518  1958  5255 I Timeline: Timeline: App_transition_ready time:120626763
07-03 21:11:44.579  1958  4522 E WindowManager: App trying to use insecure INPUT_FEATURE_NO_INPUT_CHANNEL flag. Ignoring
07-03 21:11:44.591  1958  3417 I Timeline: Timeline: App_transition_ready time:120626837
07-03 21:11:44.593  1958  3417 I Timeline: Timeline: App_transition_ready time:120626838
07-03 21:11:44.645  1958  1997 I Timeline: Timeline: App_transition_ready time:120626890
07-03 21:11:44.901  1958  1997 I Timeline: Timeline: Activity_windows_visible id: ActivityRecord{82b1438 u0 com.BHG.gurbani/.UploadActivity t1684} time:120627147
07-03 21:11:44.903  1958  1997 I Timeline: Timeline: App_transition_stopped time:120627149
07-03 21:11:45.483 32191 32191 I Timeline: Timeline: Activity_launch_request time:120627728
07-03 21:11:45.484  1958  4526 I ActivityTaskManager: START u0 {act=android.intent.action.GET_CONTENT typ=image/* cmp=com.google.android.documentsui/com.android.documentsui.picker.PickActivity} from uid 10776
07-03 21:11:45.495 32191 32191 W ActivityThread: SCHED: com.BHG.gurbani/.UploadActivity [77, r=37ms, a=11ms, w=919ms]
07-03 21:11:45.554  1958  2011 I ActivityManager: Start proc 1106:com.google.android.documentsui/u0a66 for activity {com.google.android.documentsui/com.android.documentsui.picker.PickActivity} caller=com.BHG.gurbani
07-03 21:11:45.580  1958  1997 I Timeline: Timeline: App_transition_ready time:120627826
07-03 21:11:45.791  1958  5255 E WindowManager: App trying to use insecure INPUT_FEATURE_NO_INPUT_CHANNEL flag. Ignoring
07-03 21:11:45.821  1958  1997 I Timeline: Timeline: App_transition_stopped time:120628067
07-03 21:11:45.979  1958  1997 I Timeline: Timeline: Activity_windows_visible id: ActivityRecord{9140875 u0 com.google.android.documentsui/com.android.documentsui.picker.PickActivity t1684} time:120628225
07-03 21:11:46.799  1106  1106 W ActivityThread: SCHED: com.google.android.documentsui/com.android.documentsui.picker.PickActivity [88, r=304ms, a=39ms, w=1017ms]
07-03 21:11:46.811  1958  4526 I Timeline: Timeline: App_transition_ready time:120629057
07-03 21:11:46.815  1958  3851 I Timeline: Timeline: App_transition_ready time:120629061
07-03 21:11:47.193  1958  4526 I Timeline: Timeline: App_transition_ready time:120629439
07-03 21:11:49.445 32191 32191 W Activity: Slow Operation: Activity com.BHG.gurbani/.UploadActivity onActivityResult took 2629ms
07-03 21:11:49.448 32191 32191 W Looper  : Slow Looper main: Long Msg: seq=276 plan=21:11:46.803  late=13ms wall=2632msrunning=2344ms runnable=7ms io=132ms h=android.app.ActivityThread$H w=159
07-03 21:11:49.455  1958  3851 I Timeline: Timeline: App_transition_ready time:120631701
07-03 21:11:49.509 32191 32191 E AndroidRuntime: FATAL EXCEPTION: main
07-03 21:11:49.509 32191 32191 E AndroidRuntime: Process: com.BHG.gurbani, PID: 32191
07-03 21:11:49.509 32191 32191 E AndroidRuntime: java.lang.RuntimeException: Canvas: trying to draw too large(192000000bytes) bitmap.
07-03 21:11:49.509 32191 32191 E AndroidRuntime:        at android.graphics.RecordingCanvas.throwIfCannotDraw(RecordingCanvas.java:280)
07-03 21:11:49.509 32191 32191 E AndroidRuntime:        at android.graphics.BaseRecordingCanvas.drawBitmap(BaseRecordingCanvas.java:88)
07-03 21:11:49.509 32191 32191 E AndroidRuntime:        at android.graphics.drawable.BitmapDrawable.draw(BitmapDrawable.java:548)
07-03 21:11:49.509 32191 32191 E AndroidRuntime:        at android.widget.ImageView.onDraw(ImageView.java:1434)
07-03 21:11:49.509 32191 32191 E AndroidRuntime:        at android.view.View.draw(View.java:21551)
07-03 21:11:49.509 32191 32191 E AndroidRuntime:        at android.view.View.updateDisplayListIfDirty(View.java:20420)
07-03 21:11:49.509 32191 32191 E AndroidRuntime:        at android.view.View.draw(View.java:21280)
07-03 21:11:49.509 32191 32191 E AndroidRuntime:        at android.view.ViewGroup.drawChild(ViewGroup.java:4417)
07-03 21:11:49.509 32191 32191 E AndroidRuntime:        at android.view.ViewGroup.dispatchDraw(ViewGroup.java:4177)
07-03 21:11:49.509 32191 32191 E AndroidRuntime:        at android.view.View.draw(View.java:21554)
07-03 21:11:49.509 32191 32191 E AndroidRuntime:        at android.view.View.updateDisplayListIfDirty(View.java:20420)
07-03 21:11:49.509 32191 32191 E AndroidRuntime:        at android.view.View.draw(View.java:21280)
07-03 21:11:49.509 32191 32191 E AndroidRuntime:        at android.view.ViewGroup.drawChild(ViewGroup.java:4417)
07-03 21:11:49.509 32191 32191 E AndroidRuntime:        at android.view.ViewGroup.dispatchDraw(ViewGroup.java:4177)
07-03 21:11:49.509 32191 32191 E AndroidRuntime:        at android.view.View.updateDisplayListIfDirty(View.java:20411)
07-03 21:11:49.509 32191 32191 E AndroidRuntime:        at android.view.View.draw(View.java:21280)
07-03 21:11:49.509 32191 32191 E AndroidRuntime:        at android.view.ViewGroup.drawChild(ViewGroup.java:4417)
07-03 21:11:49.509 32191 32191 E AndroidRuntime:        at android.view.ViewGroup.dispatchDraw(ViewGroup.java:4177)
07-03 21:11:49.509 32191 32191 E AndroidRuntime:        at android.view.View.updateDisplayListIfDirty(View.java:20411)
07-03 21:11:49.509 32191 32191 E AndroidRuntime:        at android.view.View.draw(View.java:21280)
07-03 21:11:49.509 32191 32191 E AndroidRuntime:        at android.view.ViewGroup.drawChild(ViewGroup.java:4417)
07-03 21:11:49.509 32191 32191 E AndroidRuntime:        at android.view.ViewGroup.dispatchDraw(ViewGroup.java:4177)
07-03 21:11:49.509 32191 32191 E AndroidRuntime:        at android.view.View.updateDisplayListIfDirty(View.java:20411)
07-03 21:11:49.509 32191 32191 E AndroidRuntime:        at android.view.View.draw(View.java:21280)
07-03 21:11:49.509 32191 32191 E AndroidRuntime:        at android.view.ViewGroup.drawChild(ViewGroup.java:4417)
07-03 21:11:49.509 32191 32191 E AndroidRuntime:        at android.view.ViewGroup.dispatchDraw(ViewGroup.java:4177)
07-03 21:11:49.509 32191 32191 E AndroidRuntime:        at android.view.View.updateDisplayListIfDirty(View.java:20411)
07-03 21:11:49.509 32191 32191 E AndroidRuntime:        at android.view.View.draw(View.java:21280)
07-03 21:11:49.509 32191 32191 E AndroidRuntime:        at android.view.ViewGroup.drawChild(ViewGroup.java:4417)
07-03 21:11:49.509 32191 32191 E AndroidRuntime:        at android.view.ViewGroup.dispatchDraw(ViewGroup.java:4177)
07-03 21:11:49.509 32191 32191 E AndroidRuntime:        at android.view.View.draw(View.java:21554)
07-03 21:11:49.509 32191 32191 E AndroidRuntime:        at com.android.internal.policy.DecorView.draw(DecorView.java:842)
07-03 21:11:49.509 32191 32191 E AndroidRuntime:        at android.view.View.updateDisplayListIfDirty(View.java:20420)
07-03 21:11:49.509 32191 32191 E AndroidRuntime:        at android.view.ThreadedRenderer.updateViewTreeDisplayList(ThreadedRenderer.java:575)
07-03 21:11:49.509 32191 32191 E AndroidRuntime:        at android.view.ThreadedRenderer.updateRootDisplayList(ThreadedRenderer.java:581)
07-03 21:11:49.509 32191 32191 E AndroidRuntime:        at android.view.ThreadedRenderer.draw(ThreadedRenderer.java:654)
07-03 21:11:49.509 32191 32191 E AndroidRuntime:        at android.view.ViewRootImpl.draw(ViewRootImpl.java:3715)
07-03 21:11:49.509 32191 32191 E AndroidRuntime:        at android.view.ViewRootImpl.performDraw(ViewRootImpl.java:3510)
07-03 21:11:49.509 32191 32191 E AndroidRuntime:        at android.view.ViewRootImpl.performTraversals(ViewRootImpl.java:2847)
07-03 21:11:49.509 32191 32191 E AndroidRuntime:        at android.view.ViewRootImpl.doTraversal(ViewRootImpl.java:1800)
07-03 21:11:49.509 32191 32191 E AndroidRuntime:        at android.view.ViewRootImpl$TraversalRunnable.run(ViewRootImpl.java:7762)
07-03 21:11:49.509 32191 32191 E AndroidRuntime:        at android.view.Choreographer$CallbackRecord.run(Choreographer.java:1031)
07-03 21:11:49.509 32191 32191 E AndroidRuntime:        at android.view.Choreographer.doCallbacks(Choreographer.java:854)
07-03 21:11:49.509 32191 32191 E AndroidRuntime:        at android.view.Choreographer.doFrame(Choreographer.java:789)
07-03 21:11:49.509 32191 32191 E AndroidRuntime:        at android.view.Choreographer$FrameDisplayEventReceiver.run(Choreographer.java:1016)
07-03 21:11:49.509 32191 32191 E AndroidRuntime:        at android.os.Handler.handleCallback(Handler.java:883)
07-03 21:11:49.509 32191 32191 E AndroidRuntime:        at android.os.Handler.dispatchMessage(Handler.java:100)
07-03 21:11:49.509 32191 32191 E AndroidRuntime:        at android.os.Looper.loop(Looper.java:224)
07-03 21:11:49.509 32191 32191 E AndroidRuntime:        at android.app.ActivityThread.main(ActivityThread.java:7592)
07-03 21:11:49.509 32191 32191 E AndroidRuntime:        at java.lang.reflect.Method.invoke(Native Method)
07-03 21:11:49.509 32191 32191 E AndroidRuntime:        at com.android.internal.os.RuntimeInit$MethodAndArgsCaller.run(RuntimeInit.java:539)
07-03 21:11:49.509 32191 32191 E AndroidRuntime:        at com.android.internal.os.ZygoteInit.main(ZygoteInit.java:950)
07-03 21:11:49.548  1958  1368 I DropBoxManagerService: add tag=data_app_crash isTagEnabled=true flags=0x2
07-03 21:11:49.553  1958  3851 W ActivityTaskManager:   Force finishing activity com.BHG.gurbani/.UploadActivity
07-03 21:11:49.573  1958  2010 W BroadcastQueue: Background execution not allowed: receiving Intent { act=android.intent.action.DROPBOX_ENTRY_ADDED flg=0x10 (has extras) } to com.google.android.gms/.stats.service.DropBoxEntryAddedReceiver
07-03 21:11:49.628  1958  3853 I WindowManager: WIN DEATH: Window{f74d94e u0 com.BHG.gurbani/com.BHG.gurbani.UploadActivity}
07-03 21:11:49.629  1958  2066 I ActivityManager: Process com.BHG.gurbani (pid 32191) has died: fore TOP
07-03 21:11:49.633  1958  2351 I WindowManager: WIN DEATH: Window{44e7d97 u0 com.BHG.gurbani/com.BHG.gurbani.MainActivity}
07-03 21:11:49.652  1958  1996 W ActivityManager: setHasOverlayUi called on unknown pid: 32191
07-03 21:11:49.700  1958  2011 I ActivityManager: Start proc 1375:com.BHG.gurbani/u0a776 for activity {com.BHG.gurbani/com.BHG.gurbani.MainActivity} caller=com.BHG.gurbani
07-03 21:11:49.717  1958  1997 I Timeline: Timeline: App_transition_ready time:120631963
07-03 21:11:49.717  1958  1997 I Timeline: Timeline: App_transition_stopped time:120631963
07-03 21:11:50.057  1958  1996 W ActivityTaskManager: Activity top resumed state loss timeout for ActivityRecord{82b1438 u0 com.BHG.gurbani/.UploadActivity t-1 f}
07-03 21:11:50.085  1958  2351 E WindowManager: App trying to use insecure INPUT_FEATURE_NO_INPUT_CHANNEL flag. Ignoring
07-03 21:11:50.147  1958  1997 I Timeline: Timeline: Activity_windows_visible id: ActivityRecord{f6e15c1 u0 com.BHG.gurbani/.MainActivity t1684} time:120632393
07-03 21:11:50.742  1375  1375 I Timeline: Timeline: Activity_launch_request time:120632988
07-03 21:11:50.743  1958  2066 I ActivityTaskManager: START u0 {cmp=com.BHG.gurbani/.UploadActivity} from uid 10776
07-03 21:11:50.758  1375  1375 W ActivityThread: SCHED: com.BHG.gurbani/.MainActivity [80, r=68ms, a=17ms, w=683ms]
07-03 21:11:50.761  1958  2351 I ActivityTaskManager: The Process com.BHG.gurbani Already Exists in BG. So sending its PID: 1375
07-03 21:11:50.764  1958  2351 I Timeline: Timeline: App_transition_ready time:120633010
07-03 21:11:50.798  1958  2351 E WindowManager: App trying to use insecure INPUT_FEATURE_NO_INPUT_CHANNEL flag. Ignoring
07-03 21:11:50.810  1958  2066 I Timeline: Timeline: App_transition_ready time:120633056
07-03 21:11:50.811  1958  2066 I Timeline: Timeline: App_transition_ready time:120633057
07-03 21:11:50.835  1958  1997 I Timeline: Timeline: App_transition_ready time:120633081
07-03 21:11:51.103  1958  1997 I Timeline: Timeline: Activity_windows_visible id: ActivityRecord{950c0e0 u0 com.BHG.gurbani/.UploadActivity t1684} time:120633349
07-03 21:11:51.106  1958  1997 I Timeline: Timeline: App_transition_stopped time:120633351
07-03 21:11:51.675  1375  1375 I Timeline: Timeline: Activity_launch_request time:120633920
07-03 21:11:51.676  1958  2066 I ActivityTaskManager: START u0 {act=android.intent.action.GET_CONTENT typ=image/* cmp=com.google.android.documentsui/com.android.documentsui.picker.PickActivity} from uid 10776
07-03 21:11:51.688  1375  1375 W ActivityThread: SCHED: com.BHG.gurbani/.UploadActivity [75, r=39ms, a=13ms, w=893ms]
07-03 21:11:51.690  1958  2351 I ActivityTaskManager: The Process com.google.android.documentsui Already Exists in BG. So sending its PID: 1106
07-03 21:11:51.697  1958  2351 I Timeline: Timeline: App_transition_ready time:120633943
07-03 21:11:51.753  1958  2066 E WindowManager: App trying to use insecure INPUT_FEATURE_NO_INPUT_CHANNEL flag. Ignoring
07-03 21:11:51.798  1958  2066 I Timeline: Timeline: App_transition_ready time:120634043
07-03 21:11:51.799  1958  2066 I Timeline: Timeline: App_transition_ready time:120634045
07-03 21:11:51.889  1958  1997 I Timeline: Timeline: App_transition_ready time:120634135
07-03 21:11:52.137  1958  1997 I Timeline: Timeline: Activity_windows_visible id: ActivityRecord{52a6327 u0 com.google.android.documentsui/com.android.documentsui.picker.PickActivity t1684} time:120634382
07-03 21:11:52.139  1958  1997 I Timeline: Timeline: App_transition_stopped time:120634384
07-03 21:11:53.649  1106  1106 W ActivityThread: SCHED: com.google.android.documentsui/com.android.documentsui.picker.PickActivity [84, r=235ms, a=44ms, w=1900ms]
07-03 21:11:53.655  1958  4807 I Timeline: Timeline: App_transition_ready time:120635901
07-03 21:11:53.666  1958  3906 I Timeline: Timeline: App_transition_ready time:120635911
07-03 21:11:53.741  1958  5269 I Timeline: Timeline: App_transition_ready time:120635987
07-03 21:11:53.816  1958  1997 I Timeline: Timeline: App_transition_ready time:120636062
07-03 21:11:54.071  1958  1997 I Timeline: Timeline: Activity_windows_visible id: ActivityRecord{950c0e0 u0 com.BHG.gurbani/.UploadActivity t1684} time:120636317
07-03 21:11:54.074  1958  1997 I Timeline: Timeline: App_transition_stopped time:120636319
07-03 21:11:55.406  1958  2202 I WindowManager: input method visible height changed 786
07-03 21:12:01.955  1958  2202 E WindowManager: App trying to use insecure INPUT_FEATURE_NO_INPUT_CHANNEL flag. Ignoring
07-03 21:12:01.958  1375  1375 W ActivityThread: SCHED: com.BHG.gurbani/.UploadActivity [85, r=238ms, a=40ms, w=8226ms]
07-03 21:12:01.962  1958  4807 I Timeline: Timeline: App_transition_ready time:120644208
07-03 21:12:01.968  1958  4807 I Timeline: Timeline: App_transition_ready time:120644214
07-03 21:12:01.970  1958  4807 I Timeline: Timeline: App_transition_ready time:120644215
07-03 21:12:01.982  1958  1997 I Timeline: Timeline: App_transition_ready time:120644228
07-03 21:12:01.994  1958  4807 I Timeline: Timeline: App_transition_ready time:120644240
07-03 21:12:02.031  1958  1997 I Timeline: Timeline: App_transition_ready time:120644277
07-03 21:12:02.038  1958  5269 W BaseMiuiPhoneWindowManager: keyCode:4 down:true eventTime:120644281 downTime:120644281policyFlags:2b000002 flags:48 deviceId:-1 isScreenOn:true keyguardActive:false repeatCount:0
07-03 21:12:02.064  1958  5269 I WindowManager: input method visible height changed 0
07-03 21:12:02.081  1958  2089 W WindowManager: Failed looking up window callers=com.android.server.wm.InputManagerCallback.interceptKeyBeforeDispatching:191 com.android.server.input.InputManagerService.interceptKeyBeforeDispatching:1920 <bottom of call stack>
07-03 21:12:02.143  1958  5255 W BaseMiuiPhoneWindowManager: keyCode:4 down:false eventTime:120644389 downTime:120644281 policyFlags:2b000002 flags:48 deviceId:-1 isScreenOn:true keyguardActive:false repeatCount:0
07-03 21:12:02.293  1958  1997 I Timeline: Timeline: Activity_windows_visible id: ActivityRecord{f6e15c1 u0 com.BHG.gurbani/.MainActivity t1684} time:120644539
07-03 21:12:02.300  1958  1997 I Timeline: Timeline: App_transition_stopped time:120644546
07-03 21:12:03.972  1958  2066 W NotificationService: Toast already killed. pkg=com.BHG.gurbani callback=android.app.ITransientNotification$Stub$Proxy@ddc02df
07-03 21:12:05.457  1958  1996 W WindowManager: Unable to start animation, surface is null or no children.
07-03 21:12:07.263  1958  2011 I ActivityManager: Start proc 1671:com.qti.diagservices/1000 for service {com.qti.diagservices/com.qti.diagservices.QTIDiagServices} caller=com.qti.diagservices
07-03 21:12:10.200 29274 29274 E ActivityThread: Service com.google.android.gms.chimera.GmsApiService has leaked ServiceConnection bofe@bd17935 that was originally bound here
07-03 21:12:10.200 29274 29274 E ActivityThread: android.app.ServiceConnectionLeaked: Service com.google.android.gms.chimera.GmsApiService has leaked ServiceConnection bofe@bd17935 that was originally bound here
07-03 21:12:10.200 29274 29274 E ActivityThread:        at android.app.LoadedApk$ServiceDispatcher.<init>(LoadedApk.java:1815)
07-03 21:12:10.200 29274 29274 E ActivityThread:        at android.app.LoadedApk.getServiceDispatcherCommon(LoadedApk.java:1687)
07-03 21:12:10.200 29274 29274 E ActivityThread:        at android.app.LoadedApk.getServiceDispatcher(LoadedApk.java:1666)
07-03 21:12:10.200 29274 29274 E ActivityThread:        at android.app.ContextImpl.bindServiceCommon(ContextImpl.java:1731)
07-03 21:12:10.200 29274 29274 E ActivityThread:        at android.app.ContextImpl.bindService(ContextImpl.java:1660)
07-03 21:12:10.200 29274 29274 E ActivityThread:        at android.content.ContextWrapper.bindService(ContextWrapper.java:715)
07-03 21:12:10.200 29274 29274 E ActivityThread:        at android.content.ContextWrapper.bindService(ContextWrapper.java:715)
07-03 21:12:10.200 29274 29274 E ActivityThread:        at android.content.ContextWrapper.bindService(ContextWrapper.java:715)
07-03 21:12:10.200 29274 29274 E ActivityThread:        at boej.bindService(:com.google.android.gms@252431013@25.24.31 (100400-772615181):10)
07-03 21:12:10.200 29274 29274 E ActivityThread:        at android.content.ContextWrapper.bindService(ContextWrapper.java:715)
07-03 21:12:10.200 29274 29274 E ActivityThread:        at android.content.ContextWrapper.bindService(ContextWrapper.java:715)
07-03 21:12:10.200 29274 29274 E ActivityThread:        at android.content.ContextWrapper.bindService(ContextWrapper.java:715)
07-03 21:12:10.200 29274 29274 E ActivityThread:        at android.content.ContextWrapper.bindService(ContextWrapper.java:715)
07-03 21:12:10.200 29274 29274 E ActivityThread:        at ayei.i(:com.google.android.gms@252431013@25.24.31 (100400-772615181):17)
07-03 21:12:10.200 29274 29274 E ActivityThread:        at ayei.f(:com.google.android.gms@252431013@25.24.31 (100400-772615181):97)
07-03 21:12:10.200 29274 29274 E ActivityThread:        at ayei.e(:com.google.android.gms@252431013@25.24.31 (100400-772615181):8)
07-03 21:12:10.200 29274 29274 E ActivityThread:        at zqs.a(:com.google.android.gms@252431013@25.24.31 (100400-772615181):47)
07-03 21:12:10.200 29274 29274 E ActivityThread:        at iqu.a(:com.google.android.gms@252431013@25.24.31 (100400-772615181):19)
07-03 21:12:10.200 29274 29274 E ActivityThread:        at zqx.<init>(:com.google.android.gms@252431013@25.24.31 (100400-772615181):11)
07-03 21:12:10.200 29274 29274 E ActivityThread:        at zrx.call(:com.google.android.gms@252431013@25.24.31 (100400-772615181):18)
07-03 21:12:10.200 29274 29274 E ActivityThread:        at java.util.concurrent.FutureTask.run(FutureTask.java:266)
07-03 21:12:10.200 29274 29274 E ActivityThread:        at ayhu.c(:com.google.android.gms@252431013@25.24.31 (100400-772615181):50)
07-03 21:12:10.200 29274 29274 E ActivityThread:        at ayhu.run(:com.google.android.gms@252431013@25.24.31 (100400-772615181):70)
07-03 21:12:10.200 29274 29274 E ActivityThread:        at java.util.concurrent.ThreadPoolExecutor.runWorker(ThreadPoolExecutor.java:1167)
07-03 21:12:10.200 29274 29274 E ActivityThread:        at java.util.concurrent.ThreadPoolExecutor$Worker.run(ThreadPoolExecutor.java:641)
07-03 21:12:10.200 29274 29274 E ActivityThread:        at aynj.run(:com.google.android.gms@252431013@25.24.31 (100400-772615181):8)
07-03 21:12:10.200 29274 29274 E ActivityThread:        at java.lang.Thread.run(Thread.java:919)
07-03 21:12:14.952  1958  1958 W WindowManager: removeWindowToken: Attempted to remove non-existing token: android.os.Binder@fa12b19
07-03 21:12:17.209  1958  2011 I ActivityManager: Start proc 1766:android.process.mediaUI/u0a69 for service {com.android.providers.downloads.ui/com.android.providers.downloads.ui.service.CoreJobService} caller=android
07-03 21:12:17.284  1766  1766 E LoadedApk: Unable to instantiate appComponentFactory
07-03 21:12:17.284  1766  1766 E LoadedApk: java.lang.ClassNotFoundException: Didn't find class "androidx.core.app.CoreComponentFactory" on path: DexPathList[[zip file "/system/priv-app/DownloadProviderUi/DownloadProviderUi.apk"],nativeLibraryDirectories=[/system/priv-app/DownloadProviderUi/lib/arm64, /system/lib64, /system/product/lib64, /system/lib64, /system/product/lib64]]
07-03 21:12:17.284  1766  1766 E LoadedApk:     at dalvik.system.BaseDexClassLoader.findClass(BaseDexClassLoader.java:230)
07-03 21:12:17.284  1766  1766 E LoadedApk:     at java.lang.ClassLoader.loadClass(ClassLoader.java:379)
07-03 21:12:17.284  1766  1766 E LoadedApk:     at java.lang.ClassLoader.loadClass(ClassLoader.java:312)
07-03 21:12:17.284  1766  1766 E LoadedApk:     at android.app.LoadedApk.createAppFactory(LoadedApk.java:258)
07-03 21:12:17.284  1766  1766 E LoadedApk:     at android.app.LoadedApk.createOrUpdateClassLoaderLocked(LoadedApk.java:859)
07-03 21:12:17.284  1766  1766 E LoadedApk:     at android.app.LoadedApk.getClassLoader(LoadedApk.java:954)
07-03 21:12:17.284  1766  1766 E LoadedApk:     at android.app.LoadedApk.getResources(LoadedApk.java:1192)
07-03 21:12:17.284  1766  1766 E LoadedApk:     at android.app.ContextImpl.createAppContext(ContextImpl.java:2474)
07-03 21:12:17.284  1766  1766 E LoadedApk:     at android.app.ContextImpl.createAppContext(ContextImpl.java:2466)
07-03 21:12:17.284  1766  1766 E LoadedApk:     at android.app.ActivityThread.handleBindApplication(ActivityThread.java:6481)
07-03 21:12:17.284  1766  1766 E LoadedApk:     at android.app.ActivityThread.access$1400(ActivityThread.java:227)
07-03 21:12:17.284  1766  1766 E LoadedApk:     at android.app.ActivityThread$H.handleMessage(ActivityThread.java:1890)
07-03 21:12:17.284  1766  1766 E LoadedApk:     at android.os.Handler.dispatchMessage(Handler.java:107)
07-03 21:12:17.284  1766  1766 E LoadedApk:     at android.os.Looper.loop(Looper.java:224)
07-03 21:12:17.284  1766  1766 E LoadedApk:     at android.app.ActivityThread.main(ActivityThread.java:7592)
07-03 21:12:17.284  1766  1766 E LoadedApk:     at java.lang.reflect.Method.invoke(Native Method)
07-03 21:12:17.284  1766  1766 E LoadedApk:     at com.android.internal.os.RuntimeInit$MethodAndArgsCaller.run(RuntimeInit.java:539)
07-03 21:12:17.284  1766  1766 E LoadedApk:     at com.android.internal.os.ZygoteInit.main(ZygoteInit.java:950)
07-03 21:12:17.518  1958  2645 W ActivityManager: Unable to start service Intent { act=com.android.providers.downloads.settings.service pkg=com.android.providers.downloads } U=0: not found
07-03 21:12:17.525  1958  2645 W ActivityManager: Unable to start service Intent { act=com.android.providers.downloads.remote.service.IDebugLogService pkg=com.android.providers.downloads } U=0: not found
07-03 21:12:20.654  1958  2202 W BaseMiuiPhoneWindowManager: keyCode:4 down:true eventTime:120662899 downTime:120662899policyFlags:2b000002 flags:48 deviceId:-1 isScreenOn:true keyguardActive:false repeatCount:0
07-03 21:12:20.742  1958  2202 W BaseMiuiPhoneWindowManager: keyCode:4 down:false eventTime:120662987 downTime:120662899 policyFlags:2b000002 flags:48 deviceId:-1 isScreenOn:true keyguardActive:false repeatCount:0
07-03 21:12:22.501  1375  1375 I Timeline: Timeline: Activity_launch_request time:120664747
07-03 21:12:22.502  1958  2202 I ActivityTaskManager: START u0 {cmp=com.BHG.gurbani/.UploadActivity} from uid 10776
07-03 21:12:22.516  1375  1375 W ActivityThread: SCHED: com.BHG.gurbani/.MainActivity [78, r=508ms, a=139ms, w=20531ms]
07-03 21:12:22.521  1958  2351 I ActivityTaskManager: The Process com.BHG.gurbani Already Exists in BG. So sending its PID: 1375
07-03 21:12:22.526  1958  2351 I Timeline: Timeline: App_transition_ready time:120664772
07-03 21:12:22.558  1958  2351 E WindowManager: App trying to use insecure INPUT_FEATURE_NO_INPUT_CHANNEL flag. Ignoring
07-03 21:12:22.567  1958  3906 I Timeline: Timeline: App_transition_ready time:120664813
07-03 21:12:22.568  1958  3906 I Timeline: Timeline: App_transition_ready time:120664814
07-03 21:12:22.587  1958  1997 I Timeline: Timeline: App_transition_ready time:120664833
07-03 21:12:22.830  1958  1997 I Timeline: Timeline: Activity_windows_visible id: ActivityRecord{348501c u0 com.BHG.gurbani/.UploadActivity t1684} time:120665075
07-03 21:12:22.832  1958  1997 I Timeline: Timeline: App_transition_stopped time:120665078
07-03 21:12:23.143  1375  1375 I Timeline: Timeline: Activity_launch_request time:120665389
07-03 21:12:23.145  1958  2645 I ActivityTaskManager: START u0 {act=android.intent.action.GET_CONTENT typ=image/* cmp=com.google.android.documentsui/com.android.documentsui.picker.PickActivity} from uid 10776
07-03 21:12:23.157  1375  1375 W ActivityThread: SCHED: com.BHG.gurbani/.UploadActivity [61, r=30ms, a=19ms, w=603ms]
07-03 21:12:23.159  1958  2351 I ActivityTaskManager: The Process com.google.android.documentsui Already Exists in BG. So sending its PID: 1106
07-03 21:12:23.165  1958  2351 I Timeline: Timeline: App_transition_ready time:120665411
07-03 21:12:23.209  1958  5255 E WindowManager: App trying to use insecure INPUT_FEATURE_NO_INPUT_CHANNEL flag. Ignoring
07-03 21:12:23.272  1958  2351 I Timeline: Timeline: App_transition_ready time:120665518
07-03 21:12:23.274  1958  2351 I Timeline: Timeline: App_transition_ready time:120665519
07-03 21:12:23.355  1958  1997 I Timeline: Timeline: App_transition_ready time:120665600
07-03 21:12:23.596  1958  1997 I Timeline: Timeline: Activity_windows_visible id: ActivityRecord{fa94905 u0 com.google.android.documentsui/com.android.documentsui.picker.PickActivity t1684} time:120665842
07-03 21:12:23.598  1958  1997 I Timeline: Timeline: App_transition_stopped time:120665844
07-03 21:12:26.800  1958  3906 W BpBinder: Slow Binder: BpBinder transact took 565ms, interface=android.os.IInstalld, code=9 oneway=false
07-03 21:12:26.801 31922 32442 W BpBinder: Slow Binder: BpBinder transact took 565ms, interface=android.app.usage.IStorageStatsManager, code=7 oneway=false
07-03 21:12:26.894  1106  1106 W ActivityThread: SCHED: com.google.android.documentsui/com.android.documentsui.picker.PickActivity [87, r=512ms, a=76ms, w=3689ms]
07-03 21:12:26.904  1958  2202 I Timeline: Timeline: App_transition_ready time:120669150
07-03 21:12:26.919  1958  2202 I Timeline: Timeline: App_transition_ready time:120669165
07-03 21:12:27.011  1958  5255 I Timeline: Timeline: App_transition_ready time:120669256
07-03 21:12:27.042  1958  1997 I Timeline: Timeline: App_transition_ready time:120669288
07-03 21:12:27.298  1958  1997 I Timeline: Timeline: Activity_windows_visible id: ActivityRecord{348501c u0 com.BHG.gurbani/.UploadActivity t1684} time:120669544
07-03 21:12:27.300  1958  1997 I Timeline: Timeline: App_transition_stopped time:120669546
07-03 21:12:28.747   788   903 W EventThreadInspector: slow VSync-sf on display(19260784713820289), count=3, avg=31 ms,max=31 ms.
07-03 21:12:28.873  1958  3906 W BaseMiuiPhoneWindowManager: keyCode:4 down:true eventTime:120671118 downTime:120671118policyFlags:2b000002 flags:48 deviceId:-1 isScreenOn:true keyguardActive:false repeatCount:0
07-03 21:12:28.880   788   902 W EventThreadInspector: slow VSync-app on display(19260784713820289), count=1, avg=31 ms, max=31 ms.
07-03 21:12:28.961  1958  3906 W BaseMiuiPhoneWindowManager: keyCode:4 down:false eventTime:120671206 downTime:120671118 policyFlags:2b000002 flags:48 deviceId:-1 isScreenOn:true keyguardActive:false repeatCount:0
07-03 21:12:28.970  1375  1375 W ActivityThread: SCHED: com.BHG.gurbani/.UploadActivity [73, r=11ms, a=4ms, w=1970ms]
07-03 21:12:28.977  1958  5255 I Timeline: Timeline: App_transition_ready time:120671223
07-03 21:12:28.992  1958  2202 I Timeline: Timeline: App_transition_ready time:120671238
07-03 21:12:29.010  1958  1997 I Timeline: Timeline: App_transition_ready time:120671256
07-03 21:12:29.266  1958  1997 I Timeline: Timeline: Activity_windows_visible id: ActivityRecord{f6e15c1 u0 com.BHG.gurbani/.MainActivity t1684} time:120671511
07-03 21:12:29.267  1958  1997 I Timeline: Timeline: App_transition_stopped time:120671513
07-03 21:12:47.221  1958  2011 I ActivityManager: Start proc 2220:com.qualcomm.telephony/u0a195 for service {com.qualcomm.atfwd/com.qualcomm.atfwd.AtFwdService} caller=com.qualcomm.atfwd
07-03 21:14:33.334  1958  2017 I PowerManagerService: Going to sleep due to timeout (uid 1000)...
07-03 21:14:33.334  1958  1958 W UsageStatsService: Event reported without a package name, eventType:16
07-03 21:14:33.337  1958  1958 I WindowManager: Started going to sleep... (why=OFF_BECAUSE_OF_TIMEOUT)
07-03 21:14:33.573  1958  2017 I DisplayPowerController: Blocking screen off
07-03 21:14:33.596  1958  2017 I DisplayPowerController: Unblocked screen off after 23 ms
07-03 21:14:33.596  1958  2017 I WindowManager: Screen turned off...
07-03 21:14:33.598  1958  2017 W ActivityManager: Unable to start service Intent { act=miui.action.CAMERA_EMPTY_SERVICEpkg=com.android.camera } U=0: not found
07-03 21:14:33.599  1375  1375 W ActivityThread: SCHED: com.BHG.gurbani/.MainActivity [78, r=248ms, a=69ms, w=124612ms]
07-03 21:14:33.627  1958  1996 I DisplayManagerService: Display device changed state: "Built-in Screen", OFF
07-03 21:14:33.665  1958  1979 W ProcessStats: Tracking association SourceState{d39f6a2 com.BHG.gurbani/10776 Top #522912} whose proc state 1 is better than process ProcessState{bd57a69 com.google.android.gms/10185 pkg=com.google.android.gms} proc state 5 (24 skipped)
07-03 21:14:33.899  1958  2168 W BpBinder: Slow Binder: BpBinder transact took 298ms, interface=android.ui.ISurfaceComposer, code=19 oneway=false
07-03 21:14:33.925  1958  2017 W DreamManagerService: Dream ComponentInfo{com.android.systemui/com.android.systemui.doze.DozeService} does not exist
07-03 21:14:33.926  1958  2017 I PowerManagerService: Sleeping (uid 1000)...
07-03 21:14:33.929  1958  1958 I WindowManager: Finished going to sleep... (why=OFF_BECAUSE_OF_TIMEOUT)
07-03 21:14:33.934  2181  2197 W KeyguardViewMediator: doKeyguard: showing the lock screen
07-03 21:14:33.989  1958  1996 W UsageStatsService: Event reported without a package name, eventType:17
07-03 21:14:33.989  1958  1996 I WindowManager: updateContrastOverlay, darkmode: true isContrastEnabled: false alpha: 0.0
07-03 21:14:34.132  1958  1958 W Looper  : Slow dispatch took 180ms main h=android.app.ActivityThread$H c=android.app.-$$Lambda$LoadedApk$ReceiverDispatcher$Args$_BumDX2UKsnxLVrE6UJsJZkotuA@4898fb8 m=0
07-03 21:14:34.290  1958  2011 I ActivityManager: Start proc 2279:com.google.android.apps.wellbeing/u0a189 for broadcast {com.google.android.apps.wellbeing/com.google.android.apps.wellbeing.alarm.NextAlarmClockChangedReceiver_Receiver} caller=android
07-03 21:14:34.596  1958  2011 I ActivityManager: Start proc 2310:com.miui.msa.global:ui/u0a123 for service {com.miui.msa.global/com.xiaomi.ad.internal.splash.uiprocess.SplashUIService} caller=com.miui.msa.global
07-03 21:14:34.727  1958  2014 E BatteryExternalStatsWorker: no controller energy info supplied for bluetooth
07-03 21:14:34.952 25666 10559 W BpBinder: Slow Binder: BpBinder transact took 251ms, interface=com.android.internal.app.IBatteryStats, code=16 oneway=false
07-03 21:14:35.026  2181  3241 W BpBinder: Slow Binder: BpBinder transact took 339ms, interface=android.content.IContentProvider, code=21 oneway=false
07-03 21:14:40.238  1958  2011 I ActivityManager: Start proc 2403:com.android.settings/1000 for service {com.android.settings/com.android.settings.connecteddevice.usb.MiUsbService} caller=com.android.settings
07-03 21:14:44.561  1958  2202 I ActivityManager: Killing 30171:android.process.acore/u0a64 (adj 965): empty #17
07-03 21:14:44.565  1958  2202 W ProcessStats: Tracking association SourceState{d39f6a2 com.BHG.gurbani/10776 Top #523107} whose proc state 1 is better than process ProcessState{bd57a69 com.google.android.gms/10185 pkg=com.google.android.gms} proc state 5 (168 skipped)
07-03 21:15:03.923  1958  5255 W BpBinder: Slow Binder: BpBinder transact took 515ms, interface=android.os.IInstalld, code=10 oneway=false
07-03 21:15:03.924  1958  5255 I InstallationStatistic: beginInstallSession: 1106083872
07-03 21:15:04.771  1958  2065 I ActivityTaskManager: START u0 {act=android.intent.action.VIEW dat=file:///data/app/vmdl1106083872.tmp typ=application/vnd.android.package-archive flg=0x18000000 cmp=com.miui.securitycenter/com.miui.permcenter.install.AdbInstallActivity (has extras)} from uid 1000
07-03 21:15:04.790  1958  2065 I ActivityTaskManager: The Process com.miui.securitycenter Already Exists in BG. So sending its PID: 31734
07-03 21:15:04.801  1958  2065 I Timeline: Timeline: App_transition_ready time:120827047
07-03 21:15:04.811  1958  1996 W ProcessStats: Tracking association SourceState{a71b43c com.miui.securitycenter/1000 Top #523127} whose proc state 1 is better than process ProcessState{8cb3600 com.miui.securitycenter.remote/1000 pkg=com.miui.securitycenter} proc state 2 (2 skipped)
07-03 21:15:05.069  1958  3906 I Timeline: Timeline: App_transition_ready time:120827315
07-03 21:15:05.188 31734 31734 W Looper  : Slow Looper main: Activity com.miui.securitycenter/com.miui.permcenter.install.AdbInstallActivity is 393ms late (wall=1ms running=0ms ClientTransaction{ callbacks=[android.app.servertransaction.TopResumedActivityChangeItem] }) because of 2 msg, msg 1 took 392ms (seq=50 running=143ms runnable=28ms io=150ms late=1ms h=android.app.ActivityThread$H w=159)
07-03 21:15:05.188 31734 31734 W Looper  : Slow Looper main: Activity com.miui.securitycenter/com.miui.permcenter.install.AdbInstallActivity is 390ms late (wall=0ms running=0ms ClientTransaction{ callbacks=[android.app.servertransaction.TopResumedActivityChangeItem] }) because of 3 msg, msg 1 took 392ms (seq=50 running=143ms runnable=28ms io=150ms late=1ms h=android.app.ActivityThread$H w=159)
07-03 21:15:05.193  1958  2066 I Timeline: Timeline: App_transition_ready time:120827439
07-03 21:15:05.195 31734 31734 W Looper  : Slow Looper main: Activity com.miui.securitycenter/com.miui.permcenter.install.AdbInstallActivity is 390ms late (wall=7ms running=0ms ClientTransaction{ lifecycleRequest=android.app.servertransaction.PauseActivityItem }) because of 4 msg, msg 1 took 392ms (seq=50 running=143ms runnable=28ms io=150ms late=1ms h=android.app.ActivityThread$H w=159)
07-03 21:15:05.196  1958  1997 I Timeline: Timeline: App_transition_ready time:120827442
07-03 21:15:05.220  1958  5269 I Timeline: Timeline: App_transition_ready time:120827466
07-03 21:15:05.222  1958  5269 I Timeline: Timeline: App_transition_ready time:120827467
07-03 21:15:05.222  1958  5269 I Timeline: Timeline: App_transition_stopped time:120827468
07-03 21:15:05.333  1958  2022 I PackageManager: Update package com.BHG.gurbani code path from /data/app/com.BHG.gurbani-CNL00vL4wrYYz4ClBcOGcw== to /data/app/com.BHG.gurbani-POP56QqNONb65Z37sZY1eQ==; Retain data and using new
07-03 21:15:05.333  1958  2010 I ActivityManager: Force stopping com.BHG.gurbani appid=10776 user=-1: installPackageLI
07-03 21:15:05.333  1958  2022 I PackageManager: Update package com.BHG.gurbani resource path from /data/app/com.BHG.gurbani-CNL00vL4wrYYz4ClBcOGcw== to /data/app/com.BHG.gurbani-POP56QqNONb65Z37sZY1eQ==; Retain data and using new
07-03 21:15:05.336  1958  2010 I ActivityManager: Killing 1375:com.BHG.gurbani/u0a776 (adj 0): stop com.BHG.gurbani: installPackageLI
07-03 21:15:05.343  1958  2010 W ActivityTaskManager: Force removing ActivityRecord{f6e15c1 u0 com.BHG.gurbani/.MainActivity t1684 f}: app died, no saved state
07-03 21:15:05.476  1958  1996 W ActivityManager: setHasOverlayUi called on unknown pid: 1375
07-03 21:15:05.595  1958  2022 W FileUtils: Slow Operation: fsync took 218ms
07-03 21:15:05.689  1958  2022 I PackageManager: Un-granting permission android.permission.WRITE_MEDIA_STORAGE from package com.jio.media.jiobeats (protectionLevel=18 flags=0x20d83e44)
07-03 21:15:05.689  1958  2022 I PackageManager: Un-granting permission android.permission.WRITE_SETTINGS from package com.jio.media.jiobeats (protectionLevel=1218 flags=0x20d83e44)
07-03 21:15:05.689  1958  2022 I PackageManager: Un-granting permission android.permission.MANAGE_DOCUMENTS from package com.google.android.youtube (protectionLevel=262146 flags=0x20dbbec5)
07-03 21:15:05.689  1958  2022 I PackageManager: Un-granting permission android.permission.REQUEST_INSTALL_PACKAGES from package com.revanced.net.revancedmanager (protectionLevel=66 flags=0x20c8be44)
07-03 21:15:05.691  1958  2022 I PackageManager: Un-granting permission android.permission.CAPTURE_AUDIO_OUTPUT from package com.google.android.googlequicksearchbox (protectionLevel=18 flags=0xa8dbbec5)
07-03 21:15:05.691  1958  2022 I PackageManager: Un-granting permission android.permission.SUBSTITUTE_SHARE_TARGET_APP_NAME_AND_ICON from package com.google.android.googlequicksearchbox (protectionLevel=18 flags=0xa8dbbec5)
07-03 21:15:05.691  1958  2022 I PackageManager: Un-granting permission android.permission.CAPTURE_MEDIA_OUTPUT from package com.google.android.googlequicksearchbox (protectionLevel=18 flags=0xa8dbbec5)
07-03 21:15:05.691  1958  2022 I PackageManager: Un-granting permission android.permission.MODIFY_AUDIO_ROUTING from package com.google.android.googlequicksearchbox (protectionLevel=18 flags=0xa8dbbec5)
07-03 21:15:05.692  1958  2022 I PackageManager: Un-granting permission com.google.android.googleapps.permission.GOOGLE_AUTH from package com.android.providers.calendar (protectionLevel=2 flags=0x20883e45)
07-03 21:15:05.692  1958  2022 I PackageManager: Un-granting permission com.google.android.googleapps.permission.GOOGLE_AUTH.cl from package com.android.providers.calendar (protectionLevel=2 flags=0x20883e45)
07-03 21:15:05.692  1958  2022 I PackageManager: Un-granting permission android.permission.SYSTEM_ALERT_WINDOW from package org.telegram.messenger (protectionLevel=1250 flags=0x289bbe44)
07-03 21:15:05.692  1958  2022 I PackageManager: Un-granting permission android.permission.REQUEST_INSTALL_PACKAGES from package org.telegram.messenger (protectionLevel=66 flags=0x289bbe44)
07-03 21:15:05.694  1958  2022 I PackageManager: Un-granting permission android.permission.MANAGE_DOCUMENTS from package app.revanced.android.youtube (protectionLevel=262146 flags=0x30dbbe44)
07-03 21:15:05.694  1958  2022 I PackageManager: Un-granting permission android.permission.SYSTEM_ALERT_WINDOW from package app.revanced.android.youtube (protectionLevel=1250 flags=0x30dbbe44)
07-03 21:15:05.694  1958  2022 I PackageManager: Un-granting permission android.permission.WRITE_SECURE_SETTINGS from package com.antutu.ABenchMark (protectionLevel=50 flags=0x2288be46)
07-03 21:15:05.695  1958  2022 I PackageManager: Un-granting permission android.permission.REQUEST_INSTALL_PACKAGES from package com.whatsapp (protectionLevel=66 flags=0x20cbbe44)
07-03 21:15:05.695  1958  2022 I PackageManager: Un-granting permission android.permission.HIDE_NON_SYSTEM_OVERLAY_WINDOWS from package com.android.companiondevicemanager (protectionLevel=258 flags=0x30c83e45)
07-03 21:15:05.696  1958  2022 I PackageManager: Un-granting permission android.permission.MANAGE_USERS from package com.miui.securitycenter (protectionLevel=18 flags=0x20c9bec5)
07-03 21:15:05.696  1958  2022 I PackageManager: Un-granting permission android.permission.INTERACT_ACROSS_USERS from package com.miui.securitycenter (protectionLevel=50 flags=0x20c9bec5)
07-03 21:15:05.696  1958  2022 I PackageManager: Un-granting permission android.permission.READ_PRIVILEGED_PHONE_STATE from package com.miui.securitycenter (protectionLevel=18 flags=0x20c9bec5)
07-03 21:15:05.697  1958  2022 I PackageManager: Un-granting permission android.permission.WRITE_MEDIA_STORAGE from package ru.zdevs.zarchiver (protectionLevel=18 flags=0x30d8be44)
07-03 21:15:05.697  1958  2022 I PackageManager: Un-granting permission android.permission.REQUEST_INSTALL_PACKAGES from package ru.zdevs.zarchiver (protectionLevel=66 flags=0x30d8be44)
07-03 21:15:05.698  1958  2022 I PackageManager: Un-granting permission android.permission.SYSTEM_ALERT_WINDOW from package com.glgjing.captain (protectionLevel=1250 flags=0x3088be44)
07-03 21:15:05.698  1958  2022 I PackageManager: Un-granting permission android.permission.PACKAGE_USAGE_STATS from package com.glgjing.captain (protectionLevel=114 flags=0x3088be44)
07-03 21:15:05.698  1958  2022 I PackageManager: Un-granting permission android.permission.START_ACTIVITIES_FROM_BACKGROUND from package com.android.soundrecorder (protectionLevel=49682 flags=0x30c83e85)
07-03 21:15:05.698  1958  2022 I PackageManager: Un-granting permission android.permission.WRITE_SETTINGS from package in.mohalla.sharechat (protectionLevel=1218 flags=0x30d8be44)
07-03 21:15:05.699  1958  2022 I PackageManager: Un-granting permission android.permission.SYSTEM_ALERT_WINDOW from package in.mohalla.sharechat (protectionLevel=1250 flags=0x30d8be44)
07-03 21:15:05.699  1958  2022 I PackageManager: Un-granting permission android.permission.REQUEST_INSTALL_PACKAGES from package com.android.providers.downloads.ui (protectionLevel=66 flags=0x30c8be45)
07-03 21:15:05.699  1958  2022 I PackageManager: Un-granting permission android.permission.HIDE_NON_SYSTEM_OVERLAY_WINDOWS from package com.android.vending (protectionLevel=258 flags=0x28cabec5)
07-03 21:15:05.699  1958  2022 I PackageManager: Un-granting permission android.permission.SEND_DOWNLOAD_COMPLETED_INTENTS from package com.android.vending (protectionLevel=2 flags=0x28cabec5)
07-03 21:15:05.702  1958  2022 I PackageManager: Un-granting permission android.permission.SYSTEM_ALERT_WINDOW from package com.hecorat.screenrecorder.free (protectionLevel=1250 flags=0x20c8be44)
07-03 21:15:05.702  1958  2022 I PackageManager: Un-granting permission com.google.android.googleapps.permission.GOOGLE_AUTH.mail from package com.android.contacts (protectionLevel=2 flags=0x38c9be45)
07-03 21:15:05.703  1958  2022 I PackageManager: Un-granting permission android.permission.CHANGE_CONFIGURATION from package com.tiqiaa.remote (protectionLevel=50 flags=0x30c8be44)
07-03 21:15:05.703  1958  2022 I PackageManager: Un-granting permission android.permission.SET_DEBUG_APP from package com.tiqiaa.remote (protectionLevel=50 flags=0x30c8be44)
07-03 21:15:05.703  1958  2022 I PackageManager: Un-granting permission android.permission.WRITE_SETTINGS from package com.tiqiaa.remote (protectionLevel=1218 flags=0x30c8be44)
07-03 21:15:05.703  1958  2022 I PackageManager: Un-granting permission android.permission.DEVICE_POWER from package com.tiqiaa.remote (protectionLevel=2 flags=0x30c8be44)
07-03 21:15:05.703  1958  2022 I PackageManager: Un-granting permission com.android.launcher.permission.READ_SETTINGS from package com.tiqiaa.remote (protectionLevel=18 flags=0x30c8be44)
07-03 21:15:05.703  1958  2022 I PackageManager: Un-granting permission android.permission.INTERACT_ACROSS_USERS_FULL from package com.tiqiaa.remote (protectionLevel=258 flags=0x30c8be44)
07-03 21:15:05.703  1958  2022 I PackageManager: Un-granting permission android.permission.SYSTEM_ALERT_WINDOW from package com.tiqiaa.remote (protectionLevel=1250 flags=0x30c8be44)
07-03 21:15:05.703  1958  2022 I PackageManager: Un-granting permission android.permission.SEND_DOWNLOAD_COMPLETED_INTENTS from package com.tiqiaa.remote (protectionLevel=2 flags=0x30c8be44)
07-03 21:15:05.703  1958  2022 I PackageManager: Un-granting permission android.permission.DUMP from package com.digibites.accubattery (protectionLevel=50 flags=0x20c83e44)
07-03 21:15:05.703  1958  2022 I PackageManager: Un-granting permission android.permission.PACKAGE_USAGE_STATS from package com.digibites.accubattery (protectionLevel=114 flags=0x20c83e44)
07-03 21:15:05.703  1958  2022 I PackageManager: Un-granting permission android.permission.SYSTEM_ALERT_WINDOW from package com.digibites.accubattery (protectionLevel=1250 flags=0x20c83e44)
07-03 21:15:05.704  1958  2022 I PackageManager: Un-granting permission android.permission.START_ACTIVITIES_FROM_BACKGROUND from package com.android.mms (protectionLevel=49682 flags=0x38c9bee5)
07-03 21:15:05.704  1958  2022 I PackageManager: Un-granting permission com.xiaomi.simactivate.service.ACTIVATE_SIM from package com.android.mms (protectionLevel=2 flags=0x38c9bee5)
07-03 21:15:05.704  1958  2022 I PackageManager: Un-granting permission android.permission.WRITE_APN_SETTINGS from package com.android.mms (protectionLevel=18 flags=0x38c9bee5)
