07-03 21:38:23.920  1958  1996 I WindowManager: updateContrastOverlay, darkmode: true isContrastEnabled: false alpha: 0.0
07-03 21:38:24.138  1958  2011 I ActivityManager: Start proc 8667:com.google.android.apps.wellbeing/u0a189 for broadcast {com.google.android.apps.wellbeing/com.google.android.apps.wellbeing.alarm.NextAlarmClockChangedReceiver_Receiver} caller=android
07-03 21:38:24.427  1958  2011 I ActivityManager: Start proc 8689:com.miui.msa.global:ui/u0a123 for service {com.miui.msa.global/com.xiaomi.ad.internal.splash.uiprocess.SplashUIService} caller=com.miui.msa.global
07-03 21:38:24.600  1958  2014 E BatteryExternalStatsWorker: no controller energy info supplied for bluetooth
07-03 21:38:24.646  1958  3906 I ActivityManager: Killing 7639:com.google.android.apps.docs/u0a221 (adj 955): empty #17
07-03 21:38:24.830 25666 27552 W BpBinder: Slow Binder: BpBinder transact took 262ms, interface=com.android.internal.app.IBatteryStats, code=16 oneway=false
07-03 21:38:24.903  2181  4697 W BpBinder: Slow Binder: BpBinder transact took 351ms, interface=android.content.IContentProvider, code=21 oneway=false
07-03 21:38:25.288  1958  4692 I ActivityManager: Killing 7811:com.miui.yellowpage/u0a73 (adj 955): empty #17
07-03 21:39:33.201  1958  2014 E BatteryExternalStatsWorker: no controller energy info supplied for bluetooth
07-03 21:39:33.500  1958  1981 I ActivityManager: Killing 4436:com.whatsapp/u0a762 (adj 965): empty #17
07-03 21:40:46.259  1958  1958 I ActivityManager: Idle maintenance over +1h21m3s524ms low RAM for +17m24s632ms
07-03 21:40:46.746  1958  2014 E BatteryExternalStatsWorker: no controller energy info supplied for bluetooth
07-03 21:42:33.256  1958  4597 W BpBinder: Slow Binder: BpBinder transact took 1006ms, interface=android.os.IInstalld, code=10 oneway=false
07-03 21:42:33.257  1958  4597 I InstallationStatistic: beginInstallSession: 1245240744
07-03 21:42:34.265  1958  2065 I ActivityTaskManager: START u0 {act=android.intent.action.VIEW dat=file:///data/app/vmdl1245240744.tmp typ=application/vnd.android.package-archive flg=0x18000000 cmp=com.miui.securitycenter/com.miui.permcenter.install.AdbInstallActivity (has extras)} from uid 1000
07-03 21:42:34.461  1958  2011 I ActivityManager: Start proc 8838:com.miui.securitycenter/1000 for activity {com.miui.securitycenter/com.miui.permcenter.install.AdbInstallActivity} caller=pm
07-03 21:42:34.531  1958  4008 W ActivityTaskManager: Request to remove task ignored for non-existent task 1687
07-03 21:42:34.541  1958  1997 I Timeline: Timeline: App_transition_ready time:121297930
07-03 21:42:35.038  1958  1996 W ActivityTaskManager: Activity top resumed state loss timeout for ActivityRecord{a74c24c u0 com.miui.securitycenter/com.miui.permcenter.install.AdbInstallActivity t1688}
07-03 21:42:35.039  1958  1996 W ActivityTaskManager: Activity pause timeout for ActivityRecord{a74c24c u0 com.miui.securitycenter/com.miui.permcenter.install.AdbInstallActivity t1688}
07-03 21:42:35.043  1958  1996 I Timeline: Timeline: App_transition_ready time:121298431
07-03 21:42:35.054  1958  1996 W ProcessStats: Tracking association SourceState{124faa5 com.miui.securitycenter/1000 Top #526840} whose proc state 1 is better than process ProcessState{1c1639c com.google.android.gms.persistent/10185 pkg=com.google.android.gms} proc state 2 (11 skipped)
07-03 21:42:35.289  1958  2011 I ActivityManager: Start proc 8896:com.miui.guardprovider/u0a115 for content provider {com.miui.guardprovider/com.miui.guardprovider.GuardProvider} caller=com.miui.securitycenter
07-03 21:42:35.468  8838  8838 W BpBinder: Slow Binder: BpBinder transact took 222ms, interface=android.app.IActivityManager, code=20 oneway=false
07-03 21:42:35.645  8896  8915 W SystemConfig: No directory /product_services/etc/sysconfig, skipping
07-03 21:42:35.646  8896  8915 W SystemConfig: No directory /product_services/etc/permissions, skipping
07-03 21:42:35.700  8838  8838 W BpBinder: Slow Binder: BpBinder transact took 230ms, interface=android.content.IContentProvider, code=21 oneway=false
07-03 21:42:35.723  1958  2646 I Timeline: Timeline: App_transition_ready time:121299112
07-03 21:42:35.727  1958  1997 I Timeline: Timeline: App_transition_ready time:121299116
07-03 21:42:35.731  1958  1996 I ActivityManager: Killing 7869:com.xiaomi.account/u0a112 (adj 945): empty #17
07-03 21:42:35.734  1958  1996 I ActivityManager: Killing 4987:com.google.process.gapps/u0a185 (adj 955): empty #18
07-03 21:42:35.948  8838  8838 W Activity: Slow Operation: Activity com.miui.securitycenter/com.miui.permcenter.install.AdbInstallActivity onCreate took 798ms
07-03 21:42:35.954  8838  8838 W Looper  : Slow Looper main: Activity com.miui.securitycenter/com.miui.permcenter.install.AdbInstallActivity is 557ms late (wall=864ms running=243ms ClientTransaction{ callbacks=[android.app.servertransaction.LaunchActivityItem] lifecycleRequest=android.app.servertransaction.ResumeActivityItem }) because of 2 msg, msg 2 took 544ms (seq=2 running=299ms runnable=27ms io=161ms late=27ms h=android.app.ActivityThread$H w=110)
07-03 21:42:35.954  8838  8838 W Looper  : Slow Looper main: Activity com.miui.securitycenter/com.miui.permcenter.install.AdbInstallActivity is 1421ms late (wall=0ms running=0ms ClientTransaction{ callbacks=[android.app.servertransaction.TopResumedActivityChangeItem] }) because of 3 msg, msg 2 took 544ms (seq=2 running=299ms runnable=27ms io=161ms late=27msh=android.app.ActivityThread$H w=110), msg 3 took 864ms (seq=3 running=243ms runnable=30ms io=97ms late=557ms h=android.app.ActivityThread$H w=159)
07-03 21:42:35.954  8838  8838 W Looper  : Slow Looper main: Activity com.miui.securitycenter/com.miui.permcenter.install.AdbInstallActivity is 1418ms late (wall=0ms running=0ms ClientTransaction{ callbacks=[android.app.servertransaction.TopResumedActivityChangeItem] }) because of 4 msg, msg 2 took 544ms (seq=2 running=299ms runnable=27ms io=161ms late=27msh=android.app.ActivityThread$H w=110), msg 3 took 864ms (seq=3 running=243ms runnable=30ms io=97ms late=557ms h=android.app.ActivityThread$H w=159)
07-03 21:42:35.955  8838  8838 W Looper  : Slow Looper main: Activity com.miui.securitycenter/com.miui.permcenter.install.AdbInstallActivity is 1417ms late (wall=1ms running=0ms ClientTransaction{ lifecycleRequest=android.app.servertransaction.PauseActivityItem }) because of 5 msg, msg 2 took 544ms (seq=2 running=299ms runnable=27ms io=161ms late=27ms h=android.app.ActivityThread$H w=110), msg 3 took 864ms (seq=3 running=243ms runnable=30ms io=97ms late=557ms h=android.app.ActivityThread$H w=159)
07-03 21:42:35.956  8838  8838 W Looper  : Slow Looper main: Activity com.miui.securitycenter/com.miui.permcenter.install.AdbInstallActivity is 910ms late (wall=0ms running=1ms ClientTransaction{ lifecycleRequest=android.app.servertransaction.StopActivityItem }) because of 8 msg, msg 1 took 544ms (seq=2 running=299ms runnable=27ms io=161ms late=27ms h=android.app.ActivityThread$H w=110), msg 2 took 864ms (seq=3 running=243ms runnable=30ms io=97ms late=557ms h=android.app.ActivityThread$H w=159)
07-03 21:42:35.968  1958  4522 I Timeline: Timeline: App_transition_ready time:121299356
07-03 21:42:35.968  1958  4522 I Timeline: Timeline: App_transition_stopped time:121299356
07-03 21:42:36.011  1958  3853 W WindowManager: Failed looking up window callers=com.android.server.wm.WindowManagerService.windowForClientLocked:5864 com.android.server.wm.WindowManagerService.relayoutWindow:2244 com.android.server.wm.Session.relayout:194
07-03 21:42:36.042  1958  3853 W WindowManager: Failed looking up window callers=com.android.server.wm.WindowManagerService.windowForClientLocked:5864 com.android.server.wm.WindowManagerService.removeWindow:2014 com.android.server.wm.Session.remove:176
07-03 21:42:36.086  1958  2022 I PackageManager: Update package com.BHG.gurbani code path from /data/app/com.BHG.gurbani-POP56QqNONb65Z37sZY1eQ== to /data/app/com.BHG.gurbani-CAIGYy1o5wKAjeVUqACE0g==; Retain data and using new
07-03 21:42:36.086  1958  2010 I ActivityManager: Force stopping com.BHG.gurbani appid=10776 user=-1: installPackageLI
07-03 21:42:36.086  1958  2022 I PackageManager: Update package com.BHG.gurbani resource path from /data/app/com.BHG.gurbani-POP56QqNONb65Z37sZY1eQ== to /data/app/com.BHG.gurbani-CAIGYy1o5wKAjeVUqACE0g==; Retain data and using new
07-03 21:42:36.319  1958  2022 W FileUtils: Slow Operation: fsync took 145ms
07-03 21:42:36.393  1958  2022 I PackageManager: Un-granting permission android.permission.WRITE_MEDIA_STORAGE from package com.jio.media.jiobeats (protectionLevel=18 flags=0x20d83e44)
07-03 21:42:36.393  1958  2022 I PackageManager: Un-granting permission android.permission.WRITE_SETTINGS from package com.jio.media.jiobeats (protectionLevel=1218 flags=0x20d83e44)
07-03 21:42:36.394  1958  2022 I PackageManager: Un-granting permission android.permission.MANAGE_DOCUMENTS from package com.google.android.youtube (protectionLevel=262146 flags=0x20dbbec5)
07-03 21:42:36.394  1958  2022 I PackageManager: Un-granting permission android.permission.REQUEST_INSTALL_PACKAGES from package com.revanced.net.revancedmanager (protectionLevel=66 flags=0x20c8be44)
07-03 21:42:36.396  1958  2022 I PackageManager: Un-granting permission android.permission.CAPTURE_AUDIO_OUTPUT from package com.google.android.googlequicksearchbox (protectionLevel=18 flags=0xa8dbbec5)
07-03 21:42:36.396  1958  2022 I PackageManager: Un-granting permission android.permission.SUBSTITUTE_SHARE_TARGET_APP_NAME_AND_ICON from package com.google.android.googlequicksearchbox (protectionLevel=18 flags=0xa8dbbec5)
07-03 21:42:36.396  1958  2022 I PackageManager: Un-granting permission android.permission.CAPTURE_MEDIA_OUTPUT from package com.google.android.googlequicksearchbox (protectionLevel=18 flags=0xa8dbbec5)
07-03 21:42:36.396  1958  2022 I PackageManager: Un-granting permission android.permission.MODIFY_AUDIO_ROUTING from package com.google.android.googlequicksearchbox (protectionLevel=18 flags=0xa8dbbec5)
07-03 21:42:36.396  1958  2022 I PackageManager: Un-granting permission com.google.android.googleapps.permission.GOOGLE_AUTH from package com.android.providers.calendar (protectionLevel=2 flags=0x20883e45)
07-03 21:42:36.396  1958  2022 I PackageManager: Un-granting permission com.google.android.googleapps.permission.GOOGLE_AUTH.cl from package com.android.providers.calendar (protectionLevel=2 flags=0x20883e45)
07-03 21:42:36.396  1958  2022 I PackageManager: Un-granting permission android.permission.SYSTEM_ALERT_WINDOW from package org.telegram.messenger (protectionLevel=1250 flags=0x289bbe44)
07-03 21:42:36.397  1958  2022 I PackageManager: Un-granting permission android.permission.REQUEST_INSTALL_PACKAGES from package org.telegram.messenger (protectionLevel=66 flags=0x289bbe44)
07-03 21:42:36.398  1958  2022 I PackageManager: Un-granting permission android.permission.MANAGE_DOCUMENTS from package app.revanced.android.youtube (protectionLevel=262146 flags=0x30dbbe44)
07-03 21:42:36.398  1958  2022 I PackageManager: Un-granting permission android.permission.SYSTEM_ALERT_WINDOW from package app.revanced.android.youtube (protectionLevel=1250 flags=0x30dbbe44)
07-03 21:42:36.399  1958  2022 I PackageManager: Un-granting permission android.permission.WRITE_SECURE_SETTINGS from package com.antutu.ABenchMark (protectionLevel=50 flags=0x2288be46)
07-03 21:42:36.400  1958  2022 I PackageManager: Un-granting permission android.permission.REQUEST_INSTALL_PACKAGES from package com.whatsapp (protectionLevel=66 flags=0x20cbbe44)
07-03 21:42:36.400  1958  2022 I PackageManager: Un-granting permission android.permission.HIDE_NON_SYSTEM_OVERLAY_WINDOWS from package com.android.companiondevicemanager (protectionLevel=258 flags=0x30c83e45)
07-03 21:42:36.401  1958  2022 I PackageManager: Un-granting permission android.permission.MANAGE_USERS from package com.miui.securitycenter (protectionLevel=18 flags=0x20c9bec5)
07-03 21:42:36.401  1958  2022 I PackageManager: Un-granting permission android.permission.INTERACT_ACROSS_USERS from package com.miui.securitycenter (protectionLevel=50 flags=0x20c9bec5)
07-03 21:42:36.402  1958  2022 I PackageManager: Un-granting permission android.permission.READ_PRIVILEGED_PHONE_STATE from package com.miui.securitycenter (protectionLevel=18 flags=0x20c9bec5)
07-03 21:42:36.402  1958  2022 I PackageManager: Un-granting permission android.permission.WRITE_MEDIA_STORAGE from package ru.zdevs.zarchiver (protectionLevel=18 flags=0x30d8be44)
07-03 21:42:36.402  1958  2022 I PackageManager: Un-granting permission android.permission.REQUEST_INSTALL_PACKAGES from package ru.zdevs.zarchiver (protectionLevel=66 flags=0x30d8be44)
07-03 21:42:36.403  1958  2022 I PackageManager: Un-granting permission android.permission.SYSTEM_ALERT_WINDOW from package com.glgjing.captain (protectionLevel=1250 flags=0x3088be44)
07-03 21:42:36.403  1958  2022 I PackageManager: Un-granting permission android.permission.PACKAGE_USAGE_STATS from package com.glgjing.captain (protectionLevel=114 flags=0x3088be44)
07-03 21:42:36.403  1958  2022 I PackageManager: Un-granting permission android.permission.START_ACTIVITIES_FROM_BACKGROUND from package com.android.soundrecorder (protectionLevel=49682 flags=0x30c83e85)
07-03 21:42:36.404  1958  2022 I PackageManager: Un-granting permission android.permission.WRITE_SETTINGS from package in.mohalla.sharechat (protectionLevel=1218 flags=0x30d8be44)
07-03 21:42:36.404  1958  2022 I PackageManager: Un-granting permission android.permission.SYSTEM_ALERT_WINDOW from package in.mohalla.sharechat (protectionLevel=1250 flags=0x30d8be44)
07-03 21:42:36.404  1958  2022 I PackageManager: Un-granting permission android.permission.REQUEST_INSTALL_PACKAGES from package com.android.providers.downloads.ui (protectionLevel=66 flags=0x30c8be45)
07-03 21:42:36.405  1958  2022 I PackageManager: Un-granting permission android.permission.HIDE_NON_SYSTEM_OVERLAY_WINDOWS from package com.android.vending (protectionLevel=258 flags=0x28cabec5)
07-03 21:42:36.405  1958  2022 I PackageManager: Un-granting permission android.permission.SEND_DOWNLOAD_COMPLETED_INTENTS from package com.android.vending (protectionLevel=2 flags=0x28cabec5)
07-03 21:42:36.407  1958  2022 I PackageManager: Un-granting permission android.permission.SYSTEM_ALERT_WINDOW from package com.hecorat.screenrecorder.free (protectionLevel=1250 flags=0x20c8be44)
07-03 21:42:36.408  1958  2022 I PackageManager: Un-granting permission com.google.android.googleapps.permission.GOOGLE_AUTH.mail from package com.android.contacts (protectionLevel=2 flags=0x38c9be45)
07-03 21:42:36.409  1958  2022 I PackageManager: Un-granting permission android.permission.CHANGE_CONFIGURATION from package com.tiqiaa.remote (protectionLevel=50 flags=0x30c8be44)
07-03 21:42:36.409  1958  2022 I PackageManager: Un-granting permission android.permission.SET_DEBUG_APP from package com.tiqiaa.remote (protectionLevel=50 flags=0x30c8be44)
07-03 21:42:36.409  1958  2022 I PackageManager: Un-granting permission android.permission.WRITE_SETTINGS from package com.tiqiaa.remote (protectionLevel=1218 flags=0x30c8be44)
07-03 21:42:36.409  1958  2022 I PackageManager: Un-granting permission android.permission.DEVICE_POWER from package com.tiqiaa.remote (protectionLevel=2 flags=0x30c8be44)
07-03 21:42:36.409  1958  2022 I PackageManager: Un-granting permission com.android.launcher.permission.READ_SETTINGS from package com.tiqiaa.remote (protectionLevel=18 flags=0x30c8be44)
07-03 21:42:36.409  1958  2022 I PackageManager: Un-granting permission android.permission.INTERACT_ACROSS_USERS_FULL from package com.tiqiaa.remote (protectionLevel=258 flags=0x30c8be44)
07-03 21:42:36.409  1958  2022 I PackageManager: Un-granting permission android.permission.SYSTEM_ALERT_WINDOW from package com.tiqiaa.remote (protectionLevel=1250 flags=0x30c8be44)
07-03 21:42:36.409  1958  2022 I PackageManager: Un-granting permission android.permission.SEND_DOWNLOAD_COMPLETED_INTENTS from package com.tiqiaa.remote (protectionLevel=2 flags=0x30c8be44)
07-03 21:42:36.409  1958  2022 I PackageManager: Un-granting permission android.permission.DUMP from package com.digibites.accubattery (protectionLevel=50 flags=0x20c83e44)
07-03 21:42:36.409  1958  2022 I PackageManager: Un-granting permission android.permission.PACKAGE_USAGE_STATS from package com.digibites.accubattery (protectionLevel=114 flags=0x20c83e44)
07-03 21:42:36.409  1958  2022 I PackageManager: Un-granting permission android.permission.SYSTEM_ALERT_WINDOW from package com.digibites.accubattery (protectionLevel=1250 flags=0x20c83e44)
07-03 21:42:36.410  1958  2022 I PackageManager: Un-granting permission android.permission.START_ACTIVITIES_FROM_BACKGROUND from package com.android.mms (protectionLevel=49682 flags=0x38c9bee5)
07-03 21:42:36.410  1958  2022 I PackageManager: Un-granting permission com.xiaomi.simactivate.service.ACTIVATE_SIM from package com.android.mms (protectionLevel=2 flags=0x38c9bee5)
07-03 21:42:36.410  1958  2022 I PackageManager: Un-granting permission android.permission.WRITE_APN_SETTINGS from package com.android.mms (protectionLevel=18 flags=0x38c9bee5)
07-03 21:42:36.410  1958  2022 I PackageManager: Un-granting permission miui.permission.JOYOSE from package com.android.mms (protectionLevel=2 flags=0x38c9bee5)
07-03 21:42:36.410  1958  2022 I PackageManager: Un-granting permission com.miui.systemAdSolution.LOCAL_AD_PROVIDER from package com.android.mms (protectionLevel=2 flags=0x38c9bee5)
07-03 21:42:36.410  1958  2022 I PackageManager: Un-granting permission com.android.settings.permission.CLOUD_SETTINGS_PROVIDER from package com.android.mms (protectionLevel=18 flags=0x38c9bee5)
07-03 21:42:36.411  1958  2022 I PackageManager: Un-granting permission android.permission.ACCESS_DOWNLOAD_MANAGER frompackage com.microsoft.rdc.android (protectionLevel=18 flags=0x3098be44)
07-03 21:42:36.411  1958  2022 I PackageManager: Un-granting permission android.permission.REQUEST_INSTALL_PACKAGES from package com.apk.editor (protectionLevel=66 flags=0x20c8be44)
07-03 21:42:36.412  1958  2022 I PackageManager: Un-granting permission android.permission.REQUEST_INSTALL_PACKAGES from package com.google.android.gm (protectionLevel=66 flags=0x28dbbec5)
07-03 21:42:36.413  1958  2022 I PackageManager: Un-granting permission com.google.android.providers.gsf.permission.WRITE_GSERVICES from package com.google.android.apps.playconsole (protectionLevel=2 flags=0x2088be44)
07-03 21:42:36.414  1958  2022 I PackageManager: Un-granting permission android.permission.WRITE_SECURE_SETTINGS from package com.android.printspooler (protectionLevel=50 flags=0x38c8be45)
07-03 21:42:36.415  1958  2022 I PackageManager: Un-granting permission android.permission.CHANGE_CONFIGURATION from package com.duokan.phone.remotecontroller (protectionLevel=50 flags=0x20983e44)
07-03 21:42:36.415  1958  2022 I PackageManager: Un-granting permission android.permission.CAPTURE_AUDIO_OUTPUT from package com.duokan.phone.remotecontroller (protectionLevel=18 flags=0x20983e44)
07-03 21:42:36.415  1958  2022 I PackageManager: Un-granting permission com.xiaomi.permission.CLOUD_MANAGER from package com.duokan.phone.remotecontroller (protectionLevel=18 flags=0x20983e44)
07-03 21:42:36.415  1958  2022 I PackageManager: Un-granting permission com.android.launcher.permission.READ_SETTINGS from package com.duokan.phone.remotecontroller (protectionLevel=18 flags=0x20983e44)
07-03 21:42:36.415  1958  2022 I PackageManager: Un-granting permission android.permission.WRITE_SETTINGS from package com.duokan.phone.remotecontroller (protectionLevel=1218 flags=0x20983e44)
07-03 21:42:36.415  1958  2022 I PackageManager: Un-granting permission com.miui.securitycenter.permission.SYSTEM_PERMISSION_DECLARE from package com.duokan.phone.remotecontroller (protectionLevel=18 flags=0x20983e44)
07-03 21:42:36.415  1958  2022 I PackageManager: Un-granting permission android.permission.MOUNT_UNMOUNT_FILESYSTEMS from package com.duokan.phone.remotecontroller (protectionLevel=18 flags=0x20983e44)
07-03 21:42:36.415  1958  2022 I PackageManager: Un-granting permission android.permission.REAL_GET_TASKS from package com.google.android.apps.wellbeing (protectionLevel=18 flags=0x20cbbec5)
07-03 21:42:36.415  1958  2022 I PackageManager: Un-granting permission android.permission.START_TASKS_FROM_RECENTS from package com.google.android.apps.wellbeing (protectionLevel=18 flags=0x20cbbec5)
07-03 21:42:36.415  1958  2022 I PackageManager: Un-granting permission android.permission.MODIFY_DAY_NIGHT_MODE from package com.google.android.apps.wellbeing (protectionLevel=18 flags=0x20cbbec5)
07-03 21:42:36.416  1958  2022 I PackageManager: Un-granting permission android.permission.REQUEST_INSTALL_PACKAGES from package com.google.android.apps.docs (protectionLevel=66 flags=0x28cbbe44)
07-03 21:42:36.417  1958  2022 I PackageManager: Un-granting permission android.permission.SYSTEM_ALERT_WINDOW from package com.frontrow.vlog (protectionLevel=1250 flags=0x38983c44)
07-03 21:42:36.417  1958  2022 I PackageManager: Un-granting permission android.permission.ACCESS_MTP from package com.miui.cloudbackup (protectionLevel=18 flags=0x20d83ec5)
07-03 21:42:36.417  1958  2022 I PackageManager: Un-granting permission android.permission.SYSTEM_ALERT_WINDOW from package com.opera.browser (protectionLevel=1250 flags=0xa4c9be44)
07-03 21:42:36.417  1958  2022 I PackageManager: Un-granting permission android.permission.REQUEST_INSTALL_PACKAGES from package com.opera.browser (protectionLevel=66 flags=0xa4c9be44)
07-03 21:42:36.418  1958  2022 I PackageManager: Un-granting permission android.permission.INTERACT_ACROSS_USERS from package com.google.android.syncadapters.contacts (protectionLevel=50 flags=0x20883e45)
07-03 21:42:36.418  1958  2022 I PackageManager: Un-granting permission android.permission.REQUEST_INSTALL_PACKAGES from package com.android.chrome (protectionLevel=66 flags=0xa0cbbec5)
07-03 21:42:36.419  1958  2022 I PackageManager: Un-granting permission android.permission.SYSTEM_ALERT_WINDOW from package com.teamsmart.videomanager.tv (protectionLevel=1250 flags=0x38d83e44)
07-03 21:42:36.419  1958  2022 I PackageManager: Un-granting permission android.permission.READ_PRIVILEGED_PHONE_STATE from package com.teamsmart.videomanager.tv (protectionLevel=18 flags=0x38d83e44)
07-03 21:42:36.419  1958  2022 I PackageManager: Un-granting permission android.permission.REQUEST_INSTALL_PACKAGES from package com.teamsmart.videomanager.tv (protectionLevel=66 flags=0x38d83e44)
07-03 21:42:36.419  1958  2022 I PackageManager: Un-granting permission android.permission.WRITE_EMBEDDED_SUBSCRIPTIONSfrom package com.google.android.gms (protectionLevel=50 flags=0xa0cabec5)
07-03 21:42:36.419  1958  2022 I PackageManager: Un-granting permission android.permission.CAPTURE_VIDEO_OUTPUT from package com.google.android.gms (protectionLevel=2 flags=0xa0cabec5)
07-03 21:42:36.419  1958  2022 I PackageManager: Un-granting permission android.permission.FORCE_STOP_PACKAGES from package com.google.android.gms (protectionLevel=18 flags=0xa0cabec5)
07-03 21:42:36.419  1958  2022 I PackageManager: Un-granting permission android.permission.MODIFY_DEFAULT_AUDIO_EFFECTSfrom package com.google.android.gms (protectionLevel=18 flags=0xa0cabec5)
07-03 21:42:36.420  1958  2022 I PackageManager: Un-granting permission android.permission.MANAGE_DEVICE_ADMINS from package com.google.android.gms (protectionLevel=2 flags=0xa0cabec5)
07-03 21:42:36.420  1958  2022 I PackageManager: Un-granting permission android.permission.MANAGE_ACTIVITY_STACKS from package com.google.android.gms (protectionLevel=2 flags=0xa0cabec5)
07-03 21:42:36.420  1958  2022 I PackageManager: Un-granting permission android.permission.CAPTURE_SECURE_VIDEO_OUTPUT from package com.google.android.gms (protectionLevel=2 flags=0xa0cabec5)
07-03 21:42:36.420  1958  2022 I PackageManager: Un-granting permission android.permission.MANAGE_ROLLBACKS from package com.google.android.gms (protectionLevel=514 flags=0xa0cabec5)
07-03 21:42:36.420  1958  2022 I PackageManager: Un-granting permission android.permission.MEDIA_CONTENT_CONTROL from package com.google.android.gms (protectionLevel=18 flags=0xa0cabec5)
07-03 21:42:36.420  1958  2022 I PackageManager: Un-granting permission android.permission.HIDE_NON_SYSTEM_OVERLAY_WINDOWS from package com.google.android.gms (protectionLevel=258 flags=0xa0cabec5)
07-03 21:42:36.421  1958  2022 I PackageManager: Un-granting permission android.permission.UPDATE_APP_OPS_STATS from package com.google.android.tts (protectionLevel=274 flags=0x34cbbec5)
07-03 21:42:36.421  1958  2022 I PackageManager: Un-granting permission android.permission.START_ACTIVITIES_FROM_BACKGROUND from package com.google.android.tts (protectionLevel=49682 flags=0x34cbbec5)
07-03 21:42:36.421  1958  2022 I PackageManager: Un-granting permission android.permission.CHANGE_DEVICE_IDLE_TEMP_WHITELIST from package app.revanced.android.gms (protectionLevel=18 flags=0xb088be44)
07-03 21:42:36.421  1958  2022 I PackageManager: Un-granting permission android.permission.UPDATE_APP_OPS_STATS from package app.revanced.android.gms (protectionLevel=274 flags=0xb088be44)
07-03 21:42:36.421  1958  2022 I PackageManager: Un-granting permission android.permission.LOCATION_HARDWARE from package app.revanced.android.gms (protectionLevel=18 flags=0xb088be44)
07-03 21:42:36.421  1958  2022 I PackageManager: Un-granting permission android.permission.INSTALL_LOCATION_PROVIDER from package app.revanced.android.gms (protectionLevel=18 flags=0xb088be44)
07-03 21:42:36.421  1958  2022 I PackageManager: Un-granting permission android.permission.NETWORK_SCAN from package app.revanced.android.gms (protectionLevel=18 flags=0xb088be44)
07-03 21:42:36.421  1958  2022 I PackageManager: Un-granting permission android.permission.MODIFY_PHONE_STATE from package app.revanced.android.gms (protectionLevel=18 flags=0xb088be44)
07-03 21:42:36.421  1958  2022 I PackageManager: Un-granting permission android.permission.SYSTEM_ALERT_WINDOW from package app.revanced.android.gms (protectionLevel=1250 flags=0xb088be44)
07-03 21:42:36.421  1958  2022 I PackageManager: Un-granting permission android.permission.MANAGE_USB from package app.revanced.android.gms (protectionLevel=18 flags=0xb088be44)
07-03 21:42:36.421  1958  2022 I PackageManager: Un-granting permission android.permission.START_ACTIVITIES_FROM_BACKGROUND from package app.revanced.android.gms (protectionLevel=49682 flags=0xb088be44)
07-03 21:42:36.421  1958  2022 I PackageManager: Un-granting permission android.permission.UPDATE_DEVICE_STATS from package app.revanced.android.gms (protectionLevel=18 flags=0xb088be44)
07-03 21:42:36.421  1958  2022 I PackageManager: Un-granting permission android.permission.WATCH_APPOPS from package app.revanced.android.gms (protectionLevel=18 flags=0xb088be44)
07-03 21:42:36.423  1958  2022 I PackageManager: Un-granting permission android.permission.SYSTEM_ALERT_WINDOW from package com.gmail.heagoo.apkeditor.pro (protectionLevel=1250 flags=0x3898be44)
07-03 21:42:36.423  1958  2022 I PackageManager: Un-granting permission android.permission.PACKAGE_USAGE_STATS from package com.gmail.heagoo.apkeditor.pro (protectionLevel=114 flags=0x3898be44)
07-03 21:42:36.423  1958  2022 I PackageManager: Un-granting permission android.permission.REQUEST_INSTALL_PACKAGES from package com.gmail.heagoo.apkeditor.pro (protectionLevel=66 flags=0x3898be44)
07-03 21:42:36.424  1958  2022 I PackageManager: Un-granting permission android.permission.WRITE_SETTINGS from package com.jio.myjio (protectionLevel=1218 flags=0x38d83e44)
07-03 21:42:36.424  1958  2022 I PackageManager: Un-granting permission android.permission.INTERACT_ACROSS_USERS from package com.jio.myjio (protectionLevel=50 flags=0x38d83e44)
07-03 21:42:36.424  1958  2022 I PackageManager: Un-granting permission android.permission.READ_PRIVILEGED_PHONE_STATE from package com.jio.myjio (protectionLevel=18 flags=0x38d83e44)
07-03 21:42:36.424  1958  2022 I PackageManager: Un-granting permission android.permission.CAPTURE_VIDEO_OUTPUT from package com.jio.myjio (protectionLevel=2 flags=0x38d83e44)
07-03 21:42:36.424  1958  2022 I PackageManager: Un-granting permission android.permission.BROADCAST_SMS from package com.jio.myjio (protectionLevel=2 flags=0x38d83e44)
07-03 21:42:36.424  1958  2022 I PackageManager: Un-granting permission android.permission.SYSTEM_ALERT_WINDOW from package com.google.android.apps.photos (protectionLevel=1250 flags=0x38dbbe44)
07-03 21:42:36.424  1958  2022 I PackageManager: Un-granting permission android.permission.WRITE_SETTINGS from package com.google.android.apps.photos (protectionLevel=1218 flags=0x38dbbe44)
07-03 21:42:36.424  1958  2022 I PackageManager: Un-granting permission android.permission.WRITE_MEDIA_STORAGE from package com.google.android.apps.photos (protectionLevel=18 flags=0x38dbbe44)
07-03 21:42:36.426  1958  2022 I PackageManager: Un-granting permission android.permission.SYSTEM_ALERT_WINDOW from package com.wondershare.filmorago (protectionLevel=1250 flags=0x38d83e44)
07-03 21:42:36.426  1958  2022 I PackageManager: Un-granting permission com.android.launcher.permission.READ_SETTINGS from package com.wondershare.filmorago (protectionLevel=18 flags=0x38d83e44)
07-03 21:42:36.426  1958  2022 I PackageManager: Un-granting permission com.android.launcher.permission.WRITE_SETTINGS from package com.wondershare.filmorago (protectionLevel=18 flags=0x38d83e44)
07-03 21:42:36.426  1958  2022 I PackageManager: Un-granting permission android.permission.SYSTEM_ALERT_WINDOW from package com.dv.adm (protectionLevel=1250 flags=0x2888be44)
07-03 21:42:36.426  1958  2022 I PackageManager: Un-granting permission android.permission.WRITE_SETTINGS from package com.valvesoftware.android.steam.community (protectionLevel=1218 flags=0x20883e44)
07-03 21:42:36.426  1958  2022 I PackageManager: Un-granting permission android.permission.REQUEST_INSTALL_PACKAGES from package com.yablio.sendfilestotv (protectionLevel=66 flags=0x30c8be44)
07-03 21:42:36.427  1958  2022 I PackageManager: Un-granting permission android.permission.REQUEST_INSTALL_PACKAGES from package org.mozilla.firefox (protectionLevel=66 flags=0x38c83e44)
07-03 21:42:36.427  1958  2022 I PackageManager: Un-granting permission android.permission.SYSTEM_ALERT_WINDOW from package com.google.android.apps.translate (protectionLevel=1250 flags=0x34c9be44)
07-03 21:42:36.429  1958  2022 I PackageManager: Un-granting permission miui.permission.EXTRA_NETWORK from package com.miui.weather2 (protectionLevel=18 flags=0x30c9bec5)
07-03 21:42:36.429  1958  2022 I PackageManager: Un-granting permission com.miui.securitycenter.permission.SYSTEM_PERMISSION_DECLARE from package com.miui.weather2 (protectionLevel=18 flags=0x30c9bec5)
07-03 21:42:36.429  1958  2022 I PackageManager: Un-granting permission com.miui.bugreport.permission.DUMP_CACHED_LOG from package com.miui.weather2 (protectionLevel=2 flags=0x30c9bec5)
07-03 21:42:36.430  1958  2022 I PackageManager: Un-granting permission com.google.android.finsky.permission.GEARHEAD_SERVICE from package com.google.android.projection.gearhead (protectionLevel=18 flags=0x2888bec5)
07-03 21:42:36.430  1958  2022 I PackageManager: Un-granting permission android.permission.CHANGE_COMPONENT_ENABLED_STATE from package com.google.android.projection.gearhead (protectionLevel=18 flags=0x2888bec5)
07-03 21:42:36.430  1958  2022 I PackageManager: Un-granting permission android.permission.UPDATE_APP_OPS_STATS from package com.google.android.projection.gearhead (protectionLevel=274 flags=0x2888bec5)
07-03 21:42:36.430  1958  2022 I PackageManager: Un-granting permission android.permission.POWER_SAVER from package com.google.android.projection.gearhead (protectionLevel=18 flags=0x2888bec5)
07-03 21:42:36.430  1958  2022 I PackageManager: Un-granting permission android.permission.TETHER_PRIVILEGED from package com.google.android.projection.gearhead (protectionLevel=18 flags=0x2888bec5)
07-03 21:42:36.430  1958  2022 I PackageManager: Un-granting permission android.permission.INTERACT_ACROSS_PROFILES from package com.google.android.projection.gearhead (protectionLevel=18 flags=0x2888bec5)
07-03 21:42:36.430  1958  2022 I PackageManager: Un-granting permission android.permission.CAPTURE_SECURE_VIDEO_OUTPUT from package com.google.android.projection.gearhead (protectionLevel=2 flags=0x2888bec5)
07-03 21:42:36.430  1958  2022 I PackageManager: Un-granting permission android.permission.MANAGE_DOCUMENTS from package cn.xender (protectionLevel=262146 flags=0x30d83e44)
07-03 21:42:36.430  1958  2022 I PackageManager: Un-granting permission android.permission.MOUNT_UNMOUNT_FILESYSTEMS from package cn.xender (protectionLevel=18 flags=0x30d83e44)
07-03 21:42:36.430  1958  2022 I PackageManager: Un-granting permission android.permission.NETWORK_STACK from package cn.xender (protectionLevel=2 flags=0x30d83e44)
07-03 21:42:36.430  1958  2022 I PackageManager: Un-granting permission android.permission.SYSTEM_ALERT_WINDOW from package cn.xender (protectionLevel=1250 flags=0x30d83e44)
07-03 21:42:36.430  1958  2022 I PackageManager: Un-granting permission android.permission.WRITE_SETTINGS from package cn.xender (protectionLevel=1218 flags=0x30d83e44)
07-03 21:42:36.430  1958  2022 I PackageManager: Un-granting permission android.permission.CHANGE_CONFIGURATION from package cn.xender (protectionLevel=50 flags=0x30d83e44)
07-03 21:42:36.430  1958  2022 I PackageManager: Un-granting permission android.permission.REQUEST_INSTALL_PACKAGES from package cn.xender (protectionLevel=66 flags=0x30d83e44)
07-03 21:42:36.430  1958  2022 I PackageManager: Un-granting permission com.android.launcher.permission.READ_SETTINGS from package cn.xender (protectionLevel=18 flags=0x30d83e44)
07-03 21:42:36.430  1958  2022 I PackageManager: Un-granting permission com.android.launcher.permission.WRITE_SETTINGS from package cn.xender (protectionLevel=18 flags=0x30d83e44)
07-03 21:42:36.431  1958  2022 I PackageManager: Un-granting permission com.google.android.googleapps.permission.GOOGLE_AUTH.mail from package com.xiaomi.calendar (protectionLevel=2 flags=0x38c9bec5)
07-03 21:42:36.433  1958  2022 I PackageManager: Un-granting permission android.permission.SYSTEM_ALERT_WINDOW from package com.iprototypes.volume (protectionLevel=1250 flags=0x3088be44)
07-03 21:42:36.434  1958  2022 I PackageManager: Un-granting permission android.permission.REQUEST_INSTALL_PACKAGES from package com.wondershare.drfone.link (protectionLevel=66 flags=0x30c8be44)
07-03 21:42:36.434  1958  2022 I PackageManager: Un-granting permission android.permission.ACCESS_MOCK_LOCATION from package com.wondershare.drfone.link (protectionLevel=2 flags=0x30c8be44)
07-03 21:42:36.434  1958  2022 I PackageManager: Un-granting permission android.permission.WRITE_SETTINGS from package com.wondershare.drfone.link (protectionLevel=1218 flags=0x30c8be44)
07-03 21:42:36.434  1958  2022 I PackageManager: Un-granting permission android.permission.DEVICE_POWER from package com.wondershare.drfone.link (protectionLevel=2 flags=0x30c8be44)
07-03 21:42:36.434  1958  2022 I PackageManager: Un-granting permission android.permission.MOUNT_UNMOUNT_FILESYSTEMS from package com.wondershare.drfone.link (protectionLevel=18 flags=0x30c8be44)
07-03 21:42:36.434  1958  2022 I PackageManager: Un-granting permission android.permission.INSTALL_PACKAGES from package com.wondershare.drfone.link (protectionLevel=18 flags=0x30c8be44)
07-03 21:42:36.434  1958  2022 I PackageManager: Un-granting permission android.permission.DELETE_PACKAGES from packagecom.wondershare.drfone.link (protectionLevel=18 flags=0x30c8be44)
07-03 21:42:36.434  1958  2022 I PackageManager: Un-granting permission android.permission.CLEAR_APP_CACHE from packagecom.wondershare.drfone.link (protectionLevel=18 flags=0x30c8be44)
07-03 21:42:36.434  1958  2022 I PackageManager: Un-granting permission com.android.launcher.permission.READ_SETTINGS from package com.wondershare.drfone.link (protectionLevel=18 flags=0x30c8be44)
07-03 21:42:36.434  1958  2022 I PackageManager: Un-granting permission android.permission.UPDATE_DEVICE_STATS from package com.wondershare.drfone.link (protectionLevel=18 flags=0x30c8be44)
07-03 21:42:36.434  1958  2022 I PackageManager: Un-granting permission android.permission.MODIFY_PHONE_STATE from package com.wondershare.drfone.link (protectionLevel=18 flags=0x30c8be44)
07-03 21:42:36.435  1958  2022 I PackageManager: Un-granting permission android.permission.SYSTEM_ALERT_WINDOW from package info.kfsoft.force.rotation (protectionLevel=1250 flags=0x20883e44)
07-03 21:42:36.435  1958  2022 I PackageManager: Un-granting permission android.permission.PACKAGE_USAGE_STATS from package info.kfsoft.force.rotation (protectionLevel=114 flags=0x20883e44)
07-03 21:42:36.436  1958  2022 I PackageManager: Un-granting permission com.xiaomi.permission.CLOUD_MANAGER from package com.mipay.wallet.in (protectionLevel=18 flags=0x38c83e45)
07-03 21:42:36.436  1958  2022 I PackageManager: Un-granting permission android.permission.REQUEST_INSTALL_PACKAGES from package com.mipay.wallet.in (protectionLevel=66 flags=0x38c83e45)
07-03 21:42:36.437  1958  2022 I PackageManager: Un-granting permission android.permission.READ_PRIVILEGED_PHONE_STATE from package com.miui.core (protectionLevel=18 flags=0x28883e05)
07-03 21:42:36.437  1958  2022 I PackageManager: Un-granting permission android.permission.INTERACT_ACROSS_PROFILES from package com.google.android.inputmethod.latin (protectionLevel=18 flags=0x20cabec5)
07-03 21:42:36.622  1958  2022 W FileUtils: Slow Operation: fsync took 151ms
07-03 21:42:36.686 29274  8929 W BpBinder: Slow Binder: BpBinder transact took 600ms, interface=android.content.pm.IPackageManager, code=13 oneway=false
07-03 21:42:36.787  8838  8892 W BpBinder: Slow Binder: BpBinder transact took 740ms, interface=com.google.android.gms.measurement.internal.IMeasurementService, code=11 oneway=false
07-03 21:42:44.899  1958  2022 W BpBinder: Slow Binder: BpBinder transact took 8197ms, interface=android.os.IInstalld, code=14 oneway=false
07-03 21:42:44.901  1958  2022 W Looper  : Slow Looper PackageManager: Long Msg: seq=2435 plan=21:42:36.076  late=0ms wall=8825ms running=258ms runnable=7ms io=322ms h=com.android.server.pm.PackageManagerService$PackageHandler c=com.android.server.pm.-$$Lambda$PackageManagerService$6_Yp7BSB4TgtrWSoFlODKgHIvZY
07-03 21:42:44.902  1958  2022 I InstallationStatistic: com.BHG.gurbani|null|11644|750|122|1858|0|8204
07-03 21:42:44.902  1958  2022 W PackageManager: Cannot whitelist unknown permission: android.permission.ACCESS_ADSERVICES_ATTRIBUTION
07-03 21:42:44.902  1958  2022 W PackageManager: Cannot whitelist unknown permission: android.permission.ACCESS_ADSERVICES_AD_ID
07-03 21:42:44.980  1958  2022 I ActivityManager: Force stopping com.BHG.gurbani appid=10776 user=0: pkg removed
07-03 21:42:44.981  8822  8828 W BpBinder: Slow Binder: BpBinder transact took 12761ms, interface=android.content.pm.IPackageManager, code=1598246212 oneway=false
07-03 21:42:44.981  1958  2022 I AutoStartManagerService: MIUILOG- Reject RestartService packageName :com.BHG.gurbani uid : 10776
07-03 21:42:45.013  1958  2010 W BroadcastQueue: Background execution not allowed: receiving Intent { act=android.intent.action.PACKAGE_REMOVED dat=package:com.BHG.gurbani flg=0x4000010 (has extras) } to com.lbe.security.miui/com.lbe.security.service.BootReceiver
07-03 21:42:45.013  1958  2010 W BroadcastQueue: Background execution not allowed: receiving Intent { act=android.intent.action.PACKAGE_REMOVED dat=package:com.BHG.gurbani flg=0x4000010 (has extras) } to com.android.settings/.search.provider.UpdateReceiver
07-03 21:42:45.050  1958  2010 W BroadcastQueue: Background execution not allowed: receiving Intent { act=android.intent.action.PACKAGE_REMOVED dat=package:com.BHG.gurbani flg=0x4000010 (has extras) } to com.android.vending/com.google.android.finsky.packagemonitor.impl.PackageMonitorReceiverImpl$RegisteredReceiver
07-03 21:42:45.087  1958  2132 I MiuiCompatModePackages: package com.BHG.gurbani updated, removing config
07-03 21:42:45.110  1958  5090 W LocationProviderProxy: Odd, no component found for service com.android.location.service.v3.NetworkLocationProvider
07-03 21:42:45.110  1958  2010 W BroadcastQueue: Background execution not allowed: receiving Intent { act=android.intent.action.PACKAGE_REMOVED dat=package:com.BHG.gurbani flg=0x4000010 (has extras) } to com.android.vending/com.google.android.finsky.packagemonitor.backgroundimpl.BackgroundPackageMonitorReceiverImpl$RegisteredReceiver
07-03 21:42:45.150  1958  2010 W BroadcastQueue: Background execution not allowed: receiving Intent { act=android.intent.action.PACKAGE_REMOVED dat=package:com.BHG.gurbani flg=0x4000010 (has extras) } to com.android.vending/com.google.android.finsky.instantapps.appmanagement.InstantAppRemoveMonitor
07-03 21:42:45.152  1958  2011 I ActivityManager: Start proc 8946:com.android.keychain/1000 for service {com.android.keychain/com.android.keychain.KeyChainService} caller=android
07-03 21:42:45.183  1958  2010 W BroadcastQueue: Background execution not allowed: receiving Intent { act=android.intent.action.PACKAGE_REMOVED dat=package:com.BHG.gurbani flg=0x4000010 (has extras) } to com.google.android.apps.maps/com.google.android.libraries.social.peoplekit.thirdparty.viewcontrollers.ThirdPartyReceiver
07-03 21:42:45.206  8327  8382 I Ad      : isPersonalizedAdEnabled getAdSettings: 3
07-03 21:42:45.213  1958  2010 W BroadcastQueue: Background execution not allowed: receiving Intent { act=android.intent.action.PACKAGE_REMOVED dat=package:com.BHG.gurbani flg=0x4000010 (has extras) } to com.google.android.gms/.chimera.GmsIntentOperationService$PersistentTrustedReceiver
07-03 21:42:45.213  1958  2010 W BroadcastQueue: Background execution not allowed: receiving Intent { act=android.intent.action.PACKAGE_REMOVED dat=package:com.BHG.gurbani flg=0x4000010 (has extras) } to com.google.android.gms/.games.chimera.GamesSystemBroadcastReceiverProxy
07-03 21:42:45.214  1958  2010 W BroadcastQueue: Background execution not allowed: receiving Intent { act=android.intent.action.PACKAGE_REMOVED dat=package:com.BHG.gurbani flg=0x4000010 (has extras) } to com.miui.audioeffect/com.android.musicfx.Compatibility$Receiver
07-03 21:42:45.215  1958  2011 I ActivityManager: Start proc 8971:com.miui.global.packageinstaller/u0a162 for service {com.miui.global.packageinstaller/com.miui.global.packageinstaller.service.ScanDispatchService} caller=com.miui.securitycenter
07-03 21:42:45.217  1958  2010 W BroadcastQueue: Background execution not allowed: receiving Intent { act=android.intent.action.PACKAGE_REMOVED dat=package:com.BHG.gurbani flg=0x4000010 (has extras) } to com.xiaomi.discover/com.xiaomi.market.data.MyPackageMonitor
07-03 21:42:45.217  1958  2010 W BroadcastQueue: Background execution not allowed: receiving Intent { act=android.intent.action.PACKAGE_REMOVED dat=package:com.BHG.gurbani flg=0x4000010 (has extras) } to com.xiaomi.mipicks/com.xiaomi.market.data.MyPackageMonitor
07-03 21:42:45.219  1958  2010 W BroadcastQueue: Background execution not allowed: receiving Intent { act=android.intent.action.PACKAGE_REMOVED dat=package:com.BHG.gurbani flg=0x4000010 (has extras) } to com.xiaomi.misettings/.usagestats.AppTimerReceiver
07-03 21:42:45.220  1958  2010 W BroadcastQueue: Background execution not allowed: receiving Intent { act=android.intent.action.PACKAGE_REMOVED dat=package:com.BHG.gurbani flg=0x4000010 (has extras) } to app.revanced.android.gms/org.microg.gms.gcm.UnregisterReceiver
07-03 21:42:45.220  1958  2010 W BroadcastQueue: Background execution not allowed: receiving Intent { act=android.intent.action.PACKAGE_REMOVED dat=package:com.BHG.gurbani flg=0x4000010 (has extras) } to com.google.android.apps.photos/com.google.android.libraries.social.peoplekit.thirdparty.viewcontrollers.ThirdPartyReceiver
07-03 21:42:45.220  1958  2010 W BroadcastQueue: Background execution not allowed: receiving Intent { act=android.intent.action.PACKAGE_REMOVED dat=package:com.BHG.gurbani flg=0x4000010 (has extras) } to com.jio.myjio/com.inn.passivesdk.receiver.PackageReceiver
07-03 21:42:45.220  1958  2010 W BroadcastQueue: Background execution not allowed: receiving Intent { act=android.intent.action.PACKAGE_ADDED dat=package:com.BHG.gurbani flg=0x4000010 (has extras) } to com.lbe.security.miui/com.lbe.security.service.BootReceiver
07-03 21:42:45.221  1958  2010 W BroadcastQueue: Background execution not allowed: receiving Intent { act=android.intent.action.PACKAGE_ADDED dat=package:com.BHG.gurbani flg=0x4000010 (has extras) } to com.msf.kbank.mobile/com.cv.sdk.receiver.EventReceiver
07-03 21:42:45.221  1958  2010 W BroadcastQueue: Background execution not allowed: receiving Intent { act=android.intent.action.PACKAGE_ADDED dat=package:com.BHG.gurbani flg=0x4000010 (has extras) } to com.google.android.packageinstaller/com.android.packageinstaller.PackageInstalledReceiver
07-03 21:42:45.221  1958  2010 W BroadcastQueue: Background execution not allowed: receiving Intent { act=android.intent.action.PACKAGE_ADDED dat=package:com.BHG.gurbani flg=0x4000010 (has extras) } to com.android.settings/.search.provider.UpdateReceiver
07-03 21:42:45.228  1958  2010 W BroadcastQueue: Background execution not allowed: receiving Intent { act=android.intent.action.PACKAGE_ADDED dat=package:com.BHG.gurbani flg=0x4000010 (has extras) } to com.android.vending/com.google.android.finsky.packagemonitor.impl.PackageMonitorReceiverImpl$RegisteredReceiver
07-03 21:42:45.228  1958  2010 W BroadcastQueue: Background execution not allowed: receiving Intent { act=android.intent.action.PACKAGE_ADDED dat=package:com.BHG.gurbani flg=0x4000010 (has extras) } to com.android.vending/com.google.android.finsky.packagemonitor.backgroundimpl.BackgroundPackageMonitorReceiverImpl$RegisteredReceiver
07-03 21:42:45.228  1958  2010 W BroadcastQueue: Background execution not allowed: receiving Intent { act=android.intent.action.PACKAGE_ADDED dat=package:com.BHG.gurbani flg=0x4000010 (has extras) } to com.facebook.appmanager/com.facebook.oxygen.common.packages.event.manifest.ManifestPackageEventReceiver
07-03 21:42:45.254  1958  2010 W BroadcastQueue: Background execution not allowed: receiving Intent { act=android.intent.action.PACKAGE_ADDED dat=package:com.BHG.gurbani flg=0x4000010 (has extras) } to com.google.android.gms/.chimera.GmsIntentOperationService$PersistentTrustedReceiver
07-03 21:42:45.258  1958  2010 W BroadcastQueue: Background execution not allowed: receiving Intent { act=android.intent.action.PACKAGE_ADDED dat=package:com.BHG.gurbani flg=0x4000010 (has extras) } to com.google.android.gms/.games.chimera.GamesSystemBroadcastReceiverProxy
07-03 21:42:45.258  1958  2010 W BroadcastQueue: Background execution not allowed: receiving Intent { act=android.intent.action.PACKAGE_ADDED dat=package:com.BHG.gurbani flg=0x4000010 (has extras) } to com.google.android.gms/.gass.chimera.PackageChangeBroadcastReceiver
07-03 21:42:45.258  1958  2010 W BroadcastQueue: Background execution not allowed: receiving Intent { act=android.intent.action.PACKAGE_ADDED dat=package:com.BHG.gurbani flg=0x4000010 (has extras) } to com.miui.audioeffect/com.android.musicfx.Compatibility$Receiver
07-03 21:42:45.258  1958  2010 W BroadcastQueue: Background execution not allowed: receiving Intent { act=android.intent.action.PACKAGE_ADDED dat=package:com.BHG.gurbani flg=0x4000010 (has extras) } to com.xiaomi.discover/com.xiaomi.market.data.MyPackageMonitor
07-03 21:42:45.259  1958  2010 W BroadcastQueue: Background execution not allowed: receiving Intent { act=android.intent.action.PACKAGE_ADDED dat=package:com.BHG.gurbani flg=0x4000010 (has extras) } to com.xiaomi.mipicks/com.xiaomi.market.data.MyPackageMonitor
07-03 21:42:45.259  1958  2010 W BroadcastQueue: Background execution not allowed: receiving Intent { act=android.intent.action.PACKAGE_ADDED dat=package:com.BHG.gurbani flg=0x4000010 (has extras) } to com.xiaomi.misettings/.usagestats.AppTimerReceiver
07-03 21:42:45.260  1958  2010 W BroadcastQueue: Background execution not allowed: receiving Intent { act=android.intent.action.PACKAGE_ADDED dat=package:com.BHG.gurbani flg=0x4000010 (has extras) } to com.dv.adm/com.appodeal.ads.AppodealPackageAddedReceiver
07-03 21:42:45.260  1958  2010 W BroadcastQueue: Background execution not allowed: receiving Intent { act=android.intent.action.PACKAGE_ADDED dat=package:com.BHG.gurbani flg=0x4000010 (has extras) } to com.jio.myjio/com.inn.passivesdk.receiver.PackageReceiver
07-03 21:42:45.267  1958  1993 W Looper  : Slow delivery took 202ms android.fg h=android.os.Handler c=<recycled PooledLambda@a5269cb> m=0
07-03 21:42:45.372  8433  8697 W FileUtils: Slow Operation: fsync took 328ms
07-03 21:42:45.386  1958  1993 W Looper  : Drained
07-03 21:42:45.437  1958  2011 I ActivityManager: Start proc 9020:com.google.android.googlequicksearchbox:search/u0a186for service {com.google.android.googlequicksearchbox/com.google.android.apps.gsa.search.core.service.SearchService} caller=com.google.android.googlequicksearchbox
07-03 21:42:45.467  1958  2011 I ActivityManager: Start proc 9038:com.miui.cloudservice/u0a126 for service {com.miui.cloudservice/com.miui.cloudservice.notification.MiCloudSyncNotificationService} caller=android
07-03 21:42:45.863  8149  8207 W BpBinder: Slow Binder: BpBinder transact took 432ms, interface=com.google.android.auth.IAuthManagerService, code=2 oneway=false
07-03 21:42:46.031  1958  2011 I ActivityManager: Start proc 9121:com.xiaomi.account/u0a112 for service {com.xiaomi.account/com.xiaomi.account.XiaomiAccountService} caller=com.miui.cloudservice
07-03 21:42:46.050  8971  9137 I Ad      : isPersonalizedAdEnabled getAdSettings: 3
