06-30 00:04:02.076  3787  3787 W Looper  : Slow Looper main: Long Msg: seq=7881 plan=00:04:00.895  late=4ms wall=1177msrunning=20ms runnable=37ms io=1046ms h=android.app.ActivityThread$H w=159
06-30 00:04:02.076 19805 19805 W Looper  : Slow Looper main: Long Msg: seq=486 plan=00:04:00.882  late=0ms wall=1194ms running=42ms runnable=27ms io=1046ms h=android.app.ActivityThread$H w=159
06-30 00:04:02.077 20182 20182 W Looper  : Slow Looper main: Long Msg: seq=218 plan=00:04:00.881  late=1ms wall=1195ms running=42ms runnable=50ms io=1039ms h=android.app.ActivityThread$H w=159
06-30 00:04:02.097   788   903 W EventThreadInspector: slow VSync-sf on display(19260784713820289), count=1, avg=49 ms,max=49 ms.
06-30 00:04:02.097   788   902 W EventThreadInspector: slow VSync-app on display(19260784713820289), count=1, avg=45 ms, max=45 ms.
06-30 00:04:02.689  3855  4377 W MiuiPerfServiceClient: interceptAndQueuing:2181|com.android.systemui|946|618|unknown|null|StatusBar|35417414218102|Slow main thread|4
06-30 00:04:07.445  1958  2014 E BatteryExternalStatsWorker: no controller energy info supplied for bluetooth
06-30 00:04:07.499  1958  2014 E BatteryExternalStatsWorker: no controller energy info supplied for bluetooth
06-30 00:04:08.402  9213  9213 I Timeline: Timeline: Activity_launch_request time:35423590
06-30 00:04:08.403  1958  5256 I ActivityTaskManager: START u0 {cmp=com.BHG.sharechat/.UploadActivity} from uid 10768
06-30 00:04:08.416  9213  9213 W ActivityThread: SCHED: com.BHG.sharechat/.MainActivity [76, r=185ms, a=58ms, w=7001ms]
06-30 00:04:08.419  1958  5256 I ActivityTaskManager: The Process com.BHG.sharechat Already Exists in BG. So sending its PID: 9213
06-30 00:04:08.423  1958  5256 I Timeline: Timeline: App_transition_ready time:35423610
06-30 00:04:08.456  1958  5255 E WindowManager: App trying to use insecure INPUT_FEATURE_NO_INPUT_CHANNEL flag. Ignoring
06-30 00:04:08.465  1958  5256 I Timeline: Timeline: App_transition_ready time:35423652
06-30 00:04:08.467  1958  5256 I Timeline: Timeline: App_transition_ready time:35423654
06-30 00:04:08.494  1958  1997 I Timeline: Timeline: App_transition_ready time:35423681
06-30 00:04:08.750  1958  1997 I Timeline: Timeline: Activity_windows_visible id: ActivityRecord{aa19709 u0 com.BHG.sharechat/.UploadActivity t1160} time:35423937
06-30 00:04:08.753  1958  1997 I Timeline: Timeline: App_transition_stopped time:35423940
06-30 00:04:09.350  1958  5256 W BaseMiuiPhoneWindowManager: keyCode:4 down:true eventTime:35424536 downTime:35424536 policyFlags:2b000002 flags:48 deviceId:-1 isScreenOn:true keyguardActive:false repeatCount:0
06-30 00:04:09.454  1958  5256 W BaseMiuiPhoneWindowManager: keyCode:4 down:false eventTime:35424641 downTime:35424536 policyFlags:2b000002 flags:48 deviceId:-1 isScreenOn:true keyguardActive:false repeatCount:0
06-30 00:04:09.460  9213  9213 W ActivityThread: SCHED: com.BHG.sharechat/.UploadActivity [66, r=28ms, a=14ms, w=1010ms]
06-30 00:04:09.467  1958  2066 I Timeline: Timeline: App_transition_ready time:35424654
06-30 00:04:09.487  1958  2066 I Timeline: Timeline: App_transition_ready time:35424674
06-30 00:04:09.503  1958  1997 I Timeline: Timeline: App_transition_ready time:35424690
06-30 00:04:09.751  1958  1997 I Timeline: Timeline: Activity_windows_visible id: ActivityRecord{85dbad6 u0 com.BHG.sharechat/.MainActivity t1160} time:35424938
06-30 00:04:09.754  1958  1997 I Timeline: Timeline: App_transition_stopped time:35424941
06-30 00:04:10.871  9213  9213 I Timeline: Timeline: Activity_launch_request time:35426059
06-30 00:04:10.873  1958  5269 I ActivityTaskManager: START u0 {cmp=com.BHG.sharechat/.PostDetailActivity (has extras)}from uid 10768
06-30 00:04:10.882  9213  9213 W ActivityThread: SCHED: com.BHG.sharechat/.MainActivity [80, r=75ms, a=18ms, w=1407ms]
06-30 00:04:10.884  1958  5255 I ActivityTaskManager: The Process com.BHG.sharechat Already Exists in BG. So sending its PID: 9213
06-30 00:04:10.889  1958  5255 I Timeline: Timeline: App_transition_ready time:35426076
06-30 00:04:10.942  1958  5269 E WindowManager: App trying to use insecure INPUT_FEATURE_NO_INPUT_CHANNEL flag. Ignoring
06-30 00:04:10.956  1958  5269 I Timeline: Timeline: App_transition_ready time:35426143
06-30 00:04:10.958  1958  5269 I Timeline: Timeline: App_transition_ready time:35426145
06-30 00:04:10.983  1958  1997 I Timeline: Timeline: App_transition_ready time:35426171
06-30 00:04:11.252  1958  1997 I Timeline: Timeline: Activity_windows_visible id: ActivityRecord{ce6af7a u0 com.BHG.sharechat/.PostDetailActivity t1160} time:35426439
06-30 00:04:11.253  1958  1997 I Timeline: Timeline: App_transition_stopped time:35426441
06-30 00:04:12.983  9213  9213 I Timeline: Timeline: Activity_launch_request time:35428170
06-30 00:04:12.984  1958  5256 I ActivityTaskManager: START u0 {cmp=com.BHG.sharechat/.UserProfileActivity (has extras)} from uid 10768
06-30 00:04:12.994  9213  9213 W ActivityThread: SCHED: com.BHG.sharechat/.PostDetailActivity [71, r=52ms, a=21ms, w=2058ms]
06-30 00:04:12.996  1958  5256 I ActivityTaskManager: The Process com.BHG.sharechat Already Exists in BG. So sending its PID: 9213
06-30 00:04:13.000  1958  5256 I Timeline: Timeline: App_transition_ready time:35428188
06-30 00:04:13.050  1958  5269 E WindowManager: App trying to use insecure INPUT_FEATURE_NO_INPUT_CHANNEL flag. Ignoring
06-30 00:04:13.066  1958  4008 I Timeline: Timeline: App_transition_ready time:35428253
06-30 00:04:13.067  1958  4008 I Timeline: Timeline: App_transition_ready time:35428254
06-30 00:04:13.092  1958  1997 I Timeline: Timeline: App_transition_ready time:35428279
06-30 00:04:13.336  1958  1997 I Timeline: Timeline: Activity_windows_visible id: ActivityRecord{96ef5d1 u0 com.BHG.sharechat/.UserProfileActivity t1160} time:35428523
06-30 00:04:13.338  1958  1997 I Timeline: Timeline: App_transition_stopped time:35428525
06-30 00:04:14.413  1958  5269 W BaseMiuiPhoneWindowManager: keyCode:4 down:true eventTime:35429600 downTime:35429600 policyFlags:2b000002 flags:48 deviceId:-1 isScreenOn:true keyguardActive:false repeatCount:0
06-30 00:04:14.523  1958  5269 W BaseMiuiPhoneWindowManager: keyCode:4 down:false eventTime:35429709 downTime:35429600 policyFlags:2b000002 flags:48 deviceId:-1 isScreenOn:true keyguardActive:false repeatCount:0
06-30 00:04:14.530  9213  9213 W ActivityThread: SCHED: com.BHG.sharechat/.UserProfileActivity [77, r=45ms, a=13ms, w=1487ms]
06-30 00:04:14.537  1958  2348 I Timeline: Timeline: App_transition_ready time:35429724
06-30 00:04:14.553  1958  5269 I Timeline: Timeline: App_transition_ready time:35429740
06-30 00:04:14.572  1958  5269 I Timeline: Timeline: App_transition_ready time:35429759
06-30 00:04:14.588  1958  1997 I Timeline: Timeline: App_transition_ready time:35429776
06-30 00:04:14.852  1958  1997 I Timeline: Timeline: Activity_windows_visible id: ActivityRecord{ce6af7a u0 com.BHG.sharechat/.PostDetailActivity t1160} time:35430039
06-30 00:04:14.855  1958  1997 I Timeline: Timeline: App_transition_stopped time:35430042
06-30 00:04:15.205  1958  4008 W BaseMiuiPhoneWindowManager: keyCode:4 down:true eventTime:35430391 downTime:35430391 policyFlags:2b000002 flags:48 deviceId:-1 isScreenOn:true keyguardActive:false repeatCount:0
06-30 00:04:15.273  1958  4008 W BaseMiuiPhoneWindowManager: keyCode:4 down:false eventTime:35430460 downTime:35430391 policyFlags:2b000002 flags:48 deviceId:-1 isScreenOn:true keyguardActive:false repeatCount:0
06-30 00:04:15.279  9213  9213 W ActivityThread: SCHED: com.BHG.sharechat/.PostDetailActivity [77, r=24ms, a=7ms, w=723ms]
06-30 00:04:15.286  1958  2066 I Timeline: Timeline: App_transition_ready time:35430474
06-30 00:04:15.304  1958  4008 I Timeline: Timeline: App_transition_ready time:35430492
06-30 00:04:15.320  1958  1997 I Timeline: Timeline: App_transition_ready time:35430507
06-30 00:04:15.569  1958  1997 I Timeline: Timeline: Activity_windows_visible id: ActivityRecord{85dbad6 u0 com.BHG.sharechat/.MainActivity t1160} time:35430757
06-30 00:04:15.572  1958  1997 I Timeline: Timeline: App_transition_stopped time:35430759
06-30 00:04:16.041  9213  9213 I Timeline: Timeline: Activity_launch_request time:35431228
06-30 00:04:16.043  1958  4008 I ActivityTaskManager: START u0 {cmp=com.BHG.sharechat/.PostDetailActivity (has extras)}from uid 10768
06-30 00:04:16.055  9213  9213 W ActivityThread: SCHED: com.BHG.sharechat/.MainActivity [83, r=20ms, a=4ms, w=765ms]
06-30 00:04:16.058  1958  2066 I ActivityTaskManager: The Process com.BHG.sharechat Already Exists in BG. So sending its PID: 9213
06-30 00:04:16.062  1958  2066 I Timeline: Timeline: App_transition_ready time:35431249
06-30 00:04:16.097  1958  4008 E WindowManager: App trying to use insecure INPUT_FEATURE_NO_INPUT_CHANNEL flag. Ignoring
06-30 00:04:16.107  1958  4008 I Timeline: Timeline: App_transition_ready time:35431294
06-30 00:04:16.109  1958  4008 I Timeline: Timeline: App_transition_ready time:35431296
06-30 00:04:16.130  1958  1997 I Timeline: Timeline: App_transition_ready time:35431317
06-30 00:04:16.370  1958  1997 I Timeline: Timeline: Activity_windows_visible id: ActivityRecord{783056e u0 com.BHG.sharechat/.PostDetailActivity t1160} time:35431557
06-30 00:04:16.373  1958  1997 I Timeline: Timeline: App_transition_stopped time:35431560
06-30 00:04:16.850  9213  9213 I Timeline: Timeline: Activity_launch_request time:35432037
06-30 00:04:16.850  1958  4008 I ActivityTaskManager: START u0 {cmp=com.BHG.sharechat/.UserProfileActivity (has extras)} from uid 10768
06-30 00:04:16.860  9213  9213 W ActivityThread: SCHED: com.BHG.sharechat/.PostDetailActivity [65, r=30ms, a=16ms, w=767ms]
06-30 00:04:16.861  1958  2066 I ActivityTaskManager: The Process com.BHG.sharechat Already Exists in BG. So sending its PID: 9213
06-30 00:04:16.866  1958  2066 I Timeline: Timeline: App_transition_ready time:35432053
06-30 00:04:16.905  1958  2066 E WindowManager: App trying to use insecure INPUT_FEATURE_NO_INPUT_CHANNEL flag. Ignoring
06-30 00:04:16.927  1958  2066 I Timeline: Timeline: App_transition_ready time:35432114
06-30 00:04:16.928  1958  2066 I Timeline: Timeline: App_transition_ready time:35432115
06-30 00:04:16.949  1958  1997 I Timeline: Timeline: App_transition_ready time:35432136
06-30 00:04:17.203  1958  1997 I Timeline: Timeline: Activity_windows_visible id: ActivityRecord{ac3e18a u0 com.BHG.sharechat/.UserProfileActivity t1160} time:35432390
06-30 00:04:17.207  1958  1997 I Timeline: Timeline: App_transition_stopped time:35432394
06-30 00:04:26.602  1958  5269 W BaseMiuiPhoneWindowManager: keyCode:4 down:true eventTime:35441788 downTime:35441788 policyFlags:2b000002 flags:48 deviceId:-1 isScreenOn:true keyguardActive:false repeatCount:0
06-30 00:04:26.693  1958  5269 W BaseMiuiPhoneWindowManager: keyCode:4 down:false eventTime:35441880 downTime:35441788 policyFlags:2b000002 flags:48 deviceId:-1 isScreenOn:true keyguardActive:false repeatCount:0
06-30 00:04:26.701  9213  9213 W ActivityThread: SCHED: com.BHG.sharechat/.UserProfileActivity [68, r=107ms, a=50ms, w=9801ms]
06-30 00:04:26.708  1958  2348 I Timeline: Timeline: App_transition_ready time:35441895
06-30 00:04:26.725  1958  5269 I Timeline: Timeline: App_transition_ready time:35441912
06-30 00:04:26.744  1958  1997 I Timeline: Timeline: App_transition_ready time:35441931
06-30 00:04:27.006  1958  1997 I Timeline: Timeline: Activity_windows_visible id: ActivityRecord{783056e u0 com.BHG.sharechat/.PostDetailActivity t1160} time:35442193
06-30 00:04:27.008  1958  1997 I Timeline: Timeline: App_transition_stopped time:35442195
06-30 00:04:27.234  1958  5269 W BaseMiuiPhoneWindowManager: keyCode:4 down:true eventTime:35442420 downTime:35442420 policyFlags:2b000002 flags:48 deviceId:-1 isScreenOn:true keyguardActive:false repeatCount:0
06-30 00:04:27.311  1958  5269 W BaseMiuiPhoneWindowManager: keyCode:4 down:false eventTime:35442498 downTime:35442420 policyFlags:2b000002 flags:48 deviceId:-1 isScreenOn:true keyguardActive:false repeatCount:0
06-30 00:04:27.318  9213  9213 W ActivityThread: SCHED: com.BHG.sharechat/.PostDetailActivity [73, r=17ms, a=6ms, w=607ms]
06-30 00:04:27.326  1958  4008 I Timeline: Timeline: App_transition_ready time:35442514
06-30 00:04:27.341  1958  5269 I Timeline: Timeline: App_transition_ready time:35442529
06-30 00:04:27.355  1958  1997 I Timeline: Timeline: App_transition_ready time:35442542
06-30 00:04:27.606  1958  1997 I Timeline: Timeline: Activity_windows_visible id: ActivityRecord{85dbad6 u0 com.BHG.sharechat/.MainActivity t1160} time:35442793
06-30 00:04:27.608  1958  1997 I Timeline: Timeline: App_transition_stopped time:35442795
06-30 00:04:28.348  9213  9213 I Timeline: Timeline: Activity_launch_request time:35443535
06-30 00:04:28.349  1958  5256 I ActivityTaskManager: START u0 {cmp=com.BHG.sharechat/.PostDetailActivity (has extras)}from uid 10768
06-30 00:04:28.360  9213  9213 W ActivityThread: SCHED: com.BHG.sharechat/.MainActivity [80, r=45ms, a=11ms, w=1030ms]
06-30 00:04:28.364  1958  2645 I ActivityTaskManager: The Process com.BHG.sharechat Already Exists in BG. So sending its PID: 9213
06-30 00:04:28.369  1958  2645 I Timeline: Timeline: App_transition_ready time:35443556
06-30 00:04:28.419  1958  3851 E WindowManager: App trying to use insecure INPUT_FEATURE_NO_INPUT_CHANNEL flag. Ignoring
06-30 00:04:28.432  1958  4008 I Timeline: Timeline: App_transition_ready time:35443619
06-30 00:04:28.434  1958  4008 I Timeline: Timeline: App_transition_ready time:35443622
06-30 00:04:28.458  1958  1997 I Timeline: Timeline: App_transition_ready time:35443645
06-30 00:04:28.723  1958  1997 I Timeline: Timeline: Activity_windows_visible id: ActivityRecord{dfc81bc u0 com.BHG.sharechat/.PostDetailActivity t1160} time:35443910
06-30 00:04:28.725  1958  1997 I Timeline: Timeline: App_transition_stopped time:35443912
06-30 00:04:30.763  9213  9213 I Timeline: Timeline: Activity_launch_request time:35445951
06-30 00:04:30.764  1958  3851 I ActivityTaskManager: START u0 {cmp=com.BHG.sharechat/.UserProfileActivity (has extras)} from uid 10768
06-30 00:04:30.779  9213  9213 W ActivityThread: SCHED: com.BHG.sharechat/.PostDetailActivity [77, r=73ms, a=21ms, w=2363ms]
06-30 00:04:30.780  1958  5255 I ActivityTaskManager: The Process com.BHG.sharechat Already Exists in BG. So sending its PID: 9213
06-30 00:04:30.785  1958  5255 I Timeline: Timeline: App_transition_ready time:35445973
06-30 00:04:30.823  1958  3851 E WindowManager: App trying to use insecure INPUT_FEATURE_NO_INPUT_CHANNEL flag. Ignoring
06-30 00:04:30.848  1958  5256 I Timeline: Timeline: App_transition_ready time:35446035
06-30 00:04:30.849  1958  5256 I Timeline: Timeline: App_transition_ready time:35446036
06-30 00:04:30.867  1958  1997 I Timeline: Timeline: App_transition_ready time:35446054
06-30 00:04:31.108  1958  1997 I Timeline: Timeline: Activity_windows_visible id: ActivityRecord{1327284 u0 com.BHG.sharechat/.UserProfileActivity t1160} time:35446295
06-30 00:04:31.112  1958  1997 I Timeline: Timeline: App_transition_stopped time:35446299
06-30 00:04:32.473   788   903 W EventThreadInspector: slow VSync-sf on display(19260784713820289), count=2, avg=40 ms,max=46 ms.
06-30 00:04:36.568  1958  3851 W BaseMiuiPhoneWindowManager: keyCode:4 down:true eventTime:35451754 downTime:35451754 policyFlags:2b000002 flags:48 deviceId:-1 isScreenOn:true keyguardActive:false repeatCount:0
06-30 00:04:36.640  1958  3851 W BaseMiuiPhoneWindowManager: keyCode:4 down:false eventTime:35451826 downTime:35451754 policyFlags:2b000002 flags:48 deviceId:-1 isScreenOn:true keyguardActive:false repeatCount:0
06-30 00:04:36.648  9213  9213 W ActivityThread: SCHED: com.BHG.sharechat/.UserProfileActivity [76, r=58ms, a=18ms, w=5830ms]
06-30 00:04:36.655  1958  5256 I Timeline: Timeline: App_transition_ready time:35451842
06-30 00:04:36.662  1958  5256 I Timeline: Timeline: App_transition_ready time:35451849
06-30 00:04:36.679  1958  5256 I Timeline: Timeline: App_transition_ready time:35451866
06-30 00:04:36.695  1958  1997 I Timeline: Timeline: App_transition_ready time:35451882
06-30 00:04:36.959  1958  1997 I Timeline: Timeline: Activity_windows_visible id: ActivityRecord{dfc81bc u0 com.BHG.sharechat/.PostDetailActivity t1160} time:35452146
06-30 00:04:36.962  1958  1997 I Timeline: Timeline: App_transition_stopped time:35452149
06-30 00:04:37.345  1958  2348 W BaseMiuiPhoneWindowManager: keyCode:4 down:true eventTime:35452531 downTime:35452531 policyFlags:2b000002 flags:48 deviceId:-1 isScreenOn:true keyguardActive:false repeatCount:0
06-30 00:04:37.457  1958  2348 W BaseMiuiPhoneWindowManager: keyCode:4 down:false eventTime:35452644 downTime:35452531 policyFlags:2b000002 flags:48 deviceId:-1 isScreenOn:true keyguardActive:false repeatCount:0
06-30 00:04:37.465  9213  9213 W ActivityThread: SCHED: com.BHG.sharechat/.PostDetailActivity [73, r=19ms, a=7ms, w=801ms]
06-30 00:04:37.472  1958  5256 I Timeline: Timeline: App_transition_ready time:35452659
06-30 00:04:37.495  1958  5255 I Timeline: Timeline: App_transition_ready time:35452682
06-30 00:04:37.507  1958  1997 I Timeline: Timeline: App_transition_ready time:35452694
06-30 00:04:37.760  1958  1997 I Timeline: Timeline: Activity_windows_visible id: ActivityRecord{85dbad6 u0 com.BHG.sharechat/.MainActivity t1160} time:35452947
06-30 00:04:37.762  1958  1997 I Timeline: Timeline: App_transition_stopped time:35452949
06-30 00:04:38.886  9213  9213 I Timeline: Timeline: Activity_launch_request time:35454073
06-30 00:04:38.887  1958  5255 I ActivityTaskManager: START u0 {cmp=com.BHG.sharechat/.PostDetailActivity (has extras)}from uid 10768
06-30 00:04:38.900  9213  9213 W ActivityThread: SCHED: com.BHG.sharechat/.MainActivity [70, r=45ms, a=19ms, w=1423ms]
06-30 00:04:38.902  1958  5256 I ActivityTaskManager: The Process com.BHG.sharechat Already Exists in BG. So sending its PID: 9213
06-30 00:04:38.906  1958  5256 I Timeline: Timeline: App_transition_ready time:35454093
06-30 00:04:38.943  1958  3851 E WindowManager: App trying to use insecure INPUT_FEATURE_NO_INPUT_CHANNEL flag. Ignoring
06-30 00:04:38.946  1958  2348 I Timeline: Timeline: App_transition_ready time:35454133
06-30 00:04:38.967  1958  3851 I Timeline: Timeline: App_transition_ready time:35454154
06-30 00:04:38.988  1958  1997 I Timeline: Timeline: App_transition_ready time:35454175
06-30 00:04:39.227  1958  1997 I Timeline: Timeline: Activity_windows_visible id: ActivityRecord{f6fb326 u0 com.BHG.sharechat/.PostDetailActivity t1160} time:35454414
06-30 00:04:39.230  1958  1997 I Timeline: Timeline: App_transition_stopped time:35454417
06-30 00:04:41.782  1958  5256 I WindowManager: input method visible height changed 786
06-30 00:04:41.851 28084 28084 W Looper  : Slow Looper main: doFrame is 509ms late because of 5 msg, msg 1 took 514ms (seq=37038 running=145ms runnable=24ms io=222ms late=3ms h=com.android.internal.os.HandlerCaller$MyHandler w=60)
06-30 00:04:43.268  1958  2066 W BaseMiuiPhoneWindowManager: keyCode:4 down:true eventTime:35458455 downTime:35458455 policyFlags:2b000002 flags:48 deviceId:-1 isScreenOn:true keyguardActive:false repeatCount:0
06-30 00:04:43.318  1958  4008 W BaseMiuiPhoneWindowManager: keyCode:4 down:false eventTime:35458505 downTime:35458455 policyFlags:2b000002 flags:48 deviceId:-1 isScreenOn:true keyguardActive:false repeatCount:0
06-30 00:04:43.334  1958  4008 I WindowManager: input method visible height changed 0
06-30 00:04:48.781  1958  5256 W BaseMiuiPhoneWindowManager: keyCode:82 down:true eventTime:35463967 downTime:35463967 policyFlags:2b000002 flags:48 deviceId:-1 isScreenOn:true keyguardActive:false repeatCount:0
06-30 00:04:48.843  1958  5256 W BaseMiuiPhoneWindowManager: keyCode:82 down:false eventTime:35464030 downTime:35463967policyFlags:2b000002 flags:48 deviceId:-1 isScreenOn:true keyguardActive:false repeatCount:0
06-30 00:04:48.893  1958  1996 W WindowManager: setLauncherState= 2
06-30 00:04:48.900 25324 25324 I Timeline: Timeline: Activity_launch_request time:35464087
06-30 00:04:48.901  1958  2066 I ActivityTaskManager: START u0 {act=android.intent.action.MAIN cat=[android.intent.category.HOME] flg=0x10000000 cmp=com.miui.home/.launcher.Launcher (has extras)} from uid 10094
06-30 00:04:48.916  1958  2066 I Timeline: Timeline: App_transition_ready time:35464104
06-30 00:04:48.918  1958  5256 I Timeline: Timeline: App_transition_ready time:35464105
06-30 00:04:48.918  9213  9213 W ActivityThread: SCHED: com.BHG.sharechat/.PostDetailActivity [73, r=212ms, a=76ms, w=9979ms]
06-30 00:04:48.921  1958  2066 I Timeline: Timeline: App_transition_ready time:35464108
06-30 00:04:48.922  1958  3851 I Timeline: Timeline: App_transition_ready time:35464110
06-30 00:04:49.049  1958  2011 I ActivityManager: Start proc 10720:com.mi.android.globalminusscreen/1000 for service {com.mi.android.globalminusscreen/com.google.mi.apps.gsa.nowoverlayservice.DrawerOverlayService} caller=com.miui.home
06-30 00:04:49.055  1958  2066 I Timeline: Timeline: App_transition_ready time:35464242
06-30 00:04:49.067  1958  2066 I Timeline: Timeline: App_transition_ready time:35464254
06-30 00:04:49.080  1958  1997 I Timeline: Timeline: App_transition_ready time:35464268
06-30 00:04:49.115  1958  1997 I Timeline: Timeline: App_transition_ready time:35464302
06-30 00:04:49.287 25324 25324 W ActivityThread: SCHED: com.miui.home/.launcher.Launcher [83, r=78ms, a=15ms, w=260ms]
06-30 00:04:49.296  1958  2066 I Timeline: Timeline: App_transition_ready time:35464483
06-30 00:04:49.297  1958  1997 I Timeline: Timeline: App_transition_ready time:35464485
06-30 00:04:49.305  1958  4008 I Timeline: Timeline: App_transition_ready time:35464492
06-30 00:04:49.340  1958  1997 I Timeline: Timeline: App_transition_ready time:35464527
06-30 00:04:49.444  1958  4008 I WindowManager: input method visible height changed 786
06-30 00:04:49.572 10720 10758 E ActivityThread: Failed to find provider info for com.mi.globalminusscreen.provider
06-30 00:04:49.771  1958  1997 I Timeline: Timeline: App_transition_stopped time:35464958
06-30 00:04:49.775  1958  1996 W WindowManager: setLauncherState= 1
06-30 00:04:51.053  1958  1981 I PowerManagerService: Going to sleep due to application (uid 1000)...
06-30 00:04:51.053  1958  1958 W UsageStatsService: Event reported without a package name, eventType:16
06-30 00:04:51.055  1958  1958 I WindowManager: Started going to sleep... (why=OFF_BECAUSE_OF_USER)
06-30 00:04:51.330  1958  2017 I DisplayPowerController: Blocking screen off
06-30 00:04:51.341  1958  2017 I DisplayPowerController: Unblocked screen off after 11 ms
06-30 00:04:51.341  1958  2017 I WindowManager: Screen turned off...
06-30 00:04:51.354  1958  2017 W ActivityManager: Unable to start service Intent { act=miui.action.CAMERA_EMPTY_SERVICEpkg=com.android.camera } U=0: not found
06-30 00:04:51.356  9213  9213 W ActivityThread: SCHED: com.BHG.sharechat/.PostDetailActivity [61, r=35ms, a=22ms, w=2064ms]
06-30 00:04:51.362  1958  1996 W ProcessStats: Tracking association SourceState{88b7474 com.BHG.sharechat/10768 Top #178548} whose proc state 1 is better than process ProcessState{bd57a69 com.google.android.gms/10185 pkg=com.google.android.gms} proc state 2 (130 skipped)
06-30 00:04:51.370  1958  1996 I DisplayManagerService: Display device changed state: "Built-in Screen", OFF
06-30 00:04:51.680  1958  2168 W BpBinder: Slow Binder: BpBinder transact took 312ms, interface=android.ui.ISurfaceComposer, code=19 oneway=false
06-30 00:04:51.682  1958  2017 W DreamManagerService: Dream ComponentInfo{com.android.systemui/com.android.systemui.doze.DozeService} does not exist
06-30 00:04:51.683  1958  2017 I PowerManagerService: Sleeping (uid 1000)...
06-30 00:04:51.684  1958  1997 W BpBinder: Slow Binder: BpBinder transact took 304ms, interface=android.ui.ISurfaceComposer, code=8 oneway=false
06-30 00:04:51.685  2181  2869 W BpBinder: Slow Binder: BpBinder transact took 312ms, interface=android.gui.IGraphicBufferProducer, code=6 oneway=false
06-30 00:04:51.689  1958  1958 I WindowManager: Finished going to sleep... (why=OFF_BECAUSE_OF_USER)
06-30 00:04:51.699  2181  2198 W KeyguardViewMediator: doKeyguard: showing the lock screen
06-30 00:04:51.704  2181  2181 W Looper  : Slow Looper main: doFrame is 308ms late because of 18 msg, msg 1 took 318ms (seq=298986 running=2ms runnable=11ms late=7ms h=android.view.Choreographer$FrameHandler c=android.view.Choreographer$FrameDisplayEventReceiver)
06-30 00:04:51.707  9213  9213 W BpBinder: Slow Binder: BpBinder transact took 326ms, interface=android.app.IActivityTaskManager, code=21 oneway=false
06-30 00:04:51.717  9213  9213 W Looper  : Slow Looper main: doFrame is 322ms late because of 4 msg, msg 1 took 327ms (seq=2360 late=8ms h=android.app.ActivityThread$H c=android.app.servertransaction.PendingTransactionActions$StopInfo)
06-30 00:04:51.740  1958  5255 I WindowManager: input method visible height changed 0
06-30 00:04:51.753  1958  1996 W UsageStatsService: Event reported without a package name, eventType:17
06-30 00:04:51.753  1958  1996 I WindowManager: updateContrastOverlay, darkmode: true isContrastEnabled: false alpha: 0.0
06-30 00:04:51.795   788   903 W EventThreadInspector: slow VSync-sf on display(19260784713820289), count=3, avg=27 ms,max=48 ms.
06-30 00:04:51.928  1958  2090 W BaseMiuiPhoneWindowManager: keyCode:23 down:true eventTime:35467115 downTime:35467115 policyFlags:2000000 flags:8 deviceId:0 isScreenOn:false keyguardActive:true repeatCount:0
06-30 00:04:51.929  1958  2090 I PowerManagerService: Waking up from Asleep (uid=1000, reason=WAKE_REASON_UNKNOWN, details=miui.policy:FINGERPRINT_DPAD_CENTER)...
06-30 00:04:51.930  1958  1958 W UsageStatsService: Event reported without a package name, eventType:15
06-30 00:04:51.930  1958  2017 I DisplayPowerController: Blocking screen on until initial contents have been drawn.
06-30 00:04:51.930  1958  2017 I WindowManager: Screen turning on...
06-30 00:04:51.931  1958  1958 I WindowManager: Started waking up... (why=ON_BECAUSE_OF_UNKNOWN)
06-30 00:04:51.932  2181  3387 W KeyguardViewMediator: notifyScreenOn
06-30 00:04:51.942  1958  1996 I DisplayManagerService: Display device changed state: "Built-in Screen", ON
06-30 00:04:51.961  2181  2181 W KeyguardViewMediator: handleNotifyScreenTurningOn
06-30 00:04:51.961  2181  2181 W KeyguardViewMediator: notifyDrawn
06-30 00:04:51.961  1958  5255 I WindowManager: mKeyguardDelegate.ShowListener.onDrawn.
06-30 00:04:51.988  1958  1994 W WindowManager: Setting mKeyguardDrawComplete
06-30 00:04:51.992  1958  1994 I WindowManager: All windows ready for display!
06-30 00:04:51.994  2181  2181 I miui_face: start face unlock
06-30 00:04:52.001  2181  2924 I miui_face: start verify time=7
06-30 00:04:52.008  1958  1994 W WindowManager: Setting mWindowManagerDrawComplete
06-30 00:04:52.008  1958  1994 I WindowManager: Finished screen turning on...
06-30 00:04:52.009  1958  2017 I DisplayPowerController: Unblocked screen on after 79 ms
06-30 00:04:52.063  1958  1958 I WindowManager: Finished waking up... (why=ON_BECAUSE_OF_UNKNOWN)
06-30 00:04:52.161   788   903 W EventThreadInspector: slow VSync-sf on display(19260784713820289), count=8, avg=28 ms,max=32 ms.
06-30 00:04:52.161   788   902 W EventThreadInspector: slow VSync-app on display(19260784713820289), count=4, avg=27 ms, max=47 ms.
06-30 00:04:52.168  1958  2014 E BatteryExternalStatsWorker: no controller energy info supplied for bluetooth
06-30 00:04:52.213 21390 21390 W QueuedWork: Slow Operation: QueueWork waitToFinish took 215ms
06-30 00:04:52.229  2181 10708 W BpBinder: Slow Binder: BpBinder transact took 212ms, interface=android.content.IContentProvider, code=21 oneway=false
06-30 00:04:52.283  1958  2011 I ActivityManager: Start proc 10867:com.miui.msa.global:ui/u0a123 for service {com.miui.msa.global/com.xiaomi.ad.internal.splash.uiprocess.SplashUIService} caller=com.miui.msa.global
06-30 00:04:52.315  1958  2090 W BaseMiuiPhoneWindowManager: keyCode:23 down:false eventTime:35467500 downTime:35467115policyFlags:22000000 flags:8 deviceId:0 isScreenOn:true keyguardActive:true repeatCount:0
06-30 00:04:52.523  1958  2014 E BatteryExternalStatsWorker: no controller energy info supplied for bluetooth
06-30 00:04:52.630  4027  4215 W BpBinder: Slow Binder: BpBinder transact took 281ms, interface=android.hardware.camera2.ICameraDeviceUser, code=6 oneway=false
06-30 00:04:52.891  2181  2924 I miui_face:  authenCallback, onAuthenticationHelp helpCode:5 helpString:未检测到人脸
06-30 00:04:52.956  2181  2924 I miui_face:  authenCallback, onAuthenticationHelp helpCode:5 helpString:未检测到人脸
06-30 00:04:52.977  2181  2181 E miui_face: start face unlock fail ,faceDetectTypeForCamera=1
06-30 00:04:53.053  2181  2924 I miui_face:  authenCallback, onAuthenticationHelp helpCode:5 helpString:未检测到人脸
06-30 00:04:53.149  2181  2924 I chatty  : uid=1000(system) face_unlock identical 1 line
06-30 00:04:53.235  2181  2924 I miui_face:  authenCallback, onAuthenticationHelp helpCode:5 helpString:未检测到人脸
06-30 00:04:53.406  2181  2924 I miui_face:  authenCallback, onAuthenticationHelp helpCode:14 helpString:活体检测失败
06-30 00:04:53.478  2181  2924 I miui_face:  authenCallback, onAuthenticationHelp helpCode:14 helpString:活体检测失败
06-30 00:04:53.521  1958  2014 E BatteryExternalStatsWorker: no controller energy info supplied for bluetooth
06-30 00:04:53.582  2181  2924 I miui_face:  authenCallback, onAuthenticationHelp helpCode:14 helpString:活体检测失败
06-30 00:04:53.655  2181  2924 I chatty  : uid=1000(system) face_unlock identical 1 line
06-30 00:04:53.717  2181  2924 I miui_face:  authenCallback, onAuthenticationHelp helpCode:14 helpString:活体检测失败
06-30 00:04:53.728   788   788 W SurfaceFlingerInspector: Slow frame composition: nt36672a vide doComposition took 64 ms
06-30 00:04:53.800  2181  2924 I miui_face:  authenCallback, onAuthenticationHelp helpCode:14 helpString:活体检测失败
06-30 00:04:54.165  2181  2924 I chatty  : uid=1000(system) face_unlock identical 5 lines
06-30 00:04:54.238  2181  2924 I miui_face:  authenCallback, onAuthenticationHelp helpCode:14 helpString:活体检测失败
06-30 00:04:54.273  2181  2181 I miui_keyguard_password: password unlock duration 100
06-30 00:04:54.278  1958  5269 W FingerprintService: Ignoring lockout reset, no templates enrolled
06-30 00:04:54.278  2181  2181 W miui_keyguard: unlock keyguard by pw
06-30 00:04:54.324  2181  2924 I miui_face:  authenCallback, onAuthenticationHelp helpCode:14 helpString:活体检测失败
06-30 00:04:54.352  1958  2348 I LockSettingsService: Unlocking user 0 with secret only, length 32
06-30 00:04:54.353  1958  2348 I LockSettingsService: Disabling escrow token on user 0
06-30 00:04:54.386  1958  2348 I LockSettingsService: Caching SP for user 0
06-30 00:04:54.386  1958  1958 I LockSettingsService: Removing SP from cache for user 0
06-30 00:04:54.387  2181 10708 W BpBinder: Slow Binder: BpBinder transact took 203ms, interface=com.android.internal.widget.ILockSettings, code=10 oneway=false
06-30 00:04:54.402  2181  2924 I miui_face:  authenCallback, onAuthenticationHelp helpCode:14 helpString:活体检测失败
06-30 00:04:54.448  2181  2181 I miui_face: stop face unlock
06-30 00:04:54.456  2181  2924 I miui_face: authenCallback, onAuthenticationError code:2000 msg:取消成功
06-30 00:04:54.463  1958  2348 I Timeline: Timeline: App_transition_ready time:35469650
06-30 00:04:54.464  1958  1997 I Timeline: Timeline: App_transition_ready time:35469652
06-30 00:04:54.465  2181  3626 I KeyguardViewMediator: call fw keyguardGoingAway: flags = 8
06-30 00:04:54.469  1958  1997 I Timeline: Timeline: App_transition_ready time:35469656
06-30 00:04:54.471  1958  1997 I Timeline: Timeline: App_transition_ready time:35469658
06-30 00:04:54.481  1958  1997 I Timeline: Timeline: App_transition_ready time:35469668
06-30 00:04:54.481  1958  1997 I WindowManager: input method visible height changed 786
06-30 00:04:54.484  2181  2181 I KeyguardViewMediator: handleStartKeyguardExitAnimation startTime=35469668 fadeoutDuration=150
06-30 00:04:54.521  1958  1996 W UsageStatsService: Event reported without a package name, eventType:18
06-30 00:04:54.522  1958  1996 I WindowManager: updateContrastOverlay, darkmode: true isContrastEnabled: false alpha: 0.0
06-30 00:04:54.527  2181  2181 I miui_face: face unlock success time=2533
06-30 00:04:54.529   788   903 W EventThreadInspector: slow VSync-sf on display(19260784713820289), count=4, avg=40 ms,max=49 ms.
06-30 00:04:54.545   788   902 W EventThreadInspector: slow VSync-app on display(19260784713820289), count=4, avg=36 ms, max=48 ms.
06-30 00:04:54.545  1958  2010 W BroadcastQueue: Background execution not allowed: receiving Intent { act=android.intent.action.USER_PRESENT flg=0x24200010 } to com.jio.myjio/com.jio.clickstream.tbn.PowerConnectionReceiver
06-30 00:04:54.565  1958  2010 W BroadcastQueue: Background execution not allowed: receiving Intent { act=android.intent.action.USER_PRESENT flg=0x24200010 } to com.android.chrome/org.chromium.chrome.browser.sharing.click_to_call.ClickToCallMessageHandler$PhoneUnlockedReceiver
06-30 00:04:54.565  1958  2010 W BroadcastQueue: Background execution not allowed: receiving Intent { act=android.intent.action.USER_PRESENT flg=0x24200010 } to com.google.android.gms/.auth.setup.devicesignals.LockScreenReceiver
06-30 00:04:54.591  1958  2010 W BroadcastQueue: Background execution not allowed: receiving Intent { act=android.intent.action.USER_PRESENT flg=0x24200010 } to com.google.android.gms/.chimera.GmsIntentOperationService$PersistentTrustedReceiver
06-30 00:04:54.591  1958  2010 W BroadcastQueue: Background execution not allowed: receiving Intent { act=android.intent.action.USER_PRESENT flg=0x24200010 } to info.kfsoft.force.rotation/.RestartReceiver
06-30 00:04:54.647  1958  1997 I Timeline: Timeline: Activity_windows_visible id: ActivityRecord{f6fb326 u0 com.BHG.sharechat/.PostDetailActivity t1160} time:35469834
06-30 00:04:54.649  1958  1997 I Timeline: Timeline: App_transition_stopped time:35469836
06-30 00:04:54.717  4027  4215 W BpBinder: Slow Binder: BpBinder transact took 233ms, interface=android.hardware.camera2.ICameraDeviceUser, code=1 oneway=false
06-30 00:04:54.854  1958  1958 W Looper  : Slow dispatch took 315ms main h=android.app.ActivityThread$H c=android.app.-$$Lambda$LoadedApk$ReceiverDispatcher$Args$_BumDX2UKsnxLVrE6UJsJZkotuA@eb44495 m=0
06-30 00:04:54.854  1958  1958 W Looper  : Slow delivery took 315ms main h=android.app.ActivityThread$H c=android.app.-$$Lambda$LoadedApk$ReceiverDispatcher$Args$_BumDX2UKsnxLVrE6UJsJZkotuA@fe4c9aa m=0
06-30 00:04:54.857  1958  1958 W Looper  : Drained
06-30 00:04:55.020  1958  2014 E BatteryExternalStatsWorker: no controller energy info supplied for bluetooth
06-30 00:04:55.065  3855  4377 W MiuiPerfServiceClient: interceptAndQueuing:2181|com.android.systemui|198|61|unknown|null|StatusBar|35468430971728|Slow swap buffers|9
06-30 00:04:55.066  3855  4377 W MiuiPerfServiceClient: interceptAndQueuing:2181|com.android.systemui|1319|88|unknown|null|StatusBar|35469868756728|Slow swap buffers|51
06-30 00:05:00.533  1958  5255 W BaseMiuiPhoneWindowManager: keyCode:4 down:true eventTime:35475718 downTime:35475718 policyFlags:2b000002 flags:48 deviceId:-1 isScreenOn:true keyguardActive:false repeatCount:0
06-30 00:05:00.637  1958  5255 W BaseMiuiPhoneWindowManager: keyCode:4 down:false eventTime:35475824 downTime:35475718 policyFlags:2b000002 flags:48 deviceId:-1 isScreenOn:true keyguardActive:false repeatCount:0
06-30 00:05:00.658  1958  5255 I WindowManager: input method visible height changed 0
06-30 00:05:03.589  9213  9213 I Timeline: Timeline: Activity_launch_request time:35478776
06-30 00:05:03.590  1958  1981 I ActivityTaskManager: START u0 {cmp=com.BHG.sharechat/.UserProfileActivity (has extras)} from uid 10768
06-30 00:05:03.600  9213  9213 W ActivityThread: SCHED: com.BHG.sharechat/.PostDetailActivity [80, r=131ms, a=32ms, w=9103ms]
06-30 00:05:03.602  1958  2647 I ActivityTaskManager: The Process com.BHG.sharechat Already Exists in BG. So sending its PID: 9213
06-30 00:05:03.606  1958  2647 I Timeline: Timeline: App_transition_ready time:35478794
06-30 00:05:03.643  1958  5255 E WindowManager: App trying to use insecure INPUT_FEATURE_NO_INPUT_CHANNEL flag. Ignoring
06-30 00:05:03.659  1958  2647 I Timeline: Timeline: App_transition_ready time:35478846
06-30 00:05:03.660  1958  2647 I Timeline: Timeline: App_transition_ready time:35478847
06-30 00:05:03.687  1958  1997 I Timeline: Timeline: App_transition_ready time:35478874
06-30 00:05:03.950  1958  1997 I Timeline: Timeline: Activity_windows_visible id: ActivityRecord{7253e4e u0 com.BHG.sharechat/.UserProfileActivity t1160} time:35479137
06-30 00:05:03.953  1958  1997 I Timeline: Timeline: App_transition_stopped time:35479140
06-30 00:05:05.014  9213  9213 I Timeline: Timeline: Activity_launch_request time:35480202
06-30 00:05:05.016  1958  5255 I ActivityTaskManager: START u0 {cmp=com.BHG.sharechat/.PostDetailActivity (has extras)}from uid 10768
06-30 00:05:05.026  9213  9213 W ActivityThread: SCHED: com.BHG.sharechat/.UserProfileActivity [69, r=60ms, a=26ms, w=1386ms]
06-30 00:05:05.028  1958  1981 I ActivityTaskManager: The Process com.BHG.sharechat Already Exists in BG. So sending its PID: 9213
06-30 00:05:05.034  1958  1981 I Timeline: Timeline: App_transition_ready time:35480221
06-30 00:05:05.079  1958  5255 E WindowManager: App trying to use insecure INPUT_FEATURE_NO_INPUT_CHANNEL flag. Ignoring
06-30 00:05:05.091  1958  1981 I Timeline: Timeline: App_transition_ready time:35480279
06-30 00:05:05.093  1958  1981 I Timeline: Timeline: App_transition_ready time:35480280
06-30 00:05:05.119  1958  1997 I Timeline: Timeline: App_transition_ready time:35480306
06-30 00:05:05.383  1958  1997 I Timeline: Timeline: Activity_windows_visible id: ActivityRecord{da9c7d6 u0 com.BHG.sharechat/.PostDetailActivity t1160} time:35480571
06-30 00:05:05.386  1958  1997 I Timeline: Timeline: App_transition_stopped time:35480573
06-30 00:05:05.658  1958  4807 W BaseMiuiPhoneWindowManager: keyCode:4 down:true eventTime:35480845 downTime:35480845 policyFlags:2b000002 flags:48 deviceId:-1 isScreenOn:true keyguardActive:false repeatCount:0
06-30 00:05:05.738  1958  4807 W BaseMiuiPhoneWindowManager: keyCode:4 down:false eventTime:35480925 downTime:35480845 policyFlags:2b000002 flags:48 deviceId:-1 isScreenOn:true keyguardActive:false repeatCount:0
06-30 00:05:05.745  9213  9213 W ActivityThread: SCHED: com.BHG.sharechat/.PostDetailActivity [70, r=40ms, a=17ms, w=670ms]
06-30 00:05:05.752  1958  2647 I Timeline: Timeline: App_transition_ready time:35480939
06-30 00:05:05.771  1958  1981 I Timeline: Timeline: App_transition_ready time:35480958
06-30 00:05:05.787  1958  1997 I Timeline: Timeline: App_transition_ready time:35480974
06-30 00:05:06.050  1958  1997 I Timeline: Timeline: Activity_windows_visible id: ActivityRecord{7253e4e u0 com.BHG.sharechat/.UserProfileActivity t1160} time:35481238
06-30 00:05:06.053  1958  1997 I Timeline: Timeline: App_transition_stopped time:35481240
06-30 00:05:07.827  1958  1981 W BaseMiuiPhoneWindowManager: keyCode:4 down:true eventTime:35483013 downTime:35483013 policyFlags:2b000002 flags:48 deviceId:-1 isScreenOn:true keyguardActive:false repeatCount:0
06-30 00:05:07.905  1958  1981 W BaseMiuiPhoneWindowManager: keyCode:4 down:false eventTime:35483092 downTime:35483013 policyFlags:2b000002 flags:48 deviceId:-1 isScreenOn:true keyguardActive:false repeatCount:0
06-30 00:05:07.913  9213  9213 W ActivityThread: SCHED: com.BHG.sharechat/.UserProfileActivity [75, r=33ms, a=11ms, w=2156ms]
06-30 00:05:07.921  1958  1981 I Timeline: Timeline: App_transition_ready time:35483108
06-30 00:05:07.936  1958  1981 I Timeline: Timeline: App_transition_ready time:35483123
06-30 00:05:07.954  1958  1981 I Timeline: Timeline: App_transition_ready time:35483141
06-30 00:05:07.974  1958  1997 I Timeline: Timeline: App_transition_ready time:35483161
06-30 00:05:08.118  1958  1981 W BaseMiuiPhoneWindowManager: keyCode:4 down:true eventTime:35483304 downTime:35483304 policyFlags:2b000002 flags:48 deviceId:-1 isScreenOn:true keyguardActive:false repeatCount:0
06-30 00:05:08.215  1958  1981 W BaseMiuiPhoneWindowManager: keyCode:4 down:false eventTime:35483402 downTime:35483304 policyFlags:2b000002 flags:48 deviceId:-1 isScreenOn:true keyguardActive:false repeatCount:0
06-30 00:05:08.224  9213  9213 W ActivityThread: SCHED: com.BHG.sharechat/.PostDetailActivity [70, r=12ms, a=5ms, w=285ms]
06-30 00:05:08.229  1958  2647 I Timeline: Timeline: App_transition_ready time:35483416
06-30 00:05:08.277  1958  1981 I Timeline: Timeline: App_transition_ready time:35483464
06-30 00:05:08.280  1958  1997 I Timeline: Timeline: App_transition_ready time:35483467
06-30 00:05:08.303  1958  2647 I Timeline: Timeline: App_transition_ready time:35483490
06-30 00:05:08.320  1958  1997 I Timeline: Timeline: App_transition_ready time:35483508
06-30 00:05:08.383   788   903 W EventThreadInspector: slow VSync-sf on display(19260784713820289), count=1, avg=42 ms,max=42 ms.
06-30 00:05:08.383   788   902 W EventThreadInspector: slow VSync-app on display(19260784713820289), count=1, avg=39 ms, max=39 ms.
06-30 00:05:08.569  1958  1997 I Timeline: Timeline: Activity_windows_visible id: ActivityRecord{85dbad6 u0 com.BHG.sharechat/.MainActivity t1160} time:35483756
06-30 00:05:08.571  1958  1997 I Timeline: Timeline: App_transition_stopped time:35483758
06-30 00:05:18.982  9213  9213 I Timeline: Timeline: Activity_launch_request time:35494169
06-30 00:05:18.983  1958  4807 I ActivityTaskManager: START u0 {cmp=com.BHG.sharechat/.PostDetailActivity (has extras)}from uid 10768
06-30 00:05:18.995  9213  9213 W ActivityThread: SCHED: com.BHG.sharechat/.MainActivity [80, r=165ms, a=39ms, w=10713ms]
06-30 00:05:18.998  1958  1981 I ActivityTaskManager: The Process com.BHG.sharechat Already Exists in BG. So sending its PID: 9213
06-30 00:05:19.003  1958  1981 I Timeline: Timeline: App_transition_ready time:35494190
06-30 00:05:19.035  1958  1981 E WindowManager: App trying to use insecure INPUT_FEATURE_NO_INPUT_CHANNEL flag. Ignoring
06-30 00:05:19.048  1958  2647 I Timeline: Timeline: App_transition_ready time:35494235
06-30 00:05:19.049  1958  2647 I Timeline: Timeline: App_transition_ready time:35494236
06-30 00:05:19.071  1958  1997 I Timeline: Timeline: App_transition_ready time:35494258
06-30 00:05:19.322  1958  1997 I Timeline: Timeline: Activity_windows_visible id: ActivityRecord{30ebf88 u0 com.BHG.sharechat/.PostDetailActivity t1160} time:35494509
06-30 00:05:19.325  1958  1997 I Timeline: Timeline: App_transition_stopped time:35494512
06-30 00:07:18.976  1958  2017 I PowerManagerService: Going to sleep due to timeout (uid 1000)...
06-30 00:07:18.977  1958  1958 W UsageStatsService: Event reported without a package name, eventType:16
06-30 00:07:18.979  1958  1958 I WindowManager: Started going to sleep... (why=OFF_BECAUSE_OF_TIMEOUT)
06-30 00:07:19.210  1958  2017 I DisplayPowerController: Blocking screen off
06-30 00:07:19.210  1958  2017 I DisplayPowerController: Unblocked screen off after 1 ms
06-30 00:07:19.211  1958  2017 I WindowManager: Screen turned off...
06-30 00:07:19.232  1958  2017 W ActivityManager: Unable to start service Intent { act=miui.action.CAMERA_EMPTY_SERVICEpkg=com.android.camera } U=0: not found
06-30 00:07:19.233  9213  9213 W ActivityThread: SCHED: com.BHG.sharechat/.PostDetailActivity [80, r=51ms, a=12ms, w=120204ms]
06-30 00:07:19.244  1958  1996 I DisplayManagerService: Display device changed state: "Built-in Screen", OFF
06-30 00:07:19.273  1958  4008 W ProcessStats: Tracking association SourceState{88b7474 com.BHG.sharechat/10768 Top #178970} whose proc state 1 is better than process ProcessState{bd57a69 com.google.android.gms/10185 pkg=com.google.android.gms} proc state 5 (140 skipped)
06-30 00:07:19.538  1958  2168 W BpBinder: Slow Binder: BpBinder transact took 298ms, interface=android.ui.ISurfaceComposer, code=19 oneway=false
06-30 00:07:19.541  1958  2017 W DreamManagerService: Dream ComponentInfo{com.android.systemui/com.android.systemui.doze.DozeService} does not exist
06-30 00:07:19.541  1958  2017 I PowerManagerService: Sleeping (uid 1000)...
06-30 00:07:19.545  1958  1958 I WindowManager: Finished going to sleep... (why=OFF_BECAUSE_OF_TIMEOUT)
06-30 00:07:19.550  2181  3389 W KeyguardViewMediator: doKeyguard: showing the lock screen
06-30 00:07:19.600  1958  1996 W UsageStatsService: Event reported without a package name, eventType:17
06-30 00:07:19.600  1958  1996 I WindowManager: updateContrastOverlay, darkmode: true isContrastEnabled: false alpha: 0.0
06-30 00:07:20.196  1958  2014 E BatteryExternalStatsWorker: no controller energy info supplied for bluetooth
06-30 00:08:34.592  1958  2014 E BatteryExternalStatsWorker: no controller energy info supplied for bluetooth
06-30 00:11:11.928  1958  2009 I UsageStatsService: User[0] Flushing usage stats to disk
06-30 00:11:12.023  1958  2009 E AppIdleHistory: Error writing app idle file for user 0
06-30 00:12:00.551  1958  2014 E BatteryExternalStatsWorker: no controller energy info supplied for bluetooth
06-30 00:13:41.076  1958  2011 I ActivityManager: Start proc 11058:com.android.chrome/u0a193 for service {com.android.chrome/org.chromium.components.background_task_scheduler.internal.BackgroundTaskJobService} caller=android
06-30 00:13:41.103  1958  2011 I ActivityManager: Start proc 11072:com.google.android.youtube/u0a204 for service {com.google.android.youtube/androidx.work.impl.background.systemjob.SystemJobService} caller=android
06-30 00:13:41.488  1958  2014 E BatteryExternalStatsWorker: no controller energy info supplied for bluetooth
06-30 00:13:41.501 11058 11058 W FileUtils: Slow Operation: fsync took 109ms
06-30 00:13:41.829 11058 11116 W FileUtils: Slow Operation: fsync took 325ms
06-30 00:13:41.830 11058 11058 W QueuedWork: Slow Operation: QueueWork waitToFinish took 448ms
06-30 00:13:42.336 11072 11190 W BpBinder: Slow Binder: BpBinder transact took 273ms, interface=com.google.android.gms.gass.internal.IGassService, code=1 oneway=false
06-30 00:13:42.739  1958  2010 W BroadcastQueue: Permission Denial: broadcasting Intent { act=android.net.conn.CONNECTIVITY_CHANGE flg=0x4200010 (has extras) } from null (pid=-1, uid=-1) requires com.google.android.youtube.DYNAMIC_RECEIVER_NOT_EXPORTED_PERMISSION due to registered receiver BroadcastFilter{efc424c 10204/u0 ReceiverList{7c5927f 11072 com.google.android.youtube/10204/u0 remote:aac079e}}
06-30 00:13:44.906  1958  2011 I ActivityManager: Start proc 11286:com.android.chrome:privileged_process0/u0a193 for service {com.android.chrome/org.chromium.content.app.PrivilegedProcessService0} caller=com.android.chrome
06-30 00:13:45.144  1958  2014 E BatteryExternalStatsWorker: no controller energy info supplied for bluetooth
06-30 00:13:45.363 11058 11058 W Looper  : Slow Looper main: Long Msg: seq=25 plan=00:13:44.043  late=0ms wall=1319ms running=416ms runnable=52ms io=685ms h=android.os.Handler c=W96
06-30 00:13:45.840  1958  2011 W ActivityManager: Slow operation: 471ms so far, now at startProcess: returned from zygote!
06-30 00:13:45.840  1958  2011 W ActivityManager: Slow operation: 471ms so far, now at startProcess: done updating battery stats
06-30 00:13:45.840  1958  2011 W ActivityManager: Slow operation: 471ms so far, now at startProcess: building log message
06-30 00:13:45.840  1958  2011 I ActivityManager: Start proc 11341:com.android.chrome:sandboxed_process0:org.chromium.content.app.SandboxedProcessService0:0/u0ai0 for  {com.android.chrome/org.chromium.content.app.SandboxedProcessService0:0} caller=com.android.chrome
06-30 00:13:45.840  1958  2011 W ActivityManager: Slow operation: 471ms so far, now at startProcess: starting to updatepids map
06-30 00:13:45.840  1958  2011 W ActivityManager: Slow operation: 472ms so far, now at startProcess: done updating pidsmap
06-30 00:13:55.623 11058 11273 W BpBinder: Slow Binder: BpBinder transact took 554ms, interface=com.google.android.auth.IAuthManagerService, code=5 oneway=false
06-30 00:13:56.868  1958  2011 I ActivityManager: Start proc 11398:com.xiaomi.mipicks/u0a127 for service {com.xiaomi.mipicks/androidx.work.impl.background.systemjob.SystemJobService} caller=android
06-30 00:13:57.729  1958  2011 I ActivityManager: Start proc 11503:com.miui.analytics/u0a105 for service {com.miui.analytics/com.miui.analytics.onetrack.OneTrackService} caller=com.xiaomi.mipicks
06-30 00:13:58.020  1958  4807 I ActivityManager: Killing 10193:com.google.process.gapps/u0a185 (adj 955): empty #17
06-30 00:13:58.022  1958  4807 I ActivityManager: Killing 7876:com.miui.securitycenter/1000 (adj 965): empty #18
06-30 00:13:58.095  1958  1996 W ActivityManager: setHasOverlayUi called on unknown pid: 7876
06-30 00:13:58.372 11398 11421 W BpBinder: Slow Binder: BpBinder transact took 795ms, interface=android.content.IContentProvider, code=1 oneway=false
06-30 00:13:59.963  1958  2010 E NotificationService: Suppressing notification from package by user request.
06-30 00:17:19.840  1958  5258 I ProcessManager: Kill reason LockScreenClean from pid=25666
06-30 00:17:19.867  1958  5258 I ProcessManager: LockScreenClean: kill-background com.whatsapp Adj=885 State=20
06-30 00:17:19.869  1958  5258 I ActivityManager: Killing 10457:com.whatsapp/u0a762 (adj 885): LockScreenClean
06-30 00:17:19.878  1958  5258 I ProcessManager: LockScreenClean: kill-background org.zwanoo.android.speedtest Adj=835 State=20
06-30 00:17:19.878  1958  5258 I AutoStartManagerService: MIUILOG- Reject RestartService packageName :org.zwanoo.android.speedtest uid : 10412
06-30 00:17:19.882  1958  5258 I ActivityManager: Killing 9971:org.zwanoo.android.speedtest/u0a412 (adj 835): LockScreenClean
06-30 00:17:20.272  1958  2014 E BatteryExternalStatsWorker: no controller energy info supplied for bluetooth
