06-30 00:40:01.988  1958  2022 I PackageManager: Un-granting permission android.permission.FORCE_STOP_PACKAGES from package com.google.android.gms (protectionLevel=18 flags=0xa0cabec5)
06-30 00:40:01.988  1958  2022 I PackageManager: Un-granting permission android.permission.MODIFY_DEFAULT_AUDIO_EFFECTSfrom package com.google.android.gms (protectionLevel=18 flags=0xa0cabec5)
06-30 00:40:01.988  1958  2022 I PackageManager: Un-granting permission android.permission.MANAGE_DEVICE_ADMINS from package com.google.android.gms (protectionLevel=2 flags=0xa0cabec5)
06-30 00:40:01.988  1958  2022 I PackageManager: Un-granting permission android.permission.MANAGE_ACTIVITY_STACKS from package com.google.android.gms (protectionLevel=2 flags=0xa0cabec5)
06-30 00:40:01.989  1958  2022 I PackageManager: Un-granting permission android.permission.CAPTURE_SECURE_VIDEO_OUTPUT from package com.google.android.gms (protectionLevel=2 flags=0xa0cabec5)
06-30 00:40:01.989  1958  2022 I PackageManager: Un-granting permission android.permission.MANAGE_ROLLBACKS from package com.google.android.gms (protectionLevel=514 flags=0xa0cabec5)
06-30 00:40:01.989  1958  2022 I PackageManager: Un-granting permission android.permission.MEDIA_CONTENT_CONTROL from package com.google.android.gms (protectionLevel=18 flags=0xa0cabec5)
06-30 00:40:01.989  1958  2022 I PackageManager: Un-granting permission android.permission.HIDE_NON_SYSTEM_OVERLAY_WINDOWS from package com.google.android.gms (protectionLevel=258 flags=0xa0cabec5)
06-30 00:40:01.989  1958  2022 I PackageManager: Un-granting permission android.permission.UPDATE_APP_OPS_STATS from package com.google.android.tts (protectionLevel=274 flags=0x34cbbec5)
06-30 00:40:01.989  1958  2022 I PackageManager: Un-granting permission android.permission.START_ACTIVITIES_FROM_BACKGROUND from package com.google.android.tts (protectionLevel=49682 flags=0x34cbbec5)
06-30 00:40:01.989  1958  2022 I PackageManager: Un-granting permission android.permission.CHANGE_DEVICE_IDLE_TEMP_WHITELIST from package app.revanced.android.gms (protectionLevel=18 flags=0xb088be44)
06-30 00:40:01.990  1958  2022 I PackageManager: Un-granting permission android.permission.UPDATE_APP_OPS_STATS from package app.revanced.android.gms (protectionLevel=274 flags=0xb088be44)
06-30 00:40:01.990  1958  2022 I PackageManager: Un-granting permission android.permission.LOCATION_HARDWARE from package app.revanced.android.gms (protectionLevel=18 flags=0xb088be44)
06-30 00:40:01.990  1958  2022 I PackageManager: Un-granting permission android.permission.INSTALL_LOCATION_PROVIDER from package app.revanced.android.gms (protectionLevel=18 flags=0xb088be44)
06-30 00:40:01.990  1958  2022 I PackageManager: Un-granting permission android.permission.NETWORK_SCAN from package app.revanced.android.gms (protectionLevel=18 flags=0xb088be44)
06-30 00:40:01.990  1958  2022 I PackageManager: Un-granting permission android.permission.MODIFY_PHONE_STATE from package app.revanced.android.gms (protectionLevel=18 flags=0xb088be44)
06-30 00:40:01.990  1958  2022 I PackageManager: Un-granting permission android.permission.SYSTEM_ALERT_WINDOW from package app.revanced.android.gms (protectionLevel=1250 flags=0xb088be44)
06-30 00:40:01.990  1958  2022 I PackageManager: Un-granting permission android.permission.MANAGE_USB from package app.revanced.android.gms (protectionLevel=18 flags=0xb088be44)
06-30 00:40:01.990  1958  2022 I PackageManager: Un-granting permission android.permission.START_ACTIVITIES_FROM_BACKGROUND from package app.revanced.android.gms (protectionLevel=49682 flags=0xb088be44)
06-30 00:40:01.990  1958  2022 I PackageManager: Un-granting permission android.permission.UPDATE_DEVICE_STATS from package app.revanced.android.gms (protectionLevel=18 flags=0xb088be44)
06-30 00:40:01.990  1958  2022 I PackageManager: Un-granting permission android.permission.WATCH_APPOPS from package app.revanced.android.gms (protectionLevel=18 flags=0xb088be44)
06-30 00:40:01.991  1958  2022 I PackageManager: Un-granting permission android.permission.SYSTEM_ALERT_WINDOW from package com.gmail.heagoo.apkeditor.pro (protectionLevel=1250 flags=0x3898be44)
06-30 00:40:01.991  1958  2022 I PackageManager: Un-granting permission android.permission.PACKAGE_USAGE_STATS from package com.gmail.heagoo.apkeditor.pro (protectionLevel=114 flags=0x3898be44)
06-30 00:40:01.991  1958  2022 I PackageManager: Un-granting permission android.permission.REQUEST_INSTALL_PACKAGES from package com.gmail.heagoo.apkeditor.pro (protectionLevel=66 flags=0x3898be44)
06-30 00:40:01.992  1958  2022 I PackageManager: Un-granting permission android.permission.WRITE_SETTINGS from package com.jio.myjio (protectionLevel=1218 flags=0x38d83e44)
06-30 00:40:01.992  1958  2022 I PackageManager: Un-granting permission android.permission.INTERACT_ACROSS_USERS from package com.jio.myjio (protectionLevel=50 flags=0x38d83e44)
06-30 00:40:01.992  1958  2022 I PackageManager: Un-granting permission android.permission.READ_PRIVILEGED_PHONE_STATE from package com.jio.myjio (protectionLevel=18 flags=0x38d83e44)
06-30 00:40:01.992  1958  2022 I PackageManager: Un-granting permission android.permission.CAPTURE_VIDEO_OUTPUT from package com.jio.myjio (protectionLevel=2 flags=0x38d83e44)
06-30 00:40:01.992  1958  2022 I PackageManager: Un-granting permission android.permission.BROADCAST_SMS from package com.jio.myjio (protectionLevel=2 flags=0x38d83e44)
06-30 00:40:01.993  1958  2022 I PackageManager: Un-granting permission android.permission.SYSTEM_ALERT_WINDOW from package com.google.android.apps.photos (protectionLevel=1250 flags=0x38dbbe44)
06-30 00:40:01.993  1958  2022 I PackageManager: Un-granting permission android.permission.WRITE_SETTINGS from package com.google.android.apps.photos (protectionLevel=1218 flags=0x38dbbe44)
06-30 00:40:01.993  1958  2022 I PackageManager: Un-granting permission android.permission.WRITE_MEDIA_STORAGE from package com.google.android.apps.photos (protectionLevel=18 flags=0x38dbbe44)
06-30 00:40:01.994  1958  2022 I PackageManager: Un-granting permission android.permission.SYSTEM_ALERT_WINDOW from package com.wondershare.filmorago (protectionLevel=1250 flags=0x38d83e44)
06-30 00:40:01.994  1958  2022 I PackageManager: Un-granting permission com.android.launcher.permission.READ_SETTINGS from package com.wondershare.filmorago (protectionLevel=18 flags=0x38d83e44)
06-30 00:40:01.994  1958  2022 I PackageManager: Un-granting permission com.android.launcher.permission.WRITE_SETTINGS from package com.wondershare.filmorago (protectionLevel=18 flags=0x38d83e44)
06-30 00:40:01.994  1958  2022 I PackageManager: Un-granting permission android.permission.SYSTEM_ALERT_WINDOW from package com.dv.adm (protectionLevel=1250 flags=0x2888be44)
06-30 00:40:01.994  1958  2022 I PackageManager: Un-granting permission android.permission.WRITE_SETTINGS from package com.valvesoftware.android.steam.community (protectionLevel=1218 flags=0x20883e44)
06-30 00:40:01.995  1958  2022 I PackageManager: Un-granting permission android.permission.REQUEST_INSTALL_PACKAGES from package com.yablio.sendfilestotv (protectionLevel=66 flags=0x30c8be44)
06-30 00:40:01.995  1958  2022 I PackageManager: Un-granting permission android.permission.REQUEST_INSTALL_PACKAGES from package org.mozilla.firefox (protectionLevel=66 flags=0x38c83e44)
06-30 00:40:01.995  1958  2022 I PackageManager: Un-granting permission android.permission.SYSTEM_ALERT_WINDOW from package com.google.android.apps.translate (protectionLevel=1250 flags=0x34c9be44)
06-30 00:40:01.997  1958  2022 I PackageManager: Un-granting permission miui.permission.EXTRA_NETWORK from package com.miui.weather2 (protectionLevel=18 flags=0x30c9bec5)
06-30 00:40:01.997  1958  2022 I PackageManager: Un-granting permission com.miui.securitycenter.permission.SYSTEM_PERMISSION_DECLARE from package com.miui.weather2 (protectionLevel=18 flags=0x30c9bec5)
06-30 00:40:01.997  1958  2022 I PackageManager: Un-granting permission com.miui.bugreport.permission.DUMP_CACHED_LOG from package com.miui.weather2 (protectionLevel=2 flags=0x30c9bec5)
06-30 00:40:01.997  1958  2022 I PackageManager: Un-granting permission com.google.android.finsky.permission.GEARHEAD_SERVICE from package com.google.android.projection.gearhead (protectionLevel=18 flags=0x2888bec5)
06-30 00:40:01.997  1958  2022 I PackageManager: Un-granting permission android.permission.CHANGE_COMPONENT_ENABLED_STATE from package com.google.android.projection.gearhead (protectionLevel=18 flags=0x2888bec5)
06-30 00:40:01.997  1958  2022 I PackageManager: Un-granting permission android.permission.UPDATE_APP_OPS_STATS from package com.google.android.projection.gearhead (protectionLevel=274 flags=0x2888bec5)
06-30 00:40:01.998  1958  2022 I PackageManager: Un-granting permission android.permission.POWER_SAVER from package com.google.android.projection.gearhead (protectionLevel=18 flags=0x2888bec5)
06-30 00:40:01.998  1958  2022 I PackageManager: Un-granting permission android.permission.TETHER_PRIVILEGED from package com.google.android.projection.gearhead (protectionLevel=18 flags=0x2888bec5)
06-30 00:40:01.998  1958  2022 I PackageManager: Un-granting permission android.permission.INTERACT_ACROSS_PROFILES from package com.google.android.projection.gearhead (protectionLevel=18 flags=0x2888bec5)
06-30 00:40:01.998  1958  2022 I PackageManager: Un-granting permission android.permission.CAPTURE_SECURE_VIDEO_OUTPUT from package com.google.android.projection.gearhead (protectionLevel=2 flags=0x2888bec5)
06-30 00:40:01.998  1958  2022 I PackageManager: Un-granting permission android.permission.MANAGE_DOCUMENTS from package cn.xender (protectionLevel=262146 flags=0x30d83e44)
06-30 00:40:01.998  1958  2022 I PackageManager: Un-granting permission android.permission.MOUNT_UNMOUNT_FILESYSTEMS from package cn.xender (protectionLevel=18 flags=0x30d83e44)
06-30 00:40:01.998  1958  2022 I PackageManager: Un-granting permission android.permission.NETWORK_STACK from package cn.xender (protectionLevel=2 flags=0x30d83e44)
06-30 00:40:01.998  1958  2022 I PackageManager: Un-granting permission android.permission.SYSTEM_ALERT_WINDOW from package cn.xender (protectionLevel=1250 flags=0x30d83e44)
06-30 00:40:01.998  1958  2022 I PackageManager: Un-granting permission android.permission.WRITE_SETTINGS from package cn.xender (protectionLevel=1218 flags=0x30d83e44)
06-30 00:40:01.998  1958  2022 I PackageManager: Un-granting permission android.permission.CHANGE_CONFIGURATION from package cn.xender (protectionLevel=50 flags=0x30d83e44)
06-30 00:40:01.998  1958  2022 I PackageManager: Un-granting permission android.permission.REQUEST_INSTALL_PACKAGES from package cn.xender (protectionLevel=66 flags=0x30d83e44)
06-30 00:40:01.998  1958  2022 I PackageManager: Un-granting permission com.android.launcher.permission.READ_SETTINGS from package cn.xender (protectionLevel=18 flags=0x30d83e44)
06-30 00:40:01.998  1958  2022 I PackageManager: Un-granting permission com.android.launcher.permission.WRITE_SETTINGS from package cn.xender (protectionLevel=18 flags=0x30d83e44)
06-30 00:40:01.998  1958  2022 I PackageManager: Un-granting permission com.google.android.googleapps.permission.GOOGLE_AUTH.mail from package com.xiaomi.calendar (protectionLevel=2 flags=0x38c9bec5)
06-30 00:40:02.001  1958  2022 I PackageManager: Un-granting permission android.permission.SYSTEM_ALERT_WINDOW from package com.iprototypes.volume (protectionLevel=1250 flags=0x3088be44)
06-30 00:40:02.001  1958  2022 I PackageManager: Un-granting permission android.permission.REQUEST_INSTALL_PACKAGES from package com.wondershare.drfone.link (protectionLevel=66 flags=0x30c8be44)
06-30 00:40:02.001  1958  2022 I PackageManager: Un-granting permission android.permission.ACCESS_MOCK_LOCATION from package com.wondershare.drfone.link (protectionLevel=2 flags=0x30c8be44)
06-30 00:40:02.001  1958  2022 I PackageManager: Un-granting permission android.permission.WRITE_SETTINGS from package com.wondershare.drfone.link (protectionLevel=1218 flags=0x30c8be44)
06-30 00:40:02.001  1958  2022 I PackageManager: Un-granting permission android.permission.DEVICE_POWER from package com.wondershare.drfone.link (protectionLevel=2 flags=0x30c8be44)
06-30 00:40:02.001  1958  2022 I PackageManager: Un-granting permission android.permission.MOUNT_UNMOUNT_FILESYSTEMS from package com.wondershare.drfone.link (protectionLevel=18 flags=0x30c8be44)
06-30 00:40:02.001  1958  2022 I PackageManager: Un-granting permission android.permission.INSTALL_PACKAGES from package com.wondershare.drfone.link (protectionLevel=18 flags=0x30c8be44)
06-30 00:40:02.001  1958  2022 I PackageManager: Un-granting permission android.permission.DELETE_PACKAGES from packagecom.wondershare.drfone.link (protectionLevel=18 flags=0x30c8be44)
06-30 00:40:02.001  1958  2022 I PackageManager: Un-granting permission android.permission.CLEAR_APP_CACHE from packagecom.wondershare.drfone.link (protectionLevel=18 flags=0x30c8be44)
06-30 00:40:02.001  1958  2022 I PackageManager: Un-granting permission com.android.launcher.permission.READ_SETTINGS from package com.wondershare.drfone.link (protectionLevel=18 flags=0x30c8be44)
06-30 00:40:02.001  1958  2022 I PackageManager: Un-granting permission android.permission.UPDATE_DEVICE_STATS from package com.wondershare.drfone.link (protectionLevel=18 flags=0x30c8be44)
06-30 00:40:02.001  1958  2022 I PackageManager: Un-granting permission android.permission.MODIFY_PHONE_STATE from package com.wondershare.drfone.link (protectionLevel=18 flags=0x30c8be44)
06-30 00:40:02.003  1958  2022 I PackageManager: Un-granting permission android.permission.SYSTEM_ALERT_WINDOW from package info.kfsoft.force.rotation (protectionLevel=1250 flags=0x20883e44)
06-30 00:40:02.003  1958  2022 I PackageManager: Un-granting permission android.permission.PACKAGE_USAGE_STATS from package info.kfsoft.force.rotation (protectionLevel=114 flags=0x20883e44)
06-30 00:40:02.003  1958  2022 I PackageManager: Un-granting permission com.xiaomi.permission.CLOUD_MANAGER from package com.mipay.wallet.in (protectionLevel=18 flags=0x38c83e45)
06-30 00:40:02.003  1958  2022 I PackageManager: Un-granting permission android.permission.REQUEST_INSTALL_PACKAGES from package com.mipay.wallet.in (protectionLevel=66 flags=0x38c83e45)
06-30 00:40:02.004  1958  2022 I PackageManager: Un-granting permission android.permission.READ_PRIVILEGED_PHONE_STATE from package com.miui.core (protectionLevel=18 flags=0x28883e05)
06-30 00:40:02.005  1958  2022 I PackageManager: Un-granting permission android.permission.INTERACT_ACROSS_PROFILES from package com.google.android.inputmethod.latin (protectionLevel=18 flags=0x20cabec5)
06-30 00:40:02.208  1958  2022 W FileUtils: Slow Operation: fsync took 170ms
06-30 00:40:02.247 13482 14974 W BpBinder: Slow Binder: BpBinder transact took 436ms, interface=android.content.pm.IPackageManager, code=13 oneway=false
06-30 00:40:02.256 16440 16440 W BpBinder: Slow Binder: BpBinder transact took 439ms, interface=android.content.pm.IPackageManager, code=13 oneway=false
06-30 00:40:02.280 16371 16423 W BpBinder: Slow Binder: BpBinder transact took 527ms, interface=com.google.android.gms.measurement.internal.IMeasurementService, code=11 oneway=false
06-30 00:40:02.341 25666 26505 W BpBinder: Slow Binder: BpBinder transact took 1266ms, interface=android.app.IActivityManager, code=20 oneway=false
06-30 00:40:02.350 16440 16440 W Looper  : Slow Looper main: Long Msg: seq=2 plan=00:40:01.163  late=1ms wall=1186ms running=154ms runnable=76ms io=477ms h=android.app.ActivityThread$H w=110
06-30 00:40:02.395 16371 16415 W BpBinder: Slow Binder: BpBinder transact took 1321ms, interface=android.content.IContentProvider, code=21 oneway=false
06-30 00:40:03.901  1958  1958 W WindowManager: removeWindowToken: Attempted to remove non-existing token: android.os.Binder@69873f5
06-30 00:40:09.432  1958  2022 W BpBinder: Slow Binder: BpBinder transact took 7170ms, interface=android.os.IInstalld, code=14 oneway=false
06-30 00:40:09.433  1958  2022 W Looper  : Slow Looper PackageManager: Long Msg: seq=918 plan=00:40:01.803  late=0ms wall=7630ms running=181ms runnable=4ms io=242ms h=com.android.server.pm.PackageManagerService$PackageHandler c=com.android.server.pm.-$$Lambda$PackageManagerService$6_Yp7BSB4TgtrWSoFlODKgHIvZY
06-30 00:40:09.433  1958  2022 I InstallationStatistic: com.BHG.sharechat|null|9555|505|42|1337|0|7173
06-30 00:40:09.436  1958  2022 W PackageManager: Cannot whitelist unknown permission: android.permission.ACCESS_ADSERVICES_ATTRIBUTION
06-30 00:40:09.436  1958  2022 W PackageManager: Cannot whitelist unknown permission: android.permission.ACCESS_ADSERVICES_AD_ID
06-30 00:40:09.466  1958  2022 I ActivityManager: Force stopping com.BHG.sharechat appid=10768 user=0: pkg removed
06-30 00:40:09.466 27887 16367 W BpBinder: Slow Binder: BpBinder transact took 10230ms, interface=android.content.pm.IPackageManager, code=1598246212 oneway=false
06-30 00:40:09.467  1958  2022 I AutoStartManagerService: MIUILOG- Reject RestartService packageName :com.BHG.sharechatuid : 10768
06-30 00:40:09.517  1958  2132 I MiuiCompatModePackages: package com.BHG.sharechat updated, removing config
06-30 00:40:09.526  1958  5090 W LocationProviderProxy: Odd, no component found for service com.android.location.service.v3.NetworkLocationProvider
06-30 00:40:09.533  1958  2010 W BroadcastQueue: Background execution not allowed: receiving Intent { act=android.intent.action.PACKAGE_REMOVED dat=package:com.BHG.sharechat flg=0x4000010 (has extras) } to com.lbe.security.miui/com.lbe.security.service.BootReceiver
06-30 00:40:09.539  1958  2010 W BroadcastQueue: Background execution not allowed: receiving Intent { act=android.intent.action.PACKAGE_REMOVED dat=package:com.BHG.sharechat flg=0x4000010 (has extras) } to com.android.settings/.search.provider.UpdateReceiver
06-30 00:40:09.561  1958  2010 W BroadcastQueue: Background execution not allowed: receiving Intent { act=android.intent.action.PACKAGE_REMOVED dat=package:com.BHG.sharechat flg=0x4000010 (has extras) } to com.android.vending/com.google.android.finsky.packagemonitor.impl.PackageMonitorReceiverImpl$RegisteredReceiver
06-30 00:40:09.562  1958  2010 W BroadcastQueue: Background execution not allowed: receiving Intent { act=android.intent.action.PACKAGE_REMOVED dat=package:com.BHG.sharechat flg=0x4000010 (has extras) } to com.android.vending/com.google.android.finsky.packagemonitor.backgroundimpl.BackgroundPackageMonitorReceiverImpl$RegisteredReceiver
06-30 00:40:09.568  1958  2010 W BroadcastQueue: Background execution not allowed: receiving Intent { act=android.intent.action.PACKAGE_REMOVED dat=package:com.BHG.sharechat flg=0x4000010 (has extras) } to com.android.vending/com.google.android.finsky.instantapps.appmanagement.InstantAppRemoveMonitor
06-30 00:40:09.569  1958  2010 W BroadcastQueue: Background execution not allowed: receiving Intent { act=android.intent.action.PACKAGE_REMOVED dat=package:com.BHG.sharechat flg=0x4000010 (has extras) } to com.google.android.apps.maps/com.google.android.libraries.social.peoplekit.thirdparty.viewcontrollers.ThirdPartyReceiver
06-30 00:40:09.569  1958  2010 W BroadcastQueue: Background execution not allowed: receiving Intent { act=android.intent.action.PACKAGE_REMOVED dat=package:com.BHG.sharechat flg=0x4000010 (has extras) } to com.google.android.gms/.chimera.GmsIntentOperationService$PersistentTrustedReceiver
06-30 00:40:09.569  1958  2010 W BroadcastQueue: Background execution not allowed: receiving Intent { act=android.intent.action.PACKAGE_REMOVED dat=package:com.BHG.sharechat flg=0x4000010 (has extras) } to com.google.android.gms/.games.chimera.GamesSystemBroadcastReceiverProxy
06-30 00:40:09.570  1958  2010 W BroadcastQueue: Background execution not allowed: receiving Intent { act=android.intent.action.PACKAGE_REMOVED dat=package:com.BHG.sharechat flg=0x4000010 (has extras) } to com.miui.audioeffect/com.android.musicfx.Compatibility$Receiver
06-30 00:40:09.578  1958  2010 W BroadcastQueue: Background execution not allowed: receiving Intent { act=android.intent.action.PACKAGE_REMOVED dat=package:com.BHG.sharechat flg=0x4000010 (has extras) } to com.xiaomi.discover/com.xiaomi.market.data.MyPackageMonitor
06-30 00:40:09.579  1958  2010 W BroadcastQueue: Background execution not allowed: receiving Intent { act=android.intent.action.PACKAGE_REMOVED dat=package:com.BHG.sharechat flg=0x4000010 (has extras) } to com.xiaomi.mipicks/com.xiaomi.market.data.MyPackageMonitor
06-30 00:40:09.579  1958  2010 W BroadcastQueue: Background execution not allowed: receiving Intent { act=android.intent.action.PACKAGE_REMOVED dat=package:com.BHG.sharechat flg=0x4000010 (has extras) } to com.xiaomi.misettings/.usagestats.AppTimerReceiver
06-30 00:40:09.582  1958  2010 W BroadcastQueue: Background execution not allowed: receiving Intent { act=android.intent.action.PACKAGE_REMOVED dat=package:com.BHG.sharechat flg=0x4000010 (has extras) } to app.revanced.android.gms/org.microg.gms.gcm.UnregisterReceiver
06-30 00:40:09.583  1958  2011 I ActivityManager: Start proc 16532:com.android.keychain/1000 for service {com.android.keychain/com.android.keychain.KeyChainService} caller=android
06-30 00:40:09.589  1958  2010 W BroadcastQueue: Background execution not allowed: receiving Intent { act=android.intent.action.PACKAGE_REMOVED dat=package:com.BHG.sharechat flg=0x4000010 (has extras) } to com.google.android.apps.photos/com.google.android.libraries.social.peoplekit.thirdparty.viewcontrollers.ThirdPartyReceiver
06-30 00:40:09.592  1958  2010 W BroadcastQueue: Background execution not allowed: receiving Intent { act=android.intent.action.PACKAGE_REMOVED dat=package:com.BHG.sharechat flg=0x4000010 (has extras) } to com.jio.myjio/com.inn.passivesdk.receiver.PackageReceiver
06-30 00:40:09.593  1958  2010 W BroadcastQueue: Background execution not allowed: receiving Intent { act=android.intent.action.PACKAGE_ADDED dat=package:com.BHG.sharechat flg=0x4000010 (has extras) } to com.lbe.security.miui/com.lbe.security.service.BootReceiver
06-30 00:40:09.594  1958  2010 W BroadcastQueue: Background execution not allowed: receiving Intent { act=android.intent.action.PACKAGE_ADDED dat=package:com.BHG.sharechat flg=0x4000010 (has extras) } to com.msf.kbank.mobile/com.cv.sdk.receiver.EventReceiver
06-30 00:40:09.595  1958  2010 W BroadcastQueue: Background execution not allowed: receiving Intent { act=android.intent.action.PACKAGE_ADDED dat=package:com.BHG.sharechat flg=0x4000010 (has extras) } to com.google.android.packageinstaller/com.android.packageinstaller.PackageInstalledReceiver
06-30 00:40:09.595  1958  2010 W BroadcastQueue: Background execution not allowed: receiving Intent { act=android.intent.action.PACKAGE_ADDED dat=package:com.BHG.sharechat flg=0x4000010 (has extras) } to com.android.settings/.search.provider.UpdateReceiver
06-30 00:40:09.596  1958  2010 W BroadcastQueue: Background execution not allowed: receiving Intent { act=android.intent.action.PACKAGE_ADDED dat=package:com.BHG.sharechat flg=0x4000010 (has extras) } to com.android.vending/com.google.android.finsky.packagemonitor.impl.PackageMonitorReceiverImpl$RegisteredReceiver
06-30 00:40:09.597  1958  2010 W BroadcastQueue: Background execution not allowed: receiving Intent { act=android.intent.action.PACKAGE_ADDED dat=package:com.BHG.sharechat flg=0x4000010 (has extras) } to com.android.vending/com.google.android.finsky.packagemonitor.backgroundimpl.BackgroundPackageMonitorReceiverImpl$RegisteredReceiver
06-30 00:40:09.597  1958  2010 W BroadcastQueue: Background execution not allowed: receiving Intent { act=android.intent.action.PACKAGE_ADDED dat=package:com.BHG.sharechat flg=0x4000010 (has extras) } to com.facebook.appmanager/com.facebook.oxygen.common.packages.event.manifest.ManifestPackageEventReceiver
06-30 00:40:09.598  1958  2010 W BroadcastQueue: Background execution not allowed: receiving Intent { act=android.intent.action.PACKAGE_ADDED dat=package:com.BHG.sharechat flg=0x4000010 (has extras) } to com.google.android.gms/.chimera.GmsIntentOperationService$PersistentTrustedReceiver
06-30 00:40:09.599  1958  2010 W BroadcastQueue: Background execution not allowed: receiving Intent { act=android.intent.action.PACKAGE_ADDED dat=package:com.BHG.sharechat flg=0x4000010 (has extras) } to com.google.android.gms/.games.chimera.GamesSystemBroadcastReceiverProxy
06-30 00:40:09.600  1958  2010 W BroadcastQueue: Background execution not allowed: receiving Intent { act=android.intent.action.PACKAGE_ADDED dat=package:com.BHG.sharechat flg=0x4000010 (has extras) } to com.google.android.gms/.gass.chimera.PackageChangeBroadcastReceiver
06-30 00:40:09.601  1958  2010 W BroadcastQueue: Background execution not allowed: receiving Intent { act=android.intent.action.PACKAGE_ADDED dat=package:com.BHG.sharechat flg=0x4000010 (has extras) } to com.miui.audioeffect/com.android.musicfx.Compatibility$Receiver
06-30 00:40:09.603  1958  2010 W BroadcastQueue: Background execution not allowed: receiving Intent { act=android.intent.action.PACKAGE_ADDED dat=package:com.BHG.sharechat flg=0x4000010 (has extras) } to com.xiaomi.discover/com.xiaomi.market.data.MyPackageMonitor
06-30 00:40:09.603  1958  2010 W BroadcastQueue: Background execution not allowed: receiving Intent { act=android.intent.action.PACKAGE_ADDED dat=package:com.BHG.sharechat flg=0x4000010 (has extras) } to com.xiaomi.mipicks/com.xiaomi.market.data.MyPackageMonitor
06-30 00:40:09.604  1958  2010 W BroadcastQueue: Background execution not allowed: receiving Intent { act=android.intent.action.PACKAGE_ADDED dat=package:com.BHG.sharechat flg=0x4000010 (has extras) } to com.xiaomi.misettings/.usagestats.AppTimerReceiver
06-30 00:40:09.612  1958  2010 W BroadcastQueue: Background execution not allowed: receiving Intent { act=android.intent.action.PACKAGE_ADDED dat=package:com.BHG.sharechat flg=0x4000010 (has extras) } to com.dv.adm/com.appodeal.ads.AppodealPackageAddedReceiver
06-30 00:40:09.618  1958  2010 W BroadcastQueue: Background execution not allowed: receiving Intent { act=android.intent.action.PACKAGE_ADDED dat=package:com.BHG.sharechat flg=0x4000010 (has extras) } to com.jio.myjio/com.inn.passivesdk.receiver.PackageReceiver
06-30 00:40:09.621  1958  2011 I ActivityManager: Start proc 16551:com.miui.global.packageinstaller/u0a162 for service {com.miui.global.packageinstaller/com.miui.global.packageinstaller.service.ScanDispatchService} caller=com.miui.securitycenter
06-30 00:40:09.653  1958  2065 W FileUtils: Slow Operation: fsync took 188ms
06-30 00:40:09.658  1958  2011 I ActivityManager: Start proc 16568:com.android.vending/u0a175 for broadcast {com.android.vending/com.google.android.finsky.packagemonitor.impl.PackageMonitorReceiverImpl$RegisteredReceiver} caller=null
06-30 00:40:10.525 16551 16649 I Ad      : isPersonalizedAdEnabled getAdSettings: 3
06-30 00:40:10.583  1958  1996 W Looper  : Slow Looper android.display: Long Msg: seq=177079 plan=00:40:09.504  late=0ms wall=1078ms running=16ms runnable=23ms io=578ms h=com.android.server.input.InputManagerService$InputManagerHandler c=android.app.-$$Lambda$LoadedApk$ReceiverDispatcher$Args$_BumDX2UKsnxLVrE6UJsJZkotuA
06-30 00:40:10.602  1958  2011 I ActivityManager: Start proc 16677:com.miui.msa.global/u0a123 for content provider {com.miui.msa.global/com.miui.zeus.msa.app.adSwitch.AdSwitchContentProvider} caller=com.miui.global.packageinstaller
06-30 00:40:10.816 25324 25324 I Timeline: Timeline: Activity_launch_request time:37586004
06-30 00:40:10.818  1958  2351 I ActivityTaskManager: START u0 {act=android.intent.action.MAIN cat=[android.intent.category.LAUNCHER] flg=0x10200000 cmp=com.BHG.sharechat/.SplashActivity bnds=[76,764][252,940] (has extras)} from uid 10094
06-30 00:40:10.850  1958  2351 W BoostFramework: Slow Operation: BoostFramework perfIOPrefetchStart took 23ms
06-30 00:40:11.029 25324 25324 W BpBinder: Slow Binder: BpBinder transact took 213ms, interface=android.app.IActivityTaskManager, code=1 oneway=false
06-30 00:40:11.038 25324 25324 W InputEventReceiver: App Input: Dispatching InputEvent took 232ms in main thread! (MotionEvent: event_seq=15536, seq=159121, action=ACTION_UP)
06-30 00:40:11.039 13482 13521 W BpBinder: Slow Binder: BpBinder transact took 207ms, interface=android.app.IActivityManager, code=27 oneway=false
06-30 00:40:11.041 25324 25324 W ActivityThread: SCHED: com.miui.home/.launcher.Launcher [66, r=24ms, a=12ms, w=9355ms]
06-30 00:40:11.097  1958  2011 I ActivityManager: Start proc 16749:com.BHG.sharechat/u0a768 for activity {com.BHG.sharechat/com.BHG.sharechat.SplashActivity} caller=com.miui.home
06-30 00:40:11.119 19805 20034 W BpBinder: Slow Binder: BpBinder transact took 507ms, interface=android.view.accessibility.IAccessibilityManager, code=5 oneway=false
06-30 00:40:11.134  1958  1958 W Looper  : Slow Looper main: Long Msg: seq=168344 plan=00:40:09.515  late=37ms wall=1582ms running=72ms runnable=50ms io=671ms h=android.app.ActivityThread$H c=android.app.-$$Lambda$LoadedApk$ReceiverDispatcher$Args$_BumDX2UKsnxLVrE6UJsJZkotuA
06-30 00:40:11.134  1958  1958 W Looper  : Slow dispatch took 1582ms main h=android.app.ActivityThread$H c=android.app.-$$Lambda$LoadedApk$ReceiverDispatcher$Args$_BumDX2UKsnxLVrE6UJsJZkotuA@578257a m=0
06-30 00:40:11.134  1958  1958 W Looper  : Slow delivery took 1619ms main h=android.app.ActivityThread$H c=android.app.-$$Lambda$LoadedApk$ReceiverDispatcher$Args$_BumDX2UKsnxLVrE6UJsJZkotuA@5ef512b m=0
06-30 00:40:11.142 16551 16726 W FileUtils: Slow Operation: fsync took 246ms
06-30 00:40:11.168  1958  1997 I Timeline: Timeline: App_transition_ready time:37586355
06-30 00:40:11.367  1958  1997 I Timeline: Timeline: App_transition_stopped time:37586554
06-30 00:40:11.481  1958  3906 E WindowManager: App trying to use insecure INPUT_FEATURE_NO_INPUT_CHANNEL flag. Ignoring
06-30 00:40:11.485 16749 16749 W Looper  : Slow Looper main: Activity com.BHG.sharechat/.SplashActivity is 340ms late (wall=0ms running=0ms ClientTransaction{ callbacks=[android.app.servertransaction.TopResumedActivityChangeItem] }) because of 3 msg, msg 2 took 138ms (seq=2 running=74ms runnable=25ms io=14ms late=6ms h=android.app.ActivityThread$H w=110), msg 3 took 199ms (seq=3 running=117ms runnable=13ms io=54ms late=142ms h=android.app.ActivityThread$H w=159)
06-30 00:40:11.508 16551 16661 W BpBinder: Slow Binder: BpBinder transact took 949ms, interface=android.app.IActivityManager, code=20 oneway=false
06-30 00:40:11.571 16568 16568 W Looper  : Slow Looper main: Long Msg: seq=2 plan=00:40:09.697  late=0ms wall=1872ms running=219ms runnable=8ms io=929ms h=android.app.ActivityThread$H w=110
06-30 00:40:11.635  1958  2011 I ActivityManager: Start proc 16840:com.google.process.gservices/u0a185 for content provider {com.google.android.gsf/com.google.android.gsf.gservices.GservicesProvider} caller=com.android.vending
06-30 00:40:11.915  1958  1997 I Timeline: Timeline: Activity_windows_visible id: ActivityRecord{2311336 u0 com.BHG.sharechat/.SplashActivity t1164} time:37587102
06-30 00:40:12.113  1958  1958 W Looper  : Slow dispatch took 977ms main h=android.app.ActivityThread$H c=android.app.-$$Lambda$LoadedApk$ReceiverDispatcher$Args$_BumDX2UKsnxLVrE6UJsJZkotuA@c60c7b4 m=0
06-30 00:40:12.113  1958  1958 I Telecom : DefaultDialerCache: Refreshing default dialer for user 0: now com.android.contacts: DDC.oR@A1s
06-30 00:40:12.129  1958  1958 W Looper  : Drained
06-30 00:40:12.524  1958  2011 I ActivityManager: Start proc 16931:com.google.process.gapps/u0a185 for content provider{com.google.android.gsf/com.google.android.gsf.settings.GoogleSettingsProvider} caller=com.android.vending
06-30 00:40:12.739 16568 16829 W BpBinder: Slow Binder: BpBinder transact took 1141ms, interface=android.app.IActivityManager, code=20 oneway=false
06-30 00:40:12.754 16840 16840 W Looper  : Slow Looper main: Long Msg: seq=2 plan=00:40:11.666  late=1ms wall=1086ms running=117ms runnable=95ms io=809ms h=android.app.ActivityThread$H w=110
06-30 00:40:12.803 16568 16720 W BpBinder: Slow Binder: BpBinder transact took 320ms, interface=android.app.IActivityManager, code=20 oneway=false
06-30 00:40:12.883 16551 16661 W BpBinder: Slow Binder: BpBinder transact took 1374ms, interface=android.content.IContentProvider, code=1 oneway=false
06-30 00:40:12.981  1958  2011 I ActivityManager: Start proc 17055:com.android.vending:background/u0a175 for broadcast {com.android.vending/com.google.android.finsky.packagemonitor.backgroundimpl.BackgroundPackageMonitorReceiverImpl$RegisteredReceiver} caller=null
06-30 00:40:13.024 16568 16568 W Looper  : Slow Looper main: Long Msg: seq=4 plan=00:40:09.699  late=1877ms wall=1448msrunning=61ms runnable=50ms io=211ms h=android.app.ActivityThread$H w=113
06-30 00:40:13.444  1958  3906 W BroadcastQueue: Background execution not allowed: receiving Intent { act=android.intent.action.PACKAGE_REPLACED dat=package:com.BHG.sharechat flg=0x4000010 (has extras) } to com.facebook.appmanager/com.facebook.oxygen.common.packages.event.manifest.ManifestPackageEventReceiver
06-30 00:40:13.446  1958  2010 W BroadcastQueue: Background execution not allowed: receiving Intent { act=android.intent.action.PACKAGE_REPLACED dat=package:com.BHG.sharechat flg=0x4000010 (has extras) } to com.google.android.gms/.chimera.GmsIntentOperationService$PersistentTrustedReceiver
06-30 00:40:13.446  1958  2010 W BroadcastQueue: Background execution not allowed: receiving Intent { act=android.intent.action.PACKAGE_REPLACED dat=package:com.BHG.sharechat flg=0x4000010 (has extras) } to com.google.android.gms/.gass.chimera.PackageChangeBroadcastReceiver
06-30 00:40:13.446  1958  2010 W BroadcastQueue: Background execution not allowed: receiving Intent { act=android.intent.action.PACKAGE_REPLACED dat=package:com.BHG.sharechat flg=0x4000010 (has extras) } to com.miui.audioeffect/com.android.musicfx.Compatibility$Receiver
06-30 00:40:13.446  1958  2010 W BroadcastQueue: Background execution not allowed: receiving Intent { act=android.intent.action.PACKAGE_REPLACED dat=package:com.BHG.sharechat flg=0x4000010 (has extras) } to com.miui.notes/com.miui.floatwindow.BootBroadcastReceiver
06-30 00:40:13.446  1958  2010 W BroadcastQueue: Background execution not allowed: receiving Intent { act=android.intent.action.PACKAGE_REPLACED dat=package:com.BHG.sharechat flg=0x4000010 (has extras) } to com.google.android.apps.photos/.account.full.FetchAccountPropertiesAppUpgradeBroadcastReceiver
06-30 00:40:13.447  1958  2010 W BroadcastQueue: Background execution not allowed: receiving Intent { act=android.intent.action.PACKAGE_REPLACED dat=package:com.BHG.sharechat flg=0x4000010 (has extras) } to com.google.android.apps.photos/.account.full.SyncAccountsForLoginBroadcastReceiver
06-30 00:40:13.447  1958  2010 W BroadcastQueue: Background execution not allowed: receiving Intent { act=android.intent.action.PACKAGE_REPLACED dat=package:com.BHG.sharechat flg=0x4000010 (has extras) } to com.google.android.apps.photos/.notificationchannels.AppUpdateBroadcastReceiver
06-30 00:40:13.447  1958  2010 W BroadcastQueue: Background execution not allowed: receiving Intent { act=android.intent.action.PACKAGE_REPLACED dat=package:com.BHG.sharechat flg=0x4000010 (has extras) } to com.jio.myjio/com.inn.passivesdk.receiver.PackageReceiver
06-30 00:40:13.736  1958  2011 I ActivityManager: Start proc 17220:com.google.android.webview:sandboxed_process0:org.chromium.content.app.SandboxedProcessService0:0/u0i68 for  {com.miui.global.packageinstaller/org.chromium.content.app.SandboxedProcessService0:0} caller=com.miui.global.packageinstaller
06-30 00:40:13.826 16551 16661 W BpBinder: Slow Binder: BpBinder transact took 929ms, interface=android.content.IContentProvider, code=1 oneway=false
06-30 00:40:14.033 16677 17286 I Ad      : isPersonalizedAdEnabled getAdSettings: 3
06-30 00:40:14.295  1958  2011 I ActivityManager: Start proc 17345:com.google.android.webview:webview_service/u0a192 for service {com.google.android.webview/org.chromium.android_webview.services.ComponentsProviderService} caller=com.miui.global.packageinstaller
06-30 00:40:14.311  1958  2066 W ActivityManager: Receiver with filter android.content.IntentFilter@69357ec already registered for pid 16677, callerPackage is com.miui.msa.global
06-30 00:40:14.312  1958  2066 W ActivityManager: Receiver with filter android.content.IntentFilter@e0e87b5 already registered for pid 16677, callerPackage is com.miui.msa.global
06-30 00:40:14.466 16551 16551 W Looper  : Slow Looper main: Long Msg: seq=27 plan=00:40:12.633  late=10ms wall=1822ms running=464ms runnable=70ms io=1053ms h=com.google.android.gms.ads.internal.util.f c=com.google.android.gms.ads.internal.js.r
06-30 00:40:14.471 16749 16749 I Timeline: Timeline: Activity_launch_request time:37589658
06-30 00:40:14.472  1958  3906 I ActivityTaskManager: START u0 {cmp=com.BHG.sharechat/.AuthActivity} from uid 10768
06-30 00:40:14.485 16749 16749 W ActivityThread: SCHED: com.BHG.sharechat/.SplashActivity [76, r=30ms, a=9ms, w=3012ms]
06-30 00:40:14.490  1958  4806 I ActivityTaskManager: The Process com.BHG.sharechat Already Exists in BG. So sending its PID: 16749
06-30 00:40:14.510  1958  4806 I Timeline: Timeline: App_transition_ready time:37589697
06-30 00:40:14.665  1958  2645 I Timeline: Timeline: App_transition_ready time:37589852
06-30 00:40:14.795  1958  2011 I ActivityManager: Start proc 17465:com.android.chrome/u0a193 for service {com.android.chrome/org.chromium.chrome.browser.customtabs.CustomTabsConnectionService} caller=com.miui.global.packageinstaller
06-30 00:40:14.826 16749 16749 I Timeline: Timeline: Activity_launch_request time:37590013
06-30 00:40:14.827  1958  2645 I ActivityTaskManager: START u0 {cmp=com.BHG.sharechat/.MainActivity} from uid 10768
06-30 00:40:14.836 16749 16749 W Looper  : Slow Looper main: Activity com.BHG.sharechat/.AuthActivity is 344ms late (wall=0ms running=0ms ClientTransaction{ callbacks=[android.app.servertransaction.TopResumedActivityChangeItem] }) because of 3 msg, msg 3 took 326ms (seq=34 running=78ms runnable=8ms late=18ms h=android.app.ActivityThread$H w=159)
06-30 00:40:14.839  1958  5270 I ActivityTaskManager: The Process com.BHG.sharechat Already Exists in BG. So sending its PID: 16749
06-30 00:40:14.842 16677 16853 W FileUtils: Slow Operation: fsync took 110ms
06-30 00:40:14.843  1958  5270 I Timeline: Timeline: App_transition_ready time:37590030
06-30 00:40:14.845  1958  1997 I Timeline: Timeline: App_transition_ready time:37590032
06-30 00:40:14.847  1958  4806 W ActivityManager: Unable to start service Intent { act=com.android.calendar.RECEIVE_AD_ZIP_PATH pkg=com.android.calendar (has extras) } U=0: not found
06-30 00:40:15.057  1958  5270 E WindowManager: App trying to use insecure INPUT_FEATURE_NO_INPUT_CHANNEL flag. Ignoring
06-30 00:40:15.079  1958  5258 I Timeline: Timeline: App_transition_ready time:37590266
06-30 00:40:15.081  1958  5258 I Timeline: Timeline: App_transition_ready time:37590268
06-30 00:40:15.121  1958  1997 I Timeline: Timeline: App_transition_ready time:37590308
06-30 00:40:15.378  1958  1997 I Timeline: Timeline: Activity_windows_visible id: ActivityRecord{e5511b2 u0 com.BHG.sharechat/.MainActivity t1164} time:37590566
06-30 00:40:15.381  1958  1997 I Timeline: Timeline: App_transition_stopped time:37590568
06-30 00:40:16.523 16677 16865 W FileUtils: Slow Operation: fsync took 187ms
06-30 00:40:16.719 16677 16865 W FileUtils: Slow Operation: fsync took 155ms
06-30 00:40:16.967  3855 10560 W MiuiPerfServiceClient: interceptAndQueuing:16749|com.BHG.sharechat|165|165|unknown|null|com.BHG.sharechat/com.BHG.sharechat.MainActivity|37591613289252|Slow handle traversal|1
06-30 00:40:17.620 16749 16749 I Timeline: Timeline: Activity_launch_request time:37592808
06-30 00:40:17.621  1958  4806 I ActivityTaskManager: START u0 {cmp=com.BHG.sharechat/.PostDetailActivity (has extras)}from uid 10768
06-30 00:40:17.632 16749 16749 W ActivityThread: SCHED: com.BHG.sharechat/.MainActivity [76, r=99ms, a=30ms, w=2584ms]
06-30 00:40:17.636  1958  4806 I ActivityTaskManager: The Process com.BHG.sharechat Already Exists in BG. So sending its PID: 16749
06-30 00:40:17.640  1958  4806 I Timeline: Timeline: App_transition_ready time:37592828
06-30 00:40:17.726 16749 16749 E AndroidRuntime: FATAL EXCEPTION: main
06-30 00:40:17.726 16749 16749 E AndroidRuntime: Process: com.BHG.sharechat, PID: 16749
06-30 00:40:17.726 16749 16749 E AndroidRuntime: java.lang.RuntimeException: Unable to start activity ComponentInfo{com.BHG.sharechat/com.BHG.sharechat.PostDetailActivity}: java.lang.IllegalArgumentException: Invalid document reference. Document references must have an even number of segments, but likes has 1
06-30 00:40:17.726 16749 16749 E AndroidRuntime:        at android.app.ActivityThread.performLaunchActivity(ActivityThread.java:3311)
06-30 00:40:17.726 16749 16749 E AndroidRuntime:        at android.app.ActivityThread.handleLaunchActivity(ActivityThread.java:3460)
06-30 00:40:17.726 16749 16749 E AndroidRuntime:        at android.app.servertransaction.LaunchActivityItem.execute(LaunchActivityItem.java:83)
06-30 00:40:17.726 16749 16749 E AndroidRuntime:        at android.app.servertransaction.TransactionExecutor.executeCallbacks(TransactionExecutor.java:135)
06-30 00:40:17.726 16749 16749 E AndroidRuntime:        at android.app.servertransaction.TransactionExecutor.execute(TransactionExecutor.java:95)
06-30 00:40:17.726 16749 16749 E AndroidRuntime:        at android.app.ActivityThread$H.handleMessage(ActivityThread.java:2047)
06-30 00:40:17.726 16749 16749 E AndroidRuntime:        at android.os.Handler.dispatchMessage(Handler.java:107)
06-30 00:40:17.726 16749 16749 E AndroidRuntime:        at android.os.Looper.loop(Looper.java:224)
06-30 00:40:17.726 16749 16749 E AndroidRuntime:        at android.app.ActivityThread.main(ActivityThread.java:7592)
06-30 00:40:17.726 16749 16749 E AndroidRuntime:        at java.lang.reflect.Method.invoke(Native Method)
06-30 00:40:17.726 16749 16749 E AndroidRuntime:        at com.android.internal.os.RuntimeInit$MethodAndArgsCaller.run(RuntimeInit.java:539)
06-30 00:40:17.726 16749 16749 E AndroidRuntime:        at com.android.internal.os.ZygoteInit.main(ZygoteInit.java:950)
06-30 00:40:17.726 16749 16749 E AndroidRuntime: Caused by: java.lang.IllegalArgumentException: Invalid document reference. Document references must have an even number of segments, but likes has 1
06-30 00:40:17.726 16749 16749 E AndroidRuntime:        at com.google.firebase.firestore.DocumentReference.forPath(DocumentReference.java:81)
06-30 00:40:17.726 16749 16749 E AndroidRuntime:        at com.google.firebase.firestore.CollectionReference.document(CollectionReference.java:104)
06-30 00:40:17.726 16749 16749 E AndroidRuntime:        at com.BHG.sharechat.PostDetailActivity.setupLikeStatus(PostDetailActivity.kt:161)
06-30 00:40:17.726 16749 16749 E AndroidRuntime:        at com.BHG.sharechat.PostDetailActivity.onCreate(PostDetailActivity.kt:65)
06-30 00:40:17.726 16749 16749 E AndroidRuntime:        at android.app.Activity.performCreate(Activity.java:7893)
06-30 00:40:17.726 16749 16749 E AndroidRuntime:        at android.app.Activity.performCreate(Activity.java:7880)
06-30 00:40:17.726 16749 16749 E AndroidRuntime:        at android.app.Instrumentation.callActivityOnCreate(Instrumentation.java:1307)
06-30 00:40:17.726 16749 16749 E AndroidRuntime:        at android.app.ActivityThread.performLaunchActivity(ActivityThread.java:3286)
06-30 00:40:17.726 16749 16749 E AndroidRuntime:        ... 11 more
06-30 00:40:17.740  1958  4806 W ActivityTaskManager:   Force finishing activity com.BHG.sharechat/.PostDetailActivity
06-30 00:40:17.742  1958  4806 W ActivityTaskManager:   Force finishing activity com.BHG.sharechat/.MainActivity
06-30 00:40:17.750  1958 18188 I DropBoxManagerService: add tag=data_app_crash isTagEnabled=true flags=0x2
06-30 00:40:17.765  1958  2010 W BroadcastQueue: Background execution not allowed: receiving Intent { act=android.intent.action.DROPBOX_ENTRY_ADDED flg=0x10 (has extras) } to com.google.android.gms/.stats.service.DropBoxEntryAddedReceiver
06-30 00:40:17.864  1958  2351 I WindowManager: WIN DEATH: Window{e7cbbae u0 com.BHG.sharechat/com.BHG.sharechat.MainActivity}
06-30 00:40:17.865  1958  5255 I ActivityManager: Process com.BHG.sharechat (pid 16749) has died: vis+99 TOP
06-30 00:40:17.887  1958  5255 I Timeline: Timeline: App_transition_ready time:37593074
06-30 00:40:17.889  1958  1996 W ActivityManager: setHasOverlayUi called on unknown pid: 16749
06-30 00:40:17.896  1958  5255 I Timeline: Timeline: App_transition_ready time:37593083
06-30 00:40:17.914  1958  1997 I Timeline: Timeline: App_transition_ready time:37593101
06-30 00:40:17.921  1958  5255 I Timeline: Timeline: App_transition_ready time:37593109
06-30 00:40:17.930  1958  1997 I Timeline: Timeline: App_transition_ready time:37593117
06-30 00:40:17.940  1958  1997 I Timeline: Timeline: App_transition_ready time:37593127
06-30 00:40:17.940  1958  1997 I Timeline: Timeline: Activity_windows_visible id: ActivityRecord{ddb1799 u0 com.miui.home/.launcher.Launcher t1} time:37593127
06-30 00:40:17.940  1958  1997 I Timeline: Timeline: App_transition_stopped time:37593127
06-30 00:40:18.242  1958  1996 W ActivityTaskManager: Activity top resumed state loss timeout for ActivityRecord{cc0fad1 u0 com.BHG.sharechat/.PostDetailActivity t-1 f}
06-30 00:40:18.936 25324 25324 I Timeline: Timeline: Activity_launch_request time:37594124
06-30 00:40:18.938  1958  4692 I ActivityTaskManager: START u0 {act=android.intent.action.MAIN cat=[android.intent.category.LAUNCHER] flg=0x10200000 cmp=com.BHG.sharechat/.SplashActivity bnds=[73,760][249,936] (has extras)} from uid 10094
06-30 00:40:18.959 25324 25324 W ActivityThread: SCHED: com.miui.home/.launcher.Launcher [75, r=30ms, a=10ms, w=1053ms]
06-30 00:40:19.012  1958  2011 I ActivityManager: Start proc 18327:com.BHG.sharechat/u0a768 for activity {com.BHG.sharechat/com.BHG.sharechat.SplashActivity} caller=com.miui.home
06-30 00:40:19.030  1958  1997 I Timeline: Timeline: App_transition_ready time:37594218
06-30 00:40:19.216  1958  1997 I Timeline: Timeline: App_transition_stopped time:37594403
06-30 00:40:19.236  1958  4692 E WindowManager: App trying to use insecure INPUT_FEATURE_NO_INPUT_CHANNEL flag. Ignoring
06-30 00:40:19.283  1958  1997 I Timeline: Timeline: Activity_windows_visible id: ActivityRecord{679adcc u0 com.BHG.sharechat/.SplashActivity t1165} time:37594470
06-30 00:40:20.558  1958  2011 I ActivityManager: Start proc 18434:android.process.acore/u0a64 for content provider {com.android.providers.contacts/com.android.providers.contacts.ContactsProvider2} caller=com.google.android.gms
06-30 00:40:20.849 13482 18430 W BpBinder: Slow Binder: BpBinder transact took 323ms, interface=android.app.IActivityManager, code=20 oneway=false
06-30 00:40:21.095  1958  2011 I ActivityManager: Start proc 18463:com.google.android.apps.turbo/u0a184 for broadcast {com.google.android.apps.turbo/com.google.android.apps.turbo.nudges.broadcasts.BatteryStatusChangedReceiver} caller=android
06-30 00:40:21.626  1958  2647 W ProcessStats: Tracking association SourceState{7f0270f com.google.android.gms/10185 Top #185770} whose proc state 1 is better than process ProcessState{1c1639c com.google.android.gms.persistent/10185 pkg=com.google.android.gms} proc state 2 (493 skipped)
06-30 00:40:22.214 18327 18327 I Timeline: Timeline: Activity_launch_request time:37597401
06-30 00:40:22.215  1958  4692 I ActivityTaskManager: START u0 {cmp=com.BHG.sharechat/.AuthActivity} from uid 10768
06-30 00:40:22.230 18327 18327 W ActivityThread: SCHED: com.BHG.sharechat/.SplashActivity [88, r=38ms, a=5ms, w=3008ms]
06-30 00:40:22.233  1958  2351 I ActivityTaskManager: The Process com.BHG.sharechat Already Exists in BG. So sending its PID: 18327
06-30 00:40:22.238  1958  2351 I Timeline: Timeline: App_transition_ready time:37597425
06-30 00:40:22.379 18327 18327 I Timeline: Timeline: Activity_launch_request time:37597566
06-30 00:40:22.379  1958  4692 I ActivityTaskManager: START u0 {cmp=com.BHG.sharechat/.MainActivity} from uid 10768
06-30 00:40:22.389  1958  2647 I ActivityTaskManager: The Process com.BHG.sharechat Already Exists in BG. So sending its PID: 18327
06-30 00:40:22.392  1958  2647 I Timeline: Timeline: App_transition_ready time:37597579
06-30 00:40:22.394  1958  1997 I Timeline: Timeline: App_transition_ready time:37597581
06-30 00:40:22.501  1958  2351 E WindowManager: App trying to use insecure INPUT_FEATURE_NO_INPUT_CHANNEL flag. Ignoring
06-30 00:40:22.525  1958  5255 I Timeline: Timeline: App_transition_ready time:37597712
06-30 00:40:22.526  1958  5255 I Timeline: Timeline: App_transition_ready time:37597713
06-30 00:40:22.551  1958  1997 I Timeline: Timeline: App_transition_ready time:37597738
06-30 00:40:22.797  1958  1997 I Timeline: Timeline: Activity_windows_visible id: ActivityRecord{412dd04 u0 com.BHG.sharechat/.MainActivity t1165} time:37597985
06-30 00:40:22.800  1958  1997 I Timeline: Timeline: App_transition_stopped time:37597987
06-30 00:40:24.214 18327 18327 I Timeline: Timeline: Activity_launch_request time:37599402
06-30 00:40:24.216  1958  5255 I ActivityTaskManager: START u0 {cmp=com.BHG.sharechat/.PostDetailActivity (has extras)}from uid 10768
06-30 00:40:24.226 18327 18327 W ActivityThread: SCHED: com.BHG.sharechat/.MainActivity [78, r=94ms, a=25ms, w=1738ms]
06-30 00:40:24.229  1958  5255 I ActivityTaskManager: The Process com.BHG.sharechat Already Exists in BG. So sending its PID: 18327
06-30 00:40:24.233  1958  5255 I Timeline: Timeline: App_transition_ready time:37599420
06-30 00:40:24.295 18327 18327 E AndroidRuntime: FATAL EXCEPTION: main
06-30 00:40:24.295 18327 18327 E AndroidRuntime: Process: com.BHG.sharechat, PID: 18327
