06-30 00:47:19.316  1958  5258 I ActivityTaskManager: START u0 {act=android.intent.action.MAIN cat=[android.intent.category.LAUNCHER] flg=0x10200000 cmp=com.BHG.sharechat/.SplashActivity bnds=[75,762][251,938] (has extras)} from uid 10094
06-30 00:47:19.336 25324 25324 W ActivityThread: SCHED: com.miui.home/.launcher.Launcher [81, r=36ms, a=8ms, w=855ms]
06-30 00:47:19.382  1958  2011 I ActivityManager: Start proc 20953:com.BHG.sharechat/u0a768 for activity {com.BHG.sharechat/com.BHG.sharechat.SplashActivity} caller=com.miui.home
06-30 00:47:19.420  1958  1997 I Timeline: Timeline: App_transition_ready time:38014607
06-30 00:47:19.613  1958  1997 I Timeline: Timeline: App_transition_stopped time:38014800
06-30 00:47:19.615  1958  3417 E WindowManager: App trying to use insecure INPUT_FEATURE_NO_INPUT_CHANNEL flag. Ignoring
06-30 00:47:19.674  1958  1997 I Timeline: Timeline: Activity_windows_visible id: ActivityRecord{6b335f3 u0 com.BHG.sharechat/.SplashActivity t1170} time:38014861
06-30 00:47:19.958   788   903 W EventThreadInspector: slow VSync-sf on display(19260784713820289), count=1, avg=36 ms,max=36 ms.
06-30 00:47:22.604 20953 20953 I Timeline: Timeline: Activity_launch_request time:38017791
06-30 00:47:22.605  1958  2646 I ActivityTaskManager: START u0 {cmp=com.BHG.sharechat/.AuthActivity} from uid 10768
06-30 00:47:22.618 20953 20953 W ActivityThread: SCHED: com.BHG.sharechat/.SplashActivity [79, r=35ms, a=9ms, w=3012ms]
06-30 00:47:22.620  1958  3132 I ActivityTaskManager: The Process com.BHG.sharechat Already Exists in BG. So sending its PID: 20953
06-30 00:47:22.626  1958  3132 I Timeline: Timeline: App_transition_ready time:38017813
06-30 00:47:22.770 20953 20953 I Timeline: Timeline: Activity_launch_request time:38017957
06-30 00:47:22.771  1958  2646 I ActivityTaskManager: START u0 {cmp=com.BHG.sharechat/.MainActivity} from uid 10768
06-30 00:47:22.784  1958  3132 I ActivityTaskManager: The Process com.BHG.sharechat Already Exists in BG. So sending its PID: 20953
06-30 00:47:22.787  1958  3132 I Timeline: Timeline: App_transition_ready time:38017974
06-30 00:47:22.788  1958  1997 I Timeline: Timeline: App_transition_ready time:38017975
06-30 00:47:22.873  1958  2646 E WindowManager: App trying to use insecure INPUT_FEATURE_NO_INPUT_CHANNEL flag. Ignoring
06-30 00:47:22.892  1958  5258 I Timeline: Timeline: App_transition_ready time:38018079
06-30 00:47:22.894  1958  5258 I Timeline: Timeline: App_transition_ready time:38018081
06-30 00:47:22.922  1958  1997 I Timeline: Timeline: App_transition_ready time:38018109
06-30 00:47:23.177  1958  1997 I Timeline: Timeline: Activity_windows_visible id: ActivityRecord{8fad163 u0 com.BHG.sharechat/.MainActivity t1170} time:38018364
06-30 00:47:23.180  1958  1997 I Timeline: Timeline: App_transition_stopped time:38018367
06-30 00:47:24.211 20953 20953 I Timeline: Timeline: Activity_launch_request time:38019398
06-30 00:47:24.212  1958  3417 I ActivityTaskManager: START u0 {cmp=com.BHG.sharechat/.PostDetailActivity (has extras)}from uid 10768
06-30 00:47:24.222 20953 20953 W ActivityThread: SCHED: com.BHG.sharechat/.MainActivity [80, r=89ms, a=22ms, w=1354ms]
06-30 00:47:24.225  1958  5258 I ActivityTaskManager: The Process com.BHG.sharechat Already Exists in BG. So sending its PID: 20953
06-30 00:47:24.229  1958  5258 I Timeline: Timeline: App_transition_ready time:38019416
06-30 00:47:24.282 20953 20953 E AndroidRuntime: FATAL EXCEPTION: main
06-30 00:47:24.282 20953 20953 E AndroidRuntime: Process: com.BHG.sharechat, PID: 20953
06-30 00:47:24.282 20953 20953 E AndroidRuntime: java.lang.RuntimeException: Unable to start activity ComponentInfo{com.BHG.sharechat/com.BHG.sharechat.PostDetailActivity}: java.lang.IllegalArgumentException: Invalid document reference. Document references must have an even number of segments, but likes has 1
06-30 00:47:24.282 20953 20953 E AndroidRuntime:        at android.app.ActivityThread.performLaunchActivity(ActivityThread.java:3311)
06-30 00:47:24.282 20953 20953 E AndroidRuntime:        at android.app.ActivityThread.handleLaunchActivity(ActivityThread.java:3460)
06-30 00:47:24.282 20953 20953 E AndroidRuntime:        at android.app.servertransaction.LaunchActivityItem.execute(LaunchActivityItem.java:83)
06-30 00:47:24.282 20953 20953 E AndroidRuntime:        at android.app.servertransaction.TransactionExecutor.executeCallbacks(TransactionExecutor.java:135)
06-30 00:47:24.282 20953 20953 E AndroidRuntime:        at android.app.servertransaction.TransactionExecutor.execute(TransactionExecutor.java:95)
06-30 00:47:24.282 20953 20953 E AndroidRuntime:        at android.app.ActivityThread$H.handleMessage(ActivityThread.java:2047)
06-30 00:47:24.282 20953 20953 E AndroidRuntime:        at android.os.Handler.dispatchMessage(Handler.java:107)
06-30 00:47:24.282 20953 20953 E AndroidRuntime:        at android.os.Looper.loop(Looper.java:224)
06-30 00:47:24.282 20953 20953 E AndroidRuntime:        at android.app.ActivityThread.main(ActivityThread.java:7592)
06-30 00:47:24.282 20953 20953 E AndroidRuntime:        at java.lang.reflect.Method.invoke(Native Method)
06-30 00:47:24.282 20953 20953 E AndroidRuntime:        at com.android.internal.os.RuntimeInit$MethodAndArgsCaller.run(RuntimeInit.java:539)
06-30 00:47:24.282 20953 20953 E AndroidRuntime:        at com.android.internal.os.ZygoteInit.main(ZygoteInit.java:950)
06-30 00:47:24.282 20953 20953 E AndroidRuntime: Caused by: java.lang.IllegalArgumentException: Invalid document reference. Document references must have an even number of segments, but likes has 1
06-30 00:47:24.282 20953 20953 E AndroidRuntime:        at com.google.firebase.firestore.DocumentReference.forPath(DocumentReference.java:81)
06-30 00:47:24.282 20953 20953 E AndroidRuntime:        at com.google.firebase.firestore.CollectionReference.document(CollectionReference.java:104)
06-30 00:47:24.282 20953 20953 E AndroidRuntime:        at com.BHG.sharechat.PostDetailActivity.setupLikeStatus(PostDetailActivity.kt:161)
06-30 00:47:24.282 20953 20953 E AndroidRuntime:        at com.BHG.sharechat.PostDetailActivity.onCreate(PostDetailActivity.kt:65)
06-30 00:47:24.282 20953 20953 E AndroidRuntime:        at android.app.Activity.performCreate(Activity.java:7893)
06-30 00:47:24.282 20953 20953 E AndroidRuntime:        at android.app.Activity.performCreate(Activity.java:7880)
06-30 00:47:24.282 20953 20953 E AndroidRuntime:        at android.app.Instrumentation.callActivityOnCreate(Instrumentation.java:1307)
06-30 00:47:24.282 20953 20953 E AndroidRuntime:        at android.app.ActivityThread.performLaunchActivity(ActivityThread.java:3286)
06-30 00:47:24.282 20953 20953 E AndroidRuntime:        ... 11 more
06-30 00:47:24.284  1958  3417 W ActivityTaskManager:   Force finishing activity com.BHG.sharechat/.PostDetailActivity
06-30 00:47:24.285  1958  3417 W ActivityTaskManager:   Force finishing activity com.BHG.sharechat/.MainActivity
06-30 00:47:24.290  1958 21108 I DropBoxManagerService: add tag=data_app_crash isTagEnabled=true flags=0x2
06-30 00:47:24.295  1958  2010 W BroadcastQueue: Background execution not allowed: receiving Intent { act=android.intent.action.DROPBOX_ENTRY_ADDED flg=0x10 (has extras) } to com.google.android.gms/.stats.service.DropBoxEntryAddedReceiver
06-30 00:47:24.351  1958  5236 I ActivityManager: Process com.BHG.sharechat (pid 20953) has died: vis+99 TOP
06-30 00:47:24.353  1958  1979 I WindowManager: WIN DEATH: Window{5516ad5 u0 com.BHG.sharechat/com.BHG.sharechat.MainActivity}
06-30 00:47:24.373  1958  5236 I Timeline: Timeline: App_transition_ready time:38019561
06-30 00:47:24.379  1958  1996 W ActivityManager: setHasOverlayUi called on unknown pid: 20953
06-30 00:47:24.383  1958  5236 I Timeline: Timeline: App_transition_ready time:38019571
06-30 00:47:24.395  1958  1997 I Timeline: Timeline: App_transition_ready time:38019582
06-30 00:47:24.404  1958  5236 I Timeline: Timeline: App_transition_ready time:38019591
06-30 00:47:24.412  1958  1997 I Timeline: Timeline: App_transition_ready time:38019599
06-30 00:47:24.424  1958  1997 I Timeline: Timeline: App_transition_ready time:38019611
06-30 00:47:24.424  1958  1997 I Timeline: Timeline: Activity_windows_visible id: ActivityRecord{ddb1799 u0 com.miui.home/.launcher.Launcher t1} time:38019611
06-30 00:47:24.424  1958  1997 I Timeline: Timeline: App_transition_stopped time:38019611
06-30 00:47:24.785  1958  1996 W ActivityTaskManager: Activity top resumed state loss timeout for ActivityRecord{3b4bd43 u0 com.BHG.sharechat/.PostDetailActivity t-1 f}
06-30 00:47:30.482  1958  3901 W BpBinder: Slow Binder: BpBinder transact took 517ms, interface=android.os.IInstalld, code=9 oneway=false
06-30 00:47:30.483 20098 20661 W BpBinder: Slow Binder: BpBinder transact took 518ms, interface=android.app.usage.IStorageStatsManager, code=7 oneway=false
06-30 00:49:18.594  1958  2011 I ActivityManager: Start proc 21164:com.android.vending:instant_app_installer/u0a175 forservice {com.android.vending/com.google.android.finsky.instantapps.metrics.LogFlushJob} caller=android
06-30 00:49:24.212  1958  2017 I PowerManagerService: Going to sleep due to timeout (uid 1000)...
06-30 00:49:24.212  1958  1958 W UsageStatsService: Event reported without a package name, eventType:16
06-30 00:49:24.214  1958  1958 I WindowManager: Started going to sleep... (why=OFF_BECAUSE_OF_TIMEOUT)
06-30 00:49:24.434  1958  2017 I DisplayPowerController: Blocking screen off
06-30 00:49:24.434  1958  2017 I DisplayPowerController: Unblocked screen off after 0 ms
06-30 00:49:24.434  1958  2017 I WindowManager: Screen turned off...
06-30 00:49:24.435  1958  2017 W ActivityManager: Unable to start service Intent { act=miui.action.CAMERA_EMPTY_SERVICEpkg=com.android.camera } U=0: not found
06-30 00:49:24.443 25324 25324 W ActivityThread: SCHED: com.miui.home/.launcher.Launcher [90, r=19ms, a=2ms, w=120055ms]
06-30 00:49:24.487  1958  1996 I DisplayManagerService: Display device changed state: "Built-in Screen", OFF
06-30 00:49:24.778  1958  2168 W BpBinder: Slow Binder: BpBinder transact took 315ms, interface=android.ui.ISurfaceComposer, code=19 oneway=false
06-30 00:49:24.794  1958  2017 W DreamManagerService: Dream ComponentInfo{com.android.systemui/com.android.systemui.doze.DozeService} does not exist
06-30 00:49:24.794  1958  2017 I PowerManagerService: Sleeping (uid 1000)...
06-30 00:49:24.797  1958  1958 I WindowManager: Finished going to sleep... (why=OFF_BECAUSE_OF_TIMEOUT)
06-30 00:49:24.799  2181  2205 W KeyguardViewMediator: doKeyguard: showing the lock screen
06-30 00:49:24.896  1958  1996 W UsageStatsService: Event reported without a package name, eventType:17
06-30 00:49:24.896  1958  1996 I WindowManager: updateContrastOverlay, darkmode: true isContrastEnabled: false alpha: 0.0
06-30 00:49:25.081  1958  1958 W BpBinder: Slow Binder: BpBinder transact took 263ms, interface=android.media.IAudioFlinger, code=20 oneway=false
06-30 00:49:25.085  1958  1958 W Looper  : Slow dispatch took 267ms main h=android.app.ActivityThread$H c=android.app.-$$Lambda$LoadedApk$ReceiverDispatcher$Args$_BumDX2UKsnxLVrE6UJsJZkotuA@f63db70 m=0
06-30 00:49:25.085  1958  1958 W Looper  : Slow delivery took 251ms main h=com.android.server.AlarmManagerService$AlarmHandler c=null m=8
06-30 00:49:25.106  1958  1958 W Looper  : Drained
06-30 00:49:25.217  2181  2181 W Looper  : Slow Looper main: doFrame is 317ms late because of 6 msg, msg 1 took 85ms (seq=309878 running=9ms runnable=6ms io=61ms h=com.android.systemui.keyguard.KeyguardViewMediator$6 w=5), msg 3 took 298ms(seq=309880 running=69ms runnable=23ms io=184ms late=83ms h=com.android.systemui.keyguard.KeyguardViewMediator$6 w=1)
06-30 00:49:25.261  1958  2011 I ActivityManager: Start proc 21216:com.google.android.apps.wellbeing/u0a189 for broadcast {com.google.android.apps.wellbeing/com.google.android.apps.wellbeing.alarm.NextAlarmClockChangedReceiver_Receiver} caller=android
06-30 00:49:25.530  1958  2011 I ActivityManager: Start proc 21244:com.miui.msa.global:ui/u0a123 for service {com.miui.msa.global/com.xiaomi.ad.internal.splash.uiprocess.SplashUIService} caller=com.miui.msa.global
06-30 00:49:25.691  1958  2014 E BatteryExternalStatsWorker: no controller energy info supplied for bluetooth
06-30 00:49:25.807 19578 19625 I Ad      : isPersonalizedAdEnabled getAdSettings: 3
06-30 00:49:35.535  1958  2647 I ActivityManager: Killing 19682:com.miui.analytics/u0a105 (adj 955): empty #17
06-30 00:49:35.540  1958  2647 I ActivityManager: Killing 18434:android.process.acore/u0a64 (adj 965): empty #18
06-30 00:49:35.594  1958  2647 W ActivityManager: Scheduling restart of crashed service com.miui.analytics/.onetrack.OneTrackService in 1000ms
06-30 00:49:36.664  1958  2011 I ActivityManager: Start proc 21332:com.miui.analytics/u0a105 for service {com.miui.analytics/com.miui.analytics.onetrack.OneTrackService} caller=com.xiaomi.mipicks
06-30 00:49:36.808  1958  2351 I ActivityManager: Killing 19578:com.xiaomi.mipicks/u0a127 (adj 975): empty #17
06-30 00:49:49.826  1958  2090 W BaseMiuiPhoneWindowManager: keyCode:23 down:true eventTime:38165012 downTime:38165012 policyFlags:2000000 flags:8 deviceId:0 isScreenOn:false keyguardActive:true repeatCount:0
06-30 00:49:49.827  1958  2090 I PowerManagerService: Waking up from Asleep (uid=1000, reason=WAKE_REASON_UNKNOWN, details=miui.policy:FINGERPRINT_DPAD_CENTER)...
06-30 00:49:49.828  1958  1958 W UsageStatsService: Event reported without a package name, eventType:15
06-30 00:49:49.830  1958  2017 I DisplayPowerController: Blocking screen on until initial contents have been drawn.
06-30 00:49:49.830  1958  2017 I WindowManager: Screen turning on...
06-30 00:49:49.855  2181  3598 W KeyguardViewMediator: notifyScreenOn
06-30 00:49:49.856  2181  2181 W KeyguardViewMediator: handleNotifyScreenTurningOn
06-30 00:49:49.857  2181  2181 W KeyguardViewMediator: notifyDrawn
06-30 00:49:49.865  1958  3417 I WindowManager: mKeyguardDelegate.ShowListener.onDrawn.
06-30 00:49:49.866  1958  1994 W WindowManager: Setting mKeyguardDrawComplete
06-30 00:49:49.866  1958  1994 I WindowManager: All windows ready for display!
06-30 00:49:49.866  1958  1994 W WindowManager: Setting mWindowManagerDrawComplete
06-30 00:49:49.866  1958  1958 I WindowManager: Started waking up... (why=ON_BECAUSE_OF_UNKNOWN)
06-30 00:49:49.866  1958  1994 I WindowManager: Finished screen turning on...
06-30 00:49:49.888  2181  2181 I miui_face: start face unlock
06-30 00:49:49.889  2181  2924 I miui_face: start verify time=1
06-30 00:49:49.912  1958  2017 I DisplayPowerController: Unblocked screen on after 82 ms
06-30 00:49:49.960  1958  1996 I DisplayManagerService: Display device changed state: "Built-in Screen", ON
06-30 00:49:50.020  1958  2014 E BatteryExternalStatsWorker: no controller energy info supplied for bluetooth
06-30 00:49:50.096  1958  2017 W PowerManagerService: Screen on took 270 ms
06-30 00:49:50.097  1958  1958 I WindowManager: Finished waking up... (why=ON_BECAUSE_OF_UNKNOWN)
06-30 00:49:50.471  1958  2014 E BatteryExternalStatsWorker: no controller energy info supplied for bluetooth
--------- beginning of main
06-30 00:49:50.553 21438 21438 D SVI-Mode: set svi enable:svi:off
06-30 00:49:50.558   715  1533 I Dpps    : AddNewDppsClient():431 New DPPS client accepted, client fd = 21, poll idx 2
06-30 00:49:50.558   715  1533 I Dpps    : HandleDppsClientEvent():921 Incoming message on client fd 21: 'svi:off'
06-30 00:49:50.559   715  2093 I Dpps    : ProcessAbaCommands():258 command recieved kSviOffCmd
06-30 00:49:50.561 21438 21438 D SVI-Mode: read respond for:svi:off
06-30 00:49:50.561 21438 21438 D SVI-Mode: Daemon response: Success
06-30 00:49:50.561 21438 21438 D SVI-Mode: all things done, result:0
06-30 00:49:50.561   715  1533 I Dpps    : HandleDppsClientEvent():903 Client connection 21 has closed
06-30 00:49:50.561   715  1533 I Dpps    : RemoveServerClient():297 closed fd 21 poll_idx 2
06-30 00:49:50.567  1069  1335 D fpc_tac : fpc_irq_wait: poll status: 1, revents [0]: 10, [1]: 0
06-30 00:49:50.580  1069  1335 D fpc_fingerprint_hal: report_input_event - Reporting trigger_code=65537, event type: 1,code: 96, value:0
06-30 00:49:50.580  1069  1335 D fpc_fingerprint_hal: nav_loop waiting for finger down
06-30 00:49:50.580  1958  2090 W BaseMiuiPhoneWindowManager: keyCode:23 down:false eventTime:38165767 downTime:38165012policyFlags:22000000 flags:8 deviceId:0 isScreenOn:true keyguardActive:true repeatCount:0
06-30 00:49:50.656  4027  4215 W BpBinder: Slow Binder: BpBinder transact took 441ms, interface=android.hardware.camera2.ICameraDeviceUser, code=6 oneway=false
06-30 00:49:50.693   708  1859 I chatty  : uid=1047(cameraserver) provider@2.4-se expire 22 lines
06-30 00:49:50.696   708  1857 I chatty  : uid=1047(cameraserver) provider@2.4-se expire 14 lines
06-30 00:49:50.699   708  1860 I chatty  : uid=1047(cameraserver) provider@2.4-se expire 30 lines
06-30 00:49:50.700   708  1861 I chatty  : uid=1047(cameraserver) provider@2.4-se expire 16 lines
06-30 00:49:50.702   708  1855 I chatty  : uid=1047(cameraserver) provider@2.4-se expire 19 lines
06-30 00:49:50.702   708  1858 I chatty  : uid=1047(cameraserver) provider@2.4-se expire 21 lines
06-30 00:49:50.796   613  1193 D MDnsDS  : Monitor poll got data pollCount = 2, 1
06-30 00:49:50.796   613  1193 D MDnsDS  : Monitor found [1].revents = 1 - calling ProcessResults
06-30 00:49:50.796   613  1193 D MDnsDS  : register succeeded for 99 as {"nm":"Redmi Note 7 Pro","as":"[8193, 8194]","ip":"33"}
06-30 00:49:50.796   613  1193 D MDnsDS  : controlSocket shows revent= 0
06-30 00:49:50.796   613  1193 D MDnsDS  : Going to poll with pollCount 2
06-30 00:49:50.804 16014 21238 W Settings: Setting device_provisioned has moved from android.provider.Settings.Secure to android.provider.Settings.Global.
06-30 00:49:50.940  4027  4258 I chatty  : uid=1000(system) serv_worker expire 23 lines
06-30 00:49:50.940  2181  2924 I miui_face:  authenCallback, onAuthenticationHelp helpCode:5 helpString:未检测到人脸
06-30 00:49:51.072   708  1856 I chatty  : uid=1047(cameraserver) provider@2.4-se expire 21 lines
06-30 00:49:51.152  4027  4044 I chatty  : uid=1000(system) FinalizerDaemon expire 1 line
06-30 00:49:51.187  2513  2513 D QtiCarrierConfigHelper: WARNING, no carrier configs on phone Id: 0
06-30 00:49:51.188  5413  5606 I chatty  : uid=1000(system) PowerCheckerSer expire 1 line
06-30 00:49:51.188 25666 25666 I chatty  : uid=1000(system) com.miui.securitycenter.remote expire 6 lines
06-30 00:49:51.074  2181  2924 I chatty  : uid=1000(system) face_unlock identical 2 lines
06-30 00:49:51.165  2181  2924 I miui_face:  authenCallback, onAuthenticationHelp helpCode:5 helpString:未检测到人脸
06-30 00:49:51.243  2181  2181 E miui_face: start face unlock fail ,faceDetectTypeForCamera=1
06-30 00:49:51.275  2181  3602 I chatty  : uid=1000(system) Binder:2181_B expire 17 lines
06-30 00:49:51.275  2181  2924 I miui_face:  authenCallback, onAuthenticationHelp helpCode:5 helpString:未检测到人脸
06-30 00:49:51.293   788   788 E Layer   : setupBlurSurface setupBlurSurface StatusBar#0
06-30 00:49:51.344  2181  2924 I chatty  : uid=1000(system) face_unlock identical 1 line
06-30 00:49:51.443  2181  2924 I miui_face:  authenCallback, onAuthenticationHelp helpCode:5 helpString:未检测到人脸
06-30 00:49:51.629  2181  2924 I miui_face:  authenCallback, onAuthenticationHelp helpCode:14 helpString:活体检测失败
06-30 00:49:51.779 25666 25690 I chatty  : uid=1000(system) Binder:25666_1 expire 13 lines
06-30 00:49:51.704  2181  2924 I chatty  : uid=1000(system) face_unlock identical 1 line
06-30 00:49:51.777  2181  2924 I miui_face:  authenCallback, onAuthenticationHelp helpCode:14 helpString:活体检测失败
06-30 00:49:51.794  1958  2014 E BatteryExternalStatsWorker: no controller energy info supplied for bluetooth
06-30 00:49:51.817   613  2099 I netd    : trafficSwapActiveStatsMap() <1.04ms>
06-30 00:49:51.819   613  2099 I netd    : tetherGetStats() <1.03ms>
06-30 00:49:51.857  2181  2924 I miui_face:  authenCallback, onAuthenticationHelp helpCode:14 helpString:活体检测失败
06-30 00:49:52.084  2181  2924 I chatty  : uid=1000(system) face_unlock identical 3 lines
06-30 00:49:52.152  2181  2924 I miui_face:  authenCallback, onAuthenticationHelp helpCode:14 helpString:活体检测失败
06-30 00:49:52.195  2181  2924 I miui_face:  authenCallback, onAuthenticationHelp helpCode:5 helpString:未检测到人脸
06-30 00:49:52.267  2181  2924 I miui_face:  authenCallback, onAuthenticationHelp helpCode:14 helpString:活体检测失败
06-30 00:49:52.313  2181  2924 I miui_face:  authenCallback, onAuthenticationHelp helpCode:5 helpString:未检测到人脸
06-30 00:49:52.397  2181  2924 I miui_face:  authenCallback, onAuthenticationHelp helpCode:14 helpString:活体检测失败
06-30 00:49:52.469   708  1955 I chatty  : uid=1047(cameraserver) HwBinder:708_2 expire 1 line
06-30 00:49:52.469   708  1857 I CamX    : [REQMAP][CORE   ] camxsession.cpp:2856 ProcessRequest() chiFrameNum: 35  <==>  requestId: 36  <==>  sequenceId: 35  <==> CSLSyncId: 36  -- PreviewVideo_0
06-30 00:49:52.477   515   529 D rpmb_emmc: rpmb_emmc_write: blk_cnt: 2, num_rpmb_tx: 1, frames_per_tx: 2, rel_wr_cnt: 32
06-30 00:49:52.481   708  1857 E CamX    : [ERROR][ISP    ] camxifenode.cpp:3292 GetTintlessStatus() zzz is not verifier
06-30 00:49:52.481   708  1857 E CamX    : [ERROR][IQMod  ] camxifelsc34.cpp:387 CheckDependenceChange() zzz is not verifier
06-30 00:49:52.482   708  1857 E CHIUSECASE: [ERROR  ] chxusecase.cpp:1036 ReturnFrameworkResult() CTS: delete_camera_metadata_entry ANDROID_CONTROL_AF_REGIONS for FrontSensor.
06-30 00:49:52.493   515   529 D rpmb_emmc: rpmb_emmc_write: blk_cnt: 2, num_rpmb_tx: 1, frames_per_tx: 2, rel_wr_cnt: 32
06-30 00:49:52.505   978   978 D keystore: AddAuthenticationToken: timestamp = 132681387, time_received = 38167
06-30 00:49:52.468  2181  2924 I miui_face:  authenCallback, onAuthenticationHelp helpCode:14 helpString:活体检测失败
06-30 00:49:52.512  2181  2181 I miui_keyguard_password: password unlock duration 83
06-30 00:49:52.515  1958  3901 W FingerprintService: Ignoring lockout reset, no templates enrolled
06-30 00:49:52.515  2181  2181 W miui_keyguard: unlock keyguard by pw
06-30 00:49:52.535   515   529 D rpmb_emmc: rpmb_emmc_write: blk_cnt: 2, num_rpmb_tx: 1, frames_per_tx: 2, rel_wr_cnt: 32
06-30 00:49:52.540   515   529 D rpmb_emmc: rpmb_emmc_write: blk_cnt: 2, num_rpmb_tx: 1, frames_per_tx: 2, rel_wr_cnt: 32
06-30 00:49:52.544  2181  2197 I chatty  : uid=1000(system) Binder:2181_1 expire 3 lines
06-30 00:49:52.545   708  1955 I CHIUSECASE: [REQMAP ] chxadvancedcamerausecase.cpp:3376 ExecuteCaptureRequest() frame:36  <==>  (chiFrameNum) chiOverrideFrameNum: 36
06-30 00:49:52.546   708  1859 I CamX    : [REQMAP][CORE   ] camxsession.cpp:2856 ProcessRequest() chiFrameNum: 36  <==>  requestId: 37  <==>  sequenceId: 36  <==> CSLSyncId: 37  -- PreviewVideo_0
06-30 00:49:52.551  2181  2924 I miui_face:  authenCallback, onAuthenticationHelp helpCode:14 helpString:活体检测失败
06-30 00:49:52.555   708  1856 E CamX    : [ERROR][ISP    ] camxifenode.cpp:3292 GetTintlessStatus() zzz is not verifier
06-30 00:49:52.555   708  1860 E CHIUSECASE: [ERROR  ] chxusecase.cpp:1036 ReturnFrameworkResult() CTS: delete_camera_metadata_entry ANDROID_CONTROL_AF_REGIONS for FrontSensor.
06-30 00:49:52.555   708  1856 E CamX    : [ERROR][IQMod  ] camxifelsc34.cpp:387 CheckDependenceChange() zzz is not verifier
06-30 00:49:52.559   978   978 D keystore: AddAuthenticationToken: timestamp = 132681446, time_received = 38167
06-30 00:49:52.567   515   529 D rpmb_emmc: rpmb_emmc_write: blk_cnt: 2, num_rpmb_tx: 1, frames_per_tx: 2, rel_wr_cnt: 32
06-30 00:49:52.578   515   529 D rpmb_emmc: rpmb_emmc_write: blk_cnt: 2, num_rpmb_tx: 1, frames_per_tx: 2, rel_wr_cnt: 32
06-30 00:49:52.584   978   978 D keystore: AddAuthenticationToken: timestamp = 132681471, time_received = 38167
06-30 00:49:52.585   978   978 I keystore: calling unlock when already unlocked, ignoring.
06-30 00:49:52.586  1958  2351 I LockSettingsService: Unlocking user 0 with secret only, length 32
06-30 00:49:52.586  1958  2351 I LockSettingsService: Disabling escrow token on user 0
06-30 00:49:52.597  1958  2351 I LockSettingsService: Caching SP for user 0
06-30 00:49:52.598  1958  1958 I LockSettingsService: Removing SP from cache for user 0
06-30 00:49:52.615   708  1955 I CHIUSECASE: [REQMAP ] chxadvancedcamerausecase.cpp:3376 ExecuteCaptureRequest() frame:37  <==>  (chiFrameNum) chiOverrideFrameNum: 37
06-30 00:49:52.616  2181  2924 I miui_face:  authenCallback, onAuthenticationHelp helpCode:14 helpString:活体检测失败
06-30 00:49:52.616   708  1855 I CamX    : [REQMAP][CORE   ] camxsession.cpp:2856 ProcessRequest() chiFrameNum: 37  <==>  requestId: 38  <==>  sequenceId: 37  <==> CSLSyncId: 38  -- PreviewVideo_0
06-30 00:49:52.617  4027  4215 I chatty  : uid=1000(system) auth_worker expire 9 lines
06-30 00:49:52.622   708  1858 E CamX    : [ERROR][ISP    ] camxifenode.cpp:3292 GetTintlessStatus() zzz is not verifier
06-30 00:49:52.622   708  1856 E CHIUSECASE: [ERROR  ] chxusecase.cpp:1036 ReturnFrameworkResult() CTS: delete_camera_metadata_entry ANDROID_CONTROL_AF_REGIONS for FrontSensor.
06-30 00:49:52.622   708  1858 E CamX    : [ERROR][IQMod  ] camxifelsc34.cpp:387 CheckDependenceChange() zzz is not verifier
06-30 00:49:52.637  1958  3786 I chatty  : uid=1000(system) pool-3-thread-1 expire 1 line
06-30 00:49:52.692   708  1955 I CHIUSECASE: [REQMAP ] chxadvancedcamerausecase.cpp:3376 ExecuteCaptureRequest() frame:38  <==>  (chiFrameNum) chiOverrideFrameNum: 38
06-30 00:49:52.692   708  1858 I CamX    : [REQMAP][CORE   ] camxsession.cpp:2856 ProcessRequest() chiFrameNum: 38  <==>  requestId: 39  <==>  sequenceId: 38  <==> CSLSyncId: 39  -- PreviewVideo_0
06-30 00:49:52.695   708  1855 E CamX    : [ERROR][ISP    ] camxifenode.cpp:3292 GetTintlessStatus() zzz is not verifier
06-30 00:49:52.695   708  1855 E CamX    : [ERROR][IQMod  ] camxifelsc34.cpp:387 CheckDependenceChange() zzz is not verifier
06-30 00:49:52.692  2181  2924 I miui_face:  authenCallback, onAuthenticationHelp helpCode:14 helpString:活体检测失败
06-30 00:49:52.696  2181  2181 I miui_face: stop face unlock
06-30 00:49:52.698   708  1859 E CHIUSECASE: [ERROR  ] chxusecase.cpp:1036 ReturnFrameworkResult() CTS: delete_camera_metadata_entry ANDROID_CONTROL_AF_REGIONS for FrontSensor.
06-30 00:49:52.698  2181  2924 I miui_face: authenCallback, onAuthenticationError code:2000 msg:取消成功
06-30 00:49:52.704  4027  4215 D FaceAuth: image format is 3
06-30 00:49:52.704  4027  4215 D FaceAuth: image width is 640
06-30 00:49:52.704  4027  4215 D FaceAuth: image height is 480
06-30 00:49:52.704  4027  4215 D FaceAuth: image stride is 640
06-30 00:49:52.704  1958  2351 I Timeline: Timeline: App_transition_ready time:38167891
06-30 00:49:52.705  2181  3626 I KeyguardViewMediator: call fw keyguardGoingAway: flags = 8
06-30 00:49:52.705  1958  1997 I Timeline: Timeline: App_transition_ready time:38167892
06-30 00:49:52.708 25324 25324 I chatty  : uid=10094(com.miui.home) expire 168 lines
06-30 00:49:52.709 25324 26142 I chatty  : uid=10094(com.miui.home) MAML RenderThre expire 12 lines
06-30 00:49:52.722 25324 25393 I chatty  : uid=10094(com.miui.home) cher.Background expire 1 line
06-30 00:49:52.725  1958  3901 I Timeline: Timeline: App_transition_ready time:38167912
06-30 00:49:52.735  1958  3851 I chatty  : uid=1000(system) Binder:1958_D expire 24 lines
06-30 00:49:52.742 13482 13482 D BoundBrokerSvc: onBind: Intent { act=com.google.android.gms.measurement.START pkg=com.google.android.gms }
06-30 00:49:52.742 13482 13482 D BoundBrokerSvc: Loading bound service for intent: Intent { act=com.google.android.gms.measurement.START pkg=com.google.android.gms }
06-30 00:49:52.747  1958  3901 I Timeline: Timeline: App_transition_ready time:38167934
06-30 00:49:52.749  4027  4215 D FaceAuthManager: compare return 1
06-30 00:49:52.749  4027  4215 D miui.face.transplant: compare time =45; result：5
06-30 00:49:52.749  4027  4215 D miui.face.FaceService: onFaceHelp help:5
06-30 00:49:52.749  4027  4258 D miui.face.FaceService: onAcquired  curMonitor:null msgId:5
06-30 00:49:52.750   708  1955 I CHIUSECASE: [REQMAP ] chxadvancedcamerausecase.cpp:3376 ExecuteCaptureRequest() frame:39  <==>  (chiFrameNum) chiOverrideFrameNum: 39
06-30 00:49:52.750   708   708 I CamX    : [CONFIG][HAL    ] camxhal3.cpp:1223 flush() HalOp: Begin FLUSH: 0x7771f53010, logicalCameraId: 1, cameraId: 1
06-30 00:49:52.750   708   708 I CamX    : [ DUMP][HAL    ] camxhaldevice.cpp:1500 DumpFrameworkRequests() +   Error for Framework Request: 39, Num Output Buffers: 2, Partial Request: 2, notifyRequestError: false, notifyResultError: false,notifyBufferError: false, Notify Shutter: false
06-30 00:49:52.750   708   708 I CamX    : [ DUMP][HAL    ] camxhaldevice.cpp:1500 DumpFrameworkRequests() +   Error for Framework Request: 38, Num Output Buffers: 2, Partial Request: 1, notifyRequestError: false, notifyResultError: false,notifyBufferError: false, Notify Shutter: false
06-30 00:49:52.750   708   708 I CamX    : [ DUMP][HAL    ] camxhaldevice.cpp:1500 DumpFrameworkRequests() +   Error for Framework Request: 37, Num Output Buffers: 2, Partial Request: 1, notifyRequestError: false, notifyResultError: false,notifyBufferError: false, Notify Shutter: false
06-30 00:49:52.750   734   734 E ANDR-PERF-TARGET: Error: Invalid logical cluster id 2
06-30 00:49:52.750   734   734 E ANDR-PERF-REQUEST: Translate to physical failed
06-30 00:49:52.750   734   734 E ANDR-PERF-TARGET: Error: Invalid logical cluster id 2
06-30 00:49:52.750   734   734 E ANDR-PERF-REQUEST: Translate to physical failed
06-30 00:49:52.751   708  1855 I CamX    : [REQMAP][CORE   ] camxsession.cpp:2856 ProcessRequest() chiFrameNum: 39  <==>  requestId: 40  <==>  sequenceId: 39  <==> CSLSyncId: 40  -- PreviewVideo_0
06-30 00:49:52.755   708  1858 E CHIUSECASE: [ERROR  ] chxusecase.cpp:1036 ReturnFrameworkResult() CTS: delete_camera_metadata_entry ANDROID_CONTROL_AF_REGIONS for FrontSensor.
06-30 00:49:52.764  1958  1997 I Timeline: Timeline: App_transition_ready time:38167951
06-30 00:49:52.768  1958  1997 I Timeline: Timeline: App_transition_ready time:38167955
06-30 00:49:52.770  2181  2181 I KeyguardViewMediator: handleStartKeyguardExitAnimation startTime=38167955 fadeoutDuration=150
06-30 00:49:52.771   708   708 I CamX    : [CONFIG][CORE   ] camxsession.cpp:5970 SetAELockRange() Set AE lock Range from 0 - 0 for PipelineIndex:0
06-30 00:49:52.771   708   708 I CamX    : [CONFIG][CORE   ] camxsession.cpp:314 Flush() Flushing 0x776c48d9c0 took 18 ms
06-30 00:49:52.774   708   708 I CamX    : [CONFIG][HAL    ] camxhal3.cpp:1233 flush() HalOp: End FLUSH: 0x7771f53010 with result 0, logicalCameraId: 1, cameraId: 1
06-30 00:49:52.776  1958  1996 W UsageStatsService: Event reported without a package name, eventType:18
06-30 00:49:52.778  1958  1996 I WindowManager: updateContrastOverlay, darkmode: true isContrastEnabled: false alpha: 0.0
06-30 00:49:52.790   708   708 I CamX    : [CONFIG][HAL    ] camxhal3.cpp:1223 flush() HalOp: Begin FLUSH: 0x7771f53010, logicalCameraId: 1, cameraId: 1
06-30 00:49:52.790   708   708 I CamX    : [ DUMP][HAL    ] camxhaldevice.cpp:1500 DumpFrameworkRequests() +   Error for Framework Request: 39, Num Output Buffers: 0, Partial Request: 1, notifyRequestError: false, notifyResultError: true, notifyBufferError: true, Notify Shutter: false
06-30 00:49:52.790   708   708 I CamX    : [ DUMP][HAL    ] camxhaldevice.cpp:1500 DumpFrameworkRequests() +   Error for Framework Request: 38, Num Output Buffers: 0, Partial Request: 1, notifyRequestError: false, notifyResultError: true, notifyBufferError: true, Notify Shutter: false
06-30 00:49:52.790   708   708 I CamX    : [ DUMP][HAL    ] camxhaldevice.cpp:1500 DumpFrameworkRequests() +   Error for Framework Request: 37, Num Output Buffers: 0, Partial Request: 1, notifyRequestError: false, notifyResultError: true, notifyBufferError: true, Notify Shutter: false
06-30 00:49:52.790   734   734 E ANDR-PERF-TARGET: Error: Invalid logical cluster id 2
06-30 00:49:52.790   734   734 E ANDR-PERF-REQUEST: Translate to physical failed
06-30 00:49:52.790   734   734 E ANDR-PERF-TARGET: Error: Invalid logical cluster id 2
06-30 00:49:52.790   734   734 E ANDR-PERF-REQUEST: Translate to physical failed
06-30 00:49:52.790   708   708 I CamX    : [CONFIG][CORE   ] camxsession.cpp:5970 SetAELockRange() Set AE lock Range from 0 - 0 for PipelineIndex:0
06-30 00:49:52.790   708   708 I CamX    : [CONFIG][CORE   ] camxsession.cpp:314 Flush() Flushing 0x776c48d9c0 took 0 ms
06-30 00:49:52.791   708   708 I CamX    : [CONFIG][HAL    ] camxhal3.cpp:1233 flush() HalOp: End FLUSH: 0x7771f53010 with result 0, logicalCameraId: 1, cameraId: 1
06-30 00:49:52.794   788   788 E Layer   : setupBlurSurface setupBlurSurface com.android.keyguard.wallpaper.service.MiuiKeyguardPictorialWallpaper#0
06-30 00:49:52.796  2181  2690 I chatty  : uid=1000(system) SysUiBg expire 2 lines
06-30 00:49:52.797  2181  2181 I miui_face: face unlock success time=2909
06-30 00:49:52.800  3787  3787 I fhtg    : (REDACTED) O received %s
06-30 00:49:52.801   966  2622 I Camera3-Device: disconnectImpl: E
06-30 00:49:52.801   966  2622 I CameraLatencyHistogram: ProcessCaptureRequest latency histogram (40) samples:
06-30 00:49:52.801   966  2622 I CameraLatencyHistogram:        40     80    120    160    200    240    280    320    360    inf (max ms)
06-30 00:49:52.802   966  2622 I CameraLatencyHistogram:      55.00   42.50   0.00   0.00   2.50   0.00   0.00   0.000.00   0.00 (%)
06-30 00:49:52.802   708   708 I CamX    : [CONFIG][HAL    ] camxhal3.cpp:788 close() HalOp: Begin CLOSE, logicalCameraId: 1, cameraId: 1
06-30 00:49:52.802   734   734 E ANDR-PERF-TARGET: Error: Invalid logical cluster id 2
06-30 00:49:52.802   734   734 E ANDR-PERF-REQUEST: Translate to physical failed
06-30 00:49:52.802   734   734 E ANDR-PERF-TARGET: Error: Invalid logical cluster id 2
06-30 00:49:52.802   734   734 E ANDR-PERF-REQUEST: Translate to physical failed
06-30 00:49:52.802   708   708 E CHIUSECASE: [CONFIG ] chxextensionmodule.cpp:756 ExtendClose() xieyue reset 0
06-30 00:49:52.804 25666 26108 I chatty  : uid=1000(system) TrafficManageSe expire 1 line
06-30 00:49:52.805  1958  2010 W BroadcastQueue: Background execution not allowed: receiving Intent { act=android.intent.action.USER_PRESENT flg=0x24200010 } to com.jio.myjio/com.jio.clickstream.tbn.PowerConnectionReceiver
06-30 00:49:52.805  1958  2010 W BroadcastQueue: Background execution not allowed: receiving Intent { act=android.intent.action.USER_PRESENT flg=0x24200010 } to com.android.chrome/org.chromium.chrome.browser.sharing.click_to_call.ClickToCallMessageHandler$PhoneUnlockedReceiver
06-30 00:49:52.805  1958  2010 W BroadcastQueue: Background execution not allowed: receiving Intent { act=android.intent.action.USER_PRESENT flg=0x24200010 } to com.google.android.gms/.auth.setup.devicesignals.LockScreenReceiver
06-30 00:49:52.806  1958  2010 W BroadcastQueue: Background execution not allowed: receiving Intent { act=android.intent.action.USER_PRESENT flg=0x24200010 } to com.google.android.gms/.chimera.GmsIntentOperationService$PersistentTrustedReceiver
06-30 00:49:52.806  1958  2010 W BroadcastQueue: Background execution not allowed: receiving Intent { act=android.intent.action.USER_PRESENT flg=0x24200010 } to info.kfsoft.force.rotation/.RestartReceiver
06-30 00:49:52.806  3151  3209 I octvm_power: power mode [normal] start 1751224792
06-30 00:49:52.806  4010  4010 E SUI_svcsock: svc_sock_send_message(suisvc): invalid remote socket suilst
06-30 00:49:52.807  3151  3209 E octvm   : open /sys/class/power_supply/battery/status error, Permission denied
06-30 00:49:52.807  3151  3209 I octvm_drv: common drv: get_current_battery_uAh will return 0
06-30 00:49:52.807  3151  3209 E octvm   : open /sys/class/power_supply/battery/status error, Permission denied
06-30 00:49:52.807  3151  3209 I octvm_drv: common drv: get_current_battery_uAh will return 0
06-30 00:49:52.807  3151  3209 I octvm_power: onPowerModeChanged[normal] called
06-30 00:49:52.796  3151  3151 W Binder:3151_1: type=1400 audit(0.0:19926): avc: denied { search } for name="battery" dev="sysfs" ino=55218 scontext=u:r:mcd:s0 tcontext=u:object_r:sysfs_battery_supply:s0 tclass=dir permissive=0
06-30 00:49:52.796  3151  3151 W Binder:3151_1: type=1400 audit(0.0:19927): avc: denied { search } for name="battery" dev="sysfs" ino=55218 scontext=u:r:mcd:s0 tcontext=u:object_r:sysfs_battery_supply:s0 tclass=dir permissive=0
06-30 00:49:52.808 19040 19040 W AD-PLUGIN-PushAdManager: pushRealTimeRequest mode mismatching
06-30 00:49:52.809 25324 25517 I chatty  : uid=10094(com.miui.home) LauncherTask #3 expire 1 line
06-30 00:49:52.809 19040 19040 W AD-PLUGIN-PushAdManager: Receive notification preload cache null
06-30 00:49:52.818 25666 21461 I chatty  : uid=1000(system) AsyncTask #155 expire 6 lines
06-30 00:49:52.823 28084 28084 I GoogleInputMethodService: GoogleInputMethodService.onFinishInput():1984
06-30 00:49:52.824 28084 28084 I DeviceLockTags: DeviceLockTags.notifyDeviceLockStatusChanged():108 notifyDeviceLockStatusChanged(): deviceLocked=false, blockPersonalData=false
06-30 00:49:52.824 28084 28084 I Module  : DeviceLockedStatusModuleProvider$Module.updateDeviceLockedStatus():100 repeatCheckTimes = 0, locked = false
06-30 00:49:52.825   708   708 I CamX    : [ DUMP][HAL    ] camxhaldevice.cpp:1500 DumpFrameworkRequests() +   Error for Framework Request: 39, Num Output Buffers: 0, Partial Request: 1, notifyRequestError: false, notifyResultError: true, notifyBufferError: true, Notify Shutter: false
06-30 00:49:52.825   708   708 I CamX    : [ DUMP][HAL    ] camxhaldevice.cpp:1500 DumpFrameworkRequests() +   Error for Framework Request: 38, Num Output Buffers: 0, Partial Request: 1, notifyRequestError: false, notifyResultError: true, notifyBufferError: true, Notify Shutter: false
06-30 00:49:52.825   708   708 I CamX    : [ DUMP][HAL    ] camxhaldevice.cpp:1500 DumpFrameworkRequests() +   Error for Framework Request: 37, Num Output Buffers: 0, Partial Request: 1, notifyRequestError: false, notifyResultError: true, notifyBufferError: true, Notify Shutter: false
06-30 00:49:52.825   708   708 I CamX    : [CONFIG][CORE   ] camxsession.cpp:5970 SetAELockRange() Set AE lock Range from 0 - 0 for PipelineIndex:0
06-30 00:49:52.825   708   708 I CamX    : [CONFIG][CORE   ] camxsession.cpp:314 Flush() Flushing 0x776c48d9c0 took 0 ms
06-30 00:49:52.825   708   708 I CamX    : [CONFIG][CORE   ] camxsession.cpp:5970 SetAELockRange() Set AE lock Range from 0 - 0 for PipelineIndex:0
06-30 00:49:52.825 25666 10947 I chatty  : uid=1000(system) com.miui.securitycenter.remote expire 1 line
06-30 00:49:52.830 21390 27495 I NearbySharing: Screen is unlocked
06-30 00:49:52.831 28084 28084 I ExtensionManager: ExtensionManager.updateExtensionWrappersMap():230 The same notification is already processed
06-30 00:49:52.834  3855 30511 W MiuiPerfServiceClient: interceptAndQueuing:2181|com.android.systemui|1035|65|unknown|null|StatusBar|38167882027209|Slow swap buffers|46
06-30 00:49:52.837 21390 27495 I NearbySharing: Uwb feature is off.
06-30 00:49:52.838 21390 27495 I NearbySharing: Uwb feature is off.
06-30 00:49:52.838 21390 27495 I NearbySharing: Stopping scanning because Bluetooth is disabled.
06-30 00:49:52.839 28084 28084 I AbstractOpenableExtension: AbstractOpenableExtension.createKeyboardGroupManagerListenableFuture():121 Create keyboard group manager listenable future in gpz
06-30 00:49:52.841 21390 27495 I NearbySharing: Stopping Fast Init advertisement because Bluetooth is off.
06-30 00:49:52.842 21390 27495 I NearbySharing: Stopping advertising because Bluetooth is disabled.
06-30 00:49:52.843 28084 21468 I KeyboardGroupDefParser: KeyboardGroupDefParser.parseKeyboardGroupDef():86 parseKeyboardGroupDef() 2132213989 -> 0_resource_name_obfuscated : WaitTime = 0 ms : RunTime = 2 ms
06-30 00:49:52.844 28084 28084 I AbstractOpenableExtension: AbstractOpenableExtension.createKeyboardGroupManagerListenableFuture():121 Create keyboard group manager listenable future in eiw
06-30 00:49:52.845 28084 28084 I EmojifyExtensionImpl: EmojifyExtensionImpl.onCreate():600 Creating Emojify extension ehw@9fe6a1.
06-30 00:49:52.852 25666 21462 I chatty  : uid=1000(system) com.miui.securitycenter.remote expire 1 line
06-30 00:49:52.853 28084 21469 I KeyboardGroupDefParser: KeyboardGroupDefParser.parseKeyboardGroupDef():86 parseKeyboardGroupDef() 2132213988 -> 0_resource_name_obfuscated : WaitTime = 2 ms : RunTime = 7 ms
06-30 00:49:52.855  1958  3901 I chatty  : uid=1000(system) Binder:1958_F expire 12 lines
06-30 00:49:52.858 28084 28084 I ClipboardDataHandler: ClipboardDataHandler.updateScreenshotsContentObserver():308 Disable the feature of handling screenshots in the clipboard.
06-30 00:49:52.858 28084 28084 W NotificationCenter: NotificationCenter.unregisterListener():480 Listener dpb@39dc8d9 was not registered for notification class mcc
06-30 00:49:52.863 21390 27495 I NearbySharing: Fast Initiation Scanning has stopped
06-30 00:49:52.863 21390 27495 I NearbySharing: Stopping FastInitiation scanning because location is disabled.
06-30 00:49:52.864 21390 27495 I NearbySharing: Dismissing HUN as there's no device nearby.
06-30 00:49:52.872   708   708 I CamX    : [CONFIG][CORE   ] camxpipeline.cpp:710 StreamOff() PreviewVideo_0 Streaming Off successful:0x7795ff84c0, last request id 40 is real time 1 cam Id: 1 mode : 1
06-30 00:49:52.872   708   708 I CamX    : [CONFIG][CORE   ] camxpipeline.h:1803 SetPipelineStatus() PreviewVideo_0 status is now PipelineStatus::STREAM_OFF
06-30 00:49:52.872   708   708 I CamX    : [CONFIG][CORE   ] camxpipeline.h:1803 SetPipelineStatus() PreviewVideo_0 status is now PipelineStatus::RESOURCES_RELEASED
06-30 00:49:52.872   708   708 I CamX    : [CONFIG][CORE   ] camxpipeline.cpp:772 Unlink() [PreviewVideo_0] Unlink for pipeline: 0x7795ff84c0 Success. Link = 0x7795ffc128
06-30 00:49:52.872   708   708 I CamX    : [CONFIG][CORE   ] camxsession.cpp:577 Destroy() Session (0x776c48d9c0) Destroy
06-30 00:49:52.872   708   708 I CamX    : [CONFIG][CORE   ] camxpipeline.cpp:159 Destroy() Destroying PreviewVideo_0
06-30 00:49:52.887   708   708 I CamX    : [ INFO][STATS_AF] camxpdlibinterface.cpp:215 PDLibDestroy() PDLibDestroy overrideCameraClose is 1 g_pPDLibData 0x7790597000
06-30 00:49:52.887   708   708 E CamX    : [ERROR][STATS_AF] sparse_horizontal_flow.cpp:184 GetAdaptiveData() null pointer
06-30 00:49:52.887   708   708 I CamX    : [ INFO][STATS_AF] camxpdlibinterface.cpp:240 PDLibDestroy() PDLib g_pPDLibData in destroy is 0x77762b2490
06-30 00:49:52.887   708   708 E CamX    : [ERROR][STATS_AF] sparse_horizontal_flow.cpp:158 DeInit() null pointer
06-30 00:49:52.896   708   708 E CamX    : [ERROR][STATS  ] camxcawbstatsprocessor.cpp:991 ~CAWBStatsProcessor() cameraId = 1, gain r/g/b = (2.298158 1.000000 1.499418), cct = 5703.000000, curDecisionTC(0.435131,0.666926)
06-30 00:49:52.899  1092  1092 E Diag_Lib:  Diag_LSM_Init: Failed to open handle to diag driver, error = 13
06-30 00:49:52.899  1092  1092 E Diag_Lib: qpLogDiagInit <== result : 0
06-30 00:49:52.899  1092  1092 E Diag_Lib: DATAD : gIsQXDMDisabled 0, gIsADBDisabled 1, gIsDebugDisabled 0, gIsIMSLogsDisabled 0
06-30 00:49:52.899  1092  1092 E Diag_Lib:  Diag_LSM_Init: Failed to open handle to diag driver, error = 13
06-30 00:49:52.899  1092  1092 E Diag_Lib: qpLogDiagInit <== result : 0
06-30 00:49:52.899  1092  1092 E Diag_Lib: DATAD : gIsQXDMDisabled 0, gIsADBDisabled 1, gIsDebugDisabled 0, gIsIMSLogsDisabled 0
06-30 00:49:52.906   708   708 I CamX    : [ INFO][CORE   ] camxchitintlessinterface.cpp:68 TintlessAlgoDestory() Tintless Algo Destroy
06-30 00:49:52.919  1092  1092 E Diag_Lib:  Diag_LSM_Init: Failed to open handle to diag driver, error = 13
06-30 00:49:52.919  1092  1092 E Diag_Lib: qpLogDiagInit <== result : 0
06-30 00:49:52.919  1092  1092 E Diag_Lib: DATAD : gIsQXDMDisabled 0, gIsADBDisabled 1, gIsDebugDisabled 0, gIsIMSLogsDisabled 0
06-30 00:49:52.919  1092  1092 E Diag_Lib:  Diag_LSM_Init: Failed to open handle to diag driver, error = 13
06-30 00:49:52.919  1092  1092 E Diag_Lib: qpLogDiagInit <== result : 0
06-30 00:49:52.919  1092  1092 E Diag_Lib: DATAD : gIsQXDMDisabled 0, gIsADBDisabled 1, gIsDebugDisabled 0, gIsIMSLogsDisabled 0
06-30 00:49:52.922  1958  2645 I chatty  : uid=1000(system) Binder:1958_8 expire 6 lines
06-30 00:49:52.944  1958  1997 I Timeline: Timeline: Activity_windows_visible id: ActivityRecord{ddb1799 u0 com.miui.home/.launcher.Launcher t1} time:38168131
06-30 00:49:52.945  1958  1997 I Timeline: Timeline: App_transition_stopped time:38168133
06-30 00:49:52.959 19805 20034 I aiea    : getLocaleToModelSpecsMap
06-30 00:49:52.959 19805 20034 I aiea    : Fetching latest config from MDD...
06-30 00:49:52.971 19805 20034 I aiea    : (REDACTED) Found map of size: %d
06-30 00:49:52.982  1958  4806 I chatty  : uid=1000(system) Binder:1958_18 expire 22 lines
06-30 00:49:52.997 28084 28084 W NotificationCenter: NotificationCenter$NotificationQueue.notifyPendingNotificationsOnExecutor():877 Heavy notify work detected on UI thread: [mcc->mbm] takes 144ms
06-30 00:49:52.997 28084 28084 I ExtensionManager: ExtensionManager.updateExtensionWrappersMap():230 The same notification is already processed
06-30 00:49:53.009  2181  2181 I chatty  : uid=1000(system) com.android.systemui expire 45 lines
06-30 00:49:53.017 28084 21476 I KeyboardGroupDefParser: KeyboardGroupDefParser.parseKeyboardGroupDef():86 parseKeyboardGroupDef() 2132213981 -> 0_resource_name_obfuscated : WaitTime = 5 ms : RunTime = 16 ms
06-30 00:49:53.030 21390 21480 I NearbyMediums: ModuleInitializer handles incoming intent android.intent.action.USER_PRESENT
06-30 00:49:53.032 28084 28084 I HardKeyTracker: HardKeyTracker.unregisterKeySequence():182 Unregister key sequence msm{labelResId=2132020319, callback=cer@6380ccb, lastModifier=2, keyCodes=[37], actions=[0]}
06-30 00:49:53.032 28084 28084 I HardKeyTracker: HardKeyTracker.registerKeySequence():138 Register key sequence msm{labelResId=2132020319, callback=cer@80c9776, lastModifier=2, keyCodes=[37], actions=[0]}
06-30 00:49:53.032 28084 28084 I HardKeyTracker: HardKeyTracker.unregisterKeySequence():182 Unregister key sequence msm{labelResId=2132020316, callback=cer@149bb54, lastModifier=2, keyCodes=[50], actions=[0]}
06-30 00:49:53.032 28084 28084 I HardKeyTracker: HardKeyTracker.registerKeySequence():138 Register key sequence msm{labelResId=2132020316, callback=cer@679de13, lastModifier=2, keyCodes=[50], actions=[0]}
06-30 00:49:53.032 28084 28084 I HardKeyTracker: HardKeyTracker.unregisterKeySequence():182 Unregister key sequence msm{labelResId=2132020321, callback=cer@4bfd9f9, lastModifier=2, keyCodes=[48], actions=[0]}
06-30 00:49:53.032 28084 28084 I HardKeyTracker: HardKeyTracker.registerKeySequence():138 Register key sequence msm{labelResId=2132020321, callback=cer@a1cd97c, lastModifier=2, keyCodes=[48], actions=[0]}
06-30 00:49:53.032 28084 28084 I HardKeyTracker: HardKeyTracker.unregisterKeySequence():182 Unregister key sequence msm{labelResId=2132020320, callback=cer@d488f4a, lastModifier=65536, keyCodes=[76], actions=[0]}
06-30 00:49:53.032 28084 28084 I HardKeyTracker: HardKeyTracker.registerKeySequence():138 Register key sequence msm{labelResId=2132020320, callback=cer@eb14981, lastModifier=65536, keyCodes=[76], actions=[0]}
06-30 00:49:53.032 28084 28084 W NotificationCenter: NotificationCenter$NotificationQueue.notifyPendingNotificationsOnExecutor():877 Heavy notify work detected on UI thread: [lhc->kmg, lhc->fnt, lhc->jje, lhc->jkm, lhc->jje, lhc->ktn, lhc->jje, lhc->jje, lhc->niz, lhc->jje, lhc->jje, lhc->jje, lhc->jje, lhc->flp, lhc->jje, lhc->jje, lhc->lsk, lhc->jje, lhc->lgc, lhc->jje, lhc->lfy, lhc->gmd, lhc->jje, muc->mgi, muc->mgi, muc->mgi, muc->mgi, muc->mgi, muc->mgi, muc->mgi, muc->mgi, muc->mgi, muc->mgi, muc->mgi, muc->mgi, muc->mgi, muc->mgi, muc->mgi, muc->mgi, muc->mgi, muc->mgi, muc->mgi, muc->mgi, muc->mgi, muc->mgi, muc->mgi, mub->mgi, jiz->fam, jiz->fam, jiz->fam, jiz->fam, jiz->fam, mcn->mcm, jiz->fam, mcn->mcm, mcn->mcm, mcn->mcm, mcn->mcm, mcn->mcm, jiz->fam, jiz->fam, jiz->fam, mcn->mcm, jiz->fam, jiz->fam, mcn->mcm, mcn->mcm, jiz->fam] takes 209ms
06-30 00:49:53.033 28084 28084 I GoogleInputMethodService: GoogleInputMethodService.onStartInput():1248 onStartInput(EditorInfo{EditorInfo{packageName=com.miui.home, inputType=0, inputTypeString=NULL, enableLearning=false, autoCorrection=false, autoComplete=false, imeOptions=0, privateImeOptions=null, actionName=UNSPECIFIED, actionLabel=null, initialSelStart=-1, initialSelEnd=-1, initialCapsMode=0, label=null, fieldId=2131361997, fieldName=null, extras=null, hintText=null, hintLocales=[]}}, false)
06-30 00:49:53.035 28084 28084 I Module  : DeviceLockedStatusModuleProvider$Module.updateDeviceLockedStatus():100 repeatCheckTimes = 1, locked = false
06-30 00:49:53.056 21390 27495 I Nearby  : (REDACTED) Beginning attempt #%d out of %d for %s...
06-30 00:49:53.070 13482 13482 D BoundBrokerSvc: onBind: Intent { act=com.google.android.gms.auth.cryptauth.cryptauthservice.START dat=chimera-action: cmp=com.google.android.gms/.chimera.GmsBoundBrokerService }
06-30 00:49:53.070 13482 13482 D BoundBrokerSvc: Loading bound service for intent: Intent { act=com.google.android.gms.auth.cryptauth.cryptauthservice.START dat=chimera-action: cmp=com.google.android.gms/.chimera.GmsBoundBrokerService }
06-30 00:49:53.071 21390 27495 I NearbyMediums: BluetoothAdapter's name was not set by Nearby Connections, ignoring call to restore default scan mode.
06-30 00:49:53.072 21390 27495 I NearbyMediums: BluetoothAdapter's name was not set by Nearby Connections, ignoring call to restore device name
06-30 00:49:53.084 21390 21390 I RCNIntentOperation: RCN is disabled on this network.
