06-29 23:00:37.317  1958  4692 W BaseMiuiPhoneWindowManager: keyCode:4 down:true eventTime:32406040 downTime:32406040 policyFlags:2b000002 flags:48 deviceId:-1 isScreenOn:true keyguardActive:false repeatCount:0
06-29 23:00:37.412  1958  4692 W BaseMiuiPhoneWindowManager: keyCode:4 down:false eventTime:32406137 downTime:32406040 policyFlags:2b000002 flags:48 deviceId:-1 isScreenOn:true keyguardActive:false repeatCount:0
06-29 23:00:37.430 24034 24034 W ActivityThread: SCHED: com.BHG.sharechat/.UserProfileActivity [69, r=32ms, a=14ms, w=1056ms]
06-29 23:00:37.448  1958  4692 I Timeline: Timeline: App_transition_ready time:32406174
06-29 23:00:37.469  1958  3417 I Timeline: Timeline: App_transition_ready time:32406195
06-29 23:00:37.490  1958  1997 I Timeline: Timeline: App_transition_ready time:32406216
06-29 23:00:37.736  1958  1997 I Timeline: Timeline: Activity_windows_visible id: ActivityRecord{49cb420 u0 com.BHG.sharechat/.PostDetailActivity t1140} time:32406462
06-29 23:00:37.744  1958  1997 I Timeline: Timeline: App_transition_stopped time:32406470
06-29 23:00:38.387  1958  4806 W BaseMiuiPhoneWindowManager: keyCode:4 down:true eventTime:32407111 downTime:32407111 policyFlags:2b000002 flags:48 deviceId:-1 isScreenOn:true keyguardActive:false repeatCount:0
06-29 23:00:38.477  1958  4806 W BaseMiuiPhoneWindowManager: keyCode:4 down:false eventTime:32407201 downTime:32407111 policyFlags:2b000002 flags:48 deviceId:-1 isScreenOn:true keyguardActive:false repeatCount:0
06-29 23:00:38.494 24034 24034 W ActivityThread: SCHED: com.BHG.sharechat/.PostDetailActivity [75, r=27ms, a=9ms, w=1040ms]
06-29 23:00:38.513  1958  4806 I Timeline: Timeline: App_transition_ready time:32407239
06-29 23:00:38.528  1958  4806 I Timeline: Timeline: App_transition_ready time:32407254
06-29 23:00:38.556  1958  1997 I Timeline: Timeline: App_transition_ready time:32407281
06-29 23:00:38.822  1958  1997 I Timeline: Timeline: Activity_windows_visible id: ActivityRecord{69ee16e u0 com.BHG.sharechat/.MainActivity t1140} time:32407547
06-29 23:00:38.827  1958  1997 I Timeline: Timeline: App_transition_stopped time:32407553
06-29 23:00:39.014  1958  3417 W BaseMiuiPhoneWindowManager: keyCode:4 down:true eventTime:32407737 downTime:32407737 policyFlags:2b000002 flags:48 deviceId:-1 isScreenOn:true keyguardActive:false repeatCount:0
06-29 23:00:39.110  1958  3417 W BaseMiuiPhoneWindowManager: keyCode:4 down:false eventTime:32407834 downTime:32407737 policyFlags:2b000002 flags:48 deviceId:-1 isScreenOn:true keyguardActive:false repeatCount:0
06-29 23:00:39.133 24034 24034 W ActivityThread: SCHED: com.BHG.sharechat/.MainActivity [69, r=25ms, a=11ms, w=614ms]
06-29 23:00:39.155  1958  4692 I Timeline: Timeline: App_transition_ready time:32407881
06-29 23:00:39.156  1958  1997 I Timeline: Timeline: App_transition_ready time:32407882
06-29 23:00:39.166  1958  4692 I Timeline: Timeline: App_transition_ready time:32407891
06-29 23:00:39.168  1958  1997 I Timeline: Timeline: App_transition_ready time:32407894
06-29 23:00:39.189  1958  1981 I Timeline: Timeline: App_transition_ready time:32407915
06-29 23:00:39.200  1958  1997 I Timeline: Timeline: App_transition_ready time:32407926
06-29 23:00:39.228  1958  1997 I Timeline: Timeline: App_transition_ready time:32407954
06-29 23:00:39.723  1958  5271 I Timeline: Timeline: Activity_windows_visible id: ActivityRecord{ddb1799 u0 com.miui.home/.launcher.Launcher t1} time:32408448
06-29 23:00:39.731  1958  1997 I Timeline: Timeline: App_transition_stopped time:32408457
06-29 23:00:39.916  1958  2011 I ActivityManager: Start proc 25049:app.revanced.android.gms:persistent/u0a687 for service {app.revanced.android.gms/org.microg.gms.gcm.McsService} caller=app.revanced.android.gms
06-29 23:00:40.127  1958  4692 W BaseMiuiPhoneWindowManager: keyCode:82 down:true eventTime:32408851 downTime:32408851 policyFlags:2b000002 flags:48 deviceId:-1 isScreenOn:true keyguardActive:false repeatCount:0
06-29 23:00:40.215  1958  4692 W BaseMiuiPhoneWindowManager: keyCode:82 down:false eventTime:32408940 downTime:32408851policyFlags:2b000002 flags:48 deviceId:-1 isScreenOn:true keyguardActive:false repeatCount:0
06-29 23:00:40.261  1958  1996 W WindowManager: setLauncherState= 2
06-29 23:00:40.543  1958  2011 I ActivityManager: Start proc 25072:app.revanced.android.gms/u0a687 for content provider{app.revanced.android.gms/org.microg.gms.settings.SettingsProvider} caller=app.revanced.android.gms
06-29 23:00:40.806  1958  3417 I ProcessManager: Kill reason OneKeyClean from pid=25324
06-29 23:00:40.810  1958  3417 I ProcessManager: mLruProcesses size=44
06-29 23:00:40.811  1958  3417 I ProcessManager: OneKeyClean: kill app.revanced.android.gms Adj=800 State=11
06-29 23:00:40.812  1958  3417 I ActivityManager: Killing 25072:app.revanced.android.gms/u0a687 (adj 800): OneKeyClean
06-29 23:00:40.814  1958  3417 I ProcessManager: OneKeyClean: kill app.revanced.android.gms:persistent Adj=500 State=11
06-29 23:00:40.815  1958  3417 I ActivityManager: Killing 25049:app.revanced.android.gms:persistent/u0a687 (adj 500): OneKeyClean
06-29 23:00:40.818  1958  3417 I ProcessManager: OneKeyClean: kill com.BHG.sharechat Adj=800 State=19
06-29 23:00:40.819  1958  3417 I ActivityManager: Killing 24034:com.BHG.sharechat/u0a768 (adj 800): OneKeyClean
06-29 23:00:40.823  1958  3417 I ProcessManager: OneKeyClean: kill com.google.android.apps.wellbeing Adj=825 State=20
06-29 23:00:40.824  1958  3417 I ActivityManager: Killing 24863:com.google.android.apps.wellbeing/u0a189 (adj 825): OneKeyClean
06-29 23:00:40.826  1958  3417 I ProcessManager: OneKeyClean: kill com.miui.msa.global:ui Adj=835 State=20
06-29 23:00:40.827  1958  3417 I ActivityManager: Killing 24894:com.miui.msa.global:ui/u0a123 (adj 835): OneKeyClean
06-29 23:00:40.829  1958  3417 I ProcessManager: OneKeyClean: kill com.android.smspush Adj=100 State=7
06-29 23:00:40.829  1958  3417 I ActivityManager: Killing 24710:com.android.smspush/u0a155 (adj 100): OneKeyClean
06-29 23:00:40.839  1958  3417 I ProcessManager: OneKeyClean: kill com.miui.msa.global Adj=100 State=9
06-29 23:00:40.839  1958  3417 I ActivityManager: Killing 24078:com.miui.msa.global/u0a123 (adj 100): OneKeyClean
06-29 23:00:40.873  1958  1981 W ActivityManager: Scheduling restart of crashed service com.android.smspush/.WapPushManager in 1000ms
06-29 23:00:40.887  1958  4415 I AutoStartManagerService: MIUILOG- Reject RestartService packageName :app.revanced.android.gms uid : 10687
06-29 23:00:40.921  1958  1958 W ActivityManager: Exception when unbinding service com.miui.msa.global/com.miui.systemAdSolution.splashscreen.SplashScreenService
06-29 23:00:40.921  1958  1958 W ActivityManager: android.os.DeadObjectException
06-29 23:00:40.921  1958  1958 W ActivityManager:       at android.os.BinderProxy.transactNative(Native Method)
06-29 23:00:40.921  1958  1958 W ActivityManager:       at android.os.BinderProxy.transact(BinderProxy.java:511)
06-29 23:00:40.921  1958  1958 W ActivityManager:       at android.app.IApplicationThread$Stub$Proxy.scheduleUnbindService(IApplicationThread.java:1627)
06-29 23:00:40.921  1958  1958 W ActivityManager:       at com.android.server.am.ActiveServices.removeConnectionLocked(ActiveServices.java:3440)
06-29 23:00:40.921  1958  1958 W ActivityManager:       at com.android.server.am.ActiveServices.unbindServiceLocked(ActiveServices.java:2091)
06-29 23:00:40.921  1958  1958 W ActivityManager:       at com.android.server.am.ActivityManagerService.unbindService(ActivityManagerService.java:14480)
06-29 23:00:40.921  1958  1958 W ActivityManager:       at android.app.ContextImpl.unbindService(ContextImpl.java:1789)
06-29 23:00:40.921  1958  1958 W ActivityManager:       at com.miui.server.SplashScreenServiceDelegate$2.onServiceDisconnected(SplashScreenServiceDelegate.java:185)
06-29 23:00:40.921  1958  1958 W ActivityManager:       at android.app.LoadedApk$ServiceDispatcher.doDeath(LoadedApk.java:1977)
06-29 23:00:40.921  1958  1958 W ActivityManager:       at android.app.LoadedApk$ServiceDispatcher$RunConnection.run(LoadedApk.java:1992)
06-29 23:00:40.921  1958  1958 W ActivityManager:       at android.os.Handler.handleCallback(Handler.java:883)
06-29 23:00:40.921  1958  1958 W ActivityManager:       at android.os.Handler.dispatchMessage(Handler.java:100)
06-29 23:00:40.921  1958  1958 W ActivityManager:       at android.os.Looper.loop(Looper.java:224)
06-29 23:00:40.921  1958  1958 W ActivityManager:       at com.android.server.SystemServer.run(SystemServer.java:563)
06-29 23:00:40.921  1958  1958 W ActivityManager:       at com.android.server.SystemServer.main(SystemServer.java:367)
06-29 23:00:40.921  1958  1958 W ActivityManager:       at java.lang.reflect.Method.invoke(Native Method)
06-29 23:00:40.921  1958  1958 W ActivityManager:       at com.android.internal.os.RuntimeInit$MethodAndArgsCaller.run(RuntimeInit.java:539)
06-29 23:00:40.921  1958  1958 W ActivityManager:       at com.android.internal.os.ZygoteInit.main(ZygoteInit.java:928)
06-29 23:00:40.928  1958  5271 W ActivityManager: Scheduling restart of crashed service com.miui.msa.global/com.zeus.gmc.sdk.mobileads.msa.odi.service.OnDeviceIntelligenceService in 10946ms
06-29 23:00:40.935  1958  2011 I ActivityManager: Start proc 25093:app.revanced.android.gms/u0a687 for restart app.revanced.android.gms caller=app.revanced.android.gms
06-29 23:00:40.980  1958  1996 W ActivityManager: setHasOverlayUi called on unknown pid: 24034
06-29 23:00:41.137  1958  1996 W WindowManager: setLauncherState= 1
06-29 23:00:41.220  1958  5269 W BaseMiuiPhoneWindowManager: keyCode:82 down:true eventTime:32409944 downTime:32409944 policyFlags:2b000002 flags:48 deviceId:-1 isScreenOn:true keyguardActive:false repeatCount:0
06-29 23:00:41.306  1958  5269 W BaseMiuiPhoneWindowManager: keyCode:82 down:false eventTime:32410031 downTime:32409944policyFlags:2b000002 flags:48 deviceId:-1 isScreenOn:true keyguardActive:false repeatCount:0
06-29 23:00:41.330  1958  1996 W WindowManager: setLauncherState= 2
06-29 23:00:41.425  1958  3417 E WindowManager: App trying to use insecure INPUT_FEATURE_NO_INPUT_CHANNEL flag. Ignoring
06-29 23:00:41.534  1958  1979 W BaseMiuiPhoneWindowManager: keyCode:3 down:true eventTime:32410259 downTime:32410259 policyFlags:2b000002 flags:48 deviceId:-1 isScreenOn:true keyguardActive:false repeatCount:0
06-29 23:00:41.624  1958  1979 W BaseMiuiPhoneWindowManager: keyCode:3 down:false eventTime:32410349 downTime:32410259 policyFlags:2b000002 flags:48 deviceId:-1 isScreenOn:true keyguardActive:false repeatCount:0
06-29 23:00:41.631  1958  2089 I ActivityTaskManager: START u0 {act=android.intent.action.MAIN cat=[android.intent.category.HOME] flg=0x10000100 cmp=com.miui.home/.launcher.Launcher (has extras)} from uid 0
06-29 23:00:41.637 25324 25324 W ActivityThread: SCHED: com.miui.home/.launcher.Launcher [67, r=163ms, a=79ms, w=2463ms]
06-29 23:00:41.675  1958  1996 W WindowManager: setLauncherState= 1
06-29 23:00:41.931  1958  2011 I ActivityManager: Start proc 25117:com.android.smspush/u0a155 for service {com.android.smspush/com.android.smspush.WapPushManager} caller=com.android.phone
06-29 23:00:43.438  1958  3417 W NotificationService: Toast already killed. pkg=com.miui.home callback=android.app.ITransientNotification$Stub$Proxy@29ffcec
06-29 23:00:44.012  1958  3417 I PowerManagerService: Going to sleep due to application (uid 1000)...
06-29 23:00:44.012  1958  1958 W UsageStatsService: Event reported without a package name, eventType:16
06-29 23:00:44.015  1958  1958 I WindowManager: Started going to sleep... (why=OFF_BECAUSE_OF_USER)
06-29 23:00:44.259  1958  2017 I DisplayPowerController: Blocking screen off
06-29 23:00:44.259  1958  2017 I DisplayPowerController: Unblocked screen off after 0 ms
06-29 23:00:44.272  1958  2017 I WindowManager: Screen turned off...
06-29 23:00:44.286 25324 25324 W ActivityThread: SCHED: com.miui.home/.launcher.Launcher [64, r=118ms, a=64ms, w=2643ms]
06-29 23:00:44.296  1958  2017 W ActivityManager: Unable to start service Intent { act=miui.action.CAMERA_EMPTY_SERVICEpkg=com.android.camera } U=0: not found
06-29 23:00:44.307  1958  1996 I DisplayManagerService: Display device changed state: "Built-in Screen", OFF
06-29 23:00:44.605  1958  2168 W BpBinder: Slow Binder: BpBinder transact took 304ms, interface=android.ui.ISurfaceComposer, code=19 oneway=false
06-29 23:00:44.612  1958  2017 W DreamManagerService: Dream ComponentInfo{com.android.systemui/com.android.systemui.doze.DozeService} does not exist
06-29 23:00:44.613  1958  2017 I PowerManagerService: Sleeping (uid 1000)...
06-29 23:00:44.616  1958  1958 I WindowManager: Finished going to sleep... (why=OFF_BECAUSE_OF_USER)
06-29 23:00:44.622  2181  2197 W KeyguardViewMediator: doKeyguard: showing the lock screen
06-29 23:00:44.677  1958  1996 W UsageStatsService: Event reported without a package name, eventType:17
06-29 23:00:44.678  1958  1996 I WindowManager: updateContrastOverlay, darkmode: true isContrastEnabled: true alpha: 0.0
06-29 23:00:44.684  1958  1993 I UsbDeviceManager: Setting USB config to adb
06-29 23:00:44.726  1958  3133 W AdbDebuggingManager: Read failed with count -1
06-29 23:00:44.726  1958  3133 E AdbDebuggingManager: Caught an exception opening the socket: java.io.IOException: Connection refused
06-29 23:00:44.781  1958  2011 I ActivityManager: Start proc 25153:com.google.android.apps.wellbeing/u0a189 for broadcast {com.google.android.apps.wellbeing/com.google.android.apps.wellbeing.alarm.NextAlarmClockChangedReceiver_Receiver} caller=android
06-29 23:00:44.840  1958  1993 W Looper  : Slow dispatch took 156ms android.fg h=com.android.server.usb.UsbDeviceManager$UsbHandlerLegacy c=null m=13
06-29 23:03:12.745  1958  2011 I ActivityManager: Start proc 25196:org.zwanoo.android.speedtest/u0a412 for broadcast {org.zwanoo.android.speedtest/com.google.firebase.iid.FirebaseInstanceIdReceiver} caller=com.google.android.gms
06-29 23:03:45.951  1958  1995 W EntropyMixer: Failed to add HW RNG output to entropy pool
06-29 23:03:45.951  1958  1995 W EntropyMixer: java.io.FileNotFoundException: /dev/hw_random: open failed: EACCES (Permission denied)
06-29 23:03:45.951  1958  1995 W EntropyMixer:  at libcore.io.IoBridge.open(IoBridge.java:496)
06-29 23:03:45.951  1958  1995 W EntropyMixer:  at java.io.FileInputStream.<init>(FileInputStream.java:159)
06-29 23:03:45.951  1958  1995 W EntropyMixer:  at java.io.FileInputStream.<init>(FileInputStream.java:115)
06-29 23:03:45.951  1958  1995 W EntropyMixer:  at com.android.server.RandomBlock.fromFile(RandomBlock.java:45)
06-29 23:03:45.951  1958  1995 W EntropyMixer:  at com.android.server.EntropyMixer.addHwRandomEntropy(EntropyMixer.java:205)
06-29 23:03:45.951  1958  1995 W EntropyMixer:  at com.android.server.EntropyMixer.access$000(EntropyMixer.java:59)
06-29 23:03:45.951  1958  1995 W EntropyMixer:  at com.android.server.EntropyMixer$1.handleMessage(EntropyMixer.java:83)
06-29 23:03:45.951  1958  1995 W EntropyMixer:  at android.os.Handler.dispatchMessage(Handler.java:107)
06-29 23:03:45.951  1958  1995 W EntropyMixer:  at android.os.Looper.loop(Looper.java:224)
06-29 23:03:45.951  1958  1995 W EntropyMixer:  at android.os.HandlerThread.run(HandlerThread.java:67)
06-29 23:03:45.951  1958  1995 W EntropyMixer:  at com.android.server.ServiceThread.run(ServiceThread.java:45)
06-29 23:03:45.951  1958  1995 W EntropyMixer: Caused by: android.system.ErrnoException: open failed: EACCES (Permission denied)
06-29 23:03:45.951  1958  1995 W EntropyMixer:  at libcore.io.Linux.open(Native Method)
06-29 23:03:45.951  1958  1995 W EntropyMixer:  at libcore.io.ForwardingOs.open(ForwardingOs.java:167)
06-29 23:03:45.951  1958  1995 W EntropyMixer:  at libcore.io.BlockGuardOs.open(BlockGuardOs.java:252)
06-29 23:03:45.951  1958  1995 W EntropyMixer:  at libcore.io.IoBridge.open(IoBridge.java:482)
06-29 23:03:45.951  1958  1995 W EntropyMixer:  ... 10 more
06-29 23:03:45.951  1958  1995 I EntropyMixer: Writing entropy...
06-29 23:06:31.847  1958  2011 I ActivityManager: Start proc 25290:com.android.vending/u0a175 for service {com.android.vending/com.google.android.finsky.billing.iab.InAppBillingService} caller=org.zwanoo.android.speedtest
06-29 23:08:46.951  1958  2011 I ActivityManager: Start proc 25356:com.whatsapp/u0a762 for broadcast {com.whatsapp/com.whatsapp.alarmservice.AlarmBroadcastReceiver} caller=com.whatsapp
06-29 23:08:46.991  1958  2011 I ActivityManager: Start proc 25388:com.xiaomi.mipicks/u0a127 for service {com.xiaomi.mipicks/androidx.work.impl.background.systemjob.SystemJobService} caller=android
06-29 23:08:47.102  1958  2011 I ActivityManager: Start proc 25439:com.google.process.gservices/u0a185 for content provider {com.google.android.gsf/com.google.android.gsf.gservices.GservicesProvider} caller=com.android.vending
06-29 23:08:47.211  1958  2011 I ActivityManager: Start proc 25502:com.google.process.gapps/u0a185 for content provider{com.google.android.gsf/com.google.android.gsf.settings.GoogleSettingsProvider} caller=com.android.vending
06-29 23:08:47.379 25290 25342 W BpBinder: Slow Binder: BpBinder transact took 205ms, interface=android.app.IActivityManager, code=20 oneway=false
06-29 23:08:47.539  1958  2011 I ActivityManager: Start proc 25566:com.android.vending:background/u0a175 for service {com.android.vending/com.google.frameworks.client.data.android.server.play.BackgroundProcessEndpointService} caller=com.android.vending
06-29 23:08:47.775 25196 25535 W BpBinder: Slow Binder: BpBinder transact took 500ms, interface=com.android.vending.billing.IInAppBillingService, code=1 oneway=false
06-29 23:08:47.824  1958  2011 I ActivityManager: Start proc 25636:com.miui.msa.global/u0a123 for content provider {com.miui.msa.global/com.zeus.gmc.sdk.mobileads.msa.odi.provider.OnDeviceIntelligenceContentProvider} caller=com.xiaomi.mipicks
06-29 23:08:47.976 25388 25564 W BpBinder: Slow Binder: BpBinder transact took 207ms, interface=android.app.IActivityManager, code=20 oneway=false
06-29 23:08:47.986 25388 25388 W Looper  : Slow Looper main: doFrame is 337ms late because of 3 msg, msg 1 took 855ms (seq=2 running=165ms runnable=105ms io=438ms late=6ms h=android.app.ActivityThread$H w=110), msg 2 took 102ms (seq=3 running=9ms runnable=3ms io=43ms late=853ms h=android.app.ActivityThread$H w=114)
06-29 23:08:48.010  1958  2011 I ActivityManager: Start proc 25769:com.miui.analytics/u0a105 for service {com.miui.analytics/com.miui.analytics.onetrack.OneTrackService} caller=com.xiaomi.mipicks
06-29 23:08:48.249 25196 25631 W BpBinder: Slow Binder: BpBinder transact took 425ms, interface=com.android.vending.billing.IInAppBillingService, code=9 oneway=false
06-29 23:08:48.354 25196 25628 W BpBinder: Slow Binder: BpBinder transact took 534ms, interface=com.android.vending.billing.IInAppBillingService, code=9 oneway=false
06-29 23:08:49.003 25356 25356 W Looper  : Slow Looper main: Long Msg: seq=2 plan=23:08:47.031  late=2ms wall=1966ms running=454ms runnable=207ms io=1164ms h=android.app.ActivityThread$H w=110
06-29 23:08:49.060 25388 25564 W BpBinder: Slow Binder: BpBinder transact took 1082ms, interface=android.content.IContentProvider, code=1 oneway=false
06-29 23:08:49.733  1958  1979 W BluetoothManagerService: bindBluetoothProfileService:Trying to bind to profile: 1, while Bluetooth is disabled
06-29 23:08:49.913  1958  3417 W ActivityManager: Receiver with filter android.content.IntentFilter@9cc60ea already registered for pid 25636, callerPackage is com.miui.msa.global
06-29 23:08:49.918  1958  3417 W ActivityManager: Receiver with filter android.content.IntentFilter@df28551 already registered for pid 25636, callerPackage is com.miui.msa.global
06-29 23:08:50.082  1958  2011 I ActivityManager: Start proc 26277:com.facebook.services/u0a100 for service {com.facebook.services/com.facebook.oxygen.services.fbns.PreloadedFbnsService} caller=com.whatsapp
06-29 23:08:50.185  1958  2010 E NotificationService: Suppressing notification from package by user request.
06-29 23:08:51.658  1958  1958 W WindowManager: removeWindowToken: Attempted to remove non-existing token: android.os.Binder@618ecf
06-29 23:10:46.030  1958  1979 I ProcessManager: Kill reason LockScreenClean from pid=25666
06-29 23:10:46.033  1958  1979 I ProcessManager: LockScreenClean: kill-background com.whatsapp Adj=500 State=11
06-29 23:10:46.035  1958  1979 I ActivityManager: Killing 25356:com.whatsapp/u0a762 (adj 500): LockScreenClean
06-29 23:10:46.040  1958  1979 W ActivityManager: Scheduling restart of crashed service com.whatsapp/.messaging.MessageService in 29645ms
06-29 23:10:46.042  1958  1979 I ProcessManager: LockScreenClean: kill-background app.revanced.android.gms Adj=865 State=20
06-29 23:10:46.043  1958  1979 I AutoStartManagerService: MIUILOG- Reject RestartService packageName :app.revanced.android.gms uid : 10687
06-29 23:10:46.045  1958  1979 I ActivityManager: Killing 25093:app.revanced.android.gms/u0a687 (adj 865): LockScreenClean
06-29 23:10:46.071  1958  1979 I ProcessManager: LockScreenClean: kill-background org.zwanoo.android.speedtest Adj=855 State=20
06-29 23:10:46.072  1958  1979 I AutoStartManagerService: MIUILOG- Reject RestartService packageName :org.zwanoo.android.speedtest uid : 10412
06-29 23:10:46.073  1958  1979 I ActivityManager: Killing 25196:org.zwanoo.android.speedtest/u0a412 (adj 855): LockScreenClean
06-29 23:13:47.333  1958  2090 W BaseMiuiPhoneWindowManager: keyCode:23 down:true eventTime:32427094 downTime:32427094 policyFlags:2000000 flags:8 deviceId:0 isScreenOn:false keyguardActive:true repeatCount:0
06-29 23:13:47.334  1958  2090 I PowerManagerService: Waking up from Asleep (uid=1000, reason=WAKE_REASON_UNKNOWN, details=miui.policy:FINGERPRINT_DPAD_CENTER)...
06-29 23:13:47.336  1958  1958 W UsageStatsService: Event reported without a package name, eventType:15
06-29 23:13:47.342  1958  1958 I WindowManager: Started waking up... (why=ON_BECAUSE_OF_UNKNOWN)
06-29 23:13:47.355  1958  2017 I DisplayPowerController: Blocking screen on until initial contents have been drawn.
06-29 23:13:47.355  1958  2017 I WindowManager: Screen turning on...
06-29 23:13:47.356  2181  3602 W KeyguardViewMediator: notifyScreenOn
06-29 23:13:47.364  1958  1996 I DisplayManagerService: Display device changed state: "Built-in Screen", ON
06-29 23:13:47.393  2181  2181 I miui_face: start face unlock
06-29 23:13:47.395  2181  2924 I miui_face: start verify time=2
06-29 23:13:47.395  1958  2014 E BatteryExternalStatsWorker: no controller energy info supplied for bluetooth
06-29 23:13:47.400  2181  2181 W KeyguardViewMediator: handleNotifyScreenTurningOn
06-29 23:13:47.400  2181  2181 W KeyguardViewMediator: notifyDrawn
06-29 23:13:47.400  1958  5255 I WindowManager: mKeyguardDelegate.ShowListener.onDrawn.
06-29 23:13:47.423  1958  1994 W WindowManager: Setting mKeyguardDrawComplete
06-29 23:13:47.427  1958  1994 I WindowManager: All windows ready for display!
06-29 23:13:47.457  1958  1994 W WindowManager: Setting mWindowManagerDrawComplete
06-29 23:13:47.457  1958  1994 I WindowManager: Finished screen turning on...
06-29 23:13:47.457  1958  2017 I DisplayPowerController: Unblocked screen on after 102 ms
06-29 23:13:47.479  1958  2014 E BatteryExternalStatsWorker: no controller energy info supplied for bluetooth
06-29 23:13:47.502  1958  1958 I WindowManager: Finished waking up... (why=ON_BECAUSE_OF_UNKNOWN)
06-29 23:13:47.686  4027  4215 W BpBinder: Slow Binder: BpBinder transact took 241ms, interface=android.hardware.camera2.ICameraDeviceUser, code=6 oneway=false
06-29 23:13:47.909  1958  2090 W BaseMiuiPhoneWindowManager: keyCode:23 down:false eventTime:32427671 downTime:32427094policyFlags:22000000 flags:8 deviceId:0 isScreenOn:true keyguardActive:true repeatCount:0
06-29 23:13:47.920  2181  2924 I miui_face:  authenCallback, onAuthenticationHelp helpCode:5 helpString:
06-29 23:13:48.166  2181  2924 I chatty  : uid=1000(system) face_unlock identical 3 lines
06-29 23:13:48.269  2181  2924 I miui_face:  authenCallback, onAuthenticationHelp helpCode:5 helpString:
06-29 23:13:48.312  2181  2181 E miui_face: start face unlock fail ,faceDetectTypeForCamera=1
06-29 23:13:48.444  2181  2924 I miui_face:  authenCallback, onAuthenticationHelp helpCode:14 helpString:
06-29 23:13:48.463   788   788 W SurfaceFlingerInspector: Slow frame composition: nt36672a vide doComposition took 64 ms
06-29 23:13:48.514  2181  2924 I miui_face:  authenCallback, onAuthenticationHelp helpCode:14 helpString:
06-29 23:13:48.529   788   788 W SurfaceFlingerInspector: Slow frame composition: nt36672a vide doComposition took 63 ms
06-29 23:13:48.584  2181  2924 I miui_face:  authenCallback, onAuthenticationHelp helpCode:14 helpString:
06-29 23:13:48.596   788   788 W SurfaceFlingerInspector: Slow frame composition: nt36672a vide doComposition took 63 ms
06-29 23:13:48.662  2181  2924 I miui_face:  authenCallback, onAuthenticationHelp helpCode:14 helpString:
06-29 23:13:48.679   788   788 W SurfaceFlingerInspector: Slow frame composition: nt36672a vide doComposition took 63 ms
06-29 23:13:48.730  2181  2924 I miui_face:  authenCallback, onAuthenticationHelp helpCode:14 helpString:
06-29 23:13:48.746   788   788 W SurfaceFlingerInspector: Slow frame composition: nt36672a vide doComposition took 64 ms
06-29 23:13:48.821  2181  2924 I miui_face:  authenCallback, onAuthenticationHelp helpCode:14 helpString:
06-29 23:13:48.892  2181  2924 I miui_face:  authenCallback, onAuthenticationHelp helpCode:14 helpString:
06-29 23:13:48.912   788   788 W SurfaceFlingerInspector: Slow frame composition: nt36672a vide doComposition took 64 ms
06-29 23:13:48.985  2181  2924 I miui_face:  authenCallback, onAuthenticationHelp helpCode:14 helpString:
06-29 23:13:49.621  2181  2924 I chatty  : uid=1000(system) face_unlock identical 8 lines
06-29 23:13:49.718  2181  2924 I miui_face:  authenCallback, onAuthenticationHelp helpCode:14 helpString:
06-29 23:13:49.719  2181  2181 I miui_keyguard_password: password unlock duration 83
06-29 23:13:49.722  1958  4692 W FingerprintService: Ignoring lockout reset, no templates enrolled
06-29 23:13:49.722  2181  2181 W miui_keyguard: unlock keyguard by pw
06-29 23:13:49.782  1958  5270 I LockSettingsService: Unlocking user 0 with secret only, length 32
06-29 23:13:49.782  1958  5270 I LockSettingsService: Disabling escrow token on user 0
06-29 23:13:49.783  1958  5270 I LockSettingsService: Caching SP for user 0
06-29 23:13:49.785  1958  1958 I LockSettingsService: Removing SP from cache for user 0
06-29 23:13:49.791  2181  2924 I miui_face:  authenCallback, onAuthenticationHelp helpCode:14 helpString:
06-29 23:13:49.869  2181  2924 I miui_face:  authenCallback, onAuthenticationHelp helpCode:14 helpString:
06-29 23:13:49.885  2181  2181 I miui_face: stop face unlock
06-29 23:13:49.889  2181  2924 I miui_face: authenCallback, onAuthenticationError code:2000 msg:
06-29 23:13:49.901  1958  5270 I Timeline: Timeline: App_transition_ready time:32429664
06-29 23:13:49.902  2181  3626 I KeyguardViewMediator: call fw keyguardGoingAway: flags = 8
06-29 23:13:49.905  1958  1997 I Timeline: Timeline: App_transition_ready time:32429668
06-29 23:13:49.909  1958  5270 I Timeline: Timeline: App_transition_ready time:32429671
06-29 23:13:49.919  1958  1997 I Timeline: Timeline: App_transition_ready time:32429681
06-29 23:13:49.939  1958  5236 I Timeline: Timeline: App_transition_ready time:32429702
06-29 23:13:49.949  1958  1997 I Timeline: Timeline: App_transition_ready time:32429712
06-29 23:13:49.968  1958  1997 I Timeline: Timeline: App_transition_ready time:32429731
06-29 23:13:49.970  2181  2181 I KeyguardViewMediator: handleStartKeyguardExitAnimation startTime=32429731 fadeoutDuration=150
06-29 23:13:49.979  1958  1996 W UsageStatsService: Event reported without a package name, eventType:18
06-29 23:13:49.980  1958  1996 I WindowManager: updateContrastOverlay, darkmode: true isContrastEnabled: true alpha: 0.0
06-29 23:13:49.983  1958  1993 I UsbDeviceManager: Setting USB config to mtp,adb
06-29 23:13:50.004  2181  2181 I miui_face: face unlock success time=2611
06-29 23:13:50.051  1958  2010 W BroadcastQueue: Background execution not allowed: receiving Intent { act=android.intent.action.USER_PRESENT flg=0x24200010 } to com.jio.myjio/com.jio.clickstream.tbn.PowerConnectionReceiver
06-29 23:13:50.051  1958  2010 W BroadcastQueue: Background execution not allowed: receiving Intent { act=android.intent.action.USER_PRESENT flg=0x24200010 } to com.android.chrome/org.chromium.chrome.browser.sharing.click_to_call.ClickToCallMessageHandler$PhoneUnlockedReceiver
06-29 23:13:50.051  1958  2010 W BroadcastQueue: Background execution not allowed: receiving Intent { act=android.intent.action.USER_PRESENT flg=0x24200010 } to com.google.android.gms/.auth.setup.devicesignals.LockScreenReceiver
06-29 23:13:50.051  1958  2010 W BroadcastQueue: Background execution not allowed: receiving Intent { act=android.intent.action.USER_PRESENT flg=0x24200010 } to com.google.android.gms/.chimera.GmsIntentOperationService$PersistentTrustedReceiver
06-29 23:13:50.052  1958  2010 W BroadcastQueue: Background execution not allowed: receiving Intent { act=android.intent.action.USER_PRESENT flg=0x24200010 } to info.kfsoft.force.rotation/.RestartReceiver
06-29 23:13:50.068  1958  3133 W AdbDebuggingManager: Read failed with count -1
06-29 23:13:50.068  1958  3133 E AdbDebuggingManager: Caught an exception opening the socket: java.io.IOException: Connection refused
06-29 23:13:50.088  3855  4381 W MiuiPerfServiceClient: interceptAndQueuing:2181|com.android.systemui|1724|142|unknown|null|StatusBar|32429849816169|Slow swap buffers|65
06-29 23:13:50.131  1958  1997 I Timeline: Timeline: Activity_windows_visible id: ActivityRecord{ddb1799 u0 com.miui.home/.launcher.Launcher t1} time:32429893
06-29 23:13:50.132  1958  1997 I Timeline: Timeline: App_transition_stopped time:32429895
06-29 23:13:50.186  1958  1993 W Looper  : Slow dispatch took 204ms android.fg h=com.android.server.usb.UsbDeviceManager$UsbHandlerLegacy c=null m=13
06-29 23:13:50.223  4027  4215 W BpBinder: Slow Binder: BpBinder transact took 234ms, interface=android.hardware.camera2.ICameraDeviceUser, code=1 oneway=false
06-29 23:13:50.463  1958  4806 W BaseMiuiPhoneWindowManager: keyCode:82 down:true eventTime:32430225 downTime:32430225 policyFlags:2b000002 flags:48 deviceId:-1 isScreenOn:true keyguardActive:false repeatCount:0
06-29 23:13:50.534  1958  4806 W BaseMiuiPhoneWindowManager: keyCode:82 down:false eventTime:32430296 downTime:32430225policyFlags:2b000002 flags:48 deviceId:-1 isScreenOn:true keyguardActive:false repeatCount:0
06-29 23:13:50.552  1958  1996 W WindowManager: setLauncherState= 2
06-29 23:13:50.930  1958  2360 W BaseMiuiPhoneWindowManager: keyCode:3 down:true eventTime:32430692 downTime:32430692 policyFlags:2b000002 flags:48 deviceId:-1 isScreenOn:true keyguardActive:false repeatCount:0
06-29 23:13:51.012  1958  2360 W BaseMiuiPhoneWindowManager: keyCode:3 down:false eventTime:32430775 downTime:32430692 policyFlags:2b000002 flags:48 deviceId:-1 isScreenOn:true keyguardActive:false repeatCount:0
06-29 23:13:51.019  1958  2089 I ActivityTaskManager: START u0 {act=android.intent.action.MAIN cat=[android.intent.category.HOME] flg=0x10000100 cmp=com.miui.home/.launcher.Launcher (has extras)} from uid 0
06-29 23:13:51.022 25324 25324 W ActivityThread: SCHED: com.miui.home/.launcher.Launcher [77, r=67ms, a=19ms, w=1096ms]
06-29 23:13:51.056  1958  1996 W WindowManager: setLauncherState= 1
06-29 23:13:51.339 25324 25324 I Timeline: Timeline: Activity_launch_request time:32431102
06-29 23:13:51.341  1958  2360 I ActivityTaskManager: START u0 {act=android.intent.action.MAIN cat=[android.intent.category.LAUNCHER] flg=0x10200000 cmp=com.BHG.sharechat/.SplashActivity bnds=[75,762][251,938] (has extras)} from uid 10094
06-29 23:13:51.363 25324 25324 W ActivityThread: SCHED: com.miui.home/.launcher.Launcher [80, r=53ms, a=13ms, w=335ms]
06-29 23:13:51.404  1958  2011 I ActivityManager: Start proc 26563:com.BHG.sharechat/u0a768 for activity {com.BHG.sharechat/com.BHG.sharechat.SplashActivity} caller=com.miui.home
06-29 23:13:51.434  1958  1997 I Timeline: Timeline: App_transition_ready time:32431197
06-29 23:13:51.621  1958  1997 I Timeline: Timeline: App_transition_stopped time:32431384
06-29 23:13:51.623  1958  4008 E WindowManager: App trying to use insecure INPUT_FEATURE_NO_INPUT_CHANNEL flag. Ignoring
06-29 23:13:51.670  1958  1997 I Timeline: Timeline: Activity_windows_visible id: ActivityRecord{ee4732b u0 com.BHG.sharechat/.SplashActivity t1141} time:32431433
06-29 23:13:52.284  1958  2090 W BaseMiuiPhoneWindowManager: keyCode:23 down:true eventTime:32432046 downTime:32432046 policyFlags:22000000 flags:8 deviceId:0 isScreenOn:true keyguardActive:false repeatCount:0
06-29 23:13:52.493  1958  2090 W BaseMiuiPhoneWindowManager: keyCode:23 down:false eventTime:32432255 downTime:32432046policyFlags:22000000 flags:8 deviceId:0 isScreenOn:true keyguardActive:false repeatCount:0
06-29 23:13:53.934  1958  2011 I ActivityManager: Start proc 26654:com.qti.diagservices/1000 for service {com.qti.diagservices/com.qti.diagservices.QTIDiagServices} caller=com.qti.diagservices
06-29 23:13:54.611 26563 26563 I Timeline: Timeline: Activity_launch_request time:32434374
06-29 23:13:54.616  1958  4692 I ActivityTaskManager: START u0 {cmp=com.BHG.sharechat/.AuthActivity} from uid 10768
06-29 23:13:54.656 26563 26563 W ActivityThread: SCHED: com.BHG.sharechat/.SplashActivity [59, r=32ms, a=22ms, w=3047ms]
06-29 23:13:54.662  1958  4692 I ActivityTaskManager: The Process com.BHG.sharechat Already Exists in BG. So sending its PID: 26563
06-29 23:13:54.668  1958  4692 I Timeline: Timeline: App_transition_ready time:32434431
06-29 23:13:54.798 26563 26563 I Timeline: Timeline: Activity_launch_request time:32434560
06-29 23:13:54.798  1958  4008 I ActivityTaskManager: START u0 {cmp=com.BHG.sharechat/.MainActivity} from uid 10768
06-29 23:13:54.812  1958  4008 I ActivityTaskManager: The Process com.BHG.sharechat Already Exists in BG. So sending its PID: 26563
06-29 23:13:54.815  1958  4008 I Timeline: Timeline: App_transition_ready time:32434578
06-29 23:13:54.817  1958  1997 I Timeline: Timeline: App_transition_ready time:32434580
06-29 23:13:54.902  1958  4806 E WindowManager: App trying to use insecure INPUT_FEATURE_NO_INPUT_CHANNEL flag. Ignoring
06-29 23:13:54.929  1958  4806 I Timeline: Timeline: App_transition_ready time:32434692
06-29 23:13:54.930  1958  4806 I Timeline: Timeline: App_transition_ready time:32434693
06-29 23:13:54.956  1958  1997 I Timeline: Timeline: App_transition_ready time:32434719
06-29 23:13:55.218  1958  1997 I Timeline: Timeline: Activity_windows_visible id: ActivityRecord{2f6a463 u0 com.BHG.sharechat/.MainActivity t1141} time:32434981
06-29 23:13:55.221  1958  1997 I Timeline: Timeline: App_transition_stopped time:32434984
06-29 23:13:56.528  1958  2010 I ActivityManager: Waited long enough for: ServiceRecord{963ccad u0 com.whatsapp/.messaging.MessageService}
06-29 23:13:56.855 26563 26563 I Timeline: Timeline: Activity_launch_request time:32436617
06-29 23:13:56.858  1958  4526 I ActivityTaskManager: START u0 {cmp=com.BHG.sharechat/.PostDetailActivity (has extras)}from uid 10768
06-29 23:13:56.882 26563 26563 W ActivityThread: SCHED: com.BHG.sharechat/.MainActivity [73, r=107ms, a=39ms, w=1986ms]
06-29 23:13:56.888  1958  5270 I ActivityTaskManager: The Process com.BHG.sharechat Already Exists in BG. So sending its PID: 26563
06-29 23:13:56.897  1958  5270 I Timeline: Timeline: App_transition_ready time:32436660
06-29 23:13:56.955  1958  5270 E WindowManager: App trying to use insecure INPUT_FEATURE_NO_INPUT_CHANNEL flag. Ignoring
06-29 23:13:56.974  1958  5270 I Timeline: Timeline: App_transition_ready time:32436736
06-29 23:13:56.975  1958  5270 I Timeline: Timeline: App_transition_ready time:32436738
06-29 23:13:56.996  1958  1997 I Timeline: Timeline: App_transition_ready time:32436759
06-29 23:13:57.236  1958  1997 I Timeline: Timeline: Activity_windows_visible id: ActivityRecord{b5310a7 u0 com.BHG.sharechat/.PostDetailActivity t1141} time:32436999
06-29 23:13:57.244  1958  1997 I Timeline: Timeline: App_transition_stopped time:32437007
06-29 23:14:00.047 26563 26563 I Timeline: Timeline: Activity_launch_request time:32439810
06-29 23:14:00.050  1958  4692 I ActivityTaskManager: START u0 {cmp=com.BHG.sharechat/.UserProfileActivity (has extras)} from uid 10768
06-29 23:14:00.069 26563 26563 W ActivityThread: SCHED: com.BHG.sharechat/.PostDetailActivity [70, r=99ms, a=41ms, w=3118ms]
06-29 23:14:00.072  1958  4692 I ActivityTaskManager: The Process com.BHG.sharechat Already Exists in BG. So sending its PID: 26563
06-29 23:14:00.079  1958  4692 I Timeline: Timeline: App_transition_ready time:32439842
06-29 23:14:00.126  1958  4692 E WindowManager: App trying to use insecure INPUT_FEATURE_NO_INPUT_CHANNEL flag. Ignoring
06-29 23:14:00.147  1958  5270 I Timeline: Timeline: App_transition_ready time:32439909
06-29 23:14:00.148  1958  5270 I Timeline: Timeline: App_transition_ready time:32439911
06-29 23:14:00.172  1958  1997 I Timeline: Timeline: App_transition_ready time:32439935
06-29 23:14:00.421  1958  1997 I Timeline: Timeline: Activity_windows_visible id: ActivityRecord{b71fd08 u0 com.BHG.sharechat/.UserProfileActivity t1141} time:32440184
06-29 23:14:00.429  1958  1997 I Timeline: Timeline: App_transition_stopped time:32440192
06-29 23:14:03.949  1958  2011 I ActivityManager: Start proc 26735:com.qualcomm.qti.workloadclassifier/1000 for service{com.qualcomm.qti.workloadclassifier/com.qualcomm.qti.workloadclassifier.WLCService} caller=com.qualcomm.qti.workloadclassifier
06-29 23:14:04.275  1958  4008 W BaseMiuiPhoneWindowManager: keyCode:4 down:true eventTime:32444036 downTime:32444036 policyFlags:2b000002 flags:48 deviceId:-1 isScreenOn:true keyguardActive:false repeatCount:0
06-29 23:14:04.350  1958  4008 W BaseMiuiPhoneWindowManager: keyCode:4 down:false eventTime:32444112 downTime:32444036 policyFlags:2b000002 flags:48 deviceId:-1 isScreenOn:true keyguardActive:false repeatCount:0
06-29 23:14:04.365 26563 26563 W ActivityThread: SCHED: com.BHG.sharechat/.UserProfileActivity [73, r=99ms, a=36ms, w=4244ms]
06-29 23:14:04.386  1958  4806 I Timeline: Timeline: App_transition_ready time:32444149
06-29 23:14:04.407  1958  4692 I Timeline: Timeline: App_transition_ready time:32444169
06-29 23:14:04.431  1958  1997 I Timeline: Timeline: App_transition_ready time:32444193
06-29 23:14:04.689  1958  1997 I Timeline: Timeline: Activity_windows_visible id: ActivityRecord{b5310a7 u0 com.BHG.sharechat/.PostDetailActivity t1141} time:32444452
06-29 23:14:04.696  1958  1997 I Timeline: Timeline: App_transition_stopped time:32444459
06-29 23:14:04.745  1958  4008 W BaseMiuiPhoneWindowManager: keyCode:4 down:true eventTime:32444507 downTime:32444507 policyFlags:2b000002 flags:48 deviceId:-1 isScreenOn:true keyguardActive:false repeatCount:0
06-29 23:14:04.807  1958  5270 W BaseMiuiPhoneWindowManager: keyCode:4 down:false eventTime:32444569 downTime:32444507 policyFlags:2b000002 flags:48 deviceId:-1 isScreenOn:true keyguardActive:false repeatCount:0
06-29 23:14:04.821 26563 26563 W ActivityThread: SCHED: com.BHG.sharechat/.PostDetailActivity [75, r=34ms, a=11ms, w=425ms]
06-29 23:14:04.830  1958  4008 I Timeline: Timeline: App_transition_ready time:32444592
06-29 23:14:04.856  1958  4806 I Timeline: Timeline: App_transition_ready time:32444619
06-29 23:14:04.882  1958  1997 I Timeline: Timeline: App_transition_ready time:32444645
06-29 23:14:05.123  1958  1997 I Timeline: Timeline: Activity_windows_visible id: ActivityRecord{2f6a463 u0 com.BHG.sharechat/.MainActivity t1141} time:32444886
06-29 23:14:05.127  1958  1997 I Timeline: Timeline: App_transition_stopped time:32444890
06-29 23:14:05.486 26563 26563 I Timeline: Timeline: Activity_launch_request time:32445249
06-29 23:14:05.489  1958  5270 I ActivityTaskManager: START u0 {cmp=com.BHG.sharechat/.PostDetailActivity (has extras)}from uid 10768
06-29 23:14:05.513 26563 26563 W ActivityThread: SCHED: com.BHG.sharechat/.MainActivity [69, r=36ms, a=16ms, w=677ms]
06-29 23:14:05.518  1958  5270 I ActivityTaskManager: The Process com.BHG.sharechat Already Exists in BG. So sending its PID: 26563
06-29 23:14:05.524  1958  5270 I Timeline: Timeline: App_transition_ready time:32445287
06-29 23:14:05.560  1958  5270 E WindowManager: App trying to use insecure INPUT_FEATURE_NO_INPUT_CHANNEL flag. Ignoring
06-29 23:14:05.575  1958  5270 I Timeline: Timeline: App_transition_ready time:32445338
06-29 23:14:05.577  1958  5270 I Timeline: Timeline: App_transition_ready time:32445339
06-29 23:14:05.596  1958  1997 I Timeline: Timeline: App_transition_ready time:32445359
06-29 23:14:05.840  1958  1997 I Timeline: Timeline: Activity_windows_visible id: ActivityRecord{2ef3ba u0 com.BHG.sharechat/.PostDetailActivity t1141} time:32445603
06-29 23:14:05.848  1958  1997 I Timeline: Timeline: App_transition_stopped time:32445611
06-29 23:14:06.293 26563 26563 I Timeline: Timeline: Activity_launch_request time:32446056
06-29 23:14:06.296  1958  5270 I ActivityTaskManager: START u0 {cmp=com.BHG.sharechat/.UserProfileActivity (has extras)} from uid 10768
06-29 23:14:06.315 26563 26563 W ActivityThread: SCHED: com.BHG.sharechat/.PostDetailActivity [72, r=48ms, a=18ms, w=759ms]
06-29 23:14:06.319  1958  5270 I ActivityTaskManager: The Process com.BHG.sharechat Already Exists in BG. So sending its PID: 26563
06-29 23:14:06.326  1958  5270 I Timeline: Timeline: App_transition_ready time:32446089
06-29 23:14:06.371  1958  5270 E WindowManager: App trying to use insecure INPUT_FEATURE_NO_INPUT_CHANNEL flag. Ignoring
06-29 23:14:06.393  1958  5270 I Timeline: Timeline: App_transition_ready time:32446155
06-29 23:14:06.394  1958  5270 I Timeline: Timeline: App_transition_ready time:32446157
06-29 23:14:06.427  1958  1997 I Timeline: Timeline: App_transition_ready time:32446190
06-29 23:14:06.672  1958  1997 I Timeline: Timeline: Activity_windows_visible id: ActivityRecord{de0d1c2 u0 com.BHG.sharechat/.UserProfileActivity t1141} time:32446435
06-29 23:14:06.679  1958  1997 I Timeline: Timeline: App_transition_stopped time:32446442
06-29 23:14:13.949  1958  2011 I ActivityManager: Start proc 26775:com.whatsapp/u0a762 for service {com.whatsapp/com.whatsapp.messaging.MessageService} caller=com.whatsapp
06-29 23:14:15.012  1958  2360 W BluetoothManagerService: bindBluetoothProfileService:Trying to bind to profile: 1, while Bluetooth is disabled
06-29 23:14:31.098  1958  2360 W BaseMiuiPhoneWindowManager: keyCode:4 down:true eventTime:32470859 downTime:32470859 policyFlags:2b000002 flags:48 deviceId:-1 isScreenOn:true keyguardActive:false repeatCount:0
06-29 23:14:31.186  1958  2360 W BaseMiuiPhoneWindowManager: keyCode:4 down:false eventTime:32470948 downTime:32470859 policyFlags:2b000002 flags:48 deviceId:-1 isScreenOn:true keyguardActive:false repeatCount:0
06-29 23:14:31.201 26563 26563 W ActivityThread: SCHED: com.BHG.sharechat/.UserProfileActivity [77, r=396ms, a=112ms, w=24835ms]
06-29 23:14:31.218  1958  5270 I Timeline: Timeline: App_transition_ready time:32470981
06-29 23:14:31.246  1958  4692 I Timeline: Timeline: App_transition_ready time:32471008
06-29 23:14:31.270  1958  1997 I Timeline: Timeline: App_transition_ready time:32471033
06-29 23:14:31.514  1958  1997 I Timeline: Timeline: Activity_windows_visible id: ActivityRecord{2ef3ba u0 com.BHG.sharechat/.PostDetailActivity t1141} time:32471277
06-29 23:14:31.523  1958  1997 I Timeline: Timeline: App_transition_stopped time:32471285
06-29 23:14:31.969  1958  5236 W BaseMiuiPhoneWindowManager: keyCode:4 down:true eventTime:32471729 downTime:32471729 policyFlags:2b000002 flags:48 deviceId:-1 isScreenOn:true keyguardActive:false repeatCount:0
06-29 23:14:32.034  1958  5236 W BaseMiuiPhoneWindowManager: keyCode:4 down:false eventTime:32471796 downTime:32471729 policyFlags:2b000002 flags:48 deviceId:-1 isScreenOn:true keyguardActive:false repeatCount:0
06-29 23:14:32.051 26563 26563 W ActivityThread: SCHED: com.BHG.sharechat/.PostDetailActivity [59, r=44ms, a=30ms, w=823ms]
06-29 23:14:32.067  1958  5236 I Timeline: Timeline: App_transition_ready time:32471829
06-29 23:14:32.093  1958  5270 I Timeline: Timeline: App_transition_ready time:32471856
06-29 23:14:32.139  1958  1997 I Timeline: Timeline: App_transition_ready time:32471901
06-29 23:14:32.382  1958  1997 I Timeline: Timeline: Activity_windows_visible id: ActivityRecord{2f6a463 u0 com.BHG.sharechat/.MainActivity t1141} time:32472144
06-29 23:14:32.390  1958  1997 I Timeline: Timeline: App_transition_stopped time:32472153
06-29 23:14:39.515 26563 26563 I Timeline: Timeline: Activity_launch_request time:32479278
06-29 23:14:39.522  1958  5270 I ActivityTaskManager: START u0 {act=android.intent.action.PICK typ=image/* cmp=android/com.android.internal.app.ResolverActivity} from uid 10768
06-29 23:14:39.556 26563 26563 W ActivityThread: SCHED: com.BHG.sharechat/.MainActivity [74, r=359ms, a=125ms, w=7477ms]
06-29 23:14:39.600  1958  2011 I ActivityManager: Start proc 26885:system:ui/1000 for activity {android/com.android.internal.app.ResolverActivity} caller=com.BHG.sharechat
06-29 23:14:39.640  1958  1997 I Timeline: Timeline: App_transition_ready time:32479402
06-29 23:14:39.875  1958  2011 I ActivityManager: Start proc 26969:com.google.android.ext.services/u0a71 for service {com.google.android.ext.services/android.ext.services.resolver.LRResolverRankerService} caller=android
06-29 23:14:39.909  1958  5270 I Timeline: Timeline: App_transition_ready time:32479671
06-29 23:14:39.910  1958  5270 I Timeline: Timeline: App_transition_ready time:32479673
06-29 23:14:39.934  1958  1997 I Timeline: Timeline: App_transition_ready time:32479696
06-29 23:14:39.934  1958  1997 I Timeline: Timeline: Activity_windows_visible id: ActivityRecord{95135d9 u0 android/com.android.internal.app.ResolverActivity t1141} time:32479696
06-29 23:14:39.934  1958  1997 I Timeline: Timeline: App_transition_stopped time:32479696
06-29 23:14:40.458  1958  2011 I ActivityManager: Start proc 26998:com.qualcomm.telephony/u0a195 for service {com.qualcomm.atfwd/com.qualcomm.atfwd.AtFwdService} caller=com.qualcomm.atfwd
06-29 23:14:41.095  1958  5270 I ActivityTaskManagerServiceInjector: As caller, check special action!
06-29 23:14:41.095  1958  5270 I ActivityTaskManager: START u0 {act=android.intent.action.PICK typ=image/* flg=0x3000000 cmp=com.miui.gallery/.picker.PickGalleryActivity} from uid 10768
06-29 23:14:41.141 26885 26885 W ActivityThread: SCHED: android/com.android.internal.app.ResolverActivity [85, r=213ms,a=35ms, w=1269ms]
06-29 23:14:41.190  1958  2011 I ActivityManager: Start proc 27024:com.miui.gallery/u0a103 for activity {com.miui.gallery/com.miui.gallery.picker.PickGalleryActivity} caller=com.BHG.sharechat
06-29 23:14:41.225  1958  1997 I Timeline: Timeline: App_transition_ready time:32480988
06-29 23:14:41.225  1958  1997 I Timeline: Timeline: App_transition_stopped time:32480988
06-29 23:14:42.083  1958  4806 E WindowManager: App trying to use insecure INPUT_FEATURE_NO_INPUT_CHANNEL flag. Ignoring
06-29 23:14:42.086 27024 27024 W Looper  : Slow Looper main: Activity com.miui.gallery/.picker.PickGalleryActivity is 488ms late (wall=357ms running=76ms ClientTransaction{ callbacks=[android.app.servertransaction.LaunchActivityItem] lifecycleRequest=android.app.servertransaction.ResumeActivityItem }) because of 1 msg, msg 1 took 497ms (seq=2 running=93ms runnable=24ms io=343ms late=6ms h=android.app.ActivityThread$H w=110)
06-29 23:14:42.087 27024 27024 W Looper  : Slow Looper main: Activity com.miui.gallery/.picker.PickGalleryActivity is 845ms late (wall=0ms running=0ms ClientTransaction{ callbacks=[android.app.servertransaction.TopResumedActivityChangeItem] }) because of 2 msg, msg 1 took 497ms (seq=2 running=93ms runnable=24ms io=343ms late=6ms h=android.app.ActivityThread$H w=110), msg 2 took 357ms (seq=3 running=76ms runnable=16ms io=237ms late=488ms h=android.app.ActivityThread$H w=159)
06-29 23:14:42.183  1958  2011 I ActivityManager: Start proc 27078:com.android.camera/u0a76 for content provider {com.android.camera/com.xiaomi.camera.parallelservice.provider.ParallelProcessProvider} caller=com.miui.gallery
06-29 23:14:42.225  1958  1997 I Timeline: Timeline: Activity_windows_visible id: ActivityRecord{79ce399 u0 com.miui.gallery/.picker.PickGalleryActivity t1141} time:32481988
06-29 23:14:42.951  1958  2011 I ActivityManager: Start proc 27143:com.xiaomi.account/u0a112 for service {com.xiaomi.account/com.xiaomi.account.XiaomiAccountService} caller=com.miui.gallery
06-29 23:14:43.294 27024 27073 W BpBinder: Slow Binder: BpBinder transact took 1153ms, interface=android.app.IActivityManager, code=20 oneway=false
06-29 23:14:43.531 27078 27078 W Looper  : Slow Looper main: Long Msg: seq=2 plan=23:14:42.210  late=8ms wall=1312ms running=319ms runnable=68ms io=721ms h=android.app.ActivityThread$H w=110
06-29 23:14:43.808  1958  2011 I ActivityManager: Start proc 27216:com.miui.cloudservice:galleryproxy/u0a126 for content provider {com.miui.cloudservice/com.miui.cloudservice.provider.GalleryProxySecurityDeviceCredentialProvider} caller=com.miui.gallery
06-29 23:14:44.068 27024 27058 W BpBinder: Slow Binder: BpBinder transact took 308ms, interface=android.app.IActivityManager, code=20 oneway=false
06-29 23:14:44.162  1958  2011 I ActivityManager: Start proc 27245:com.xiaomi.simactivate.service/u0a163 for service {com.xiaomi.simactivate.service/com.xiaomi.activate.ActivateService} caller=com.miui.cloudservice
06-29 23:14:46.644 27024 27024 W ActivityThread: SCHED: com.miui.gallery/.picker.PickGalleryActivity [77, r=727ms, a=216ms, w=4576ms]
06-29 23:14:46.653  1958  5270 I Timeline: Timeline: App_transition_ready time:32486415
