06-30 00:28:54.981  1958  5269 W ActivityManager: Unable to start service Intent { act=grpc.io.action.BIND cmp=com.google.android.apps.restore/.backup.apiservice.BackupOptInApiEndpointService } U=0: not found
06-30 00:28:54.984  1958  2066 W ActivityManager: Unbind failed: could not find connection for android.os.BinderProxy@1df227b
06-30 00:28:54.992  1958  1958 I TransportClient: BackupTransportService#2137: Notifying [AppBackupUtils.appIsRunningAndEligibleForBackupWithTransport] transport = IBackupTransport
06-30 00:28:55.040  1958  1958 I TransportClient: BackupTransportService#2138: Notifying [AppBackupUtils.appIsRunningAndEligibleForBackupWithTransport] transport = IBackupTransport
06-30 00:28:55.099  1958  1958 I TransportClient: BackupTransportService#2141: Notifying [AppBackupUtils.appIsRunningAndEligibleForBackupWithTransport] transport = IBackupTransport
06-30 00:28:55.151  1958  1958 I TransportClient: BackupTransportService#2142: Notifying [AppBackupUtils.appIsRunningAndEligibleForBackupWithTransport] transport = IBackupTransport
06-30 00:28:55.186  1958  1958 I TransportClient: BackupTransportService#2143: Notifying [AppBackupUtils.appIsRunningAndEligibleForBackupWithTransport] transport = IBackupTransport
06-30 00:28:55.280  1958  1958 I TransportClient: BackupTransportService#2145: Notifying [AppBackupUtils.appIsRunningAndEligibleForBackupWithTransport] transport = IBackupTransport
06-30 00:28:55.315  1958  1958 I TransportClient: BackupTransportService#2146: Notifying [AppBackupUtils.appIsRunningAndEligibleForBackupWithTransport] transport = IBackupTransport
06-30 00:28:55.349  1958  1958 I TransportClient: BackupTransportService#2148: Notifying [AppBackupUtils.appIsRunningAndEligibleForBackupWithTransport] transport = IBackupTransport
06-30 00:28:55.394  1958  1958 I TransportClient: BackupTransportService#2151: Notifying [AppBackupUtils.appIsRunningAndEligibleForBackupWithTransport] transport = IBackupTransport
06-30 00:28:55.440  1958  1958 I TransportClient: BackupTransportService#2153: Notifying [AppBackupUtils.appIsRunningAndEligibleForBackupWithTransport] transport = IBackupTransport
06-30 00:28:55.472  1958  1958 I TransportClient: BackupTransportService#2154: Notifying [AppBackupUtils.appIsRunningAndEligibleForBackupWithTransport] transport = IBackupTransport
06-30 00:28:55.515  1958  1958 I TransportClient: BackupTransportService#2156: Notifying [AppBackupUtils.appIsRunningAndEligibleForBackupWithTransport] transport = IBackupTransport
06-30 00:28:55.564  1958  1958 I TransportClient: BackupTransportService#2157: Notifying [AppBackupUtils.appIsRunningAndEligibleForBackupWithTransport] transport = IBackupTransport
06-30 00:28:55.611  1958  1958 I TransportClient: BackupTransportService#2158: Notifying [AppBackupUtils.appIsRunningAndEligibleForBackupWithTransport] transport = IBackupTransport
06-30 00:28:55.650  1958  1958 I TransportClient: BackupTransportService#2160: Notifying [AppBackupUtils.appIsRunningAndEligibleForBackupWithTransport] transport = IBackupTransport
06-30 00:28:55.697  1958  1958 I TransportClient: BackupTransportService#2164: Notifying [AppBackupUtils.appIsRunningAndEligibleForBackupWithTransport] transport = IBackupTransport
06-30 00:28:55.738  1958  1958 I TransportClient: BackupTransportService#2165: Notifying [AppBackupUtils.appIsRunningAndEligibleForBackupWithTransport] transport = IBackupTransport
06-30 00:28:55.770  1958  1958 I TransportClient: BackupTransportService#2167: Notifying [AppBackupUtils.appIsRunningAndEligibleForBackupWithTransport] transport = IBackupTransport
06-30 00:28:55.814  1958  1958 I TransportClient: BackupTransportService#2170: Notifying [AppBackupUtils.appIsRunningAndEligibleForBackupWithTransport] transport = IBackupTransport
06-30 00:28:55.846  1958  1958 I TransportClient: BackupTransportService#2171: Notifying [AppBackupUtils.appIsRunningAndEligibleForBackupWithTransport] transport = IBackupTransport
06-30 00:28:55.886  1958  1958 I TransportClient: BackupTransportService#2172: Notifying [AppBackupUtils.appIsRunningAndEligibleForBackupWithTransport] transport = IBackupTransport
06-30 00:28:55.931  1958  1958 I TransportClient: BackupTransportService#2174: Notifying [AppBackupUtils.appIsRunningAndEligibleForBackupWithTransport] transport = IBackupTransport
06-30 00:28:55.967  1958  1958 I TransportClient: BackupTransportService#2175: Notifying [AppBackupUtils.appIsRunningAndEligibleForBackupWithTransport] transport = IBackupTransport
06-30 00:28:56.011  1958  1958 I TransportClient: BackupTransportService#2178: Notifying [AppBackupUtils.appIsRunningAndEligibleForBackupWithTransport] transport = IBackupTransport
06-30 00:28:56.043  1958  1958 I TransportClient: BackupTransportService#2179: Notifying [AppBackupUtils.appIsRunningAndEligibleForBackupWithTransport] transport = IBackupTransport
06-30 00:28:56.080  1958  1958 I TransportClient: BackupTransportService#2180: Notifying [AppBackupUtils.appIsRunningAndEligibleForBackupWithTransport] transport = IBackupTransport
06-30 00:28:56.119  1958  1958 I TransportClient: BackupTransportService#2181: Notifying [AppBackupUtils.appIsRunningAndEligibleForBackupWithTransport] transport = IBackupTransport
06-30 00:28:56.148  1958  1958 I TransportClient: BackupTransportService#2183: Notifying [AppBackupUtils.appIsRunningAndEligibleForBackupWithTransport] transport = IBackupTransport
06-30 00:28:56.192  1958  1958 I TransportClient: BackupTransportService#2187: Notifying [AppBackupUtils.appIsRunningAndEligibleForBackupWithTransport] transport = IBackupTransport
06-30 00:28:56.237  1958  1958 I TransportClient: BackupTransportService#2188: Notifying [AppBackupUtils.appIsRunningAndEligibleForBackupWithTransport] transport = IBackupTransport
06-30 00:28:56.285  1958  1958 I TransportClient: BackupTransportService#2190: Notifying [AppBackupUtils.appIsRunningAndEligibleForBackupWithTransport] transport = IBackupTransport
06-30 00:28:56.350  1958  1958 I TransportClient: BackupTransportService#2193: Notifying [AppBackupUtils.appIsRunningAndEligibleForBackupWithTransport] transport = IBackupTransport
06-30 00:28:56.378  1958  1958 I TransportClient: BackupTransportService#2196: Notifying [AppBackupUtils.appIsRunningAndEligibleForBackupWithTransport] transport = IBackupTransport
06-30 00:28:56.411  1958  1958 I TransportClient: BackupTransportService#2197: Notifying [AppBackupUtils.appIsRunningAndEligibleForBackupWithTransport] transport = IBackupTransport
06-30 00:28:56.453  1958  1958 I TransportClient: BackupTransportService#2198: Notifying [AppBackupUtils.appIsRunningAndEligibleForBackupWithTransport] transport = IBackupTransport
06-30 00:28:56.494  1958  1958 I TransportClient: BackupTransportService#2199: Notifying [AppBackupUtils.appIsRunningAndEligibleForBackupWithTransport] transport = IBackupTransport
06-30 00:28:56.536  1958  1958 I TransportClient: BackupTransportService#2200: Notifying [AppBackupUtils.appIsRunningAndEligibleForBackupWithTransport] transport = IBackupTransport
06-30 00:28:56.624  1958  1958 I TransportClient: BackupTransportService#2201: Notifying [AppBackupUtils.appIsRunningAndEligibleForBackupWithTransport] transport = IBackupTransport
06-30 00:28:56.675  1958  1958 I TransportClient: BackupTransportService#2202: Notifying [AppBackupUtils.appIsRunningAndEligibleForBackupWithTransport] transport = IBackupTransport
06-30 00:28:56.704  1958  1958 I TransportClient: BackupTransportService#2203: Notifying [AppBackupUtils.appIsRunningAndEligibleForBackupWithTransport] transport = IBackupTransport
06-30 00:28:56.749  1958  1958 I TransportClient: BackupTransportService#2207: Notifying [AppBackupUtils.appIsRunningAndEligibleForBackupWithTransport] transport = IBackupTransport
06-30 00:28:56.792  1958  1958 I TransportClient: BackupTransportService#2209: Notifying [AppBackupUtils.appIsRunningAndEligibleForBackupWithTransport] transport = IBackupTransport
06-30 00:28:56.826  1958  1958 I TransportClient: BackupTransportService#2210: Notifying [AppBackupUtils.appIsRunningAndEligibleForBackupWithTransport] transport = IBackupTransport
06-30 00:28:56.865  1958  1958 I TransportClient: BackupTransportService#2212: Notifying [AppBackupUtils.appIsRunningAndEligibleForBackupWithTransport] transport = IBackupTransport
06-30 00:28:56.908  1958  1958 I TransportClient: BackupTransportService#2213: Notifying [AppBackupUtils.appIsRunningAndEligibleForBackupWithTransport] transport = IBackupTransport
06-30 00:28:56.957  1958  1958 I TransportClient: BackupTransportService#2214: Notifying [AppBackupUtils.appIsRunningAndEligibleForBackupWithTransport] transport = IBackupTransport
06-30 00:28:56.999  1958  1958 I TransportClient: BackupTransportService#2217: Notifying [AppBackupUtils.appIsRunningAndEligibleForBackupWithTransport] transport = IBackupTransport
06-30 00:28:57.042  1958  1958 I TransportClient: BackupTransportService#2220: Notifying [AppBackupUtils.appIsRunningAndEligibleForBackupWithTransport] transport = IBackupTransport
06-30 00:28:57.100  1958  1958 I TransportClient: BackupTransportService#2221: Notifying [AppBackupUtils.appIsRunningAndEligibleForBackupWithTransport] transport = IBackupTransport
06-30 00:28:57.123  1958  1958 I TransportClient: BackupTransportService#2223: Notifying [AppBackupUtils.appIsRunningAndEligibleForBackupWithTransport] transport = IBackupTransport
06-30 00:28:57.159  1958  1958 I TransportClient: BackupTransportService#2225: Notifying [AppBackupUtils.appIsRunningAndEligibleForBackupWithTransport] transport = IBackupTransport
06-30 00:28:57.197  1958  1958 I TransportClient: BackupTransportService#2226: Notifying [AppBackupUtils.appIsRunningAndEligibleForBackupWithTransport] transport = IBackupTransport
06-30 00:28:57.231  1958  1958 I TransportClient: BackupTransportService#2228: Notifying [AppBackupUtils.appIsRunningAndEligibleForBackupWithTransport] transport = IBackupTransport
06-30 00:28:57.267  1958  1958 I TransportClient: BackupTransportService#2229: Notifying [AppBackupUtils.appIsRunningAndEligibleForBackupWithTransport] transport = IBackupTransport
06-30 00:28:57.305  1958  1958 I TransportClient: BackupTransportService#2230: Notifying [AppBackupUtils.appIsRunningAndEligibleForBackupWithTransport] transport = IBackupTransport
06-30 00:28:57.345  1958  1958 I TransportClient: BackupTransportService#2232: Notifying [AppBackupUtils.appIsRunningAndEligibleForBackupWithTransport] transport = IBackupTransport
06-30 00:28:57.379  1958  1958 I TransportClient: BackupTransportService#2233: Notifying [AppBackupUtils.appIsRunningAndEligibleForBackupWithTransport] transport = IBackupTransport
06-30 00:28:57.419  1958  1958 I TransportClient: BackupTransportService#2234: Notifying [AppBackupUtils.appIsRunningAndEligibleForBackupWithTransport] transport = IBackupTransport
06-30 00:28:57.449  1958  1958 I TransportClient: BackupTransportService#2235: Notifying [AppBackupUtils.appIsRunningAndEligibleForBackupWithTransport] transport = IBackupTransport
06-30 00:28:57.502  1958  1958 I TransportClient: BackupTransportService#2236: Notifying [AppBackupUtils.appIsRunningAndEligibleForBackupWithTransport] transport = IBackupTransport
06-30 00:28:57.540  1958  1958 I TransportClient: BackupTransportService#2238: Notifying [AppBackupUtils.appIsRunningAndEligibleForBackupWithTransport] transport = IBackupTransport
06-30 00:28:57.577  1958  1958 I TransportClient: BackupTransportService#2239: Notifying [AppBackupUtils.appIsRunningAndEligibleForBackupWithTransport] transport = IBackupTransport
06-30 00:28:57.615  1958  1958 I TransportClient: BackupTransportService#2242: Notifying [AppBackupUtils.appIsRunningAndEligibleForBackupWithTransport] transport = IBackupTransport
06-30 00:28:57.652  1958  1958 I TransportClient: BackupTransportService#2243: Notifying [AppBackupUtils.appIsRunningAndEligibleForBackupWithTransport] transport = IBackupTransport
06-30 00:28:57.687  1958  1958 I TransportClient: BackupTransportService#2244: Notifying [AppBackupUtils.appIsRunningAndEligibleForBackupWithTransport] transport = IBackupTransport
06-30 00:28:57.735  1958  1958 I TransportClient: BackupTransportService#2246: Notifying [AppBackupUtils.appIsRunningAndEligibleForBackupWithTransport] transport = IBackupTransport
06-30 00:28:58.142  1958  2011 I ActivityManager: Start proc 12442:android.process.acore/u0a64 for content provider {com.android.providers.contacts/com.android.providers.contacts.ContactsProvider2} caller=com.google.android.gms
06-30 00:28:58.881 13482 11846 W BpBinder: Slow Binder: BpBinder transact took 782ms, interface=android.app.IActivityManager, code=20 oneway=false
06-30 00:28:59.295 13482 11846 W BpBinder: Slow Binder: BpBinder transact took 413ms, interface=android.content.IContentProvider, code=4 oneway=false
06-30 00:28:59.909  1958  2202 W ActivityManager: Unable to start service Intent { act=com.google.android.gms.mdocstore.service.MDOC_STORE pkg=com.google.android.gms } U=0: not found
06-30 00:28:59.917  1958  2202 W ActivityManager: Unbind failed: could not find connection for android.os.BinderProxy@e8553
06-30 00:29:04.335  1958  3417 I DropBoxManagerService: add tag=keymaster isTagEnabled=true flags=0x0
06-30 00:29:05.453 13482 17846 W BpBinder: Slow Binder: BpBinder transact took 1736ms, interface=com.google.android.gms.droidguard.internal.IDroidGuardHandle, code=5 oneway=false
06-30 00:29:06.348 13482 19895 W PackageParser: Unknown element under <manifest>: queries at /data/user_de/0/com.google.android.gms/app_chimera/m/00000215/dl-Pay.optional_252431100400.apk Binary XML file line #11
06-30 00:29:06.361  1958  2010 W BroadcastQueue: Background execution not allowed: receiving Intent { act=android.intent.action.DROPBOX_ENTRY_ADDED flg=0x10 (has extras) } to com.google.android.gms/.stats.service.DropBoxEntryAddedReceiver
06-30 00:29:06.483 13482 19895 W PackageParser: Unknown element under <manifest>: queries at /data/user_de/0/com.google.android.gms/app_chimera/m/00000223/DynamiteModulesC.uncompressed.apk Binary XML file line #15
06-30 00:29:06.542 13482 19895 W PackageParser: Unknown element under <manifest>: queries at /data/user_de/0/com.google.android.gms/app_chimera/m/000000be/dl-AdsFdrDynamite.integ_250505301100000.apk Binary XML file line #15
06-30 00:29:26.659  1958  4807 I ActivityManager: Killing 11503:com.miui.analytics/u0a105 (adj 985): empty #17
06-30 00:29:26.711  1958  2360 W ActivityManager: Scheduling restart of crashed service com.miui.analytics/.onetrack.OneTrackService in 1000ms
06-30 00:29:27.784  1958  2011 I ActivityManager: Start proc 13009:com.miui.analytics/u0a105 for service {com.miui.analytics/com.miui.analytics.onetrack.OneTrackService} caller=com.xiaomi.mipicks
06-30 00:29:27.837  1958  4807 I ActivityManager: Killing 11398:com.xiaomi.mipicks/u0a127 (adj 995): empty #17
06-30 00:29:28.064  1958  4008 I ActivityManager: Killing 11072:com.google.android.youtube/u0a204 (adj 995): empty #17
06-30 00:29:57.308  1958  2360 I ActivityManager: Killing 11970:com.google.android.apps.maps/u0a191 (adj 975): empty #17
06-30 00:30:21.889  1958  2011 I ActivityManager: Start proc 13078:com.google.android.youtube/u0a204 for service {com.google.android.youtube/androidx.work.impl.background.systemjob.SystemJobService} caller=android
06-30 00:30:22.940  1958  2360 I ActivityManager: Killing 12043:com.google.android.projection.gearhead:car/u0a179 (adj 955): empty #17
06-30 00:30:23.586  1958  2010 W BroadcastQueue: Permission Denial: broadcasting Intent { act=android.net.conn.CONNECTIVITY_CHANGE flg=0x4200010 (has extras) } from null (pid=-1, uid=-1) requires com.google.android.youtube.DYNAMIC_RECEIVER_NOT_EXPORTED_PERMISSION due to registered receiver BroadcastFilter{4341afb 10204/u0 ReceiverList{32db48a 13078 com.google.android.youtube/10204/u0 remote:5f48ef5}}
06-30 00:30:24.820  1958  2011 I ActivityManager: Start proc 13193:com.android.chrome/u0a193 for service {com.android.chrome/org.chromium.chrome.browser.customtabs.CustomTabsConnectionService} caller=com.google.android.youtube
06-30 00:30:25.262  1958  2202 I ActivityManager: Killing 9134:com.google.android.apps.wellbeing/u0a189 (adj 975): empty #17
06-30 00:30:26.120  1958  2011 I ActivityManager: Start proc 13270:com.android.chrome:privileged_process0/u0a193 for service {com.android.chrome/org.chromium.content.app.PrivilegedProcessService0} caller=com.android.chrome
06-30 00:30:26.244  1958  1981 I ActivityManager: Killing 12066:com.google.ar.core/u0a110 (adj 975): empty #17
06-30 00:30:26.766 13193 13193 W Looper  : Slow Looper main: Long Msg: seq=8 plan=00:30:25.265  late=7ms wall=1492ms running=447ms runnable=51ms io=679ms h=android.os.Handler c=W96
06-30 00:30:27.413  1958  2011 W ActivityManager: Slow operation: 642ms so far, now at startProcess: returned from zygote!
06-30 00:30:27.413  1958  2011 W ActivityManager: Slow operation: 642ms so far, now at startProcess: done updating battery stats
06-30 00:30:27.414  1958  2011 W ActivityManager: Slow operation: 643ms so far, now at startProcess: building log message
06-30 00:30:27.414  1958  2011 I ActivityManager: Start proc 13326:com.android.chrome:sandboxed_process0:org.chromium.content.app.SandboxedProcessService0:0/u0ai0 for  {com.android.chrome/org.chromium.content.app.SandboxedProcessService0:0} caller=com.android.chrome
06-30 00:30:27.414  1958  2011 W ActivityManager: Slow operation: 643ms so far, now at startProcess: starting to updatepids map
06-30 00:30:27.414  1958  2011 W ActivityManager: Slow operation: 643ms so far, now at startProcess: done updating pidsmap
06-30 00:30:27.537  1958  1981 I ActivityManager: Killing 12149:com.google.android.projection.gearhead:shared/u0a179 (adj 975): empty #17
06-30 00:32:25.920  1958  2011 I ActivityManager: Start proc 13433:com.miui.gallery/u0a103 for service {com.miui.gallery/androidx.work.impl.background.systemjob.SystemJobService} caller=android
06-30 00:32:28.377  1958  2011 I ActivityManager: Start proc 13484:com.xiaomi.account/u0a112 for service {com.xiaomi.account/com.xiaomi.account.XiaomiAccountService} caller=com.miui.gallery
06-30 00:32:29.278  1958  2011 I ActivityManager: Start proc 13578:com.miui.cloudservice:galleryproxy/u0a126 for content provider {com.miui.cloudservice/com.miui.cloudservice.provider.GalleryProxySecurityDeviceCredentialProvider} caller=com.miui.gallery
06-30 00:32:29.405  1958  1981 I ActivityManager: Killing 12290:com.google.android.gm/u0a208 (adj 965): empty #17
06-30 00:32:29.407  1958  1981 I ActivityManager: Killing 12208:com.android.vending:instant_app_installer/u0a175 (adj 975): empty #18
06-30 00:32:29.516 13433 13465 W BpBinder: Slow Binder: BpBinder transact took 289ms, interface=android.app.IActivityManager, code=20 oneway=false
06-30 00:32:29.622  1958  2011 I ActivityManager: Start proc 13603:com.xiaomi.simactivate.service/u0a163 for service {com.xiaomi.simactivate.service/com.xiaomi.activate.ActivateService} caller=com.miui.cloudservice
06-30 00:32:29.912  1958  1979 I ActivityManager: Killing 11869:com.google.process.gapps/u0a185 (adj 975): empty #17
06-30 00:33:03.207  1958  2010 I ActivityManager: Killing 12442:android.process.acore/u0a64 (adj 975): empty #17
06-30 00:33:03.352  5413  5654 W PK      : AutoLockOffClean in night
06-30 00:33:03.354  1958  2360 I ProcessManager: Kill reason AutoLockOffClean from pid=5413
06-30 00:33:03.382  1958  2360 I ProcessManager: mLruProcesses size=58
06-30 00:33:03.394  1958  2360 I ProcessManager: AutoLockOffClean: kill com.xiaomi.simactivate.service Adj=805 State=20
06-30 00:33:03.395  1958  2360 I ActivityManager: Killing 13603:com.xiaomi.simactivate.service/u0a163 (adj 805): AutoLockOffClean
06-30 00:33:03.399  1958  2360 I ProcessManager: AutoLockOffClean: kill com.miui.cloudservice:galleryproxy Adj=835 State=20
06-30 00:33:03.400  1958  2360 I ActivityManager: Killing 13578:com.miui.cloudservice:galleryproxy/u0a126 (adj 835): AutoLockOffClean
06-30 00:33:03.406  1958  2360 I ProcessManager: AutoLockOffClean: kill com.miui.gallery Adj=855 State=20
06-30 00:33:03.407  1958  2360 I ActivityManager: Killing 13433:com.miui.gallery/u0a103 (adj 855): AutoLockOffClean
06-30 00:33:03.410  1958  2360 I ProcessManager: AutoLockOffClean: kill com.xiaomi.account Adj=865 State=20
06-30 00:33:03.412  1958  2360 I ActivityManager: Killing 13484:com.xiaomi.account/u0a112 (adj 865): AutoLockOffClean
06-30 00:33:03.415  1958  2360 I ProcessManager: AutoLockOffClean: kill com.google.process.gservices Adj=875 State=20
06-30 00:33:03.416  1958  2360 I ActivityManager: Killing 10146:com.google.process.gservices/u0a185 (adj 875): AutoLockOffClean
06-30 00:33:03.417  1958  2360 I ProcessManager: AutoLockOffClean: kill com.google.android.apps.photos Adj=885 State=20
06-30 00:33:03.417  1958  2360 I ActivityManager: Killing 11850:com.google.android.apps.photos/u0a214 (adj 885): AutoLockOffClean
06-30 00:33:03.419  1958  2360 I ProcessManager: AutoLockOffClean: kill com.android.chrome:sandboxed_process0:org.chromium.content.app.SandboxedProcessService0:0 Adj=895 State=20
06-30 00:33:03.420  1958  2360 I ActivityManager: Killing 13326:com.android.chrome:sandboxed_process0:org.chromium.content.app.SandboxedProcessService0:0/u0a193i-9000 (adj 895): AutoLockOffClean
06-30 00:33:03.421  1958  2360 I ProcessManager: AutoLockOffClean: kill com.android.vending Adj=905 State=20
06-30 00:33:03.421  1958  2360 I ActivityManager: Killing 10057:com.android.vending/u0a175 (adj 905): AutoLockOffClean
06-30 00:33:03.423  1958  2360 I ProcessManager: AutoLockOffClean: kill com.android.chrome:privileged_process0 Adj=915 State=20
06-30 00:33:03.424  1958  2360 I ActivityManager: Killing 13270:com.android.chrome:privileged_process0/u0a193 (adj 915): AutoLockOffClean
06-30 00:33:03.425  1958  2360 I ProcessManager: AutoLockOffClean: kill com.google.android.youtube Adj=925 State=20
06-30 00:33:03.425  1958  2360 I ActivityManager: Killing 13078:com.google.android.youtube/u0a204 (adj 925): AutoLockOffClean
06-30 00:33:03.428  1958  2360 I ProcessManager: AutoLockOffClean: kill com.android.chrome Adj=935 State=20
06-30 00:33:03.428  1958  2360 I ActivityManager: Killing 13193:com.android.chrome/u0a193 (adj 935): AutoLockOffClean
06-30 00:33:03.429  1958  2360 I ProcessManager: AutoLockOffClean: kill com.google.android.tts Adj=945 State=20
06-30 00:33:03.430  1958  2360 I ActivityManager: Killing 12176:com.google.android.tts/u0a201 (adj 945): AutoLockOffClean
06-30 00:33:03.431  1958  2360 I ProcessManager: AutoLockOffClean: kill com.miui.analytics Adj=955 State=20
06-30 00:33:03.432  1958  2360 I ActivityManager: Killing 13009:com.miui.analytics/u0a105 (adj 955): AutoLockOffClean
06-30 00:33:03.433  1958  2360 I ProcessManager: AutoLockOffClean: kill com.miui.msa.global Adj=100 State=9
06-30 00:33:03.434  1958  2360 I ActivityManager: Killing 9258:com.miui.msa.global/u0a123 (adj 100): AutoLockOffClean
06-30 00:33:03.436  1958  2360 I ProcessManager: AutoLockOffClean: kill com.android.smspush Adj=100 State=7
06-30 00:33:03.436  1958  2360 I ActivityManager: Killing 10426:com.android.smspush/u0a155 (adj 100): AutoLockOffClean
06-30 00:33:03.438  1958  2360 I ProcessManager: AutoLockOffClean: kill com.android.settings:remote Adj=500 State=11
06-30 00:33:03.438  1958  2360 I ActivityManager: Killing 10374:com.android.settings:remote/1000 (adj 500): AutoLockOffClean
06-30 00:33:03.440  1958  2360 I ProcessManager: AutoLockOffClean: kill com.qualcomm.qti.workloadclassifier Adj=500 State=11
06-30 00:33:03.440  1958  2360 I ActivityManager: Killing 9945:com.qualcomm.qti.workloadclassifier/1000 (adj 500): AutoLockOffClean
06-30 00:33:03.441  1958  2360 I ProcessManager: AutoLockOffClean: kill com.qualcomm.telephony Adj=800 State=11
06-30 00:33:03.442  1958  2360 I ActivityManager: Killing 9909:com.qualcomm.telephony/u0a195 (adj 800): AutoLockOffClean
06-30 00:33:03.443  1958  2360 I ProcessManager: AutoLockOffClean: kill com.qti.diagservices Adj=985 State=11
06-30 00:33:03.443  1958  2360 I ActivityManager: Killing 9475:com.qti.diagservices/1000 (adj 985): AutoLockOffClean
06-30 00:33:03.486  5413  5654 W ProcessUtils: killProcess failed []
06-30 00:33:03.501  1958  5270 W ActivityManager: Scheduling restart of crashed service com.android.chrome/org.chromium.content.app.SandboxedProcessService0:0 in 1000ms
06-30 00:33:03.562  1958  4522 W ActivityManager: Scheduling restart of crashed service com.android.smspush/.WapPushManager in 10938ms
06-30 00:33:03.569  1958  4692 W ActivityManager: Scheduling restart of crashed service com.qualcomm.qti.workloadclassifier/.WLCService in 20932ms
06-30 00:33:03.574  1958  3132 W ActivityManager: Scheduling restart of crashed service com.qualcomm.atfwd/.AtFwdService in 30928ms
06-30 00:33:03.580  1958  4415 W ActivityManager: Scheduling restart of crashed service com.qti.diagservices/.QTIDiagServices in 40922ms
06-30 00:33:03.592  1958  1979 W ActivityManager: Scheduling restart of crashed service com.android.chrome/org.chromium.content.app.PrivilegedProcessService0 in 50910ms
06-30 00:33:03.602  1958  2646 W ActivityManager: Scheduling restart of crashed service com.android.settings/.dangerousoptions.DangerousOptionsWarningService in 60900ms
06-30 00:33:03.605  1958  1994 W Looper  : Slow dispatch took 109ms android.ui h=com.android.server.am.ActivityManagerService$UiHandler c=null m=53
06-30 00:33:03.626  1958  3906 W ActivityManager: Exception when unbinding service com.android.chrome/org.chromium.chrome.browser.customtabs.CustomTabsConnectionService
06-30 00:33:03.626  1958  3906 W ActivityManager: android.os.DeadObjectException
06-30 00:33:03.626  1958  3906 W ActivityManager:       at android.os.BinderProxy.transactNative(Native Method)
06-30 00:33:03.626  1958  3906 W ActivityManager:       at android.os.BinderProxy.transact(BinderProxy.java:511)
06-30 00:33:03.626  1958  3906 W ActivityManager:       at android.app.IApplicationThread$Stub$Proxy.scheduleUnbindService(IApplicationThread.java:1627)
06-30 00:33:03.626  1958  3906 W ActivityManager:       at com.android.server.am.ActiveServices.removeConnectionLocked(ActiveServices.java:3440)
06-30 00:33:03.626  1958  3906 W ActivityManager:       at com.android.server.am.ActiveServices.killServicesLocked(ActiveServices.java:3859)
06-30 00:33:03.626  1958  3906 W ActivityManager:       at com.android.server.am.ActivityManagerService.cleanUpApplicationRecordLocked(ActivityManagerService.java:14080)
06-30 00:33:03.626  1958  3906 W ActivityManager:       at com.android.server.am.ActivityManagerService.handleAppDiedLocked(ActivityManagerService.java:3716)
06-30 00:33:03.626  1958  3906 W ActivityManager:       at com.android.server.am.ActivityManagerService.appDiedLocked(ActivityManagerService.java:3889)
06-30 00:33:03.626  1958  3906 W ActivityManager:       at com.android.server.am.ActivityManagerService$AppDeathRecipient.binderDied(ActivityManagerService.java:1537)
06-30 00:33:03.626  1958  3906 W ActivityManager:       at android.os.BinderProxy.sendDeathNotice(BinderProxy.java:621)
06-30 00:33:03.671  1958  1958 W ActivityManager: Exception when unbinding service com.miui.msa.global/com.miui.systemAdSolution.splashscreen.SplashScreenService
06-30 00:33:03.671  1958  1958 W ActivityManager: android.os.DeadObjectException
06-30 00:33:03.671  1958  1958 W ActivityManager:       at android.os.BinderProxy.transactNative(Native Method)
06-30 00:33:03.671  1958  1958 W ActivityManager:       at android.os.BinderProxy.transact(BinderProxy.java:511)
06-30 00:33:03.671  1958  1958 W ActivityManager:       at android.app.IApplicationThread$Stub$Proxy.scheduleUnbindService(IApplicationThread.java:1627)
06-30 00:33:03.671  1958  1958 W ActivityManager:       at com.android.server.am.ActiveServices.removeConnectionLocked(ActiveServices.java:3440)
06-30 00:33:03.671  1958  1958 W ActivityManager:       at com.android.server.am.ActiveServices.unbindServiceLocked(ActiveServices.java:2091)
06-30 00:33:03.671  1958  1958 W ActivityManager:       at com.android.server.am.ActivityManagerService.unbindService(ActivityManagerService.java:14480)
06-30 00:33:03.671  1958  1958 W ActivityManager:       at android.app.ContextImpl.unbindService(ContextImpl.java:1789)
06-30 00:33:03.671  1958  1958 W ActivityManager:       at com.miui.server.SplashScreenServiceDelegate$2.onServiceDisconnected(SplashScreenServiceDelegate.java:185)
06-30 00:33:03.671  1958  1958 W ActivityManager:       at android.app.LoadedApk$ServiceDispatcher.doDeath(LoadedApk.java:1977)
06-30 00:33:03.671  1958  1958 W ActivityManager:       at android.app.LoadedApk$ServiceDispatcher$RunConnection.run(LoadedApk.java:1992)
06-30 00:33:03.671  1958  1958 W ActivityManager:       at android.os.Handler.handleCallback(Handler.java:883)
06-30 00:33:03.671  1958  1958 W ActivityManager:       at android.os.Handler.dispatchMessage(Handler.java:100)
06-30 00:33:03.671  1958  1958 W ActivityManager:       at android.os.Looper.loop(Looper.java:224)
06-30 00:33:03.671  1958  1958 W ActivityManager:       at com.android.server.SystemServer.run(SystemServer.java:563)
06-30 00:33:03.671  1958  1958 W ActivityManager:       at com.android.server.SystemServer.main(SystemServer.java:367)
06-30 00:33:03.671  1958  1958 W ActivityManager:       at java.lang.reflect.Method.invoke(Native Method)
06-30 00:33:03.671  1958  1958 W ActivityManager:       at com.android.internal.os.RuntimeInit$MethodAndArgsCaller.run(RuntimeInit.java:539)
06-30 00:33:03.671  1958  1958 W ActivityManager:       at com.android.internal.os.ZygoteInit.main(ZygoteInit.java:928)
06-30 00:33:03.678  1958  5256 W ActivityManager: Scheduling restart of crashed service com.android.vending/com.google.android.finsky.setup.dse.impl.DseService in 70824ms
06-30 00:33:03.686  1958  1981 W ActivityManager: Scheduling restart of crashed service com.miui.msa.global/com.zeus.gmc.sdk.mobileads.msa.odi.service.OnDeviceIntelligenceService in 80816ms
06-30 00:33:03.758  1958  2011 I ActivityManager: Start proc 13913:com.google.android.apps.turbo:aab/u0a184 for service{com.google.android.apps.turbo/com.google.android.libraries.smartbattery.appusage.library.EvaluateAppBucketsJob} caller=android
06-30 00:33:03.797  1958  2014 E BatteryExternalStatsWorker: no controller energy info supplied for bluetooth
06-30 00:33:03.944  2181 10708 W BpBinder: Slow Binder: BpBinder transact took 323ms, interface=android.content.IContentProvider, code=21 oneway=false
06-30 00:33:03.989  1958  2011 I ActivityManager: Start proc 13936:com.google.process.gservices/u0a185 for content provider {com.google.android.gsf/com.google.android.gsf.gservices.GservicesProvider} caller=com.google.android.apps.turbo
06-30 00:33:14.560  1958  2011 I ActivityManager: Start proc 13971:com.android.smspush/u0a155 for service {com.android.smspush/com.android.smspush.WapPushManager} caller=com.android.phone
06-30 00:33:23.700  1958  2011 I ActivityManager: Start proc 13992:com.miui.msa.global/u0a123 for service {com.miui.msa.global/com.miui.systemAdSolution.splashscreen.SplashScreenService} caller=android
06-30 00:33:24.578  1958  2011 I ActivityManager: Start proc 14143:com.qualcomm.qti.workloadclassifier/1000 for service{com.qualcomm.qti.workloadclassifier/com.qualcomm.qti.workloadclassifier.WLCService} caller=com.qualcomm.qti.workloadclassifier
06-30 00:33:25.965  1958  2066 W ActivityManager: Receiver with filter android.content.IntentFilter@44d25b8 already registered for pid 13992, callerPackage is com.miui.msa.global
06-30 00:33:25.966  1958  2066 W ActivityManager: Receiver with filter android.content.IntentFilter@aa74f91 already registered for pid 13992, callerPackage is com.miui.msa.global
06-30 00:33:31.720  1958  2132 I AutoStartManagerService: MIUILOG- Reject service :Intent { cmp=app.revanced.android.youtube/androidx.work.impl.background.systemjob.SystemJobService } userId : 0 uid : 10296
06-30 00:33:31.721  1958  2132 I JobServiceContext: MIUILOG- Reject Start Job, cancelJob uid : 10296 jobId :5495
06-30 00:33:31.732  1958  2132 I AutoStartManagerService: MIUILOG- Reject service :Intent { cmp=com.google.android.apps.photos/.dbprocessor.impl.DatabaseProcessorJobService } userId : 0 uid : 10214
06-30 00:33:31.733  1958  2132 I JobServiceContext: MIUILOG- Reject Start Job, cancelJob uid : 10214 jobId :1033
06-30 00:33:34.205  1958  2009 I UsageStatsService: User[0] Flushing usage stats to disk
06-30 00:33:34.305  1958  2009 E AppIdleHistory: Error writing app idle file for user 0
06-30 00:33:34.569  1958  2011 I ActivityManager: Start proc 14508:com.qualcomm.telephony/u0a195 for service {com.qualcomm.atfwd/com.qualcomm.atfwd.AtFwdService} caller=com.qualcomm.atfwd
06-30 00:33:44.574  1958  2011 I ActivityManager: Start proc 14549:com.qti.diagservices/1000 for service {com.qti.diagservices/com.qti.diagservices.QTIDiagServices} caller=com.qti.diagservices
06-30 00:34:04.587  1958  2011 I ActivityManager: Start proc 14575:com.android.settings:remote/1000 for service {com.android.settings/com.android.settings.dangerousoptions.DangerousOptionsWarningService} caller=com.android.settings
06-30 00:38:34.066  1958  2083 W ActivityManager: Unable to start service Intent { flg=0x4 cmp=app.revanced.android.gms/org.microg.gms.checkin.TriggerReceiver (has extras) } U=0: not found
06-30 00:38:34.612  1958  2014 E BatteryExternalStatsWorker: no controller energy info supplied for bluetooth
06-30 00:38:34.654  1958  2014 E KernelCpuUidUserSysTimeReader: Negative user/sys time delta for UID=10103
06-30 00:38:34.654  1958  2014 E KernelCpuUidUserSysTimeReader: Prev times: u=95833 s=57600 Curr times: u=95732 s=57423
06-30 00:38:34.654  1958  2014 E KernelCpuUidUserSysTimeReader: Negative user/sys time delta for UID=10193
06-30 00:38:34.654  1958  2014 E KernelCpuUidUserSysTimeReader: Prev times: u=350919 s=418303 Curr times: u=349528 s=417636
06-30 00:38:34.654  1958  2014 E KernelCpuUidUserSysTimeReader: Negative user/sys time delta for UID=10214
06-30 00:38:34.654  1958  2014 E KernelCpuUidUserSysTimeReader: Prev times: u=9233 s=5885 Curr times: u=9074 s=5670
06-30 00:38:34.654  1958  2014 E KernelCpuUidUserSysTimeReader: Negative user/sys time delta for UID=10201
06-30 00:38:34.654  1958  2014 E KernelCpuUidUserSysTimeReader: Prev times: u=7357 s=2891 Curr times: u=7258 s=2735
06-30 00:38:34.654  1958  2014 E KernelCpuUidUserSysTimeReader: Negative user/sys time delta for UID=10175
06-30 00:38:34.654  1958  2014 E KernelCpuUidUserSysTimeReader: Prev times: u=938025 s=281986 Curr times: u=937785 s=281838
06-30 00:38:34.655  1958  2014 E KernelCpuUidUserSysTimeReader: Negative user/sys time delta for UID=10204
06-30 00:38:34.655  1958  2014 E KernelCpuUidUserSysTimeReader: Prev times: u=119616 s=52123 Curr times: u=119421 s=51903
06-30 00:39:01.866  1958  2090 W BaseMiuiPhoneWindowManager: keyCode:23 down:true eventTime:37517022 downTime:37517022 policyFlags:2000000 flags:8 deviceId:0 isScreenOn:false keyguardActive:true repeatCount:0
06-30 00:39:01.867  1958  2090 I PowerManagerService: Waking up from Asleep (uid=1000, reason=WAKE_REASON_UNKNOWN, details=miui.policy:FINGERPRINT_DPAD_CENTER)...
06-30 00:39:01.868  1958  1958 W UsageStatsService: Event reported without a package name, eventType:15
06-30 00:39:01.875  1958  2017 I DisplayPowerController: Blocking screen on until initial contents have been drawn.
06-30 00:39:01.931  1958  1958 I WindowManager: Started waking up... (why=ON_BECAUSE_OF_UNKNOWN)
06-30 00:39:01.931  1958  2017 I WindowManager: Screen turning on...
06-30 00:39:01.946  2181  2887 W KeyguardViewMediator: notifyScreenOn
06-30 00:39:02.000  1958  1958 W Looper  : Slow dispatch took 127ms main h=com.android.server.power.Notifier$NotifierHandler c=com.android.server.power.Notifier$2@8d74e67 m=0
06-30 00:39:02.019  2181  2181 I miui_face: start face unlock
06-30 00:39:02.022  2181  2924 I miui_face: start verify time=3
06-30 00:39:02.030  1958  1996 I DisplayManagerService: Display device changed state: "Built-in Screen", ON
06-30 00:39:02.092  2181  2181 W KeyguardViewMediator: handleNotifyScreenTurningOn
06-30 00:39:02.092  2181  2181 W KeyguardViewMediator: notifyDrawn
06-30 00:39:02.092  1958  2066 I WindowManager: mKeyguardDelegate.ShowListener.onDrawn.
06-30 00:39:02.141  1958  2090 W BaseMiuiPhoneWindowManager: keyCode:23 down:false eventTime:37517328 downTime:37517022policyFlags:22000000 flags:8 deviceId:0 isScreenOn:true keyguardActive:true repeatCount:0
06-30 00:39:02.202  1958  1958 W Looper  : Slow dispatch took 140ms main h=android.app.ActivityThread$H c=android.app.-$$Lambda$LoadedApk$ReceiverDispatcher$Args$_BumDX2UKsnxLVrE6UJsJZkotuA@1b167b m=0
06-30 00:39:02.214  1958  1994 W Looper  : Slow dispatch took 184ms android.ui h=android.view.Choreographer$FrameHandler c=android.view.Choreographer$FrameDisplayEventReceiver@c285a1 m=0
06-30 00:39:02.218  1958  1994 W WindowManager: Setting mKeyguardDrawComplete
06-30 00:39:02.219  1958  1994 I WindowManager: All windows ready for display!
06-30 00:39:02.239  1958  1994 W WindowManager: Setting mWindowManagerDrawComplete
06-30 00:39:02.239  1958  1994 I WindowManager: Finished screen turning on...
06-30 00:39:02.239  1958  2017 I DisplayPowerController: Unblocked screen on after 364 ms
06-30 00:39:02.307  1958  2168 W BpBinder: Slow Binder: BpBinder transact took 277ms, interface=android.ui.ISurfaceComposer, code=19 oneway=false
06-30 00:39:02.307  1958  2017 W PowerManagerService: Screen on took 440 ms
06-30 00:39:02.308  1958  1958 I WindowManager: Finished waking up... (why=ON_BECAUSE_OF_UNKNOWN)
06-30 00:39:02.406  1958  2014 E BatteryExternalStatsWorker: no controller energy info supplied for bluetooth
06-30 00:39:02.410   788   788 W SurfaceFlingerInspector: Slow frame composition: nt36672a vide prepareFrame took 62 ms
06-30 00:39:02.430 25666 18213 W BpBinder: Slow Binder: BpBinder transact took 310ms, interface=com.android.internal.app.IBatteryStats, code=16 oneway=false
06-30 00:39:02.442  2181 10708 W BpBinder: Slow Binder: BpBinder transact took 328ms, interface=android.content.IContentProvider, code=21 oneway=false
06-30 00:39:02.499  1958  1958 I TransportClient: BackupTransportService#2248: Notifying [BH/MSG_RUN_BACKUP] transport = IBackupTransport
06-30 00:39:02.519  4027  4215 W BpBinder: Slow Binder: BpBinder transact took 203ms, interface=android.hardware.ICameraService, code=4 oneway=false
06-30 00:39:02.594  1958  2014 E BatteryExternalStatsWorker: no controller energy info supplied for bluetooth
06-30 00:39:02.688  1958  2011 I ActivityManager: Start proc 14666:com.google.process.gapps/u0a185 for content provider{com.google.android.gsf/com.google.android.gsf.settings.GoogleSettingsProvider} caller=com.google.android.gms
06-30 00:39:02.832  1958 14661 W BpBinder: Slow Binder: BpBinder transact took 239ms, interface=com.android.internal.backup.IBackupTransport, code=27 oneway=false
06-30 00:39:02.844  1958 14661 I BackupRestoreController: Getting widget state for user: 0
06-30 00:39:03.064  4027  4215 W BpBinder: Slow Binder: BpBinder transact took 506ms, interface=android.hardware.camera2.ICameraDeviceUser, code=6 oneway=false
06-30 00:39:03.416  2181  2924 I miui_face:  authenCallback, onAuthenticationHelp helpCode:5 helpString:未检测到人脸
06-30 00:39:03.453  2181  2924 I chatty  : uid=1000(system) face_unlock identical 1 line
06-30 00:39:03.493  2181  2924 I miui_face:  authenCallback, onAuthenticationHelp helpCode:5 helpString:未检测到人脸
06-30 00:39:03.620  2181  2924 I miui_face:  authenCallback, onAuthenticationHelp helpCode:14 helpString:活体检测失败
06-30 00:39:03.684  2181  2924 I miui_face:  authenCallback, onAuthenticationHelp helpCode:14 helpString:活体检测失败
06-30 00:39:03.709  1958  2014 E BatteryExternalStatsWorker: no controller energy info supplied for bluetooth
06-30 00:39:03.762  2181  2924 I miui_face:  authenCallback, onAuthenticationHelp helpCode:14 helpString:活体检测失败
06-30 00:39:03.837  2181  2924 I miui_face:  authenCallback, onAuthenticationHelp helpCode:14 helpString:活体检测失败
06-30 00:39:03.877  2181  2924 I miui_face:  authenCallback, onAuthenticationHelp helpCode:5 helpString:未检测到人脸
06-30 00:39:03.951  2181  2924 I miui_face:  authenCallback, onAuthenticationHelp helpCode:14 helpString:活体检测失败
06-30 00:39:03.984  2181  2924 I miui_face:  authenCallback, onAuthenticationHelp helpCode:5 helpString:未检测到人脸
06-30 00:39:04.222  2181  2924 I chatty  : uid=1000(system) face_unlock identical 7 lines
06-30 00:39:04.267  2181  2924 I miui_face:  authenCallback, onAuthenticationHelp helpCode:5 helpString:未检测到人脸
06-30 00:39:04.274  1958  2014 E BatteryExternalStatsWorker: no controller energy info supplied for bluetooth
06-30 00:39:04.313  3855  4377 W MiuiPerfServiceClient: interceptAndQueuing:2181|com.android.systemui|173|68|unknown|null|StatusBar|37518991079592|Slow swap buffers|7
06-30 00:39:04.315  2181  2924 I miui_face:  authenCallback, onAuthenticationHelp helpCode:5 helpString:未检测到人脸
06-30 00:39:04.361  2181  2924 I miui_face:  authenCallback, onAuthenticationHelp helpCode:5 helpString:未检测到人脸
06-30 00:39:04.369  1958 14661 W BpBinder: Slow Binder: BpBinder transact took 1524ms, interface=com.android.internal.backup.IBackupTransport, code=9 oneway=false
06-30 00:39:04.412  2181  2924 I miui_face:  authenCallback, onAuthenticationHelp helpCode:5 helpString:未检测到人脸
06-30 00:39:04.420  1958  2011 I ActivityManager: Start proc 14704:com.google.android.apps.maps/u0a191 for backup {com.google.android.apps.maps/com.google.android.apps.gmm.backup.GmmPersistentBackupAgentHelper} caller=Backup
06-30 00:39:04.465  2181  2924 I miui_face:  authenCallback, onAuthenticationHelp helpCode:5 helpString:未检测到人脸
06-30 00:39:04.671  2181  2924 I chatty  : uid=1000(system) face_unlock identical 4 lines
06-30 00:39:04.711  2181  2924 I miui_face:  authenCallback, onAuthenticationHelp helpCode:5 helpString:未检测到人脸
06-30 00:39:04.816  1958  2014 E BatteryExternalStatsWorker: no controller energy info supplied for bluetooth
06-30 00:39:04.849  2181  2924 I miui_face:  authenCallback, onAuthenticationHelp helpCode:14 helpString:活体检测失败
06-30 00:39:04.891  2181  2924 I miui_face:  authenCallback, onAuthenticationHelp helpCode:5 helpString:未检测到人脸
06-30 00:39:05.049  2181  2924 I chatty  : uid=1000(system) face_unlock identical 4 lines
06-30 00:39:05.073  2181  2924 I miui_face:  authenCallback, onAuthenticationHelp helpCode:5 helpString:未检测到人脸
06-30 00:39:05.191  2181  2924 I miui_face:  authenCallback, onAuthenticationHelp helpCode:14 helpString:活体检测失败
06-30 00:39:05.291  2181  2924 I miui_face:  authenCallback, onAuthenticationHelp helpCode:14 helpString:活体检测失败
06-30 00:39:05.336  2181  2924 I miui_face:  authenCallback, onAuthenticationHelp helpCode:5 helpString:未检测到人脸
06-30 00:39:05.348  1958  2014 E BatteryExternalStatsWorker: no controller energy info supplied for bluetooth
06-30 00:39:05.374  2181  2924 I miui_face:  authenCallback, onAuthenticationHelp helpCode:5 helpString:未检测到人脸
06-30 00:39:05.413  2181  2924 I miui_face:  authenCallback, onAuthenticationHelp helpCode:5 helpString:未检测到人脸
06-30 00:39:05.432  1958 14661 I BackupManagerService: got agent android.app.IBackupAgent$Stub$Proxy@ab91871
06-30 00:39:05.467  1958 14661 W KeyValueBackupTask: Agent com.google.android.apps.maps error in onBackup()
06-30 00:39:05.494  2181  2924 I miui_face:  authenCallback, onAuthenticationHelp helpCode:14 helpString:活体检测失败
06-30 00:39:05.531  1958  2011 I ActivityManager: Start proc 14753:com.google.android.apps.wellbeing/u0a189 for backup {com.google.android.apps.wellbeing/com.google.android.apps.wellbeing.backup.impl.WellbeingBackupAgent} caller=Backup
06-30 00:39:05.577  2181  2924 I miui_face:  authenCallback, onAuthenticationHelp helpCode:14 helpString:活体检测失败
06-30 00:39:05.657  2181  2924 I miui_face:  authenCallback, onAuthenticationHelp helpCode:14 helpString:活体检测失败
06-30 00:39:05.674  1958  2011 I ActivityManager: Start proc 14781:com.google.android.projection.gearhead:car/u0a179 for service {com.google.android.projection.gearhead/com.google.android.apps.auto.carservice.service.impl.GearheadCarStartupService} caller=com.google.android.apps.maps
06-30 00:39:05.701  2181  2924 I miui_face:  authenCallback, onAuthenticationHelp helpCode:5 helpString:未检测到人脸
06-30 00:39:05.746  2181  2924 I miui_face:  authenCallback, onAuthenticationHelp helpCode:5 helpString:未检测到人脸
06-30 00:39:05.814  2181  2924 I miui_face:  authenCallback, onAuthenticationHelp helpCode:14 helpString:活体检测失败
06-30 00:39:05.903  2181  2924 I chatty  : uid=1000(system) face_unlock identical 1 line
06-30 00:39:05.974  2181  2924 I miui_face:  authenCallback, onAuthenticationHelp helpCode:14 helpString:活体检测失败
06-30 00:39:06.019  1958  2014 E BatteryExternalStatsWorker: no controller energy info supplied for bluetooth
06-30 00:39:06.042  2181  2924 I miui_face:  authenCallback, onAuthenticationHelp helpCode:22 helpString:闭眼
06-30 00:39:06.115  2181  2924 I miui_face:  authenCallback, onAuthenticationHelp helpCode:14 helpString:活体检测失败
06-30 00:39:06.390  2181  2924 I chatty  : uid=1000(system) face_unlock identical 4 lines
06-30 00:39:06.467  2181  2924 I miui_face:  authenCallback, onAuthenticationHelp helpCode:14 helpString:活体检测失败
06-30 00:39:06.560  1958 14661 I BackupManagerService: got agent android.app.IBackupAgent$Stub$Proxy@1cd10b3
06-30 00:39:06.565  2181  2924 I miui_face:  authenCallback, onAuthenticationHelp helpCode:14 helpString:活体检测失败
06-30 00:39:06.657  2181  2924 I miui_face:  authenCallback, onAuthenticationHelp helpCode:14 helpString:活体检测失败
06-30 00:39:06.687  1958 14661 I BackupRestoreController: Getting widget state for user: 0
06-30 00:39:06.693  2181  2924 I miui_face:  authenCallback, onAuthenticationHelp helpCode:5 helpString:未检测到人脸
06-30 00:39:06.714   788   788 W SurfaceFlingerInspector: Slow frame composition: nt36672a vide doComposition took 63 ms
06-30 00:39:06.733  1958 14661 I BackupManagerService: got agent android.app.backup.BackupAgent$BackupServiceBinder@89ef239
06-30 00:39:06.739  2181  2924 I miui_face:  authenCallback, onAuthenticationHelp helpCode:5 helpString:未检测到人脸
06-30 00:39:06.818  2181  2924 I miui_face:  authenCallback, onAuthenticationHelp helpCode:14 helpString:活体检测失败
06-30 00:39:06.819  1958  2011 I ActivityManager: Start proc 14857:com.google.android.permissioncontroller/u0a95 for service {com.google.android.permissioncontroller/com.android.packageinstaller.permission.service.PermissionControllerServiceImpl} caller=android
06-30 00:39:06.831   788   788 W SurfaceFlingerInspector: Slow frame composition: nt36672a vide doComposition took 65 ms
06-30 00:39:06.859  2181  2924 I miui_face:  authenCallback, onAuthenticationHelp helpCode:5 helpString:未检测到人脸
06-30 00:39:06.912  2181  2924 I chatty  : uid=1000(system) face_unlock identical 1 line
06-30 00:39:06.948  2181  2924 I miui_face:  authenCallback, onAuthenticationHelp helpCode:5 helpString:未检测到人脸
06-30 00:39:06.963 14704 14850 W BpBinder: Slow Binder: BpBinder transact took 314ms, interface=com.google.android.gms.car.startup.IStartup, code=13 oneway=false
06-30 00:39:06.985  2181  2924 I miui_face:  authenCallback, onAuthenticationHelp helpCode:5 helpString:未检测到人脸
06-30 00:39:07.062  2181  2924 I chatty  : uid=1000(system) face_unlock identical 3 lines
06-30 00:39:07.073  2181  2924 I miui_face:  authenCallback, onAuthenticationHelp helpCode:5 helpString:未检测到人脸
06-30 00:39:07.153  2181  2924 I miui_face:  authenCallback, onAuthenticationHelp helpCode:14 helpString:活体检测失败
06-30 00:39:07.811  2181  2924 I chatty  : uid=1000(system) face_unlock identical 9 lines
06-30 00:39:07.873  2181  2924 I miui_face:  authenCallback, onAuthenticationHelp helpCode:14 helpString:活体检测失败
06-30 00:39:07.910  2181  2924 I miui_face:  authenCallback, onAuthenticationHelp helpCode:5 helpString:未检测到人脸
06-30 00:39:07.987  2181  2924 I miui_face:  authenCallback, onAuthenticationHelp helpCode:14 helpString:活体检测失败
06-30 00:39:08.026  2181  2924 I miui_face:  authenCallback, onAuthenticationHelp helpCode:5 helpString:未检测到人脸
06-30 00:39:08.091  2181  2924 I miui_face:  authenCallback, onAuthenticationHelp helpCode:14 helpString:活体检测失败
06-30 00:39:08.168  2181  2924 I miui_face:  authenCallback, onAuthenticationHelp helpCode:14 helpString:活体检测失败
06-30 00:39:08.172  1958  2090 W BaseMiuiPhoneWindowManager: keyCode:23 down:true eventTime:37523357 downTime:37523357 policyFlags:22000000 flags:8 deviceId:0 isScreenOn:true keyguardActive:true repeatCount:0
06-30 00:39:08.219  3855  4377 W MiuiPerfServiceClient: interceptAndQueuing:2181|com.android.systemui|453|129|unknown|null|StatusBar|37522221902247|Slow handle traversal|12
06-30 00:39:08.220  3855  4377 W MiuiPerfServiceClient: interceptAndQueuing:2181|com.android.systemui|383|71|unknown|null|StatusBar|37522685852351|Slow swap buffers|12
06-30 00:39:08.241  2181  2924 I miui_face:  authenCallback, onAuthenticationHelp helpCode:14 helpString:活体检测失败
06-30 00:39:08.394  2181  2924 I chatty  : uid=1000(system) face_unlock identical 2 lines
06-30 00:39:08.478  2181  2924 I miui_face:  authenCallback, onAuthenticationHelp helpCode:14 helpString:活体检测失败
06-30 00:39:08.695  2181  2924 I miui_face: authenCallback, onAuthenticationFailed
06-30 00:39:08.898   788   902 W EventThreadInspector: slow VSync-app on display(19260784713820289), count=1, avg=39 ms, max=39 ms.
06-30 00:39:08.948   788   903 W EventThreadInspector: slow VSync-sf on display(19260784713820289), count=4, avg=34 ms,max=49 ms.
06-30 00:39:09.206  1958  2090 W BaseMiuiPhoneWindowManager: keyCode:23 down:false eventTime:37524393 downTime:37523357policyFlags:22000000 flags:8 deviceId:0 isScreenOn:true keyguardActive:true repeatCount:0
06-30 00:39:09.247  1958  5271 I PowerManagerService: Going to sleep due to application (uid 1000)...
06-30 00:39:09.247  1958  1958 W UsageStatsService: Event reported without a package name, eventType:16
06-30 00:39:09.248  1958  1958 I WindowManager: Started going to sleep... (why=OFF_BECAUSE_OF_USER)
