06-29 22:57:05.042  1958  5256 I ProcessManager: OneKeyClean: kill com.google.android.apps.turbo Adj=845 State=20
06-29 22:57:05.043  1958  5256 I ActivityManager: Killing 22110:com.google.android.apps.turbo/u0a184 (adj 845): OneKeyClean
06-29 22:57:05.044  1958  5256 I ProcessManager: OneKeyClean: kill com.google.android.apps.wellbeing Adj=855 State=20
06-29 22:57:05.045  1958  5256 I ActivityManager: Killing 21893:com.google.android.apps.wellbeing/u0a189 (adj 855): OneKeyClean
06-29 22:57:05.047  1958  5256 I ProcessManager: OneKeyClean: kill com.miui.msa.global:ui Adj=865 State=20
06-29 22:57:05.048  1958  5256 I ActivityManager: Killing 21913:com.miui.msa.global:ui/u0a123 (adj 865): OneKeyClean
06-29 22:57:05.050  1958  5256 I ProcessManager: OneKeyClean: kill com.google.android.apps.photos Adj=875 State=20
06-29 22:57:05.051  1958  5256 I ActivityManager: Killing 19924:com.google.android.apps.photos/u0a214 (adj 875): OneKeyClean
06-29 22:57:05.053  1958  5256 I ProcessManager: OneKeyClean: kill com.android.vending Adj=885 State=20
06-29 22:57:05.054  1958  5256 I ActivityManager: Killing 19012:com.android.vending/u0a175 (adj 885): OneKeyClean
06-29 22:57:05.055  1958  5256 I ProcessManager: OneKeyClean: kill com.android.vending:background Adj=895 State=20
06-29 22:57:05.056  1958  5256 I ActivityManager: Killing 19151:com.android.vending:background/u0a175 (adj 895): OneKeyClean
06-29 22:57:05.057  1958  5256 I ProcessManager: OneKeyClean: kill com.google.android.webview:webview_apk Adj=905 State=20
06-29 22:57:05.057  1958  5256 I ActivityManager: Killing 21517:com.google.android.webview:webview_apk/u0a192 (adj 905): OneKeyClean
06-29 22:57:05.058  1958  5256 I ProcessManager: OneKeyClean: kill com.google.android.webview:webview_service Adj=905 State=20
06-29 22:57:05.059  1958  5256 I ActivityManager: Killing 21438:com.google.android.webview:webview_service/u0a192 (adj 905): OneKeyClean
06-29 22:57:05.059  1958  5256 I ProcessManager: OneKeyClean: kill com.google.android.webview:sandboxed_process0:org.chromium.content.app.SandboxedProcessService0:0 Adj=915 State=20
06-29 22:57:05.060  1958  5256 I ActivityManager: Killing 21467:com.google.android.webview:sandboxed_process0:org.chromium.content.app.SandboxedProcessService0:0/u0a162i63 (adj 915): OneKeyClean
06-29 22:57:05.061  1958  5256 I ProcessManager: OneKeyClean: kill com.miui.global.packageinstaller Adj=925 State=20
06-29 22:57:05.061  1958  5256 I ActivityManager: Killing 20975:com.miui.global.packageinstaller/u0a162 (adj 925): OneKeyClean
06-29 22:57:05.062  1958  5256 I ProcessManager: OneKeyClean: kill com.android.chrome Adj=935 State=20
06-29 22:57:05.062  1958  5256 I ActivityManager: Killing 18868:com.android.chrome/u0a193 (adj 935): OneKeyClean
06-29 22:57:05.063  1958  5256 I ProcessManager: OneKeyClean: kill com.android.chrome:privileged_process0 Adj=935 State=20
06-29 22:57:05.064  1958  5256 I ActivityManager: Killing 20608:com.android.chrome:privileged_process0/u0a193 (adj 935): OneKeyClean
06-29 22:57:05.067  1958  5256 I ProcessManager: OneKeyClean: kill com.miui.msa.global Adj=100 State=9
06-29 22:57:05.068  1958  5256 I ActivityManager: Killing 12252:com.miui.msa.global/u0a123 (adj 100): OneKeyClean
06-29 22:57:05.069  1958  5256 I ProcessManager: OneKeyClean: kill com.miui.guardprovider Adj=100 State=5
06-29 22:57:05.069  1958  5256 I ActivityManager: Killing 14496:com.miui.guardprovider/u0a115 (adj 100): OneKeyClean
06-29 22:57:05.070  1958  5256 I ProcessManager: OneKeyClean: kill com.android.settings:remote Adj=500 State=11
06-29 22:57:05.070  1958  5256 I ActivityManager: Killing 13864:com.android.settings:remote/1000 (adj 500): OneKeyClean
06-29 22:57:05.071  1958  5256 I ProcessManager: OneKeyClean: kill app.revanced.android.gms:persistent Adj=800 State=11
06-29 22:57:05.072  1958  5256 I ActivityManager: Killing 18171:app.revanced.android.gms:persistent/u0a687 (adj 800): OneKeyClean
06-29 22:57:05.072  1958  5256 I ProcessManager: OneKeyClean: kill com.qualcomm.telephony Adj=800 State=11
06-29 22:57:05.073  1958  5256 I ActivityManager: Killing 13825:com.qualcomm.telephony/u0a195 (adj 800): OneKeyClean
06-29 22:57:05.074  1958  5256 I ProcessManager: OneKeyClean: kill com.android.smspush Adj=100 State=7
06-29 22:57:05.074  1958  5256 I ActivityManager: Killing 13800:com.android.smspush/u0a155 (adj 100): OneKeyClean
06-29 22:57:05.075  1958  5256 I ProcessManager: OneKeyClean: kill com.qualcomm.qti.workloadclassifier Adj=800 State=11
06-29 22:57:05.075  1958  5256 I ActivityManager: Killing 13661:com.qualcomm.qti.workloadclassifier/1000 (adj 800): OneKeyClean
06-29 22:57:05.076  1958  5256 I ProcessManager: OneKeyClean: kill com.qti.diagservices Adj=800 State=11
06-29 22:57:05.076  1958  5256 I ActivityManager: Killing 13423:com.qti.diagservices/1000 (adj 800): OneKeyClean
06-29 22:57:05.148  1958  4415 W ActivityManager: Scheduling restart of crashed service com.google.android.webview/org.chromium.android_webview.services.MetricsBridgeService in 1000ms
06-29 22:57:05.171  1958  2646 I AutoStartManagerService: MIUILOG- Reject RestartService packageName :app.revanced.android.gms uid : 10687
06-29 22:57:05.209  1958  4692 W ActivityManager: Scheduling restart of crashed service com.qti.diagservices/.QTIDiagServices in 1000ms
06-29 22:57:05.213  1958  3906 W ActivityManager: Scheduling restart of crashed service com.android.chrome/org.chromium.content.app.PrivilegedProcessService0 in 10995ms
06-29 22:57:05.219  1958  2646 I AutoStartManagerService: MIUILOG- Reject RestartService packageName :com.miui.guardprovider uid : 10115
06-29 22:57:05.225  1958  4692 W ActivityManager: Scheduling restart of crashed service com.miui.global.packageinstaller/org.chromium.content.app.SandboxedProcessService0:0 in 20983ms
06-29 22:57:05.246  1958  4415 W ActivityManager: Scheduling restart of crashed service com.android.smspush/.WapPushManager in 30962ms
06-29 22:57:05.253  1958  4692 W ActivityManager: Scheduling restart of crashed service com.qualcomm.qti.workloadclassifier/.WLCService in 40955ms
06-29 22:57:05.258  1958  2647 W ActivityManager: Scheduling restart of crashed service com.qualcomm.atfwd/.AtFwdService in 50950ms
06-29 22:57:05.268  1958  4692 I WindowManager: WIN DEATH: Window{96d8357 u0 com.BHG.sharechat/com.BHG.sharechat.MainActivity}
06-29 22:57:05.286  1958  1996 W ActivityManager: setHasOverlayUi called on unknown pid: 21322
06-29 22:57:05.290  1958  5258 W ActivityManager: Scheduling restart of crashed service com.android.settings/.dangerousoptions.DangerousOptionsWarningService in 60919ms
06-29 22:57:05.323  1958  1996 W ActivityManager: setHasOverlayUi called on unknown pid: 19967
06-29 22:57:05.345  1958  4597 W ActivityManager: Scheduling restart of crashed service com.android.vending/com.google.android.finsky.setup.dse.impl.DseService in 70863ms
06-29 22:57:05.359  1958  4806 W ActivityManager: Scheduling restart of crashed service com.miui.msa.global/com.miui.systemAdSolution.splashscreen.SplashScreenService in 80850ms
06-29 22:57:05.359  1958  4806 W ActivityManager: Scheduling restart of crashed service com.miui.msa.global/com.zeus.gmc.sdk.mobileads.msa.odi.service.OnDeviceIntelligenceService in 90849ms
06-29 22:57:05.380  1958  1996 W WindowManager: setLauncherState= 1
06-29 22:57:05.685  1958  2066 E WindowManager: App trying to use insecure INPUT_FEATURE_NO_INPUT_CHANNEL flag. Ignoring
06-29 22:57:06.247  1958  2011 I ActivityManager: Start proc 22173:com.qti.diagservices/1000 for service {com.qti.diagservices/com.qti.diagservices.QTIDiagServices} caller=com.qti.diagservices
06-29 22:57:07.044  3855  4381 W MiuiPerfServiceClient: interceptAndQueuing:2181|com.android.systemui|813|136|unknown|null|StatusBar|32195611710737|Slow issue draw commands|40
06-29 22:57:07.072   788   902 W EventThreadInspector: slow VSync-app on display(19260784713820289), count=1, avg=43 ms, max=43 ms.
06-29 22:57:07.106   788   903 W EventThreadInspector: slow VSync-sf on display(19260784713820289), count=3, avg=37 ms,max=46 ms.
06-29 22:57:07.583  1958  2011 I ActivityManager: Start proc 22196:in.mohalla.sharechat/u0a763 for broadcast {in.mohalla.sharechat/sharechat.feature.notification.receiver.NotificationActionsReceiver} caller=in.mohalla.sharechat
06-29 22:57:07.689  1958  4597 W NotificationService: Toast already killed. pkg=com.miui.home callback=android.app.ITransientNotification$Stub$Proxy@2a6b4fb
06-29 22:57:08.210 25324 25324 I Timeline: Timeline: Activity_launch_request time:32196935
06-29 22:57:08.212  1958  2066 I ActivityTaskManager: START u0 {act=android.intent.action.MAIN cat=[android.intent.category.LAUNCHER] flg=0x10200000 cmp=com.BHG.sharechat/.SplashActivity bnds=[71,757][247,933] (has extras)} from uid 10094
06-29 22:57:08.235 25324 25324 W ActivityThread: SCHED: com.miui.home/.launcher.Launcher [80, r=189ms, a=46ms, w=4090ms]
06-29 22:57:08.277  1958  2011 I ActivityManager: Start proc 22220:com.BHG.sharechat/u0a768 for activity {com.BHG.sharechat/com.BHG.sharechat.SplashActivity} caller=com.miui.home
06-29 22:57:08.305  1958  1997 I Timeline: Timeline: App_transition_ready time:32197031
06-29 22:57:08.493  1958  1997 I Timeline: Timeline: App_transition_stopped time:32197219
06-29 22:57:08.676  1958  4522 E WindowManager: App trying to use insecure INPUT_FEATURE_NO_INPUT_CHANNEL flag. Ignoring
06-29 22:57:08.680 22220 22220 W Looper  : Slow Looper main: Activity com.BHG.sharechat/.SplashActivity is 378ms late (wall=0ms running=0ms ClientTransaction{ callbacks=[android.app.servertransaction.TopResumedActivityChangeItem] }) because of 3 msg, msg 2 took 140ms (seq=2 running=58ms runnable=12ms io=59ms late=4ms h=android.app.ActivityThread$H w=110), msg 3 took 235ms (seq=3 running=86ms runnable=12ms io=118ms late=143ms h=android.app.ActivityThread$H w=159)
06-29 22:57:08.784  1958  1997 I Timeline: Timeline: Activity_windows_visible id: ActivityRecord{2597156 u0 com.BHG.sharechat/.SplashActivity t1138} time:32197510
06-29 22:57:09.186  1958  1996 W WindowManager: Unable to start animation, surface is null or no children.
06-29 22:57:10.962 22196 22196 W Looper  : Slow Looper main: Long Msg: seq=2 plan=22:57:07.634  late=1ms wall=3327ms running=2078ms runnable=64ms io=870ms h=android.app.ActivityThread$H w=110
06-29 22:57:11.068  1958  2011 I ActivityManager: Start proc 22350:com.android.vending/u0a175 for service {com.android.vending/com.google.android.finsky.splitinstallservice.SplitInstallService} caller=in.mohalla.sharechat
06-29 22:57:11.652 22220 22220 I Timeline: Timeline: Activity_launch_request time:32200377
06-29 22:57:11.653  1958  4597 I ActivityTaskManager: START u0 {cmp=com.BHG.sharechat/.AuthActivity} from uid 10768
06-29 22:57:11.678 22220 22220 W ActivityThread: SCHED: com.BHG.sharechat/.SplashActivity [72, r=32ms, a=12ms, w=3027ms]
06-29 22:57:11.681  1958  2066 I ActivityTaskManager: The Process com.BHG.sharechat Already Exists in BG. So sending its PID: 22220
06-29 22:57:11.686  1958  2066 I Timeline: Timeline: App_transition_ready time:32200412
06-29 22:57:11.812  1958  2066 I Timeline: Timeline: App_transition_ready time:32200538
06-29 22:57:11.825  1958  1997 I Timeline: Timeline: App_transition_ready time:32200550
06-29 22:57:11.856 22220 22220 I Timeline: Timeline: Activity_launch_request time:32200582
06-29 22:57:11.857  1958  2066 I ActivityTaskManager: START u0 {cmp=com.BHG.sharechat/.MainActivity} from uid 10768
06-29 22:57:11.874  1958  4807 I ActivityTaskManager: The Process com.BHG.sharechat Already Exists in BG. So sending its PID: 22220
06-29 22:57:11.878  1958  4807 I Timeline: Timeline: App_transition_ready time:32200604
06-29 22:57:11.967  1958  2066 E WindowManager: App trying to use insecure INPUT_FEATURE_NO_INPUT_CHANNEL flag. Ignoring
06-29 22:57:11.987  1958  2066 I Timeline: Timeline: App_transition_ready time:32200713
06-29 22:57:11.988  1958  2066 I Timeline: Timeline: App_transition_ready time:32200714
06-29 22:57:12.017  1958  1997 I Timeline: Timeline: App_transition_ready time:32200743
06-29 22:57:12.138 22350 22350 W Looper  : Slow Looper main: Long Msg: seq=2 plan=22:57:11.118  late=1ms wall=1018ms running=210ms runnable=53ms io=265ms h=android.app.ActivityThread$H w=110
06-29 22:57:12.201  1958  2011 I ActivityManager: Start proc 22462:com.google.process.gservices/u0a185 for content provider {com.google.android.gsf/com.google.android.gsf.gservices.GservicesProvider} caller=com.android.vending
06-29 22:57:12.274  1958  1997 I Timeline: Timeline: Activity_windows_visible id: ActivityRecord{5e93729 u0 com.BHG.sharechat/.MainActivity t1138} time:32201000
06-29 22:57:12.277  1958  1997 I Timeline: Timeline: App_transition_stopped time:32201002
06-29 22:57:12.441   788   903 W EventThreadInspector: slow VSync-sf on display(19260784713820289), count=3, avg=32 ms,max=32 ms.
06-29 22:57:12.626  1958  2011 I ActivityManager: Start proc 22522:com.google.process.gapps/u0a185 for content provider{com.google.android.gsf/com.google.android.gsf.settings.GoogleSettingsProvider} caller=com.android.vending
06-29 22:57:12.957 22350 22395 W BpBinder: Slow Binder: BpBinder transact took 799ms, interface=android.app.IActivityManager, code=20 oneway=false
06-29 22:57:13.035 22196 22379 W BpBinder: Slow Binder: BpBinder transact took 749ms, interface=com.google.android.finsky.externalreferrer.IGetInstallReferrerService, code=1 oneway=false
06-29 22:57:13.073 22350 22509 W BpBinder: Slow Binder: BpBinder transact took 474ms, interface=android.app.IActivityManager, code=20 oneway=false
06-29 22:57:13.221  3855 30511 W MiuiPerfServiceClient: interceptAndQueuing:2181|com.android.systemui|230|159|unknown|null|StatusBar|32201514243443|Slow main thread|4
06-29 22:57:13.348  1958  2011 I ActivityManager: Start proc 22596:com.android.vending:background/u0a175 for service {com.android.vending/com.google.frameworks.client.data.android.server.play.BackgroundProcessEndpointService} caller=com.android.vending
06-29 22:57:13.758   788   903 W EventThreadInspector: slow VSync-sf on display(19260784713820289), count=2, avg=32 ms,max=32 ms.
06-29 22:57:15.400  1958  2011 I ActivityManager: Start proc 22679:com.miui.msa.global/u0a123 for service {com.miui.msa.global/com.miui.systemAdSolution.splashscreen.SplashScreenService} caller=android
06-29 22:57:16.753 22220 22220 I Timeline: Timeline: Activity_launch_request time:32205479
06-29 22:57:16.755  1958  4597 I ActivityTaskManager: START u0 {cmp=com.BHG.sharechat/.PostDetailActivity (has extras)}from uid 10768
06-29 22:57:16.773 22220 22220 W ActivityThread: SCHED: com.BHG.sharechat/.MainActivity [70, r=283ms, a=120ms, w=4813ms]
06-29 22:57:16.777  1958  1979 I ActivityTaskManager: The Process com.BHG.sharechat Already Exists in BG. So sending its PID: 22220
06-29 22:57:16.784  1958  1979 I Timeline: Timeline: App_transition_ready time:32205510
06-29 22:57:16.842  1958  1979 E WindowManager: App trying to use insecure INPUT_FEATURE_NO_INPUT_CHANNEL flag. Ignoring
06-29 22:57:16.854  1958  1979 I Timeline: Timeline: App_transition_ready time:32205580
06-29 22:57:16.856  1958  1979 I Timeline: Timeline: App_transition_ready time:32205581
06-29 22:57:16.879  1958  1997 I Timeline: Timeline: App_transition_ready time:32205605
06-29 22:57:17.145  1958  1997 I Timeline: Timeline: Activity_windows_visible id: ActivityRecord{37efdd4 u0 com.BHG.sharechat/.PostDetailActivity t1138} time:32205871
06-29 22:57:17.154  1958  1997 I Timeline: Timeline: App_transition_stopped time:32205879
06-29 22:57:17.241  1958  2009 I UsageStatsService: User[0] Flushing usage stats to disk
06-29 22:57:17.267 22679 22996 I Ad      : isPersonalizedAdEnabled getAdSettings: 3
06-29 22:57:17.325  1958  2009 E AppIdleHistory: Error writing app idle file for user 0
06-29 22:57:17.590  1958  4597 W ActivityManager: Receiver with filter android.content.IntentFilter@34dd7cc already registered for pid 22679, callerPackage is com.miui.msa.global
06-29 22:57:17.593  1958  4597 W ActivityManager: Receiver with filter android.content.IntentFilter@3ad3a15 already registered for pid 22679, callerPackage is com.miui.msa.global
06-29 22:57:18.685  1958  1958 W WindowManager: removeWindowToken: Attempted to remove non-existing token: android.os.Binder@1fe11cc
06-29 22:57:22.545 22220 22220 I Timeline: Timeline: Activity_launch_request time:32211271
06-29 22:57:22.546  1958  4597 I ActivityTaskManager: START u0 {cmp=com.BHG.sharechat/.UserProfileActivity (has extras)} from uid 10768
06-29 22:57:22.566 22220 22220 W ActivityThread: SCHED: com.BHG.sharechat/.PostDetailActivity [70, r=111ms, a=47ms, w=5730ms]
06-29 22:57:22.572  1958  2647 I ActivityTaskManager: The Process com.BHG.sharechat Already Exists in BG. So sending its PID: 22220
06-29 22:57:22.581  1958  2647 I Timeline: Timeline: App_transition_ready time:32211307
06-29 22:57:22.625  1958  2647 E WindowManager: App trying to use insecure INPUT_FEATURE_NO_INPUT_CHANNEL flag. Ignoring
06-29 22:57:22.643  1958  4807 I Timeline: Timeline: App_transition_ready time:32211369
06-29 22:57:22.645  1958  4807 I Timeline: Timeline: App_transition_ready time:32211371
06-29 22:57:22.667  1958  1997 I Timeline: Timeline: App_transition_ready time:32211393
06-29 22:57:22.932  1958  1997 I Timeline: Timeline: Activity_windows_visible id: ActivityRecord{50e0039 u0 com.BHG.sharechat/.UserProfileActivity t1138} time:32211657
06-29 22:57:22.936  1958  1997 I Timeline: Timeline: App_transition_stopped time:32211662
06-29 22:57:27.057  1958  4597 W BaseMiuiPhoneWindowManager: keyCode:4 down:true eventTime:32215781 downTime:32215781 policyFlags:2b000002 flags:48 deviceId:-1 isScreenOn:true keyguardActive:false repeatCount:0
06-29 22:57:27.112  1958  4597 W BaseMiuiPhoneWindowManager: keyCode:4 down:false eventTime:32215837 downTime:32215781 policyFlags:2b000002 flags:48 deviceId:-1 isScreenOn:true keyguardActive:false repeatCount:0
06-29 22:57:27.129 22220 22220 W ActivityThread: SCHED: com.BHG.sharechat/.UserProfileActivity [71, r=105ms, a=41ms, w=4507ms]
06-29 22:57:27.149  1958  4806 I Timeline: Timeline: App_transition_ready time:32215874
06-29 22:57:27.169  1958  4807 I Timeline: Timeline: App_transition_ready time:32215895
06-29 22:57:27.195  1958  1997 I Timeline: Timeline: App_transition_ready time:32215920
06-29 22:57:27.434  1958  1997 I Timeline: Timeline: Activity_windows_visible id: ActivityRecord{37efdd4 u0 com.BHG.sharechat/.PostDetailActivity t1138} time:32216159
06-29 22:57:27.441  1958  1997 I Timeline: Timeline: App_transition_stopped time:32216167
06-29 22:57:35.769  1958  1979 W BaseMiuiPhoneWindowManager: keyCode:3 down:true eventTime:32224493 downTime:32224493 policyFlags:2b000002 flags:48 deviceId:-1 isScreenOn:true keyguardActive:false repeatCount:0
06-29 22:57:35.882  1958  1979 W BaseMiuiPhoneWindowManager: keyCode:3 down:false eventTime:32224607 downTime:32224493 policyFlags:2b000002 flags:48 deviceId:-1 isScreenOn:true keyguardActive:false repeatCount:0
06-29 22:57:35.890  1958  2089 I ActivityTaskManager: START u0 {act=android.intent.action.MAIN cat=[android.intent.category.HOME] flg=0x10000100 cmp=com.miui.home/.launcher.Launcher (has extras)} from uid 0
06-29 22:57:35.911  1958  2089 I Timeline: Timeline: App_transition_ready time:32224636
06-29 22:57:35.918 22220 22220 W ActivityThread: SCHED: com.BHG.sharechat/.PostDetailActivity [79, r=67ms, a=17ms, w=8761ms]
06-29 22:57:35.924  1958  4806 I Timeline: Timeline: App_transition_ready time:32224650
06-29 22:57:35.929  1958  1997 I Timeline: Timeline: App_transition_ready time:32224654
06-29 22:57:35.933  1958  4807 I Timeline: Timeline: App_transition_ready time:32224659
06-29 22:57:35.951  1958  1997 I Timeline: Timeline: App_transition_ready time:32224677
06-29 22:57:35.970  1958  4597 I Timeline: Timeline: App_transition_ready time:32224696
06-29 22:57:35.984  1958  1997 I Timeline: Timeline: App_transition_ready time:32224709
06-29 22:57:36.011  1958  1997 I Timeline: Timeline: App_transition_ready time:32224737
06-29 22:57:36.074  1958  1979 W BaseMiuiPhoneWindowManager: keyCode:82 down:true eventTime:32224799 downTime:32224799 policyFlags:2b000002 flags:48 deviceId:-1 isScreenOn:true keyguardActive:false repeatCount:0
06-29 22:57:36.076  1958  2089 W WindowManager: Failed looking up window callers=com.android.server.wm.InputManagerCallback.interceptKeyBeforeDispatching:191 com.android.server.input.InputManagerService.interceptKeyBeforeDispatching:1920 <bottom of call stack>
06-29 22:57:36.143  1958  4597 W BaseMiuiPhoneWindowManager: keyCode:82 down:false eventTime:32224868 downTime:32224799policyFlags:2b000002 flags:48 deviceId:-1 isScreenOn:true keyguardActive:false repeatCount:0
06-29 22:57:36.160  1958  4597 I Timeline: Timeline: Activity_windows_visible id: ActivityRecord{ddb1799 u0 com.miui.home/.launcher.Launcher t1} time:32224886
06-29 22:57:36.164  1958  1997 I Timeline: Timeline: App_transition_stopped time:32224890
06-29 22:57:36.198  1958  1996 W WindowManager: setLauncherState= 2
06-29 22:57:36.267  1958  2011 I ActivityManager: Start proc 23191:com.android.smspush/u0a155 for service {com.android.smspush/com.android.smspush.WapPushManager} caller=com.android.phone
06-29 22:57:36.766   788   902 W EventThreadInspector: slow VSync-app on display(19260784713820289), count=1, avg=32 ms, max=32 ms.
06-29 22:57:36.778  1958  3906 I ProcessManager: Kill reason OneKeyClean from pid=25324
06-29 22:57:36.791  1958  3906 I ProcessManager: mLruProcesses size=46
06-29 22:57:36.793  1958  3906 I ProcessManager: OneKeyClean: kill com.BHG.sharechat Adj=700 State=16
06-29 22:57:36.798  1958  3906 I ActivityManager: Killing 22220:com.BHG.sharechat/u0a768 (adj 700): OneKeyClean
06-29 22:57:36.807  1958  3906 I ProcessManager: OneKeyClean: kill com.android.smspush Adj=100 State=7
06-29 22:57:36.808  1958  3906 I ActivityManager: Killing 23191:com.android.smspush/u0a155 (adj 100): OneKeyClean
06-29 22:57:36.814  1958  3906 I ProcessManager: OneKeyClean: kill com.miui.msa.global Adj=100 State=9
06-29 22:57:36.815  1958  3906 I ActivityManager: Killing 22679:com.miui.msa.global/u0a123 (adj 100): OneKeyClean
06-29 22:57:36.816   788   903 W EventThreadInspector: slow VSync-sf on display(19260784713820289), count=1, avg=32 ms,max=32 ms.
06-29 22:57:36.819  1958  3906 I ProcessManager: OneKeyClean: kill in.mohalla.sharechat Adj=815 State=20
06-29 22:57:36.820  1958  3906 I ActivityManager: Killing 22196:in.mohalla.sharechat/u0a763 (adj 815): OneKeyClean
06-29 22:57:36.823  1958  3906 I ProcessManager: OneKeyClean: kill com.android.vending:background Adj=825 State=20
06-29 22:57:36.824  1958  3906 I ActivityManager: Killing 22596:com.android.vending:background/u0a175 (adj 825): OneKeyClean
06-29 22:57:36.828  1958  3906 I ProcessManager: OneKeyClean: kill com.android.vending Adj=835 State=20
06-29 22:57:36.828  1958  3906 I ActivityManager: Killing 22350:com.android.vending/u0a175 (adj 835): OneKeyClean
06-29 22:57:36.831  1958  3906 I ProcessManager: OneKeyClean: kill com.google.process.gapps Adj=845 State=20
06-29 22:57:36.832  1958  3906 I ActivityManager: Killing 22522:com.google.process.gapps/u0a185 (adj 845): OneKeyClean
06-29 22:57:36.833  1958  3906 I ProcessManager: OneKeyClean: kill com.google.process.gservices Adj=855 State=20
06-29 22:57:36.834  1958  3906 I ActivityManager: Killing 22462:com.google.process.gservices/u0a185 (adj 855): OneKeyClean
06-29 22:57:36.836  1958  3906 I ProcessManager: OneKeyClean: kill com.qti.diagservices Adj=800 State=11
06-29 22:57:36.836  1958  3906 I ActivityManager: Killing 22173:com.qti.diagservices/1000 (adj 800): OneKeyClean
06-29 22:57:36.872  1958  2647 W ActivityManager: Scheduling restart of crashed service com.android.smspush/.WapPushManager in 123848ms
06-29 22:57:36.893  1958  1979 W ActivityManager: Scheduling restart of crashed service com.qti.diagservices/.QTIDiagServices in 39315ms
06-29 22:57:36.940  1958  5258 I WindowManager: WIN DEATH: Window{b77e186 u0 com.BHG.sharechat/com.BHG.sharechat.MainActivity}
06-29 22:57:36.943  1958  4806 I WindowManager: WIN DEATH: Window{5cf1a58 u0 com.BHG.sharechat/com.BHG.sharechat.PostDetailActivity}
06-29 22:57:36.961  1958  1996 W ActivityManager: setHasOverlayUi called on unknown pid: 22220
06-29 22:57:37.023  1958  1958 W ActivityManager: Exception when unbinding service com.miui.msa.global/com.miui.systemAdSolution.splashscreen.SplashScreenService
06-29 22:57:37.023  1958  1958 W ActivityManager: android.os.DeadObjectException
06-29 22:57:37.023  1958  1958 W ActivityManager:       at android.os.BinderProxy.transactNative(Native Method)
06-29 22:57:37.023  1958  1958 W ActivityManager:       at android.os.BinderProxy.transact(BinderProxy.java:511)
06-29 22:57:37.023  1958  1958 W ActivityManager:       at android.app.IApplicationThread$Stub$Proxy.scheduleUnbindService(IApplicationThread.java:1627)
06-29 22:57:37.023  1958  1958 W ActivityManager:       at com.android.server.am.ActiveServices.removeConnectionLocked(ActiveServices.java:3440)
06-29 22:57:37.023  1958  1958 W ActivityManager:       at com.android.server.am.ActiveServices.unbindServiceLocked(ActiveServices.java:2091)
06-29 22:57:37.023  1958  1958 W ActivityManager:       at com.android.server.am.ActivityManagerService.unbindService(ActivityManagerService.java:14480)
06-29 22:57:37.023  1958  1958 W ActivityManager:       at android.app.ContextImpl.unbindService(ContextImpl.java:1789)
06-29 22:57:37.023  1958  1958 W ActivityManager:       at com.miui.server.SplashScreenServiceDelegate$2.onServiceDisconnected(SplashScreenServiceDelegate.java:185)
06-29 22:57:37.023  1958  1958 W ActivityManager:       at android.app.LoadedApk$ServiceDispatcher.doDeath(LoadedApk.java:1977)
06-29 22:57:37.023  1958  1958 W ActivityManager:       at android.app.LoadedApk$ServiceDispatcher$RunConnection.run(LoadedApk.java:1992)
06-29 22:57:37.023  1958  1958 W ActivityManager:       at android.os.Handler.handleCallback(Handler.java:883)
06-29 22:57:37.023  1958  1958 W ActivityManager:       at android.os.Handler.dispatchMessage(Handler.java:100)
06-29 22:57:37.023  1958  1958 W ActivityManager:       at android.os.Looper.loop(Looper.java:224)
06-29 22:57:37.023  1958  1958 W ActivityManager:       at com.android.server.SystemServer.run(SystemServer.java:563)
06-29 22:57:37.023  1958  1958 W ActivityManager:       at com.android.server.SystemServer.main(SystemServer.java:367)
06-29 22:57:37.023  1958  1958 W ActivityManager:       at java.lang.reflect.Method.invoke(Native Method)
06-29 22:57:37.023  1958  1958 W ActivityManager:       at com.android.internal.os.RuntimeInit$MethodAndArgsCaller.run(RuntimeInit.java:539)
06-29 22:57:37.023  1958  1958 W ActivityManager:       at com.android.internal.os.ZygoteInit.main(ZygoteInit.java:928)
06-29 22:57:37.029  1958  2647 W ActivityManager: Scheduling restart of crashed service com.miui.msa.global/com.zeus.gmc.sdk.mobileads.msa.odi.service.OnDeviceIntelligenceService in 363396ms
06-29 22:57:37.035  1958  2348 W ActivityManager: Scheduling restart of crashed service com.android.vending/com.google.frameworks.client.data.android.server.play.BackgroundProcessEndpointService in 49173ms
06-29 22:57:37.052  1958  2140 I ProcessManager: remove no clear notification:StatusBarNotification(pkg=in.mohalla.sharechat user=UserHandle{0} id=1234 tag=null key=0|in.mohalla.sharechat|1234|null|10763: Notification(channel=channel_trending pri=0 contentView=in.mohalla.sharechat/0x7f0d03ed vibrate=null sound=null defaults=0x0 flags=0x12 color=0x00000000 vis=PRIVATE))
06-29 22:57:37.115  1958  1996 W WindowManager: setLauncherState= 1
06-29 22:57:37.437  1958  4692 E WindowManager: App trying to use insecure INPUT_FEATURE_NO_INPUT_CHANNEL flag. Ignoring
06-29 22:57:38.981 25324 25324 I Timeline: Timeline: Activity_launch_request time:32227707
06-29 22:57:38.986  1958  5236 I ActivityTaskManager: START u0 {act=android.intent.action.MAIN cat=[android.intent.category.LAUNCHER] flg=0x10200000 cmp=com.BHG.sharechat/.SplashActivity bnds=[73,760][249,936] (has extras)} from uid 10094
06-29 22:57:39.014 25324 25324 W ActivityThread: SCHED: com.miui.home/.launcher.Launcher [77, r=165ms, a=48ms, w=3057ms]
06-29 22:57:39.056  1958  2011 I ActivityManager: Start proc 23220:com.BHG.sharechat/u0a768 for activity {com.BHG.sharechat/com.BHG.sharechat.SplashActivity} caller=com.miui.home
06-29 22:57:39.082  1958  1997 I Timeline: Timeline: App_transition_ready time:32227808
06-29 22:57:39.242  1958  2647 E WindowManager: App trying to use insecure INPUT_FEATURE_NO_INPUT_CHANNEL flag. Ignoring
06-29 22:57:39.271  1958  1997 I Timeline: Timeline: App_transition_stopped time:32227997
06-29 22:57:39.291  1958  1997 I Timeline: Timeline: Activity_windows_visible id: ActivityRecord{ade0605 u0 com.BHG.sharechat/.SplashActivity t1139} time:32228016
06-29 22:57:39.435  1958  2647 W NotificationService: Toast already killed. pkg=com.miui.home callback=android.app.ITransientNotification$Stub$Proxy@5f48910
06-29 22:57:40.941  1958  1996 W WindowManager: Unable to start animation, surface is null or no children.
06-29 22:57:42.234 23220 23220 I Timeline: Timeline: Activity_launch_request time:32230960
06-29 22:57:42.237  1958  2647 I ActivityTaskManager: START u0 {cmp=com.BHG.sharechat/.AuthActivity} from uid 10768
06-29 22:57:42.263 23220 23220 W ActivityThread: SCHED: com.BHG.sharechat/.SplashActivity [83, r=30ms, a=6ms, w=3031ms]
06-29 22:57:42.268  1958  2647 I ActivityTaskManager: The Process com.BHG.sharechat Already Exists in BG. So sending its PID: 23220
06-29 22:57:42.272  1958  2647 I Timeline: Timeline: App_transition_ready time:32230998
06-29 22:57:42.416 23220 23220 I Timeline: Timeline: Activity_launch_request time:32231142
06-29 22:57:42.417  1958  4525 I ActivityTaskManager: START u0 {cmp=com.BHG.sharechat/.MainActivity} from uid 10768
06-29 22:57:42.434  1958  4525 I ActivityTaskManager: The Process com.BHG.sharechat Already Exists in BG. So sending its PID: 23220
06-29 22:57:42.439  1958  4525 I Timeline: Timeline: App_transition_ready time:32231164
06-29 22:57:42.531  1958  4415 E WindowManager: App trying to use insecure INPUT_FEATURE_NO_INPUT_CHANNEL flag. Ignoring
06-29 22:57:42.542  1958  4525 I Timeline: Timeline: App_transition_ready time:32231268
06-29 22:57:42.543  1958  4525 I Timeline: Timeline: App_transition_ready time:32231269
06-29 22:57:42.564  1958  1997 I Timeline: Timeline: App_transition_ready time:32231289
06-29 22:57:42.803  1958  1997 I Timeline: Timeline: Activity_windows_visible id: ActivityRecord{8cbb0e6 u0 com.BHG.sharechat/.MainActivity t1139} time:32231528
06-29 22:57:42.806  1958  1997 I Timeline: Timeline: App_transition_stopped time:32231532
06-29 22:57:46.259  1958  2011 I ActivityManager: Start proc 23314:com.qualcomm.qti.workloadclassifier/1000 for service{com.qualcomm.qti.workloadclassifier/com.qualcomm.qti.workloadclassifier.WLCService} caller=com.qualcomm.qti.workloadclassifier
06-29 22:57:47.024  1958  2011 I ActivityManager: Start proc 23340:com.miui.msa.global/u0a123 for service {com.miui.msa.global/com.miui.systemAdSolution.splashscreen.SplashScreenService} caller=android
06-29 22:57:49.202  1958  3132 W ActivityManager: Receiver with filter android.content.IntentFilter@a234160 already registered for pid 23340, callerPackage is com.miui.msa.global
06-29 22:57:49.214  1958  3132 W ActivityManager: Receiver with filter android.content.IntentFilter@1d3e0bf already registered for pid 23340, callerPackage is com.miui.msa.global
06-29 22:57:50.432  1958  1958 W WindowManager: removeWindowToken: Attempted to remove non-existing token: android.os.Binder@e50ca9b
06-29 22:57:54.180  3855  4377 W MiuiPerfServiceClient: interceptAndQueuing:23220|com.BHG.sharechat|450|303|unknown|null|com.BHG.sharechat/com.BHG.sharechat.MainActivity|32242446810563|Slow issue draw commands|4
06-29 22:57:55.983  1958  2011 I ActivityManager: Start proc 23826:com.google.android.apps.turbo/u0a184 for broadcast {com.google.android.apps.turbo/com.google.android.apps.turbo.nudges.broadcasts.BatteryStatusChangedReceiver} caller=android
06-29 22:57:56.176  1958  2011 I ActivityManager: Start proc 23847:com.google.process.gservices/u0a185 for content provider {com.google.android.gsf/com.google.android.gsf.gservices.GservicesProvider} caller=com.google.android.apps.turbo
06-29 22:57:56.258  1958  2011 I ActivityManager: Start proc 23866:com.qualcomm.telephony/u0a195 for service {com.qualcomm.atfwd/com.qualcomm.atfwd.AtFwdService} caller=com.qualcomm.atfwd
06-29 22:57:56.366 23826 23826 W BpBinder: Slow Binder: BpBinder transact took 234ms, interface=android.app.IActivityManager, code=20 oneway=false
06-29 22:58:00.783 23220 23220 I Timeline: Timeline: Activity_launch_request time:32249508
06-29 22:58:00.786  1958  2348 I ActivityTaskManager: START u0 {cmp=com.BHG.sharechat/.PostDetailActivity (has extras)}from uid 10768
06-29 22:58:00.808 23220 23220 W ActivityThread: SCHED: com.BHG.sharechat/.MainActivity [76, r=1246ms, a=381ms, w=18281ms]
06-29 22:58:00.814  1958  2348 I ActivityTaskManager: The Process com.BHG.sharechat Already Exists in BG. So sending its PID: 23220
06-29 22:58:00.820  1958  2348 I Timeline: Timeline: App_transition_ready time:32249546
06-29 22:58:00.872  1958  5258 E WindowManager: App trying to use insecure INPUT_FEATURE_NO_INPUT_CHANNEL flag. Ignoring
06-29 22:58:00.882  1958  5258 I Timeline: Timeline: App_transition_ready time:32249608
06-29 22:58:00.883  1958  5258 I Timeline: Timeline: App_transition_ready time:32249609
06-29 22:58:00.903  1958  1997 I Timeline: Timeline: App_transition_ready time:32249629
06-29 22:58:01.160  1958  1997 I Timeline: Timeline: Activity_windows_visible id: ActivityRecord{fefe0ee u0 com.BHG.sharechat/.PostDetailActivity t1139} time:32249886
06-29 22:58:01.167  1958  1997 I Timeline: Timeline: App_transition_stopped time:32249893
06-29 22:58:05.427 23220 23220 I Timeline: Timeline: Activity_launch_request time:32254152
06-29 22:58:05.430  1958  4415 I ActivityTaskManager: START u0 {cmp=com.BHG.sharechat/.UserProfileActivity (has extras)} from uid 10768
06-29 22:58:05.456 23220 23220 W ActivityThread: SCHED: com.BHG.sharechat/.PostDetailActivity [66, r=92ms, a=46ms, w=4588ms]
06-29 22:58:05.460  1958  4415 I ActivityTaskManager: The Process com.BHG.sharechat Already Exists in BG. So sending its PID: 23220
06-29 22:58:05.466  1958  4415 I Timeline: Timeline: App_transition_ready time:32254192
06-29 22:58:05.514  1958  2348 E WindowManager: App trying to use insecure INPUT_FEATURE_NO_INPUT_CHANNEL flag. Ignoring
06-29 22:58:05.533  1958  4415 I Timeline: Timeline: App_transition_ready time:32254258
06-29 22:58:05.534  1958  4415 I Timeline: Timeline: App_transition_ready time:32254259
06-29 22:58:05.554  1958  1997 I Timeline: Timeline: App_transition_ready time:32254279
06-29 22:58:05.811  1958  1997 I Timeline: Timeline: Activity_windows_visible id: ActivityRecord{332cf8b u0 com.BHG.sharechat/.UserProfileActivity t1139} time:32254537
06-29 22:58:05.816  1958  1997 I Timeline: Timeline: App_transition_stopped time:32254542
06-29 22:58:06.247  1958  2011 I ActivityManager: Start proc 23913:com.android.settings:remote/1000 for service {com.android.settings/com.android.settings.dangerousoptions.DangerousOptionsWarningService} caller=com.android.settings
06-29 22:58:06.993  1958  5258 W BaseMiuiPhoneWindowManager: keyCode:4 down:true eventTime:32255717 downTime:32255717 policyFlags:2b000002 flags:48 deviceId:-1 isScreenOn:true keyguardActive:false repeatCount:0
06-29 22:58:07.039  1958  5258 W BaseMiuiPhoneWindowManager: keyCode:4 down:false eventTime:32255764 downTime:32255717 policyFlags:2b000002 flags:48 deviceId:-1 isScreenOn:true keyguardActive:false repeatCount:0
06-29 22:58:07.050 23220 23220 W ActivityThread: SCHED: com.BHG.sharechat/.UserProfileActivity [75, r=51ms, a=17ms, w=1541ms]
06-29 22:58:07.060  1958  5258 I Timeline: Timeline: App_transition_ready time:32255786
06-29 22:58:07.079  1958  2647 I Timeline: Timeline: App_transition_ready time:32255804
06-29 22:58:07.100  1958  1997 I Timeline: Timeline: App_transition_ready time:32255826
06-29 22:58:07.343  1958  1997 I Timeline: Timeline: Activity_windows_visible id: ActivityRecord{fefe0ee u0 com.BHG.sharechat/.PostDetailActivity t1139} time:32256069
06-29 22:58:07.347  1958  1997 I Timeline: Timeline: App_transition_stopped time:32256073
06-29 22:58:07.383  1958  4525 W BaseMiuiPhoneWindowManager: keyCode:4 down:true eventTime:32256108 downTime:32256108 policyFlags:2b000002 flags:48 deviceId:-1 isScreenOn:true keyguardActive:false repeatCount:0
06-29 22:58:07.480  1958  4525 W BaseMiuiPhoneWindowManager: keyCode:4 down:false eventTime:32256206 downTime:32256108 policyFlags:2b000002 flags:48 deviceId:-1 isScreenOn:true keyguardActive:false repeatCount:0
06-29 22:58:07.489 23220 23220 W ActivityThread: SCHED: com.BHG.sharechat/.PostDetailActivity [64, r=32ms, a=18ms, w=424ms]
06-29 22:58:07.499  1958  2647 I Timeline: Timeline: App_transition_ready time:32256225
06-29 22:58:07.514  1958  2647 I Timeline: Timeline: App_transition_ready time:32256239
06-29 22:58:07.537  1958  1997 I Timeline: Timeline: App_transition_ready time:32256262
06-29 22:58:07.795  1958  1997 I Timeline: Timeline: Activity_windows_visible id: ActivityRecord{8cbb0e6 u0 com.BHG.sharechat/.MainActivity t1139} time:32256521
06-29 22:58:07.802  1958  1997 I Timeline: Timeline: App_transition_stopped time:32256528
06-29 22:58:08.198 23220 23220 I Timeline: Timeline: Activity_launch_request time:32256924
06-29 22:58:08.200  1958  5258 I ActivityTaskManager: START u0 {cmp=com.BHG.sharechat/.PostDetailActivity (has extras)}from uid 10768
06-29 22:58:08.219 23220 23220 W ActivityThread: SCHED: com.BHG.sharechat/.MainActivity [81, r=30ms, a=7ms, w=715ms]
06-29 22:58:08.222  1958  3132 I ActivityTaskManager: The Process com.BHG.sharechat Already Exists in BG. So sending its PID: 23220
06-29 22:58:08.233  1958  3132 I Timeline: Timeline: App_transition_ready time:32256959
06-29 22:58:08.280  1958  2348 E WindowManager: App trying to use insecure INPUT_FEATURE_NO_INPUT_CHANNEL flag. Ignoring
06-29 22:58:08.298  1958  5258 I Timeline: Timeline: App_transition_ready time:32257024
06-29 22:58:08.300  1958  5258 I Timeline: Timeline: App_transition_ready time:32257025
06-29 22:58:08.323  1958  1997 I Timeline: Timeline: App_transition_ready time:32257049
06-29 22:58:08.579  1958  1997 I Timeline: Timeline: Activity_windows_visible id: ActivityRecord{2112ad1 u0 com.BHG.sharechat/.PostDetailActivity t1139} time:32257304
06-29 22:58:08.585  1958  1997 I Timeline: Timeline: App_transition_stopped time:32257310
06-29 22:58:09.407 23220 23220 I Timeline: Timeline: Activity_launch_request time:32258133
06-29 22:58:09.409  1958  3132 I ActivityTaskManager: START u0 {cmp=com.BHG.sharechat/.UserProfileActivity (has extras)} from uid 10768
06-29 22:58:09.424 23220 23220 W ActivityThread: SCHED: com.BHG.sharechat/.PostDetailActivity [67, r=42ms, a=20ms, w=1147ms]
06-29 22:58:09.428  1958  4525 I ActivityTaskManager: The Process com.BHG.sharechat Already Exists in BG. So sending its PID: 23220
06-29 22:58:09.437  1958  4525 I Timeline: Timeline: App_transition_ready time:32258163
06-29 22:58:09.484  1958  5258 E WindowManager: App trying to use insecure INPUT_FEATURE_NO_INPUT_CHANNEL flag. Ignoring
06-29 22:58:09.501  1958  4525 I Timeline: Timeline: App_transition_ready time:32258226
06-29 22:58:09.502  1958  4525 I Timeline: Timeline: App_transition_ready time:32258228
06-29 22:58:09.524  1958  1997 I Timeline: Timeline: App_transition_ready time:32258250
06-29 22:58:09.779  1958  1997 I Timeline: Timeline: Activity_windows_visible id: ActivityRecord{aac4617 u0 com.BHG.sharechat/.UserProfileActivity t1139} time:32258505
06-29 22:58:09.784  1958  1997 I Timeline: Timeline: App_transition_stopped time:32258510
06-29 22:58:16.276  1958  2011 I ActivityManager: Start proc 23965:com.qti.diagservices/1000 for service {com.qti.diagservices/com.qti.diagservices.QTIDiagServices} caller=com.qti.diagservices
06-29 22:58:21.471  1958  2348 W BaseMiuiPhoneWindowManager: keyCode:4 down:true eventTime:32270195 downTime:32270195 policyFlags:2b000002 flags:48 deviceId:-1 isScreenOn:true keyguardActive:false repeatCount:0
06-29 22:58:21.548  1958  2348 W BaseMiuiPhoneWindowManager: keyCode:4 down:false eventTime:32270274 downTime:32270195 policyFlags:2b000002 flags:48 deviceId:-1 isScreenOn:true keyguardActive:false repeatCount:0
06-29 22:58:21.563 23220 23220 W ActivityThread: SCHED: com.BHG.sharechat/.UserProfileActivity [77, r=440ms, a=126ms, w=12085ms]
06-29 22:58:21.572  1958  2348 I Timeline: Timeline: App_transition_ready time:32270297
06-29 22:58:21.583  1958  2348 I Timeline: Timeline: App_transition_ready time:32270309
06-29 22:58:21.596  1958  1997 I Timeline: Timeline: App_transition_ready time:32270322
06-29 22:58:21.884  1958  1997 I Timeline: Timeline: Activity_windows_visible id: ActivityRecord{2112ad1 u0 com.BHG.sharechat/.PostDetailActivity t1139} time:32270610
06-29 22:58:21.891  1958  1997 I Timeline: Timeline: App_transition_stopped time:32270617
06-29 22:58:23.699 23220 23220 I Timeline: Timeline: Activity_launch_request time:32272425
06-29 22:58:23.702  1958  2348 I ActivityTaskManager: START u0 {cmp=com.BHG.sharechat/.UserProfileActivity (has extras)} from uid 10768
06-29 22:58:23.720 23220 23220 W ActivityThread: SCHED: com.BHG.sharechat/.PostDetailActivity [85, r=63ms, a=11ms, w=2146ms]
06-29 22:58:23.723  1958  4525 I ActivityTaskManager: The Process com.BHG.sharechat Already Exists in BG. So sending its PID: 23220
06-29 22:58:23.733  1958  4525 I Timeline: Timeline: App_transition_ready time:32272459
06-29 22:58:23.778  1958  4525 E WindowManager: App trying to use insecure INPUT_FEATURE_NO_INPUT_CHANNEL flag. Ignoring
06-29 22:58:23.793  1958  4525 I Timeline: Timeline: App_transition_ready time:32272519
06-29 22:58:23.796  1958  4525 I Timeline: Timeline: App_transition_ready time:32272522
06-29 22:58:23.815  1958  1997 I Timeline: Timeline: App_transition_ready time:32272541
06-29 22:58:24.070  1958  1997 I Timeline: Timeline: Activity_windows_visible id: ActivityRecord{cf3ef0b u0 com.BHG.sharechat/.UserProfileActivity t1139} time:32272796
06-29 22:58:24.076  1958  1997 I Timeline: Timeline: App_transition_stopped time:32272801
06-29 22:58:25.145  1958  4525 W BaseMiuiPhoneWindowManager: keyCode:4 down:true eventTime:32273868 downTime:32273868 policyFlags:2b000002 flags:48 deviceId:-1 isScreenOn:true keyguardActive:false repeatCount:0
06-29 22:58:25.214  1958  4525 W BaseMiuiPhoneWindowManager: keyCode:4 down:false eventTime:32273939 downTime:32273868 policyFlags:2b000002 flags:48 deviceId:-1 isScreenOn:true keyguardActive:false repeatCount:0
06-29 22:58:25.225 23220 23220 W ActivityThread: SCHED: com.BHG.sharechat/.UserProfileActivity [69, r=75ms, a=33ms, w=1453ms]
06-29 22:58:25.234  1958  2348 I Timeline: Timeline: App_transition_ready time:32273959
06-29 22:58:25.257  1958  2348 I Timeline: Timeline: App_transition_ready time:32273983
06-29 22:58:25.273  1958  1997 I Timeline: Timeline: App_transition_ready time:32273999
06-29 22:58:25.392  1958  5258 W BaseMiuiPhoneWindowManager: keyCode:4 down:true eventTime:32274116 downTime:32274116 policyFlags:2b000002 flags:48 deviceId:-1 isScreenOn:true keyguardActive:false repeatCount:0
06-29 22:58:25.484  1958  5258 W BaseMiuiPhoneWindowManager: keyCode:4 down:false eventTime:32274209 downTime:32274116 policyFlags:2b000002 flags:48 deviceId:-1 isScreenOn:true keyguardActive:false repeatCount:0
06-29 22:58:25.493 23220 23220 W ActivityThread: SCHED: com.BHG.sharechat/.PostDetailActivity [61, r=29ms, a=18ms, w=250ms]
06-29 22:58:25.500  1958  2348 I Timeline: Timeline: App_transition_ready time:32274226
06-29 22:58:25.504  1958  4525 I Timeline: Timeline: App_transition_ready time:32274230
06-29 22:58:25.520  1958  3132 I Timeline: Timeline: App_transition_ready time:32274245
06-29 22:58:25.535  1958  1997 I Timeline: Timeline: App_transition_ready time:32274260
06-29 22:58:25.547  1958  1997 I Timeline: Timeline: App_transition_ready time:32274273
06-29 22:58:25.817  1958  1997 I Timeline: Timeline: Activity_windows_visible id: ActivityRecord{8cbb0e6 u0 com.BHG.sharechat/.MainActivity t1139} time:32274542
06-29 22:58:25.821  1958  1997 I Timeline: Timeline: App_transition_stopped time:32274546
06-29 22:58:26.771  1958  3132 W BaseMiuiPhoneWindowManager: keyCode:3 down:true eventTime:32275493 downTime:32275493 policyFlags:2b000002 flags:48 deviceId:-1 isScreenOn:true keyguardActive:false repeatCount:0
06-29 22:58:26.814  1958  3132 W BaseMiuiPhoneWindowManager: keyCode:3 down:false eventTime:32275538 downTime:32275493 policyFlags:2b000002 flags:48 deviceId:-1 isScreenOn:true keyguardActive:false repeatCount:0
06-29 22:58:26.815 23220 23220 I Timeline: Timeline: Activity_launch_request time:32275541
06-29 22:58:26.819  1958  4525 I ActivityTaskManager: START u0 {cmp=com.BHG.sharechat/.PostDetailActivity (has extras)}from uid 10768
06-29 22:58:26.839  1958  2089 I ActivityTaskManager: START u0 {act=android.intent.action.MAIN cat=[android.intent.category.HOME] flg=0x10000100 cmp=com.miui.home/.launcher.Launcher (has extras)} from uid 0
06-29 22:58:26.856 23220 23220 W ActivityThread: SCHED: com.BHG.sharechat/.MainActivity [76, r=30ms, a=9ms, w=1344ms]
06-29 22:58:26.868  1958  5258 I Timeline: Timeline: App_transition_ready time:32275593
06-29 22:58:26.872  1958  1997 I Timeline: Timeline: App_transition_ready time:32275597
06-29 22:58:26.886  1958  5258 I Timeline: Timeline: App_transition_ready time:32275611
06-29 22:58:26.903  1958  1997 I Timeline: Timeline: App_transition_ready time:32275629
06-29 22:58:26.906  1958  4525 I Timeline: Timeline: App_transition_ready time:32275632
06-29 22:58:26.923  1958  1997 I Timeline: Timeline: App_transition_ready time:32275648
06-29 22:58:26.951  1958  1997 I Timeline: Timeline: App_transition_ready time:32275677
06-29 22:58:27.042  1958  4415 W BaseMiuiPhoneWindowManager: keyCode:82 down:true eventTime:32275766 downTime:32275766 policyFlags:2b000002 flags:48 deviceId:-1 isScreenOn:true keyguardActive:false repeatCount:0
06-29 22:58:27.077  1958  4415 W BaseMiuiPhoneWindowManager: keyCode:82 down:false eventTime:32275802 downTime:32275766policyFlags:2b000002 flags:48 deviceId:-1 isScreenOn:true keyguardActive:false repeatCount:0
06-29 22:58:27.089  1958  2348 I Timeline: Timeline: Activity_windows_visible id: ActivityRecord{ddb1799 u0 com.miui.home/.launcher.Launcher t1} time:32275814
06-29 22:58:27.093  1958  1997 I Timeline: Timeline: App_transition_stopped time:32275819
06-29 22:58:27.112  1958  1996 W WindowManager: setLauncherState= 2
06-29 22:58:27.552  1958  5258 I ProcessManager: Kill reason OneKeyClean from pid=25324
06-29 22:58:27.565  1958  5258 I ProcessManager: mLruProcesses size=45
06-29 22:58:27.566  1958  5258 I ProcessManager: OneKeyClean: kill com.BHG.sharechat Adj=805 State=20
06-29 22:58:27.567  1958  5258 I ActivityManager: Killing 23220:com.BHG.sharechat/u0a768 (adj 805): OneKeyClean
06-29 22:58:27.570  1958  5258 I ProcessManager: OneKeyClean: kill com.qti.diagservices Adj=500 State=11
06-29 22:58:27.571  1958  5258 I ActivityManager: Killing 23965:com.qti.diagservices/1000 (adj 500): OneKeyClean
06-29 22:58:27.572  1958  5258 I ProcessManager: OneKeyClean: kill com.android.settings:remote Adj=800 State=11
06-29 22:58:27.572  1958  5258 I ActivityManager: Killing 23913:com.android.settings:remote/1000 (adj 800): OneKeyClean
06-29 22:58:27.573  1958  5258 I ProcessManager: OneKeyClean: kill com.qualcomm.telephony Adj=800 State=11
06-29 22:58:27.573  1958  5258 I ActivityManager: Killing 23866:com.qualcomm.telephony/u0a195 (adj 800): OneKeyClean
06-29 22:58:27.575  1958  5258 I ProcessManager: OneKeyClean: kill com.google.process.gservices Adj=815 State=20
06-29 22:58:27.575  1958  5258 I ActivityManager: Killing 23847:com.google.process.gservices/u0a185 (adj 815): OneKeyClean
06-29 22:58:27.576  1958  5258 I ProcessManager: OneKeyClean: kill com.google.android.apps.turbo Adj=825 State=20
06-29 22:58:27.576  1958  5258 I ActivityManager: Killing 23826:com.google.android.apps.turbo/u0a184 (adj 825): OneKeyClean
06-29 22:58:27.577  1958  5258 I ProcessManager: OneKeyClean: kill com.miui.msa.global Adj=100 State=9
06-29 22:58:27.577  1958  5258 I ActivityManager: Killing 23340:com.miui.msa.global/u0a123 (adj 100): OneKeyClean
06-29 22:58:27.578  1958  5258 I ProcessManager: OneKeyClean: kill com.qualcomm.qti.workloadclassifier Adj=800 State=11
06-29 22:58:27.578  1958  5258 I ActivityManager: Killing 23314:com.qualcomm.qti.workloadclassifier/1000 (adj 800): OneKeyClean
06-29 22:58:27.636  1958  2348 W ActivityManager: Scheduling restart of crashed service com.qualcomm.atfwd/.AtFwdService in 203800ms
06-29 22:58:27.643  1958  3853 W ActivityManager: Scheduling restart of crashed service com.qti.diagservices/.QTIDiagServices in 157260ms
06-29 22:58:27.666  1958  5258 W ActivityManager: Scheduling restart of crashed service com.qualcomm.qti.workloadclassifier/.WLCService in 167236ms
06-29 22:58:27.693  1958  2351 W ActivityManager: Scheduling restart of crashed service com.android.settings/.dangerousoptions.DangerousOptionsWarningService in 243676ms
06-29 22:58:27.699  1958  5236 W ActivityManager: Scheduling restart of crashed service com.miui.msa.global/com.zeus.gmc.sdk.mobileads.msa.odi.service.OnDeviceIntelligenceService in 1453584ms
06-29 22:58:27.699  1958  5236 W ActivityManager: Scheduling restart of crashed service com.miui.msa.global/com.miui.systemAdSolution.splashscreen.SplashScreenService in 1000ms
06-29 22:58:27.767  1958  2351 I WindowManager: WIN DEATH: Window{1045640 u0 com.BHG.sharechat/com.BHG.sharechat.MainActivity}
06-29 22:58:27.784  1958  1996 W ActivityManager: setHasOverlayUi called on unknown pid: 23220
06-29 22:58:27.862  1958  1996 W WindowManager: setLauncherState= 1
