06-29 23:20:20.692  1958  2022 I PackageManager: Un-granting permission android.permission.WRITE_APN_SETTINGS from package com.android.mms (protectionLevel=18 flags=0x38c9bee5)
06-29 23:20:20.692  1958  2022 I PackageManager: Un-granting permission miui.permission.JOYOSE from package com.android.mms (protectionLevel=2 flags=0x38c9bee5)
06-29 23:20:20.692  1958  2022 I PackageManager: Un-granting permission com.miui.systemAdSolution.LOCAL_AD_PROVIDER from package com.android.mms (protectionLevel=2 flags=0x38c9bee5)
06-29 23:20:20.692  1958  2022 I PackageManager: Un-granting permission com.android.settings.permission.CLOUD_SETTINGS_PROVIDER from package com.android.mms (protectionLevel=18 flags=0x38c9bee5)
06-29 23:20:20.692  1958  2022 I PackageManager: Un-granting permission android.permission.ACCESS_DOWNLOAD_MANAGER frompackage com.microsoft.rdc.android (protectionLevel=18 flags=0x3098be44)
06-29 23:20:20.693  1958  2022 I PackageManager: Un-granting permission android.permission.REQUEST_INSTALL_PACKAGES from package com.apk.editor (protectionLevel=66 flags=0x20c8be44)
06-29 23:20:20.694  1958  2022 I PackageManager: Un-granting permission android.permission.REQUEST_INSTALL_PACKAGES from package com.google.android.gm (protectionLevel=66 flags=0x28dbbec5)
06-29 23:20:20.694  1958  2022 I PackageManager: Un-granting permission com.google.android.providers.gsf.permission.WRITE_GSERVICES from package com.google.android.apps.playconsole (protectionLevel=2 flags=0x2088be44)
06-29 23:20:20.695  1958  2022 I PackageManager: Un-granting permission android.permission.WRITE_SECURE_SETTINGS from package com.android.printspooler (protectionLevel=50 flags=0x38c8be45)
06-29 23:20:20.696  1958  2022 I PackageManager: Un-granting permission android.permission.CHANGE_CONFIGURATION from package com.duokan.phone.remotecontroller (protectionLevel=50 flags=0x20983e44)
06-29 23:20:20.696  1958  2022 I PackageManager: Un-granting permission android.permission.CAPTURE_AUDIO_OUTPUT from package com.duokan.phone.remotecontroller (protectionLevel=18 flags=0x20983e44)
06-29 23:20:20.696  1958  2022 I PackageManager: Un-granting permission com.xiaomi.permission.CLOUD_MANAGER from package com.duokan.phone.remotecontroller (protectionLevel=18 flags=0x20983e44)
06-29 23:20:20.696  1958  2022 I PackageManager: Un-granting permission com.android.launcher.permission.READ_SETTINGS from package com.duokan.phone.remotecontroller (protectionLevel=18 flags=0x20983e44)
06-29 23:20:20.696  1958  2022 I PackageManager: Un-granting permission android.permission.WRITE_SETTINGS from package com.duokan.phone.remotecontroller (protectionLevel=1218 flags=0x20983e44)
06-29 23:20:20.696  1958  2022 I PackageManager: Un-granting permission com.miui.securitycenter.permission.SYSTEM_PERMISSION_DECLARE from package com.duokan.phone.remotecontroller (protectionLevel=18 flags=0x20983e44)
06-29 23:20:20.696  1958  2022 I PackageManager: Un-granting permission android.permission.MOUNT_UNMOUNT_FILESYSTEMS from package com.duokan.phone.remotecontroller (protectionLevel=18 flags=0x20983e44)
06-29 23:20:20.697  1958  2022 I PackageManager: Un-granting permission android.permission.REAL_GET_TASKS from package com.google.android.apps.wellbeing (protectionLevel=18 flags=0x20cbbec5)
06-29 23:20:20.697  1958  2022 I PackageManager: Un-granting permission android.permission.START_TASKS_FROM_RECENTS from package com.google.android.apps.wellbeing (protectionLevel=18 flags=0x20cbbec5)
06-29 23:20:20.697  1958  2022 I PackageManager: Un-granting permission android.permission.MODIFY_DAY_NIGHT_MODE from package com.google.android.apps.wellbeing (protectionLevel=18 flags=0x20cbbec5)
06-29 23:20:20.697  1958  2022 I PackageManager: Un-granting permission android.permission.REQUEST_INSTALL_PACKAGES from package com.google.android.apps.docs (protectionLevel=66 flags=0x28cbbe44)
06-29 23:20:20.698  1958  2022 I PackageManager: Un-granting permission android.permission.SYSTEM_ALERT_WINDOW from package com.frontrow.vlog (protectionLevel=1250 flags=0x38983c44)
06-29 23:20:20.698  1958  2022 I PackageManager: Un-granting permission android.permission.ACCESS_MTP from package com.miui.cloudbackup (protectionLevel=18 flags=0x20d83ec5)
06-29 23:20:20.698  1958  2022 I PackageManager: Un-granting permission android.permission.SYSTEM_ALERT_WINDOW from package com.opera.browser (protectionLevel=1250 flags=0xa4c9be44)
06-29 23:20:20.698  1958  2022 I PackageManager: Un-granting permission android.permission.REQUEST_INSTALL_PACKAGES from package com.opera.browser (protectionLevel=66 flags=0xa4c9be44)
06-29 23:20:20.699  1958  2022 I PackageManager: Un-granting permission android.permission.INTERACT_ACROSS_USERS from package com.google.android.syncadapters.contacts (protectionLevel=50 flags=0x20883e45)
06-29 23:20:20.699  1958  2022 I PackageManager: Un-granting permission android.permission.REQUEST_INSTALL_PACKAGES from package com.android.chrome (protectionLevel=66 flags=0xa0cbbec5)
06-29 23:20:20.699  1958  2022 I PackageManager: Un-granting permission android.permission.SYSTEM_ALERT_WINDOW from package com.teamsmart.videomanager.tv (protectionLevel=1250 flags=0x38d83e44)
06-29 23:20:20.699  1958  2022 I PackageManager: Un-granting permission android.permission.READ_PRIVILEGED_PHONE_STATE from package com.teamsmart.videomanager.tv (protectionLevel=18 flags=0x38d83e44)
06-29 23:20:20.700  1958  2022 I PackageManager: Un-granting permission android.permission.REQUEST_INSTALL_PACKAGES from package com.teamsmart.videomanager.tv (protectionLevel=66 flags=0x38d83e44)
06-29 23:20:20.700  1958  2022 I PackageManager: Un-granting permission android.permission.WRITE_EMBEDDED_SUBSCRIPTIONSfrom package com.google.android.gms (protectionLevel=50 flags=0xa0cabec5)
06-29 23:20:20.700  1958  2022 I PackageManager: Un-granting permission android.permission.CAPTURE_VIDEO_OUTPUT from package com.google.android.gms (protectionLevel=2 flags=0xa0cabec5)
06-29 23:20:20.700  1958  2022 I PackageManager: Un-granting permission android.permission.FORCE_STOP_PACKAGES from package com.google.android.gms (protectionLevel=18 flags=0xa0cabec5)
06-29 23:20:20.700  1958  2022 I PackageManager: Un-granting permission android.permission.MODIFY_DEFAULT_AUDIO_EFFECTSfrom package com.google.android.gms (protectionLevel=18 flags=0xa0cabec5)
06-29 23:20:20.700  1958  2022 I PackageManager: Un-granting permission android.permission.MANAGE_DEVICE_ADMINS from package com.google.android.gms (protectionLevel=2 flags=0xa0cabec5)
06-29 23:20:20.700  1958  2022 I PackageManager: Un-granting permission android.permission.MANAGE_ACTIVITY_STACKS from package com.google.android.gms (protectionLevel=2 flags=0xa0cabec5)
06-29 23:20:20.700  1958  2022 I PackageManager: Un-granting permission android.permission.CAPTURE_SECURE_VIDEO_OUTPUT from package com.google.android.gms (protectionLevel=2 flags=0xa0cabec5)
06-29 23:20:20.701  1958  2022 I PackageManager: Un-granting permission android.permission.MANAGE_ROLLBACKS from package com.google.android.gms (protectionLevel=514 flags=0xa0cabec5)
06-29 23:20:20.701  1958  2022 I PackageManager: Un-granting permission android.permission.MEDIA_CONTENT_CONTROL from package com.google.android.gms (protectionLevel=18 flags=0xa0cabec5)
06-29 23:20:20.701  1958  2022 I PackageManager: Un-granting permission android.permission.HIDE_NON_SYSTEM_OVERLAY_WINDOWS from package com.google.android.gms (protectionLevel=258 flags=0xa0cabec5)
06-29 23:20:20.701  1958  2022 I PackageManager: Un-granting permission android.permission.UPDATE_APP_OPS_STATS from package com.google.android.tts (protectionLevel=274 flags=0x34cbbec5)
06-29 23:20:20.701  1958  2022 I PackageManager: Un-granting permission android.permission.START_ACTIVITIES_FROM_BACKGROUND from package com.google.android.tts (protectionLevel=49682 flags=0x34cbbec5)
06-29 23:20:20.701  1958  2022 I PackageManager: Un-granting permission android.permission.CHANGE_DEVICE_IDLE_TEMP_WHITELIST from package app.revanced.android.gms (protectionLevel=18 flags=0xb088be44)
06-29 23:20:20.701  1958  2022 I PackageManager: Un-granting permission android.permission.UPDATE_APP_OPS_STATS from package app.revanced.android.gms (protectionLevel=274 flags=0xb088be44)
06-29 23:20:20.701  1958  2022 I PackageManager: Un-granting permission android.permission.LOCATION_HARDWARE from package app.revanced.android.gms (protectionLevel=18 flags=0xb088be44)
06-29 23:20:20.701  1958  2022 I PackageManager: Un-granting permission android.permission.INSTALL_LOCATION_PROVIDER from package app.revanced.android.gms (protectionLevel=18 flags=0xb088be44)
06-29 23:20:20.701  1958  2022 I PackageManager: Un-granting permission android.permission.NETWORK_SCAN from package app.revanced.android.gms (protectionLevel=18 flags=0xb088be44)
06-29 23:20:20.701  1958  2022 I PackageManager: Un-granting permission android.permission.MODIFY_PHONE_STATE from package app.revanced.android.gms (protectionLevel=18 flags=0xb088be44)
06-29 23:20:20.701  1958  2022 I PackageManager: Un-granting permission android.permission.SYSTEM_ALERT_WINDOW from package app.revanced.android.gms (protectionLevel=1250 flags=0xb088be44)
06-29 23:20:20.701  1958  2022 I PackageManager: Un-granting permission android.permission.MANAGE_USB from package app.revanced.android.gms (protectionLevel=18 flags=0xb088be44)
06-29 23:20:20.701  1958  2022 I PackageManager: Un-granting permission android.permission.START_ACTIVITIES_FROM_BACKGROUND from package app.revanced.android.gms (protectionLevel=49682 flags=0xb088be44)
06-29 23:20:20.702  1958  2022 I PackageManager: Un-granting permission android.permission.UPDATE_DEVICE_STATS from package app.revanced.android.gms (protectionLevel=18 flags=0xb088be44)
06-29 23:20:20.702  1958  2022 I PackageManager: Un-granting permission android.permission.WATCH_APPOPS from package app.revanced.android.gms (protectionLevel=18 flags=0xb088be44)
06-29 23:20:20.703  1958  2022 I PackageManager: Un-granting permission android.permission.SYSTEM_ALERT_WINDOW from package com.gmail.heagoo.apkeditor.pro (protectionLevel=1250 flags=0x3898be44)
06-29 23:20:20.703  1958  2022 I PackageManager: Un-granting permission android.permission.PACKAGE_USAGE_STATS from package com.gmail.heagoo.apkeditor.pro (protectionLevel=114 flags=0x3898be44)
06-29 23:20:20.703  1958  2022 I PackageManager: Un-granting permission android.permission.REQUEST_INSTALL_PACKAGES from package com.gmail.heagoo.apkeditor.pro (protectionLevel=66 flags=0x3898be44)
06-29 23:20:20.704  1958  2022 I PackageManager: Un-granting permission android.permission.WRITE_SETTINGS from package com.jio.myjio (protectionLevel=1218 flags=0x38d83e44)
06-29 23:20:20.704  1958  2022 I PackageManager: Un-granting permission android.permission.INTERACT_ACROSS_USERS from package com.jio.myjio (protectionLevel=50 flags=0x38d83e44)
06-29 23:20:20.704  1958  2022 I PackageManager: Un-granting permission android.permission.READ_PRIVILEGED_PHONE_STATE from package com.jio.myjio (protectionLevel=18 flags=0x38d83e44)
06-29 23:20:20.704  1958  2022 I PackageManager: Un-granting permission android.permission.CAPTURE_VIDEO_OUTPUT from package com.jio.myjio (protectionLevel=2 flags=0x38d83e44)
06-29 23:20:20.704  1958  2022 I PackageManager: Un-granting permission android.permission.BROADCAST_SMS from package com.jio.myjio (protectionLevel=2 flags=0x38d83e44)
06-29 23:20:20.705  1958  2022 I PackageManager: Un-granting permission android.permission.SYSTEM_ALERT_WINDOW from package com.google.android.apps.photos (protectionLevel=1250 flags=0x38dbbe44)
06-29 23:20:20.705  1958  2022 I PackageManager: Un-granting permission android.permission.WRITE_SETTINGS from package com.google.android.apps.photos (protectionLevel=1218 flags=0x38dbbe44)
06-29 23:20:20.705  1958  2022 I PackageManager: Un-granting permission android.permission.WRITE_MEDIA_STORAGE from package com.google.android.apps.photos (protectionLevel=18 flags=0x38dbbe44)
06-29 23:20:20.706  1958  2022 I PackageManager: Un-granting permission android.permission.SYSTEM_ALERT_WINDOW from package com.wondershare.filmorago (protectionLevel=1250 flags=0x38d83e44)
06-29 23:20:20.706  1958  2022 I PackageManager: Un-granting permission com.android.launcher.permission.READ_SETTINGS from package com.wondershare.filmorago (protectionLevel=18 flags=0x38d83e44)
06-29 23:20:20.706  1958  2022 I PackageManager: Un-granting permission com.android.launcher.permission.WRITE_SETTINGS from package com.wondershare.filmorago (protectionLevel=18 flags=0x38d83e44)
06-29 23:20:20.706  1958  2022 I PackageManager: Un-granting permission android.permission.SYSTEM_ALERT_WINDOW from package com.dv.adm (protectionLevel=1250 flags=0x2888be44)
06-29 23:20:20.706  1958  2022 I PackageManager: Un-granting permission android.permission.WRITE_SETTINGS from package com.valvesoftware.android.steam.community (protectionLevel=1218 flags=0x20883e44)
06-29 23:20:20.707  1958  2022 I PackageManager: Un-granting permission android.permission.REQUEST_INSTALL_PACKAGES from package com.yablio.sendfilestotv (protectionLevel=66 flags=0x30c8be44)
06-29 23:20:20.707  1958  2022 I PackageManager: Un-granting permission android.permission.REQUEST_INSTALL_PACKAGES from package org.mozilla.firefox (protectionLevel=66 flags=0x38c83e44)
06-29 23:20:20.707  1958  2022 I PackageManager: Un-granting permission android.permission.SYSTEM_ALERT_WINDOW from package com.google.android.apps.translate (protectionLevel=1250 flags=0x34c9be44)
06-29 23:20:20.709  1958  2022 I PackageManager: Un-granting permission miui.permission.EXTRA_NETWORK from package com.miui.weather2 (protectionLevel=18 flags=0x30c9bec5)
06-29 23:20:20.709  1958  2022 I PackageManager: Un-granting permission com.miui.securitycenter.permission.SYSTEM_PERMISSION_DECLARE from package com.miui.weather2 (protectionLevel=18 flags=0x30c9bec5)
06-29 23:20:20.709  1958  2022 I PackageManager: Un-granting permission com.miui.bugreport.permission.DUMP_CACHED_LOG from package com.miui.weather2 (protectionLevel=2 flags=0x30c9bec5)
06-29 23:20:20.709  1958  2022 I PackageManager: Un-granting permission com.google.android.finsky.permission.GEARHEAD_SERVICE from package com.google.android.projection.gearhead (protectionLevel=18 flags=0x2888bec5)
06-29 23:20:20.709  1958  2022 I PackageManager: Un-granting permission android.permission.CHANGE_COMPONENT_ENABLED_STATE from package com.google.android.projection.gearhead (protectionLevel=18 flags=0x2888bec5)
06-29 23:20:20.709  1958  2022 I PackageManager: Un-granting permission android.permission.UPDATE_APP_OPS_STATS from package com.google.android.projection.gearhead (protectionLevel=274 flags=0x2888bec5)
06-29 23:20:20.710  1958  2022 I PackageManager: Un-granting permission android.permission.POWER_SAVER from package com.google.android.projection.gearhead (protectionLevel=18 flags=0x2888bec5)
06-29 23:20:20.710  1958  2022 I PackageManager: Un-granting permission android.permission.TETHER_PRIVILEGED from package com.google.android.projection.gearhead (protectionLevel=18 flags=0x2888bec5)
06-29 23:20:20.710  1958  2022 I PackageManager: Un-granting permission android.permission.INTERACT_ACROSS_PROFILES from package com.google.android.projection.gearhead (protectionLevel=18 flags=0x2888bec5)
06-29 23:20:20.710  1958  2022 I PackageManager: Un-granting permission android.permission.CAPTURE_SECURE_VIDEO_OUTPUT from package com.google.android.projection.gearhead (protectionLevel=2 flags=0x2888bec5)
06-29 23:20:20.710  1958  2022 I PackageManager: Un-granting permission android.permission.MANAGE_DOCUMENTS from package cn.xender (protectionLevel=262146 flags=0x30d83e44)
06-29 23:20:20.710  1958  2022 I PackageManager: Un-granting permission android.permission.MOUNT_UNMOUNT_FILESYSTEMS from package cn.xender (protectionLevel=18 flags=0x30d83e44)
06-29 23:20:20.710  1958  2022 I PackageManager: Un-granting permission android.permission.NETWORK_STACK from package cn.xender (protectionLevel=2 flags=0x30d83e44)
06-29 23:20:20.710  1958  2022 I PackageManager: Un-granting permission android.permission.SYSTEM_ALERT_WINDOW from package cn.xender (protectionLevel=1250 flags=0x30d83e44)
06-29 23:20:20.710  1958  2022 I PackageManager: Un-granting permission android.permission.WRITE_SETTINGS from package cn.xender (protectionLevel=1218 flags=0x30d83e44)
06-29 23:20:20.710  1958  2022 I PackageManager: Un-granting permission android.permission.CHANGE_CONFIGURATION from package cn.xender (protectionLevel=50 flags=0x30d83e44)
06-29 23:20:20.710  1958  2022 I PackageManager: Un-granting permission android.permission.REQUEST_INSTALL_PACKAGES from package cn.xender (protectionLevel=66 flags=0x30d83e44)
06-29 23:20:20.710  1958  2022 I PackageManager: Un-granting permission com.android.launcher.permission.READ_SETTINGS from package cn.xender (protectionLevel=18 flags=0x30d83e44)
06-29 23:20:20.710  1958  2022 I PackageManager: Un-granting permission com.android.launcher.permission.WRITE_SETTINGS from package cn.xender (protectionLevel=18 flags=0x30d83e44)
06-29 23:20:20.710  1958  2022 I PackageManager: Un-granting permission com.google.android.googleapps.permission.GOOGLE_AUTH.mail from package com.xiaomi.calendar (protectionLevel=2 flags=0x38c9bec5)
06-29 23:20:20.713  1958  2022 I PackageManager: Un-granting permission android.permission.SYSTEM_ALERT_WINDOW from package com.iprototypes.volume (protectionLevel=1250 flags=0x3088be44)
06-29 23:20:20.713  1958  2022 I PackageManager: Un-granting permission android.permission.REQUEST_INSTALL_PACKAGES from package com.wondershare.drfone.link (protectionLevel=66 flags=0x30c8be44)
06-29 23:20:20.713  1958  2022 I PackageManager: Un-granting permission android.permission.ACCESS_MOCK_LOCATION from package com.wondershare.drfone.link (protectionLevel=2 flags=0x30c8be44)
06-29 23:20:20.713  1958  2022 I PackageManager: Un-granting permission android.permission.WRITE_SETTINGS from package com.wondershare.drfone.link (protectionLevel=1218 flags=0x30c8be44)
06-29 23:20:20.713  1958  2022 I PackageManager: Un-granting permission android.permission.DEVICE_POWER from package com.wondershare.drfone.link (protectionLevel=2 flags=0x30c8be44)
06-29 23:20:20.713  1958  2022 I PackageManager: Un-granting permission android.permission.MOUNT_UNMOUNT_FILESYSTEMS from package com.wondershare.drfone.link (protectionLevel=18 flags=0x30c8be44)
06-29 23:20:20.714  1958  2022 I PackageManager: Un-granting permission android.permission.INSTALL_PACKAGES from package com.wondershare.drfone.link (protectionLevel=18 flags=0x30c8be44)
06-29 23:20:20.714  1958  2022 I PackageManager: Un-granting permission android.permission.DELETE_PACKAGES from packagecom.wondershare.drfone.link (protectionLevel=18 flags=0x30c8be44)
06-29 23:20:20.714  1958  2022 I PackageManager: Un-granting permission android.permission.CLEAR_APP_CACHE from packagecom.wondershare.drfone.link (protectionLevel=18 flags=0x30c8be44)
06-29 23:20:20.714  1958  2022 I PackageManager: Un-granting permission com.android.launcher.permission.READ_SETTINGS from package com.wondershare.drfone.link (protectionLevel=18 flags=0x30c8be44)
06-29 23:20:20.714  1958  2022 I PackageManager: Un-granting permission android.permission.UPDATE_DEVICE_STATS from package com.wondershare.drfone.link (protectionLevel=18 flags=0x30c8be44)
06-29 23:20:20.714  1958  2022 I PackageManager: Un-granting permission android.permission.MODIFY_PHONE_STATE from package com.wondershare.drfone.link (protectionLevel=18 flags=0x30c8be44)
06-29 23:20:20.715  1958  2022 I PackageManager: Un-granting permission android.permission.SYSTEM_ALERT_WINDOW from package info.kfsoft.force.rotation (protectionLevel=1250 flags=0x20883e44)
06-29 23:20:20.715  1958  2022 I PackageManager: Un-granting permission android.permission.PACKAGE_USAGE_STATS from package info.kfsoft.force.rotation (protectionLevel=114 flags=0x20883e44)
06-29 23:20:20.716  1958  2022 I PackageManager: Un-granting permission com.xiaomi.permission.CLOUD_MANAGER from package com.mipay.wallet.in (protectionLevel=18 flags=0x38c83e45)
06-29 23:20:20.716  1958  2022 I PackageManager: Un-granting permission android.permission.REQUEST_INSTALL_PACKAGES from package com.mipay.wallet.in (protectionLevel=66 flags=0x38c83e45)
06-29 23:20:20.717  1958  2022 I PackageManager: Un-granting permission android.permission.READ_PRIVILEGED_PHONE_STATE from package com.miui.core (protectionLevel=18 flags=0x28883e05)
06-29 23:20:20.717  1958  2022 I PackageManager: Un-granting permission android.permission.INTERACT_ACROSS_PROFILES from package com.google.android.inputmethod.latin (protectionLevel=18 flags=0x20cabec5)
06-29 23:20:20.729 27775 27775 W ActivityThread: SCHED: com.android.settings/.Settings$UsbDetailsActivity [56, r=13ms, a=10ms, w=425ms]
06-29 23:20:20.856  1958  2022 W FileUtils: Slow Operation: fsync took 103ms
06-29 23:20:20.929  1958  1996 W ActivityManager: setHasOverlayUi called on unknown pid: 26563
06-29 23:20:20.929  5140  5301 W BpBinder: Slow Binder: BpBinder transact took 474ms, interface=android.content.pm.IPackageManager, code=37 oneway=false
06-29 23:20:20.930 25324 25599 W BpBinder: Slow Binder: BpBinder transact took 436ms, interface=android.app.IActivityManager, code=12 oneway=false
06-29 23:20:20.931 25324 25393 W BpBinder: Slow Binder: BpBinder transact took 436ms, interface=android.app.IActivityManager, code=10 oneway=false
06-29 23:20:20.934  1958  2646 I Timeline: Timeline: App_transition_ready time:32796121
06-29 23:20:20.935 27775 27775 W BpBinder: Slow Binder: BpBinder transact took 205ms, interface=android.app.IActivityTaskManager, code=20 oneway=false
06-29 23:20:20.936 27775 27804 W BpBinder: Slow Binder: BpBinder transact took 201ms, interface=android.content.pm.IPackageManager, code=13 oneway=false
06-29 23:20:20.938  1958  1997 I Timeline: Timeline: App_transition_ready time:32796126
06-29 23:20:20.939  1958  2647 W ActivityTaskManager: Finishing task with all activities already finished
06-29 23:20:20.939  1958  2647 W ActivityTaskManager: Duplicate finish request for ActivityRecord{10a8f07 u0 com.android.settings/.Settings$UsbDetailsActivity t1142 f}
06-29 23:20:20.946   780 27514 W BpBinder: Slow Binder: BpBinder transact took 459ms, interface=android.app.IActivityManager, code=4 oneway=false
06-29 23:20:20.949 25324 25324 W BpBinder: Slow Binder: BpBinder transact took 438ms, interface=android.app.IActivityManager, code=27 oneway=false
06-29 23:20:20.950 25324 25324 W Activity: Slow Operation: Activity com.miui.home/.launcher.Launcher onStart took 456ms
06-29 23:20:20.953  1958  1997 I Timeline: Timeline: App_transition_ready time:32796140
06-29 23:20:20.959  1958  5256 I Timeline: Timeline: App_transition_ready time:32796146
06-29 23:20:20.966  1958  1997 I Timeline: Timeline: App_transition_ready time:32796153
06-29 23:20:20.994 25324 25324 W Looper  : Slow Looper main: doFrame is 454ms late because of 2 msg, msg 1 took 459ms (seq=62077 running=2ms runnable=1ms io=16ms late=19ms h=android.app.ActivityThread$H w=159)
06-29 23:20:21.014  1958  1997 I Timeline: Timeline: App_transition_ready time:32796201
06-29 23:20:21.019  1958  1997 I Timeline: Timeline: Activity_windows_visible id: ActivityRecord{ddb1799 u0 com.miui.home/.launcher.Launcher t1} time:32796206
06-29 23:20:21.050  1958  1997 I Timeline: Timeline: App_transition_stopped time:32796237
06-29 23:20:23.610  1958  3681 W FileUtils: Slow Operation: fsync took 134ms
06-29 23:20:27.484  1958  2022 W BpBinder: Slow Binder: BpBinder transact took 6524ms, interface=android.os.IInstalld, code=14 oneway=false
06-29 23:20:27.486  1958  2022 W Looper  : Slow Looper PackageManager: Long Msg: seq=850 plan=23:20:20.444  late=1ms wall=7041ms running=186ms runnable=17ms io=275ms h=com.android.server.pm.PackageManagerService$PackageHandler c=com.android.server.pm.-$$Lambda$PackageManagerService$6_Yp7BSB4TgtrWSoFlODKgHIvZY
06-29 23:20:27.487  1958  2022 I InstallationStatistic: com.BHG.sharechat|null|8872|497|43|1226|0|6541
06-29 23:20:27.487  1958  2022 W PackageManager: Cannot whitelist unknown permission: android.permission.ACCESS_ADSERVICES_ATTRIBUTION
06-29 23:20:27.487  1958  2022 W PackageManager: Cannot whitelist unknown permission: android.permission.ACCESS_ADSERVICES_AD_ID
06-29 23:20:27.504  1958  2022 I ActivityManager: Force stopping com.BHG.sharechat appid=10768 user=0: pkg removed
06-29 23:20:27.505  1958  2022 I AutoStartManagerService: MIUILOG- Reject RestartService packageName :com.BHG.sharechatuid : 10768
06-29 23:20:27.507 27887 27894 W BpBinder: Slow Binder: BpBinder transact took 9478ms, interface=android.content.pm.IPackageManager, code=1598246212 oneway=false
06-29 23:20:27.521  1958  2010 W BroadcastQueue: Background execution not allowed: receiving Intent { act=android.intent.action.PACKAGE_REMOVED dat=package:com.BHG.sharechat flg=0x4000010 (has extras) } to com.lbe.security.miui/com.lbe.security.service.BootReceiver
06-29 23:20:27.521  1958  2010 W BroadcastQueue: Background execution not allowed: receiving Intent { act=android.intent.action.PACKAGE_REMOVED dat=package:com.BHG.sharechat flg=0x4000010 (has extras) } to com.android.settings/.search.provider.UpdateReceiver
06-29 23:20:27.522  1958  2010 W BroadcastQueue: Background execution not allowed: receiving Intent { act=android.intent.action.PACKAGE_REMOVED dat=package:com.BHG.sharechat flg=0x4000010 (has extras) } to com.android.vending/com.google.android.finsky.packagemonitor.impl.PackageMonitorReceiverImpl$RegisteredReceiver
06-29 23:20:27.522  1958  2010 W BroadcastQueue: Background execution not allowed: receiving Intent { act=android.intent.action.PACKAGE_REMOVED dat=package:com.BHG.sharechat flg=0x4000010 (has extras) } to com.android.vending/com.google.android.finsky.packagemonitor.backgroundimpl.BackgroundPackageMonitorReceiverImpl$RegisteredReceiver
06-29 23:20:27.536  1958  2010 W BroadcastQueue: Background execution not allowed: receiving Intent { act=android.intent.action.PACKAGE_REMOVED dat=package:com.BHG.sharechat flg=0x4000010 (has extras) } to com.android.vending/com.google.android.finsky.instantapps.appmanagement.InstantAppRemoveMonitor
06-29 23:20:27.536  1958  2010 W BroadcastQueue: Background execution not allowed: receiving Intent { act=android.intent.action.PACKAGE_REMOVED dat=package:com.BHG.sharechat flg=0x4000010 (has extras) } to com.google.android.apps.maps/com.google.android.libraries.social.peoplekit.thirdparty.viewcontrollers.ThirdPartyReceiver
06-29 23:20:27.549  1958  2010 W BroadcastQueue: Background execution not allowed: receiving Intent { act=android.intent.action.PACKAGE_REMOVED dat=package:com.BHG.sharechat flg=0x4000010 (has extras) } to com.google.android.gms/.chimera.GmsIntentOperationService$PersistentTrustedReceiver
06-29 23:20:27.549  1958  2010 W BroadcastQueue: Background execution not allowed: receiving Intent { act=android.intent.action.PACKAGE_REMOVED dat=package:com.BHG.sharechat flg=0x4000010 (has extras) } to com.google.android.gms/.games.chimera.GamesSystemBroadcastReceiverProxy
06-29 23:20:27.550  1958  2010 W BroadcastQueue: Background execution not allowed: receiving Intent { act=android.intent.action.PACKAGE_REMOVED dat=package:com.BHG.sharechat flg=0x4000010 (has extras) } to com.miui.audioeffect/com.android.musicfx.Compatibility$Receiver
06-29 23:20:27.550  1958  2010 W BroadcastQueue: Background execution not allowed: receiving Intent { act=android.intent.action.PACKAGE_REMOVED dat=package:com.BHG.sharechat flg=0x4000010 (has extras) } to com.xiaomi.discover/com.xiaomi.market.data.MyPackageMonitor
06-29 23:20:27.560  1958  2010 W BroadcastQueue: Background execution not allowed: receiving Intent { act=android.intent.action.PACKAGE_REMOVED dat=package:com.BHG.sharechat flg=0x4000010 (has extras) } to com.xiaomi.mipicks/com.xiaomi.market.data.MyPackageMonitor
06-29 23:20:27.560  1958  2010 W BroadcastQueue: Background execution not allowed: receiving Intent { act=android.intent.action.PACKAGE_REMOVED dat=package:com.BHG.sharechat flg=0x4000010 (has extras) } to com.xiaomi.misettings/.usagestats.AppTimerReceiver
06-29 23:20:27.560  1958  2010 W BroadcastQueue: Background execution not allowed: receiving Intent { act=android.intent.action.PACKAGE_REMOVED dat=package:com.BHG.sharechat flg=0x4000010 (has extras) } to app.revanced.android.gms/org.microg.gms.gcm.UnregisterReceiver
06-29 23:20:27.560  1958  2010 W BroadcastQueue: Background execution not allowed: receiving Intent { act=android.intent.action.PACKAGE_REMOVED dat=package:com.BHG.sharechat flg=0x4000010 (has extras) } to com.google.android.apps.photos/com.google.android.libraries.social.peoplekit.thirdparty.viewcontrollers.ThirdPartyReceiver
06-29 23:20:27.560  1958  2010 W BroadcastQueue: Background execution not allowed: receiving Intent { act=android.intent.action.PACKAGE_REMOVED dat=package:com.BHG.sharechat flg=0x4000010 (has extras) } to com.jio.myjio/com.inn.passivesdk.receiver.PackageReceiver
06-29 23:20:27.582  1958  2011 I ActivityManager: Start proc 28032:com.android.keychain/1000 for service {com.android.keychain/com.android.keychain.KeyChainService} caller=android
06-29 23:20:27.599  1958  2132 I MiuiCompatModePackages: package com.BHG.sharechat updated, removing config
06-29 23:20:27.628  1958  5090 W LocationProviderProxy: Odd, no component found for service com.android.location.service.v3.NetworkLocationProvider
06-29 23:20:27.636  1958  2010 W BroadcastQueue: Background execution not allowed: receiving Intent { act=android.intent.action.PACKAGE_ADDED dat=package:com.BHG.sharechat flg=0x4000010 (has extras) } to com.lbe.security.miui/com.lbe.security.service.BootReceiver
06-29 23:20:27.682  1958  2010 W BroadcastQueue: Background execution not allowed: receiving Intent { act=android.intent.action.PACKAGE_ADDED dat=package:com.BHG.sharechat flg=0x4000010 (has extras) } to com.msf.kbank.mobile/com.cv.sdk.receiver.EventReceiver
06-29 23:20:27.707  1958  2010 W BroadcastQueue: Background execution not allowed: receiving Intent { act=android.intent.action.PACKAGE_ADDED dat=package:com.BHG.sharechat flg=0x4000010 (has extras) } to com.google.android.packageinstaller/com.android.packageinstaller.PackageInstalledReceiver
06-29 23:20:27.707  1958  2010 W BroadcastQueue: Background execution not allowed: receiving Intent { act=android.intent.action.PACKAGE_ADDED dat=package:com.BHG.sharechat flg=0x4000010 (has extras) } to com.android.settings/.search.provider.UpdateReceiver
06-29 23:20:27.708  1958  2010 W BroadcastQueue: Background execution not allowed: receiving Intent { act=android.intent.action.PACKAGE_ADDED dat=package:com.BHG.sharechat flg=0x4000010 (has extras) } to com.android.vending/com.google.android.finsky.packagemonitor.impl.PackageMonitorReceiverImpl$RegisteredReceiver
06-29 23:20:27.709  1958  2010 W BroadcastQueue: Background execution not allowed: receiving Intent { act=android.intent.action.PACKAGE_ADDED dat=package:com.BHG.sharechat flg=0x4000010 (has extras) } to com.android.vending/com.google.android.finsky.packagemonitor.backgroundimpl.BackgroundPackageMonitorReceiverImpl$RegisteredReceiver
06-29 23:20:27.709  1958  2010 W BroadcastQueue: Background execution not allowed: receiving Intent { act=android.intent.action.PACKAGE_ADDED dat=package:com.BHG.sharechat flg=0x4000010 (has extras) } to com.facebook.appmanager/com.facebook.oxygen.common.packages.event.manifest.ManifestPackageEventReceiver
06-29 23:20:27.710  1958  2010 W BroadcastQueue: Background execution not allowed: receiving Intent { act=android.intent.action.PACKAGE_ADDED dat=package:com.BHG.sharechat flg=0x4000010 (has extras) } to com.google.android.gms/.chimera.GmsIntentOperationService$PersistentTrustedReceiver
06-29 23:20:27.711  1958  2010 W BroadcastQueue: Background execution not allowed: receiving Intent { act=android.intent.action.PACKAGE_ADDED dat=package:com.BHG.sharechat flg=0x4000010 (has extras) } to com.google.android.gms/.games.chimera.GamesSystemBroadcastReceiverProxy
06-29 23:20:27.711  1958  2011 I ActivityManager: Start proc 28056:com.miui.global.packageinstaller/u0a162 for service {com.miui.global.packageinstaller/com.miui.global.packageinstaller.service.ScanDispatchService} caller=com.miui.securitycenter
06-29 23:20:27.737  1958  2010 W BroadcastQueue: Background execution not allowed: receiving Intent { act=android.intent.action.PACKAGE_ADDED dat=package:com.BHG.sharechat flg=0x4000010 (has extras) } to com.google.android.gms/.gass.chimera.PackageChangeBroadcastReceiver
06-29 23:20:27.739  1958  2010 W BroadcastQueue: Background execution not allowed: receiving Intent { act=android.intent.action.PACKAGE_ADDED dat=package:com.BHG.sharechat flg=0x4000010 (has extras) } to com.miui.audioeffect/com.android.musicfx.Compatibility$Receiver
06-29 23:20:27.740  1958  2010 W BroadcastQueue: Background execution not allowed: receiving Intent { act=android.intent.action.PACKAGE_ADDED dat=package:com.BHG.sharechat flg=0x4000010 (has extras) } to com.xiaomi.discover/com.xiaomi.market.data.MyPackageMonitor
06-29 23:20:27.741  1958  2010 W BroadcastQueue: Background execution not allowed: receiving Intent { act=android.intent.action.PACKAGE_ADDED dat=package:com.BHG.sharechat flg=0x4000010 (has extras) } to com.xiaomi.mipicks/com.xiaomi.market.data.MyPackageMonitor
06-29 23:20:27.744  1958  2010 W BroadcastQueue: Background execution not allowed: receiving Intent { act=android.intent.action.PACKAGE_ADDED dat=package:com.BHG.sharechat flg=0x4000010 (has extras) } to com.xiaomi.misettings/.usagestats.AppTimerReceiver
06-29 23:20:27.746  1958  2010 W BroadcastQueue: Background execution not allowed: receiving Intent { act=android.intent.action.PACKAGE_ADDED dat=package:com.BHG.sharechat flg=0x4000010 (has extras) } to com.dv.adm/com.appodeal.ads.AppodealPackageAddedReceiver
06-29 23:20:27.769  1958  2010 W BroadcastQueue: Background execution not allowed: receiving Intent { act=android.intent.action.PACKAGE_ADDED dat=package:com.BHG.sharechat flg=0x4000010 (has extras) } to com.jio.myjio/com.inn.passivesdk.receiver.PackageReceiver
06-29 23:20:27.787  1958  1993 W Looper  : Slow delivery took 210ms android.fg h=android.os.Handler c=<recycled PooledLambda@a7f4157> m=0
06-29 23:20:27.845  1958  2011 I ActivityManager: Start proc 28086:com.android.vending/u0a175 for broadcast {com.android.vending/com.google.android.finsky.packagemonitor.impl.PackageMonitorReceiverImpl$RegisteredReceiver} caller=null
06-29 23:20:27.970  1958  1993 W Looper  : Drained
06-29 23:20:28.326 28056 28158 I Ad      : isPersonalizedAdEnabled getAdSettings: 3
06-29 23:20:28.468  1958  3851 I ActivityManager: Killing 26969:com.google.android.ext.services/u0a71 (adj 965): empty #17
06-29 23:20:28.942 28056 28225 W FileUtils: Slow Operation: fsync took 250ms
06-29 23:20:28.969 28056 28180 W BpBinder: Slow Binder: BpBinder transact took 585ms, interface=android.content.IContentProvider, code=1 oneway=false
06-29 23:20:28.978  1958  1958 W Looper  : Slow Looper main: Long Msg: seq=159187 plan=23:20:27.595  late=1ms wall=1382ms running=79ms runnable=23ms io=562ms h=android.app.ActivityThread$H c=android.app.-$$Lambda$LoadedApk$ReceiverDispatcher$Args$_BumDX2UKsnxLVrE6UJsJZkotuA
06-29 23:20:28.978  1958  1958 W Looper  : Slow dispatch took 1382ms main h=android.app.ActivityThread$H c=android.app.-$$Lambda$LoadedApk$ReceiverDispatcher$Args$_BumDX2UKsnxLVrE6UJsJZkotuA@9e10ea m=0
06-29 23:20:28.978  1958  1958 W Looper  : Slow delivery took 1384ms main h=android.app.ActivityThread$H c=android.app.-$$Lambda$LoadedApk$ReceiverDispatcher$Args$_BumDX2UKsnxLVrE6UJsJZkotuA@b70afdb m=0
06-29 23:20:29.329  1958  1958 W Looper  : Slow dispatch took 349ms main h=android.app.ActivityThread$H c=android.app.-$$Lambda$LoadedApk$ReceiverDispatcher$Args$_BumDX2UKsnxLVrE6UJsJZkotuA@a443dc6 m=0
06-29 23:20:29.329  1958  1958 I Telecom : DefaultDialerCache: Refreshing default dialer for user 0: now com.android.contacts: DDC.oR@AyY
06-29 23:20:29.620 28086 28086 W Looper  : Slow Looper main: Long Msg: seq=2 plan=23:20:27.946  late=2ms wall=1671ms running=215ms runnable=12ms io=884ms h=android.app.ActivityThread$H w=110
06-29 23:20:29.692  1958  1958 W Looper  : Drained
06-29 23:20:29.960  1958  2011 I ActivityManager: Start proc 28463:com.google.process.gapps/u0a185 for content provider{com.google.android.gsf/com.google.android.gsf.settings.GoogleSettingsProvider} caller=com.android.vending
06-29 23:20:30.164  1958  2011 I ActivityManager: Start proc 28499:com.android.vending:background/u0a175 for broadcast {com.android.vending/com.google.android.finsky.packagemonitor.backgroundimpl.BackgroundPackageMonitorReceiverImpl$RegisteredReceiver} caller=null
06-29 23:20:30.211 28086 28376 W BpBinder: Slow Binder: BpBinder transact took 287ms, interface=android.app.IActivityManager, code=20 oneway=false
06-29 23:20:30.475  1958  2011 I ActivityManager: Start proc 28552:com.google.android.webview:sandboxed_process0:org.chromium.content.app.SandboxedProcessService0:0/u0i64 for  {com.miui.global.packageinstaller/org.chromium.content.app.SandboxedProcessService0:0} caller=com.miui.global.packageinstaller
06-29 23:20:30.488  1958  4415 W BroadcastQueue: Background execution not allowed: receiving Intent { act=android.intent.action.PACKAGE_REPLACED dat=package:com.BHG.sharechat flg=0x4000010 (has extras) } to com.facebook.appmanager/com.facebook.oxygen.common.packages.event.manifest.ManifestPackageEventReceiver
06-29 23:20:30.497 25324 25324 I Timeline: Timeline: Activity_launch_request time:32805684
06-29 23:20:30.499  1958  2010 W BroadcastQueue: Background execution not allowed: receiving Intent { act=android.intent.action.PACKAGE_REPLACED dat=package:com.BHG.sharechat flg=0x4000010 (has extras) } to com.google.android.gms/.chimera.GmsIntentOperationService$PersistentTrustedReceiver
06-29 23:20:30.500  1958  2010 W BroadcastQueue: Background execution not allowed: receiving Intent { act=android.intent.action.PACKAGE_REPLACED dat=package:com.BHG.sharechat flg=0x4000010 (has extras) } to com.google.android.gms/.gass.chimera.PackageChangeBroadcastReceiver
06-29 23:20:30.500  1958  2010 W BroadcastQueue: Background execution not allowed: receiving Intent { act=android.intent.action.PACKAGE_REPLACED dat=package:com.BHG.sharechat flg=0x4000010 (has extras) } to com.miui.audioeffect/com.android.musicfx.Compatibility$Receiver
06-29 23:20:30.500  1958  2010 W BroadcastQueue: Background execution not allowed: receiving Intent { act=android.intent.action.PACKAGE_REPLACED dat=package:com.BHG.sharechat flg=0x4000010 (has extras) } to com.miui.notes/com.miui.floatwindow.BootBroadcastReceiver
06-29 23:20:30.500  1958  2010 W BroadcastQueue: Background execution not allowed: receiving Intent { act=android.intent.action.PACKAGE_REPLACED dat=package:com.BHG.sharechat flg=0x4000010 (has extras) } to com.google.android.apps.photos/.account.full.FetchAccountPropertiesAppUpgradeBroadcastReceiver
06-29 23:20:30.500  1958  2010 W BroadcastQueue: Background execution not allowed: receiving Intent { act=android.intent.action.PACKAGE_REPLACED dat=package:com.BHG.sharechat flg=0x4000010 (has extras) } to com.google.android.apps.photos/.account.full.SyncAccountsForLoginBroadcastReceiver
06-29 23:20:30.500  1958  2010 W BroadcastQueue: Background execution not allowed: receiving Intent { act=android.intent.action.PACKAGE_REPLACED dat=package:com.BHG.sharechat flg=0x4000010 (has extras) } to com.google.android.apps.photos/.notificationchannels.AppUpdateBroadcastReceiver
06-29 23:20:30.501  1958  2010 W BroadcastQueue: Background execution not allowed: receiving Intent { act=android.intent.action.PACKAGE_REPLACED dat=package:com.BHG.sharechat flg=0x4000010 (has extras) } to com.jio.myjio/com.inn.passivesdk.receiver.PackageReceiver
06-29 23:20:30.502  1958  4415 I ActivityTaskManager: START u0 {act=android.intent.action.MAIN cat=[android.intent.category.LAUNCHER] flg=0x10200000 cmp=com.BHG.sharechat/.SplashActivity bnds=[71,757][247,933] (has extras)} from uid 10094
06-29 23:20:30.526 25324 25324 W ActivityThread: SCHED: com.miui.home/.launcher.Launcher [71, r=40ms, a=16ms, w=9532ms]
06-29 23:20:30.615  1958  2011 I ActivityManager: Start proc 28601:com.BHG.sharechat/u0a768 for activity {com.BHG.sharechat/com.BHG.sharechat.SplashActivity} caller=com.miui.home
06-29 23:20:30.653  1958  2647 W ActivityTaskManager: Request to remove task ignored for non-existent task 1142
06-29 23:20:30.660  1958  1997 I Timeline: Timeline: App_transition_ready time:32805847
06-29 23:20:30.855  1958  1997 I Timeline: Timeline: App_transition_stopped time:32806042
06-29 23:20:30.982  1958  5258 E WindowManager: App trying to use insecure INPUT_FEATURE_NO_INPUT_CHANNEL flag. Ignoring
06-29 23:20:30.987 28601 28601 W Looper  : Slow Looper main: Activity com.BHG.sharechat/.SplashActivity is 314ms late (wall=0ms running=0ms ClientTransaction{ callbacks=[android.app.servertransaction.TopResumedActivityChangeItem] }) because of 2 msg, msg 1 took 157ms (seq=2 running=66ms runnable=11ms io=54ms late=2ms h=android.app.ActivityThread$H w=110), msg 2 took 164ms (seq=3 running=103ms runnable=10ms io=32ms late=150ms h=android.app.ActivityThread$H w=159)
06-29 23:20:31.136  1958  1997 I Timeline: Timeline: Activity_windows_visible id: ActivityRecord{610a864 u0 com.BHG.sharechat/.SplashActivity t1144} time:32806323
06-29 23:20:31.280  1958  2011 I ActivityManager: Start proc 28730:com.google.android.webview:webview_service/u0a192 for service {com.google.android.webview/org.chromium.android_webview.services.ComponentsProviderService} caller=com.miui.global.packageinstaller
06-29 23:20:31.421  1958  2647 I ActivityManager: Killing 27078:com.android.camera/u0a76 (adj 975): empty #17
06-29 23:20:31.436 28056 28056 W Looper  : Slow Looper main: Long Msg: seq=22 plan=23:20:29.619  late=0ms wall=1817ms running=445ms runnable=17ms io=1211ms h=com.google.android.gms.ads.internal.util.f c=com.google.android.gms.ads.internal.js.r
06-29 23:20:31.709  1958  2011 I ActivityManager: Start proc 28789:com.android.chrome/u0a193 for service {com.android.chrome/org.chromium.chrome.browser.customtabs.CustomTabsConnectionService} caller=com.miui.global.packageinstaller
06-29 23:20:32.139  1958  4806 I ActivityManager: Killing 26885:system:ui/1000 (adj 965): empty #17
06-29 23:20:32.190  1958  1996 W ActivityManager: setHasOverlayUi called on unknown pid: 26885
06-29 23:20:33.977 28601 28601 I Timeline: Timeline: Activity_launch_request time:32809164
06-29 23:20:33.978  1958  4806 I ActivityTaskManager: START u0 {cmp=com.BHG.sharechat/.AuthActivity} from uid 10768
06-29 23:20:33.995 28601 28601 W ActivityThread: SCHED: com.BHG.sharechat/.SplashActivity [73, r=38ms, a=14ms, w=3022ms]
06-29 23:20:33.997  1958  4806 I ActivityTaskManager: The Process com.BHG.sharechat Already Exists in BG. So sending its PID: 28601
06-29 23:20:34.001  1958  4806 I Timeline: Timeline: App_transition_ready time:32809188
06-29 23:20:34.196 28601 28601 I Timeline: Timeline: Activity_launch_request time:32809384
06-29 23:20:34.197  1958  3901 I ActivityTaskManager: START u0 {cmp=com.BHG.sharechat/.MainActivity} from uid 10768
06-29 23:20:34.210  1958  3901 I ActivityTaskManager: The Process com.BHG.sharechat Already Exists in BG. So sending its PID: 28601
06-29 23:20:34.213  1958  3901 I Timeline: Timeline: App_transition_ready time:32809401
06-29 23:20:34.215  1958  1997 I Timeline: Timeline: App_transition_ready time:32809402
06-29 23:20:34.386  1958  2360 E WindowManager: App trying to use insecure INPUT_FEATURE_NO_INPUT_CHANNEL flag. Ignoring
06-29 23:20:34.412  1958  2360 I Timeline: Timeline: App_transition_ready time:32809599
06-29 23:20:34.414  1958  2360 I Timeline: Timeline: App_transition_ready time:32809601
06-29 23:20:34.468  1958  1997 I Timeline: Timeline: App_transition_ready time:32809655
06-29 23:20:34.719  1958  1997 I Timeline: Timeline: Activity_windows_visible id: ActivityRecord{957edba u0 com.BHG.sharechat/.MainActivity t1144} time:32809906
06-29 23:20:34.722  1958  1997 I Timeline: Timeline: App_transition_stopped time:32809909
06-29 23:20:36.376 28601 28601 I Timeline: Timeline: Activity_launch_request time:32811563
06-29 23:20:36.377  1958  2360 I ActivityTaskManager: START u0 {cmp=com.BHG.sharechat/.PostDetailActivity (has extras)}from uid 10768
06-29 23:20:36.387 28601 28601 W ActivityThread: SCHED: com.BHG.sharechat/.MainActivity [77, r=88ms, a=25ms, w=2012ms]
06-29 23:20:36.390  1958  3851 I ActivityTaskManager: The Process com.BHG.sharechat Already Exists in BG. So sending its PID: 28601
06-29 23:20:36.396  1958  3851 I Timeline: Timeline: App_transition_ready time:32811583
06-29 23:20:36.463  1958  3901 E WindowManager: App trying to use insecure INPUT_FEATURE_NO_INPUT_CHANNEL flag. Ignoring
06-29 23:20:36.478  1958  2360 I Timeline: Timeline: App_transition_ready time:32811665
06-29 23:20:36.479  1958  2360 I Timeline: Timeline: App_transition_ready time:32811666
06-29 23:20:36.560  1958  1997 I Timeline: Timeline: App_transition_ready time:32811747
06-29 23:20:36.803  1958  1997 I Timeline: Timeline: Activity_windows_visible id: ActivityRecord{4f18bc2 u0 com.BHG.sharechat/.PostDetailActivity t1144} time:32811990
06-29 23:20:36.805  1958  1997 I Timeline: Timeline: App_transition_stopped time:32811992
06-29 23:20:42.510 28601 28601 I Timeline: Timeline: Activity_launch_request time:32817697
06-29 23:20:42.511  1958  2360 I ActivityTaskManager: START u0 {cmp=com.BHG.sharechat/.UserProfileActivity (has extras)} from uid 10768
06-29 23:20:42.523 28601 28601 W ActivityThread: SCHED: com.BHG.sharechat/.PostDetailActivity [74, r=86ms, a=29ms, w=6063ms]
06-29 23:20:42.525  1958  3851 I ActivityTaskManager: The Process com.BHG.sharechat Already Exists in BG. So sending its PID: 28601
06-29 23:20:42.530  1958  3851 I Timeline: Timeline: App_transition_ready time:32817717
06-29 23:20:42.583  1958  2360 E WindowManager: App trying to use insecure INPUT_FEATURE_NO_INPUT_CHANNEL flag. Ignoring
06-29 23:20:42.616  1958  3851 I Timeline: Timeline: App_transition_ready time:32817803
06-29 23:20:42.617  1958  3851 I Timeline: Timeline: App_transition_ready time:32817804
06-29 23:20:42.681  1958  1997 I Timeline: Timeline: App_transition_ready time:32817868
06-29 23:20:42.939  1958  1997 I Timeline: Timeline: Activity_windows_visible id: ActivityRecord{623a03e u0 com.BHG.sharechat/.UserProfileActivity t1144} time:32818126
06-29 23:20:42.943  1958  1997 I Timeline: Timeline: App_transition_stopped time:32818131
06-29 23:20:46.127 28601 28601 I Timeline: Timeline: Activity_launch_request time:32821314
06-29 23:20:46.128  1958  4806 I ActivityTaskManager: START u0 {cmp=com.BHG.sharechat/.PostDetailActivity (has extras)}from uid 10768
06-29 23:20:46.139 28601 28601 W ActivityThread: SCHED: com.BHG.sharechat/.UserProfileActivity [76, r=105ms, a=32ms, w=3560ms]
06-29 23:20:46.142  1958  3901 I ActivityTaskManager: The Process com.BHG.sharechat Already Exists in BG. So sending its PID: 28601
06-29 23:20:46.150  1958  3901 I Timeline: Timeline: App_transition_ready time:32821337
06-29 23:20:46.201  1958  4806 E WindowManager: App trying to use insecure INPUT_FEATURE_NO_INPUT_CHANNEL flag. Ignoring
06-29 23:20:46.214  1958  2360 I Timeline: Timeline: App_transition_ready time:32821402
06-29 23:20:46.216  1958  2360 I Timeline: Timeline: App_transition_ready time:32821403
06-29 23:20:46.237  1958  1997 I Timeline: Timeline: App_transition_ready time:32821424
06-29 23:20:46.509  1958  1997 I Timeline: Timeline: Activity_windows_visible id: ActivityRecord{9278eb4 u0 com.BHG.sharechat/.PostDetailActivity t1144} time:32821696
06-29 23:20:46.511  1958  1997 I Timeline: Timeline: App_transition_stopped time:32821698
06-29 23:20:46.606  1958  3851 W BaseMiuiPhoneWindowManager: keyCode:4 down:true eventTime:32821776 downTime:32821776 policyFlags:2b000002 flags:48 deviceId:-1 isScreenOn:true keyguardActive:false repeatCount:0
06-29 23:20:46.710  1958  3417 W BaseMiuiPhoneWindowManager: keyCode:4 down:false eventTime:32821897 downTime:32821776 policyFlags:2b000002 flags:48 deviceId:-1 isScreenOn:true keyguardActive:false repeatCount:0
06-29 23:20:46.717 28601 28601 W ActivityThread: SCHED: com.BHG.sharechat/.PostDetailActivity [70, r=33ms, a=14ms, w=522ms]
06-29 23:20:46.724  1958  3851 I Timeline: Timeline: App_transition_ready time:32821911
06-29 23:20:46.742  1958  4806 I Timeline: Timeline: App_transition_ready time:32821929
06-29 23:20:46.758  1958  1997 I Timeline: Timeline: App_transition_ready time:32821945
06-29 23:20:46.913  1958  3851 W BaseMiuiPhoneWindowManager: keyCode:4 down:true eventTime:32822100 downTime:32822100 policyFlags:2b000002 flags:48 deviceId:-1 isScreenOn:true keyguardActive:false repeatCount:0
06-29 23:20:47.020  1958  4806 W BaseMiuiPhoneWindowManager: keyCode:4 down:false eventTime:32822207 downTime:32822100 policyFlags:2b000002 flags:48 deviceId:-1 isScreenOn:true keyguardActive:false repeatCount:0
06-29 23:20:47.023  1958  1997 I Timeline: Timeline: Activity_windows_visible id: ActivityRecord{623a03e u0 com.BHG.sharechat/.UserProfileActivity t1144} time:32822210
06-29 23:20:47.026  1958  1997 I Timeline: Timeline: App_transition_stopped time:32822213
06-29 23:20:47.043 28601 28601 W ActivityThread: SCHED: com.BHG.sharechat/.UserProfileActivity [75, r=12ms, a=4ms, w=316ms]
06-29 23:20:47.050  1958  4692 I Timeline: Timeline: App_transition_ready time:32822238
06-29 23:20:47.052  1958  1997 I Timeline: Timeline: App_transition_ready time:32822239
06-29 23:20:47.063  1958  2360 I Timeline: Timeline: App_transition_ready time:32822250
06-29 23:20:47.078  1958  1997 I Timeline: Timeline: App_transition_ready time:32822265
06-29 23:20:47.273  1958  2360 W BaseMiuiPhoneWindowManager: keyCode:4 down:true eventTime:32822460 downTime:32822460 policyFlags:2b000002 flags:48 deviceId:-1 isScreenOn:true keyguardActive:false repeatCount:0
