06-29 19:32:35.274 22621 22781 W .xiaomi.mipick: Long monitor contention with owner Measurement Worker (22815) at android.content.SharedPreferences android.app.ContextImpl.getSharedPreferences(java.lang.String, int)(ContextImpl.java:443) waiters=0 in android.content.SharedPreferences android.app.ContextImpl.getSharedPreferences(java.lang.String, int) for 144ms
06-29 19:32:35.275 22621 22659 W .xiaomi.mipick: Long monitor contention with owner Measurement Worker (22815) at android.content.SharedPreferences android.app.ContextImpl.getSharedPreferences(java.lang.String, int)(ContextImpl.java:443) waiters=1 in android.content.SharedPreferences android.app.ContextImpl.getSharedPreferences(java.lang.String, int) for 144ms
06-29 19:32:35.276 22621 22659 W FirebaseRemoteConfig: No value of type 'FirebaseRemoteConfigValue' exists for parameter key 'maxCacheSizeForAppInfo'.
06-29 19:32:35.285  1958  3417 I chatty  : uid=1000(system) Binder:1958_C expire 1 line
06-29 19:32:35.289 22735 22735 D OneTrack: log on: false, quick upload on: false
06-29 19:32:35.293  1958  5236 I chatty  : uid=1000(system) Binder:1958_1A expire 11 lines
06-29 19:32:35.297  1958  2101 I chatty  : uid=1000(system) NetworkStats expire 2 lines
06-29 19:32:35.299   780  2661 D AF::TrackHandle: OpPlayAudio: track:102 usage:13 not muted
06-29 19:32:35.299   780  2661 I chatty  : uid=1041(audioserver) Binder:780_5 identical 11 lines
06-29 19:32:35.300   780  2661 D AF::TrackHandle: OpPlayAudio: track:102 usage:13 not muted
06-29 19:32:35.300   613  2099 I netd    : trafficSwapActiveStatsMap() <2.85ms>
06-29 19:32:35.300   780  2661 D AF::TrackHandle: OpPlayAudio: track:102 usage:13 not muted
06-29 19:32:35.303   613  2099 I netd    : tetherGetStats() <1.27ms>
06-29 19:32:35.304   780  2661 D AF::TrackHandle: OpPlayAudio: track:102 usage:13 not muted
06-29 19:32:35.307   780  2661 D AF::TrackHandle: OpPlayAudio: track:102 usage:13 not muted
06-29 19:32:35.314   613  2099 I netd    : bandwidthSetGlobalAlert(131072) <0.17ms>
06-29 19:32:35.315 25666 26108 I chatty  : uid=1000(system) TrafficManageSe expire 1 line
06-29 19:32:35.322 22621 22875 I WM-WorkerWrapper: Worker result SUCCESS for Work [ id=7dc41988-8ef2-40d0-a1d8-8fafae1124a2, tags={ com.xiaomi.market.push.timedPush.RetryPushWorker, start_retry_push_period_work } ]
06-29 19:32:35.325 22621 22653 W FirebaseRemoteConfig: No value of type 'FirebaseRemoteConfigValue' exists for parameter key 'minRefragmentSize'.
06-29 19:32:35.345  3633  3633 I CNSS    : Failed to send nl message
06-29 19:32:35.384 22621 22815 I FA      : App measurement disabled by setAnalyticsCollectionEnabled(false)
06-29 19:32:35.388 22621 22815 I FA      : App measurement initialized, version: 129011
06-29 19:32:35.388 22621 22815 I FA      : To enable debug logging run: adb shell setprop log.tag.FA VERBOSE
06-29 19:32:35.388 22621 22815 I FA      : To enable faster debug mode event logging run:
06-29 19:32:35.388 22621 22815 I FA      :   adb shell setprop debug.firebase.analytics.app com.xiaomi.mipicks
06-29 19:32:35.403 22621 22659 I MMKV    : <MemoryFile.cpp:97::open> open fd[0x72], /data/user/0/com.xiaomi.mipicks/files/mmkv/app_update
06-29 19:32:35.403 22621 22659 I MMKV    : <MemoryFile.cpp:97::open> open fd[0x79], /data/user/0/com.xiaomi.mipicks/files/mmkv/app_update.crc
06-29 19:32:35.414 22621 22659 I MMKV    : <MMKV_IO.cpp:81::loadFromFile> loading [app_update] with 13046 actual size, file size 65536, InterProcess 1, meta info version:3
06-29 19:32:35.414 22621 22659 I MMKV    : <MMKV_IO.cpp:86::loadFromFile> loading [app_update] with crc 779907335 sequence 2 version 3
06-29 19:32:35.414 22621 22659 I MMKV    : <MMKV_IO.cpp:130::loadFromFile> loaded [app_update] with 4 key-values
06-29 19:32:35.416  3787  4557 I bbkx    : (REDACTED) getHotwordActive::active query: %s, watch: %s, devices connected:%s
06-29 19:32:35.422 22735 22901 D miuisdk : current sdk level is 24
06-29 19:32:35.422   978   978 I keystore: clear_uid 10768
06-29 19:32:35.438  2513  2513 E PhoneInterfaceManager: [PhoneIntfMgr] getCarrierPackageNamesForIntent: No UICC
06-29 19:32:35.438  2513  2513 D CarrierSvcBindHelper: No carrier app for: 0
06-29 19:32:35.439  2513  2513 E PhoneInterfaceManager: [PhoneIntfMgr] getCarrierPackageNamesForIntent: No UICC
06-29 19:32:35.439  2513  2513 D CarrierSvcBindHelper: No carrier app for: 1
06-29 19:32:35.447  3633  3633 I CNSS    : Failed to send nl message
06-29 19:32:35.451 22735 22901 I Analytics-Core-AnalyticsApp: startJobScheduler goes with code 1
06-29 19:32:35.463 22735 22735 I Analytics-Core-JobSchedulerService: onStartJob
06-29 19:32:35.478 22621 22685 E Perf    : Fail to get file list com.xiaomi.mipicks
06-29 19:32:35.479 22621 22685 E Perf    : getFolderSize() : Exception_1 = java.lang.NullPointerException: Attempt to get length of null array
06-29 19:32:35.481 22621 22685 E Perf    : Fail to get file list oat
06-29 19:32:35.482 22621 22685 E Perf    : getFolderSize() : Exception_1 = java.lang.NullPointerException: Attempt to get length of null array
06-29 19:32:35.489 22735 22905 E Perf    : Fail to get file list com.miui.analytics
06-29 19:32:35.492 25359 25359 W PushService: [Tid:2] onStart() with intent.Action = com.xiaomi.xmsf.push.PACKAGE_DATA_CLEARED, chid = null, pkg = null|null
06-29 19:32:35.492 25359 25409 W PushService: [Tid:1646] [Job] Handle intent action = com.xiaomi.xmsf.push.PACKAGE_DATA_CLEARED
06-29 19:32:35.497   614   614 D Zygote  : Forked child process 22931
06-29 19:32:35.497 22735 22905 E Perf    : getFolderSize() : Exception_1 = java.lang.NullPointerException: Attempt to get length of null array
06-29 19:32:35.498 22735 22905 E Perf    : Fail to get file list oat
06-29 19:32:35.498 22735 22905 E Perf    : getFolderSize() : Exception_1 = java.lang.NullPointerException: Attempt to get length of null array
06-29 19:32:35.503 25359 25409 W PushService: [Tid:1646] pepa clearMessage is null
06-29 19:32:35.506   613  2099 D OemNetd : setPidForPackage: packageName=com.android.chrome, pid=22931, pid=10193
06-29 19:32:35.506  1958  2011 I ActivityManager: Start proc 22931:com.android.chrome/u0a193 for broadcast {com.android.chrome/org.chromium.chrome.browser.browserservices.InstalledWebappBroadcastReceiver} caller=android
06-29 19:32:35.507 22931 22931 E .android.chrom: Not starting debugger since process cannot load the jdwp agent.
06-29 19:32:35.520 22621 22621 W System.err: java.io.IOException: java.util.concurrent.ExecutionException: java.io.IOException: SERVICE_NOT_AVAILABLE
06-29 19:32:35.520 22621 22621 W System.err:    at com.google.firebase.messaging.FirebaseMessaging.k(FirebaseMessaging.java:67)
06-29 19:32:35.520 22621 22621 W System.err:    at com.google.firebase.messaging.FirebaseMessaging.y(FirebaseMessaging.java:1)
06-29 19:32:35.520 22621 22621 W System.err:    at com.google.firebase.messaging.FirebaseMessaging.g(FirebaseMessaging.java:1)
06-29 19:32:35.520 22621 22621 W System.err:    at com.google.firebase.messaging.w.run(R8$$SyntheticClass:5)
06-29 19:32:35.520 22621 22621 W System.err:    at java.util.concurrent.Executors$RunnableAdapter.call(Executors.java:462)
06-29 19:32:35.520 22621 22621 W System.err:    at java.util.concurrent.FutureTask.run(FutureTask.java:266)
06-29 19:32:35.520 22621 22621 W System.err:    at java.util.concurrent.ScheduledThreadPoolExecutor$ScheduledFutureTask.run(ScheduledThreadPoolExecutor.java:301)
06-29 19:32:35.520 22621 22621 W System.err:    at java.util.concurrent.ThreadPoolExecutor.runWorker(ThreadPoolExecutor.java:1167)
06-29 19:32:35.520 22621 22621 W System.err:    at java.util.concurrent.ThreadPoolExecutor$Worker.run(ThreadPoolExecutor.java:641)
06-29 19:32:35.520 22621 22621 W System.err:    at com.google.android.gms.common.util.concurrent.zza.run(com.google.android.gms:play-services-basement@@18.3.0:7)
06-29 19:32:35.520 22621 22621 W System.err:    at java.lang.Thread.run(Thread.java:919)
06-29 19:32:35.521 22621 22621 W System.err: Caused by: java.util.concurrent.ExecutionException: java.io.IOException: SERVICE_NOT_AVAILABLE
06-29 19:32:35.521 22621 22621 W System.err:    at com.google.android.gms.tasks.k.j(com.google.android.gms:play-services-tasks@@18.0.2:32)
06-29 19:32:35.521 22621 22621 W System.err:    at com.google.android.gms.tasks.k.a(com.google.android.gms:play-services-tasks@@18.0.2:32)
06-29 19:32:35.521 22621 22621 W System.err:    at com.google.firebase.messaging.FirebaseMessaging.k(FirebaseMessaging.java:55)
06-29 19:32:35.521 22621 22621 W System.err:    ... 10 more
06-29 19:32:35.521 22621 22621 W System.err: Caused by: java.io.IOException: SERVICE_NOT_AVAILABLE
06-29 19:32:35.521 22621 22621 W System.err:    at com.google.firebase.messaging.b0.f(GmsRpc.java:41)
06-29 19:32:35.521 22621 22621 W System.err:    at com.google.firebase.messaging.b0.h(GmsRpc.java:9)
06-29 19:32:35.521 22621 22621 W System.err:    at com.google.firebase.messaging.b0.a(GmsRpc.java:1)
06-29 19:32:35.521 22621 22621 W System.err:    at com.google.firebase.messaging.a0.then(R8$$SyntheticClass:3)
06-29 19:32:35.521 22621 22621 W System.err:    at com.google.android.gms.tasks.q.run(com.google.android.gms:play-services-tasks@@18.0.2:27)
06-29 19:32:35.521 22621 22621 W System.err:    at androidx.privacysandbox.ads.adservices.adid.a.execute(R8$$SyntheticClass:1)
06-29 19:32:35.521 22621 22621 W System.err:    at com.google.android.gms.tasks.r.a(com.google.android.gms:play-services-tasks@@18.0.2:8)
06-29 19:32:35.521 22621 22621 W System.err:    at com.google.android.gms.tasks.f0.b(com.google.android.gms:play-services-tasks@@18.0.2:36)
06-29 19:32:35.521 22621 22621 W System.err:    at com.google.android.gms.tasks.i0.s(com.google.android.gms:play-services-tasks@@18.0.2:15)
06-29 19:32:35.521 22621 22621 W System.err:    at com.google.android.gms.tasks.q.run(com.google.android.gms:play-services-tasks@@18.0.2:37)
06-29 19:32:35.521 22621 22621 W System.err:    at com.google.android.gms.cloudmessaging.a0.execute(com.google.android.gms:play-services-cloud-messaging@@17.1.0:1)
06-29 19:32:35.521 22621 22621 W System.err:    at com.google.android.gms.tasks.r.a(com.google.android.gms:play-services-tasks@@18.0.2:8)
06-29 19:32:35.521 22621 22621 W System.err:    at com.google.android.gms.tasks.f0.b(com.google.android.gms:play-services-tasks@@18.0.2:36)
06-29 19:32:35.521 22621 22621 W System.err:    at com.google.android.gms.tasks.i0.s(com.google.android.gms:play-services-tasks@@18.0.2:15)
06-29 19:32:35.521 22621 22621 W System.err:    at com.google.android.gms.tasks.i.c(com.google.android.gms:play-services-tasks@@18.0.2:3)
06-29 19:32:35.521 22621 22621 W System.err:    at com.google.android.gms.cloudmessaging.u.d(com.google.android.gms:play-services-cloud-messaging@@17.1.0:48)
06-29 19:32:35.521 22621 22621 W System.err:    at com.google.android.gms.cloudmessaging.v.a(com.google.android.gms:play-services-cloud-messaging@@17.1.0:11)
06-29 19:32:35.521 22621 22621 W System.err:    at com.google.android.gms.cloudmessaging.n.handleMessage(com.google.android.gms:play-services-cloud-messaging@@17.1.0:106)
06-29 19:32:35.521 22621 22621 W System.err:    at android.os.Handler.dispatchMessage(Handler.java:103)
06-29 19:32:35.521 22621 22621 W System.err:    at android.os.Looper.loop(Looper.java:224)
06-29 19:32:35.521 22621 22621 W System.err:    at android.app.ActivityThread.main(ActivityThread.java:7592)
06-29 19:32:35.521 22621 22621 W System.err:    at java.lang.reflect.Method.invoke(Native Method)
06-29 19:32:35.521 22621 22621 W System.err:    at com.android.internal.os.RuntimeInit$MethodAndArgsCaller.run(RuntimeInit.java:539)
06-29 19:32:35.521 22621 22621 W System.err:    at com.android.internal.os.ZygoteInit.main(ZygoteInit.java:950)
06-29 19:32:35.529  5140 22953 I com.lbe.security.service.provider.WakePathDatabaseUtil: getDefaultAutoStartApps
06-29 19:32:35.549  3633  3633 I CNSS    : Failed to send nl message
06-29 19:32:35.574  5140 22953 I com.lbe.security.service.provider.WakePathDatabaseUtil: writeWakePathWhiteList
06-29 19:32:35.581  5140 22953 I com.lbe.security.service.provider.WakePathDatabaseUtil: getWakePathWhiteList: whiteList.size=4
06-29 19:32:35.582  1958  5258 I WakePathChecker: MIUILOG-WAKEPATH pushWakePathWhiteList: userId=0 size=4
06-29 19:32:35.621 22931 22931 W .android.chrom: JIT profile information will not be recorded: profile file does not exits.
06-29 19:32:35.636  2513  2513 D QtiCarrierConfigHelper: WARNING, no carrier configs on phone Id: 0
06-29 19:32:35.637  5413  5606 D PowerCheckerService: onBatteryChanged, mBatteryLevel = 100, status = 5, level = 100, plug = 2, scale = 100
06-29 19:32:35.644 22931 22931 I Perf    : Connecting to perf service.
06-29 19:32:35.650 25666  2712 I NAProvider: queryWifiRule packageName:com.BHG.sharechat
06-29 19:32:35.725 22931 22931 I cr_SplitCompatApp: version=138.0.7204.45 (720404533) minSdkVersion=29 isBundle=true processName=com.android.chrome isIsolatedProcess=false
06-29 19:32:35.754  3633  3633 I CNSS    : Failed to send nl message
06-29 19:32:35.758 22931 22931 I LoadedApk: No resource references to update in package com.google.android.trichromelibrary
06-29 19:32:35.800 25666  8788 I NAProvider: queryMobileRule packageName:com.BHG.sharechat
06-29 19:32:35.808 22931 22931 I FeatureParser: can't find violet.xml in assets/device_features/,it may be in /system/etc/device_features
06-29 19:32:35.802 22931 22931 W .android.chrome: type=1400 audit(0.0:16495): avc: denied { read } for name="u:object_r:vendor_default_prop:s0" dev="tmpfs" ino=24807 scontext=u:r:untrusted_app:s0:c193,c256,c512,c768 tcontext=u:object_r:vendor_default_prop:s0 tclass=file permissive=0
06-29 19:32:35.811 22931 22931 E libc    : Access denied finding property "ro.vendor.df.effect.conflict"
06-29 19:32:35.825 22931 22961 I cr_LibraryLoader: Loading monochrome_64 from within /data/app/com.android.chrome-rzLonMO8dBi8SzthGGl3WQ==/base.apk
06-29 19:32:35.825 21390 15305 I FontLog : (REDACTED) Received query %s, URI %s
06-29 19:32:35.826 21390 15305 I FontLog : (REDACTED) Query [%s] resolved to %s
06-29 19:32:35.831 22931 22961 W linker  : Warning: "/data/app/com.android.chrome-rzLonMO8dBi8SzthGGl3WQ==/base.apk!/lib/arm64-v8a/libchromium_android_linker.so" unused DT entry: unknown processor-specific (type 0x70000001 arg 0x0) (ignoring)
06-29 19:32:35.832 21390 15305 I FontLog : (REDACTED) Font PFD returned from cache for %s
06-29 19:32:35.832 21390 15305 I FontLog : (REDACTED) Fetch %s end status %s
06-29 19:32:35.832 22931 22961 I cr_Linker: loadLibraryImplLocked: monochrome_64, relroMode=1
06-29 19:32:35.840 21390 21409 I FontLog : (REDACTED) Pulling font file for id = %d, cache size = %d
06-29 19:32:35.857  3633  3633 I CNSS    : Failed to send nl message
06-29 19:32:35.859  1958  5258 W BaseMiuiPhoneWindowManager: keyCode:3 down:true eventTime:26311688 downTime:26311688 policyFlags:2b000002 flags:48 deviceId:-1 isScreenOn:true keyguardActive:false repeatCount:0
06-29 19:32:35.863  1958  2089 I chatty  : uid=1000(system) InputDispatcher expire 7 lines
06-29 19:32:35.877 22931 22961 W linker  : Warning: "/data/app/com.google.android.trichromelibrary_720404533-JAtpGQAT09V5U_QfSbS7hw==/base.apk!/lib/arm64-v8a/libmonochrome_64.so" unused DT entry: unknown processor-specific (type 0x70000001arg 0x0) (ignoring)
06-29 19:32:35.889   614   614 D Zygote  : Forked child process 22966
06-29 19:32:35.891   613  2099 D OemNetd : setPidForPackage: packageName=com.android.providers.media, pid=22966, pid=10069
06-29 19:32:35.891  1958  2011 I ActivityManager: Start proc 22966:android.process.media/u0a69 for broadcast {com.android.providers.media/com.android.providers.media.MediaReceiver} caller=android
06-29 19:32:35.893 21390 21409 I FontLog : (REDACTED) Received query %s, URI %s
06-29 19:32:35.894 21390 21409 I FontLog : (REDACTED) Query [%s] resolved to %s
06-29 19:32:35.899 21390 21409 I FontLog : (REDACTED) Font PFD returned from cache for %s
06-29 19:32:35.899 21390 21409 I FontLog : (REDACTED) Fetch %s end status %s
06-29 19:32:35.903 22966 22966 E d.process.medi: Not starting debugger since process cannot load the jdwp agent.
06-29 19:32:35.906 21390 22900 I FontLog : (REDACTED) Pulling font file for id = %d, cache size = %d
06-29 19:32:35.923  1958  3853 W BaseMiuiPhoneWindowManager: keyCode:3 down:false eventTime:26311753 downTime:26311688 policyFlags:2b000002 flags:48 deviceId:-1 isScreenOn:true keyguardActive:false repeatCount:0
06-29 19:32:35.927 25666 25666 I VideoToolBoxService: onReceive: android.intent.action.CLOSE_SYSTEM_DIALOGS
06-29 19:32:35.927 25666 25666 I GameBoosterService: onReceive: android.intent.action.CLOSE_SYSTEM_DIALOGS
06-29 19:32:35.928  1958  2089 I ActivityTaskManager: START u0 {act=android.intent.action.MAIN cat=[android.intent.category.HOME] flg=0x10000100 cmp=com.miui.home/.launcher.Launcher (has extras)} from uid 0
06-29 19:32:35.938 25666 25951 I ProcessMonitor: onForegroundInfoChanged: ForegroundInfo{mForegroundPackageName='com.miui.home', mForegroundUid=10094, mForegroundPid=25324, mLastForegroundPackageName='com.miui.securitycenter', mLastForegroundUid=1000, mLastForegroundPid=19737, mMultiWindowForegroundPackageName='null', mMultiWindowForegroundUid=-1, mFlags=0}
06-29 19:32:35.938  5428  5447 I GST     : forePkg: com.miui.home, preForePkg: com.miui.securitycenter
06-29 19:32:35.939  5413  5455 D PerfEngineController: ForegroundInfo{mForegroundPackageName='com.miui.home', mForegroundUid=10094, mForegroundPid=25324, mLastForegroundPackageName='com.miui.securitycenter', mLastForegroundUid=1000, mLastForegroundPid=19737, mMultiWindowForegroundPackageName='null', mMultiWindowForegroundUid=-1, mFlags=0}
06-29 19:32:35.939 21314 21377 I ProcessMonitor: onForegroundInfoChanged: ForegroundInfo{mForegroundPackageName='com.miui.home', mForegroundUid=10094, mForegroundPid=25324, mLastForegroundPackageName='com.miui.securitycenter', mLastForegroundUid=1000, mLastForegroundPid=19737, mMultiWindowForegroundPackageName='null', mMultiWindowForegroundUid=-1, mFlags=0}
06-29 19:32:35.939 25666 25951 I GameBoosterService: onForegroundInfoChanged: Cur=com.miui.home  last=com.miui.securitycenter
06-29 19:32:35.940 25666 25951 D GameBoosterService: onGameStatusChange foreground:ForegroundInfo{mForegroundPackageName='com.miui.home', mForegroundUid=10094, mForegroundPid=25324, mLastForegroundPackageName='com.miui.securitycenter', mLastForegroundUid=1000, mLastForegroundPid=19737, mMultiWindowForegroundPackageName='null', mMultiWindowForegroundUid=-1, mFlags=0}
06-29 19:32:35.940 25666 25951 I VideoBoxUtils: isSupportVideoBox: false
06-29 19:32:35.940 25666 25951 I VideoToolBoxService: vtb is closed!!!
06-29 19:32:35.943  1958  2089 I Timeline: Timeline: App_transition_ready time:26311773
06-29 19:32:35.945 19737 19737 W ActivityThread: SCHED: com.miui.securitycenter/com.miui.appmanager.ApplicationsDetailsActivity [78, r=206ms, a=56ms, w=2572ms]
06-29 19:32:35.948  1958  5236 I Timeline: Timeline: App_transition_ready time:26311778
06-29 19:32:35.951  1958  1997 I Timeline: Timeline: App_transition_ready time:26311781
06-29 19:32:35.956  1958  5236 I Timeline: Timeline: App_transition_ready time:26311786
06-29 19:32:35.960 25324 25324 D Launcher.Lifecycle: onStart:UserHandle{0},e938a99,false
06-29 19:32:35.960  3633  3633 I CNSS    : Failed to send nl message
06-29 19:32:35.960 25324 26142 I RenderThread: RenderThread resumed
06-29 19:32:35.960 25324 26142 I RenderThread: All controllers paused.
06-29 19:32:35.960 25324 26142 I RenderThread: RenderThread paused, waiting for signal
06-29 19:32:35.963 25359  2617 D PMonitor:  onForegroundActivitiesChanged:pid = 25324,activity-uid=10094,foregroundActivities=true
06-29 19:32:35.963  2181  2181 D StatusBar: recevie broadbcast ACTION_APPLICATION_MESSAGE_QUERY, requestFirstTime=false
06-29 19:32:35.967 25324 25324 E RotationHelper: setCurrentStateRequest: request=0
06-29 19:32:35.967 25324 25324 D EventBus: No subscribers registered for event class com.miui.home.launcher.common.messages.CloseAllOverLauncherWindowMessage
06-29 19:32:35.967 25324 25324 D EventBus: No subscribers registered for event class org.greenrobot.eventbus.NoSubscriberEvent
06-29 19:32:35.968 25324 25324 D Launcher.Lifecycle: onResume:UserHandle{0},e938a99,false
06-29 19:32:35.969 25324 26142 I RenderThread: RenderThread resumed
06-29 19:32:35.969 25324 26142 I RenderThread: All controllers paused.
06-29 19:32:35.969 25324 26142 I RenderThread: RenderThread paused, waiting for signal
06-29 19:32:35.972  2181  2181 W HeadsUpManager: removeHeadsUpNotification() no heads up notification on show
06-29 19:32:35.972 25666 25666 I VideoToolBoxService: onReceive: android.intent.action.CLOSE_SYSTEM_DIALOGS
06-29 19:32:35.972 25324 25393 D StatusBarController: handleMessage: flag 800000  disable false
06-29 19:32:35.972 25666 25666 I GameBoosterService: onReceive: android.intent.action.CLOSE_SYSTEM_DIALOGS
06-29 19:32:35.972  2181  2181 I vol.MiuiVolumeDialogImp: dismissH mShowing:false dialog showing:false reason:2
06-29 19:32:35.973  1958  1997 I Timeline: Timeline: App_transition_ready time:26311803
06-29 19:32:35.979  1958  3853 I Timeline: Timeline: App_transition_ready time:26311810
06-29 19:32:35.987  1958  1997 I Timeline: Timeline: App_transition_ready time:26311817
06-29 19:32:36.004 25324 25324 D Launcher_WallpaperUtils: changeStatusBarMode:false
06-29 19:32:36.004 25324 25324 D RecentsImpl: mActivityStateObserver com.miui.home.launcher.Launcher
06-29 19:32:36.004 25324 25324 W RecentsImpl: onResumed className=com.miui.home.launcher.Launcher   mIsInAnotherPro=false
06-29 19:32:36.004 25324 25324 D Launcher.Lifecycle: onWindowFocusChanged:true,UserHandle{0},e938a99,false
06-29 19:32:36.004 25324 25324 D Launcher_UnlockAnimationStateMachine: onWindowFocus:IDLE
06-29 19:32:36.019 21390 21409 I FontLog : (REDACTED) Received query %s, URI %s
06-29 19:32:36.020 21390 21409 I FontLog : (REDACTED) Query [%s] resolved to %s
06-29 19:32:36.024 21390 21409 I FontLog : (REDACTED) Font PFD returned from cache for %s
06-29 19:32:36.024 21390 21409 I FontLog : (REDACTED) Fetch %s end status %s
06-29 19:32:36.028 21390 15305 I FontLog : (REDACTED) Pulling font file for id = %d, cache size = %d
06-29 19:32:36.031  1958  1997 I Timeline: Timeline: App_transition_ready time:26311861
06-29 19:32:36.045 25324 25990 E LauncherAnimationRunner: onAnimationStart
06-29 19:32:36.045 25324 25990 E LauncherAnimationRunner: onAnimationStart:   mode=0   taskId=1
06-29 19:32:36.045 25324 25990 E LauncherAnimationRunner: onAnimationStart:   mode=1   taskId=1096
06-29 19:32:36.046 21390 21409 I FontLog : (REDACTED) Received query %s, URI %s
06-29 19:32:36.047 21390 21409 I FontLog : (REDACTED) Query [%s] resolved to %s
06-29 19:32:36.047 28084 28084 I GoogleInputMethodService: GoogleInputMethodService.onFinishInput():1984
06-29 19:32:36.048 25324 25324 E QuickstepAppTransitionManagerImpl: startClosingWindowAnimators
06-29 19:32:36.048 25324 25324 D ItemIcon: getClosingAppDefaultDisappearRect, Rotation=0
06-29 19:32:36.048 25324 25324 E ClipAnimationHelper: updateSourceStack  mSourceInsets=Rect(0, 79 - 0, 127), mSourceStackBounds=Rect(0, 0 - 1080, 2340)
06-29 19:32:36.048 25324 25324 E ClipAnimationHelper: updateHomeStack  mSourceInsets=Rect(0, 79 - 0, 127), mHomeStackBounds=Rect(0, 0 - 1080, 2340)
06-29 19:32:36.048 25324 25324 E ClipAnimationHelper: updateTargetRect  mSourceRect=RectF(0.0, 79.0, 1080.0, 2419.0)   mTargetRect=RectF(0.0, 0.0, 1080.0, 2340.0)   mSourceWindowClipInsets=RectF(0.0, 79.0, 0.0, 0.0)   mHomeStackBounds=Rect(0, 0 - 1080, 2340)   targetRect=Rect(0, 0 - 1080, 2340)
06-29 19:32:36.048 21390 21409 I FontLog : (REDACTED) Font PFD returned from cache for %s
06-29 19:32:36.048 28084 28084 I Module  : DeviceLockedStatusModuleProvider$Module.updateDeviceLockedStatus():100 repeatCheckTimes = 0, locked = false
06-29 19:32:36.048 21390 21409 I FontLog : (REDACTED) Fetch %s end status %s
06-29 19:32:36.048 28084 28084 I GoogleInputMethodService: GoogleInputMethodService.onStartInput():1248 onStartInput(EditorInfo{EditorInfo{packageName=com.miui.home, inputType=0, inputTypeString=NULL, enableLearning=false, autoCorrection=false, autoComplete=false, imeOptions=0, privateImeOptions=null, actionName=UNSPECIFIED, actionLabel=null, initialSelStart=-1, initialSelEnd=-1, initialCapsMode=0, label=null, fieldId=2131361997, fieldName=null, extras=null, hintText=null, hintLocales=[]}}, false)
06-29 19:32:36.049 25324 25324 E QuickstepAppTransitionManagerImpl: startClosingWindowAnimators:startRect=RectF(0.0, 0.0, 1080.0, 2340.0), targetRect=Rect(504, 701 - 576, 773), currentRotation=0, isUseSimpleAnim=true
06-29 19:32:36.049 25324 25393 E StateBroadcastUtils: sendFsStateBroadCast state=closeWindow   channel=navigation_barpackageName=
06-29 19:32:36.050 28084 28084 I Module  : DeviceLockedStatusModuleProvider$Module.updateDeviceLockedStatus():100 repeatCheckTimes = 1, locked = false
06-29 19:32:36.050 25324 25324 D QuickstepAppTransitionManagerImpl: startClosingWindowAnimators, springAnim start, hideicon=null
06-29 19:32:36.050 25324 25324 E QuickstepAppTransitionManagerImpl: startLauncherContentAnimator:isAppOpening=false
06-29 19:32:36.050 25324 25324 D EventBus: No subscribers registered for event class com.miui.home.recents.messages.TaskSnapshotChangedEvent
06-29 19:32:36.050 25324 25324 D EventBus: No subscribers registered for event class org.greenrobot.eventbus.NoSubscriberEvent
06-29 19:32:36.062  3633  3633 I CNSS    : Failed to send nl message
06-29 19:32:36.063 25666  8788 I SCTaskStackListener: onTaskStackChanged! inSplit = false
06-29 19:32:36.063 25666 25951 I SCTaskStackListener: onTaskStackChanged! inSplit = false
06-29 19:32:36.064 21390 21409 I FontLog : (REDACTED) Pulling font file for id = %d, cache size = %d
06-29 19:32:36.094 19737 22612 W SystemConfig: No directory /product_services/etc/sysconfig, skipping
06-29 19:32:36.094 19737 22612 W SystemConfig: No directory /product_services/etc/permissions, skipping
06-29 19:32:36.097 21856 21874 I CloudSettingsProvider: uriMatch : 2
06-29 19:32:36.119  2181  2181 D ControlPanelWindowManager: onExpandChange: false
06-29 19:32:36.123  2181  2181 D systemui_boost: control center panel visible = false;ui thread tid=2181;render thread tid=2869
06-29 19:32:36.124 25324 25324 W RecentsImpl: updateFsgWindowVisibilityState   isEnter=false   typeFrom=typefrom_status_bar_expansion   isOpen=false   mIsInAnotherPro=false   mIsStatusBarExpansion=false
06-29 19:32:36.124  2181  2181 D systemui_boost: thread tid=2181, priority is set to -10
06-29 19:32:36.124  2181  2181 D systemui_boost: thread tid=2869, priority is set to -10
06-29 19:32:36.124  2181  2181 D systemui_boost: ui thread and render thread are reset
06-29 19:32:36.124  2181  2181 D QSControlCenterTileLayout: setExpanded:false
06-29 19:32:36.124  2181  2181 D QSControlCenterTileLayout: onMeasure height:409  showLines:2
06-29 19:32:36.124  2181  2181 D QSControlCenterTileLayout: onMeasure height:409  showLines:2
06-29 19:32:36.126 22966 22966 I Perf    : Connecting to perf service.
06-29 19:32:36.129  2181  2181 D QSControlCenterTileLayout: onMeasure height:409  showLines:2
06-29 19:32:36.129  2181  2181 D QSControlCenterTileLayout: onMeasure height:409  showLines:2
06-29 19:32:36.138 19737 19737 D ApplicationsDetailActivity: Rom support:false, SystemApp:false, isInCloudList:false, temporaryCloud:false
06-29 19:32:36.150 22966 22966 E ANDR-PERF: IPerf:: Perf HAL Service is not available.
06-29 19:32:36.153 22966 22966 E ANDR-PERF: IPerf:: Perf HAL Service is not available.
06-29 19:32:36.161 21390 15305 I FontLog : (REDACTED) Received query %s, URI %s
06-29 19:32:36.161 21390 15305 I FontLog : (REDACTED) Query [%s] resolved to %s
06-29 19:32:36.162 21390 15305 I FontLog : (REDACTED) Font PFD returned from cache for %s
06-29 19:32:36.162 21390 15305 I FontLog : (REDACTED) Fetch %s end status %s
06-29 19:32:36.166 21390 22900 I FontLog : (REDACTED) Pulling font file for id = %d, cache size = %d
06-29 19:32:36.168  3633  3633 I CNSS    : Failed to send nl message
06-29 19:32:36.193 22966 22966 I FeatureParser: can't find violet.xml in assets/device_features/,it may be in /system/etc/device_features
06-29 19:32:36.182 22966 22966 W d.process.media: type=1400 audit(0.0:16496): avc: denied { read } for name="u:object_r:vendor_default_prop:s0" dev="tmpfs" ino=24807 scontext=u:r:mediaprovider:s0:c512,c768 tcontext=u:object_r:vendor_default_prop:s0 tclass=file permissive=0
06-29 19:32:36.196 22966 22966 E libc    : Access denied finding property "ro.vendor.df.effect.conflict"
06-29 19:32:36.242 22931 22964 E Perf    : Fail to get file list lib
06-29 19:32:36.242 22931 22964 E Perf    : getFolderSize() : Exception_1 = java.lang.NullPointerException: Attempt to get length of null array
06-29 19:32:36.266  3633  3633 I CNSS    : Failed to send nl message
06-29 19:32:36.308 22931 22961 I cr_LibraryLoader: Successfully loaded native library
06-29 19:32:36.315 22931 22961 I cr_CachingUmaRecorder: Flushed 13 samples from 12 histograms, 0 samples were dropped.
06-29 19:32:36.361 22966 22987 E Perf    : Fail to get file list com.android.providers.media
06-29 19:32:36.361 22966 22987 E Perf    : getFolderSize() : Exception_1 = java.lang.NullPointerException: Attempt to get length of null array
06-29 19:32:36.361 22966 22987 E Perf    : Fail to get file list com.android.providers.media
06-29 19:32:36.362 22966 22987 E Perf    : getFolderSize() : Exception_1 = java.lang.NullPointerException: Attempt to get length of null array
06-29 19:32:36.368  3633  3633 I CNSS    : Failed to send nl message
06-29 19:32:36.376 22966 22988 I MediaProvider: Begin android.intent.action.PACKAGE_DATA_CLEARED
06-29 19:32:36.384  3633  3633 I CNSS    : Failed to send nl message
06-29 19:32:36.395  3633  3633 I CNSS    : Failed to send nl message
06-29 19:32:36.416 22966 22988 I MediaProvider: End android.intent.action.PACKAGE_DATA_CLEARED
06-29 19:32:36.515 22052 22106 I Finsky:background: [12970] RECEIVER_ENGAGE_PACKAGE_CHANGED#logWorkEndAndFinishGoAsync:SUCCESS
06-29 19:32:36.518  5140 25868 D IdProviderImpl: getVAID
06-29 19:32:36.540 25324 25324 D QuickstepAppTransitionManagerImpl: startClosingWindowAnimators, springAnim end, reset icon=null
06-29 19:32:36.541  1958  3853 I Timeline: Timeline: Activity_windows_visible id: ActivityRecord{ddb1799 u0 com.miui.home/.launcher.Launcher t1} time:26312371
06-29 19:32:36.544 25324 25975 E LauncherAnimationRunner: finish: mFinishRunnable.run
06-29 19:32:36.544  2181  2181 D EventBus: [2181, u0] send(AppTransitionFinishedEvent)
06-29 19:32:36.544  2181  2181 D EventBus: [2181, u0]  -> ForcedResizableInfoActivityController [0xd8e5e6, P1] onBusEvent(AppTransitionFinishedEvent)
06-29 19:32:36.544  2181  2181 D EventBus: [2181, u0] onBusEvent(AppTransitionFinishedEvent) duration: 55 microseconds,avg: 185
06-29 19:32:36.545  2181  2181 D EventBus: [2181, u0] send(AppTransitionFinishedEvent)
06-29 19:32:36.545  2181  2181 D EventBus: [2181, u0]  -> ForcedResizableInfoActivityController [0xd8e5e6, P1] onBusEvent(AppTransitionFinishedEvent)
06-29 19:32:36.545  3633  3633 I CNSS    : Failed to send nl message
06-29 19:32:36.546  2181  2181 D EventBus: [2181, u0] onBusEvent(AppTransitionFinishedEvent) duration: 695 microseconds, avg: 185
06-29 19:32:36.546 25324 25324 E RotationHelper: setCurrentTransitionRequest: request=0
06-29 19:32:36.547  3633  3633 I CNSS    : Failed to send nl message
06-29 19:32:36.550  1958  1997 I Timeline: Timeline: App_transition_stopped time:26312380
06-29 19:32:36.554  3633  3633 I CNSS    : Failed to send nl message
06-29 19:32:36.554  1958  1996 I chatty  : uid=1000(system) android.display expire 1 line
06-29 19:32:36.557   613 22992 E ResolverController: No valid NAT64 prefix (107, <unspecified>/0)
06-29 19:32:36.560   614   614 D Zygote  : Forked child process 22993
06-29 19:32:36.572   613  2099 D OemNetd : setPidForPackage: packageName=com.google.android.documentsui, pid=22993, pid=10066
06-29 19:32:36.572  1958  2011 I ActivityManager: Start proc 22993:com.google.android.documentsui/u0a66 for broadcast {com.google.android.documentsui/com.android.documentsui.PackageReceiver} caller=android
06-29 19:32:36.573  3633  3633 I CNSS    : Failed to send nl message
06-29 19:32:36.579 22993 22993 E oid.documentsu: Not starting debugger since process cannot load the jdwp agent.
06-29 19:32:36.591 25359  2617 D PMonitor:  onForegroundActivitiesChanged:pid = 19737,activity-uid=1000,foregroundActivities=false
06-29 19:32:36.661  1958  2009 W UsageStatsService: Failed to note usage stop
06-29 19:32:36.661  1958  2009 W UsageStatsService: java.lang.IllegalArgumentException: Unable to stop usage for com.miui.securitycenter, not in use
06-29 19:32:36.661  1958  2009 W UsageStatsService:     at com.android.server.usage.AppTimeLimitController.noteUsageStop(AppTimeLimitController.java:955)
06-29 19:32:36.661  1958  2009 W UsageStatsService:     at com.android.server.usage.UsageStatsService.reportEvent(UsageStatsService.java:558)
06-29 19:32:36.661  1958  2009 W UsageStatsService:     at com.android.server.usage.UsageStatsService$H.handleMessage(UsageStatsService.java:879)
06-29 19:32:36.661  1958  2009 W UsageStatsService:     at android.os.Handler.dispatchMessage(Handler.java:107)
06-29 19:32:36.661  1958  2009 W UsageStatsService:     at android.os.Looper.loop(Looper.java:224)
06-29 19:32:36.661  1958  2009 W UsageStatsService:     at android.os.HandlerThread.run(HandlerThread.java:67)
06-29 19:32:36.697 22621 22649 I MMKV    : <MemoryFile.cpp:97::open> open fd[0x71], /data/user/0/com.xiaomi.mipicks/files/mmkv/self_update
06-29 19:32:36.697 22621 22649 I MMKV    : <MemoryFile.cpp:97::open> open fd[0x7a], /data/user/0/com.xiaomi.mipicks/files/mmkv/self_update.crc
06-29 19:32:36.728  5140  5156 W System  : A resource failed to call end.
06-29 19:32:36.728  5140 23013 I com.lbe.security.service.provider.WakePathDatabaseUtil: getDefaultAutoStartApps
06-29 19:32:36.778  3633  3633 I CNSS    : Failed to send nl message
06-29 19:32:36.791  5140 23013 I com.lbe.security.service.provider.WakePathDatabaseUtil: writeWakePathWhiteList
06-29 19:32:36.792 22621 22649 I MMKV    : <MMKV_IO.cpp:81::loadFromFile> loading [self_update] with 500 actual size, file size 4096, InterProcess 1, meta info version:3
06-29 19:32:36.792 22621 22649 I MMKV    : <MMKV_IO.cpp:86::loadFromFile> loading [self_update] with crc 345960319 sequence 1 version 3
06-29 19:32:36.792 22621 22649 I MMKV    : <MMKV_IO.cpp:130::loadFromFile> loaded [self_update] with 1 key-values
06-29 19:32:36.797  5140 23013 I com.lbe.security.service.provider.WakePathDatabaseUtil: getWakePathWhiteList: whiteList.size=4
06-29 19:32:36.797  1958  5236 I WakePathChecker: MIUILOG-WAKEPATH pushWakePathWhiteList: userId=0 size=4
06-29 19:32:36.803 22621 22663 W FirebaseRemoteConfig: No value of type 'FirebaseRemoteConfigValue' exists for parameter key 'disableForeServiceDevices'.
06-29 19:32:36.812 25359  2617 D PMonitor:  onProcessDied:pid = 22621,died-uid=10127
06-29 19:32:36.853  1958  2010 E NotificationService: Suppressing notification from package by user request.
06-29 19:32:36.853 25359  2617 D PMonitor:  onProcessDied:pid = 22621,died-uid=10127
06-29 19:32:36.854 22621 22621 W FirebaseRemoteConfig: No value of type 'FirebaseRemoteConfigValue' exists for parameter key 'disableForeServiceDevices'.
06-29 19:32:36.857 25359  2617 D PMonitor:  onProcessDied:pid = 22621,died-uid=10127
06-29 19:32:36.881  3633  3633 I CNSS    : Failed to send nl message
06-29 19:32:37.093  3633  3633 I CNSS    : Failed to send nl message
06-29 19:32:37.097 22993 22993 I Perf    : Connecting to perf service.
06-29 19:32:37.145 22993 22993 I FeatureParser: can't find violet.xml in assets/device_features/,it may be in /system/etc/device_features
06-29 19:32:37.155 22993 23017 W ThemeOverlayManager: Skip enabled overlay package:com.miui.documentsuioverlay, user:UserHandle{0}
06-29 19:32:37.188  3633  3633 I CNSS    : Failed to send nl message
06-29 19:32:37.221 22993 22993 D DocumentsApplication: OverlayManager.setEnabled() result: false
06-29 19:32:37.222  1958  3853 I chatty  : uid=1000(system) Binder:1958_E expire 1 line
06-29 19:32:37.223 22993 23021 E Perf    : Fail to get file list com.google.android.documentsui
06-29 19:32:37.223 22993 23021 E Perf    : getFolderSize() : Exception_1 = java.lang.NullPointerException: Attempt to get length of null array
06-29 19:32:37.223 22993 23021 E Perf    : Fail to get file list com.google.android.documentsui
06-29 19:32:37.224 22993 23021 E Perf    : getFolderSize() : Exception_1 = java.lang.NullPointerException: Attempt to get length of null array
06-29 19:32:37.228  1958  2104 I chatty  : uid=1000(system) MiuiNetworkPoli expire 1 line
06-29 19:32:37.228  1958  2104 I MiuiNetworkPolicy: updateUidState uid = 10066, uidState = 20
06-29 19:32:37.237  1958  5236 D CompatibilityInfo: mCompatibilityFlags - 0
06-29 19:32:37.237  1958  5236 D CompatibilityInfo: applicationDensity - 432
06-29 19:32:37.237  1958  5236 D CompatibilityInfo: applicationScale - 1.0
06-29 19:32:37.247  1958  2104 I MiuiNetworkPolicy: updateUidState uid = 10095, uidState = 20
06-29 19:32:37.273 21390 23024 I Fitness : (REDACTED) FitCleanupIntentOperation received Intent %s
06-29 19:32:37.278   614   614 D Zygote  : Forked child process 23025
06-29 19:32:37.283   613  2099 D OemNetd : setPidForPackage: packageName=com.google.android.permissioncontroller, pid=23025, pid=10095
06-29 19:32:37.283  1958  2011 I ActivityManager: Start proc 23025:com.google.android.permissioncontroller/u0a95 for broadcast {com.google.android.permissioncontroller/com.android.packageinstaller.permission.service.LocationAccessCheck$PackageResetHandler} caller=android
06-29 19:32:37.289 23025 23025 E ssioncontrolle: Not starting debugger since process cannot load the jdwp agent.
06-29 19:32:37.290  3633  3633 I CNSS    : Failed to send nl message
06-29 19:32:37.304  1958  3853 D CompatibilityInfo: mCompatibilityFlags - 0
06-29 19:32:37.305  1958  3853 D CompatibilityInfo: applicationDensity - 432
06-29 19:32:37.305  1958  3853 D CompatibilityInfo: applicationScale - 1.0
06-29 19:32:37.309  1958  5236 D CompatibilityInfo: mCompatibilityFlags - 0
06-29 19:32:37.309  1958  5236 D CompatibilityInfo: applicationDensity - 432
06-29 19:32:37.309  1958  5236 D CompatibilityInfo: applicationScale - 1.0
06-29 19:32:37.313  1958  5236 D CompatibilityInfo: mCompatibilityFlags - 0
06-29 19:32:37.313  1958  5236 D CompatibilityInfo: applicationDensity - 432
06-29 19:32:37.313  1958  5236 D CompatibilityInfo: applicationScale - 1.0
06-29 19:32:37.315  1958  3853 D CompatibilityInfo: mCompatibilityFlags - 0
06-29 19:32:37.315  1958  3853 D CompatibilityInfo: applicationDensity - 432
06-29 19:32:37.316  1958  3853 D CompatibilityInfo: applicationScale - 1.0
06-29 19:32:37.318  1958  2104 I MiuiNetworkPolicy: updateUidState uid = 10095, uidState = 12
06-29 19:32:37.320  3633  3633 I CNSS    : Failed to send nl message
06-29 19:32:37.323 13482 23034 I Blockstore: [PackageIntentOperation] Checking the restore timespan. [CONTEXT service_id=258 ]
06-29 19:32:37.326  1958  3853 D CompatibilityInfo: mCompatibilityFlags - 0
06-29 19:32:37.326  1958  3853 D CompatibilityInfo: applicationDensity - 432
06-29 19:32:37.326  1958  3853 D CompatibilityInfo: applicationScale - 1.0
06-29 19:32:37.327  3633  3633 I CNSS    : Failed to send nl message
06-29 19:32:37.328   511   511 I hwservicemanager: getTransport: Cannot find entry vendor.qti.hardware.servicetracker@1.0::IServicetracker/default in either framework or device manifest.
06-29 19:32:37.331  3633  3633 I CNSS    : Failed to send nl message
06-29 19:32:37.331 13482 23043 I NearbyDiscovery: (REDACTED) processGrantSlicePermission: %s
06-29 19:32:37.332  3633  3633 I CNSS    : Failed to send nl message
06-29 19:32:37.337  3633  3633 I chatty  : uid=1000(system) /system/vendor/bin/cnss_diag identical 3 lines
06-29 19:32:37.339  3633  3633 I CNSS    : Failed to send nl message
06-29 19:32:37.361 13482 13482 D BoundBrokerSvc: onBind: Intent { act=com.google.android.gms.backup.GMS_MODULE_RESTORE dat=chimera-action: cmp=com.google.android.gms/.chimera.GmsInternalBoundBrokerService }
06-29 19:32:37.362 13482 13482 D BoundBrokerSvc: Loading bound service for intent: Intent { act=com.google.android.gms.backup.GMS_MODULE_RESTORE dat=chimera-action: cmp=com.google.android.gms/.chimera.GmsInternalBoundBrokerService }
06-29 19:32:37.362  1958  5269 D CompatibilityInfo: mCompatibilityFlags - 0
06-29 19:32:37.362  1958  5269 D CompatibilityInfo: applicationDensity - 432
06-29 19:32:37.362  1958  5269 D CompatibilityInfo: applicationScale - 1.0
06-29 19:32:37.363   511   511 I hwservicemanager: getTransport: Cannot find entry vendor.qti.hardware.servicetracker@1.0::IServicetracker/default in either framework or device manifest.
06-29 19:32:37.372 13482 18882 I Icing   : doRemovePackageData com.BHG.sharechat
06-29 19:32:37.393  3633  3633 I CNSS    : Failed to send nl message
06-29 19:32:37.406   511   511 I hwservicemanager: getTransport: Cannot find entry vendor.qti.hardware.servicetracker@1.0::IServicetracker/default in either framework or device manifest.
06-29 19:32:37.417 23025 23025 I Perf    : Connecting to perf service.
06-29 19:32:37.430   511   511 I hwservicemanager: getTransport: Cannot find entry vendor.qti.hardware.servicetracker@1.0::IServicetracker/default in either framework or device manifest.
06-29 19:32:37.435 13482 23034 I Blockstore: [PackageIntentOperation] Received broadcast before a restore was started. [CONTEXT service_id=258 ]
06-29 19:32:37.468 23025 23025 I FeatureParser: can't find violet.xml in assets/device_features/,it may be in /system/etc/device_features
06-29 19:32:37.478 21390 20582 I AlarmManager: setExactAndAllowWhileIdle [name: GCM_HB_ALARM type: 2 triggerAtMillis: 114533438]
06-29 19:32:37.481 21390 20582 I AlarmManager: setExactAndAllowWhileIdle [name: GCM_HB_ALARM type: 2 triggerAtMillis: 114533441]
06-29 19:32:37.484   511   511 I hwservicemanager: getTransport: Cannot find entry vendor.qti.hardware.servicetracker@1.0::IServicetracker/default in either framework or device manifest.
06-29 19:32:37.488   511   511 I hwservicemanager: getTransport: Cannot find entry vendor.qti.hardware.servicetracker@1.0::IServicetracker/default in either framework or device manifest.
06-29 19:32:37.495  3633  3633 I CNSS    : Failed to send nl message
06-29 19:32:37.510 23025 23051 E Perf    : Fail to get file list com.google.android.permissioncontroller
06-29 19:32:37.511 23025 23051 E Perf    : getFolderSize() : Exception_1 = java.lang.NullPointerException: Attempt to get length of null array
06-29 19:32:37.511 23025 23051 E Perf    : Fail to get file list com.google.android.permissioncontroller
06-29 19:32:37.511 23025 23051 E Perf    : getFolderSize() : Exception_1 = java.lang.NullPointerException: Attempt to get length of null array
06-29 19:32:37.523  1958  5236 D CompatibilityInfo: mCompatibilityFlags - 0
06-29 19:32:37.523  1958  5236 D CompatibilityInfo: applicationDensity - 432
06-29 19:32:37.523  1958  5236 D CompatibilityInfo: applicationScale - 1.0
06-29 19:32:37.532  1958  5269 D CompatibilityInfo: mCompatibilityFlags - 0
06-29 19:32:37.532  1958  5269 D CompatibilityInfo: applicationDensity - 432
06-29 19:32:37.532  1958  5269 D CompatibilityInfo: applicationScale - 1.0
06-29 19:32:37.538  1958  5269 W BroadcastQueueInjector: Unable to launch app app.revanced.android.gms/10687 for broadcast Intent { act=android.intent.action.PACKAGE_DATA_CLEARED dat=package:com.BHG.sharechat flg=0x1000010 (has extras) }: process is not permitted to  auto start
06-29 19:32:37.541  1958  2104 I MiuiNetworkPolicy: updateUidState uid = 10095, uidState = 20
06-29 19:32:37.541  1958  2010 W BroadcastQueueInjector: Unable to launch app com.google.android.apps.photos/10214 for broadcast Intent { act=android.intent.action.PACKAGE_DATA_CLEARED dat=package:com.BHG.sharechat flg=0x1000010 (has extras) }: process is not permitted to  auto start
06-29 19:32:37.548   511   511 I hwservicemanager: getTransport: Cannot find entry vendor.qti.hardware.servicetracker@1.0::IServicetracker/default in either framework or device manifest.
06-29 19:32:37.552 21390 21390 D BoundBrokerSvc: onRebind: Intent { act=com.google.android.contextmanager.service.ContextManagerLogsUploadBoundService.ACTION_TASK_READY dat=chimera-action: cmp=com.google.android.gms/.chimera.PersistentInternalBoundBrokerService }
06-29 19:32:37.553 21390 23050 I NetworkScheduler.Stats: (REDACTED) Task %s/%s started execution. cause:%s exec_start_elapsed_seconds: %s
06-29 19:32:37.570   511   511 I hwservicemanager: getTransport: Cannot find entry vendor.qti.hardware.servicetracker@1.0::IServicetracker/default in either framework or device manifest.
06-29 19:32:37.571 21390 22259 I NetworkScheduler.Stats: (REDACTED) Task %s/%s finished executing. cause:%s result: %s elapsed_millis: %s uptime_millis: %s exec_start_elapsed_seconds: %s
06-29 19:32:37.572 21390 21390 D BoundBrokerSvc: onUnbind: Intent { act=com.google.android.contextmanager.service.ContextManagerLogsUploadBoundService.ACTION_TASK_READY dat=chimera-action: cmp=com.google.android.gms/.chimera.PersistentInternalBoundBrokerService }
06-29 19:32:37.700  3633  3633 I CNSS    : Failed to send nl message
06-29 19:32:37.830  3633  3633 I chatty  : uid=1000(system) /system/vendor/bin/cnss_diag identical 10 lines
06-29 19:32:37.905  3633  3633 I CNSS    : Failed to send nl message
06-29 19:32:38.004 19737 22613 I FA      : Application backgrounded at: timestamp_millis: 1751205755958
06-29 19:32:38.109  3633  3633 I CNSS    : Failed to send nl message
06-29 19:32:38.286  3633  3633 I chatty  : uid=1000(system) /system/vendor/bin/cnss_diag identical 7 lines
06-29 19:32:38.291  3633  3633 I CNSS    : Failed to send nl message
06-29 19:32:38.292  2416  3294 D QCNEJ/WlanStaInfoRelay: Received action: android.net.wifi.RSSI_CHANGED
06-29 19:32:38.293  2416  3294 I QCNEJ/NativeHalConnector: -> SND notifyWlanStaStatusChanged([WlanStaInfo]: wifiSwitchState = 2 rssi = -57 ssid = -5G bssid = a8:3a:48:02:dd:f1 dnsInfo = 8.8.8.8;1.1.1.1;0.0.0.0;0.0.0.0; freqBand = _5GHz countryCode = [RatInfo]: networkType = 1 subType = 101 networkState = CONNECTED netHdl = 462967197709 ipAddrV4 = 192.168.1.33 ipAddrV6 =  ifNameV4 = wlan0 ifNameV6 =  slotIdx = 0 isAndroidValidated = true) timeStamp = 2025-06-29 19:32:38.292
06-29 19:32:38.293  3633  3633 I CNSS    : Failed to send nl message
06-29 19:32:38.773  3633  3633 I chatty  : uid=1000(system) /system/vendor/bin/cnss_diag identical 23 lines
06-29 19:32:38.928  3633  3633 I CNSS    : Failed to send nl message
06-29 19:32:39.006 22931 22964 E Perf    : Fail to get file list com.android.chrome
06-29 19:32:39.006 22931 22964 E Perf    : getFolderSize() : Exception_1 = java.lang.NullPointerException: Attempt to get length of null array
06-29 19:32:39.007 22931 22964 E Perf    : Fail to get file list oat
06-29 19:32:39.007 22931 22964 E Perf    : getFolderSize() : Exception_1 = java.lang.NullPointerException: Attempt to get length of null array
06-29 19:32:39.033  3633  3633 I CNSS    : Failed to send nl message
06-29 19:32:39.865  3633  3633 I chatty  : uid=1000(system) /system/vendor/bin/cnss_diag identical 12 lines
06-29 19:32:40.058  3633  3633 I CNSS    : Failed to send nl message
06-29 19:32:40.070 22621 23056 D ProfileInstaller: Skipping profile installation for com.xiaomi.mipicks
06-29 19:32:40.143  3633  3633 I CNSS    : Failed to send nl message
06-29 19:32:40.167  3633  3633 I chatty  : uid=1000(system) /system/vendor/bin/cnss_diag identical 4 lines
06-29 19:32:40.169  3633  3633 I CNSS    : Failed to send nl message
06-29 19:32:40.908 22552 22571 I ualcomm.qti.sm: ProcessProfilingInfo new_methods=0 is saved saved_to_disk=0 resolve_classes_delay=8000
06-29 19:32:41.317  3633  3633 I CNSS    : Failed to send nl message
06-29 19:32:41.339  3633  3633 I CNSS    : Failed to send nl message
06-29 19:32:41.349  2416  3294 D QCNEJ/WlanStaInfoRelay: Received action: android.net.wifi.RSSI_CHANGED
06-29 19:32:41.350  2416  3294 I QCNEJ/NativeHalConnector: -> SND notifyWlanStaStatusChanged([WlanStaInfo]: wifiSwitchState = 2 rssi = -51 ssid = -5G bssid = a8:3a:48:02:dd:f1 dnsInfo = 8.8.8.8;1.1.1.1;0.0.0.0;0.0.0.0; freqBand = _5GHz countryCode = [RatInfo]: networkType = 1 subType = 101 networkState = CONNECTED netHdl = 462967197709 ipAddrV4 = 192.168.1.33 ipAddrV6 =  ifNameV4 = wlan0 ifNameV6 =  slotIdx = 0 isAndroidValidated = true) timeStamp = 2025-06-29 19:32:41.35
06-29 19:32:41.359  3633  3633 I CNSS    : Failed to send nl message
06-29 19:32:44.084  3633  3633 I chatty  : uid=1000(system) /system/vendor/bin/cnss_diag identical 45 lines
06-29 19:32:44.086  3633  3633 I CNSS    : Failed to send nl message
06-29 19:32:44.089 25324 25324 D EventBus: No subscribers registered for event class com.miui.home.launcher.common.messages.EndSpringAnimatorMessage
06-29 19:32:44.089 25324 25324 D EventBus: No subscribers registered for event class org.greenrobot.eventbus.NoSubscriberEvent
06-29 19:32:44.091 25324 25324 D FeedSwipeController: touchState : 0 scrolling : false normalEditing : false WidgetThumbnailViewShowing : false UninstallDialogShowing : false isMinusScreenShowing: false
06-29 19:32:44.091 25324 25324 D FeedSwipeController: can not use
06-29 19:32:44.091 25324 25324 D Launcher.StatusBarController: try intercept touch, isProxySurvive=true
06-29 19:32:44.091  3633  3633 I CNSS    : Failed to send nl message
06-29 19:32:44.093  3633  3633 I CNSS    : Failed to send nl message
06-29 19:32:44.093 25324 25324 D Launcher.Workspace: Workspace touch down
06-29 19:32:44.094 25324 25324 D ScreenView_Workspace: onIntercept:0.0
06-29 19:32:44.094 25324 25324 D ScreenView_Workspace: not intercept
