06-29 19:32:52.834 28084 28084 I Module  : DeviceLockedStatusModuleProvider$Module.updateDeviceLockedStatus():100 repeatCheckTimes = 0, locked = false
06-29 19:32:52.834 28084 28084 I GoogleInputMethodService: GoogleInputMethodService.onStartInput():1248 onStartInput(EditorInfo{EditorInfo{packageName=com.google.android.gms, inputType=0, inputTypeString=NULL, enableLearning=false, autoCorrection=false, autoComplete=false, imeOptions=0, privateImeOptions=null, actionName=UNSPECIFIED, actionLabel=null, initialSelStart=-1, initialSelEnd=-1, initialCapsMode=0, label=null, fieldId=-1, fieldName=null, extras=null, hintText=null, hintLocales=[]}}, false)
06-29 19:32:52.835 28084 28084 I Module  : DeviceLockedStatusModuleProvider$Module.updateDeviceLockedStatus():100 repeatCheckTimes = 1, locked = false
06-29 19:32:52.836  1958  2179 D CompatibilityInfo: mCompatibilityFlags - 0
06-29 19:32:52.836  1958  2179 D CompatibilityInfo: applicationDensity - 432
06-29 19:32:52.836  1958  2179 D CompatibilityInfo: applicationScale - 1.0
06-29 19:32:52.837   511   511 I hwservicemanager: getTransport: Cannot find entry vendor.qti.hardware.servicetracker@1.0::IServicetracker/default in either framework or device manifest.
06-29 19:32:52.849  2181  2181 D EventBus: [2181, u0] send(AppTransitionFinishedEvent)
06-29 19:32:52.849  2181  2181 D EventBus: [2181, u0]  -> ForcedResizableInfoActivityController [0xd8e5e6, P1] onBusEvent(AppTransitionFinishedEvent)
06-29 19:32:52.849  2181  2181 D EventBus: [2181, u0] onBusEvent(AppTransitionFinishedEvent) duration: 23 microseconds,avg: 185
06-29 19:32:52.850   511   511 I hwservicemanager: getTransport: Cannot find entry vendor.qti.hardware.servicetracker@1.0::IServicetracker/default in either framework or device manifest.
06-29 19:32:52.852 13482 16037 I GoogleSignatureVerifier: package info is not set correctly
06-29 19:32:52.855   511   511 I hwservicemanager: getTransport: Cannot find entry vendor.qti.hardware.servicetracker@1.0::IServicetracker/default in either framework or device manifest.
06-29 19:32:52.859  3633  3633 I CNSS    : Failed to send nl message
06-29 19:32:52.861  3633  3633 I chatty  : uid=1000(system) /system/vendor/bin/cnss_diag identical 3 lines
06-29 19:32:52.861  3633  3633 I CNSS    : Failed to send nl message
06-29 19:32:52.863   511   511 I hwservicemanager: getTransport: Cannot find entry vendor.qti.hardware.servicetracker@1.0::IServicetracker/default in either framework or device manifest.
06-29 19:32:52.869   511   511 I hwservicemanager: getTransport: Cannot find entry vendor.qti.hardware.servicetracker@1.0::IServicetracker/default in either framework or device manifest.
06-29 19:32:52.870  1958  2179 D CompatibilityInfo: mCompatibilityFlags - 0
06-29 19:32:52.870  1958  2179 D CompatibilityInfo: applicationDensity - 432
06-29 19:32:52.870  1958  2179 D CompatibilityInfo: applicationScale - 1.0
06-29 19:32:52.870   511   511 I hwservicemanager: getTransport: Cannot find entry vendor.qti.hardware.servicetracker@1.0::IServicetracker/default in either framework or device manifest.
06-29 19:32:52.876   511   511 I chatty  : uid=1000(system) hwservicemanage identical 1 line
06-29 19:32:52.880   511   511 I hwservicemanager: getTransport: Cannot find entry vendor.qti.hardware.servicetracker@1.0::IServicetracker/default in either framework or device manifest.
06-29 19:32:52.882  1958  5269 D CompatibilityInfo: mCompatibilityFlags - 0
06-29 19:32:52.882  1958  5269 D CompatibilityInfo: applicationDensity - 432
06-29 19:32:52.882  1958  5269 D CompatibilityInfo: applicationScale - 1.0
06-29 19:32:52.883   511   511 I hwservicemanager: getTransport: Cannot find entry vendor.qti.hardware.servicetracker@1.0::IServicetracker/default in either framework or device manifest.
06-29 19:32:52.886   511   511 I hwservicemanager: getTransport: Cannot find entry vendor.qti.hardware.servicetracker@1.0::IServicetracker/default in either framework or device manifest.
06-29 19:32:52.890 25666 25951 I SCTaskStackListener: onTaskStackChanged! inSplit = false
06-29 19:32:52.890 25666  8788 I SCTaskStackListener: onTaskStackChanged! inSplit = false
06-29 19:32:52.890   511   511 I hwservicemanager: getTransport: Cannot find entry vendor.qti.hardware.servicetracker@1.0::IServicetracker/default in either framework or device manifest.
06-29 19:32:52.940   511   511 I chatty  : uid=1000(system) hwservicemanage identical 7 lines
06-29 19:32:52.951   511   511 I hwservicemanager: getTransport: Cannot find entry vendor.qti.hardware.servicetracker@1.0::IServicetracker/default in either framework or device manifest.
06-29 19:32:52.954 21390 23271 I AlarmManager: set [name: SystemMemoryCache type: 2 triggerAtMillis: 315473658914 windowMillis: -1 intervalMillis: 0]
06-29 19:32:52.954   511   511 I hwservicemanager: getTransport: Cannot find entry vendor.qti.hardware.servicetracker@1.0::IServicetracker/default in either framework or device manifest.
06-29 19:32:52.956   511   511 I hwservicemanager: getTransport: Cannot find entry vendor.qti.hardware.servicetracker@1.0::IServicetracker/default in either framework or device manifest.
06-29 19:32:52.959  1958  5269 D CompatibilityInfo: mCompatibilityFlags - 0
06-29 19:32:52.959  1958  5269 D CompatibilityInfo: applicationDensity - 432
06-29 19:32:52.959  1958  5269 D CompatibilityInfo: applicationScale - 1.0
06-29 19:32:52.960   511   511 I hwservicemanager: getTransport: Cannot find entry vendor.qti.hardware.servicetracker@1.0::IServicetracker/default in either framework or device manifest.
06-29 19:32:52.986 23249 23249 E LoadedApk: Unable to instantiate appComponentFactory
06-29 19:32:52.986 23249 23249 E LoadedApk: java.lang.ClassNotFoundException: Didn't find class "androidx.core.app.CoreComponentFactory" on path: DexPathList[[zip file "/system/app/Updater/Updater.apk"],nativeLibraryDirectories=[/system/app/Updater/lib/arm64, /system/app/Updater/Updater.apk!/lib/arm64-v8a, /system/lib64, /system/product/lib64, /system/priv-app/RtMiCloudSDK/RtMiCloudSDK.apk!/lib/arm64-v8a, /system/lib64, /system/product/lib64]]
06-29 19:32:52.986 23249 23249 E LoadedApk:     at dalvik.system.BaseDexClassLoader.findClass(BaseDexClassLoader.java:230)
06-29 19:32:52.986 23249 23249 E LoadedApk:     at java.lang.ClassLoader.loadClass(ClassLoader.java:379)
06-29 19:32:52.986 23249 23249 E LoadedApk:     at java.lang.ClassLoader.loadClass(ClassLoader.java:312)
06-29 19:32:52.986 23249 23249 E LoadedApk:     at android.app.LoadedApk.createAppFactory(LoadedApk.java:258)
06-29 19:32:52.986 23249 23249 E LoadedApk:     at android.app.LoadedApk.createOrUpdateClassLoaderLocked(LoadedApk.java:859)
06-29 19:32:52.986 23249 23249 E LoadedApk:     at android.app.LoadedApk.getClassLoader(LoadedApk.java:954)
06-29 19:32:52.986 23249 23249 E LoadedApk:     at android.app.LoadedApk.getResources(LoadedApk.java:1192)
06-29 19:32:52.986 23249 23249 E LoadedApk:     at android.app.ContextImpl.createAppContext(ContextImpl.java:2474)
06-29 19:32:52.986 23249 23249 E LoadedApk:     at android.app.ContextImpl.createAppContext(ContextImpl.java:2466)
06-29 19:32:52.986 23249 23249 E LoadedApk:     at android.app.ActivityThread.handleBindApplication(ActivityThread.java:6481)
06-29 19:32:52.986 23249 23249 E LoadedApk:     at android.app.ActivityThread.access$1400(ActivityThread.java:227)
06-29 19:32:52.986 23249 23249 E LoadedApk:     at android.app.ActivityThread$H.handleMessage(ActivityThread.java:1890)
06-29 19:32:52.986 23249 23249 E LoadedApk:     at android.os.Handler.dispatchMessage(Handler.java:107)
06-29 19:32:52.986 23249 23249 E LoadedApk:     at android.os.Looper.loop(Looper.java:224)
06-29 19:32:52.986 23249 23249 E LoadedApk:     at android.app.ActivityThread.main(ActivityThread.java:7592)
06-29 19:32:52.986 23249 23249 E LoadedApk:     at java.lang.reflect.Method.invoke(Native Method)
06-29 19:32:52.986 23249 23249 E LoadedApk:     at com.android.internal.os.RuntimeInit$MethodAndArgsCaller.run(RuntimeInit.java:539)
06-29 19:32:52.986 23249 23249 E LoadedApk:     at com.android.internal.os.ZygoteInit.main(ZygoteInit.java:950)
06-29 19:32:52.985   511   511 I chatty  : uid=1000(system) hwservicemanage identical 6 lines
06-29 19:32:52.986   511   511 I hwservicemanager: getTransport: Cannot find entry vendor.qti.hardware.servicetracker@1.0::IServicetracker/default in either framework or device manifest.
06-29 19:32:52.987 23249 23249 W android.update: JIT profile information will not be recorded: profile file does not exits.
06-29 19:32:52.987   511   511 I hwservicemanager: getTransport: Cannot find entry vendor.qti.hardware.servicetracker@1.0::IServicetracker/default in either framework or device manifest.
06-29 19:32:52.996 23249 23249 I Perf    : Connecting to perf service.
06-29 19:32:52.998 21390 15305 W Auth.IT : Not adding key, to request. Empty value.
06-29 19:32:53.012 23249 23249 W android.updater: type=1400 audit(0.0:16499): avc: denied { read } for name="u:object_r:vendor_display_prop:s0" dev="tmpfs" ino=24809 scontext=u:r:updater:s0:c512,c768 tcontext=u:object_r:vendor_display_prop:s0 tclass=file permissive=0
06-29 19:32:53.027 23249 23249 E libc    : Access denied finding property "ro.vendor.display.type"
06-29 19:32:53.035 23249 23249 D miuisdk : current sdk level is 24
06-29 19:32:53.036 23249 23249 I miuisdk : initialize without hook
06-29 19:32:53.061  3633  3633 I CNSS    : Failed to send nl message
06-29 19:32:53.071 23249 23249 W Linkify.v16: reflect applyLink failed:
06-29 19:32:53.071 23249 23249 W Linkify.v16: miui.reflect.NoSuchMethodException: Couldn't find method android/text/util/Linkify.applyLink(Ljava/lang/String;IILandroid/text/Spannable;)V
06-29 19:32:53.071 23249 23249 W Linkify.v16:   at com.miui.internal.os.Native.getMethod(Native Method)
06-29 19:32:53.071 23249 23249 W Linkify.v16:   at miui.reflect.Method.of(Method.java:35)
06-29 19:32:53.071 23249 23249 W Linkify.v16:   at com.miui.internal.variable.v16.Android_Text_Util_Linkify_class.<clinit>(Android_Text_Util_Linkify_class.java:70)
06-29 19:32:53.071 23249 23249 W Linkify.v16:   at java.lang.Class.classForName(Native Method)
06-29 19:32:53.071 23249 23249 W Linkify.v16:   at java.lang.Class.forName(Class.java:454)
06-29 19:32:53.071 23249 23249 W Linkify.v16:   at java.lang.Class.forName(Class.java:379)
06-29 19:32:53.071 23249 23249 W Linkify.v16:   at com.miui.internal.variable.AbsClassFactory.create(AbsClassFactory.java:24)
06-29 19:32:53.071 23249 23249 W Linkify.v16:   at com.miui.internal.variable.Android_Text_Util_Linkify_class$Factory.<init>(Android_Text_Util_Linkify_class.java:40)
06-29 19:32:53.071 23249 23249 W Linkify.v16:   at com.miui.internal.variable.Android_Text_Util_Linkify_class$Factory.<init>(Android_Text_Util_Linkify_class.java:26)
06-29 19:32:53.071 23249 23249 W Linkify.v16:   at com.miui.internal.variable.Android_Text_Util_Linkify_class$Factory$1.createInstance(Android_Text_Util_Linkify_class.java:32)
06-29 19:32:53.071 23249 23249 W Linkify.v16:   at com.miui.internal.variable.Android_Text_Util_Linkify_class$Factory$1.createInstance(Android_Text_Util_Linkify_class.java:29)
06-29 19:32:53.071 23249 23249 W Linkify.v16:   at miui.util.SoftReferenceSingleton.get(SoftReferenceSingleton.java:25)
06-29 19:32:53.071 23249 23249 W Linkify.v16:   at com.miui.internal.variable.Android_Text_Util_Linkify_class$Factory.getInstance(Android_Text_Util_Linkify_class.java:44)
06-29 19:32:53.071 23249 23249 W Linkify.v16:   at com.miui.internal.initialization.OverrideHelper.doInitialize(OverrideHelper.java:37)
06-29 19:32:53.071 23249 23249 W Linkify.v16:   at miui.core.SdkManager.initialize(SdkManager.java:99)
06-29 19:32:53.071 23249 23249 W Linkify.v16:   at java.lang.reflect.Method.invoke(Native Method)
06-29 19:32:53.071 23249 23249 W Linkify.v16:   at c.a.a.e(SourceFile:4)
06-29 19:32:53.071 23249 23249 W Linkify.v16:   at c.a.a.<init>(SourceFile:3)
06-29 19:32:53.071 23249 23249 W Linkify.v16:   at com.android.updater.Application.<init>(SourceFile:1)
06-29 19:32:53.071 23249 23249 W Linkify.v16:   at java.lang.Class.newInstance(Native Method)
06-29 19:32:53.071 23249 23249 W Linkify.v16:   at android.app.AppComponentFactory.instantiateApplication(AppComponentFactory.java:76)
06-29 19:32:53.071 23249 23249 W Linkify.v16:   at android.app.Instrumentation.newApplication(Instrumentation.java:1156)
06-29 19:32:53.071 23249 23249 W Linkify.v16:   at android.app.LoadedApk.makeApplication(LoadedApk.java:1224)
06-29 19:32:53.071 23249 23249 W Linkify.v16:   at android.app.ActivityThread.handleBindApplication(ActivityThread.java:6583)
06-29 19:32:53.071 23249 23249 W Linkify.v16:   at android.app.ActivityThread.access$1400(ActivityThread.java:227)
06-29 19:32:53.071 23249 23249 W Linkify.v16:   at android.app.ActivityThread$H.handleMessage(ActivityThread.java:1890)
06-29 19:32:53.071 23249 23249 W Linkify.v16:   at android.os.Handler.dispatchMessage(Handler.java:107)
06-29 19:32:53.071 23249 23249 W Linkify.v16:   at android.os.Looper.loop(Looper.java:224)
06-29 19:32:53.071 23249 23249 W Linkify.v16:   at android.app.ActivityThread.main(ActivityThread.java:7592)
06-29 19:32:53.071 23249 23249 W Linkify.v16:   at java.lang.reflect.Method.invoke(Native Method)
06-29 19:32:53.071 23249 23249 W Linkify.v16:   at com.android.internal.os.RuntimeInit$MethodAndArgsCaller.run(RuntimeInit.java:539)
06-29 19:32:53.071 23249 23249 W Linkify.v16:   at com.android.internal.os.ZygoteInit.main(ZygoteInit.java:950)
06-29 19:32:53.159 23249 23249 I FeatureParser: can't find violet.xml in assets/device_features/,it may be in /system/etc/device_features
06-29 19:32:53.162  3633  3633 I CNSS    : Failed to send nl message
06-29 19:32:53.207 23249 23249 I DailyCheckJobService: DailyCheckJob: is Exist
06-29 19:32:53.217 23249 23249 I DynamicDumpReceiver: Dynamic receiver registered
06-29 19:32:53.225 23249 23249 I AccountChangedReceiver: onReceive: android.accounts.LOGIN_ACCOUNTS_CHANGED
06-29 19:32:53.225 23249 23249 E h       : cancelNotificationById: 5
06-29 19:32:53.228 23249 23249 I a       : NetworkChangeReceiver onReceive android.net.conn.CONNECTIVITY_CHANGE
06-29 19:32:53.234 23249 23281 E Perf    : Fail to get file list com.android.updater
06-29 19:32:53.234 23249 23281 E Perf    : getFolderSize() : Exception_1 = java.lang.NullPointerException: Attempt to get length of null array
06-29 19:32:53.235 23249 23281 E Perf    : Fail to get file list com.android.updater
06-29 19:32:53.235 23249 23281 E Perf    : getFolderSize() : Exception_1 = java.lang.NullPointerException: Attempt to get length of null array
06-29 19:32:53.237  1958  5269 D CompatibilityInfo: mCompatibilityFlags - 0
06-29 19:32:53.237  1958  5269 D CompatibilityInfo: applicationDensity - 432
06-29 19:32:53.237  1958  5269 D CompatibilityInfo: applicationScale - 1.0
06-29 19:32:53.239   511   511 I hwservicemanager: getTransport: Cannot find entry vendor.qti.hardware.servicetracker@1.0::IServicetracker/default in either framework or device manifest.
06-29 19:32:53.244  1958  2104 I MiuiNetworkPolicy: updateUidState uid = 10126, uidState = 20
06-29 19:32:53.244  1958  2104 I MiuiNetworkPolicy: updateUidState uid = 9802, uidState = 11
06-29 19:32:53.248 23249 23249 I za      : UpdateDownloader: init HandlerThread
06-29 19:32:53.254 23249 23249 I h       : ApexDownloader: init HandlerThread
06-29 19:32:53.256 23249 23249 E h       : cancelNotificationById: 1
06-29 19:32:53.257 23249 23249 E h       : cancelNotificationById: 9
06-29 19:32:53.258 23249 23249 E h       : cancelNotificationById: 2
06-29 19:32:53.259 23249 23249 E h       : cancelNotificationById: 11
06-29 19:32:53.260 23249 23249 E h       : cancelNotificationById: 3
06-29 19:32:53.274   614   614 D Zygote  : Forked child process 23288
06-29 19:32:53.281 21390 15305 I Auth    : (REDACTED) [GetTokenResponse] Decryption key=%s success, service=%s
06-29 19:32:53.288 23288 23288 E ui.cloudservic: Not starting debugger since process cannot load the jdwp agent.
06-29 19:32:53.297   613  2099 D OemNetd : setPidForPackage: packageName=com.miui.cloudservice, pid=23288, pid=10126
06-29 19:32:53.297  1958  2011 I ActivityManager: Start proc 23288:com.miui.cloudservice/u0a126 for broadcast {com.miui.cloudservice/com.miui.cloudservice.sync.AccountChangedReceiver} caller=android
06-29 19:32:53.306  1958  2351 D CompatibilityInfo: mCompatibilityFlags - 0
06-29 19:32:53.306  1958  2351 D CompatibilityInfo: applicationDensity - 432
06-29 19:32:53.306  1958  2351 D CompatibilityInfo: applicationScale - 1.0
06-29 19:32:53.310  1958  2351 D CompatibilityInfo: mCompatibilityFlags - 0
06-29 19:32:53.310  1958  2351 D CompatibilityInfo: applicationDensity - 432
06-29 19:32:53.310  1958  2351 D CompatibilityInfo: applicationScale - 1.0
06-29 19:32:53.316  1958  2104 I MiuiNetworkPolicy: updateUidState uid = 10126, uidState = 12
06-29 19:32:53.347 23249 23249 I La      : setCurrentState: change from 0 to0
06-29 19:32:53.349 23249 23249 I UpdateService: onStartCommand: 22
06-29 19:32:53.349 23249 23249 I La      : handleNetworkConnectivityChanged:
06-29 19:32:53.351 23249 23249 I La      : checkNewVersion by 2 ob: null
06-29 19:32:53.354 23249 23249 I La      : setCurrentState: change from 0 to1
06-29 19:32:53.360 21856 21874 I CloudSettingsProvider: uriMatch : 1
06-29 19:32:53.366 23249 23310 I UpdaterUtils: getChannel from setting: normal
06-29 19:32:53.367  3633  3633 I CNSS    : Failed to send nl message
06-29 19:32:53.400 23249 23310 I CompatUtils: can't get /cache/otad/otad.log !!!
06-29 19:32:53.401 23249 23310 I ra      : previewPlan: false
06-29 19:32:53.404 23071 23094 I m.BHG.sharecha: ProcessProfilingInfo new_methods=3278 is saved saved_to_disk=1 resolve_classes_delay=8000
06-29 19:32:53.426 23249 23310 D NetworkSecurityConfig: No Network Security Config specified, using platform default
06-29 19:32:53.427 23249 23310 I DpmTcmClient: RegisterTcmMonitor from: $Proxy0
06-29 19:32:53.412 23249 23249 W TcmReceiver: type=1400 audit(0.0:16500): avc: denied { write } for name="tcm" dev="tmpfs" ino=31183 scontext=u:r:updater:s0:c512,c768 tcontext=u:object_r:dpmtcm_socket:s0 tclass=sock_file permissive=0
06-29 19:32:53.435  3633  3633 I CNSS    : Failed to send nl message
06-29 19:32:53.436  3633  3633 I chatty  : uid=1000(system) /system/vendor/bin/cnss_diag identical 1 line
06-29 19:32:53.436  3633  3633 I CNSS    : Failed to send nl message
06-29 19:32:53.438   613 23314 E ResolverController: No valid NAT64 prefix (107, <unspecified>/0)
06-29 19:32:53.440  3633  3633 I CNSS    : Failed to send nl message
06-29 19:32:53.445 13482  4977 W BpBinder: Slow Binder: BpBinder transact took 557ms, interface=com.google.android.gms.auth.firstparty.dataservice.IGoogleAccountDataService, code=8 oneway=false
06-29 19:32:53.445  3633  3633 I chatty  : uid=1000(system) /system/vendor/bin/cnss_diag identical 13 lines
06-29 19:32:53.516  3633  3633 I CNSS    : Failed to send nl message
06-29 19:32:53.528 23288 23288 I Perf    : Connecting to perf service.
06-29 19:32:53.565 21390 15305 W Auth.IT : Not adding key, to request. Empty value.
06-29 19:32:53.585  3633  3633 I CNSS    : Failed to send nl message
06-29 19:32:53.596 23288 23288 I FirebaseApp: Device unlocked: initializing all Firebase APIs for app [DEFAULT]
06-29 19:32:53.602 23288 23288 I FirebaseInitProvider: FirebaseApp initialization successful
06-29 19:32:53.622 23288 23288 D ##XLogger##: k5.l::d@SourceFile:3, thread:2--StatHelper, init stats
06-29 19:32:53.640 23288 23288 D OT-PubSub-Sdk: updateDebugSwitch sEnable: false sDebugModefalse sDebugPropertyfalse
06-29 19:32:53.641 23288 23329 D OT-PubSub-Sdk: updateDebugSwitch sEnable: false sDebugModefalse sDebugPropertyfalse
06-29 19:32:53.641 23288 23329 D OT-PubSub-Sdk: log on: false, quick upload on: false
06-29 19:32:53.641 23288 23329 D BroadcastExecutor: initIfNeeded : 13040
06-29 19:32:53.659 23288 23288 I MiCloudSDKDependencyUtil: MiCloudSDK environment: 34
06-29 19:32:53.675 23288 23288 I AnonymousDeviceIdUtil: not enforced
06-29 19:32:53.676 23288 23288 I ##XLogger##: s8.a::m@SourceFile:1, thread:2--CloudTelephonyManager, getDeviceId: use no_restrict_imei
06-29 19:32:53.676 23288 23288 I CloudTelephonyManager: getDeviceId: use no_restrict_imei
06-29 19:32:53.687 23288 23288 D miuisdk : current sdk level is 24
06-29 19:32:53.701  3633  3633 I CNSS    : Failed to send nl message
06-29 19:32:53.705 23288 23288 I ##XLogger##: s8.a::m@SourceFile:1, thread:2--CloudTelephonyManager, getDeviceId: 86
06-29 19:32:53.705 23288 23288 I CloudTelephonyManager: getDeviceId: 86
06-29 19:32:53.723 23288 23288 V CloudApp: has telephony feature
06-29 19:32:53.723 21390 15305 I Auth    : (REDACTED) [GetTokenResponse] Decryption key=%s success, service=%s
06-29 19:32:53.730 23288 23288 I FeatureParser: can't find violet.xml in assets/device_features/,it may be in /system/etc/device_features
06-29 19:32:53.735 23288 23288 D AutoDensity: autodensity debugEnable =
06-29 19:32:53.745 23288 23337 I FindDeviceGPN: getLastNotificationState: NotificationState{count=-1, lastTime=N/A}.
06-29 19:32:53.766 23288 23337 I FindDeviceGPN: ns: NotificationState{count=-1, lastTime=N/A}, open: true.
06-29 19:32:53.767 23288 23337 I FindDeviceGPN: saveLastNotificationState: NotificationState{count=-1, lastTime=N/A}.
06-29 19:32:53.778   511   511 I hwservicemanager: getTransport: Cannot find entry vendor.qti.hardware.servicetracker@1.0::IServicetracker/default in either framework or device manifest.
06-29 19:32:53.796 23288 23288 I MiFcmWrapper-10001: Register fcm.
06-29 19:32:53.816 23249 23310 I La      : onCheckFinish 0 UpdateInfo {
06-29 19:32:53.816 23249 23310 I La      :   userLevel: 9
06-29 19:32:53.816 23249 23310 I La      :   mirrors: https://superota.d.miui.com https://ultimateota.d.miui.com http://superota.d.miui.com
06-29 19:32:53.816 23249 23310 I La      :   dnsType: 0
06-29 19:32:53.816 23249 23310 I La      :   retryTimes: 10
06-29 19:32:53.816 23249 23310 I La      :   signalMonitor: 1
06-29 19:32:53.816 23249 23310 I La      :   failedThreshold: 1
06-29 19:32:53.816 23249 23310 I La      :   failedTimes: 3
06-29 19:32:53.816 23249 23310 I La      :   failedInterval: 10
06-29 19:32:53.816 23249 23310 I La      :   incompatibleCheck: 1
06-29 19:32:53.816 23249 23310 I La      :   useGota: 0
06-29 19:32:53.816 23249 23310 I La      :   headImage:
06-29 19:32:53.816 23249 23310 I La      :   authResult: 1
06-29 19:32:53.816 23249 23310 I La      :   ctaFlag: 0
06-29 19:32:53.816 23249 23310 I La      : Latest RomInfo: {
06-29 19:32:53.816 23249 23310 I La      :   type: rom
06-29 19:32:53.816 23249 23310 I La      :   device: violet_in_global
06-29 19:32:53.816 23249 23310 I La      :   name: V12.5.1.0.QFHINXM
06-29 19:32:53.816 23249 23310 I La      :   codebase: 10.0
06-29 19:32:53.816 23249 23310 I La      :   branchCode: F
06-29 19:32:53.816 23249 23310 I La      :   filesize: 2.1G
06-29 19:32:53.816 23249 23310 I La      :   version: V12.5.1.0.QFHINXM
06-29 19:32:53.816 23249 23310 I La      :   versionForApply:
06-29 19:32:53.816 23249 23310 I La      :   bigVersion: 12
06-29 19:32:53.816 23249 23310 I La      :   validate: dmW1CmMRYKur1iZY+qb/iTS/nRuSfDYgt/SAoTewDEvfcmyEVNYVjWzI3eax2Atf2xwqTXYMB+hNwNAXMJ2l6LuuXJ4yd8ekVBJFvmHJtYBCQc1iOMFiDW4cS53rhmNtBnkZ0pvZgNWaW7JxInV3PAblpYQjSneY0etAm+b5DZL/WnB5zjRhblU1G51qQLxveXutAdJ4l95h2iFm33AMdqS2tmb5v3VHQJgtu6TJ00R/Abijq8Z3L6zO82DSygQgXxKQTG00YhRP6bRpiPD+43xjOFQLJl8HNL/wxo/LQb61ra/7S9uahNUE5IbvWekycjNj9TfUk+AQHjtduci26Q==
06-29 19:32:53.816 23249 23310 I La      :   Erase: 0
06-29 19:32:53.816 23249 23310 I La      :   cardDetail: 2
06-29 19:32:53.816 23249 23310 I La      :   storeCardDetail: 0
06-29 19:32:53.816 23249 23310 I La      :   payload: null
06-29 19:32:53.816 23249 23310 I La      : }
06-29 19:32:53.816 23249 23310 I La      : Current RomInfo: {
06-29 19:32:53.816 23249 23310 I La      :   type: rom
06-29 19:32:53.816 23249 23310 I La      :   device: violet_in_global
06-29 19:32:53.816 23249 23310 I La      :   name: V12.5.1.0.QFHINXM
06-29 19:32:53.816 23249 23310 I La      :   codebase: 10.0
06-29 19:32:53.816 23249 23310 I La      :   branchCode: F
06-29 19:32:53.816 23249 23310 I La      :   filesize: 2.1G
06-29 19:32:53.816 23249 23310 I La      :   version: V12.5.1.0.QFHINXM
06-29 19:32:53.816 23249 23310 I La      :   versionForApply:
06-29 19:32:53.816 23249 23310 I La      :   bigVersion: 12
06-29 19:32:53.816 23249 23310 I La      :   validate: dmW1CmMRYKur1iZY+qb/iTS/nRuSfDYgt/SAoTewDEvfcmyEVNYVjWzI3eax2Atf2xwqTXYMB+hNwNAXMJ2l6LuuXJ4yd8ekVBJFvmHJtYBCQc1iOMFiDW4cS53rhmNtBnkZ0pvZgNWaW7JxInV3PAblpYQjSneY0etAm+b5DZL/WnB5zjRhblU1G51qQLxveXutAdJ4l95h2iFm33AMdqS2tmb5v3VHQJgtu6TJ00R/Abijq8Z3L6zO82DSygQgXxKQTG00YhRP6bRpiPD+43xjOFQLJl8HNL/wxo/LQb61ra/7S9uahNUE5IbvWekycjNj9TfUk+AQHjtduci26Q==
06-29 19:32:53.816 23249 23310 I La      :   Erase: 0
06-29 19:32:53.816 23249 23310 I La      :   cardDetail: 2
06-29 19:32:53.816 23249 23310 I La      :   storeCardDetail: 0
06-29 19:32:53.816 23249 23310 I La      :   payload: null
06-29 19:32:53.816 23249 23310 I La      : }
06-29 19:32:53.816 23249 23310 I La      : Incremental null
06-29 19:32:53.816 23249 23310 I La      : Cross null
06-29 19:32:53.816 23249 23310 I La      : null
06-29 19:32:53.816 23249 23310 I La      : null
06-29 19:32:53.816 23249 23310 I La      : null
06-29 19:32:53.816 23249 23310 I La      : PkgRom: null
06-29 19:32:53.816 23249 23310 I La      : Code: {
06-29 19:32:53.816 23249 23310 I La      : code:2000
06-29 19:32:53.816 23249 23310 I La      : message:success
06-29 19:32:53.816 23249 23310 I La      : }
06-29 19:32:53.816 23249 23310 I La      : null
06-29 19:32:53.816 23249 23310 I La      : null
06-29 19:32:53.816 23249 23310 I La      : }
06-29 19:32:53.818 23249 23310 I La      : onCheckFinish: useMiui
06-29 19:32:53.820   614   614 D Zygote  : Forked child process 23344
06-29 19:32:53.820 23249 23310 I La      : setCurrentState: change from 1 to0
06-29 19:32:53.821 23249 23310 E h       : cancelNotificationById: 3
06-29 19:32:53.824 23249 23310 E h       : cancelNotificationById: 0
06-29 19:32:53.824   613  2099 D OemNetd : setPidForPackage: packageName=com.xiaomi.simactivate.service, pid=23344, pid=10163
06-29 19:32:53.825  1958  2011 I ActivityManager: Start proc 23344:com.xiaomi.simactivate.service/u0a163 for service {com.xiaomi.simactivate.service/com.xiaomi.activate.ActivateService} caller=com.miui.cloudservice
06-29 19:32:53.825 13482  4977 W BpBinder: Slow Binder: BpBinder transact took 347ms, interface=com.google.android.gms.auth.firstparty.dataservice.IGoogleAccountDataService, code=8 oneway=false
06-29 19:32:53.826 23249 23310 E La      : onCheckFinish: mApexHasChecked true mUpdateHasChecked true
06-29 19:32:53.826 23249 23310 I VersionUtils: checkOtaType: origin romType is 1
06-29 19:32:53.827 23249 23310 I CompatUtils: can't get /cache/otad/otad.log !!!
06-29 19:32:53.829   511   511 I hwservicemanager: getTransport: Cannot find entry vendor.qti.hardware.servicetracker@1.0::IServicetracker/default in either framework or device manifest.
06-29 19:32:53.831 23249 23249 I UpdateService: onDestroy
06-29 19:32:53.831 23249 23249 E La      : release:
06-29 19:32:53.834 23288 23342 I ##XLogger##: a7.b::i@SourceFile:2, thread:13053--Micloud, Original URL: http://statusapi.micloud.xiaomi.net/mic/status/v2/user/fcm/config.
06-29 19:32:53.836  1958  2104 I MiuiNetworkPolicy: updateUidState uid = 10163, uidState = 20
06-29 19:32:53.838 23344 23344 E ctivate.servic: Not starting debugger since process cannot load the jdwp agent.
06-29 19:32:53.843 13482 16037 I GoogleSignatureVerifier: package info is not set correctly
06-29 19:32:53.845  1958  2351 D ActivityTrigger: ActivityTrigger activityPauseTrigger
06-29 19:32:53.853 23182 23182 W ActivityThread: SCHED: com.google.android.gms/.signin.activity.SignInActivity [71, r=15ms, a=6ms, w=1033ms]
06-29 19:32:53.860 23288 23351 E Perf    : Fail to get file list com.miui.cloudservice
06-29 19:32:53.861 23288 23351 E Perf    : getFolderSize() : Exception_1 = java.lang.NullPointerException: Attempt to get length of null array
06-29 19:32:53.861 23288 23351 E Perf    : Fail to get file list oat
06-29 19:32:53.861 23288 23351 E Perf    : getFolderSize() : Exception_1 = java.lang.NullPointerException: Attempt to get length of null array
06-29 19:32:53.865  2181  2181 D EventBus: [2181, u0] send(AppTransitionFinishedEvent)
06-29 19:32:53.865  2181  2181 D EventBus: [2181, u0]  -> ForcedResizableInfoActivityController [0xd8e5e6, P1] onBusEvent(AppTransitionFinishedEvent)
06-29 19:32:53.865  1958  2351 I Timeline: Timeline: App_transition_ready time:26329695
06-29 19:32:53.865  2181  2181 D EventBus: [2181, u0] onBusEvent(AppTransitionFinishedEvent) duration: 22 microseconds,avg: 184
06-29 19:32:53.865  2181  2181 D EventBus: [2181, u0] send(AppTransitionFinishedEvent)
06-29 19:32:53.865  1958  2351 I Timeline: Timeline: App_transition_stopped time:26329695
06-29 19:32:53.865  2181  2181 D EventBus: [2181, u0]  -> ForcedResizableInfoActivityController [0xd8e5e6, P1] onBusEvent(AppTransitionFinishedEvent)
06-29 19:32:53.865  2181  2181 D EventBus: [2181, u0] onBusEvent(AppTransitionFinishedEvent) duration: 14 microseconds,avg: 184
06-29 19:32:53.866  2181  2181 D EventBus: [2181, u0] send(AppTransitionFinishedEvent)
06-29 19:32:53.866  2181  2181 D EventBus: [2181, u0]  -> ForcedResizableInfoActivityController [0xd8e5e6, P1] onBusEvent(AppTransitionFinishedEvent)
06-29 19:32:53.866  2181  2181 D EventBus: [2181, u0] onBusEvent(AppTransitionFinishedEvent) duration: 22 microseconds,avg: 184
06-29 19:32:53.870  1958  5258 D ActivityTrigger: ActivityTrigger activityPauseTrigger
06-29 19:32:53.877 23288 23288 D AccountChangedReceiver: com.miui.cloudservice.sync.AccountChangedReceiver::onReceive@SourceFile:3, thread:2--onReceive sender:android
06-29 19:32:53.877 25324 25324 D RecentsImpl: mActivityStateObserver com.google.android.gms.common.api.GoogleApiActivity
06-29 19:32:53.877 25324 25324 W RecentsImpl: onResumed className=com.google.android.gms.common.api.GoogleApiActivitymIsInAnotherPro=false
06-29 19:32:53.879  3633  3633 I CNSS    : Failed to send nl message
06-29 19:32:53.888  1958  5258 I Timeline: Timeline: App_transition_ready time:26329718
06-29 19:32:53.888  1958  5258 I Timeline: Timeline: App_transition_stopped time:26329718
06-29 19:32:53.893  2181  2181 D EventBus: [2181, u0] send(AppTransitionFinishedEvent)
06-29 19:32:53.893  2181  2181 D EventBus: [2181, u0]  -> ForcedResizableInfoActivityController [0xd8e5e6, P1] onBusEvent(AppTransitionFinishedEvent)
06-29 19:32:53.893  2181  2181 D EventBus: [2181, u0] onBusEvent(AppTransitionFinishedEvent) duration: 29 microseconds,avg: 184
06-29 19:32:53.893  2181  2181 D EventBus: [2181, u0] send(AppTransitionFinishedEvent)
06-29 19:32:53.894  2181  2181 D EventBus: [2181, u0]  -> ForcedResizableInfoActivityController [0xd8e5e6, P1] onBusEvent(AppTransitionFinishedEvent)
06-29 19:32:53.894  2181  2181 D EventBus: [2181, u0] onBusEvent(AppTransitionFinishedEvent) duration: 22 microseconds,avg: 184
06-29 19:32:53.894  2181  2181 D EventBus: [2181, u0] send(AppTransitionFinishedEvent)
06-29 19:32:53.894  2181  2181 D EventBus: [2181, u0]  -> ForcedResizableInfoActivityController [0xd8e5e6, P1] onBusEvent(AppTransitionFinishedEvent)
06-29 19:32:53.894  2181  2181 D EventBus: [2181, u0] onBusEvent(AppTransitionFinishedEvent) duration: 19 microseconds,avg: 184
06-29 19:32:53.906 25324 25324 D RecentsImpl: mActivityStateObserver com.google.android.gms.auth.api.signin.ui.SignInActivity
06-29 19:32:53.906 25324 25324 W RecentsImpl: onResumed className=com.google.android.gms.auth.api.signin.ui.SignInActivity   mIsInAnotherPro=false
06-29 19:32:53.914  1958  5269 D CompatibilityInfo: mCompatibilityFlags - 0
06-29 19:32:53.914  1958  5269 D CompatibilityInfo: applicationDensity - 432
06-29 19:32:53.914  1958  5269 D CompatibilityInfo: applicationScale - 1.0
06-29 19:32:53.927  1958  5269 D CompatibilityInfo: mCompatibilityFlags - 0
06-29 19:32:53.927  1958  5269 D CompatibilityInfo: applicationDensity - 432
06-29 19:32:53.927  1958  5269 D CompatibilityInfo: applicationScale - 1.0
06-29 19:32:53.928   511   511 I hwservicemanager: getTransport: Cannot find entry vendor.qti.hardware.servicetracker@1.0::IServicetracker/default in either framework or device manifest.
06-29 19:32:53.931  1958  2104 I MiuiNetworkPolicy: updateUidState uid = 9802, uidState = 20
06-29 19:32:53.931  1958  2104 I MiuiNetworkPolicy: updateUidState uid = 10163, uidState = 11
06-29 19:32:53.935 28084 28084 I GoogleInputMethodService: GoogleInputMethodService.onFinishInput():1984
06-29 19:32:53.936 28084 28084 I Module  : DeviceLockedStatusModuleProvider$Module.updateDeviceLockedStatus():100 repeatCheckTimes = 0, locked = false
06-29 19:32:53.936 28084 28084 I GoogleInputMethodService: GoogleInputMethodService.onStartInput():1248 onStartInput(EditorInfo{EditorInfo{packageName=com.google.android.gms, inputType=0, inputTypeString=NULL, enableLearning=false, autoCorrection=false, autoComplete=false, imeOptions=0, privateImeOptions=null, actionName=UNSPECIFIED, actionLabel=null, initialSelStart=-1, initialSelEnd=-1, initialCapsMode=0, label=null, fieldId=-1, fieldName=null, extras=null, hintText=null, hintLocales=[]}}, false)
06-29 19:32:53.937 13482  4977 I GoogleSignatureVerifier: package info is not set correctly
06-29 19:32:53.938 28084 28084 I Module  : DeviceLockedStatusModuleProvider$Module.updateDeviceLockedStatus():100 repeatCheckTimes = 1, locked = false
06-29 19:32:53.979   614   614 D Zygote  : Forked child process 23366
06-29 19:32:53.979  2181  2181 D EventBus: [2181, u0] send(AppTransitionFinishedEvent)
06-29 19:32:53.979  2181  2181 D EventBus: [2181, u0]  -> ForcedResizableInfoActivityController [0xd8e5e6, P1] onBusEvent(AppTransitionFinishedEvent)
06-29 19:32:53.979  2181  2181 D EventBus: [2181, u0] onBusEvent(AppTransitionFinishedEvent) duration: 26 microseconds,avg: 184
06-29 19:32:53.982  3633  3633 I CNSS    : Failed to send nl message
06-29 19:32:53.983  1958  2104 I MiuiNetworkPolicy: updateUidState uid = 10126, uidState = 20
06-29 19:32:53.983  2181  2181 D EventBus: [2181, u0] send(AppTransitionFinishedEvent)
06-29 19:32:53.983   613  2099 D OemNetd : setPidForPackage: packageName=com.miui.micloudsync, pid=23366, pid=10126
06-29 19:32:53.983  2181  2181 D EventBus: [2181, u0]  -> ForcedResizableInfoActivityController [0xd8e5e6, P1] onBusEvent(AppTransitionFinishedEvent)
06-29 19:32:53.983  2181  2181 D EventBus: [2181, u0] onBusEvent(AppTransitionFinishedEvent) duration: 25 microseconds,avg: 184
06-29 19:32:53.986  1958  2011 I ActivityManager: Start proc 23366:com.miui.micloudsync/u0a126 for broadcast {com.miui.micloudsync/com.miui.micloudsync.sync.AccountChangedReceiver} caller=android
06-29 19:32:53.993 23288 23342 I ##XLogger##: a7.b::i@SourceFile:7, thread:13053--Micloud, New URL: https://in.statusapi.micloud.xiaomi.net.
06-29 19:32:53.994 23366 23366 E iui.micloudsyn: Not starting debugger since process cannot load the jdwp agent.
06-29 19:32:53.993 25666 25951 I SCTaskStackListener: onTaskStackChanged! inSplit = false
06-29 19:32:53.995 25666  8788 I SCTaskStackListener: onTaskStackChanged! inSplit = false
06-29 19:32:53.995 23288 23342 I ##XLogger##: a7.b::i@SourceFile:11, thread:13053--Micloud, Final URL: https://in.statusapi.micloud.xiaomi.net/mic/status/v2/user/fcm/config.
06-29 19:32:54.002  1958  5258 D CompatibilityInfo: mCompatibilityFlags - 0
06-29 19:32:54.002  1958  5258 D CompatibilityInfo: applicationDensity - 432
06-29 19:32:54.002  1958  5258 D CompatibilityInfo: applicationScale - 1.0
06-29 19:32:54.003  1958  5258 D CompatibilityInfo: mCompatibilityFlags - 0
06-29 19:32:54.004  1958  5258 D CompatibilityInfo: applicationDensity - 432
06-29 19:32:54.004  1958  5258 D CompatibilityInfo: applicationScale - 1.0
06-29 19:32:54.005  1958  2104 I MiuiNetworkPolicy: updateUidState uid = 10126, uidState = 12
06-29 19:32:54.024  1958  5269 D ActivityTrigger: ActivityTrigger activityPauseTrigger
06-29 19:32:54.035 23182 23182 W ActivityThread: SCHED: com.google.android.gms/.auth.api.signin.ui.SignInActivity [91, r=22ms, a=2ms, w=134ms]
06-29 19:32:54.041 21314 21331 I ProcessMonitor: onForegroundInfoChanged: ForegroundInfo{mForegroundPackageName='com.BHG.sharechat', mForegroundUid=10768, mForegroundPid=23071, mLastForegroundPackageName='com.google.android.gms', mLastForegroundUid=10185, mLastForegroundPid=23182, mMultiWindowForegroundPackageName='null', mMultiWindowForegroundUid=-1, mFlags=0}
06-29 19:32:54.041  5428  5447 I GST     : forePkg: com.BHG.sharechat, preForePkg: com.google.android.gms
06-29 19:32:54.042 25666  8788 I ProcessMonitor: onForegroundInfoChanged: ForegroundInfo{mForegroundPackageName='com.BHG.sharechat', mForegroundUid=10768, mForegroundPid=23071, mLastForegroundPackageName='com.google.android.gms', mLastForegroundUid=10185, mLastForegroundPid=23182, mMultiWindowForegroundPackageName='null', mMultiWindowForegroundUid=-1, mFlags=0}
06-29 19:32:54.043  5413  5459 D PerfEngineController: ForegroundInfo{mForegroundPackageName='com.BHG.sharechat', mForegroundUid=10768, mForegroundPid=23071, mLastForegroundPackageName='com.google.android.gms', mLastForegroundUid=10185, mLastForegroundPid=23182, mMultiWindowForegroundPackageName='null', mMultiWindowForegroundUid=-1, mFlags=0}
06-29 19:32:54.045 25666  8788 I GameBoosterService: onForegroundInfoChanged: Cur=com.BHG.sharechat      last=com.google.android.gms
06-29 19:32:54.046 25666  8788 D GameBoosterService: onGameStatusChange foreground:ForegroundInfo{mForegroundPackageName='com.BHG.sharechat', mForegroundUid=10768, mForegroundPid=23071, mLastForegroundPackageName='com.google.android.gms', mLastForegroundUid=10185, mLastForegroundPid=23182, mMultiWindowForegroundPackageName='null', mMultiWindowForegroundUid=-1, mFlags=0}
06-29 19:32:54.046 25666  8788 I VideoBoxUtils: isSupportVideoBox: false
06-29 19:32:54.047 25666  8788 I VideoToolBoxService: vtb is closed!!!
06-29 19:32:54.052  2181  2181 D EventBus: [2181, u0] send(AppTransitionFinishedEvent)
06-29 19:32:54.052  2181  2181 D EventBus: [2181, u0]  -> ForcedResizableInfoActivityController [0xd8e5e6, P1] onBusEvent(AppTransitionFinishedEvent)
06-29 19:32:54.052  1958  5269 I Timeline: Timeline: App_transition_ready time:26329882
06-29 19:32:54.052  2181  2181 D EventBus: [2181, u0] onBusEvent(AppTransitionFinishedEvent) duration: 25 microseconds,avg: 184
06-29 19:32:54.052  2181  2181 D EventBus: [2181, u0] send(AppTransitionFinishedEvent)
06-29 19:32:54.052  2181  2181 D EventBus: [2181, u0]  -> ForcedResizableInfoActivityController [0xd8e5e6, P1] onBusEvent(AppTransitionFinishedEvent)
06-29 19:32:54.052  2181  2181 D EventBus: [2181, u0] onBusEvent(AppTransitionFinishedEvent) duration: 11 microseconds,avg: 184
06-29 19:32:54.052  1958  5269 I Timeline: Timeline: App_transition_stopped time:26329883
06-29 19:32:54.054  2181  2181 D EventBus: [2181, u0] send(AppTransitionFinishedEvent)
06-29 19:32:54.054  2181  2181 D EventBus: [2181, u0]  -> ForcedResizableInfoActivityController [0xd8e5e6, P1] onBusEvent(AppTransitionFinishedEvent)
06-29 19:32:54.054  2181  2181 D EventBus: [2181, u0] onBusEvent(AppTransitionFinishedEvent) duration: 29 microseconds,avg: 184
06-29 19:32:54.067   511   511 I hwservicemanager: getTransport: Cannot find entry vendor.qti.hardware.servicetracker@1.0::IServicetracker/default in either framework or device manifest.
06-29 19:32:54.073  1958  2104 I MiuiNetworkPolicy: updateUidState uid = 10112, uidState = 20
06-29 19:32:54.086  3633  3633 I CNSS    : Failed to send nl message
06-29 19:32:54.099 25324 25324 D RecentsImpl: mActivityStateObserver com.google.android.gms.auth.api.signin.internal.SignInHubActivity
06-29 19:32:54.100 25324 25324 W RecentsImpl: onResumed className=com.google.android.gms.auth.api.signin.internal.SignInHubActivity   mIsInAnotherPro=false
06-29 19:32:54.101 23344 23344 I Perf    : Connecting to perf service.
06-29 19:32:54.102 28084 28084 I GoogleInputMethodService: GoogleInputMethodService.onFinishInput():1984
06-29 19:32:54.102 28084 28084 I Module  : DeviceLockedStatusModuleProvider$Module.updateDeviceLockedStatus():100 repeatCheckTimes = 0, locked = false
06-29 19:32:54.103 28084 28084 I GoogleInputMethodService: GoogleInputMethodService.onStartInput():1248 onStartInput(EditorInfo{EditorInfo{packageName=com.BHG.sharechat, inputType=0, inputTypeString=NULL, enableLearning=false, autoCorrection=false, autoComplete=false, imeOptions=0, privateImeOptions=null, actionName=UNSPECIFIED, actionLabel=null, initialSelStart=-1, initialSelEnd=-1, initialCapsMode=0, label=null, fieldId=-1, fieldName=null, extras=null, hintText=null, hintLocales=[]}}, false)
06-29 19:32:54.104 28084 28084 I Module  : DeviceLockedStatusModuleProvider$Module.updateDeviceLockedStatus():100 repeatCheckTimes = 1, locked = false
06-29 19:32:54.107   614   614 D Zygote  : Forked child process 23393
06-29 19:32:54.108   613  2099 D OemNetd : setPidForPackage: packageName=com.xiaomi.account, pid=23393, pid=10112
06-29 19:32:54.108  1958  2011 I ActivityManager: Start proc 23393:com.xiaomi.account/u0a112 for service {com.xiaomi.account/com.xiaomi.account.XiaomiAccountService} caller=com.miui.cloudservice
06-29 19:32:54.116  1958  5269 D ActivityTrigger: ActivityTrigger activityPauseTrigger
06-29 19:32:54.118  3633  3633 I CNSS    : Failed to send nl message
06-29 19:32:54.119 23071 23071 W ActivityThread: SCHED: com.BHG.sharechat/com.google.android.gms.auth.api.signin.internal.SignInHubActivity [64, r=9ms, a=5ms, w=38ms]
06-29 19:32:54.123 23344 23344 W ResourceType: CREATING STRING CACHE OF 24 bytes
06-29 19:32:54.125  3633  3633 I CNSS    : Failed to send nl message
06-29 19:32:54.129  1958  3417 I Timeline: Timeline: App_transition_ready time:26329959
06-29 19:32:54.129  2181  2181 D EventBus: [2181, u0] send(AppTransitionFinishedEvent)
06-29 19:32:54.130  2181  2181 D EventBus: [2181, u0]  -> ForcedResizableInfoActivityController [0xd8e5e6, P1] onBusEvent(AppTransitionFinishedEvent)
06-29 19:32:54.130  2181  2181 D EventBus: [2181, u0] onBusEvent(AppTransitionFinishedEvent) duration: 40 microseconds,avg: 184
06-29 19:32:54.131  3633  3633 I CNSS    : Failed to send nl message
06-29 19:32:54.132  3633  3633 I CNSS    : Failed to send nl message
06-29 19:32:54.136 23393 23393 E .xiaomi.accoun: Not starting debugger since process cannot load the jdwp agent.
06-29 19:32:54.137 25324 25324 D RecentsImpl: mActivityStateObserver com.BHG.sharechat.AuthActivity
06-29 19:32:54.137 25324 25324 W RecentsImpl: onResumed className=com.BHG.sharechat.AuthActivity   mIsInAnotherPro=false
06-29 19:32:54.139 28084 28084 I GoogleInputMethodService: GoogleInputMethodService.onFinishInput():1984
06-29 19:32:54.141 28084 28084 I Module  : DeviceLockedStatusModuleProvider$Module.updateDeviceLockedStatus():100 repeatCheckTimes = 0, locked = false
06-29 19:32:54.142 28084 28084 I GoogleInputMethodService: GoogleInputMethodService.onStartInput():1248 onStartInput(EditorInfo{EditorInfo{packageName=com.BHG.sharechat, inputType=0, inputTypeString=NULL, enableLearning=false, autoCorrection=false, autoComplete=false, imeOptions=0, privateImeOptions=null, actionName=UNSPECIFIED, actionLabel=null, initialSelStart=-1, initialSelEnd=-1, initialCapsMode=0, label=null, fieldId=-1, fieldName=null, extras=null, hintText=null, hintLocales=[]}}, false)
06-29 19:32:54.142 23071 23161 W System  : Ignoring header X-Firebase-Locale because its value was null.
06-29 19:32:54.143 28084 28084 I Module  : DeviceLockedStatusModuleProvider$Module.updateDeviceLockedStatus():100 repeatCheckTimes = 1, locked = false
06-29 19:32:54.143 23366 23366 I Perf    : Connecting to perf service.
06-29 19:32:54.144  1958  3851 D CompatibilityInfo: mCompatibilityFlags - 0
06-29 19:32:54.144  1958  3851 D CompatibilityInfo: applicationDensity - 432
06-29 19:32:54.145  1958  3851 D CompatibilityInfo: applicationScale - 1.0
06-29 19:32:54.145 23344 23344 I FeatureParser: can't find violet.xml in assets/device_features/,it may be in /system/etc/device_features
06-29 19:32:54.154  1958  3851 D CompatibilityInfo: mCompatibilityFlags - 0
06-29 19:32:54.154  1958  3851 D CompatibilityInfo: applicationDensity - 432
06-29 19:32:54.154  1958  3851 D CompatibilityInfo: applicationScale - 1.0
06-29 19:32:54.155 23071 23161 W LocalRequestInterceptor: Error getting App Check token; using placeholder token instead. Error: com.google.firebase.FirebaseException: No AppCheckProvider installed.
06-29 19:32:54.155   511   511 I hwservicemanager: getTransport: Cannot find entry vendor.qti.hardware.servicetracker@1.0::IServicetracker/default in either framework or device manifest.
06-29 19:32:54.162 25359  2617 D PMonitor:  onForegroundActivitiesChanged:pid = 23182,activity-uid=10185,foregroundActivities=false
06-29 19:32:54.164  2181  2181 D EventBus: [2181, u0] send(AppTransitionFinishedEvent)
06-29 19:32:54.164  2181  2181 D EventBus: [2181, u0]  -> ForcedResizableInfoActivityController [0xd8e5e6, P1] onBusEvent(AppTransitionFinishedEvent)
06-29 19:32:54.164  1958  2104 I MiuiNetworkPolicy: updateUidState uid = 10112, uidState = 11
06-29 19:32:54.164  2181  2181 D EventBus: [2181, u0] onBusEvent(AppTransitionFinishedEvent) duration: 25 microseconds,avg: 184
06-29 19:32:54.167 23366 23366 W ResourceType: CREATING STRING CACHE OF 24 bytes
06-29 19:32:54.168  3633  3633 I CNSS    : Failed to send nl message
06-29 19:32:54.173  3633  3633 I chatty  : uid=1000(system) /system/vendor/bin/cnss_diag identical 2 lines
06-29 19:32:54.174  3633  3633 I CNSS    : Failed to send nl message
06-29 19:32:54.177  2181  2181 D EventBus: [2181, u0] send(AppTransitionFinishedEvent)
06-29 19:32:54.177  2181  2181 D EventBus: [2181, u0]  -> ForcedResizableInfoActivityController [0xd8e5e6, P1] onBusEvent(AppTransitionFinishedEvent)
06-29 19:32:54.177  2181  2181 D EventBus: [2181, u0] onBusEvent(AppTransitionFinishedEvent) duration: 23 microseconds,avg: 184
06-29 19:32:54.178   613 23424 E ResolverController: No valid NAT64 prefix (107, <unspecified>/0)
06-29 19:32:54.178  1958  1997 I Timeline: Timeline: App_transition_stopped time:26330008
06-29 19:32:54.180  2181  2181 D EventBus: [2181, u0] send(AppTransitionFinishedEvent)
06-29 19:32:54.180  2181  2181 D EventBus: [2181, u0]  -> ForcedResizableInfoActivityController [0xd8e5e6, P1] onBusEvent(AppTransitionFinishedEvent)
06-29 19:32:54.180  2181  2181 D EventBus: [2181, u0] onBusEvent(AppTransitionFinishedEvent) duration: 28 microseconds,avg: 184
06-29 19:32:54.172 23366 23366 W iui.micloudsync: type=1400 audit(0.0:16501): avc: denied { read } for name="u:object_r:vendor_display_prop:s0" dev="tmpfs" ino=24809 scontext=u:r:platform_app:s0:c512,c768 tcontext=u:object_r:vendor_display_prop:s0 tclass=file permissive=0
06-29 19:32:54.186  3633  3633 I CNSS    : Failed to send nl message
06-29 19:32:54.187  2181  2181 D EventBus: [2181, u0] send(AppTransitionFinishedEvent)
06-29 19:32:54.187  2181  2181 D EventBus: [2181, u0]  -> ForcedResizableInfoActivityController [0xd8e5e6, P1] onBusEvent(AppTransitionFinishedEvent)
06-29 19:32:54.187  2181  2181 D EventBus: [2181, u0] onBusEvent(AppTransitionFinishedEvent) duration: 21 microseconds,avg: 184
06-29 19:32:54.188 23366 23366 E libc    : Access denied finding property "ro.vendor.display.type"
06-29 19:32:54.197 23366 23366 D miuisdk : current sdk level is 24
06-29 19:32:54.197 23366 23366 I miuisdk : initialize without hook
06-29 19:32:54.204 23344 23344 V ##XLogger##: #&^feLW3RgLaHYtXw67plUhZ+pgHKhvp1S68OGT0S5OuIH4ny2dkh6EFD6SXPvVJZ316xl5r34UZQqosnCt9ulvHZEhQz5F4zbg4W7uwVoQysCKDGSJLzyqgOk6V30NVvDeWpSQITD3SZkqTM+nYqOfPlbAsQ/n1C85esDnqjXt5DY=!simactivate!IBSWjyUqjRubdD0mgTmon4LJLQXCH64aUSd9uqKg2pRBByS1oK2NW3WsjMX+YAOU4IX356deqUMQsAqfhzARw7GMwiTHXGA01SAeUiQsnYvmvbfGiOUM1qp/7KeZ6xHvN5LxLJexpEut7xIfsVbMAQ==^&#
06-29 19:32:54.217 21390 23436 I NetworkScheduler: (REDACTED) Error inserting %s
06-29 19:32:54.220 23344 23433 E Perf    : Fail to get file list com.xiaomi.simactivate.service
06-29 19:32:54.220 23344 23433 E Perf    : getFolderSize() : Exception_1 = java.lang.NullPointerException: Attempt to get length of null array
06-29 19:32:54.220 23344 23433 E Perf    : Fail to get file list oat
06-29 19:32:54.221 23344 23433 E Perf    : getFolderSize() : Exception_1 = java.lang.NullPointerException: Attempt to get length of null array
06-29 19:32:54.225 25666  8788 I SCTaskStackListener: onTaskStackChanged! inSplit = false
06-29 19:32:54.230 25666 25951 I SCTaskStackListener: onTaskStackChanged! inSplit = false
06-29 19:32:54.231 23366 23366 W Linkify.v16: reflect applyLink failed:
06-29 19:32:54.231 23366 23366 W Linkify.v16: miui.reflect.NoSuchMethodException: Couldn't find method android/text/util/Linkify.applyLink(Ljava/lang/String;IILandroid/text/Spannable;)V
06-29 19:32:54.231 23366 23366 W Linkify.v16:   at com.miui.internal.os.Native.getMethod(Native Method)
06-29 19:32:54.231 23366 23366 W Linkify.v16:   at miui.reflect.Method.of(Method.java:35)
06-29 19:32:54.231 23366 23366 W Linkify.v16:   at com.miui.internal.variable.v16.Android_Text_Util_Linkify_class.<clinit>(Android_Text_Util_Linkify_class.java:70)
06-29 19:32:54.231 23366 23366 W Linkify.v16:   at java.lang.Class.classForName(Native Method)
06-29 19:32:54.231 23366 23366 W Linkify.v16:   at java.lang.Class.forName(Class.java:454)
06-29 19:32:54.231 23366 23366 W Linkify.v16:   at java.lang.Class.forName(Class.java:379)
06-29 19:32:54.231 23366 23366 W Linkify.v16:   at com.miui.internal.variable.AbsClassFactory.create(AbsClassFactory.java:24)
06-29 19:32:54.231 23366 23366 W Linkify.v16:   at com.miui.internal.variable.Android_Text_Util_Linkify_class$Factory.<init>(Android_Text_Util_Linkify_class.java:40)
