06-29 19:32:56.761   511   511 I hwservicemanager: getTransport: Cannot find entry vendor.qti.hardware.servicetracker@1.0::IServicetracker/default in either framework or device manifest.
06-29 19:32:56.765 23593 23593 I CAR.GH  : onCreate completed
06-29 19:32:56.767 23593 23593 W Looper  : Slow Looper main: Long Msg: seq=2 plan=19:32:55.699  late=10ms wall=1058ms running=205ms runnable=80ms io=692ms h=android.app.ActivityThread$H w=110
06-29 19:32:56.768 23593 23593 I GH.CAR  : onCreate
06-29 19:32:56.775 23593 23593 I GH.CAR  : GearheadCarStartupService.onBind
06-29 19:32:56.781  1958  4008 I ActivityManager: Killing 22931:com.android.chrome/u0a193 (adj 955): empty #17
06-29 19:32:56.787  1958  2104 I MiuiNetworkPolicy: updateUidState uid = 10179, uidState = 20
06-29 19:32:56.791   511   511 I hwservicemanager: getTransport: Cannot find entry vendor.qti.hardware.servicetracker@1.0::IServicetracker/default in either framework or device manifest.
06-29 19:32:56.795 23593 23721 E Perf    : Fail to get file list com.google.android.projection.gearhead
06-29 19:32:56.796 23593 23721 E Perf    : getFolderSize() : Exception_1 = java.lang.NullPointerException: Attempt to get length of null array
06-29 19:32:56.796 23593 23721 E Perf    : Fail to get file list com.google.android.projection.gearhead
06-29 19:32:56.796 23593 23721 E Perf    : getFolderSize() : Exception_1 = java.lang.NullPointerException: Attempt to get length of null array
06-29 19:32:56.797 23593 23721 E Perf    : Fail to get file list oat
06-29 19:32:56.797 23593 23721 E Perf    : getFolderSize() : Exception_1 = java.lang.NullPointerException: Attempt to get length of null array
06-29 19:32:56.799   511   511 I hwservicemanager: getTransport: Cannot find entry vendor.qti.hardware.servicetracker@1.0::IServicetracker/default in either framework or device manifest.
06-29 19:32:56.801 23393 23503 E com.facebook.GraphResponse: {HttpStatus: 400, errorCode: 190, subErrorCode: -1, errorType: OAuthException, errorMessage: Invalid OAuth access token signature.}
06-29 19:32:56.802 23593 23614 I GH.CAR  : gearheadCarServiceBinder in mainHandler: true
06-29 19:32:56.826   614   614 I Zygote  : Process 22931 exited due to signal 9 (Killed)
06-29 19:32:56.827   511   511 I hwservicemanager: getTransport: Cannot find entry vendor.qti.hardware.servicetracker@1.0::IServicetracker/default in either framework or device manifest.
06-29 19:32:56.831  1958  2012 I libprocessgroup: Successfully killed process cgroup uid 10193 pid 22931 in 48ms
06-29 19:32:56.833  3633  3633 I CNSS    : Failed to send nl message
06-29 19:32:56.833  1958  2104 I MiuiNetworkPolicy: removeUidState uid = 10193
06-29 19:32:56.847 23593 23614 I GH.CAR  : Using GearheadCarServiceBinder in CarMessageService.
06-29 19:32:56.849 23593 23614 I GH.DelegateMngCarSvc: Retries remaining initialized to 20
06-29 19:32:56.849 23593 23614 I GH.CAR  : Using Gearhead for projection services. All aboard! 
06-29 19:32:56.849 23593 23614 I GH.DelegateICarSupplier: Obtaining car service delegate from GMS Core via connectionless.
06-29 19:32:56.849 23593 23614 I GH.DelegateMngCarSvc: Skipping delegate acquisition on init().
06-29 19:32:56.851 23593 23614 I GH.CarService: Setting delegate: gee@ea4b66
06-29 19:32:56.852 23593 23614 I CAR.SERVICE: Setting CSB delegate, previous value null updated to hen@d9f5ea7
06-29 19:32:56.852 23593 23614 I GH.CAR  : Setting validator car info suppliers
06-29 19:32:56.852 23593 23614 I GH.CAR  : ICar delegate chain:
06-29 19:32:56.852 23593 23614 I GH.CAR  :      hfi@cd85efd
06-29 19:32:56.852 23593 23614 I GH.CAR  :      -> gee@ea4b66
06-29 19:32:56.852 23593 23614 I GH.CAR  :      -> hen@d9f5ea7
06-29 19:32:56.862  3633  3633 I CNSS    : Failed to send nl message
06-29 19:32:56.874 23477 23667 I cn_CronetUrlRequestContext: destroyNativeStreamLocked org.chromium.net.impl.CronetBidirectionalStream@59aba3d
06-29 19:32:56.880 23593 23614 W DynamiteModule: Local module descriptor class for com.google.android.gms.googlecertificates not found.
06-29 19:32:56.903  3633  3633 I CNSS    : Failed to send nl message
06-29 19:32:56.926 23593 23614 I DynamiteModule: Considering local module com.google.android.gms.googlecertificates:0 and remote module com.google.android.gms.googlecertificates:7
06-29 19:32:56.926 23593 23614 I DynamiteModule: Selected remote version of com.google.android.gms.googlecertificates, version >= 7
06-29 19:32:56.927 23593 23614 V DynamiteModule: Dynamite loader version >= 2, using loadModule2NoCrashUtils
06-29 19:32:56.930  3633  3633 I CNSS    : Failed to send nl message
06-29 19:32:56.951  3633  3633 I CNSS    : Failed to send nl message
06-29 19:32:56.978 23697 23697 W ogle.android.g: JIT profile information will not be recorded: profile file does not exits.
06-29 19:32:56.978 23697 23697 I chatty  : uid=10208(com.google.android.gm) identical 1 line
06-29 19:32:56.979 23697 23697 W ogle.android.g: JIT profile information will not be recorded: profile file does not exits.
06-29 19:32:57.012  3633  3633 I CNSS    : Failed to send nl message
06-29 19:32:57.031 23697 23697 I Perf    : Connecting to perf service.
06-29 19:32:57.055  3633  3633 I CNSS    : Failed to send nl message
06-29 19:32:57.057  1958  2101 D NtpTrustedTime: currentTimeMillis() cache hit
06-29 19:32:57.059   613  2099 I netd    : trafficSwapActiveStatsMap() <0.77ms>
06-29 19:32:57.063   613  2099 I netd    : tetherGetStats() <1.14ms>
06-29 19:32:57.077  1958  2101 D NtpTrustedTime: currentTimeMillis() cache hit
06-29 19:32:57.080   613  2099 I netd    : bandwidthSetGlobalAlert(131072) <0.32ms>
06-29 19:32:57.080 25666 26108 D TrafficManageService: onReceive: intent.action = com.android.server.action.NETWORK_STATS_UPDATED
06-29 19:32:57.081 23477 23724 W BpBinder: Slow Binder: BpBinder transact took 302ms, interface=com.google.android.gms.car.startup.IStartup, code=13 oneway=false
06-29 19:32:57.088  3633  3633 I CNSS    : Failed to send nl message
06-29 19:32:57.156  3633  3633 I CNSS    : Failed to send nl message
06-29 19:32:57.217 23697 23697 W AndroidLoggerBackend: AndroidLoggerBackend configured with enableAndroidLogger:false; no logs will be emitted.
06-29 19:32:57.225  3633  3633 I CNSS    : Failed to send nl message
06-29 19:32:57.258  3633  3633 I CNSS    : Failed to send nl message
06-29 19:32:57.276   511   511 I hwservicemanager: getTransport: Cannot find entry vendor.qti.hardware.servicetracker@1.0::IServicetracker/default in either framework or device manifest.
06-29 19:32:57.340  1958  3417 W NotificationService: Toast already killed. pkg=com.BHG.sharechat callback=android.app.ITransientNotification$Stub$Proxy@3ee678d
06-29 19:32:57.361  3633  3633 I CNSS    : Failed to send nl message
06-29 19:32:57.423  3633  3633 I chatty  : uid=1000(system) /system/vendor/bin/cnss_diag identical 1 line
06-29 19:32:57.463  3633  3633 I CNSS    : Failed to send nl message
06-29 19:32:57.477   511   511 I hwservicemanager: getTransport: Cannot find entry vendor.qti.hardware.servicetracker@1.0::IServicetracker/default in either framework or device manifest.
06-29 19:32:57.488  3633  3633 I CNSS    : Failed to send nl message
06-29 19:32:57.505   511   511 I hwservicemanager: getTransport: Cannot find entry vendor.qti.hardware.servicetracker@1.0::IServicetracker/default in either framework or device manifest.
06-29 19:32:57.492 23249 23249 W TcmReceiver: type=1400 audit(0.0:16507): avc: denied { write } for name="tcm" dev="tmpfs" ino=31183 scontext=u:r:updater:s0:c512,c768 tcontext=u:object_r:dpmtcm_socket:s0 tclass=sock_file permissive=0
06-29 19:32:57.529 23697 23697 I FeatureParser: can't find violet.xml in assets/device_features/,it may be in /system/etc/device_features
06-29 19:32:57.522 23697 23697 W ogle.android.gm: type=1400 audit(0.0:16508): avc: denied { read } for name="u:object_r:vendor_default_prop:s0" dev="tmpfs" ino=24807 scontext=u:r:untrusted_app:s0:c208,c256,c512,c768 tcontext=u:object_r:vendor_default_prop:s0 tclass=file permissive=0
06-29 19:32:57.533 23697 23697 E libc    : Access denied finding property "ro.vendor.df.effect.conflict"
06-29 19:32:57.553   511   511 I hwservicemanager: getTransport: Cannot find entry vendor.qti.hardware.servicetracker@1.0::IServicetracker/default in either framework or device manifest.
06-29 19:32:57.554  3633  3633 I CNSS    : Failed to send nl message
06-29 19:32:57.564   511   511 I hwservicemanager: getTransport: Cannot find entry vendor.qti.hardware.servicetracker@1.0::IServicetracker/default in either framework or device manifest.
06-29 19:32:57.565  1958  2106 D WifiNetworkFactory: got request NetworkRequest [ TRACK_DEFAULT id=2130, [ Capabilities: INTERNET&NOT_RESTRICTED&TRUSTED Uid: 10208] ] with score 60 and serial -1
06-29 19:32:57.565  1958  2106 D UntrustedWifiNetworkFactory: got request NetworkRequest [ TRACK_DEFAULT id=2130, [ Capabilities: INTERNET&NOT_RESTRICTED&TRUSTED Uid: 10208] ] with score 60 and serial -1
06-29 19:32:57.565  2513  2513 D PhoneSwitcherNetworkRequstListener: got request NetworkRequest [ TRACK_DEFAULT id=2130, [ Capabilities: INTERNET&NOT_RESTRICTED&TRUSTED Uid: 10208] ] with score 60 and serial -1
06-29 19:32:57.567  1958  2160 D Ethernet: got request NetworkRequest [ TRACK_DEFAULT id=2130, [ Capabilities: INTERNET&NOT_RESTRICTED&TRUSTED Uid: 10208] ] with score 60 and serial -1
06-29 19:32:57.578  3633  3633 I CNSS    : Failed to send nl message
06-29 19:32:57.600 23697 23749 D StrictMode: StrictMode policy violation: android.os.strictmode.DiskReadViolation
06-29 19:32:57.600 23697 23749 D StrictMode:    at android.os.StrictMode$AndroidBlockGuardPolicy.onReadFromDisk(StrictMode.java:1562)
06-29 19:32:57.600 23697 23749 D StrictMode:    at libcore.io.BlockGuardOs.access(BlockGuardOs.java:69)
06-29 19:32:57.600 23697 23749 D StrictMode:    at libcore.io.ForwardingOs.access(ForwardingOs.java:73)
06-29 19:32:57.600 23697 23749 D StrictMode:    at android.app.ActivityThread$AndroidOs.access(ActivityThread.java:7482)
06-29 19:32:57.600 23697 23749 D StrictMode:    at java.io.UnixFileSystem.checkAccess(UnixFileSystem.java:281)
06-29 19:32:57.600 23697 23749 D StrictMode:    at java.io.File.exists(File.java:815)
06-29 19:32:57.600 23697 23749 D StrictMode:    at android.app.ContextImpl.ensurePrivateDirExists(ContextImpl.java:655)
06-29 19:32:57.600 23697 23749 D StrictMode:    at android.app.ContextImpl.ensurePrivateDirExists(ContextImpl.java:646)
06-29 19:32:57.600 23697 23749 D StrictMode:    at android.app.ContextImpl.getPreferencesDir(ContextImpl.java:602)
06-29 19:32:57.600 23697 23749 D StrictMode:    at android.app.ContextImpl.getSharedPreferencesPath(ContextImpl.java:797)
06-29 19:32:57.600 23697 23749 D StrictMode:    at android.app.ContextImpl.getSharedPreferences(ContextImpl.java:449)
06-29 19:32:57.600 23697 23749 D StrictMode:    at android.content.ContextWrapper.getSharedPreferences(ContextWrapper.java:188)
06-29 19:32:57.600 23697 23749 D StrictMode:    at ihv.<init>(PG:49)
06-29 19:32:57.600 23697 23749 D StrictMode:    at gyq.<init>(PG:13)
06-29 19:32:57.600 23697 23749 D StrictMode:    at gyq.l(PG:16)
06-29 19:32:57.600 23697 23749 D StrictMode:    at pmu.a(PG:32)
06-29 19:32:57.600 23697 23749 D StrictMode:    at pmu.q(PG:9)
06-29 19:32:57.600 23697 23749 D StrictMode:    at afbn.ag(PG:120)
06-29 19:32:57.600 23697 23749 D StrictMode:    at afbn.ac(PG:26)
06-29 19:32:57.600 23697 23749 D StrictMode:    at azsx.N(PG:5)
06-29 19:32:57.600 23697 23749 D StrictMode:    at nci.a(PG:618)
06-29 19:32:57.600 23697 23749 D StrictMode:    at bjbv.a(PG:57)
06-29 19:32:57.600 23697 23749 D StrictMode:    at bjbg.c(PG:3)
06-29 19:32:57.600 23697 23749 D StrictMode:    at bjbi.run(PG:38)
06-29 19:32:57.600 23697 23749 D StrictMode:    at adtm.run(PG:7)
06-29 19:32:57.600 23697 23749 D StrictMode:    at bisa.run(PG:44)
06-29 19:32:57.600 23697 23749 D StrictMode:    at sap.run(PG:25)
06-29 19:32:57.600 23697 23749 D StrictMode:    at java.lang.Thread.run(Thread.java:919)
06-29 19:32:57.600 23697 23749 D StrictMode:    at adue.run(PG:61)
06-29 19:32:57.602 23697 23749 D StrictMode: StrictMode policy violation: android.os.strictmode.DiskReadViolation
06-29 19:32:57.602 23697 23749 D StrictMode:    at android.os.StrictMode$AndroidBlockGuardPolicy.onReadFromDisk(StrictMode.java:1562)
06-29 19:32:57.602 23697 23749 D StrictMode:    at android.app.SharedPreferencesImpl.awaitLoadedLocked(SharedPreferencesImpl.java:261)
06-29 19:32:57.602 23697 23749 D StrictMode:    at android.app.SharedPreferencesImpl.edit(SharedPreferencesImpl.java:354)
06-29 19:32:57.602 23697 23749 D StrictMode:    at ihv.<init>(PG:55)
06-29 19:32:57.602 23697 23749 D StrictMode:    at gyq.<init>(PG:13)
06-29 19:32:57.602 23697 23749 D StrictMode:    at gyq.l(PG:16)
06-29 19:32:57.602 23697 23749 D StrictMode:    at pmu.a(PG:32)
06-29 19:32:57.602 23697 23749 D StrictMode:    at pmu.q(PG:9)
06-29 19:32:57.602 23697 23749 D StrictMode:    at afbn.ag(PG:120)
06-29 19:32:57.602 23697 23749 D StrictMode:    at afbn.ac(PG:26)
06-29 19:32:57.602 23697 23749 D StrictMode:    at azsx.N(PG:5)
06-29 19:32:57.602 23697 23749 D StrictMode:    at nci.a(PG:618)
06-29 19:32:57.602 23697 23749 D StrictMode:    at bjbv.a(PG:57)
06-29 19:32:57.602 23697 23749 D StrictMode:    at bjbg.c(PG:3)
06-29 19:32:57.602 23697 23749 D StrictMode:    at bjbi.run(PG:38)
06-29 19:32:57.602 23697 23749 D StrictMode:    at adtm.run(PG:7)
06-29 19:32:57.602 23697 23749 D StrictMode:    at bisa.run(PG:44)
06-29 19:32:57.602 23697 23749 D StrictMode:    at sap.run(PG:25)
06-29 19:32:57.602 23697 23749 D StrictMode:    at java.lang.Thread.run(Thread.java:919)
06-29 19:32:57.602 23697 23749 D StrictMode:    at adue.run(PG:61)
06-29 19:32:57.613 23697 23758 D StrictMode: StrictMode policy violation: android.os.strictmode.DiskReadViolation
06-29 19:32:57.613 23697 23758 D StrictMode:    at android.os.StrictMode$AndroidBlockGuardPolicy.onReadFromDisk(StrictMode.java:1562)
06-29 19:32:57.613 23697 23758 D StrictMode:    at libcore.io.BlockGuardOs.access(BlockGuardOs.java:69)
06-29 19:32:57.613 23697 23758 D StrictMode:    at libcore.io.ForwardingOs.access(ForwardingOs.java:73)
06-29 19:32:57.613 23697 23758 D StrictMode:    at android.app.ActivityThread$AndroidOs.access(ActivityThread.java:7482)
06-29 19:32:57.613 23697 23758 D StrictMode:    at java.io.UnixFileSystem.checkAccess(UnixFileSystem.java:281)
06-29 19:32:57.613 23697 23758 D StrictMode:    at java.io.File.exists(File.java:815)
06-29 19:32:57.613 23697 23758 D StrictMode:    at android.app.ContextImpl.ensurePrivateDirExists(ContextImpl.java:655)
06-29 19:32:57.613 23697 23758 D StrictMode:    at android.app.ContextImpl.ensurePrivateDirExists(ContextImpl.java:646)
06-29 19:32:57.613 23697 23758 D StrictMode:    at android.app.ContextImpl.getPreferencesDir(ContextImpl.java:602)
06-29 19:32:57.613 23697 23758 D StrictMode:    at android.app.ContextImpl.getSharedPreferencesPath(ContextImpl.java:797)
06-29 19:32:57.613 23697 23758 D StrictMode:    at android.app.ContextImpl.getSharedPreferences(ContextImpl.java:449)
06-29 19:32:57.613 23697 23758 D StrictMode:    at android.content.ContextWrapper.getSharedPreferences(ContextWrapper.java:188)
06-29 19:32:57.613 23697 23758 D StrictMode:    at ihv.<init>(PG:49)
06-29 19:32:57.613 23697 23758 D StrictMode:    at gyq.<init>(PG:13)
06-29 19:32:57.613 23697 23758 D StrictMode:    at gyq.l(PG:16)
06-29 19:32:57.613 23697 23758 D StrictMode:    at pmu.a(PG:32)
06-29 19:32:57.613 23697 23758 D StrictMode:    at pmu.q(PG:9)
06-29 19:32:57.613 23697 23758 D StrictMode:    at afbn.ag(PG:120)
06-29 19:32:57.613 23697 23758 D StrictMode:    at afbn.ac(PG:26)
06-29 19:32:57.613 23697 23758 D StrictMode:    at azsx.N(PG:5)
06-29 19:32:57.613 23697 23758 D StrictMode:    at nci.a(PG:618)
06-29 19:32:57.613 23697 23758 D StrictMode:    at bjbv.a(PG:57)
06-29 19:32:57.613 23697 23758 D StrictMode:    at bjbg.c(PG:3)
06-29 19:32:57.613 23697 23758 D StrictMode:    at bjbi.run(PG:38)
06-29 19:32:57.613 23697 23758 D StrictMode:    at adtm.run(PG:7)
06-29 19:32:57.613 23697 23758 D StrictMode:    at bisa.run(PG:44)
06-29 19:32:57.613 23697 23758 D StrictMode:    at sap.run(PG:25)
06-29 19:32:57.613 23697 23758 D StrictMode:    at java.lang.Thread.run(Thread.java:919)
06-29 19:32:57.613 23697 23758 D StrictMode:    at adue.run(PG:61)
06-29 19:32:57.620 23697 23758 D StrictMode: StrictMode policy violation: android.os.strictmode.DiskReadViolation
06-29 19:32:57.620 23697 23758 D StrictMode:    at android.os.StrictMode$AndroidBlockGuardPolicy.onReadFromDisk(StrictMode.java:1562)
06-29 19:32:57.620 23697 23758 D StrictMode:    at android.app.SharedPreferencesImpl.awaitLoadedLocked(SharedPreferencesImpl.java:261)
06-29 19:32:57.620 23697 23758 D StrictMode:    at android.app.SharedPreferencesImpl.edit(SharedPreferencesImpl.java:354)
06-29 19:32:57.620 23697 23758 D StrictMode:    at ihv.<init>(PG:55)
06-29 19:32:57.620 23697 23758 D StrictMode:    at gyq.<init>(PG:13)
06-29 19:32:57.620 23697 23758 D StrictMode:    at gyq.l(PG:16)
06-29 19:32:57.620 23697 23758 D StrictMode:    at pmu.a(PG:32)
06-29 19:32:57.620 23697 23758 D StrictMode:    at pmu.q(PG:9)
06-29 19:32:57.620 23697 23758 D StrictMode:    at afbn.ag(PG:120)
06-29 19:32:57.620 23697 23758 D StrictMode:    at afbn.ac(PG:26)
06-29 19:32:57.620 23697 23758 D StrictMode:    at azsx.N(PG:5)
06-29 19:32:57.620 23697 23758 D StrictMode:    at nci.a(PG:618)
06-29 19:32:57.620 23697 23758 D StrictMode:    at bjbv.a(PG:57)
06-29 19:32:57.620 23697 23758 D StrictMode:    at bjbg.c(PG:3)
06-29 19:32:57.620 23697 23758 D StrictMode:    at bjbi.run(PG:38)
06-29 19:32:57.620 23697 23758 D StrictMode:    at adtm.run(PG:7)
06-29 19:32:57.620 23697 23758 D StrictMode:    at bisa.run(PG:44)
06-29 19:32:57.620 23697 23758 D StrictMode:    at sap.run(PG:25)
06-29 19:32:57.620 23697 23758 D StrictMode:    at java.lang.Thread.run(Thread.java:919)
06-29 19:32:57.620 23697 23758 D StrictMode:    at adue.run(PG:61)
06-29 19:32:57.631 23697 23756 D StrictMode: StrictMode policy violation: android.os.strictmode.DiskReadViolation
06-29 19:32:57.631 23697 23756 D StrictMode:    at android.os.StrictMode$AndroidBlockGuardPolicy.onReadFromDisk(StrictMode.java:1562)
06-29 19:32:57.631 23697 23756 D StrictMode:    at libcore.io.BlockGuardOs.access(BlockGuardOs.java:69)
06-29 19:32:57.631 23697 23756 D StrictMode:    at libcore.io.ForwardingOs.access(ForwardingOs.java:73)
06-29 19:32:57.631 23697 23756 D StrictMode:    at android.app.ActivityThread$AndroidOs.access(ActivityThread.java:7482)
06-29 19:32:57.631 23697 23756 D StrictMode:    at java.io.UnixFileSystem.checkAccess(UnixFileSystem.java:281)
06-29 19:32:57.631 23697 23756 D StrictMode:    at java.io.File.exists(File.java:815)
06-29 19:32:57.631 23697 23756 D StrictMode:    at android.app.ContextImpl.ensurePrivateDirExists(ContextImpl.java:655)
06-29 19:32:57.631 23697 23756 D StrictMode:    at android.app.ContextImpl.ensurePrivateDirExists(ContextImpl.java:646)
06-29 19:32:57.631 23697 23756 D StrictMode:    at android.app.ContextImpl.getPreferencesDir(ContextImpl.java:602)
06-29 19:32:57.631 23697 23756 D StrictMode:    at android.app.ContextImpl.getSharedPreferencesPath(ContextImpl.java:797)
06-29 19:32:57.631 23697 23756 D StrictMode:    at android.app.ContextImpl.getSharedPreferences(ContextImpl.java:449)
06-29 19:32:57.631 23697 23756 D StrictMode:    at android.content.ContextWrapper.getSharedPreferences(ContextWrapper.java:188)
06-29 19:32:57.631 23697 23756 D StrictMode:    at ihv.<init>(PG:49)
06-29 19:32:57.631 23697 23756 D StrictMode:    at gyq.<init>(PG:13)
06-29 19:32:57.631 23697 23756 D StrictMode:    at gyq.l(PG:16)
06-29 19:32:57.631 23697 23756 D StrictMode:    at pmu.a(PG:32)
06-29 19:32:57.631 23697 23756 D StrictMode:    at pmu.q(PG:9)
06-29 19:32:57.631 23697 23756 D StrictMode:    at afbn.ag(PG:120)
06-29 19:32:57.631 23697 23756 D StrictMode:    at afbn.ac(PG:26)
06-29 19:32:57.631 23697 23756 D StrictMode:    at azsx.N(PG:5)
06-29 19:32:57.631 23697 23756 D StrictMode:    at nci.a(PG:618)
06-29 19:32:57.631 23697 23756 D StrictMode:    at bjbv.a(PG:57)
06-29 19:32:57.631 23697 23756 D StrictMode:    at bjbg.c(PG:3)
06-29 19:32:57.631 23697 23756 D StrictMode:    at bjbi.run(PG:38)
06-29 19:32:57.631 23697 23756 D StrictMode:    at adtm.run(PG:7)
06-29 19:32:57.631 23697 23756 D StrictMode:    at bisa.run(PG:44)
06-29 19:32:57.631 23697 23756 D StrictMode:    at sap.run(PG:25)
06-29 19:32:57.631 23697 23756 D StrictMode:    at java.lang.Thread.run(Thread.java:919)
06-29 19:32:57.631 23697 23756 D StrictMode:    at adue.run(PG:61)
06-29 19:32:57.634 23697 23756 D StrictMode: StrictMode policy violation: android.os.strictmode.DiskReadViolation
06-29 19:32:57.634 23697 23756 D StrictMode:    at android.os.StrictMode$AndroidBlockGuardPolicy.onReadFromDisk(StrictMode.java:1562)
06-29 19:32:57.634 23697 23756 D StrictMode:    at android.app.SharedPreferencesImpl.awaitLoadedLocked(SharedPreferencesImpl.java:261)
06-29 19:32:57.634 23697 23756 D StrictMode:    at android.app.SharedPreferencesImpl.edit(SharedPreferencesImpl.java:354)
06-29 19:32:57.634 23697 23756 D StrictMode:    at ihv.<init>(PG:55)
06-29 19:32:57.634 23697 23756 D StrictMode:    at gyq.<init>(PG:13)
06-29 19:32:57.634 23697 23756 D StrictMode:    at gyq.l(PG:16)
06-29 19:32:57.634 23697 23756 D StrictMode:    at pmu.a(PG:32)
06-29 19:32:57.634 23697 23756 D StrictMode:    at pmu.q(PG:9)
06-29 19:32:57.634 23697 23756 D StrictMode:    at afbn.ag(PG:120)
06-29 19:32:57.634 23697 23756 D StrictMode:    at afbn.ac(PG:26)
06-29 19:32:57.634 23697 23756 D StrictMode:    at azsx.N(PG:5)
06-29 19:32:57.634 23697 23756 D StrictMode:    at nci.a(PG:618)
06-29 19:32:57.634 23697 23756 D StrictMode:    at bjbv.a(PG:57)
06-29 19:32:57.634 23697 23756 D StrictMode:    at bjbg.c(PG:3)
06-29 19:32:57.634 23697 23756 D StrictMode:    at bjbi.run(PG:38)
06-29 19:32:57.634 23697 23756 D StrictMode:    at adtm.run(PG:7)
06-29 19:32:57.634 23697 23756 D StrictMode:    at bisa.run(PG:44)
06-29 19:32:57.634 23697 23756 D StrictMode:    at sap.run(PG:25)
06-29 19:32:57.634 23697 23756 D StrictMode:    at java.lang.Thread.run(Thread.java:919)
06-29 19:32:57.634 23697 23756 D StrictMode:    at adue.run(PG:61)
06-29 19:32:57.654   511   511 I hwservicemanager: getTransport: Cannot find entry vendor.qti.hardware.servicetracker@1.0::IServicetracker/default in either framework or device manifest.
06-29 19:32:57.657  1958  4522 D CompatibilityInfo: mCompatibilityFlags - 0
06-29 19:32:57.658  1958  4522 D CompatibilityInfo: applicationDensity - 432
06-29 19:32:57.658  1958  4522 D CompatibilityInfo: applicationScale - 1.0
06-29 19:32:57.660   511   511 I hwservicemanager: getTransport: Cannot find entry vendor.qti.hardware.servicetracker@1.0::IServicetracker/default in either framework or device manifest.
06-29 19:32:57.680   511   511 I chatty  : uid=1000(system) hwservicemanage identical 2 lines
06-29 19:32:57.682   511   511 I hwservicemanager: getTransport: Cannot find entry vendor.qti.hardware.servicetracker@1.0::IServicetracker/default in either framework or device manifest.
06-29 19:32:57.697 23697 23754 I ActivityThread: com.google.android.gms.auth.accounts acquiringCount 2
06-29 19:32:57.750  1958  4415 D CompatibilityInfo: mCompatibilityFlags - 0
06-29 19:32:57.750  1958  4415 D CompatibilityInfo: applicationDensity - 432
06-29 19:32:57.750  1958  4415 D CompatibilityInfo: applicationScale - 1.0
06-29 19:32:57.770  3633  3633 I CNSS    : Failed to send nl message
06-29 19:32:57.778   511   511 I hwservicemanager: getTransport: Cannot find entry vendor.qti.hardware.servicetracker@1.0::IServicetracker/default in either framework or device manifest.
06-29 19:32:57.785  1958  1974 W System  : A resource failed to call release.
06-29 19:32:57.786   511   511 I hwservicemanager: getTransport: Cannot find entry vendor.qti.hardware.servicetracker@1.0::IServicetracker/default in either framework or device manifest.
06-29 19:32:57.791  1958  2351 D CompatibilityInfo: mCompatibilityFlags - 0
06-29 19:32:57.791  1958  2351 D CompatibilityInfo: applicationDensity - 432
06-29 19:32:57.791  1958  2351 D CompatibilityInfo: applicationScale - 1.0
06-29 19:32:57.792   511   511 I hwservicemanager: getTransport: Cannot find entry vendor.qti.hardware.servicetracker@1.0::IServicetracker/default in either framework or device manifest.
06-29 19:32:57.797   511   511 I hwservicemanager: getTransport: Cannot find entry vendor.qti.hardware.servicetracker@1.0::IServicetracker/default in either framework or device manifest.
06-29 19:32:57.799  1958  2104 I MiuiNetworkPolicy: updateUidState uid = 10208, uidState = 9
06-29 19:32:57.800  1958  4008 D CompatibilityInfo: mCompatibilityFlags - 0
06-29 19:32:57.800  1958  4008 D CompatibilityInfo: applicationDensity - 432
06-29 19:32:57.800  1958  4008 D CompatibilityInfo: applicationScale - 1.0
06-29 19:32:57.805  1958  4008 D CompatibilityInfo: mCompatibilityFlags - 0
06-29 19:32:57.805  1958  4008 D CompatibilityInfo: applicationDensity - 432
06-29 19:32:57.805  1958  4008 D CompatibilityInfo: applicationScale - 1.0
06-29 19:32:57.809  3633  3633 I CNSS    : Failed to send nl message
06-29 19:32:57.810   511   511 I hwservicemanager: getTransport: Cannot find entry vendor.qti.hardware.servicetracker@1.0::IServicetracker/default in either framework or device manifest.
06-29 19:32:57.812  1958  4522 D CompatibilityInfo: mCompatibilityFlags - 0
06-29 19:32:57.812  1958  4522 D CompatibilityInfo: applicationDensity - 432
06-29 19:32:57.812  1958  4522 D CompatibilityInfo: applicationScale - 1.0
06-29 19:32:57.813   511   511 I hwservicemanager: getTransport: Cannot find entry vendor.qti.hardware.servicetracker@1.0::IServicetracker/default in either framework or device manifest.
06-29 19:32:57.816  3633  3633 I CNSS    : Failed to send nl message
06-29 19:32:57.819  3633  3633 I CNSS    : Failed to send nl message
06-29 19:32:57.820  1958  4807 D CompatibilityInfo: mCompatibilityFlags - 0
06-29 19:32:57.820  3633  3633 I CNSS    : Failed to send nl message
06-29 19:32:57.820  1958  4807 D CompatibilityInfo: applicationDensity - 432
06-29 19:32:57.820  1958  4807 D CompatibilityInfo: applicationScale - 1.0
06-29 19:32:57.828   511   511 I hwservicemanager: getTransport: Cannot find entry vendor.qti.hardware.servicetracker@1.0::IServicetracker/default in either framework or device manifest.
06-29 19:32:57.832   511   511 I chatty  : uid=1000(system) hwservicemanage identical 1 line
06-29 19:32:57.834   511   511 I hwservicemanager: getTransport: Cannot find entry vendor.qti.hardware.servicetracker@1.0::IServicetracker/default in either framework or device manifest.
06-29 19:32:57.844 13482 20948 I MdiSyncModule: (REDACTED) Receiving API connection from package '%s'...
06-29 19:32:57.846   511   511 I hwservicemanager: getTransport: Cannot find entry vendor.qti.hardware.servicetracker@1.0::IServicetracker/default in either framework or device manifest.
06-29 19:32:57.848 13482 20948 I MdiSyncModule: API connection successful!
06-29 19:32:57.853   511   511 I hwservicemanager: getTransport: Cannot find entry vendor.qti.hardware.servicetracker@1.0::IServicetracker/default in either framework or device manifest.
06-29 19:32:57.858 13482 13500 I MdiSyncModule: (REDACTED) Receiving API connection from package '%s'...
06-29 19:32:57.860 13482 13500 I MdiSyncModule: API connection successful!
06-29 19:32:57.862   511   511 I hwservicemanager: getTransport: Cannot find entry vendor.qti.hardware.servicetracker@1.0::IServicetracker/default in either framework or device manifest.
06-29 19:32:57.863 13482 16037 I MdiSyncModule: (REDACTED) Receiving API connection from package '%s'...
06-29 19:32:57.864   511   511 I hwservicemanager: getTransport: Cannot find entry vendor.qti.hardware.servicetracker@1.0::IServicetracker/default in either framework or device manifest.
06-29 19:32:57.865 13482 16037 I MdiSyncModule: API connection successful!
06-29 19:32:57.867   511   511 I hwservicemanager: getTransport: Cannot find entry vendor.qti.hardware.servicetracker@1.0::IServicetracker/default in either framework or device manifest.
06-29 19:32:57.869   511   511 I chatty  : uid=1000(system) hwservicemanage identical 1 line
06-29 19:32:57.888   511   511 I hwservicemanager: getTransport: Cannot find entry vendor.qti.hardware.servicetracker@1.0::IServicetracker/default in either framework or device manifest.
06-29 19:32:57.891  1958  4522 D CompatibilityInfo: mCompatibilityFlags - 0
06-29 19:32:57.891  1958  4522 D CompatibilityInfo: applicationDensity - 432
06-29 19:32:57.891  1958  4522 D CompatibilityInfo: applicationScale - 1.0
06-29 19:32:57.893   511   511 I hwservicemanager: getTransport: Cannot find entry vendor.qti.hardware.servicetracker@1.0::IServicetracker/default in either framework or device manifest.
06-29 19:32:57.899   511   511 I hwservicemanager: getTransport: Cannot find entry vendor.qti.hardware.servicetracker@1.0::IServicetracker/default in either framework or device manifest.
06-29 19:32:57.901  1958  4008 D CompatibilityInfo: mCompatibilityFlags - 0
06-29 19:32:57.901  1958  4008 D CompatibilityInfo: applicationDensity - 432
06-29 19:32:57.901  1958  4008 D CompatibilityInfo: applicationScale - 1.0
06-29 19:32:57.903   511   511 I hwservicemanager: getTransport: Cannot find entry vendor.qti.hardware.servicetracker@1.0::IServicetracker/default in either framework or device manifest.
06-29 19:32:57.909  1958  2106 D WifiNetworkFactory: got request NetworkRequest [ TRACK_DEFAULT id=2131, [ Capabilities: INTERNET&NOT_RESTRICTED&TRUSTED Uid: 10208] ] with score 60 and serial -1
06-29 19:32:57.909  1958  2106 D UntrustedWifiNetworkFactory: got request NetworkRequest [ TRACK_DEFAULT id=2131, [ Capabilities: INTERNET&NOT_RESTRICTED&TRUSTED Uid: 10208] ] with score 60 and serial -1
06-29 19:32:57.910  1958  2160 D Ethernet: got request NetworkRequest [ TRACK_DEFAULT id=2131, [ Capabilities: INTERNET&NOT_RESTRICTED&TRUSTED Uid: 10208] ] with score 60 and serial -1
06-29 19:32:57.910  2513  2513 D PhoneSwitcherNetworkRequstListener: got request NetworkRequest [ TRACK_DEFAULT id=2131, [ Capabilities: INTERNET&NOT_RESTRICTED&TRUSTED Uid: 10208] ] with score 60 and serial -1
06-29 19:32:57.913   511   511 I hwservicemanager: getTransport: Cannot find entry vendor.qti.hardware.servicetracker@1.0::IServicetracker/default in either framework or device manifest.
06-29 19:32:57.914   511   511 I chatty  : uid=1000(system) hwservicemanage identical 1 line
06-29 19:32:57.927   511   511 I hwservicemanager: getTransport: Cannot find entry vendor.qti.hardware.servicetracker@1.0::IServicetracker/default in either framework or device manifest.
06-29 19:32:57.929  1958  4807 D CompatibilityInfo: mCompatibilityFlags - 0
06-29 19:32:57.930  1958  4807 D CompatibilityInfo: applicationDensity - 432
06-29 19:32:57.930  1958  4807 D CompatibilityInfo: applicationScale - 1.0
06-29 19:32:57.932   511   511 I hwservicemanager: getTransport: Cannot find entry vendor.qti.hardware.servicetracker@1.0::IServicetracker/default in either framework or device manifest.
06-29 19:32:57.978   511   511 I chatty  : uid=1000(system) hwservicemanage identical 3 lines
06-29 19:32:57.989   511   511 I hwservicemanager: getTransport: Cannot find entry vendor.qti.hardware.servicetracker@1.0::IServicetracker/default in either framework or device manifest.
06-29 19:32:57.992  1958  4522 D CompatibilityInfo: mCompatibilityFlags - 0
06-29 19:32:57.992  1958  4522 D CompatibilityInfo: applicationDensity - 432
06-29 19:32:57.992  1958  4522 D CompatibilityInfo: applicationScale - 1.0
06-29 19:32:57.994   511   511 I hwservicemanager: getTransport: Cannot find entry vendor.qti.hardware.servicetracker@1.0::IServicetracker/default in either framework or device manifest.
06-29 19:32:58.019   511   511 I chatty  : uid=1000(system) hwservicemanage identical 5 lines
06-29 19:32:58.024   511   511 I hwservicemanager: getTransport: Cannot find entry vendor.qti.hardware.servicetracker@1.0::IServicetracker/default in either framework or device manifest.
06-29 19:32:58.026  1958  4522 D CompatibilityInfo: mCompatibilityFlags - 0
06-29 19:32:58.026  1958  4522 D CompatibilityInfo: applicationDensity - 432
06-29 19:32:58.026  1958  4522 D CompatibilityInfo: applicationScale - 1.0
06-29 19:32:58.027   511   511 I hwservicemanager: getTransport: Cannot find entry vendor.qti.hardware.servicetracker@1.0::IServicetracker/default in either framework or device manifest.
06-29 19:32:58.030   511   511 I hwservicemanager: getTransport: Cannot find entry vendor.qti.hardware.servicetracker@1.0::IServicetracker/default in either framework or device manifest.
06-29 19:32:58.095  1958  2101 D NtpTrustedTime: currentTimeMillis() cache hit
06-29 19:32:58.098   613  2099 I netd    : trafficSwapActiveStatsMap() <1.53ms>
06-29 19:32:58.102   613  2099 I netd    : tetherGetStats() <2.61ms>
06-29 19:32:58.137  1958  4415 D CompatibilityInfo: mCompatibilityFlags - 0
06-29 19:32:58.138  1958  4415 D CompatibilityInfo: applicationDensity - 432
06-29 19:32:58.138  1958  4415 D CompatibilityInfo: applicationScale - 1.0
06-29 19:32:58.143   511   511 I hwservicemanager: getTransport: Cannot find entry vendor.qti.hardware.servicetracker@1.0::IServicetracker/default in either framework or device manifest.
06-29 19:32:58.167  1958  2101 D NtpTrustedTime: currentTimeMillis() cache hit
06-29 19:32:58.171   613  2099 I netd    : bandwidthSetGlobalAlert(131072) <0.46ms>
06-29 19:32:58.171 25666 26108 D TrafficManageService: onReceive: intent.action = com.android.server.action.NETWORK_STATS_UPDATED
06-29 19:32:58.176 23697 23778 E Perf    : Fail to get file list com.google.android.gm
06-29 19:32:58.177 23697 23778 E Perf    : getFolderSize() : Exception_1 = java.lang.NullPointerException: Attempt to get length of null array
06-29 19:32:58.178 23697 23778 E Perf    : Fail to get file list oat
06-29 19:32:58.179 23697 23778 E Perf    : getFolderSize() : Exception_1 = java.lang.NullPointerException: Attempt to get length of null array
06-29 19:32:58.188   511   511 I hwservicemanager: getTransport: Cannot find entry vendor.qti.hardware.servicetracker@1.0::IServicetracker/default in either framework or device manifest.
06-29 19:32:58.209   511   511 I chatty  : uid=1000(system) hwservicemanage identical 4 lines
06-29 19:32:58.221   511   511 I hwservicemanager: getTransport: Cannot find entry vendor.qti.hardware.servicetracker@1.0::IServicetracker/default in either framework or device manifest.
06-29 19:32:58.223  1958  4807 D CompatibilityInfo: mCompatibilityFlags - 0
06-29 19:32:58.223  1958  4807 D CompatibilityInfo: applicationDensity - 432
06-29 19:32:58.223  1958  4807 D CompatibilityInfo: applicationScale - 1.0
06-29 19:32:58.224   511   511 I hwservicemanager: getTransport: Cannot find entry vendor.qti.hardware.servicetracker@1.0::IServicetracker/default in either framework or device manifest.
06-29 19:32:58.241 21390 21405 I .gms.persisten: Background young concurrent copying GC freed 335741(12MB) AllocSpace objects, 7(256KB) LOS objects, 39% free, 19MB/31MB, paused 334us total 223.291ms
06-29 19:32:58.251   511   511 I hwservicemanager: getTransport: Cannot find entry vendor.qti.hardware.servicetracker@1.0::IServicetracker/default in either framework or device manifest.
06-29 19:32:58.264   511   511 I chatty  : uid=1000(system) hwservicemanage identical 3 lines
06-29 19:32:58.268   511   511 I hwservicemanager: getTransport: Cannot find entry vendor.qti.hardware.servicetracker@1.0::IServicetracker/default in either framework or device manifest.
06-29 19:32:58.269  1958  3851 D CompatibilityInfo: mCompatibilityFlags - 0
06-29 19:32:58.269  1958  3851 D CompatibilityInfo: applicationDensity - 432
06-29 19:32:58.269  1958  3851 D CompatibilityInfo: applicationScale - 1.0
06-29 19:32:58.270   511   511 I hwservicemanager: getTransport: Cannot find entry vendor.qti.hardware.servicetracker@1.0::IServicetracker/default in either framework or device manifest.
06-29 19:32:58.285   511   511 I chatty  : uid=1000(system) hwservicemanage identical 2 lines
06-29 19:32:58.288   511   511 I hwservicemanager: getTransport: Cannot find entry vendor.qti.hardware.servicetracker@1.0::IServicetracker/default in either framework or device manifest.
06-29 19:32:58.291 23071 23071 D ForceDarkHelper: updateByCheckExcludeList: pkg: com.BHG.sharechat activity: com.BHG.sharechat.MainActivity@2d5c84d
06-29 19:32:58.292   511   511 I hwservicemanager: getTransport: Cannot find entry vendor.qti.hardware.servicetracker@1.0::IServicetracker/default in either framework or device manifest.
06-29 19:32:58.293  1958  4415 D CompatibilityInfo: mCompatibilityFlags - 0
06-29 19:32:58.293  1958  4415 D CompatibilityInfo: applicationDensity - 432
06-29 19:32:58.293  1958  4415 D CompatibilityInfo: applicationScale - 1.0
06-29 19:32:58.293  3633  3633 I CNSS    : Failed to send nl message
06-29 19:32:58.294  3633  3633 I CNSS    : Failed to send nl message
06-29 19:32:58.296 23071 23071 D ForceDarkHelper: updateByCheckExcludeList: pkg: com.BHG.sharechat activity: com.BHG.sharechat.MainActivity@2d5c84d
06-29 19:32:58.297  3633  3633 I CNSS    : Failed to send nl message
06-29 19:32:58.297   511   511 I hwservicemanager: getTransport: Cannot find entry vendor.qti.hardware.servicetracker@1.0::IServicetracker/default in either framework or device manifest.
06-29 19:32:58.299  3633  3633 I CNSS    : Failed to send nl message
06-29 19:32:58.299   511   511 I hwservicemanager: getTransport: Cannot find entry vendor.qti.hardware.servicetracker@1.0::IServicetracker/default in either framework or device manifest.
06-29 19:32:58.300  3633  3633 I CNSS    : Failed to send nl message
06-29 19:32:58.309   511   511 I hwservicemanager: getTransport: Cannot find entry vendor.qti.hardware.servicetracker@1.0::IServicetracker/default in either framework or device manifest.
06-29 19:32:58.311   511   511 I chatty  : uid=1000(system) hwservicemanage identical 1 line
06-29 19:32:58.335   511   511 I hwservicemanager: getTransport: Cannot find entry vendor.qti.hardware.servicetracker@1.0::IServicetracker/default in either framework or device manifest.
06-29 19:32:58.336  1958  3851 D CompatibilityInfo: mCompatibilityFlags - 0
06-29 19:32:58.336  1958  3851 D CompatibilityInfo: applicationDensity - 432
06-29 19:32:58.336  1958  3851 D CompatibilityInfo: applicationScale - 1.0
06-29 19:32:58.337   511   511 I hwservicemanager: getTransport: Cannot find entry vendor.qti.hardware.servicetracker@1.0::IServicetracker/default in either framework or device manifest.
06-29 19:32:58.354  3633  3633 I CNSS    : Failed to send nl message
06-29 19:32:58.357   511   511 I hwservicemanager: getTransport: Cannot find entry vendor.qti.hardware.servicetracker@1.0::IServicetracker/default in either framework or device manifest.
06-29 19:32:58.358   511   511 I hwservicemanager: getTransport: Cannot find entry vendor.qti.hardware.servicetracker@1.0::IServicetracker/default in either framework or device manifest.
06-29 19:32:58.371  3633  3633 I CNSS    : Failed to send nl message
06-29 19:32:58.374  1958  2351 D CompatibilityInfo: mCompatibilityFlags - 0
06-29 19:32:58.374  1958  2351 D CompatibilityInfo: applicationDensity - 432
06-29 19:32:58.374  1958  2351 D CompatibilityInfo: applicationScale - 1.0
06-29 19:32:58.382  1958  3851 D CompatibilityInfo: mCompatibilityFlags - 0
06-29 19:32:58.382  1958  3851 D CompatibilityInfo: applicationDensity - 432
06-29 19:32:58.382  1958  3851 D CompatibilityInfo: applicationScale - 1.0
06-29 19:32:58.383   511   511 I hwservicemanager: getTransport: Cannot find entry vendor.qti.hardware.servicetracker@1.0::IServicetracker/default in either framework or device manifest.
06-29 19:32:58.384 21390 21390 I WakefulBroadcastRcvr: Processing wakeful broadcast: android.accounts.LOGIN_ACCOUNTS_CHANGED
06-29 19:32:58.384   511   511 I hwservicemanager: getTransport: Cannot find entry vendor.qti.hardware.servicetracker@1.0::IServicetracker/default in either framework or device manifest.
06-29 19:32:58.385  3633  3633 I CNSS    : Failed to send nl message
06-29 19:32:58.386   511   511 I hwservicemanager: getTransport: Cannot find entry vendor.qti.hardware.servicetracker@1.0::IServicetracker/default in either framework or device manifest.
06-29 19:32:58.390  1958  3851 D CompatibilityInfo: mCompatibilityFlags - 0
06-29 19:32:58.390  1958  3851 D CompatibilityInfo: applicationDensity - 432
06-29 19:32:58.390  1958  3851 D CompatibilityInfo: applicationScale - 1.0
06-29 19:32:58.392  1958  2104 I MiuiNetworkPolicy: updateUidState uid = 10208, uidState = 11
06-29 19:32:58.396  3633  3633 I CNSS    : Failed to send nl message
06-29 19:32:58.397  1958  4522 I ActivityManager: Killing 22052:com.android.vending:background/u0a175 (adj 955): empty #17
06-29 19:32:58.405  1958  2351 D CompatibilityInfo: mCompatibilityFlags - 0
06-29 19:32:58.405  1958  2351 D CompatibilityInfo: applicationDensity - 432
06-29 19:32:58.405  1958  2351 D CompatibilityInfo: applicationScale - 1.0
06-29 19:32:58.407   511   511 I hwservicemanager: getTransport: Cannot find entry vendor.qti.hardware.servicetracker@1.0::IServicetracker/default in either framework or device manifest.
06-29 19:32:58.409  1958  2104 I MiuiNetworkPolicy: updateUidState uid = 10208, uidState = 20
06-29 19:32:58.414 23071 23071 D ForceDarkHelper: updateByCheckExcludeList: pkg: com.BHG.sharechat activity: com.BHG.sharechat.MainActivity@2d5c84d
06-29 19:32:58.415  1958  2351 D CompatibilityInfo: mCompatibilityFlags - 0
06-29 19:32:58.415  1958  2351 D CompatibilityInfo: applicationDensity - 432
06-29 19:32:58.415  1958  2351 D CompatibilityInfo: applicationScale - 1.0
06-29 19:32:58.418   511   511 I hwservicemanager: getTransport: Cannot find entry vendor.qti.hardware.servicetracker@1.0::IServicetracker/default in either framework or device manifest.
06-29 19:32:58.425  1958  4415 D CompatibilityInfo: mCompatibilityFlags - 0
06-29 19:32:58.425  1958  4415 D CompatibilityInfo: applicationDensity - 432
06-29 19:32:58.425  1958  4415 D CompatibilityInfo: applicationScale - 1.0
06-29 19:32:58.430   511   511 I hwservicemanager: getTransport: Cannot find entry vendor.qti.hardware.servicetracker@1.0::IServicetracker/default in either framework or device manifest.
06-29 19:32:58.439  3633  3633 I CNSS    : Failed to send nl message
06-29 19:32:58.447   511   511 I hwservicemanager: getTransport: Cannot find entry vendor.qti.hardware.servicetracker@1.0::IServicetracker/default in either framework or device manifest.
06-29 19:32:58.452   511   511 I hwservicemanager: getTransport: Cannot find entry vendor.qti.hardware.servicetracker@1.0::IServicetracker/default in either framework or device manifest.
06-29 19:32:58.454  1958  4807 D CompatibilityInfo: mCompatibilityFlags - 0
06-29 19:32:58.454  1958  4807 D CompatibilityInfo: applicationDensity - 432
06-29 19:32:58.454  1958  4807 D CompatibilityInfo: applicationScale - 1.0
06-29 19:32:58.455   511   511 I hwservicemanager: getTransport: Cannot find entry vendor.qti.hardware.servicetracker@1.0::IServicetracker/default in either framework or device manifest.
06-29 19:32:58.465   511   511 I chatty  : uid=1000(system) hwservicemanage identical 3 lines
06-29 19:32:58.469   511   511 I hwservicemanager: getTransport: Cannot find entry vendor.qti.hardware.servicetracker@1.0::IServicetracker/default in either framework or device manifest.
06-29 19:32:58.480   614   614 I Zygote  : Process 22052 exited due to signal 9 (Killed)
06-29 19:32:58.482  1958  2012 I libprocessgroup: Successfully killed process cgroup uid 10175 pid 22052 in 82ms
06-29 19:32:58.486   511   511 I hwservicemanager: getTransport: Cannot find entry vendor.qti.hardware.servicetracker@1.0::IServicetracker/default in either framework or device manifest.
06-29 19:32:58.487  3633  3633 I CNSS    : Failed to send nl message
06-29 19:32:58.495  1958  1979 D CompatibilityInfo: mCompatibilityFlags - 0
06-29 19:32:58.495  1958  1979 D CompatibilityInfo: applicationDensity - 432
06-29 19:32:58.495  1958  1979 D CompatibilityInfo: applicationScale - 1.0
06-29 19:32:58.496   511   511 I hwservicemanager: getTransport: Cannot find entry vendor.qti.hardware.servicetracker@1.0::IServicetracker/default in either framework or device manifest.
06-29 19:32:58.498  1958  2104 I MiuiNetworkPolicy: removeUidState uid = 10175
06-29 19:32:58.499 13482 23819 I PaymentsSuwIntentOp: Processing intent action = android.accounts.LOGIN_ACCOUNTS_CHANGED
06-29 19:32:58.502 13482 23819 I PaymentsSuwIntentOp: Account added has already been processed
06-29 19:32:58.508  3633  3633 I CNSS    : Failed to send nl message
06-29 19:32:58.517  1958  4526 D CompatibilityInfo: mCompatibilityFlags - 0
06-29 19:32:58.517  1958  4526 D CompatibilityInfo: applicationDensity - 432
06-29 19:32:58.517  1958  4526 D CompatibilityInfo: applicationScale - 1.0
06-29 19:32:58.531   511   511 I hwservicemanager: getTransport: Cannot find entry vendor.qti.hardware.servicetracker@1.0::IServicetracker/default in either framework or device manifest.
06-29 19:32:58.532  1958  2645 D CompatibilityInfo: mCompatibilityFlags - 0
06-29 19:32:58.532  1958  2645 D CompatibilityInfo: applicationDensity - 432
06-29 19:32:58.532  1958  2645 D CompatibilityInfo: applicationScale - 1.0
06-29 19:32:58.533   511   511 I hwservicemanager: getTransport: Cannot find entry vendor.qti.hardware.servicetracker@1.0::IServicetracker/default in either framework or device manifest.
06-29 19:32:58.540   511   511 I chatty  : uid=1000(system) hwservicemanage identical 1 line
06-29 19:32:58.541   511   511 I hwservicemanager: getTransport: Cannot find entry vendor.qti.hardware.servicetracker@1.0::IServicetracker/default in either framework or device manifest.
06-29 19:32:58.532 23249 23249 W TcmReceiver: type=1400 audit(0.0:16509): avc: denied { write } for name="tcm" dev="tmpfs" ino=31183 scontext=u:r:updater:s0:c512,c768 tcontext=u:object_r:dpmtcm_socket:s0 tclass=sock_file permissive=0
06-29 19:32:58.545  3633  3633 I CNSS    : Failed to send nl message
06-29 19:32:58.547   511   511 I hwservicemanager: getTransport: Cannot find entry vendor.qti.hardware.servicetracker@1.0::IServicetracker/default in either framework or device manifest.
06-29 19:32:58.550   511   511 I chatty  : uid=1000(system) hwservicemanage identical 1 line
06-29 19:32:58.554   511   511 I hwservicemanager: getTransport: Cannot find entry vendor.qti.hardware.servicetracker@1.0::IServicetracker/default in either framework or device manifest.
06-29 19:32:58.555  1958  1979 D CompatibilityInfo: mCompatibilityFlags - 0
06-29 19:32:58.555  1958  1979 D CompatibilityInfo: applicationDensity - 432
06-29 19:32:58.555  1958  1979 D CompatibilityInfo: applicationScale - 1.0
06-29 19:32:58.555   511   511 I hwservicemanager: getTransport: Cannot find entry vendor.qti.hardware.servicetracker@1.0::IServicetracker/default in either framework or device manifest.
06-29 19:32:58.557   511   511 I chatty  : uid=1000(system) hwservicemanage identical 1 line
06-29 19:32:58.564   511   511 I hwservicemanager: getTransport: Cannot find entry vendor.qti.hardware.servicetracker@1.0::IServicetracker/default in either framework or device manifest.
06-29 19:32:58.567  1958  4692 D CompatibilityInfo: mCompatibilityFlags - 0
06-29 19:32:58.567  1958  4692 D CompatibilityInfo: applicationDensity - 432
06-29 19:32:58.567  1958  4692 D CompatibilityInfo: applicationScale - 1.0
06-29 19:32:58.568   511   511 I hwservicemanager: getTransport: Cannot find entry vendor.qti.hardware.servicetracker@1.0::IServicetracker/default in either framework or device manifest.
06-29 19:32:58.580   511   511 I chatty  : uid=1000(system) hwservicemanage identical 3 lines
06-29 19:32:58.581   511   511 I hwservicemanager: getTransport: Cannot find entry vendor.qti.hardware.servicetracker@1.0::IServicetracker/default in either framework or device manifest.
06-29 19:32:58.586  3633  3633 I CNSS    : Failed to send nl message
06-29 19:32:58.599  3633  3633 I CNSS    : Failed to send nl message
06-29 19:32:58.618  1340  1340 I GnpSdk  : (REDACTED) Intent received for action [%s] package [%s].
06-29 19:32:58.622  3633  3633 I CNSS    : Failed to send nl message
06-29 19:32:58.635  1340  1340 I GnpSdk  : Phenotype initialized.
06-29 19:32:58.637  3633  3633 I CNSS    : Failed to send nl message
06-29 19:32:58.652  3633  3633 I CNSS    : Failed to send nl message
06-29 19:32:58.679  1340  1340 I GnpSdk  : (REDACTED) Validation OK for action [%s].
06-29 19:32:58.719  1340  1340 I GnpSdk  : (REDACTED) Submitting Broadcast execution [%d] to tiktok executor.
06-29 19:32:58.724  1340 23829 I GnpSdk  : (REDACTED) Executing action in BroadcastReceiver [%s].
06-29 19:32:58.794  3633  3633 I CNSS    : Failed to send nl message
06-29 19:32:58.838   511   511 I hwservicemanager: getTransport: Cannot find entry vendor.qti.hardware.servicetracker@1.0::IServicetracker/default in either framework or device manifest.
06-29 19:32:58.853  1958  1996 W WindowManager: Unable to start animation, surface is null or no children.
06-29 19:32:58.853  3633  3633 I CNSS    : Failed to send nl message
06-29 19:32:58.863  3633  3633 I chatty  : uid=1000(system) /system/vendor/bin/cnss_diag identical 2 lines
06-29 19:32:58.866  3633  3633 I CNSS    : Failed to send nl message
06-29 19:32:58.873  1340 23829 I GnpSdk  : (REDACTED) Finished Broadcast execution [%d].
06-29 19:32:58.874  1958  4526 D CompatibilityInfo: mCompatibilityFlags - 0
06-29 19:32:58.874  1958  4526 D CompatibilityInfo: applicationDensity - 432
06-29 19:32:58.874  1958  4526 D CompatibilityInfo: applicationScale - 1.0
06-29 19:32:58.901   511   511 I hwservicemanager: getTransport: Cannot find entry vendor.qti.hardware.servicetracker@1.0::IServicetracker/default in either framework or device manifest.
