06-29 19:32:58.903  1958  4526 D CompatibilityInfo: mCompatibilityFlags - 0
06-29 19:32:58.903  1958  4526 D CompatibilityInfo: applicationDensity - 432
06-29 19:32:58.903  1958  4526 D CompatibilityInfo: applicationScale - 1.0
06-29 19:32:58.904   511   511 I hwservicemanager: getTransport: Cannot find entry vendor.qti.hardware.servicetracker@1.0::IServicetracker/default in either framework or device manifest.
06-29 19:32:58.906  1958  4526 D CompatibilityInfo: mCompatibilityFlags - 0
06-29 19:32:58.907  1958  4526 D CompatibilityInfo: applicationDensity - 432
06-29 19:32:58.907  1958  4526 D CompatibilityInfo: applicationScale - 1.0
06-29 19:32:59.015 32470 32470 I fieu    : DeviceAccountsChangedReceiver#onReceive
06-29 19:32:59.020   511   511 I hwservicemanager: getTransport: Cannot find entry vendor.qti.hardware.servicetracker@1.0::IServicetracker/default in either framework or device manifest.
06-29 19:32:59.020 32470   605 I fifv    : InvalidateAndScheduleSync start
06-29 19:32:59.021 32470 32470 I awcr    : (REDACTED) Starting %s background task %s.
06-29 19:32:59.036   511   511 I hwservicemanager: getTransport: Cannot find entry vendor.qti.hardware.servicetracker@1.0::IServicetracker/default in either framework or device manifest.
06-29 19:32:59.054 32470 22422 I adcw    : #refresh()
06-29 19:32:59.057 32470 22422 I adcw    : Getting accounts.
06-29 19:32:59.067   511   511 I hwservicemanager: getTransport: Cannot find entry vendor.qti.hardware.servicetracker@1.0::IServicetracker/default in either framework or device manifest.
06-29 19:32:59.082   511   511 I hwservicemanager: getTransport: Cannot find entry vendor.qti.hardware.servicetracker@1.0::IServicetracker/default in either framework or device manifest.
06-29 19:32:59.083  1958  4692 D CompatibilityInfo: mCompatibilityFlags - 0
06-29 19:32:59.083  1958  4692 D CompatibilityInfo: applicationDensity - 432
06-29 19:32:59.083  1958  4692 D CompatibilityInfo: applicationScale - 1.0
06-29 19:32:59.083   511   511 I hwservicemanager: getTransport: Cannot find entry vendor.qti.hardware.servicetracker@1.0::IServicetracker/default in either framework or device manifest.
06-29 19:32:59.101   511   511 I chatty  : uid=1000(system) hwservicemanage identical 6 lines
06-29 19:32:59.103   511   511 I hwservicemanager: getTransport: Cannot find entry vendor.qti.hardware.servicetracker@1.0::IServicetracker/default in either framework or device manifest.
06-29 19:32:59.104  1958  4692 D CompatibilityInfo: mCompatibilityFlags - 0
06-29 19:32:59.104  1958  4692 D CompatibilityInfo: applicationDensity - 432
06-29 19:32:59.104  1958  4692 D CompatibilityInfo: applicationScale - 1.0
06-29 19:32:59.105   511   511 I hwservicemanager: getTransport: Cannot find entry vendor.qti.hardware.servicetracker@1.0::IServicetracker/default in either framework or device manifest.
06-29 19:32:59.131   511   511 I chatty  : uid=1000(system) hwservicemanage identical 10 lines
06-29 19:32:59.133   511   511 I hwservicemanager: getTransport: Cannot find entry vendor.qti.hardware.servicetracker@1.0::IServicetracker/default in either framework or device manifest.
06-29 19:32:59.134 13482 20948 I MdiSyncModule: (REDACTED) Receiving API connection from package '%s'...
06-29 19:32:59.136   511   511 I hwservicemanager: getTransport: Cannot find entry vendor.qti.hardware.servicetracker@1.0::IServicetracker/default in either framework or device manifest.
06-29 19:32:59.137   511   511 I hwservicemanager: getTransport: Cannot find entry vendor.qti.hardware.servicetracker@1.0::IServicetracker/default in either framework or device manifest.
06-29 19:32:59.137 13482 20948 I MdiSyncModule: API connection successful!
06-29 19:32:59.139   511   511 I hwservicemanager: getTransport: Cannot find entry vendor.qti.hardware.servicetracker@1.0::IServicetracker/default in either framework or device manifest.
06-29 19:32:59.177   511   511 I chatty  : uid=1000(system) hwservicemanage identical 16 lines
06-29 19:32:59.179   511   511 I hwservicemanager: getTransport: Cannot find entry vendor.qti.hardware.servicetracker@1.0::IServicetracker/default in either framework or device manifest.
06-29 19:32:59.183  2513  2513 D QtiCarrierConfigHelper: WARNING, no carrier configs on phone Id: 0
06-29 19:32:59.184  2181  2181 D KeyguardUpdateMonitor: received broadcast android.intent.action.BATTERY_CHANGED
06-29 19:32:59.186  5413  5606 D PowerCheckerService: onBatteryChanged, mBatteryLevel = 100, status = 5, level = 100, plug = 2, scale = 100
06-29 19:32:59.186 25666 25666 I BatteryInfoReceiver: ACTION_BATTERY_CHANGED
06-29 19:32:59.186 25666 25666 I PowerSaveService: onReceive: android.intent.action.BATTERY_CHANGED
06-29 19:32:59.187 25666 25666 I PowerNoticeUI: handleBatteryChanged oldPlugType 2 mPlugType 2 oldBatteryLevel 100 mBatteryLevel 100 temperature 345
06-29 19:32:59.188   511   511 I hwservicemanager: getTransport: Cannot find entry vendor.qti.hardware.servicetracker@1.0::IServicetracker/default in either framework or device manifest.
06-29 19:32:59.206   511   511 I chatty  : uid=1000(system) hwservicemanage identical 8 lines
06-29 19:32:59.208   511   511 I hwservicemanager: getTransport: Cannot find entry vendor.qti.hardware.servicetracker@1.0::IServicetracker/default in either framework or device manifest.
06-29 19:32:59.211  3633  3633 I CNSS    : Failed to send nl message
06-29 19:32:59.211  3633  3633 I CNSS    : Failed to send nl message
06-29 19:32:59.212   511   511 I hwservicemanager: getTransport: Cannot find entry vendor.qti.hardware.servicetracker@1.0::IServicetracker/default in either framework or device manifest.
06-29 19:32:59.224   511   511 I chatty  : uid=1000(system) hwservicemanage identical 4 lines
06-29 19:32:59.228   511   511 I hwservicemanager: getTransport: Cannot find entry vendor.qti.hardware.servicetracker@1.0::IServicetracker/default in either framework or device manifest.
06-29 19:32:59.232  3633  3633 I CNSS    : Failed to send nl message
06-29 19:32:59.232   511   511 I hwservicemanager: getTransport: Cannot find entry vendor.qti.hardware.servicetracker@1.0::IServicetracker/default in either framework or device manifest.
06-29 19:32:59.233   511   511 I hwservicemanager: getTransport: Cannot find entry vendor.qti.hardware.servicetracker@1.0::IServicetracker/default in either framework or device manifest.
06-29 19:32:59.235  3633  3633 I CNSS    : Failed to send nl message
06-29 19:32:59.235   511   511 I hwservicemanager: getTransport: Cannot find entry vendor.qti.hardware.servicetracker@1.0::IServicetracker/default in either framework or device manifest.
06-29 19:32:59.236  3633  3633 I CNSS    : Failed to send nl message
06-29 19:32:59.237  3633  3633 I chatty  : uid=1000(system) /system/vendor/bin/cnss_diag identical 1 line
06-29 19:32:59.238  3633  3633 I CNSS    : Failed to send nl message
06-29 19:32:59.238   511   511 I hwservicemanager: getTransport: Cannot find entry vendor.qti.hardware.servicetracker@1.0::IServicetracker/default in either framework or device manifest.
06-29 19:32:59.240   511   511 I hwservicemanager: getTransport: Cannot find entry vendor.qti.hardware.servicetracker@1.0::IServicetracker/default in either framework or device manifest.
06-29 19:32:59.245 13482 20948 I MdiSyncModule: (REDACTED) Receiving API connection from package '%s'...
06-29 19:32:59.247   511   511 I hwservicemanager: getTransport: Cannot find entry vendor.qti.hardware.servicetracker@1.0::IServicetracker/default in either framework or device manifest.
06-29 19:32:59.247 13482 20948 I MdiSyncModule: API connection successful!
06-29 19:32:59.249   613  2099 D OemNetd : setLimit: disable, rate=0
06-29 19:32:59.250   511   511 I hwservicemanager: getTransport: Cannot find entry vendor.qti.hardware.servicetracker@1.0::IServicetracker/default in either framework or device manifest.
06-29 19:32:59.265   511   511 I chatty  : uid=1000(system) hwservicemanage identical 5 lines
06-29 19:32:59.266   511   511 I hwservicemanager: getTransport: Cannot find entry vendor.qti.hardware.servicetracker@1.0::IServicetracker/default in either framework or device manifest.
06-29 19:32:59.276  3633  3633 I CNSS    : Failed to send nl message
06-29 19:32:59.287 13482 13797 I MdiSyncModule: (REDACTED) Receiving API connection from package '%s'...
06-29 19:32:59.289 13482 13797 I MdiSyncModule: API connection successful!
06-29 19:32:59.300 32470   604 I fifn    : (REDACTED) GMSCore Auth returned %d accounts.
06-29 19:32:59.300 32470   604 I fifn    : (REDACTED) GoogleOwnersProvider returned %d accounts.
06-29 19:32:59.331  1958  2104 I MiuiNetworkPolicy: updateUidState uid = 10211, uidState = 20
06-29 19:32:59.348  3633  3633 I CNSS    : Failed to send nl message
06-29 19:32:59.355  1958  2101 D NtpTrustedTime: currentTimeMillis() cache hit
06-29 19:32:59.357   613  2099 I netd    : trafficSwapActiveStatsMap() <1.79ms>
06-29 19:32:59.362   614   614 D Zygote  : Forked child process 23840
06-29 19:32:59.364   613  2099 I netd    : tetherGetStats() <1.88ms>
06-29 19:32:59.365   613  2099 D OemNetd : setPidForPackage: packageName=com.google.android.syncadapters.contacts, pid=23840, pid=10211
06-29 19:32:59.365  1958  2011 I ActivityManager: Start proc 23840:com.google.process.gapps/u0a211 for broadcast {com.google.android.syncadapters.contacts/com.google.android.syncadapters.contacts.ContactsSyncAdapterBroadcastReceiver} caller=android
06-29 19:32:59.373  1958  2101 D NtpTrustedTime: currentTimeMillis() cache hit
06-29 19:32:59.374   613  2099 I netd    : bandwidthSetGlobalAlert(131072) <0.17ms>
06-29 19:32:59.374 25666 26108 D TrafficManageService: onReceive: intent.action = com.android.server.action.NETWORK_STATS_UPDATED
06-29 19:32:59.378 23840 23840 E e.process.gapp: Not starting debugger since process cannot load the jdwp agent.
06-29 19:32:59.409  3633  3633 I CNSS    : Failed to send nl message
06-29 19:32:59.483  3633  3633 I chatty  : uid=1000(system) /system/vendor/bin/cnss_diag identical 16 lines
06-29 19:32:59.484  3633  3633 I CNSS    : Failed to send nl message
06-29 19:32:59.552 23249 23249 W TcmReceiver: type=1400 audit(0.0:16510): avc: denied { write } for name="tcm" dev="tmpfs" ino=31183 scontext=u:r:updater:s0:c512,c768 tcontext=u:object_r:dpmtcm_socket:s0 tclass=sock_file permissive=0
06-29 19:32:59.613  3633  3633 I CNSS    : Failed to send nl message
06-29 19:32:59.681  3633  3633 I CNSS    : Failed to send nl message
06-29 19:32:59.718  1958  4692 D CompatibilityInfo: mCompatibilityFlags - 0
06-29 19:32:59.718  1958  4692 D CompatibilityInfo: applicationDensity - 432
06-29 19:32:59.718  1958  4692 D CompatibilityInfo: applicationScale - 1.0
06-29 19:32:59.721  1958  4692 D CompatibilityInfo: mCompatibilityFlags - 0
06-29 19:32:59.721  1958  4692 D CompatibilityInfo: applicationDensity - 432
06-29 19:32:59.721  1958  4692 D CompatibilityInfo: applicationScale - 1.0
06-29 19:32:59.722  1958  2104 I MiuiNetworkPolicy: updateUidState uid = 10211, uidState = 12
06-29 19:32:59.743 23840 23840 D ApplicationLoaders: Returning zygote-cached class loader: /system/framework/android.hidl.base-V1.0-java.jar
06-29 19:32:59.743 23840 23840 D ApplicationLoaders: Returning zygote-cached class loader: /system/framework/android.hidl.manager-V1.0-java.jar
06-29 19:32:59.743 23840 23840 D ApplicationLoaders: Returning zygote-cached class loader: /system/framework/android.hidl.base-V1.0-java.jar
06-29 19:32:59.767  3633  3633 I CNSS    : Failed to send nl message
06-29 19:32:59.818  3633  3633 I CNSS    : Failed to send nl message
06-29 19:32:59.852 23840 23840 I Perf    : Connecting to perf service.
06-29 19:32:59.881  3633  3633 I CNSS    : Failed to send nl message
06-29 19:32:59.884 23393 23860 D ProfileInstaller: Skipping profile installation for com.xiaomi.account
06-29 19:32:59.900 23840 23840 I GoogleHttpClient: GMS http client unavailable, use old client
06-29 19:32:59.934  3633  3633 I CNSS    : Failed to send nl message
06-29 19:32:59.948 23840 23840 I FeatureParser: can't find violet.xml in assets/device_features/,it may be in /system/etc/device_features
06-29 19:32:59.949   511   511 I hwservicemanager: getTransport: Cannot find entry vendor.qti.hardware.servicetracker@1.0::IServicetracker/default in either framework or device manifest.
06-29 19:32:59.957 23840 23863 E Perf    : Fail to get file list com.google.android.syncadapters.contacts
06-29 19:32:59.958 23840 23863 E Perf    : getFolderSize() : Exception_1 = java.lang.NullPointerException: Attempt to get length of null array
06-29 19:32:59.958 23840 23863 E Perf    : Fail to get file list com.google.android.syncadapters.contacts
06-29 19:32:59.958 23840 23863 E Perf    : getFolderSize() : Exception_1 = java.lang.NullPointerException: Attempt to get length of null array
06-29 19:32:59.959   511   511 I hwservicemanager: getTransport: Cannot find entry vendor.qti.hardware.servicetracker@1.0::IServicetracker/default in either framework or device manifest.
06-29 19:32:59.963  1958  4692 D CompatibilityInfo: mCompatibilityFlags - 0
06-29 19:32:59.963  1958  4692 D CompatibilityInfo: applicationDensity - 432
06-29 19:32:59.963  1958  4692 D CompatibilityInfo: applicationScale - 1.0
06-29 19:32:59.965   511   511 I hwservicemanager: getTransport: Cannot find entry vendor.qti.hardware.servicetracker@1.0::IServicetracker/default in either framework or device manifest.
06-29 19:32:59.968  1958  2104 I MiuiNetworkPolicy: updateUidState uid = 10211, uidState = 9
06-29 19:32:59.977  1958  2104 I MiuiNetworkPolicy: updateUidState uid = 10204, uidState = 20
06-29 19:33:00.004  2181  2181 D KeyguardUpdateMonitor: handleTimeUpdate
06-29 19:33:00.012   511   511 I hwservicemanager: getTransport: Cannot find entry vendor.qti.hardware.servicetracker@1.0::IServicetracker/default in either framework or device manifest.
06-29 19:33:00.017   614   614 D Zygote  : Forked child process 23865
06-29 19:33:00.019   511   511 I hwservicemanager: getTransport: Cannot find entry vendor.qti.hardware.servicetracker@1.0::IServicetracker/default in either framework or device manifest.
06-29 19:33:00.025   613  2099 D OemNetd : setPidForPackage: packageName=com.google.android.youtube, pid=23865, pid=10204
06-29 19:33:00.026  1958  2011 I ActivityManager: Start proc 23865:com.google.android.youtube/u0a204 for broadcast {com.google.android.youtube/com.google.android.libraries.notifications.platform.entrypoints.accountchanged.AccountChangedReceiver} caller=android
06-29 19:33:00.031  1958  2104 I MiuiNetworkPolicy: updateUidState uid = 10211, uidState = 11
06-29 19:33:00.036 23865 23865 E android.youtub: Not starting debugger since process cannot load the jdwp agent.
06-29 19:33:00.036  3633  3633 I CNSS    : Failed to send nl message
06-29 19:33:00.039  1958  4692 I ActivityManager: Killing 22735:com.miui.analytics/u0a105 (adj 955): empty #17
06-29 19:33:00.043  1958  2104 I MiuiNetworkPolicy: updateUidState uid = 10211, uidState = 20
06-29 19:33:00.051  1958  4692 D CompatibilityInfo: mCompatibilityFlags - 0
06-29 19:33:00.051  1958  4692 D CompatibilityInfo: applicationDensity - 432
06-29 19:33:00.051  1958  4692 D CompatibilityInfo: applicationScale - 1.0
06-29 19:33:00.056 23071 23071 D ForceDarkHelper: updateByCheckExcludeList: pkg: com.BHG.sharechat activity: com.BHG.sharechat.MainActivity@2d5c84d
06-29 19:33:00.058  1958  4692 D CompatibilityInfo: mCompatibilityFlags - 0
06-29 19:33:00.058  1958  4692 D CompatibilityInfo: applicationDensity - 432
06-29 19:33:00.058  1958  4692 D CompatibilityInfo: applicationScale - 1.0
06-29 19:33:00.059  1958  2104 I MiuiNetworkPolicy: updateUidState uid = 10204, uidState = 12
06-29 19:33:00.060 23071 23071 D ForceDarkHelper: updateByCheckExcludeList: pkg: com.BHG.sharechat activity: com.BHG.sharechat.MainActivity@2d5c84d
06-29 19:33:00.073 23071 23071 I chatty  : uid=10768(com.BHG.sharechat) identical 6 lines
06-29 19:33:00.074 23071 23071 D ForceDarkHelper: updateByCheckExcludeList: pkg: com.BHG.sharechat activity: com.BHG.sharechat.MainActivity@2d5c84d
06-29 19:33:00.075  1958  2012 I libprocessgroup: Successfully killed process cgroup uid 10105 pid 22735 in 34ms
06-29 19:33:00.075 23071 23071 D ForceDarkHelper: updateByCheckExcludeList: pkg: com.BHG.sharechat activity: com.BHG.sharechat.MainActivity@2d5c84d
06-29 19:33:00.075   614   614 I Zygote  : Process 22735 exited due to signal 9 (Killed)
06-29 19:33:00.076 23071 23071 D ForceDarkHelper: updateByCheckExcludeList: pkg: com.BHG.sharechat activity: com.BHG.sharechat.MainActivity@2d5c84d
06-29 19:33:00.077   511   511 I hwservicemanager: getTransport: Cannot find entry vendor.qti.hardware.servicetracker@1.0::IServicetracker/default in either framework or device manifest.
06-29 19:33:00.077 23071 23071 D ForceDarkHelper: updateByCheckExcludeList: pkg: com.BHG.sharechat activity: com.BHG.sharechat.MainActivity@2d5c84d
06-29 19:33:00.078  1958  4807 W ActivityManager: Scheduling restart of crashed service com.miui.analytics/.onetrack.OneTrackService in 1000ms
06-29 19:33:00.078 23071 23071 D ForceDarkHelper: updateByCheckExcludeList: pkg: com.BHG.sharechat activity: com.BHG.sharechat.MainActivity@2d5c84d
06-29 19:33:00.083  1958  2104 I MiuiNetworkPolicy: removeUidState uid = 10105
06-29 19:33:00.126  3633  3633 I CNSS    : Failed to send nl message
06-29 19:33:00.228  3633  3633 I CNSS    : Failed to send nl message
06-29 19:33:00.279 23865 23865 W android.youtub: JIT profile information will not be recorded: profile file does not exits.
06-29 19:33:00.279 23865 23865 I chatty  : uid=10204(com.google.android.youtube) identical 1 line
06-29 19:33:00.280 23865 23865 W android.youtub: JIT profile information will not be recorded: profile file does not exits.
06-29 19:33:00.311 23865 23865 I Perf    : Connecting to perf service.
06-29 19:33:00.330  3633  3633 I CNSS    : Failed to send nl message
06-29 19:33:00.401  1958  2101 D NtpTrustedTime: currentTimeMillis() cache hit
06-29 19:33:00.404   613  2099 I netd    : trafficSwapActiveStatsMap() <2.14ms>
06-29 19:33:00.409   613  2099 I netd    : tetherGetStats() <2.73ms>
06-29 19:33:00.427  1958  2101 D NtpTrustedTime: currentTimeMillis() cache hit
06-29 19:33:00.429   613  2099 I netd    : bandwidthSetGlobalAlert(131072) <0.39ms>
06-29 19:33:00.430 25666 26108 D TrafficManageService: onReceive: intent.action = com.android.server.action.NETWORK_STATS_UPDATED
06-29 19:33:00.433  3633  3633 I CNSS    : Failed to send nl message
06-29 19:33:00.589 23865 23865 I FeatureParser: can't find violet.xml in assets/device_features/,it may be in /system/etc/device_features
06-29 19:33:00.582 23865 23865 W android.youtube: type=1400 audit(0.0:16511): avc: denied { read } for name="u:object_r:vendor_default_prop:s0" dev="tmpfs" ino=24807 scontext=u:r:untrusted_app:s0:c204,c256,c512,c768 tcontext=u:object_r:vendor_default_prop:s0 tclass=file permissive=0
06-29 19:33:00.593 23865 23865 E libc    : Access denied finding property "ro.vendor.df.effect.conflict"
06-29 19:33:00.592 23249 23249 W TcmReceiver: type=1400 audit(0.0:16512): avc: denied { write } for name="tcm" dev="tmpfs" ino=31183 scontext=u:r:updater:s0:c512,c768 tcontext=u:object_r:dpmtcm_socket:s0 tclass=sock_file permissive=0
06-29 19:33:00.628 23865 23897 D StrictMode: StrictMode policy violation: android.os.strictmode.NetworkViolation
06-29 19:33:00.628 23865 23897 D StrictMode:    at android.os.StrictMode$AndroidBlockGuardPolicy.onNetwork(StrictMode.java:1576)
06-29 19:33:00.628 23865 23897 D StrictMode:    at java.net.Inet6AddressImpl.lookupHostByName(Inet6AddressImpl.java:115)
06-29 19:33:00.628 23865 23897 D StrictMode:    at java.net.Inet6AddressImpl.lookupAllHostAddr(Inet6AddressImpl.java:103)
06-29 19:33:00.628 23865 23897 D StrictMode:    at java.net.InetAddress.getByName(InetAddress.java:1106)
06-29 19:33:00.628 23865 23897 D StrictMode:    at ahig.S(PG:39)
06-29 19:33:00.628 23865 23897 D StrictMode:    at fhm.run(PG:56)
06-29 19:33:00.628 23865 23897 D StrictMode:    at aaft.run(PG:30)
06-29 19:33:00.628 23865 23897 D StrictMode:    at aosd.run(PG:21)
06-29 19:33:00.628 23865 23897 D StrictMode:    at rpj.run(PG:7)
06-29 19:33:00.628 23865 23897 D StrictMode:    at apvq.run(PG:44)
06-29 19:33:00.628 23865 23897 D StrictMode:    at saz.run(PG:640)
06-29 19:33:00.628 23865 23897 D StrictMode:    at osy.run(PG:143)
06-29 19:33:00.628 23865 23897 D StrictMode:    at java.lang.Thread.run(Thread.java:919)
06-29 19:33:00.628 23865 23897 D StrictMode:    at rqf.run(PG:61)
06-29 19:33:00.629 23865 23897 D StrictMode: StrictMode policy violation: android.os.strictmode.NetworkViolation
06-29 19:33:00.629 23865 23897 D StrictMode:    at android.os.StrictMode$AndroidBlockGuardPolicy.onNetwork(StrictMode.java:1576)
06-29 19:33:00.629 23865 23897 D StrictMode:    at libcore.io.BlockGuardOs.android_getaddrinfo(BlockGuardOs.java:198)
06-29 19:33:00.629 23865 23897 D StrictMode:    at libcore.io.ForwardingOs.android_getaddrinfo(ForwardingOs.java:74)
06-29 19:33:00.629 23865 23897 D StrictMode:    at java.net.Inet6AddressImpl.lookupHostByName(Inet6AddressImpl.java:135)
06-29 19:33:00.629 23865 23897 D StrictMode:    at java.net.Inet6AddressImpl.lookupAllHostAddr(Inet6AddressImpl.java:103)
06-29 19:33:00.629 23865 23897 D StrictMode:    at java.net.InetAddress.getByName(InetAddress.java:1106)
06-29 19:33:00.629 23865 23897 D StrictMode:    at ahig.S(PG:39)
06-29 19:33:00.629 23865 23897 D StrictMode:    at fhm.run(PG:56)
06-29 19:33:00.629 23865 23897 D StrictMode:    at aaft.run(PG:30)
06-29 19:33:00.629 23865 23897 D StrictMode:    at aosd.run(PG:21)
06-29 19:33:00.629 23865 23897 D StrictMode:    at rpj.run(PG:7)
06-29 19:33:00.629 23865 23897 D StrictMode:    at apvq.run(PG:44)
06-29 19:33:00.629 23865 23897 D StrictMode:    at saz.run(PG:640)
06-29 19:33:00.629 23865 23897 D StrictMode:    at osy.run(PG:143)
06-29 19:33:00.629 23865 23897 D StrictMode:    at java.lang.Thread.run(Thread.java:919)
06-29 19:33:00.629 23865 23897 D StrictMode:    at rqf.run(PG:61)
06-29 19:33:00.637  3633  3633 I CNSS    : Failed to send nl message
06-29 19:33:00.644   613 23904 E ResolverController: No valid NAT64 prefix (107, <unspecified>/0)
06-29 19:33:00.674  1958  2360 D CompatibilityInfo: mCompatibilityFlags - 0
06-29 19:33:00.675  1958  2360 D CompatibilityInfo: applicationDensity - 432
06-29 19:33:00.675  1958  2360 D CompatibilityInfo: applicationScale - 1.0
06-29 19:33:00.685   511   511 I hwservicemanager: getTransport: Cannot find entry vendor.qti.hardware.servicetracker@1.0::IServicetracker/default in either framework or device manifest.
06-29 19:33:00.703   511   511 I chatty  : uid=1000(system) hwservicemanage identical 1 line
06-29 19:33:00.715   511   511 I hwservicemanager: getTransport: Cannot find entry vendor.qti.hardware.servicetracker@1.0::IServicetracker/default in either framework or device manifest.
06-29 19:33:00.717  1958  2160 D Ethernet: got request NetworkRequest [ TRACK_DEFAULT id=2132, [ Capabilities: INTERNET&NOT_RESTRICTED&TRUSTED Uid: 10204] ] with score 60 and serial -1
06-29 19:33:00.717  1958  2106 D WifiNetworkFactory: got request NetworkRequest [ TRACK_DEFAULT id=2132, [ Capabilities: INTERNET&NOT_RESTRICTED&TRUSTED Uid: 10204] ] with score 60 and serial -1
06-29 19:33:00.717  2513  2513 D PhoneSwitcherNetworkRequstListener: got request NetworkRequest [ TRACK_DEFAULT id=2132, [ Capabilities: INTERNET&NOT_RESTRICTED&TRUSTED Uid: 10204] ] with score 60 and serial -1
06-29 19:33:00.717  1958  2106 D UntrustedWifiNetworkFactory: got request NetworkRequest [ TRACK_DEFAULT id=2132, [ Capabilities: INTERNET&NOT_RESTRICTED&TRUSTED Uid: 10204] ] with score 60 and serial -1
06-29 19:33:00.721   511   511 I hwservicemanager: getTransport: Cannot find entry vendor.qti.hardware.servicetracker@1.0::IServicetracker/default in either framework or device manifest.
06-29 19:33:00.737   511   511 I hwservicemanager: getTransport: Cannot find entry vendor.qti.hardware.servicetracker@1.0::IServicetracker/default in either framework or device manifest.
06-29 19:33:00.740  3633  3633 I CNSS    : Failed to send nl message
06-29 19:33:00.745   511   511 I hwservicemanager: getTransport: Cannot find entry vendor.qti.hardware.servicetracker@1.0::IServicetracker/default in either framework or device manifest.
06-29 19:33:00.746  1958  2106 D WifiNetworkFactory: got request NetworkRequest [ TRACK_DEFAULT id=2133, [ Capabilities: INTERNET&NOT_RESTRICTED&TRUSTED Uid: 10204] ] with score 60 and serial -1
06-29 19:33:00.746  1958  2106 D UntrustedWifiNetworkFactory: got request NetworkRequest [ TRACK_DEFAULT id=2133, [ Capabilities: INTERNET&NOT_RESTRICTED&TRUSTED Uid: 10204] ] with score 60 and serial -1
06-29 19:33:00.746  1958  2160 D Ethernet: got request NetworkRequest [ TRACK_DEFAULT id=2133, [ Capabilities: INTERNET&NOT_RESTRICTED&TRUSTED Uid: 10204] ] with score 60 and serial -1
06-29 19:33:00.747  2513  2513 D PhoneSwitcherNetworkRequstListener: got request NetworkRequest [ TRACK_DEFAULT id=2133, [ Capabilities: INTERNET&NOT_RESTRICTED&TRUSTED Uid: 10204] ] with score 60 and serial -1
06-29 19:33:00.747  1958  2360 D CompatibilityInfo: mCompatibilityFlags - 0
06-29 19:33:00.747  1958  2360 D CompatibilityInfo: applicationDensity - 432
06-29 19:33:00.747  1958  2360 D CompatibilityInfo: applicationScale - 1.0
06-29 19:33:00.748   511   511 I hwservicemanager: getTransport: Cannot find entry vendor.qti.hardware.servicetracker@1.0::IServicetracker/default in either framework or device manifest.
06-29 19:33:00.752  1958  2104 I MiuiNetworkPolicy: updateUidState uid = 10204, uidState = 9
06-29 19:33:00.753   511   511 I hwservicemanager: getTransport: Cannot find entry vendor.qti.hardware.servicetracker@1.0::IServicetracker/default in either framework or device manifest.
06-29 19:33:00.767  1958  2013 D Process : audio-opt: audio thread tid = 23898 could not get bg policy.
06-29 19:33:00.771  1958  2104 I MiuiNetworkPolicy: updateUidState uid = 10150, uidState = 20
06-29 19:33:00.785   511   511 I hwservicemanager: getTransport: Cannot find entry vendor.qti.hardware.servicetracker@1.0::IServicetracker/default in either framework or device manifest.
06-29 19:33:00.797   614   614 D Zygote  : Forked child process 23930
06-29 19:33:00.807   613  2099 D OemNetd : setPidForPackage: packageName=com.miui.phrase, pid=23930, pid=10150
06-29 19:33:00.807  1958  2011 I ActivityManager: Start proc 23930:com.miui.phrase/u0a150 for broadcast {com.miui.phrase/com.miui.cloudsync.AccountChangedReceiver} caller=android
06-29 19:33:00.808 23930 23930 E com.miui.phras: Not starting debugger since process cannot load the jdwp agent.
06-29 19:33:00.822  1958  1979 D CompatibilityInfo: mCompatibilityFlags - 0
06-29 19:33:00.822  1958  1979 D CompatibilityInfo: applicationDensity - 432
06-29 19:33:00.823  1958  1979 D CompatibilityInfo: applicationScale - 1.0
06-29 19:33:00.824  1958  1979 D CompatibilityInfo: mCompatibilityFlags - 0
06-29 19:33:00.824  1958  1979 D CompatibilityInfo: applicationDensity - 432
06-29 19:33:00.824  1958  1979 D CompatibilityInfo: applicationScale - 1.0
06-29 19:33:00.826  1958  2104 I MiuiNetworkPolicy: updateUidState uid = 10150, uidState = 12
06-29 19:33:00.842  3633  3633 I CNSS    : Failed to send nl message
06-29 19:33:00.853  1958  2106 D WifiNetworkFactory: got request NetworkRequest [ TRACK_DEFAULT id=2135, [ Capabilities: INTERNET&NOT_RESTRICTED&TRUSTED Uid: 10204] ] with score 60 and serial -1
06-29 19:33:00.853  1958  2106 D UntrustedWifiNetworkFactory: got request NetworkRequest [ TRACK_DEFAULT id=2135, [ Capabilities: INTERNET&NOT_RESTRICTED&TRUSTED Uid: 10204] ] with score 60 and serial -1
06-29 19:33:00.853  1958  2160 D Ethernet: got request NetworkRequest [ TRACK_DEFAULT id=2135, [ Capabilities: INTERNET&NOT_RESTRICTED&TRUSTED Uid: 10204] ] with score 60 and serial -1
06-29 19:33:00.853  2513  2513 D PhoneSwitcherNetworkRequstListener: got request NetworkRequest [ TRACK_DEFAULT id=2135, [ Capabilities: INTERNET&NOT_RESTRICTED&TRUSTED Uid: 10204] ] with score 60 and serial -1
06-29 19:33:00.862   511   511 I hwservicemanager: getTransport: Cannot find entry vendor.qti.hardware.servicetracker@1.0::IServicetracker/default in either framework or device manifest.
06-29 19:33:00.870  1958  2360 D CompatibilityInfo: mCompatibilityFlags - 0
06-29 19:33:00.870  1958  2360 D CompatibilityInfo: applicationDensity - 432
06-29 19:33:00.870  1958  2360 D CompatibilityInfo: applicationScale - 1.0
06-29 19:33:00.871   511   511 I hwservicemanager: getTransport: Cannot find entry vendor.qti.hardware.servicetracker@1.0::IServicetracker/default in either framework or device manifest.
06-29 19:33:00.895  1958  2360 I ActivityManager: Killing 22993:com.google.android.documentsui/u0a66 (adj 975): empty #17
06-29 19:33:00.886   511   511 I chatty  : uid=1000(system) hwservicemanage identical 1 line
06-29 19:33:00.888   511   511 I hwservicemanager: getTransport: Cannot find entry vendor.qti.hardware.servicetracker@1.0::IServicetracker/default in either framework or device manifest.
06-29 19:33:00.898  1958  2104 I MiuiNetworkPolicy: updateUidState uid = 10204, uidState = 20
06-29 19:33:00.918   614   614 I Zygote  : Process 22993 exited due to signal 9 (Killed)
06-29 19:33:00.918   511   511 I hwservicemanager: getTransport: Cannot find entry vendor.qti.hardware.servicetracker@1.0::IServicetracker/default in either framework or device manifest.
06-29 19:33:00.921  1958  2104 I MiuiNetworkPolicy: removeUidState uid = 10066
06-29 19:33:00.921 23930 23930 I Perf    : Connecting to perf service.
06-29 19:33:00.923  1958  2012 I libprocessgroup: Successfully killed process cgroup uid 10066 pid 22993 in 26ms
06-29 19:33:00.938 23930 23930 W ResourceType: CREATING STRING CACHE OF 24 bytes
06-29 19:33:00.932 23930 23930 W com.miui.phrase: type=1400 audit(0.0:16513): avc: denied { read } for name="u:object_r:vendor_display_prop:s0" dev="tmpfs" ino=24809 scontext=u:r:platform_app:s0:c512,c768 tcontext=u:object_r:vendor_display_prop:s0 tclass=file permissive=0
06-29 19:33:00.942 23930 23930 E libc    : Access denied finding property "ro.vendor.display.type"
06-29 19:33:00.945  3633  3633 I CNSS    : Failed to send nl message
06-29 19:33:00.949 23930 23930 D miuisdk : current sdk level is 24
06-29 19:33:00.950 23930 23930 I miuisdk : initialize without hook
06-29 19:33:00.961  3633  3633 I CNSS    : Failed to send nl message
06-29 19:33:00.969  3633  3633 I chatty  : uid=1000(system) /system/vendor/bin/cnss_diag identical 1 line
06-29 19:33:00.972  3633  3633 I CNSS    : Failed to send nl message
06-29 19:33:00.973   511   511 I hwservicemanager: getTransport: Cannot find entry vendor.qti.hardware.servicetracker@1.0::IServicetracker/default in either framework or device manifest.
06-29 19:33:00.974  3633  3633 I CNSS    : Failed to send nl message
06-29 19:33:00.975 23930 23930 W Linkify.v16: reflect applyLink failed:
06-29 19:33:00.975 23930 23930 W Linkify.v16: miui.reflect.NoSuchMethodException: Couldn't find method android/text/util/Linkify.applyLink(Ljava/lang/String;IILandroid/text/Spannable;)V
06-29 19:33:00.975 23930 23930 W Linkify.v16:   at com.miui.internal.os.Native.getMethod(Native Method)
06-29 19:33:00.975 23930 23930 W Linkify.v16:   at miui.reflect.Method.of(Method.java:35)
06-29 19:33:00.975 23930 23930 W Linkify.v16:   at com.miui.internal.variable.v16.Android_Text_Util_Linkify_class.<clinit>(Android_Text_Util_Linkify_class.java:70)
06-29 19:33:00.975 23930 23930 W Linkify.v16:   at java.lang.Class.classForName(Native Method)
06-29 19:33:00.975 23930 23930 W Linkify.v16:   at java.lang.Class.forName(Class.java:454)
06-29 19:33:00.975 23930 23930 W Linkify.v16:   at java.lang.Class.forName(Class.java:379)
06-29 19:33:00.975 23930 23930 W Linkify.v16:   at com.miui.internal.variable.AbsClassFactory.create(AbsClassFactory.java:24)
06-29 19:33:00.975 23930 23930 W Linkify.v16:   at com.miui.internal.variable.Android_Text_Util_Linkify_class$Factory.<init>(Android_Text_Util_Linkify_class.java:40)
06-29 19:33:00.975 23930 23930 W Linkify.v16:   at com.miui.internal.variable.Android_Text_Util_Linkify_class$Factory.<init>(Android_Text_Util_Linkify_class.java:26)
06-29 19:33:00.975 23930 23930 W Linkify.v16:   at com.miui.internal.variable.Android_Text_Util_Linkify_class$Factory$1.createInstance(Android_Text_Util_Linkify_class.java:32)
06-29 19:33:00.975 23930 23930 W Linkify.v16:   at com.miui.internal.variable.Android_Text_Util_Linkify_class$Factory$1.createInstance(Android_Text_Util_Linkify_class.java:29)
06-29 19:33:00.975 23930 23930 W Linkify.v16:   at miui.util.SoftReferenceSingleton.get(SoftReferenceSingleton.java:25)
06-29 19:33:00.975 23930 23930 W Linkify.v16:   at com.miui.internal.variable.Android_Text_Util_Linkify_class$Factory.getInstance(Android_Text_Util_Linkify_class.java:44)
06-29 19:33:00.975 23930 23930 W Linkify.v16:   at com.miui.internal.initialization.OverrideHelper.doInitialize(OverrideHelper.java:37)
06-29 19:33:00.975 23930 23930 W Linkify.v16:   at miui.core.SdkManager.initialize(SdkManager.java:99)
06-29 19:33:00.975 23930 23930 W Linkify.v16:   at java.lang.reflect.Method.invoke(Native Method)
06-29 19:33:00.975 23930 23930 W Linkify.v16:   at d.b.a.<init>(:2)
06-29 19:33:00.975 23930 23930 W Linkify.v16:   at com.miui.Application.<init>(Unknown Source:0)
06-29 19:33:00.975 23930 23930 W Linkify.v16:   at java.lang.Class.newInstance(Native Method)
06-29 19:33:00.975 23930 23930 W Linkify.v16:   at android.app.AppComponentFactory.instantiateApplication(AppComponentFactory.java:76)
06-29 19:33:00.975 23930 23930 W Linkify.v16:   at android.app.Instrumentation.newApplication(Instrumentation.java:1156)
06-29 19:33:00.975 23930 23930 W Linkify.v16:   at android.app.LoadedApk.makeApplication(LoadedApk.java:1224)
06-29 19:33:00.975 23930 23930 W Linkify.v16:   at android.app.ActivityThread.handleBindApplication(ActivityThread.java:6583)
06-29 19:33:00.975 23930 23930 W Linkify.v16:   at android.app.ActivityThread.access$1400(ActivityThread.java:227)
06-29 19:33:00.975 23930 23930 W Linkify.v16:   at android.app.ActivityThread$H.handleMessage(ActivityThread.java:1890)
06-29 19:33:00.975 23930 23930 W Linkify.v16:   at android.os.Handler.dispatchMessage(Handler.java:107)
06-29 19:33:00.975 23930 23930 W Linkify.v16:   at android.os.Looper.loop(Looper.java:224)
06-29 19:33:00.975 23930 23930 W Linkify.v16:   at android.app.ActivityThread.main(ActivityThread.java:7592)
06-29 19:33:00.975 23930 23930 W Linkify.v16:   at java.lang.reflect.Method.invoke(Native Method)
06-29 19:33:00.975 23930 23930 W Linkify.v16:   at com.android.internal.os.RuntimeInit$MethodAndArgsCaller.run(RuntimeInit.java:539)
06-29 19:33:00.975 23930 23930 W Linkify.v16:   at com.android.internal.os.ZygoteInit.main(ZygoteInit.java:950)
06-29 19:33:00.976   511   511 I hwservicemanager: getTransport: Cannot find entry vendor.qti.hardware.servicetracker@1.0::IServicetracker/default in either framework or device manifest.
06-29 19:33:01.055 23930 23930 I FeatureParser: can't find violet.xml in assets/device_features/,it may be in /system/etc/device_features
06-29 19:33:01.059 23930 23930 I MiCloudSDKDependencyUtil: MiCloudSDK environment: 34
06-29 19:33:01.063 23930 23930 D AccountChangedReceiver: onReceive
06-29 19:33:01.070  1958  4522 I ActivityManager: Killing 22621:com.xiaomi.mipicks/u0a127 (adj 975): empty #17
06-29 19:33:01.086 23930 23956 E Perf    : Fail to get file list com.miui.phrase
06-29 19:33:01.088  1958  2104 I MiuiNetworkPolicy: updateUidState uid = 10150, uidState = 20
06-29 19:33:01.087 23930 23956 E Perf    : getFolderSize() : Exception_1 = java.lang.NullPointerException: Attempt to get length of null array
06-29 19:33:01.089 23930 23956 E Perf    : Fail to get file list com.miui.phrase
06-29 19:33:01.090 23930 23956 E Perf    : getFolderSize() : Exception_1 = java.lang.NullPointerException: Attempt to get length of null array
06-29 19:33:01.101 23865 23899 W android.youtub: Long monitor contention with owner yt-critical Thread #4 (23903) at void java.lang.Runtime.loadLibrary0(java.lang.ClassLoader, java.lang.Class, java.lang.String)(Runtime.java:-1) waiters=0 in void java.lang.Runtime.loadLibrary0(java.lang.ClassLoader, java.lang.Class, java.lang.String) for 427ms
06-29 19:33:01.101   614   614 D Zygote  : Forked child process 23957
06-29 19:33:01.101 23865 23907 W android.youtub: Long monitor contention with owner yt-critical Thread #4 (23903) at java.lang.String java.lang.Runtime.nativeLoad(java.lang.String, java.lang.ClassLoader, java.lang.Class)(Runtime.java:-2) waiters=0 in void android.os.ConditionVariable.block() for 424ms
06-29 19:33:01.111 23865 23899 W linker  : Warning: "/data/app/com.google.android.youtube-Mvkd4AwwaIQsbtyR_Wbo0Q==/split_config.arm64_v8a.apk!/lib/arm64-v8a/libcronet.139.0.7205.3.so" unused DT entry: unknown processor-specific (type 0x70000001 arg 0x0) (ignoring)
06-29 19:33:01.112   613  2099 D OemNetd : setPidForPackage: packageName=com.miui.securitycore, pid=23957, pid=1000
06-29 19:33:01.113  1958  2011 I ActivityManager: Start proc 23957:com.miui.securitycore.remote/1000 for broadcast {com.miui.securitycore/com.miui.securityspace.receiver.AccountChangeReceiver} caller=android
06-29 19:33:01.134 23957 23957 E ritycore.remot: Not starting debugger since process cannot load the jdwp agent.
06-29 19:33:01.136   614   614 D Zygote  : Forked child process 23969
06-29 19:33:01.138   613  2099 D OemNetd : setPidForPackage: packageName=com.miui.analytics, pid=23969, pid=10105
06-29 19:33:01.138  1958  2011 I ActivityManager: Start proc 23969:com.miui.analytics/u0a105 for service {com.miui.analytics/com.miui.analytics.onetrack.OneTrackService} caller=com.xiaomi.mipicks
06-29 19:33:01.145 23865 23900 W android.youtub: Long monitor contention with owner yt-critical Thread #4 (23903) at void java.lang.Runtime.loadLibrary0(java.lang.ClassLoader, java.lang.Class, java.lang.String)(Runtime.java:-1) waiters=1 in void java.lang.Runtime.load0(java.lang.Class, java.lang.String) for 193ms
06-29 19:33:01.132 23865 23865 W com.google.android.youtube: type=1400 audit(0.0:16514): avc: granted { execute } for comm=79742D637269746963616C20546872 path="/data/data/com.google.android.youtube/app_pccache/5/4613A7A22CC66BF13595A4837F498E2004D73138/pcam.jar" dev="mmcblk0p87" ino=325462 scontext=u:r:untrusted_app:s0:c204,c256,c512,c768 tcontext=u:object_r:app_data_file:s0:c204,c256,c512,c768 tclass=file
06-29 19:33:01.151  1958  4522 D CompatibilityInfo: mCompatibilityFlags - 0
06-29 19:33:01.151  1958  4522 D CompatibilityInfo: applicationDensity - 432
06-29 19:33:01.151  1958  4522 D CompatibilityInfo: applicationScale - 1.0
06-29 19:33:01.152 23969 23969 E .miui.analytic: Not starting debugger since process cannot load the jdwp agent.
06-29 19:33:01.153  1958  4522 D CompatibilityInfo: mCompatibilityFlags - 0
06-29 19:33:01.153  1958  4522 D CompatibilityInfo: applicationDensity - 432
06-29 19:33:01.153  1958  4522 D CompatibilityInfo: applicationScale - 1.0
06-29 19:33:01.156  1958  2104 I MiuiNetworkPolicy: updateUidState uid = 10105, uidState = 20
06-29 19:33:01.163  1958  2066 D CompatibilityInfo: mCompatibilityFlags - 0
06-29 19:33:01.163  1958  2066 D CompatibilityInfo: applicationDensity - 432
06-29 19:33:01.163  1958  2066 D CompatibilityInfo: applicationScale - 1.0
06-29 19:33:01.167 23865 23909 E Perf    : Fail to get file list com.google.android.youtube
06-29 19:33:01.168  1958  2066 D CompatibilityInfo: mCompatibilityFlags - 0
06-29 19:33:01.168  1958  2066 D CompatibilityInfo: applicationDensity - 432
06-29 19:33:01.168  1958  2066 D CompatibilityInfo: applicationScale - 1.0
06-29 19:33:01.169   511   511 I hwservicemanager: getTransport: Cannot find entry vendor.qti.hardware.servicetracker@1.0::IServicetracker/default in either framework or device manifest.
06-29 19:33:01.171  1958  2104 I MiuiNetworkPolicy: updateUidState uid = 10105, uidState = 11
06-29 19:33:01.172   614   614 I Zygote  : Process 22621 exited due to signal 9 (Killed)
06-29 19:33:01.174   511   511 I hwservicemanager: getTransport: Cannot find entry vendor.qti.hardware.servicetracker@1.0::IServicetracker/default in either framework or device manifest.
06-29 19:33:01.175   511   511 I hwservicemanager: getTransport: Cannot find entry vendor.qti.hardware.servicetracker@1.0::IServicetracker/default in either framework or device manifest.
06-29 19:33:01.176  1958  2012 I libprocessgroup: Successfully killed process cgroup uid 10127 pid 22621 in 100ms
06-29 19:33:01.179  1958  2104 I MiuiNetworkPolicy: removeUidState uid = 10127
06-29 19:33:01.182 23865 23909 E Perf    : getFolderSize() : Exception_1 = java.lang.NullPointerException: Attempt to get length of null array
06-29 19:33:01.182 23865 23909 E Perf    : Fail to get file list oat
06-29 19:33:01.182 23865 23909 E Perf    : getFolderSize() : Exception_1 = java.lang.NullPointerException: Attempt to get length of null array
06-29 19:33:01.200   613 24002 E ResolverController: No valid NAT64 prefix (107, <unspecified>/0)
06-29 19:33:01.201   511   511 I hwservicemanager: getTransport: Cannot find entry vendor.qti.hardware.servicetracker@1.0::IServicetracker/default in either framework or device manifest.
06-29 19:33:01.217  3633  3633 I CNSS    : Failed to send nl message
06-29 19:33:01.221  3633  3633 I chatty  : uid=1000(system) /system/vendor/bin/cnss_diag identical 2 lines
06-29 19:33:01.222  3633  3633 I CNSS    : Failed to send nl message
06-29 19:33:01.233   511   511 I hwservicemanager: getTransport: Cannot find entry vendor.qti.hardware.servicetracker@1.0::IServicetracker/default in either framework or device manifest.
06-29 19:33:01.235 23865 23988 D NetworkSecurityConfig: Using Network Security Config from resource network_security_config debugBuild: false
06-29 19:33:01.252  3633  3633 I CNSS    : Failed to send nl message
06-29 19:33:01.277 23969 23969 I Perf    : Connecting to perf service.
06-29 19:33:01.317 23969 23969 I FeatureParser: can't find violet.xml in assets/device_features/,it may be in /system/etc/device_features
06-29 19:33:01.322 23969 23969 D Analytics-Core-AnalyticsApp: onCreate pid:23969, tid:23969
06-29 19:33:01.324 23969 23969 D OneTrack: log on: false, quick upload on: false
06-29 19:33:01.337  1958  4008 I ActivityManager: Killing 22966:android.process.media/u0a69 (adj 975): empty #17
06-29 19:33:01.341  1958  2104 I MiuiNetworkPolicy: updateUidState uid = 10105, uidState = 20
06-29 19:33:01.372   614   614 I Zygote  : Process 22966 exited due to signal 9 (Killed)
06-29 19:33:01.373   511   511 I hwservicemanager: getTransport: Cannot find entry vendor.qti.hardware.servicetracker@1.0::IServicetracker/default in either framework or device manifest.
06-29 19:33:01.376  1958  2012 I libprocessgroup: Successfully killed process cgroup uid 10069 pid 22966 in 37ms
06-29 19:33:01.376 23969 24012 E Perf    : Fail to get file list com.miui.analytics
06-29 19:33:01.377 23969 24012 E Perf    : getFolderSize() : Exception_1 = java.lang.NullPointerException: Attempt to get length of null array
06-29 19:33:01.377 23969 24012 E Perf    : Fail to get file list oat
06-29 19:33:01.377 23969 24012 E Perf    : getFolderSize() : Exception_1 = java.lang.NullPointerException: Attempt to get length of null array
06-29 19:33:01.378  1958  2104 I MiuiNetworkPolicy: removeUidState uid = 10069
06-29 19:33:01.396 23969 24009 D miuisdk : current sdk level is 24
06-29 19:33:01.411   511   511 I hwservicemanager: getTransport: Cannot find entry vendor.qti.hardware.servicetracker@1.0::IServicetracker/default in either framework or device manifest.
06-29 19:33:01.415  1958  4526 D CompatibilityInfo: mCompatibilityFlags - 0
06-29 19:33:01.415  1958  4526 D CompatibilityInfo: applicationDensity - 432
06-29 19:33:01.415  1958  4526 D CompatibilityInfo: applicationScale - 1.0
06-29 19:33:01.416   511   511 I hwservicemanager: getTransport: Cannot find entry vendor.qti.hardware.servicetracker@1.0::IServicetracker/default in either framework or device manifest.
06-29 19:33:01.420 23969 24009 I Analytics-Core-AnalyticsApp: startJobScheduler goes with code 1
06-29 19:33:01.421  1958  2104 I MiuiNetworkPolicy: updateUidState uid = 10105, uidState = 9
06-29 19:33:01.426 23969 23969 I Analytics-Core-JobSchedulerService: onStartJob
06-29 19:33:01.430   511   511 I hwservicemanager: getTransport: Cannot find entry vendor.qti.hardware.servicetracker@1.0::IServicetracker/default in either framework or device manifest.
06-29 19:33:01.431   511   511 I hwservicemanager: getTransport: Cannot find entry vendor.qti.hardware.servicetracker@1.0::IServicetracker/default in either framework or device manifest.
06-29 19:33:01.434  1958  2104 I MiuiNetworkPolicy: updateUidState uid = 10105, uidState = 11
06-29 19:33:01.457  1958  2104 I MiuiNetworkPolicy: updateUidState uid = 10105, uidState = 20
06-29 19:33:01.457  3633  3633 I CNSS    : Failed to send nl message
06-29 19:33:01.463 23957 23957 I Perf    : Connecting to perf service.
06-29 19:33:01.472 23957 23957 W ritycore.remote: type=1400 audit(0.0:16515): avc: denied { read } for name="u:object_r:vendor_display_prop:s0" dev="tmpfs" ino=24809 scontext=u:r:system_app:s0 tcontext=u:object_r:vendor_display_prop:s0 tclass=file permissive=0
06-29 19:33:01.486 23957 23957 E libc    : Access denied finding property "ro.vendor.display.type"
06-29 19:33:01.493 23957 23957 D miuisdk : current sdk level is 24
06-29 19:33:01.493 23957 23957 I miuisdk : initialize without hook
06-29 19:33:01.515   511   511 I hwservicemanager: getTransport: Cannot find entry vendor.qti.hardware.servicetracker@1.0::IServicetracker/default in either framework or device manifest.
06-29 19:33:01.522  3633  3633 I CNSS    : Failed to send nl message
06-29 19:33:01.524  3633  3633 I chatty  : uid=1000(system) /system/vendor/bin/cnss_diag identical 1 line
06-29 19:33:01.531  3633  3633 I CNSS    : Failed to send nl message
06-29 19:33:01.533 23071 23071 D ForceDarkHelper: updateByCheckExcludeList: pkg: com.BHG.sharechat activity: com.BHG.sharechat.MainActivity@2d5c84d
06-29 19:33:01.533 23071 23071 D ForceDarkHelper: updateByCheckExcludeList: pkg: com.BHG.sharechat activity: com.BHG.sharechat.MainActivity@2d5c84d
06-29 19:33:01.534  3633  3633 I CNSS    : Failed to send nl message
06-29 19:33:01.536  3633  3633 I CNSS    : Failed to send nl message
06-29 19:33:01.547 23071 23071 D ForceDarkHelper: updateByCheckExcludeList: pkg: com.BHG.sharechat activity: com.BHG.sharechat.MainActivity@2d5c84d
06-29 19:33:01.552 23071 23071 I chatty  : uid=10768(com.BHG.sharechat) identical 2 lines
06-29 19:33:01.553 23071 23071 D ForceDarkHelper: updateByCheckExcludeList: pkg: com.BHG.sharechat activity: com.BHG.sharechat.MainActivity@2d5c84d
06-29 19:33:01.555 23957 23957 W Linkify.v16: reflect applyLink failed:
06-29 19:33:01.555 23957 23957 W Linkify.v16: miui.reflect.NoSuchMethodException: Couldn't find method android/text/util/Linkify.applyLink(Ljava/lang/String;IILandroid/text/Spannable;)V
06-29 19:33:01.555 23957 23957 W Linkify.v16:   at com.miui.internal.os.Native.getMethod(Native Method)
06-29 19:33:01.555 23957 23957 W Linkify.v16:   at miui.reflect.Method.of(Method.java:35)
06-29 19:33:01.555 23957 23957 W Linkify.v16:   at com.miui.internal.variable.v16.Android_Text_Util_Linkify_class.<clinit>(Android_Text_Util_Linkify_class.java:70)
06-29 19:33:01.555 23957 23957 W Linkify.v16:   at java.lang.Class.classForName(Native Method)
06-29 19:33:01.555 23957 23957 W Linkify.v16:   at java.lang.Class.forName(Class.java:454)
06-29 19:33:01.555 23957 23957 W Linkify.v16:   at java.lang.Class.forName(Class.java:379)
06-29 19:33:01.555 23957 23957 W Linkify.v16:   at com.miui.internal.variable.AbsClassFactory.create(AbsClassFactory.java:24)
06-29 19:33:01.555 23957 23957 W Linkify.v16:   at com.miui.internal.variable.Android_Text_Util_Linkify_class$Factory.<init>(Android_Text_Util_Linkify_class.java:40)
06-29 19:33:01.555 23957 23957 W Linkify.v16:   at com.miui.internal.variable.Android_Text_Util_Linkify_class$Factory.<init>(Android_Text_Util_Linkify_class.java:26)
06-29 19:33:01.555 23957 23957 W Linkify.v16:   at com.miui.internal.variable.Android_Text_Util_Linkify_class$Factory$1.createInstance(Android_Text_Util_Linkify_class.java:32)
06-29 19:33:01.555 23957 23957 W Linkify.v16:   at com.miui.internal.variable.Android_Text_Util_Linkify_class$Factory$1.createInstance(Android_Text_Util_Linkify_class.java:29)
06-29 19:33:01.555 23957 23957 W Linkify.v16:   at miui.util.SoftReferenceSingleton.get(SoftReferenceSingleton.java:25)
06-29 19:33:01.555 23957 23957 W Linkify.v16:   at com.miui.internal.variable.Android_Text_Util_Linkify_class$Factory.getInstance(Android_Text_Util_Linkify_class.java:44)
06-29 19:33:01.555 23957 23957 W Linkify.v16:   at com.miui.internal.initialization.OverrideHelper.doInitialize(OverrideHelper.java:37)
06-29 19:33:01.555 23957 23957 W Linkify.v16:   at miui.core.SdkManager.initialize(SdkManager.java:99)
06-29 19:33:01.555 23957 23957 W Linkify.v16:   at java.lang.reflect.Method.invoke(Native Method)
06-29 19:33:01.555 23957 23957 W Linkify.v16:   at miui.external.Application.initializeSdk(Application.java:85)
06-29 19:33:01.555 23957 23957 W Linkify.v16:   at miui.external.Application.<init>(Application.java:55)
06-29 19:33:01.555 23957 23957 W Linkify.v16:   at com.miui.securitycore.SecurityCoreApplication.<init>(SecurityCoreApplication.java:12)
06-29 19:33:01.555 23957 23957 W Linkify.v16:   at java.lang.Class.newInstance(Native Method)
06-29 19:33:01.555 23957 23957 W Linkify.v16:   at android.app.AppComponentFactory.instantiateApplication(AppComponentFactory.java:76)
06-29 19:33:01.555 23957 23957 W Linkify.v16:   at androidx.core.app.CoreComponentFactory.instantiateApplication(CoreComponentFactory.java:47)
06-29 19:33:01.555 23957 23957 W Linkify.v16:   at android.app.Instrumentation.newApplication(Instrumentation.java:1156)
