07-03 20:20:11.792  6305 32160 W BpBinder: Slow Binder: BpBinder transact took 552ms, interface=android.content.pm.IPackageManager, code=13 oneway=false
07-03 20:20:11.792   780 15639 W BpBinder: Slow Binder: BpBinder transact took 547ms, interface=android.app.IActivityManager, code=4 oneway=false
07-03 20:20:11.850 32071 32124 W BpBinder: Slow Binder: BpBinder transact took 631ms, interface=com.google.android.gms.measurement.internal.IMeasurementService, code=11 oneway=false
07-03 20:20:20.003  1958  2022 W BpBinder: Slow Binder: BpBinder transact took 8203ms, interface=android.os.IInstalld, code=14 oneway=false
07-03 20:20:20.005  1958  2022 W Looper  : Slow Looper PackageManager: Long Msg: seq=2302 plan=20:20:11.232  late=0ms wall=8773ms running=197ms runnable=6ms io=331ms h=com.android.server.pm.PackageManagerService$PackageHandler c=com.android.server.pm.-$$Lambda$PackageManagerService$6_Yp7BSB4TgtrWSoFlODKgHIvZY
07-03 20:20:20.005  1958  2022 I InstallationStatistic: com.BHG.gurbani|null|11856|755|123|2158|0|8207
07-03 20:20:20.006  1958  2022 W PackageManager: Cannot whitelist unknown permission: android.permission.ACCESS_ADSERVICES_ATTRIBUTION
07-03 20:20:20.006  1958  2022 W PackageManager: Cannot whitelist unknown permission: android.permission.ACCESS_ADSERVICES_AD_ID
07-03 20:20:20.068  1958  2022 I ActivityManager: Force stopping com.BHG.gurbani appid=10776 user=0: pkg removed
07-03 20:20:20.070  1958  2022 I AutoStartManagerService: MIUILOG- Reject RestartService packageName :com.BHG.gurbani uid : 10776
07-03 20:20:20.071 26215 32024 W BpBinder: Slow Binder: BpBinder transact took 13270ms, interface=android.content.pm.IPackageManager, code=1598246212 oneway=false
07-03 20:20:20.110  1958  2010 W BroadcastQueue: Background execution not allowed: receiving Intent { act=android.intent.action.PACKAGE_REMOVED dat=package:com.BHG.gurbani flg=0x4000010 (has extras) } to com.lbe.security.miui/com.lbe.security.service.BootReceiver
07-03 20:20:20.111  1958  2010 W BroadcastQueue: Background execution not allowed: receiving Intent { act=android.intent.action.PACKAGE_REMOVED dat=package:com.BHG.gurbani flg=0x4000010 (has extras) } to com.android.settings/.search.provider.UpdateReceiver
07-03 20:20:20.149  1958  5090 W LocationProviderProxy: Odd, no component found for service com.android.location.service.v3.NetworkLocationProvider
07-03 20:20:20.153  1958  2010 W BroadcastQueue: Background execution not allowed: receiving Intent { act=android.intent.action.PACKAGE_REMOVED dat=package:com.BHG.gurbani flg=0x4000010 (has extras) } to com.android.vending/com.google.android.finsky.packagemonitor.impl.PackageMonitorReceiverImpl$RegisteredReceiver
07-03 20:20:20.180  1958  2132 I MiuiCompatModePackages: package com.BHG.gurbani updated, removing config
07-03 20:20:20.183  1958  2090 W BaseMiuiPhoneWindowManager: keyCode:23 down:true eventTime:117542427 downTime:117542427 policyFlags:2000000 flags:8 deviceId:0 isScreenOn:false keyguardActive:true repeatCount:0
07-03 20:20:20.183  1958  2090 I PowerManagerService: Waking up from Asleep (uid=1000, reason=WAKE_REASON_UNKNOWN, details=miui.policy:FINGERPRINT_DPAD_CENTER)...
07-03 20:20:20.191  1958  2017 I DisplayPowerController: Blocking screen on until initial contents have been drawn.
07-03 20:20:20.191  1958  2017 I WindowManager: Screen turning on...
07-03 20:20:20.212  1958  2011 I ActivityManager: Start proc 32174:com.android.keychain/1000 for service {com.android.keychain/com.android.keychain.KeyChainService} caller=android
07-03 20:20:20.245  1958  2010 W BroadcastQueue: Background execution not allowed: receiving Intent { act=android.intent.action.PACKAGE_REMOVED dat=package:com.BHG.gurbani flg=0x4000010 (has extras) } to com.android.vending/com.google.android.finsky.packagemonitor.backgroundimpl.BackgroundPackageMonitorReceiverImpl$RegisteredReceiver
07-03 20:20:20.265  1958  2010 W BroadcastQueue: Background execution not allowed: receiving Intent { act=android.intent.action.PACKAGE_REMOVED dat=package:com.BHG.gurbani flg=0x4000010 (has extras) } to com.android.vending/com.google.android.finsky.instantapps.appmanagement.InstantAppRemoveMonitor
07-03 20:20:20.290  1958  2010 W BroadcastQueue: Background execution not allowed: receiving Intent { act=android.intent.action.PACKAGE_REMOVED dat=package:com.BHG.gurbani flg=0x4000010 (has extras) } to com.google.android.apps.maps/com.google.android.libraries.social.peoplekit.thirdparty.viewcontrollers.ThirdPartyReceiver
07-03 20:20:20.291  1958  2011 I ActivityManager: Start proc 32195:com.miui.global.packageinstaller/u0a162 for service {com.miui.global.packageinstaller/com.miui.global.packageinstaller.service.ScanDispatchService} caller=com.miui.securitycenter
07-03 20:20:20.299  2181  3389 W KeyguardViewMediator: notifyScreenOn
07-03 20:20:20.299  1958  2010 W BroadcastQueue: Background execution not allowed: receiving Intent { act=android.intent.action.PACKAGE_REMOVED dat=package:com.BHG.gurbani flg=0x4000010 (has extras) } to com.google.android.gms/.chimera.GmsIntentOperationService$PersistentTrustedReceiver
07-03 20:20:20.320  1958  2010 W BroadcastQueue: Background execution not allowed: receiving Intent { act=android.intent.action.PACKAGE_REMOVED dat=package:com.BHG.gurbani flg=0x4000010 (has extras) } to com.google.android.gms/.games.chimera.GamesSystemBroadcastReceiverProxy
07-03 20:20:20.326  1958  2010 W BroadcastQueue: Background execution not allowed: receiving Intent { act=android.intent.action.PACKAGE_REMOVED dat=package:com.BHG.gurbani flg=0x4000010 (has extras) } to com.miui.audioeffect/com.android.musicfx.Compatibility$Receiver
07-03 20:20:20.326  1958  2010 W BroadcastQueue: Background execution not allowed: receiving Intent { act=android.intent.action.PACKAGE_REMOVED dat=package:com.BHG.gurbani flg=0x4000010 (has extras) } to com.xiaomi.discover/com.xiaomi.market.data.MyPackageMonitor
07-03 20:20:20.326  1958  2010 W BroadcastQueue: Background execution not allowed: receiving Intent { act=android.intent.action.PACKAGE_REMOVED dat=package:com.BHG.gurbani flg=0x4000010 (has extras) } to com.xiaomi.mipicks/com.xiaomi.market.data.MyPackageMonitor
07-03 20:20:20.326  1958  2010 W BroadcastQueue: Background execution not allowed: receiving Intent { act=android.intent.action.PACKAGE_REMOVED dat=package:com.BHG.gurbani flg=0x4000010 (has extras) } to com.xiaomi.misettings/.usagestats.AppTimerReceiver
07-03 20:20:20.327  1958  2010 W BroadcastQueue: Background execution not allowed: receiving Intent { act=android.intent.action.PACKAGE_REMOVED dat=package:com.BHG.gurbani flg=0x4000010 (has extras) } to app.revanced.android.gms/org.microg.gms.gcm.UnregisterReceiver
07-03 20:20:20.327  1958  2010 W BroadcastQueue: Background execution not allowed: receiving Intent { act=android.intent.action.PACKAGE_REMOVED dat=package:com.BHG.gurbani flg=0x4000010 (has extras) } to com.google.android.apps.photos/com.google.android.libraries.social.peoplekit.thirdparty.viewcontrollers.ThirdPartyReceiver
07-03 20:20:20.327  1958  2010 W BroadcastQueue: Background execution not allowed: receiving Intent { act=android.intent.action.PACKAGE_REMOVED dat=package:com.BHG.gurbani flg=0x4000010 (has extras) } to com.jio.myjio/com.inn.passivesdk.receiver.PackageReceiver
07-03 20:20:20.327  1958  2010 W BroadcastQueue: Background execution not allowed: receiving Intent { act=android.intent.action.PACKAGE_ADDED dat=package:com.BHG.gurbani flg=0x4000010 (has extras) } to com.lbe.security.miui/com.lbe.security.service.BootReceiver
07-03 20:20:20.328  1958  2010 W BroadcastQueue: Background execution not allowed: receiving Intent { act=android.intent.action.PACKAGE_ADDED dat=package:com.BHG.gurbani flg=0x4000010 (has extras) } to com.msf.kbank.mobile/com.cv.sdk.receiver.EventReceiver
07-03 20:20:20.328  1958  2010 W BroadcastQueue: Background execution not allowed: receiving Intent { act=android.intent.action.PACKAGE_ADDED dat=package:com.BHG.gurbani flg=0x4000010 (has extras) } to com.google.android.packageinstaller/com.android.packageinstaller.PackageInstalledReceiver
07-03 20:20:20.329  1958  2010 W BroadcastQueue: Background execution not allowed: receiving Intent { act=android.intent.action.PACKAGE_ADDED dat=package:com.BHG.gurbani flg=0x4000010 (has extras) } to com.android.settings/.search.provider.UpdateReceiver
07-03 20:20:20.329  1958  2010 W BroadcastQueue: Background execution not allowed: receiving Intent { act=android.intent.action.PACKAGE_ADDED dat=package:com.BHG.gurbani flg=0x4000010 (has extras) } to com.android.vending/com.google.android.finsky.packagemonitor.impl.PackageMonitorReceiverImpl$RegisteredReceiver
07-03 20:20:20.329  1958  2010 W BroadcastQueue: Background execution not allowed: receiving Intent { act=android.intent.action.PACKAGE_ADDED dat=package:com.BHG.gurbani flg=0x4000010 (has extras) } to com.android.vending/com.google.android.finsky.packagemonitor.backgroundimpl.BackgroundPackageMonitorReceiverImpl$RegisteredReceiver
07-03 20:20:20.329  1958  2010 W BroadcastQueue: Background execution not allowed: receiving Intent { act=android.intent.action.PACKAGE_ADDED dat=package:com.BHG.gurbani flg=0x4000010 (has extras) } to com.facebook.appmanager/com.facebook.oxygen.common.packages.event.manifest.ManifestPackageEventReceiver
07-03 20:20:20.329  1958  2010 W BroadcastQueue: Background execution not allowed: receiving Intent { act=android.intent.action.PACKAGE_ADDED dat=package:com.BHG.gurbani flg=0x4000010 (has extras) } to com.google.android.gms/.chimera.GmsIntentOperationService$PersistentTrustedReceiver
07-03 20:20:20.330  1958  2010 W BroadcastQueue: Background execution not allowed: receiving Intent { act=android.intent.action.PACKAGE_ADDED dat=package:com.BHG.gurbani flg=0x4000010 (has extras) } to com.google.android.gms/.games.chimera.GamesSystemBroadcastReceiverProxy
07-03 20:20:20.330  1958  2010 W BroadcastQueue: Background execution not allowed: receiving Intent { act=android.intent.action.PACKAGE_ADDED dat=package:com.BHG.gurbani flg=0x4000010 (has extras) } to com.google.android.gms/.gass.chimera.PackageChangeBroadcastReceiver
07-03 20:20:20.330  1958  2010 W BroadcastQueue: Background execution not allowed: receiving Intent { act=android.intent.action.PACKAGE_ADDED dat=package:com.BHG.gurbani flg=0x4000010 (has extras) } to com.miui.audioeffect/com.android.musicfx.Compatibility$Receiver
07-03 20:20:20.331  1958  2010 W BroadcastQueue: Background execution not allowed: receiving Intent { act=android.intent.action.PACKAGE_ADDED dat=package:com.BHG.gurbani flg=0x4000010 (has extras) } to com.xiaomi.discover/com.xiaomi.market.data.MyPackageMonitor
07-03 20:20:20.331  1958  2010 W BroadcastQueue: Background execution not allowed: receiving Intent { act=android.intent.action.PACKAGE_ADDED dat=package:com.BHG.gurbani flg=0x4000010 (has extras) } to com.xiaomi.mipicks/com.xiaomi.market.data.MyPackageMonitor
07-03 20:20:20.331  1958  2010 W BroadcastQueue: Background execution not allowed: receiving Intent { act=android.intent.action.PACKAGE_ADDED dat=package:com.BHG.gurbani flg=0x4000010 (has extras) } to com.xiaomi.misettings/.usagestats.AppTimerReceiver
07-03 20:20:20.331  1958  2010 W BroadcastQueue: Background execution not allowed: receiving Intent { act=android.intent.action.PACKAGE_ADDED dat=package:com.BHG.gurbani flg=0x4000010 (has extras) } to com.dv.adm/com.appodeal.ads.AppodealPackageAddedReceiver
07-03 20:20:20.331  1958  2010 W BroadcastQueue: Background execution not allowed: receiving Intent { act=android.intent.action.PACKAGE_ADDED dat=package:com.BHG.gurbani flg=0x4000010 (has extras) } to com.jio.myjio/com.inn.passivesdk.receiver.PackageReceiver
07-03 20:20:20.358  1958  1993 W Looper  : Slow delivery took 202ms android.fg h=android.os.Handler c=<recycled PooledLambda@86b2a62> m=0
07-03 20:20:20.384  2181  2181 W KeyguardViewMediator: handleNotifyScreenTurningOn
07-03 20:20:20.384  2181  2181 W KeyguardViewMediator: notifyDrawn
07-03 20:20:20.385  1958  2647 I WindowManager: mKeyguardDelegate.ShowListener.onDrawn.
07-03 20:20:20.385  1958  1994 W WindowManager: Setting mKeyguardDrawComplete
07-03 20:20:20.386  1958  1994 I WindowManager: All windows ready for display!
07-03 20:20:20.386  1958  1994 W WindowManager: Setting mWindowManagerDrawComplete
07-03 20:20:20.387  1958  1994 I WindowManager: Finished screen turning on...
07-03 20:20:20.387  1958  2017 I DisplayPowerController: Unblocked screen on after 196 ms
07-03 20:20:20.475  1958  1996 I DisplayManagerService: Display device changed state: "Built-in Screen", ON
07-03 20:20:20.528  1958  2090 W BaseMiuiPhoneWindowManager: keyCode:23 down:false eventTime:117542773 downTime:117542427 policyFlags:22000000 flags:8 deviceId:0 isScreenOn:true keyguardActive:true repeatCount:0
07-03 20:20:20.587  1958  2017 W PowerManagerService: Screen on took 403 ms
07-03 20:20:21.131  1958  1958 W Looper  : Slow dispatch took 936ms main h=android.app.ActivityThread$H c=android.app.-$$Lambda$LoadedApk$ReceiverDispatcher$Args$_BumDX2UKsnxLVrE6UJsJZkotuA@2dc6f6a m=0
07-03 20:20:21.131  1958  1958 W Looper  : Slow delivery took 1001ms main h=android.app.ActivityThread$H c=android.app.-$$Lambda$LoadedApk$ReceiverDispatcher$Args$_BumDX2UKsnxLVrE6UJsJZkotuA@7c9ec5b m=0
07-03 20:20:21.223  1958  1993 W Looper  : Drained
07-03 20:20:21.238 32195 32268 I Ad      : isPersonalizedAdEnabled getAdSettings: 3
07-03 20:20:21.411  1958  1958 W Looper  : Slow dispatch took 279ms main h=android.app.ActivityThread$H c=android.app.-$$Lambda$LoadedApk$ReceiverDispatcher$Args$_BumDX2UKsnxLVrE6UJsJZkotuA@8f354cc m=0
07-03 20:20:21.412  1958  1958 I Telecom : DefaultDialerCache: Refreshing default dialer for user 0: now com.android.contacts: DDC.oR@CTU
07-03 20:20:21.425  1958  1958 W UsageStatsService: Event reported without a package name, eventType:15
07-03 20:20:21.426  1958  1958 I WindowManager: Started waking up... (why=ON_BECAUSE_OF_UNKNOWN)
07-03 20:20:21.528 31317 31317 W Looper  : Slow Looper main: Long Msg: seq=58 plan=20:20:20.110  late=1ms wall=1417ms running=16ms runnable=3ms io=1218ms h=android.app.ActivityThread$H c=android.app.-$$Lambda$LoadedApk$ReceiverDispatcher$Args$_BumDX2UKsnxLVrE6UJsJZkotuA
07-03 20:20:21.533 32195 32255 W FileUtils: Slow Operation: fsync took 131ms
07-03 20:20:21.543  2181  2181 I miui_face: start face unlock
07-03 20:20:21.547  2181  2924 I miui_face: start verify time=4
07-03 20:20:21.606  1958  2014 E BatteryExternalStatsWorker: no controller energy info supplied for bluetooth
07-03 20:20:21.625  1958  1958 W Looper  : Slow dispatch took 199ms main h=com.android.server.power.Notifier$NotifierHandler c=com.android.server.power.Notifier$2@46ebbc9 m=0
07-03 20:20:21.722 30936 30936 W Looper  : Slow Looper main: Long Msg: seq=26 plan=20:20:20.110  late=2ms wall=1609ms running=35ms runnable=2ms io=1165ms h=android.app.ActivityThread$H c=android.app.-$$Lambda$LoadedApk$ReceiverDispatcher$Args$_BumDX2UKsnxLVrE6UJsJZkotuA
07-03 20:20:21.723 32195 32255 W FileUtils: Slow Operation: fsync took 162ms
07-03 20:20:21.750  2181  2181 E miui_face: start face unlock fail ,faceDetectTypeForCamera=1
07-03 20:20:22.026 32195 32292 W BpBinder: Slow Binder: BpBinder transact took 583ms, interface=android.content.IContentProvider, code=1 oneway=false
07-03 20:20:22.143 32195 32255 W FileUtils: Slow Operation: fsync took 115ms
07-03 20:20:22.147  1958  1958 W Looper  : Slow dispatch took 521ms main h=android.app.ActivityThread$H c=null m=133
07-03 20:20:22.201  1958  1994 W Looper  : Slow dispatch took 767ms android.ui h=com.android.server.policy.MiuiScreenOnProximityLock$2 c=null m=1
07-03 20:20:22.201  1958  1994 W Looper  : Slow Looper android.ui: MotionEvent is 568ms late (event_seq=502611, action=ACTION_DOWN) because of 1 msg, msg 1 took 767ms (seq=135770 running=4ms runnable=7ms io=39ms late=8ms h=com.android.server.policy.MiuiScreenOnProximityLock$2 w=1)
07-03 20:20:22.201  1958  1994 W InputEventReceiver: App Input: 568ms before dispatchInputEvent (MotionEvent: event_seq=502611, seq=528591, action=ACTION_DOWN)
07-03 20:20:22.203  1958  1994 W InputEventReceiver: App Input: 457ms before dispatchInputEvent (MotionEvent: event_seq=502616, seq=528617, action=ACTION_UP)
07-03 20:20:22.210  1958  1958 I WindowManager: Finished waking up... (why=ON_BECAUSE_OF_UNKNOWN)
07-03 20:20:22.212  1958  1958 W Looper  : Drained
07-03 20:20:22.625  1958  1994 W Looper  : Slow dispatch took 420ms android.ui h=android.view.Choreographer$FrameHandler c=android.view.Choreographer$FrameDisplayEventReceiver@c285a1 m=0
07-03 20:20:22.627  1958  1994 W Looper  : Slow delivery took 426ms android.ui h=android.view.ViewRootImpl$ViewRootHandler c=null m=6
07-03 20:20:22.642  1958  1994 W Looper  : Drained
07-03 20:20:22.728  1958  2014 E BatteryExternalStatsWorker: no controller energy info supplied for bluetooth
07-03 20:20:22.769 31317 31317 W Looper  : Slow Looper main: Long Msg: seq=59 plan=20:20:20.153  late=1375ms wall=1240ms running=4ms runnable=2ms io=1176ms h=android.app.ActivityThread$H c=android.app.-$$Lambda$LoadedApk$ReceiverDispatcher$Args$_BumDX2UKsnxLVrE6UJsJZkotuA
07-03 20:20:22.861 31394 31460 I Ad      : isPersonalizedAdEnabled getAdSettings: 3
07-03 20:20:23.352  2181  2181 I miui_keyguard_password: password unlock duration 288
07-03 20:20:23.372 32195 32374 W FileUtils: Slow Operation: fsync took 1413ms
07-03 20:20:23.372  1958  2082 W FileUtils: Slow Operation: fsync took 757ms
07-03 20:20:23.372 32195 32195 W FileUtils: Slow Operation: fsync took 1033ms
07-03 20:20:23.373  6305 30927 W FileUtils: Slow Operation: fsync took 236ms
07-03 20:20:23.379  1958  4522 W FingerprintService: Ignoring lockout reset, no templates enrolled
07-03 20:20:23.379  2181  2181 W miui_keyguard: unlock keyguard by pw
07-03 20:20:23.383  4027  4215 W BpBinder: Slow Binder: BpBinder transact took 1469ms, interface=android.hardware.camera2.ICameraDeviceUser, code=6 oneway=false
07-03 20:20:23.422 32195 32195 W QueuedWork: Slow Operation: QueueWork waitToFinish took 2020ms
07-03 20:20:23.423 32195 32195 W Looper  : Slow Looper main: Long Msg: seq=10 plan=20:20:21.402  late=0ms wall=2020ms running=5ms runnable=4ms io=1422ms h=android.app.ActivityThread$H w=116
07-03 20:20:23.506  1958  3851 I LockSettingsService: Unlocking user 0 with secret only, length 32
07-03 20:20:23.507  1958  3851 I LockSettingsService: Disabling escrow token on user 0
07-03 20:20:23.512  1958  3851 I LockSettingsService: Caching SP for user 0
07-03 20:20:23.514  1958  1958 I LockSettingsService: Removing SP from cache for user 0
07-03 20:20:23.521  2181 23490 W BpBinder: Slow Binder: BpBinder transact took 383ms, interface=com.android.internal.widget.ILockSettings, code=10 oneway=false
07-03 20:20:23.539  2181  2181 I miui_face: stop face unlock
07-03 20:20:23.541  2181  2924 I miui_face: authenCallback, onAuthenticationError code:2000 msg:
07-03 20:20:23.548  1958  3851 I Timeline: Timeline: App_transition_ready time:117545793
07-03 20:20:23.549  2181  3626 I KeyguardViewMediator: call fw keyguardGoingAway: flags = 8
07-03 20:20:23.549  1958  1997 I Timeline: Timeline: App_transition_ready time:117545795
07-03 20:20:23.560  1958  1997 I Timeline: Timeline: App_transition_ready time:117545805
07-03 20:20:23.564  1958  1997 I Timeline: Timeline: App_transition_ready time:117545810
07-03 20:20:23.577  1958  3132 I Timeline: Timeline: App_transition_ready time:117545823
07-03 20:20:23.586  1958  1997 I Timeline: Timeline: App_transition_ready time:117545831
07-03 20:20:23.621  1958  1997 I Timeline: Timeline: App_transition_ready time:117545867
07-03 20:20:23.683  1958  3132 I Timeline: Timeline: App_transition_ready time:117545928
07-03 20:20:23.700  1958  1997 I Timeline: Timeline: App_transition_ready time:117545946
07-03 20:20:23.820 30719 30719 W Looper  : Slow Looper main: Long Msg: seq=1383 plan=20:20:20.107  late=0ms wall=3713msrunning=66ms runnable=47ms io=3183ms h=android.app.ActivityThread$H c=android.app.-$$Lambda$LoadedApk$ReceiverDispatcher$Args$_BumDX2UKsnxLVrE6UJsJZkotuA
07-03 20:20:23.820  1958  3132 E NotificationService: Suppressing notification from package by user request.
07-03 20:20:23.839  1958  1997 I Timeline: Timeline: App_transition_ready time:117546085
07-03 20:20:23.839  4027  4215 W BpBinder: Slow Binder: BpBinder transact took 298ms, interface=android.hardware.camera2.ICameraDeviceUser, code=15 oneway=false
07-03 20:20:23.900  1958  1997 I Timeline: Timeline: App_transition_ready time:117546145
07-03 20:20:23.901  2181  2181 I KeyguardViewMediator: handleStartKeyguardExitAnimation startTime=117546145 fadeoutDuration=150
07-03 20:20:23.924  1958  1996 W UsageStatsService: Event reported without a package name, eventType:18
07-03 20:20:23.925  1958  1996 I WindowManager: updateContrastOverlay, darkmode: true isContrastEnabled: true alpha: 0.0
07-03 20:20:23.984  2181  2181 I miui_face: face unlock success time=2441
07-03 20:20:24.044  4027  4215 W BpBinder: Slow Binder: BpBinder transact took 205ms, interface=android.hardware.camera2.ICameraDeviceUser, code=1 oneway=false
07-03 20:20:24.066  1958  1997 I Timeline: Timeline: Activity_windows_visible id: ActivityRecord{ddb1799 u0 com.miui.home/.launcher.Launcher t1} time:117546312
07-03 20:20:24.069  1958  1997 I Timeline: Timeline: App_transition_stopped time:117546315
07-03 20:20:24.103 29964 29964 I Timeline: Timeline: Activity_launch_request time:117546349
07-03 20:20:24.122  1958  2647 I ActivityTaskManager: START u0 {flg=0x10000000 cmp=com.android.settings/.Settings$UsbDetailsActivity} from uid 1000
07-03 20:20:24.197 25324 25324 W ActivityThread: SCHED: com.miui.home/.launcher.Launcher [72, r=37ms, a=14ms, w=580ms]
07-03 20:20:24.206  1958  3851 I ActivityTaskManager: The Process com.android.settings Already Exists in BG. So sendingits PID: 29964
07-03 20:20:24.211  1958  3851 I Timeline: Timeline: App_transition_ready time:117546457
07-03 20:20:24.223  1958  2202 I Timeline: Timeline: App_transition_ready time:117546469
07-03 20:20:24.233  1958  2202 I Timeline: Timeline: App_transition_ready time:117546479
07-03 20:20:24.257  6842  6842 W QueuedWork: Slow Operation: QueueWork waitToFinish took 123ms
07-03 20:20:24.337  1958  4522 I Timeline: Timeline: App_transition_ready time:117546583
07-03 20:20:24.340  1958  4522 I Timeline: Timeline: App_transition_ready time:117546585
07-03 20:20:24.376  1958  2647 W BroadcastQueue: Background execution not allowed: receiving Intent { act=android.intent.action.PACKAGE_REPLACED dat=package:com.BHG.gurbani flg=0x4000010 (has extras) } to com.facebook.appmanager/com.facebook.oxygen.common.packages.event.manifest.ManifestPackageEventReceiver
07-03 20:20:24.377  1958  2010 W BroadcastQueue: Background execution not allowed: receiving Intent { act=android.intent.action.PACKAGE_REPLACED dat=package:com.BHG.gurbani flg=0x4000010 (has extras) } to com.google.android.gms/.chimera.GmsIntentOperationService$PersistentTrustedReceiver
07-03 20:20:24.377  1958  2010 W BroadcastQueue: Background execution not allowed: receiving Intent { act=android.intent.action.PACKAGE_REPLACED dat=package:com.BHG.gurbani flg=0x4000010 (has extras) } to com.google.android.gms/.gass.chimera.PackageChangeBroadcastReceiver
07-03 20:20:24.377  1958  2010 W BroadcastQueue: Background execution not allowed: receiving Intent { act=android.intent.action.PACKAGE_REPLACED dat=package:com.BHG.gurbani flg=0x4000010 (has extras) } to com.miui.audioeffect/com.android.musicfx.Compatibility$Receiver
07-03 20:20:24.377  1958  2010 W BroadcastQueue: Background execution not allowed: receiving Intent { act=android.intent.action.PACKAGE_REPLACED dat=package:com.BHG.gurbani flg=0x4000010 (has extras) } to com.miui.notes/com.miui.floatwindow.BootBroadcastReceiver
07-03 20:20:24.377  1958  2010 W BroadcastQueue: Background execution not allowed: receiving Intent { act=android.intent.action.PACKAGE_REPLACED dat=package:com.BHG.gurbani flg=0x4000010 (has extras) } to com.google.android.apps.photos/.account.full.FetchAccountPropertiesAppUpgradeBroadcastReceiver
07-03 20:20:24.377  1958  2010 W BroadcastQueue: Background execution not allowed: receiving Intent { act=android.intent.action.PACKAGE_REPLACED dat=package:com.BHG.gurbani flg=0x4000010 (has extras) } to com.google.android.apps.photos/.account.full.SyncAccountsForLoginBroadcastReceiver
07-03 20:20:24.377  1958  2010 W BroadcastQueue: Background execution not allowed: receiving Intent { act=android.intent.action.PACKAGE_REPLACED dat=package:com.BHG.gurbani flg=0x4000010 (has extras) } to com.google.android.apps.photos/.notificationchannels.AppUpdateBroadcastReceiver
07-03 20:20:24.377  1958  2010 W BroadcastQueue: Background execution not allowed: receiving Intent { act=android.intent.action.PACKAGE_REPLACED dat=package:com.BHG.gurbani flg=0x4000010 (has extras) } to com.jio.myjio/com.inn.passivesdk.receiver.PackageReceiver
07-03 20:20:24.463 25324 25324 W InputEventReceiver: App Input: Dispatching InputEvent took 110ms in main thread! (MotionEvent: event_seq=46258, seq=528770, action=ACTION_UP)
07-03 20:20:24.466  1958  2647 E NotificationService: Suppressing notification from package by user request.
07-03 20:20:24.500  1958  2014 E BatteryExternalStatsWorker: no controller energy info supplied for bluetooth
07-03 20:20:24.615  3855 25839 W MiuiPerfServiceClient: interceptAndQueuing:2181|com.android.systemui|435|212|unknown|null|StatusBar|117546596188074|Slow main thread|5
07-03 20:20:24.634  6842  6897 W BpBinder: Slow Binder: BpBinder transact took 212ms, interface=com.google.android.gms.common.internal.IGmsServiceBroker, code=46 oneway=false
07-03 20:20:24.791  1958  3901 W BroadcastQueue: Background execution not allowed: receiving Intent { act=android.intent.action.USER_PRESENT flg=0x24200010 } to com.jio.myjio/com.jio.clickstream.tbn.PowerConnectionReceiver
07-03 20:20:24.795  1958  2010 W BroadcastQueue: Background execution not allowed: receiving Intent { act=android.intent.action.USER_PRESENT flg=0x24200010 } to com.android.chrome/org.chromium.chrome.browser.sharing.click_to_call.ClickToCallMessageHandler$PhoneUnlockedReceiver
07-03 20:20:24.797  1958  2010 W BroadcastQueue: Background execution not allowed: receiving Intent { act=android.intent.action.USER_PRESENT flg=0x24200010 } to com.google.android.gms/.auth.setup.devicesignals.LockScreenReceiver
07-03 20:20:24.797  1958  2010 W BroadcastQueue: Background execution not allowed: receiving Intent { act=android.intent.action.USER_PRESENT flg=0x24200010 } to com.google.android.gms/.chimera.GmsIntentOperationService$PersistentTrustedReceiver
07-03 20:20:24.797  1958  2010 W BroadcastQueue: Background execution not allowed: receiving Intent { act=android.intent.action.USER_PRESENT flg=0x24200010 } to info.kfsoft.force.rotation/.RestartReceiver
07-03 20:20:25.007 25324 25324 I Timeline: Timeline: Activity_launch_request time:117547253
07-03 20:20:25.008  1958  3901 I ActivityTaskManager: START u0 {act=android.intent.action.MAIN cat=[android.intent.category.LAUNCHER] flg=0x10200000 cmp=com.BHG.gurbani/.SplashActivity bnds=[581,760][757,936] (has extras)} from uid 10094
07-03 20:20:25.059 29964 29964 W Looper  : Slow Looper main: Activity com.android.settings/.Settings$UsbDetailsActivityis 849ms late (wall=0ms running=0ms ClientTransaction{ callbacks=[android.app.servertransaction.TopResumedActivityChangeItem] }) because of 1 msg, msg 1 took 849ms (seq=20 running=95ms runnable=26ms io=593ms h=android.app.ActivityThread$H w=159)
07-03 20:20:25.240  1958  2011 I ActivityManager: Start proc 32711:com.google.android.webview:sandboxed_process0:org.chromium.content.app.SandboxedProcessService0:0/u0i283 for  {com.miui.global.packageinstaller/org.chromium.content.app.SandboxedProcessService0:0} caller=com.miui.global.packageinstaller
07-03 20:20:25.303 29964 29987 W FileUtils: Slow Operation: fsync took 142ms
07-03 20:20:25.365  1958  2011 I ActivityManager: Start proc 32730:com.BHG.gurbani/u0a776 for activity {com.BHG.gurbani/com.BHG.gurbani.SplashActivity} caller=com.miui.home
07-03 20:20:25.390  1958  2360 I ActivityTaskManager: The Process com.BHG.gurbani Already Exists in BG. So sending its PID: 32730
07-03 20:20:25.525  1958  1996 W ActivityTaskManager: Activity top resumed state loss timeout for ActivityRecord{cd8c1d6 u0 com.android.settings/.Settings$UsbDetailsActivity t1644}
07-03 20:20:25.527  1958  1996 W ActivityTaskManager: Activity pause timeout for ActivityRecord{cd8c1d6 u0 com.android.settings/.Settings$UsbDetailsActivity t1644}
07-03 20:20:25.527 29964 29964 W Looper  : Slow Looper main: Activity com.android.settings/.Settings$UsbDetailsActivityis 499ms late (wall=5ms running=1ms ClientTransaction{ callbacks=[android.app.servertransaction.TopResumedActivityChangeItem] }) because of 6 msg, msg 1 took 849ms (seq=20 running=95ms runnable=26ms io=593ms h=android.app.ActivityThread$H w=159), msg 4 took 460ms (seq=23 running=19ms runnable=13ms io=100ms late=45ms h=android.view.Choreographer$FrameHandlerc=android.view.Choreographer$FrameDisplayEventReceiver)
07-03 20:20:25.527 29964 29964 W ActivityThread: SCHED: com.android.settings/.Settings$UsbDetailsActivity [63, r=26ms, a=15ms, w=484ms]
07-03 20:20:25.529  1958  1996 I ActivityTaskManager: The Process com.BHG.gurbani Already Exists in BG. So sending its PID: 32730
07-03 20:20:25.537  1958  1996 I Timeline: Timeline: App_transition_ready time:117547783
07-03 20:20:25.556 29964 29964 W Looper  : Slow Looper main: Activity com.android.settings/.Settings$UsbDetailsActivityis 500ms late (wall=28ms running=3ms ClientTransaction{ lifecycleRequest=android.app.servertransaction.PauseActivityItem }) because of 7 msg, msg 1 took 849ms (seq=20 running=95ms runnable=26ms io=593ms h=android.app.ActivityThread$H w=159), msg 4 took 460ms (seq=23 running=19ms runnable=13ms io=100ms late=45ms h=android.view.Choreographer$FrameHandler c=android.view.Choreographer$FrameDisplayEventReceiver)
07-03 20:20:25.602 29964 29964 W Looper  : Slow Looper main: doFrame is 492ms late because of 7 msg, msg 1 took 460ms (seq=23 running=19ms runnable=13ms io=100ms late=45ms h=android.view.Choreographer$FrameHandler c=android.view.Choreographer$FrameDisplayEventReceiver)
07-03 20:20:25.722  1958  1997 I Timeline: Timeline: App_transition_stopped time:117547968
07-03 20:20:25.935  1958  4522 E WindowManager: App trying to use insecure INPUT_FEATURE_NO_INPUT_CHANNEL flag. Ignoring
07-03 20:20:25.939 32730 32730 W Looper  : Slow Looper main: Activity com.BHG.gurbani/.SplashActivity is 407ms late (wall=0ms running=0ms ClientTransaction{ callbacks=[android.app.servertransaction.TopResumedActivityChangeItem] }) because of 2 msg, msg 1 took 381ms (seq=2 running=101ms runnable=12ms io=225ms late=1ms h=android.app.ActivityThread$H w=110), msg 2 took 160ms (seq=3 running=94ms runnable=14ms io=37ms late=248ms h=android.app.ActivityThread$H w=159)
07-03 20:20:26.103  1958  2011 I ActivityManager: Start proc 561:com.google.android.webview:webview_service/u0a192 for service {com.google.android.webview/org.chromium.android_webview.services.ComponentsProviderService} caller=com.miui.global.packageinstaller
07-03 20:20:26.206  1958  1997 I Timeline: Timeline: Activity_windows_visible id: ActivityRecord{b820422 u0 com.BHG.gurbani/.SplashActivity t1645} time:117548452
07-03 20:20:26.222 32195 32195 W Looper  : Slow Looper main: Long Msg: seq=18 plan=20:20:23.250  late=174ms wall=2797msrunning=267ms runnable=210ms io=2011ms h=com.google.android.gms.ads.internal.util.f c=com.google.android.gms.ads.internal.js.r
07-03 20:20:26.655  1958  2011 I ActivityManager: Start proc 652:com.android.chrome/u0a193 for service {com.android.chrome/org.chromium.chrome.browser.customtabs.CustomTabsConnectionService} caller=com.miui.global.packageinstaller
07-03 20:20:27.298  1958  4522 I ActivityManager: Killing 30488:com.google.android.youtube/u0a204 (adj 975): empty #17
07-03 20:20:28.925 32730 32730 I Timeline: Timeline: Activity_launch_request time:117551170
07-03 20:20:28.926  1958  4522 I ActivityTaskManager: START u0 {cmp=com.BHG.gurbani/.AuthActivity} from uid 10776
07-03 20:20:28.942 32730 32730 W ActivityThread: SCHED: com.BHG.gurbani/.SplashActivity [61, r=19ms, a=12ms, w=3015ms]
07-03 20:20:28.944  1958  2202 I ActivityTaskManager: The Process com.BHG.gurbani Already Exists in BG. So sending its PID: 32730
07-03 20:20:28.963  1958  2202 I Timeline: Timeline: App_transition_ready time:117551208
07-03 20:20:29.108 32730 32730 I Timeline: Timeline: Activity_launch_request time:117551354
07-03 20:20:29.109  1958  4522 I ActivityTaskManager: START u0 {cmp=com.BHG.gurbani/.MainActivity} from uid 10776
07-03 20:20:29.121  1958  4522 I ActivityTaskManager: The Process com.BHG.gurbani Already Exists in BG. So sending its PID: 32730
07-03 20:20:29.124  1958  4522 I Timeline: Timeline: App_transition_ready time:117551370
07-03 20:20:29.126  1958  1997 I Timeline: Timeline: App_transition_ready time:117551372
07-03 20:20:29.218  1958  4522 E WindowManager: App trying to use insecure INPUT_FEATURE_NO_INPUT_CHANNEL flag. Ignoring
07-03 20:20:29.272  1958  2202 I Timeline: Timeline: App_transition_ready time:117551518
07-03 20:20:29.273  1958  2202 I Timeline: Timeline: App_transition_ready time:117551519
07-03 20:20:29.343  1958  1997 I Timeline: Timeline: App_transition_ready time:117551589
07-03 20:20:29.586  1958  1997 I Timeline: Timeline: Activity_windows_visible id: ActivityRecord{79a3061 u0 com.BHG.gurbani/.MainActivity t1645} time:117551831
07-03 20:20:29.587  1958  1997 I Timeline: Timeline: App_transition_stopped time:117551833
07-03 20:20:30.865 32730 32730 I Timeline: Timeline: Activity_launch_request time:117553111
07-03 20:20:30.866  1958  2202 I ActivityTaskManager: START u0 {cmp=com.BHG.gurbani/.UploadActivity} from uid 10776
07-03 20:20:30.876 32730 32730 W ActivityThread: SCHED: com.BHG.gurbani/.MainActivity [80, r=153ms, a=36ms, w=1664ms]
07-03 20:20:30.878  1958  2202 I ActivityTaskManager: The Process com.BHG.gurbani Already Exists in BG. So sending its PID: 32730
07-03 20:20:30.882  1958  2202 I Timeline: Timeline: App_transition_ready time:117553128
07-03 20:20:30.948  1958  4522 E WindowManager: App trying to use insecure INPUT_FEATURE_NO_INPUT_CHANNEL flag. Ignoring
07-03 20:20:30.959  1958  4807 I Timeline: Timeline: App_transition_ready time:117553205
07-03 20:20:30.961  1958  4807 I Timeline: Timeline: App_transition_ready time:117553207
07-03 20:20:31.012  1958  1997 I Timeline: Timeline: App_transition_ready time:117553258
07-03 20:20:31.268  1958  1997 I Timeline: Timeline: Activity_windows_visible id: ActivityRecord{55249d3 u0 com.BHG.gurbani/.UploadActivity t1645} time:117553514
07-03 20:20:31.270  1958  1997 I Timeline: Timeline: App_transition_stopped time:117553516
07-03 20:20:31.748 32730 32730 I Timeline: Timeline: Activity_launch_request time:117553994
07-03 20:20:31.750  1958  4525 I ActivityTaskManager: START u0 {act=android.intent.action.GET_CONTENT typ=image/* cmp=com.google.android.documentsui/com.android.documentsui.picker.PickActivity} from uid 10776
07-03 20:20:31.760 32730 32730 W ActivityThread: SCHED: com.BHG.gurbani/.UploadActivity [62, r=37ms, a=22ms, w=816ms]
07-03 20:20:31.795  1958  2011 I ActivityManager: Start proc 926:com.google.android.documentsui/u0a66 for activity {com.google.android.documentsui/com.android.documentsui.picker.PickActivity} caller=com.BHG.gurbani
07-03 20:20:31.879  1958  1997 I Timeline: Timeline: App_transition_ready time:117554125
07-03 20:20:32.122  1958  1997 I Timeline: Timeline: App_transition_stopped time:117554368
07-03 20:20:32.165  1958  3901 E WindowManager: App trying to use insecure INPUT_FEATURE_NO_INPUT_CHANNEL flag. Ignoring
07-03 20:20:32.543  1958  1997 I Timeline: Timeline: Activity_windows_visible id: ActivityRecord{a6a3717 u0 com.google.android.documentsui/com.android.documentsui.picker.PickActivity t1645} time:117554789
07-03 20:20:34.037  1958  4807 I ActivityManager: Killing 30551:com.google.process.gservices/u0a185 (adj 965): empty #17
07-03 20:20:34.039  1958  4807 I ActivityManager: Killing 31157:com.miui.msa.global:ui/u0a123 (adj 975): empty #18
07-03 20:20:34.075   926   926 W ActivityThread: SCHED: com.google.android.documentsui/com.android.documentsui.picker.PickActivity [88, r=304ms, a=40ms, w=1918ms]
07-03 20:20:34.086  1958  1981 I Timeline: Timeline: App_transition_ready time:117556332
07-03 20:20:34.091  1958  5255 I Timeline: Timeline: App_transition_ready time:117556336
07-03 20:20:34.098 32730 32730 I Timeline: Timeline: Activity_launch_request time:117556344
07-03 20:20:34.100  1958  4807 W ActivityTaskManager: aInfo is null for resolve intent: Intent { cmp=com.BHG.gurbani/com.yalantis.ucrop.UCropActivity (has extras) }
07-03 20:20:34.100  1958  4807 W ActivityTaskManagerServiceInjector: Intent or aInfo is null!
07-03 20:20:34.100  1958  4807 I ActivityTaskManager: START u0 {cmp=com.BHG.gurbani/com.yalantis.ucrop.UCropActivity (has extras)} from uid 10776
07-03 20:20:34.126 32730 32730 E AndroidRuntime: FATAL EXCEPTION: main
07-03 20:20:34.126 32730 32730 E AndroidRuntime: Process: com.BHG.gurbani, PID: 32730
07-03 20:20:34.126 32730 32730 E AndroidRuntime: java.lang.RuntimeException: Failure delivering result ResultInfo{who=null, request=101, result=-1, data=Intent { dat=content://com.android.providers.media.documents/document/image:5857 flg=0x1 }} to activity {com.BHG.gurbani/com.BHG.gurbani.UploadActivity}: android.content.ActivityNotFoundException: Unable tofind explicit activity class {com.BHG.gurbani/com.yalantis.ucrop.UCropActivity}; have you declared this activity in your AndroidManifest.xml?
07-03 20:20:34.126 32730 32730 E AndroidRuntime:        at android.app.ActivityThread.deliverResults(ActivityThread.java:4960)
07-03 20:20:34.126 32730 32730 E AndroidRuntime:        at android.app.ActivityThread.handleSendResult(ActivityThread.java:5001)
07-03 20:20:34.126 32730 32730 E AndroidRuntime:        at android.app.servertransaction.ActivityResultItem.execute(ActivityResultItem.java:51)
07-03 20:20:34.126 32730 32730 E AndroidRuntime:        at android.app.servertransaction.TransactionExecutor.executeCallbacks(TransactionExecutor.java:135)
07-03 20:20:34.126 32730 32730 E AndroidRuntime:        at android.app.servertransaction.TransactionExecutor.execute(TransactionExecutor.java:95)
07-03 20:20:34.126 32730 32730 E AndroidRuntime:        at android.app.ActivityThread$H.handleMessage(ActivityThread.java:2047)
07-03 20:20:34.126 32730 32730 E AndroidRuntime:        at android.os.Handler.dispatchMessage(Handler.java:107)
07-03 20:20:34.126 32730 32730 E AndroidRuntime:        at android.os.Looper.loop(Looper.java:224)
07-03 20:20:34.126 32730 32730 E AndroidRuntime:        at android.app.ActivityThread.main(ActivityThread.java:7592)
07-03 20:20:34.126 32730 32730 E AndroidRuntime:        at java.lang.reflect.Method.invoke(Native Method)
07-03 20:20:34.126 32730 32730 E AndroidRuntime:        at com.android.internal.os.RuntimeInit$MethodAndArgsCaller.run(RuntimeInit.java:539)
07-03 20:20:34.126 32730 32730 E AndroidRuntime:        at com.android.internal.os.ZygoteInit.main(ZygoteInit.java:950)
07-03 20:20:34.126 32730 32730 E AndroidRuntime: Caused by: android.content.ActivityNotFoundException: Unable to find explicit activity class {com.BHG.gurbani/com.yalantis.ucrop.UCropActivity}; have you declared this activity in your AndroidManifest.xml?
07-03 20:20:34.126 32730 32730 E AndroidRuntime:        at android.app.Instrumentation.checkStartActivityResult(Instrumentation.java:2064)
07-03 20:20:34.126 32730 32730 E AndroidRuntime:        at android.app.Instrumentation.execStartActivity(Instrumentation.java:1720)
07-03 20:20:34.126 32730 32730 E AndroidRuntime:        at android.app.Activity.startActivityForResult(Activity.java:5258)
07-03 20:20:34.126 32730 32730 E AndroidRuntime:        at androidx.activity.ComponentActivity.startActivityForResult(ComponentActivity.java:780)
07-03 20:20:34.126 32730 32730 E AndroidRuntime:        at android.app.Activity.startActivityForResult(Activity.java:5216)
07-03 20:20:34.126 32730 32730 E AndroidRuntime:        at androidx.activity.ComponentActivity.startActivityForResult(ComponentActivity.java:761)
07-03 20:20:34.126 32730 32730 E AndroidRuntime:        at com.yalantis.ucrop.UCrop.start(UCrop.java:138)
07-03 20:20:34.126 32730 32730 E AndroidRuntime:        at com.yalantis.ucrop.UCrop.start(UCrop.java:128)
07-03 20:20:34.126 32730 32730 E AndroidRuntime:        at com.BHG.gurbani.UploadActivity.onActivityResult(UploadActivity.kt:69)
07-03 20:20:34.126 32730 32730 E AndroidRuntime:        at android.app.Activity.dispatchActivityResult(Activity.java:8249)
07-03 20:20:34.126 32730 32730 E AndroidRuntime:        at android.app.ActivityThread.deliverResults(ActivityThread.java:4953)
07-03 20:20:34.126 32730 32730 E AndroidRuntime:        ... 11 more
07-03 20:20:34.141  1958  4008 W ActivityTaskManager:   Force finishing activity com.BHG.gurbani/.UploadActivity
07-03 20:20:34.141  1958   989 I DropBoxManagerService: add tag=data_app_crash isTagEnabled=true flags=0x2
07-03 20:20:34.156  1958  2010 W BroadcastQueue: Background execution not allowed: receiving Intent { act=android.intent.action.DROPBOX_ENTRY_ADDED flg=0x10 (has extras) } to com.google.android.gms/.stats.service.DropBoxEntryAddedReceiver
07-03 20:20:34.227  1958  1981 I WindowManager: WIN DEATH: Window{3e521e3 u0 com.BHG.gurbani/com.BHG.gurbani.MainActivity}
07-03 20:20:34.229  1958  2066 I ActivityManager: Process com.BHG.gurbani (pid 32730) has died: fore TOP
07-03 20:20:34.232  1958  5270 I WindowManager: WIN DEATH: Window{1137341 u0 com.BHG.gurbani/com.BHG.gurbani.UploadActivity}
07-03 20:20:34.260  1958  1996 W ActivityManager: setHasOverlayUi called on unknown pid: 32730
07-03 20:20:34.304  1958  2011 I ActivityManager: Start proc 1064:com.BHG.gurbani/u0a776 for activity {com.BHG.gurbani/com.BHG.gurbani.MainActivity} caller=com.BHG.gurbani
07-03 20:20:34.327  1958  1997 I Timeline: Timeline: App_transition_ready time:117556573
07-03 20:20:34.327  1958  1997 I Timeline: Timeline: App_transition_stopped time:117556573
07-03 20:20:34.644  1958  1996 W ActivityTaskManager: Activity top resumed state loss timeout for ActivityRecord{55249d3 u0 com.BHG.gurbani/.UploadActivity t-1 f}
07-03 20:20:34.646  1958  3417 E WindowManager: App trying to use insecure INPUT_FEATURE_NO_INPUT_CHANNEL flag. Ignoring
07-03 20:20:34.710  1958  1997 I Timeline: Timeline: Activity_windows_visible id: ActivityRecord{79a3061 u0 com.BHG.gurbani/.MainActivity t1645} time:117556956
07-03 20:20:34.745  1958  1996 I ActivityManager: Killing 31529:com.miui.analytics/u0a105 (adj 965): empty #17
07-03 20:20:34.776  1958  1981 W ActivityManager: Scheduling restart of crashed service com.miui.analytics/.onetrack.OneTrackService in 1000ms
07-03 20:20:35.805  1958  2011 I ActivityManager: Start proc 1292:com.miui.analytics/u0a105 for service {com.miui.analytics/com.miui.analytics.onetrack.OneTrackService} caller=com.xiaomi.mipicks
07-03 20:20:35.939  1958  4806 I ActivityManager: Killing 31394:com.xiaomi.mipicks/u0a127 (adj 975): empty #17
07-03 20:20:41.837  1958  1979 I ActivityManager: Killing 31790:in.mohalla.sharechat/u0a763 (adj 975): empty #17
07-03 20:20:49.250  1958  4806 W BpBinder: Slow Binder: BpBinder transact took 564ms, interface=android.os.IInstalld, code=9 oneway=false
07-03 20:20:49.251 30719 32618 W BpBinder: Slow Binder: BpBinder transact took 565ms, interface=android.app.usage.IStorageStatsManager, code=7 oneway=false
07-03 20:21:26.241  1958  2011 I ActivityManager: Start proc 1423:com.google.android.youtube/u0a204 for service {com.google.android.youtube/androidx.work.impl.background.systemjob.SystemJobService} caller=android
07-03 20:21:26.930  1958  2011 I ActivityManager: Start proc 1492:com.google.process.gservices/u0a185 for content provider {com.google.android.gsf/com.google.android.gsf.gservices.GservicesProvider} caller=com.google.android.youtube
07-03 20:21:27.051  1958  2348 I ActivityManager: Killing 31944:com.xiaomi.discover/u0a111 (adj 965): empty #17
07-03 20:21:27.052  1958  2348 I ActivityManager: Killing 31244:com.google.android.apps.turbo/u0a184 (adj 975): empty #18
07-03 20:21:27.161  1423  1459 W BpBinder: Slow Binder: BpBinder transact took 260ms, interface=android.app.IActivityManager, code=20 oneway=false
07-03 20:21:27.633  1958  2010 W BroadcastQueue: Permission Denial: broadcasting Intent { act=android.net.conn.CONNECTIVITY_CHANGE flg=0x4200010 (has extras) } from null (pid=-1, uid=-1) requires com.google.android.youtube.DYNAMIC_RECEIVER_NOT_EXPORTED_PERMISSION due to registered receiver BroadcastFilter{e5b49a7 10204/u0 ReceiverList{ec70266 1423 com.google.android.youtube/10204/u0 remote:fe53ac1}}
07-03 20:21:29.652  1958  2011 I ActivityManager: Start proc 1655:com.android.chrome:privileged_process0/u0a193 for service {com.android.chrome/org.chromium.content.app.PrivilegedProcessService0} caller=com.android.chrome
07-03 20:21:29.920  1958  5270 I ActivityManager: Killing 32071:com.miui.securitycenter/1000 (adj 975): empty #17
07-03 20:21:29.962  1958  1996 W ActivityManager: setHasOverlayUi called on unknown pid: 32071
07-03 20:21:30.164   652   652 W Looper  : Slow Looper main: Long Msg: seq=23 plan=20:21:28.848  late=0ms wall=1314ms running=423ms runnable=10ms io=697ms h=android.os.Handler c=W96
07-03 20:21:30.700  1958  2011 W ActivityManager: Slow operation: 533ms so far, now at startProcess: returned from zygote!
07-03 20:21:30.701  1958  2011 W ActivityManager: Slow operation: 534ms so far, now at startProcess: done updating battery stats
07-03 20:21:30.701  1958  2011 W ActivityManager: Slow operation: 534ms so far, now at startProcess: building log message
07-03 20:21:30.701  1958  2011 I ActivityManager: Start proc 1914:com.android.chrome:sandboxed_process0:org.chromium.content.app.SandboxedProcessService0:0/u0ai0 for  {com.android.chrome/org.chromium.content.app.SandboxedProcessService0:0}caller=com.android.chrome
07-03 20:21:30.701  1958  2011 W ActivityManager: Slow operation: 534ms so far, now at startProcess: starting to updatepids map
07-03 20:21:30.701  1958  2011 W ActivityManager: Slow operation: 534ms so far, now at startProcess: done updating pidsmap
07-03 20:21:30.787  1958  3853 I ActivityManager: Killing 32174:com.android.keychain/1000 (adj 975): empty #17
07-03 20:21:31.277   652  1613 W BpBinder: Slow Binder: BpBinder transact took 366ms, interface=com.google.android.gms.languageprofile.internal.ILanguageProfileService, code=3 oneway=false
07-03 20:22:34.015  1958  2017 I PowerManagerService: Going to sleep due to timeout (uid 1000)...
07-03 20:22:34.015  1958  1958 W UsageStatsService: Event reported without a package name, eventType:16
07-03 20:22:34.017  1958  1958 I WindowManager: Started going to sleep... (why=OFF_BECAUSE_OF_TIMEOUT)
07-03 20:22:34.274  1958  2017 I DisplayPowerController: Blocking screen off
07-03 20:22:34.290  1958  2017 I DisplayPowerController: Unblocked screen off after 16 ms
07-03 20:22:34.295  1958  2017 I WindowManager: Screen turned off...
07-03 20:22:34.309  1958  2017 W ActivityManager: Unable to start service Intent { act=miui.action.CAMERA_EMPTY_SERVICEpkg=com.android.camera } U=0: not found
07-03 20:22:34.313  1064  1064 W ActivityThread: SCHED: com.BHG.gurbani/.MainActivity [74, r=56ms, a=19ms, w=119676ms]
07-03 20:22:34.397  1958  1996 I DisplayManagerService: Display device changed state: "Built-in Screen", OFF
07-03 20:22:34.424  1958  2202 W ProcessStats: Tracking association SourceState{d39f6a2 com.BHG.gurbani/10776 Top #510356} whose proc state 1 is better than process ProcessState{bd57a69 com.google.android.gms/10185 pkg=com.google.android.gms} proc state 5 (20 skipped)
07-03 20:22:34.694  1958  2168 W BpBinder: Slow Binder: BpBinder transact took 382ms, interface=android.ui.ISurfaceComposer, code=19 oneway=false
07-03 20:22:34.729  1958  2017 W DreamManagerService: Dream ComponentInfo{com.android.systemui/com.android.systemui.doze.DozeService} does not exist
07-03 20:22:34.729  1958  2017 I PowerManagerService: Sleeping (uid 1000)...
07-03 20:22:34.737  1958  1958 I WindowManager: Finished going to sleep... (why=OFF_BECAUSE_OF_TIMEOUT)
07-03 20:22:34.741  2181  3389 W KeyguardViewMediator: doKeyguard: showing the lock screen
07-03 20:22:34.852  1958  1996 W UsageStatsService: Event reported without a package name, eventType:17
07-03 20:22:34.853  1958  1996 I WindowManager: updateContrastOverlay, darkmode: true isContrastEnabled: true alpha: 0.0
07-03 20:22:35.155  2181  2181 W Looper  : Slow Looper main: doFrame is 357ms late because of 4 msg, msg 1 took 354ms (seq=876636 running=77ms runnable=18ms io=116ms late=29ms h=com.android.systemui.keyguard.KeyguardViewMediator$6 w=1)
07-03 20:22:35.502  1958  2011 I ActivityManager: Start proc 2045:com.miui.msa.global:ui/u0a123 for service {com.miui.msa.global/com.xiaomi.ad.internal.splash.uiprocess.SplashUIService} caller=com.miui.msa.global
07-03 20:22:35.659  1958  2014 E BatteryExternalStatsWorker: no controller energy info supplied for bluetooth
07-03 20:22:35.756  1958  5269 I ActivityManager: Killing 32195:com.miui.global.packageinstaller/u0a162 (adj 975): empty #17
07-03 20:22:35.857 25666 25951 W BpBinder: Slow Binder: BpBinder transact took 216ms, interface=com.android.internal.app.IBatteryStats, code=16 oneway=false
07-03 20:22:35.886  1958  2066 I ActivityManager: Killing 32711:com.google.android.webview:sandboxed_process0:org.chromium.content.app.SandboxedProcessService0:0/u0a162i283 (adj 0): isolated not needed
07-03 20:22:35.918  2181 23490 W BpBinder: Slow Binder: BpBinder transact took 327ms, interface=android.content.IContentProvider, code=21 oneway=false
