07-03 20:23:05.218  1958  2010 W BroadcastQueue: Background execution not allowed: receiving Intent { act=android.intent.action.PACKAGE_REPLACED dat=package:com.BHG.gurbani flg=0x4000010 (has extras) } to com.miui.audioeffect/com.android.musicfx.Compatibility$Receiver
07-03 20:23:05.218  1958  2010 W BroadcastQueue: Background execution not allowed: receiving Intent { act=android.intent.action.PACKAGE_REPLACED dat=package:com.BHG.gurbani flg=0x4000010 (has extras) } to com.miui.notes/com.miui.floatwindow.BootBroadcastReceiver
07-03 20:23:05.218  1958  2010 W BroadcastQueue: Background execution not allowed: receiving Intent { act=android.intent.action.PACKAGE_REPLACED dat=package:com.BHG.gurbani flg=0x4000010 (has extras) } to com.google.android.apps.photos/.account.full.FetchAccountPropertiesAppUpgradeBroadcastReceiver
07-03 20:23:05.218  1958  2010 W BroadcastQueue: Background execution not allowed: receiving Intent { act=android.intent.action.PACKAGE_REPLACED dat=package:com.BHG.gurbani flg=0x4000010 (has extras) } to com.google.android.apps.photos/.account.full.SyncAccountsForLoginBroadcastReceiver
07-03 20:23:05.218  1958  2010 W BroadcastQueue: Background execution not allowed: receiving Intent { act=android.intent.action.PACKAGE_REPLACED dat=package:com.BHG.gurbani flg=0x4000010 (has extras) } to com.google.android.apps.photos/.notificationchannels.AppUpdateBroadcastReceiver
07-03 20:23:05.219  1958  2010 W BroadcastQueue: Background execution not allowed: receiving Intent { act=android.intent.action.PACKAGE_REPLACED dat=package:com.BHG.gurbani flg=0x4000010 (has extras) } to com.jio.myjio/com.inn.passivesdk.receiver.PackageReceiver
07-03 20:23:05.670  1958  1958 W Looper  : Drained
07-03 20:23:05.797  2372  2520 W BpBinder: Slow Binder: BpBinder transact took 1061ms, interface=android.content.IContentProvider, code=1 oneway=false
07-03 20:23:05.850  1958  2090 W BaseMiuiPhoneWindowManager: keyCode:23 down:true eventTime:117708084 downTime:117708084 policyFlags:2000000 flags:8 deviceId:0 isScreenOn:false keyguardActive:true repeatCount:0
07-03 20:23:05.851  1958  2090 I PowerManagerService: Waking up from Asleep (uid=1000, reason=WAKE_REASON_UNKNOWN, details=miui.policy:FINGERPRINT_DPAD_CENTER)...
07-03 20:23:05.851  1958  1958 W UsageStatsService: Event reported without a package name, eventType:15
07-03 20:23:05.853  1958  2017 I DisplayPowerController: Blocking screen on until initial contents have been drawn.
07-03 20:23:05.853  1958  2017 I WindowManager: Screen turning on...
07-03 20:23:05.855  1958  1958 I WindowManager: Started waking up... (why=ON_BECAUSE_OF_UNKNOWN)
07-03 20:23:05.943  2181 22876 W KeyguardViewMediator: notifyScreenOn
07-03 20:23:05.943  2181  2181 W KeyguardViewMediator: handleNotifyScreenTurningOn
07-03 20:23:05.943  2181  2181 W KeyguardViewMediator: notifyDrawn
07-03 20:23:05.944  1958  5269 I WindowManager: mKeyguardDelegate.ShowListener.onDrawn.
07-03 20:23:05.958  1958  1996 I DisplayManagerService: Display device changed state: "Built-in Screen", ON
07-03 20:23:05.987  2181  2181 I miui_face: start face unlock
07-03 20:23:05.987  2181  2924 I miui_face: start verify time=0
07-03 20:23:05.996  6305  1944 W FileUtils: Slow Operation: fsync took 143ms
07-03 20:23:06.014  1958  1958 W Looper  : Slow dispatch took 159ms main h=com.android.server.power.Notifier$NotifierHandler c=com.android.server.power.Notifier$2@1c94195 m=0
07-03 20:23:06.034  1958  2014 E BatteryExternalStatsWorker: no controller energy info supplied for bluetooth
07-03 20:23:06.039  1958  1994 W Looper  : Slow dispatch took 183ms android.ui h=com.android.server.policy.MiuiScreenOnProximityLock$2 c=null m=1
07-03 20:23:06.039  1958  1994 W WindowManager: Setting mKeyguardDrawComplete
07-03 20:23:06.039  1958  1994 I WindowManager: All windows ready for display!
07-03 20:23:06.078  1958  1994 W WindowManager: Setting mWindowManagerDrawComplete
07-03 20:23:06.080  1958  1994 I WindowManager: Finished screen turning on...
07-03 20:23:06.081  1958  2017 I DisplayPowerController: Unblocked screen on after 228 ms
07-03 20:23:06.117  1958  2017 W PowerManagerService: Screen on took 266 ms
07-03 20:23:06.119  1958  1958 I WindowManager: Finished waking up... (why=ON_BECAUSE_OF_UNKNOWN)
07-03 20:23:06.298  1958  2090 W BaseMiuiPhoneWindowManager: keyCode:23 down:false eventTime:117708543 downTime:117708084 policyFlags:22000000 flags:8 deviceId:0 isScreenOn:true keyguardActive:true repeatCount:0
07-03 20:23:06.511  1958  2014 E BatteryExternalStatsWorker: no controller energy info supplied for bluetooth
07-03 20:23:06.818   788   902 W EventThreadInspector: slow VSync-app on display(19260784713820289), count=2, avg=35 ms, max=38 ms.
07-03 20:23:06.856  2181  2181 W InputEventReceiver: App Input: Dispatching InputEvent took 106ms in main thread! (MotionEvent: event_seq=162856, seq=528944, action=ACTION_DOWN)
07-03 20:23:06.895  3855 20608 W MiuiPerfServiceClient: interceptAndQueuing:2181|com.android.systemui|582|64|unknown|null|StatusBar|117708833553064|Slow issue draw commands|29
07-03 20:23:07.245  4027  4215 W BpBinder: Slow Binder: BpBinder transact took 793ms, interface=android.hardware.camera2.ICameraDeviceUser, code=6 oneway=false
07-03 20:23:07.267  2181  2181 E miui_face: start face unlock fail ,faceDetectTypeForCamera=1
07-03 20:23:07.480  1958  2360 E NotificationService: Suppressing notification from package by user request.
07-03 20:23:07.650  2181  2924 I miui_face:  authenCallback, onAuthenticationHelp helpCode:5 helpString:
07-03 20:23:07.676  2181  2924 I miui_face:  authenCallback, onAuthenticationHelp helpCode:5 helpString:
07-03 20:23:07.785  1958  2014 E BatteryExternalStatsWorker: no controller energy info supplied for bluetooth
07-03 20:23:07.794  1958  2011 I ActivityManager: Start proc 2946:com.google.android.webview:sandboxed_process0:org.chromium.content.app.SandboxedProcessService0:0/u0i284 for  {com.miui.global.packageinstaller/org.chromium.content.app.SandboxedProcessService0:0} caller=com.miui.global.packageinstaller
07-03 20:23:07.945  2181  2924 I miui_face:  authenCallback, onAuthenticationSucceeded time=1957
07-03 20:23:07.970  1958  5269 W FingerprintService: Ignoring lockout reset, no templates enrolled
07-03 20:23:07.973  2181  2181 W miui_keyguard: unlock keyguard by face
07-03 20:23:08.138  1958  5269 I Timeline: Timeline: App_transition_ready time:117710383
07-03 20:23:08.138  2181  3626 I KeyguardViewMediator: call fw keyguardGoingAway: flags = 8
07-03 20:23:08.143  1958  1997 I Timeline: Timeline: App_transition_ready time:117710388
07-03 20:23:08.147  1958  5269 I Timeline: Timeline: App_transition_ready time:117710392
07-03 20:23:08.155  1958  1997 I Timeline: Timeline: App_transition_ready time:117710401
07-03 20:23:08.162  1958  1997 I Timeline: Timeline: App_transition_ready time:117710408
07-03 20:23:08.168  1958  1997 I Timeline: Timeline: App_transition_ready time:117710414
07-03 20:23:08.247  1958  1981 I Timeline: Timeline: App_transition_ready time:117710493
07-03 20:23:08.254  1958  1997 I Timeline: Timeline: App_transition_ready time:117710500
07-03 20:23:08.388  1958  1997 I Timeline: Timeline: App_transition_ready time:117710634
07-03 20:23:08.391  2181  2181 I KeyguardViewMediator: handleStartKeyguardExitAnimation startTime=117710634 fadeoutDuration=150
07-03 20:23:08.407  1958  1996 W UsageStatsService: Event reported without a package name, eventType:18
07-03 20:23:08.408  1958  1996 I WindowManager: updateContrastOverlay, darkmode: true isContrastEnabled: true alpha: 0.0
07-03 20:23:08.437  2181  2181 I miui_face: face unlock success time=2450
07-03 20:23:08.443  1958  2010 W BroadcastQueue: Background execution not allowed: receiving Intent { act=android.intent.action.USER_PRESENT flg=0x24200010 } to com.jio.myjio/com.jio.clickstream.tbn.PowerConnectionReceiver
07-03 20:23:08.443  1958  2010 W BroadcastQueue: Background execution not allowed: receiving Intent { act=android.intent.action.USER_PRESENT flg=0x24200010 } to com.android.chrome/org.chromium.chrome.browser.sharing.click_to_call.ClickToCallMessageHandler$PhoneUnlockedReceiver
07-03 20:23:08.443  1958  2010 W BroadcastQueue: Background execution not allowed: receiving Intent { act=android.intent.action.USER_PRESENT flg=0x24200010 } to com.google.android.gms/.auth.setup.devicesignals.LockScreenReceiver
07-03 20:23:08.444  1958  2010 W BroadcastQueue: Background execution not allowed: receiving Intent { act=android.intent.action.USER_PRESENT flg=0x24200010 } to com.google.android.gms/.chimera.GmsIntentOperationService$PersistentTrustedReceiver
07-03 20:23:08.444  1958  2010 W BroadcastQueue: Background execution not allowed: receiving Intent { act=android.intent.action.USER_PRESENT flg=0x24200010 } to info.kfsoft.force.rotation/.RestartReceiver
07-03 20:23:08.553  1958  1997 I Timeline: Timeline: Activity_windows_visible id: ActivityRecord{ddb1799 u0 com.miui.home/.launcher.Launcher t1} time:117710799
07-03 20:23:08.555  1958  1997 I Timeline: Timeline: App_transition_stopped time:117710800
07-03 20:23:08.688  1958  3417 E NotificationService: Suppressing notification from package by user request.
07-03 20:23:08.783  2181  2181 W Looper  : Slow Looper main: doFrame is 315ms late because of 21 msg, msg 3 took 230ms (seq=877204 io=219ms late=71ms h=com.android.systemui.statusbar.CommandQueue$H w=6553600)
07-03 20:23:08.843  2372  2372 W Looper  : Slow Looper main: Long Msg: seq=19 plan=20:23:06.348  late=0ms wall=2494ms running=252ms runnable=208ms io=1770ms h=com.google.android.gms.ads.internal.util.f c=com.google.android.gms.ads.internal.js.r
07-03 20:23:08.943  1958  2014 E BatteryExternalStatsWorker: no controller energy info supplied for bluetooth
07-03 20:23:09.279 25324 25324 I Timeline: Timeline: Activity_launch_request time:117711525
07-03 20:23:09.280  1958  2360 I ActivityTaskManager: START u0 {act=android.intent.action.MAIN cat=[android.intent.category.LAUNCHER] flg=0x10200000 cmp=com.BHG.gurbani/.SplashActivity bnds=[580,758][756,934] (has extras)} from uid 10094
07-03 20:23:09.315 25324 25324 W ActivityThread: SCHED: com.miui.home/.launcher.Launcher [85, r=42ms, a=7ms, w=1144ms]
07-03 20:23:09.371  1958  2011 I ActivityManager: Start proc 3065:com.BHG.gurbani/u0a776 for activity {com.BHG.gurbani/com.BHG.gurbani.SplashActivity} caller=com.miui.home
07-03 20:23:09.414  1958  1997 I Timeline: Timeline: App_transition_ready time:117711660
07-03 20:23:09.623  1958  1997 I Timeline: Timeline: App_transition_stopped time:117711868
07-03 20:23:09.879  3855 20608 W MiuiPerfServiceClient: interceptAndQueuing:2181|com.android.systemui|409|320|unknown|null|StatusBar|117711057397387|Slow main thread|3
07-03 20:23:10.175  1958  2360 E WindowManager: App trying to use insecure INPUT_FEATURE_NO_INPUT_CHANNEL flag. Ignoring
07-03 20:23:10.181  3065  3065 W Looper  : Slow Looper main: Activity com.BHG.gurbani/.SplashActivity is 459ms late (wall=312ms running=94ms ClientTransaction{ callbacks=[android.app.servertransaction.LaunchActivityItem] lifecycleRequest=android.app.servertransaction.ResumeActivityItem }) because of 2 msg, msg 2 took 457ms (seq=2 running=69ms runnable=16ms io=335ms late=9ms h=android.app.ActivityThread$H w=110)
07-03 20:23:10.181  3065  3065 W Looper  : Slow Looper main: Activity com.BHG.gurbani/.SplashActivity is 770ms late (wall=0ms running=0ms ClientTransaction{ callbacks=[android.app.servertransaction.TopResumedActivityChangeItem] }) because of 3 msg, msg 2 took 457ms (seq=2 running=69ms runnable=16ms io=335ms late=9ms h=android.app.ActivityThread$H w=110), msg 3 took 312ms (seq=3 running=94ms runnable=18ms io=176ms late=459ms h=android.app.ActivityThread$H w=159)
07-03 20:23:10.405  3065  3065 W Looper  : Slow Looper main: doFrame is 379ms late because of 4 msg, msg 1 took 457ms (seq=2 running=69ms runnable=16ms io=335ms late=9ms h=android.app.ActivityThread$H w=110), msg 2 took 312ms (seq=3 running=94ms runnable=18ms io=176ms late=459ms h=android.app.ActivityThread$H w=159)
07-03 20:23:10.410  1958  1997 I Timeline: Timeline: Activity_windows_visible id: ActivityRecord{824c1a7 u0 com.BHG.gurbani/.SplashActivity t1647} time:117712656
07-03 20:23:11.309  3855 20608 W MiuiPerfServiceClient: interceptAndQueuing:2181|com.android.systemui|585|87|unknown|null|StatusBar|117712784089625|Slow handle input|30
07-03 20:23:11.341  1958  2090 W BaseMiuiPhoneWindowManager: keyCode:23 down:true eventTime:117713586 downTime:117713586 policyFlags:22000000 flags:8 deviceId:0 isScreenOn:true keyguardActive:false repeatCount:0
07-03 20:23:13.161  3065  3065 I Timeline: Timeline: Activity_launch_request time:117715407
07-03 20:23:13.162  1958  1981 I ActivityTaskManager: START u0 {cmp=com.BHG.gurbani/.AuthActivity} from uid 10776
07-03 20:23:13.170   788   903 W EventThreadInspector: slow VSync-sf on display(19260784713820289), count=1, avg=30 ms,max=30 ms.
07-03 20:23:13.179  3065  3065 W ActivityThread: SCHED: com.BHG.gurbani/.SplashActivity [70, r=22ms, a=9ms, w=3016ms]
07-03 20:23:13.183  1958  2360 I ActivityTaskManager: The Process com.BHG.gurbani Already Exists in BG. So sending its PID: 3065
07-03 20:23:13.189  1958  2360 I Timeline: Timeline: App_transition_ready time:117715434
07-03 20:23:13.334  3065  3065 I Timeline: Timeline: Activity_launch_request time:117715580
07-03 20:23:13.335  1958  2360 I ActivityTaskManager: START u0 {cmp=com.BHG.gurbani/.MainActivity} from uid 10776
07-03 20:23:13.345  1958  2360 I ActivityTaskManager: The Process com.BHG.gurbani Already Exists in BG. So sending its PID: 3065
07-03 20:23:13.349  1958  2360 I Timeline: Timeline: App_transition_ready time:117715595
07-03 20:23:13.350  1958  1997 I Timeline: Timeline: App_transition_ready time:117715596
07-03 20:23:13.491  1958  1981 E WindowManager: App trying to use insecure INPUT_FEATURE_NO_INPUT_CHANNEL flag. Ignoring
07-03 20:23:13.533  1958  3853 I Timeline: Timeline: App_transition_ready time:117715779
07-03 20:23:13.535  1958  3853 I Timeline: Timeline: App_transition_ready time:117715780
07-03 20:23:13.579  1958  1997 I Timeline: Timeline: App_transition_ready time:117715825
07-03 20:23:13.587   788   902 W EventThreadInspector: slow VSync-app on display(19260784713820289), count=1, avg=32 ms, max=32 ms.
07-03 20:23:13.822  1958  1997 I Timeline: Timeline: Activity_windows_visible id: ActivityRecord{af82b47 u0 com.BHG.gurbani/.MainActivity t1647} time:117716068
07-03 20:23:13.824  1958  1997 I Timeline: Timeline: App_transition_stopped time:117716070
07-03 20:23:15.241  3065  3065 I Timeline: Timeline: Activity_launch_request time:117717487
07-03 20:23:15.242  1958  5270 I ActivityTaskManager: START u0 {cmp=com.BHG.gurbani/.UploadActivity} from uid 10776
07-03 20:23:15.251  3065  3065 W ActivityThread: SCHED: com.BHG.gurbani/.MainActivity [78, r=140ms, a=38ms, w=1775ms]
07-03 20:23:15.253  1958  3853 I ActivityTaskManager: The Process com.BHG.gurbani Already Exists in BG. So sending its PID: 3065
07-03 20:23:15.257  1958  3853 I Timeline: Timeline: App_transition_ready time:117717503
07-03 20:23:15.304  1958  4526 E WindowManager: App trying to use insecure INPUT_FEATURE_NO_INPUT_CHANNEL flag. Ignoring
07-03 20:23:15.318  1958  4526 I Timeline: Timeline: App_transition_ready time:117717564
07-03 20:23:15.319  1958  4526 I Timeline: Timeline: App_transition_ready time:117717565
07-03 20:23:15.368  1958  1997 I Timeline: Timeline: App_transition_ready time:117717614
07-03 20:23:15.606  1958  1997 I Timeline: Timeline: Activity_windows_visible id: ActivityRecord{42b0eb8 u0 com.BHG.gurbani/.UploadActivity t1647} time:117717851
07-03 20:23:15.609  1958  1997 I Timeline: Timeline: App_transition_stopped time:117717855
--------- beginning of main
07-03 20:23:16.357  6305  6305 D BoundBrokerSvc: onBind: Intent { act=com.google.android.gms.chromesync.service.zeroparty.START dat=chimera-action: cmp=com.google.android.gms/.chimera.GmsApiService }
07-03 20:23:16.357  6305  6305 D BoundBrokerSvc: Loading bound service for intent: Intent { act=com.google.android.gms.chromesync.service.zeroparty.START dat=chimera-action: cmp=com.google.android.gms/.chimera.GmsApiService }
07-03 20:23:16.371  6305  6305 D BoundBrokerSvc: onBind: Intent { act=com.google.android.gms.auth.api.phone.service.SmsRetrieverApiService.START dat=chimera-action: cmp=com.google.android.gms/.chimera.GmsApiService }
07-03 20:23:16.371  6305  6305 D BoundBrokerSvc: Loading bound service for intent: Intent { act=com.google.android.gms.auth.api.phone.service.SmsRetrieverApiService.START dat=chimera-action: cmp=com.google.android.gms/.chimera.GmsApiService }
07-03 20:23:16.373  1069  1335 D fpc_tac : fpc_irq_wait: poll status: 1, revents [0]: 10, [1]: 0
07-03 20:23:16.392  6842  6842 D BoundBrokerSvc: onRebind: Intent { act=com.google.android.gms.auth.aang.events.services.START dat=chimera-action: cmp=com.google.android.gms/.chimera.PersistentApiService }
07-03 20:23:16.408  1069  1335 D fpc_tac : fpc_irq_wait: poll status: 1, revents [0]: 10, [1]: 0
07-03 20:23:16.439  1069  1335 D fpc_tac : fpc_irq_wait: poll status: 1, revents [0]: 10, [1]: 0
07-03 20:23:16.458  6842 28210 W akan    : Failed to retrieve prediction data. [CONTEXT service_id=177 ]
07-03 20:23:16.458  6842 28210 W akan    : java.util.concurrent.ExecutionException: efnk: No data was found for the table autofill-domain-predictions-prod-spanner.
07-03 20:23:16.458  6842 28210 W akan    :      at fecx.j(:com.google.android.gms@252431013@25.24.31 (100400-772615181):44)
07-03 20:23:16.458  6842 28210 W akan    :      at fedg.v(:com.google.android.gms@252431013@25.24.31 (100400-772615181):107)
07-03 20:23:16.458  6842 28210 W akan    :      at fecx.get(:com.google.android.gms@252431013@25.24.31 (100400-772615181):2)
07-03 20:23:16.458  6842 28210 W akan    :      at akan.e(:com.google.android.gms@252431013@25.24.31 (100400-772615181):85)
07-03 20:23:16.458  6842 28210 W akan    :      at akan.a(:com.google.android.gms@252431013@25.24.31 (100400-772615181):124)
07-03 20:23:16.458  6842 28210 W akan    :      at ajxx.call(:com.google.android.gms@252431013@25.24.31 (100400-772615181):5)
07-03 20:23:16.458  6842 28210 W akan    :      at java.util.concurrent.FutureTask.run(FutureTask.java:266)
07-03 20:23:16.458  6842 28210 W akan    :      at ayhu.c(:com.google.android.gms@252431013@25.24.31 (100400-772615181):50)
07-03 20:23:16.458  6842 28210 W akan    :      at ayhu.run(:com.google.android.gms@252431013@25.24.31 (100400-772615181):70)
07-03 20:23:16.458  6842 28210 W akan    :      at java.util.concurrent.ThreadPoolExecutor.runWorker(ThreadPoolExecutor.java:1167)
07-03 20:23:16.458  6842 28210 W akan    :      at java.util.concurrent.ThreadPoolExecutor$Worker.run(ThreadPoolExecutor.java:641)
07-03 20:23:16.458  6842 28210 W akan    :      at aynj.run(:com.google.android.gms@252431013@25.24.31 (100400-772615181):8)
07-03 20:23:16.458  6842 28210 W akan    :      at java.lang.Thread.run(Thread.java:919)
07-03 20:23:16.458  6842 28210 W akan    : Caused by: efnk: No data was found for the table autofill-domain-predictions-prod-spanner.
07-03 20:23:16.458  6842 28210 W akan    :      at efoa.a(:com.google.android.gms@252431013@25.24.31 (100400-772615181):207)
07-03 20:23:16.458  6842 28210 W akan    :      at fedi.d(:com.google.android.gms@252431013@25.24.31 (100400-772615181):3)
07-03 20:23:16.458  6842 28210 W akan    :      at fedk.run(:com.google.android.gms@252431013@25.24.31 (100400-772615181):38)
07-03 20:23:16.458  6842 28210 W akan    :      at feew.execute(:com.google.android.gms@252431013@25.24.31 (100400-772615181):1)
07-03 20:23:16.458  6842 28210 W akan    :      at fecx.f(:com.google.android.gms@252431013@25.24.31 (100400-772615181):1)
07-03 20:23:16.458  6842 28210 W akan    :      at fecx.m(:com.google.android.gms@252431013@25.24.31 (100400-772615181):99)
07-03 20:23:16.458  6842 28210 W akan    :      at fecx.q(:com.google.android.gms@252431013@25.24.31 (100400-772615181):13)
07-03 20:23:16.458  6842 28210 W akan    :      at fedj.e(:com.google.android.gms@252431013@25.24.31 (100400-772615181):1)
07-03 20:23:16.458  6842 28210 W akan    :      at fedk.run(:com.google.android.gms@252431013@25.24.31 (100400-772615181):44)
07-03 20:23:16.458  6842 28210 W akan    :      at feew.execute(:com.google.android.gms@252431013@25.24.31 (100400-772615181):1)
07-03 20:23:16.458  6842 28210 W akan    :      at fecx.f(:com.google.android.gms@252431013@25.24.31 (100400-772615181):1)
07-03 20:23:16.458  6842 28210 W akan    :      at fecx.m(:com.google.android.gms@252431013@25.24.31 (100400-772615181):99)
07-03 20:23:16.458  6842 28210 W akan    :      at fecx.t(:com.google.android.gms@252431013@25.24.31 (100400-772615181):26)
07-03 20:23:16.458  6842 28210 W akan    :      at fedi.e(:com.google.android.gms@252431013@25.24.31 (100400-772615181):3)
07-03 20:23:16.458  6842 28210 W akan    :      at fedk.run(:com.google.android.gms@252431013@25.24.31 (100400-772615181):44)
07-03 20:23:16.458  6842 28210 W akan    :      at feew.execute(:com.google.android.gms@252431013@25.24.31 (100400-772615181):1)
07-03 20:23:16.458  6842 28210 W akan    :      at fecx.f(:com.google.android.gms@252431013@25.24.31 (100400-772615181):1)
07-03 20:23:16.458  6842 28210 W akan    :      at fecx.m(:com.google.android.gms@252431013@25.24.31 (100400-772615181):99)
07-03 20:23:16.458  6842 28210 W akan    :      at fecx.t(:com.google.android.gms@252431013@25.24.31 (100400-772615181):26)
07-03 20:23:16.458  6842 28210 W akan    :      at fedi.e(:com.google.android.gms@252431013@25.24.31 (100400-772615181):3)
07-03 20:23:16.458  6842 28210 W akan    :      at fedk.run(:com.google.android.gms@252431013@25.24.31 (100400-772615181):44)
07-03 20:23:16.458  6842 28210 W akan    :      at feew.execute(:com.google.android.gms@252431013@25.24.31 (100400-772615181):1)
07-03 20:23:16.458  6842 28210 W akan    :      at fecx.f(:com.google.android.gms@252431013@25.24.31 (100400-772615181):1)
07-03 20:23:16.458  6842 28210 W akan    :      at fecx.m(:com.google.android.gms@252431013@25.24.31 (100400-772615181):99)
07-03 20:23:16.458  6842 28210 W akan    :      at fecx.q(:com.google.android.gms@252431013@25.24.31 (100400-772615181):13)
07-03 20:23:16.458  6842 28210 W akan    :      at feco.run(:com.google.android.gms@252431013@25.24.31 (100400-772615181):120)
07-03 20:23:16.458  6842 28210 W akan    :      at feew.execute(:com.google.android.gms@252431013@25.24.31 (100400-772615181):1)
07-03 20:23:16.458  6842 28210 W akan    :      at fecx.f(:com.google.android.gms@252431013@25.24.31 (100400-772615181):1)
07-03 20:23:16.458  6842 28210 W akan    :      at fecx.m(:com.google.android.gms@252431013@25.24.31 (100400-772615181):99)
07-03 20:23:16.458  6842 28210 W akan    :      at fecx.q(:com.google.android.gms@252431013@25.24.31 (100400-772615181):13)
07-03 20:23:16.458  6842 28210 W akan    :      at fedj.e(:com.google.android.gms@252431013@25.24.31 (100400-772615181):1)
07-03 20:23:16.458  6842 28210 W akan    :      at fedk.run(:com.google.android.gms@252431013@25.24.31 (100400-772615181):44)
07-03 20:23:16.458  6842 28210 W akan    :      at feew.execute(:com.google.android.gms@252431013@25.24.31 (100400-772615181):1)
07-03 20:23:16.458  6842 28210 W akan    :      at fecx.f(:com.google.android.gms@252431013@25.24.31 (100400-772615181):1)
07-03 20:23:16.458  6842 28210 W akan    :      at fecx.m(:com.google.android.gms@252431013@25.24.31 (100400-772615181):99)
07-03 20:23:16.458  6842 28210 W akan    :      at fecq.run(:com.google.android.gms@252431013@25.24.31 (100400-772615181):25)
07-03 20:23:16.458  6842 28210 W akan    :      at feew.execute(:com.google.android.gms@252431013@25.24.31 (100400-772615181):1)
07-03 20:23:16.458  6842 28210 W akan    :      at fefa.c(:com.google.android.gms@252431013@25.24.31 (100400-772615181):1)
07-03 20:23:16.458  6842 28210 W akan    :      at fefa.b(:com.google.android.gms@252431013@25.24.31 (100400-772615181):32)
07-03 20:23:16.458  6842 28210 W akan    :      at fegl.done(:com.google.android.gms@252431013@25.24.31 (100400-772615181):3)
07-03 20:23:16.458  6842 28210 W akan    :      at java.util.concurrent.FutureTask.finishCompletion(FutureTask.java:383)
07-03 20:23:16.458  6842 28210 W akan    :      at java.util.concurrent.FutureTask.set(FutureTask.java:234)
07-03 20:23:16.458  6842 28210 W akan    :      at java.util.concurrent.FutureTask.run(FutureTask.java:274)
07-03 20:23:16.458  6842 28210 W akan    :      at fegz.run(:com.google.android.gms@252431013@25.24.31 (100400-772615181):68)
07-03 20:23:16.458  6842 28210 W akan    :      ... 6 more
07-03 20:23:16.460  6842  6897 W BinderCallGmsPrvdr: Found invalid Chimera context. Getting Best guess RequestContext from trace. [CONTEXT service_id=357 ]
07-03 20:23:16.470  1069  1335 D fpc_tac : fpc_irq_wait: poll status: 1, revents [0]: 10, [1]: 0
07-03 20:23:16.499  6305 29655 I SyncManager: (REDACTED) Executing sync(type=%s%s)
07-03 20:23:16.503  1069  1335 D fpc_tac : fpc_irq_wait: poll status: 1, revents [0]: 10, [1]: 0
07-03 20:23:16.510 28084 31174 I chatty  : uid=10198(com.google.android.inputmethod.latin) RenderThread expire 3 lines
07-03 20:23:16.537  1069  1335 D fpc_tac : fpc_irq_wait: poll status: 1, revents [0]: 10, [1]: 0
07-03 20:23:16.571  6305 29655 I SyncManager: (REDACTED) Executing sync(type=%s) finished in %s
07-03 20:23:16.575  1069  1335 D fpc_tac : fpc_irq_wait: poll status: 1, revents [0]: 10, [1]: 0
07-03 20:23:16.609  1069  1335 D fpc_tac : fpc_irq_wait: poll status: 1, revents [0]: 10, [1]: 0
07-03 20:23:16.642  1069  1335 D fpc_tac : fpc_irq_wait: poll status: 1, revents [0]: 10, [1]: 0
07-03 20:23:16.662 28084 28084 I KeyboardModeUtils: KeyboardModeUtils.getKeyboardBottomOffset():433 inch: 0.000000 ydpi: 409.903015 adjustKeyboardBottomByDisplaySize: false currentDensityDpi: 432 defaultDensityDpi: 432 keyboardBottomToScreenPx: 0 keyboardBottomToNavBarPx: -127 navBarHeight: 127
07-03 20:23:16.662 28084 28084 I KeyboardHeightUtil: KeyboardHeightUtil.calculateMaxKeyboardBodyHeight():50 leave 289 height for app when ime window height:2134, header height:119 and isFullscreenMode:false, so the max keyboard body heightis:1726
07-03 20:23:16.663  1958  3853 I WindowManager: input method visible height changed 786
07-03 20:23:16.662 28084 28084 I KeyboardHeightUtil: KeyboardHeightUtil.calculateMaxKeyboardBodyHeight():50 leave 289 height for app when ime window height:2134, header height:119 and isFullscreenMode:false, so the max keyboard body heightis:1726
07-03 20:23:16.672  1069  1335 D fpc_tac : fpc_irq_wait: poll status: 1, revents [0]: 10, [1]: 0
07-03 20:23:16.688 28084 28084 I GoogleInputMethodService: GoogleInputMethodService$1.onKeyboardViewShown():308 onKeyboardViewShown: keyboardType=prime, keyboardViewType=HEADER keyboardView=com.google.android.libraries.inputmethod.widgets.SoftKeyboardView{a87c2ce V.E...... ........ 0,0-1080,119}
07-03 20:23:16.688 28084 28084 I KeyboardHeightUtil: KeyboardHeightUtil.calculateMaxKeyboardBodyHeight():50 leave 289 height for app when ime window height:2134, header height:119 and isFullscreenMode:false, so the max keyboard body heightis:1726
07-03 20:23:16.696 28084 28084 I GoogleInputMethodService: GoogleInputMethodService$1.onKeyboardViewShown():308 onKeyboardViewShown: keyboardType=prime, keyboardViewType=BODY keyboardView=com.google.android.libraries.inputmethod.widgets.SoftKeyboardView{ebecf6a V.E...... ........ 0,0-1080,667}
07-03 20:23:16.696 28084 28084 I KeyboardHeightUtil: KeyboardHeightUtil.calculateMaxKeyboardBodyHeight():50 leave 289 height for app when ime window height:2134, header height:119 and isFullscreenMode:false, so the max keyboard body heightis:1726
07-03 20:23:16.696 28084 28084 I GlobeKeyExtension: GlobeKeyExtension$1.onKeyboardViewShown():72 maybeDisableLanguageSwitchKeyPref when the keyboard is shown
07-03 20:23:16.697 28084 28084 I NewLanguagePromptExtension: NewLanguagePromptExtension$1.onKeyboardViewShown():98 Not show new language banner: no change in enabled input method entries
07-03 20:23:16.698 28084 28321 I Delight5Decoder: Delight5DecoderWrapper.setKeyboardLayout():528 setKeyboardLayout()
07-03 20:23:16.698 28084 28084 I KeyboardModeUtils: KeyboardModeUtils.getKeyboardBottomOffset():433 inch: 0.000000 ydpi: 409.903015 adjustKeyboardBottomByDisplaySize: false currentDensityDpi: 432 defaultDensityDpi: 432 keyboardBottomToScreenPx: 0 keyboardBottomToNavBarPx: -127 navBarHeight: 127
07-03 20:23:16.699 28084 28084 I KeyboardHeightUtil: KeyboardHeightUtil.calculateMaxKeyboardBodyHeight():50 leave 289 height for app when ime window height:2134, header height:119 and isFullscreenMode:false, so the max keyboard body heightis:1726
07-03 20:23:16.699 28084 28084 I KeyboardHeightUtil: KeyboardHeightUtil.calculateMaxKeyboardBodyHeight():50 leave 289 height for app when ime window height:2134, header height:119 and isFullscreenMode:false, so the max keyboard body heightis:1726
07-03 20:23:16.701 28084 28321 I Delight5Decoder: Delight5DecoderWrapper.setKeyboardLayout():528 setKeyboardLayout()
07-03 20:23:16.705  1069  1335 D fpc_tac : fpc_irq_wait: poll status: 1, revents [0]: 10, [1]: 0
07-03 20:23:16.838  1069  1335 D fpc_tac : fpc_irq_wait: poll status: 1, revents [0]: 10, [1]: 0
07-03 20:23:16.921 28084 27848 I AndroidSpellCheckerService: AndroidSpellCheckerService.createSession():139 com.google.android.keyboard.client.delight5.LanguageIdentifier@a427574 is created
07-03 20:23:16.940 28084 28084 I KeyboardModeUtils: KeyboardModeUtils.getKeyboardBottomOffset():433 inch: 0.000000 ydpi: 409.903015 adjustKeyboardBottomByDisplaySize: false currentDensityDpi: 432 defaultDensityDpi: 432 keyboardBottomToScreenPx: 0 keyboardBottomToNavBarPx: -127 navBarHeight: 127
07-03 20:23:16.941 28084 28084 I KeyboardHeightUtil: KeyboardHeightUtil.calculateMaxKeyboardBodyHeight():50 leave 289 height for app when ime window height:2134, header height:119 and isFullscreenMode:false, so the max keyboard body heightis:1726
07-03 20:23:16.941 28084 28084 I KeyboardHeightUtil: KeyboardHeightUtil.calculateMaxKeyboardBodyHeight():50 leave 289 height for app when ime window height:2134, header height:119 and isFullscreenMode:false, so the max keyboard body heightis:1726
07-03 20:23:17.001  2513  2513 D QtiCarrierConfigHelper: WARNING, no carrier configs on phone Id: 0
07-03 20:23:17.065  1069  1335 D fpc_tac : fpc_irq_wait: poll status: 1, revents [0]: 10, [1]: 0
07-03 20:23:17.101  1069  1335 D fpc_tac : fpc_irq_wait: poll status: 1, revents [0]: 10, [1]: 0
07-03 20:23:17.105 28084 28084 I KeyboardModeUtils: KeyboardModeUtils.getKeyboardBottomOffset():433 inch: 0.000000 ydpi: 409.903015 adjustKeyboardBottomByDisplaySize: false currentDensityDpi: 432 defaultDensityDpi: 432 keyboardBottomToScreenPx: 0 keyboardBottomToNavBarPx: -127 navBarHeight: 127
07-03 20:23:17.106 28084 28084 I KeyboardHeightUtil: KeyboardHeightUtil.calculateMaxKeyboardBodyHeight():50 leave 289 height for app when ime window height:2134, header height:119 and isFullscreenMode:false, so the max keyboard body heightis:1726
07-03 20:23:17.106 28084 28084 I KeyboardHeightUtil: KeyboardHeightUtil.calculateMaxKeyboardBodyHeight():50 leave 289 height for app when ime window height:2134, header height:119 and isFullscreenMode:false, so the max keyboard body heightis:1726
07-03 20:23:17.114  1069  1335 D fpc_fingerprint_hal: report_input_event - Reporting trigger_code=65537, event type: 1,code: 96, value:0
07-03 20:23:17.114  1069  1335 D fpc_fingerprint_hal: nav_loop waiting for finger down
07-03 20:23:17.115  1958  2090 W BaseMiuiPhoneWindowManager: keyCode:23 down:false eventTime:117719360 downTime:117713586 policyFlags:22000000 flags:8 deviceId:0 isScreenOn:true keyguardActive:false repeatCount:0
07-03 20:23:17.293  3065  3065 I Timeline: Timeline: Activity_launch_request time:117719539
07-03 20:23:17.295  1958  3853 I ActivityTaskManager: START u0 {act=android.intent.action.GET_CONTENT typ=image/* cmp=com.google.android.documentsui/com.android.documentsui.picker.PickActivity} from uid 10776
07-03 20:23:17.309  3065  3065 W ActivityThread: SCHED: com.BHG.gurbani/.UploadActivity [77, r=77ms, a=23ms, w=2011ms]
07-03 20:23:17.311  1958  2360 I ActivityTaskManager: The Process com.google.android.documentsui Already Exists in BG. So sending its PID: 926
07-03 20:23:17.313   926   926 W ActivityThread: handleWindowVisibility: no activity for token android.os.BinderProxy@fa868f2
07-03 20:23:17.314 30008 30072 I ProcessMonitor: onForegroundInfoChanged: ForegroundInfo{mForegroundPackageName='com.google.android.documentsui', mForegroundUid=10066, mForegroundPid=926, mLastForegroundPackageName='com.BHG.gurbani', mLastForegroundUid=10776, mLastForegroundPid=3065, mMultiWindowForegroundPackageName='null', mMultiWindowForegroundUid=-1, mFlags=0}
07-03 20:23:17.314 25666  8788 I chatty  : uid=1000(system) Binder:25666_9 expire 10 lines
07-03 20:23:17.314  5413  8053 I chatty  : uid=1000(system) Binder:5413_7 expire 1 line
07-03 20:23:17.314  5428  6806 I GST     : forePkg: com.google.android.documentsui, preForePkg: com.BHG.gurbani
07-03 20:23:17.316  1958  2360 I Timeline: Timeline: App_transition_ready time:117719562
07-03 20:23:17.331 25359 30113 D PMonitor:  onForegroundActivitiesChanged:pid = 926,activity-uid=10066,foregroundActivities=true
07-03 20:23:17.382   926   926 D ForceDarkHelper: updateByCheckExcludeList: pkg: com.google.android.documentsui activity: com.android.documentsui.picker.PickActivity@45212f9
07-03 20:23:17.386   926   926 I chatty  : uid=10066(com.google.android.documentsui) identical 1139 lines
07-03 20:23:17.390  6842 31788 I NetworkScheduler: (REDACTED) Error inserting %s
07-03 20:23:17.410   926   926 D ForceDarkHelper: updateByCheckExcludeList: pkg: com.google.android.documentsui activity: com.android.documentsui.picker.PickActivity@45212f9
07-03 20:23:17.417 25666 26956 I chatty  : uid=1000(system) Binder:25666_5 expire 20 lines
07-03 20:23:17.421   926   926 D ForceDarkHelper: updateByCheckExcludeList: pkg: com.google.android.documentsui activity: com.android.documentsui.picker.PickActivity@45212f9
07-03 20:23:17.423   926   926 D ForceDarkHelper: updateByCheckExcludeList: pkg: com.google.android.documentsui activity: com.android.documentsui.picker.PickActivity@45212f9
07-03 20:23:17.428   926  2345 W LastAccessedStorage: Failed to resume:
07-03 20:23:17.428   926  2345 W LastAccessedStorage: java.io.FileNotFoundException: name
07-03 20:23:17.428   926  2345 W LastAccessedStorage:   at com.android.documentsui.base.DocumentInfo.asFileNotFoundException(DocumentInfo.java:374)
07-03 20:23:17.428   926  2345 W LastAccessedStorage:   at com.android.documentsui.base.DocumentInfo.updateFromUri(DocumentInfo.java:203)
07-03 20:23:17.428   926  2345 W LastAccessedStorage:   at com.android.documentsui.base.DocumentInfo.updateSelf(DocumentInfo.java:188)
07-03 20:23:17.428   926  2345 W LastAccessedStorage:   at com.android.documentsui.base.DocumentStack.updateDocuments(DocumentStack.java:239)
07-03 20:23:17.428   926  2345 W LastAccessedStorage:   at com.android.documentsui.base.DocumentStack.fromLastAccessedCursor(DocumentStack.java:254)
07-03 20:23:17.428   926  2345 W LastAccessedStorage:   at com.android.documentsui.picker.LastAccessedStorage$RuntimeLastAccessedStorage.getLastAccessed(LastAccessedStorage.java:67)
07-03 20:23:17.428   926  2345 W LastAccessedStorage:   at com.android.documentsui.picker.LoadLastAccessedStackTask.run(LoadLastAccessedStackTask.java:60)
07-03 20:23:17.428   926  2345 W LastAccessedStorage:   at com.android.documentsui.picker.LoadLastAccessedStackTask.run(LoadLastAccessedStackTask.java:37)
07-03 20:23:17.428   926  2345 W LastAccessedStorage:   at com.android.documentsui.base.CheckedTask.doInBackground(CheckedTask.java:65)
07-03 20:23:17.428   926  2345 W LastAccessedStorage:   at android.os.AsyncTask$3.call(AsyncTask.java:378)
07-03 20:23:17.428   926  2345 W LastAccessedStorage:   at java.util.concurrent.FutureTask.run(FutureTask.java:266)
07-03 20:23:17.428   926  2345 W LastAccessedStorage:   at android.os.AsyncTask$SerialExecutor$1.run(AsyncTask.java:289)
07-03 20:23:17.428   926  2345 W LastAccessedStorage:   at java.util.concurrent.ThreadPoolExecutor.runWorker(ThreadPoolExecutor.java:1167)
07-03 20:23:17.428   926  2345 W LastAccessedStorage:   at java.util.concurrent.ThreadPoolExecutor$Worker.run(ThreadPoolExecutor.java:641)
07-03 20:23:17.428   926  2345 W LastAccessedStorage:   at java.lang.Thread.run(Thread.java:919)
07-03 20:23:17.428   926  2345 W LastAccessedStorage: Caused by: java.lang.NullPointerException: name
07-03 20:23:17.428   926  2345 W LastAccessedStorage:   at com.android.internal.util.Preconditions.checkNotNull(Preconditions.java:133)
07-03 20:23:17.428   926  2345 W LastAccessedStorage:   at android.content.ContentResolver.acquireUnstableContentProviderClient(ContentResolver.java:2236)
07-03 20:23:17.428   926  2345 W LastAccessedStorage:   at com.android.documentsui.DocumentsApplication.acquireUnstableProviderOrThrow(DocumentsApplication.java:64)
07-03 20:23:17.428   926  2345 W LastAccessedStorage:   at com.android.documentsui.base.DocumentInfo.updateFromUri(DocumentInfo.java:195)
07-03 20:23:17.428   926  2345 W LastAccessedStorage:   ... 13 more
07-03 20:23:17.430  1958  5270 E WindowManager: App trying to use insecure INPUT_FEATURE_NO_INPUT_CHANNEL flag. Ignoring
07-03 20:23:17.543  3065  3103 I com.BHG.gurban: ProcessProfilingInfo new_methods=7743 is saved saved_to_disk=1 resolve_classes_delay=8000
07-03 20:23:17.664  1958  5270 I Timeline: Timeline: App_transition_ready time:117719910
07-03 20:23:17.666  1958  5270 I Timeline: Timeline: App_transition_ready time:117719912
07-03 20:23:17.670   926   926 D ForceDarkHelper: updateByCheckExcludeList: pkg: com.google.android.documentsui activity: com.android.documentsui.picker.PickActivity@45212f9
07-03 20:23:17.767  1958  1997 I Timeline: Timeline: App_transition_ready time:117720013
07-03 20:23:17.773   926   926 D ForceDarkHelper: updateByCheckExcludeList: pkg: com.google.android.documentsui activity: com.android.documentsui.picker.PickActivity@45212f9
07-03 20:23:17.779   926   926 D ForceDarkHelper: updateByCheckExcludeList: pkg: com.google.android.documentsui activity: com.android.documentsui.picker.PickActivity@45212f9
07-03 20:23:17.854   926   926 D ForceDarkHelper: updateByCheckExcludeList: pkg: com.google.android.documentsui activity: com.android.documentsui.picker.PickActivity@45212f9
07-03 20:23:17.856 28084 28084 I GoogleInputMethodService: GoogleInputMethodService.onFinishInputView():1468 onFinishInputView(false)
07-03 20:23:17.856 28084 28084 I GlobeKeyExtension: GlobeKeyExtension.onDeactivate():144
07-03 20:23:17.857 28084 28084 I VoiceInputManagerWrapper: VoiceInputManagerWrapper.shutdown():131 shutdown()
07-03 20:23:17.857   926   926 D ForceDarkHelper: updateByCheckExcludeList: pkg: com.google.android.documentsui activity: com.android.documentsui.picker.PickActivity@45212f9
07-03 20:23:17.857   926   926 D ForceDarkHelper: updateByCheckExcludeList: pkg: com.google.android.documentsui activity: com.android.documentsui.picker.PickActivity@45212f9
07-03 20:23:17.859 28084 28084 I InputBundle: InputBundle.consumeEvent():947 Skip consuming an event as keyboard statusis 0
07-03 20:23:17.861 28084 28084 I AndroidIME: AbstractIme.onDeactivate():216 LatinIme.onDeactivate()
07-03 20:23:17.883 28084 28084 I GoogleInputMethodService: GoogleInputMethodService.onFinishInput():1984
07-03 20:23:17.884  1958  4526 I chatty  : uid=1000(system) Binder:1958_15 expire 1 line
07-03 20:23:17.885 28084 28084 I Module  : DeviceLockedStatusModuleProvider$Module.updateDeviceLockedStatus():100 repeatCheckTimes = 0, locked = false
07-03 20:23:17.886 28084 28084 I GoogleInputMethodService: GoogleInputMethodService.onStartInput():1248 onStartInput(EditorInfo{EditorInfo{packageName=com.google.android.documentsui, inputType=0, inputTypeString=NULL, enableLearning=false,autoCorrection=false, autoComplete=false, imeOptions=0, privateImeOptions=null, actionName=UNSPECIFIED, actionLabel=null, initialSelStart=-1, initialSelEnd=-1, initialCapsMode=0, label=null, fieldId=-1, fieldName=null, extras=null, hintText=null, hintLocales=[]}}, false)
07-03 20:23:17.887 25324 25393 I chatty  : uid=10094(com.miui.home) cher.Background expire 2 lines
07-03 20:23:17.888 28084 28084 I Module  : DeviceLockedStatusModuleProvider$Module.updateDeviceLockedStatus():100 repeatCheckTimes = 1, locked = false
07-03 20:23:17.890 28084 28084 W TooltipLifecycleManager: TooltipLifecycleManager.dismissTooltips():153 Tooltip with idundo_access_point_promotion_banner not found in tooltipManager.
07-03 20:23:17.894  1958  5270 I WindowManager: input method visible height changed 0
07-03 20:23:17.939   926   926 D ForceDarkHelper: updateByCheckExcludeList: pkg: com.google.android.documentsui activity: com.android.documentsui.picker.PickActivity@45212f9
07-03 20:23:18.007  1958  1997 I Timeline: Timeline: Activity_windows_visible id: ActivityRecord{6f35289 u0 com.google.android.documentsui/com.android.documentsui.picker.PickActivity t1647} time:117720253
07-03 20:23:18.010  1958  1997 I Timeline: Timeline: App_transition_stopped time:117720256
07-03 20:23:18.012   926   926 D ForceDarkHelper: updateByCheckExcludeList: pkg: com.google.android.documentsui activity: com.android.documentsui.picker.PickActivity@45212f9
07-03 20:23:18.013   926   926 D ForceDarkHelper: updateByCheckExcludeList: pkg: com.google.android.documentsui activity: com.android.documentsui.picker.PickActivity@45212f9
07-03 20:23:18.014   926   926 D ForceDarkHelper: updateByCheckExcludeList: pkg: com.google.android.documentsui activity: com.android.documentsui.picker.PickActivity@45212f9
07-03 20:23:18.019   926   926 D ForceDarkHelper: updateByCheckExcludeList: pkg: com.google.android.documentsui activity: com.android.documentsui.picker.PickActivity@45212f9
07-03 20:23:18.019   926   926 D ForceDarkHelper: updateByCheckExcludeList: pkg: com.google.android.documentsui activity: com.android.documentsui.picker.PickActivity@45212f9
07-03 20:23:18.020   926   926 D ForceDarkHelper: updateByCheckExcludeList: pkg: com.google.android.documentsui activity: com.android.documentsui.picker.PickActivity@45212f9
07-03 20:23:18.040   926   926 D ForceDarkHelper: updateByCheckExcludeList: pkg: com.google.android.documentsui activity: com.android.documentsui.picker.PickActivity@45212f9
07-03 20:23:18.059 25359 30113 D PMonitor:  onForegroundActivitiesChanged:pid = 3065,activity-uid=10776,foregroundActivities=false
07-03 20:23:18.269  3633  3633 I CNSS    : Failed to send nl message
07-03 20:23:18.277  3633  3633 I chatty  : uid=1000(system) /system/vendor/bin/cnss_diag identical 742 lines
07-03 20:23:18.491  1958  5270 I ActivityManager: Killing 1292:com.miui.analytics/u0a105 (adj 965): empty #17
07-03 20:23:18.523   614   614 I Zygote  : Process 1292 exited due to signal 9 (Killed)
07-03 20:23:18.525  1958  2012 I chatty  : uid=1000(system) ActivityManager expire 7 lines
07-03 20:23:18.801   926   926 W ActivityThread: SCHED: com.google.android.documentsui/com.android.documentsui.picker.PickActivity [88, r=258ms, a=34ms, w=1378ms]
07-03 20:23:18.811  1958  1981 I Timeline: Timeline: App_transition_ready time:117721056
07-03 20:23:18.814 30008 30072 I ProcessMonitor: onForegroundInfoChanged: ForegroundInfo{mForegroundPackageName='com.BHG.gurbani', mForegroundUid=10776, mForegroundPid=3065, mLastForegroundPackageName='com.google.android.documentsui', mLastForegroundUid=10066, mLastForegroundPid=926, mMultiWindowForegroundPackageName='null', mMultiWindowForegroundUid=-1, mFlags=0}
07-03 20:23:18.814  5428  6806 I GST     : forePkg: com.BHG.gurbani, preForePkg: com.google.android.documentsui
07-03 20:23:18.814  5413  8054 I chatty  : uid=1000(system) Binder:5413_8 expire 1 line
07-03 20:23:18.821 25359 30113 D PMonitor:  onForegroundActivitiesChanged:pid = 3065,activity-uid=10776,foregroundActivities=true
07-03 20:23:18.828  1958  3417 I Timeline: Timeline: App_transition_ready time:117721073
07-03 20:23:18.831  3065  3065 I Timeline: Timeline: Activity_launch_request time:117721077
07-03 20:23:18.831  1958  2360 W ActivityTaskManager: aInfo is null for resolve intent: Intent { cmp=com.BHG.gurbani/com.yalantis.ucrop.UCropActivity (has extras) }
07-03 20:23:18.831  1958  2360 W ActivityTaskManagerServiceInjector: Intent or aInfo is null!
07-03 20:23:18.832  1958  2360 I ActivityTaskManager: START u0 {cmp=com.BHG.gurbani/com.yalantis.ucrop.UCropActivity (has extras)} from uid 10776
07-03 20:23:18.835  3065  3065 D AndroidRuntime: Shutting down VM
07-03 20:23:18.842  3065  3065 E AndroidRuntime: FATAL EXCEPTION: main
07-03 20:23:18.842  3065  3065 E AndroidRuntime: Process: com.BHG.gurbani, PID: 3065
07-03 20:23:18.842  3065  3065 E AndroidRuntime: java.lang.RuntimeException: Failure delivering result ResultInfo{who=null, request=101, result=-1, data=Intent { dat=content://com.android.providers.media.documents/document/image:5857 flg=0x1 }} to activity {com.BHG.gurbani/com.BHG.gurbani.UploadActivity}: android.content.ActivityNotFoundException: Unable tofind explicit activity class {com.BHG.gurbani/com.yalantis.ucrop.UCropActivity}; have you declared this activity in your AndroidManifest.xml?
07-03 20:23:18.842  3065  3065 E AndroidRuntime:        at android.app.ActivityThread.deliverResults(ActivityThread.java:4960)
07-03 20:23:18.842  3065  3065 E AndroidRuntime:        at android.app.ActivityThread.handleSendResult(ActivityThread.java:5001)
07-03 20:23:18.842  3065  3065 E AndroidRuntime:        at android.app.servertransaction.ActivityResultItem.execute(ActivityResultItem.java:51)
07-03 20:23:18.842  3065  3065 E AndroidRuntime:        at android.app.servertransaction.TransactionExecutor.executeCallbacks(TransactionExecutor.java:135)
07-03 20:23:18.842  3065  3065 E AndroidRuntime:        at android.app.servertransaction.TransactionExecutor.execute(TransactionExecutor.java:95)
07-03 20:23:18.842  3065  3065 E AndroidRuntime:        at android.app.ActivityThread$H.handleMessage(ActivityThread.java:2047)
07-03 20:23:18.842  3065  3065 E AndroidRuntime:        at android.os.Handler.dispatchMessage(Handler.java:107)
07-03 20:23:18.842  3065  3065 E AndroidRuntime:        at android.os.Looper.loop(Looper.java:224)
07-03 20:23:18.842  3065  3065 E AndroidRuntime:        at android.app.ActivityThread.main(ActivityThread.java:7592)
07-03 20:23:18.842  3065  3065 E AndroidRuntime:        at java.lang.reflect.Method.invoke(Native Method)
07-03 20:23:18.842  3065  3065 E AndroidRuntime:        at com.android.internal.os.RuntimeInit$MethodAndArgsCaller.run(RuntimeInit.java:539)
07-03 20:23:18.842  3065  3065 E AndroidRuntime:        at com.android.internal.os.ZygoteInit.main(ZygoteInit.java:950)
07-03 20:23:18.842  3065  3065 E AndroidRuntime: Caused by: android.content.ActivityNotFoundException: Unable to find explicit activity class {com.BHG.gurbani/com.yalantis.ucrop.UCropActivity}; have you declared this activity in your AndroidManifest.xml?
07-03 20:23:18.842  3065  3065 E AndroidRuntime:        at android.app.Instrumentation.checkStartActivityResult(Instrumentation.java:2064)
07-03 20:23:18.842  3065  3065 E AndroidRuntime:        at android.app.Instrumentation.execStartActivity(Instrumentation.java:1720)
07-03 20:23:18.842  3065  3065 E AndroidRuntime:        at android.app.Activity.startActivityForResult(Activity.java:5258)
07-03 20:23:18.842  3065  3065 E AndroidRuntime:        at androidx.activity.ComponentActivity.startActivityForResult(ComponentActivity.java:780)
07-03 20:23:18.842  3065  3065 E AndroidRuntime:        at android.app.Activity.startActivityForResult(Activity.java:5216)
07-03 20:23:18.842  3065  3065 E AndroidRuntime:        at androidx.activity.ComponentActivity.startActivityForResult(ComponentActivity.java:761)
07-03 20:23:18.842  3065  3065 E AndroidRuntime:        at com.yalantis.ucrop.UCrop.start(UCrop.java:138)
07-03 20:23:18.842  3065  3065 E AndroidRuntime:        at com.yalantis.ucrop.UCrop.start(UCrop.java:128)
07-03 20:23:18.842  3065  3065 E AndroidRuntime:        at com.BHG.gurbani.UploadActivity.onActivityResult(UploadActivity.kt:69)
07-03 20:23:18.842  3065  3065 E AndroidRuntime:        at android.app.Activity.dispatchActivityResult(Activity.java:8249)
07-03 20:23:18.842  3065  3065 E AndroidRuntime:        at android.app.ActivityThread.deliverResults(ActivityThread.java:4953)
07-03 20:23:18.842  3065  3065 E AndroidRuntime:        ... 11 more
07-03 20:23:18.860  1958  1981 W ActivityTaskManager:   Force finishing activity com.BHG.gurbani/.UploadActivity
07-03 20:23:18.861  1958  3265 I DropBoxManagerService: add tag=data_app_crash isTagEnabled=true flags=0x2
07-03 20:23:18.867  3065  3065 I Process : Sending signal. PID: 3065 SIG: 9
07-03 20:23:18.881  1958  2010 W BroadcastQueue: Background execution not allowed: receiving Intent { act=android.intent.action.DROPBOX_ENTRY_ADDED flg=0x10 (has extras) } to com.google.android.gms/.stats.service.DropBoxEntryAddedReceiver
07-03 20:23:18.919  1958  2089 I chatty  : uid=1000(system) InputDispatcher expire 12 lines
07-03 20:23:18.925   613  3225 E ResolverController: No valid NAT64 prefix (109, <unspecified>/0)
07-03 20:23:18.925   613  3224 E ResolverController: No valid NAT64 prefix (109, <unspecified>/0)
07-03 20:23:18.938   613  3225 W SocketClient: write error (Broken pipe)
07-03 20:23:18.938   613  3225 W DnsProxyListener: GetAddrInfoHandler::run: Error writing DNS result to client
07-03 20:23:18.939   613  3224 W SocketClient: write error (Broken pipe)
07-03 20:23:18.939   613  3224 W DnsProxyListener: GetAddrInfoHandler::run: Error writing DNS result to client
07-03 20:23:18.956  1958  3417 I WindowManager: WIN DEATH: Window{f6ce7ce u0 com.BHG.gurbani/com.BHG.gurbani.UploadActivity}
