07-03 19:54:51.070 21190 21190 W ActivityThread: SCHED: com.BHG.gurbani/.MainActivity [75, r=264ms, a=86ms, w=5406ms]
07-03 19:54:51.075  1958  4806 I Timeline: Timeline: App_transition_ready time:116458281
07-03 19:54:51.078  1958  1997 I Timeline: Timeline: App_transition_ready time:116458285
07-03 19:54:51.106  1958  3853 I Timeline: Timeline: App_transition_ready time:116458312
07-03 19:54:51.117  1958  1997 I Timeline: Timeline: App_transition_ready time:116458323
07-03 19:54:51.159  1958  1997 I Timeline: Timeline: App_transition_ready time:116458365
07-03 19:54:51.383  1958  5256 W BaseMiuiPhoneWindowManager: keyCode:3 down:true eventTime:116458589 downTime:116458589policyFlags:2b000002 flags:48 deviceId:-1 isScreenOn:true keyguardActive:false repeatCount:0
07-03 19:54:51.444  1958  5256 W BaseMiuiPhoneWindowManager: keyCode:3 down:false eventTime:116458650 downTime:116458589 policyFlags:2b000002 flags:48 deviceId:-1 isScreenOn:true keyguardActive:false repeatCount:0
07-03 19:54:51.450  1958  2089 I ActivityTaskManager: START u0 {act=android.intent.action.MAIN cat=[android.intent.category.HOME] flg=0x10000100 cmp=com.miui.home/.launcher.Launcher (has extras)} from uid 0
07-03 19:54:51.452 25324 25324 W ActivityThread: SCHED: com.miui.home/.launcher.Launcher [84, r=39ms, a=7ms, w=364ms]
07-03 19:54:51.648  1958  3853 I Timeline: Timeline: Activity_windows_visible id: ActivityRecord{ddb1799 u0 com.miui.home/.launcher.Launcher t1} time:116458854
07-03 19:54:51.651  1958  1997 I Timeline: Timeline: App_transition_stopped time:116458858
07-03 19:54:51.774  1958  4522 I ActivityManager: Process com.google.android.partnersetup (pid 19494) has died: cch+155CEM
07-03 19:54:52.036  1958  4806 W NotificationService: Toast already killed. pkg=com.BHG.gurbani callback=android.app.ITransientNotification$Stub$Proxy@84f837c
07-03 19:54:52.229 25324 25324 I Timeline: Timeline: Activity_launch_request time:116459435
07-03 19:54:52.230  1958  4806 I ActivityTaskManager: START u0 {act=android.intent.action.MAIN cat=[android.intent.category.LAUNCHER] flg=0x10200000 cmp=com.miui.gallery/.activity.HomePageActivity bnds=[76,1346][252,1522] (has extras)} from uid 10094
07-03 19:54:52.246 25324 25324 W ActivityThread: SCHED: com.miui.home/.launcher.Launcher [62, r=25ms, a=15ms, w=786ms]
07-03 19:54:52.252  1958  2202 I Timeline: Timeline: App_transition_ready time:116459459
07-03 19:54:52.266  1958  1997 I Timeline: Timeline: App_transition_ready time:116459472
07-03 19:54:52.450  1958  4806 I Timeline: Timeline: Activity_windows_visible id: ActivityRecord{41ba3d5 u0 com.miui.gallery/.activity.HomePageActivity t1632} time:116459656
07-03 19:54:52.455  1958  1997 I Timeline: Timeline: App_transition_stopped time:116459661
07-03 19:54:52.566  1958  2006 I ProcessManager: Kill reason PeriodicCleaner(8|pressure) from pid=1958
07-03 19:54:52.568  1958  2006 I ProcessManager: PeriodicCleaner(8|pressure): kill com.android.vending:background Adj=805 State=20
07-03 19:54:52.568  1958  2006 I ActivityManager: Killing 22177:com.android.vending:background/u0a175 (adj 805): PeriodicCleaner(8|pressure)
07-03 19:54:52.569  1958  2006 I ProcessManager: PeriodicCleaner(8|pressure): kill com.android.vending Adj=825 State=20
07-03 19:54:52.569  1958  2006 I ActivityManager: Killing 22035:com.android.vending/u0a175 (adj 825): PeriodicCleaner(8|pressure)
07-03 19:54:52.621  1958  5255 W ActivityManager: Scheduling restart of crashed service com.android.vending/com.google.frameworks.client.data.android.server.play.BackgroundProcessEndpointService in 1000ms
07-03 19:54:52.633  1958  2348 W ActivityManager: Scheduling restart of crashed service com.android.vending/com.google.android.finsky.setup.dse.impl.DseService in 4000ms
07-03 19:54:53.521  1958  1996 W WindowManager: Unable to start animation, surface is null or no children.
07-03 19:54:53.861 21744 21744 I Timeline: Timeline: Activity_launch_request time:116461068
07-03 19:54:53.863  1958  5270 I ActivityTaskManager: START u0 {act=android.intent.action.VIEW dat=https://gallery.i.mi.com/... pkg=com.miui.gallery cmp=com.miui.gallery/.activity.AllPhotosActivity (has extras)} from uid 10103
07-03 19:54:53.875 21744 21744 W ActivityThread: SCHED: com.miui.gallery/.activity.HomePageActivity [83, r=128ms, a=26ms, w=1540ms]
07-03 19:54:53.877  1958  4526 I ActivityTaskManager: The Process com.miui.gallery Already Exists in BG. So sending itsPID: 21744
07-03 19:54:53.882  1958  4526 I Timeline: Timeline: App_transition_ready time:116461088
07-03 19:54:53.946  1958  5270 E WindowManager: App trying to use insecure INPUT_FEATURE_NO_INPUT_CHANNEL flag. Ignoring
07-03 19:54:53.954  1958  5255 I Timeline: Timeline: App_transition_ready time:116461161
07-03 19:54:53.955  1958  5255 I Timeline: Timeline: App_transition_ready time:116461162
07-03 19:54:53.972  1958  1997 I Timeline: Timeline: App_transition_ready time:116461178
07-03 19:54:54.215  1958  1997 I Timeline: Timeline: Activity_windows_visible id: ActivityRecord{598d748 u0 com.miui.gallery/.activity.AllPhotosActivity t1632} time:116461421
07-03 19:54:54.218  1958  1997 I Timeline: Timeline: App_transition_stopped time:116461424
07-03 19:54:54.652 21744 21780 I Timeline: Timeline: Activity_launch_request time:116461859
07-03 19:54:54.654  1958  2348 I ActivityTaskManager: START u0 {cmp=com.miui.gallery/.activity.InternalPhotoPageActivity (has extras)} from uid 10103
07-03 19:54:54.668 21744 21744 W ActivityThread: SCHED: com.miui.gallery/.activity.AllPhotosActivity [77, r=75ms, a=22ms, w=725ms]
07-03 19:54:54.670  1958  4008 I ActivityTaskManager: The Process com.miui.gallery Already Exists in BG. So sending itsPID: 21744
07-03 19:54:54.674  1958  4008 I Timeline: Timeline: App_transition_ready time:116461881
07-03 19:54:54.788  1958  2011 I ActivityManager: Start proc 22284:com.android.camera/u0a76 for content provider {com.android.camera/com.xiaomi.camera.parallelservice.provider.ParallelProcessProvider} caller=com.miui.gallery
07-03 19:54:54.821  1958  4526 E WindowManager: App trying to use insecure INPUT_FEATURE_NO_INPUT_CHANNEL flag. Ignoring
07-03 19:54:54.839  1958  4526 I Timeline: Timeline: App_transition_ready time:116462046
07-03 19:54:54.840  1958  4526 I Timeline: Timeline: App_transition_ready time:116462047
07-03 19:54:54.860  1958  1997 I Timeline: Timeline: App_transition_ready time:116462067
07-03 19:54:54.861  1958  1997 I Timeline: Timeline: Activity_windows_visible id: ActivityRecord{56d798e u0 com.miui.gallery/.activity.InternalPhotoPageActivity t1632} time:116462067
07-03 19:54:54.861  1958  1997 I Timeline: Timeline: App_transition_stopped time:116462067
07-03 19:54:55.050 21744 21778 W BpBinder: Slow Binder: BpBinder transact took 347ms, interface=android.content.IContentProvider, code=1 oneway=false
07-03 19:54:55.353  1958  2011 I ActivityManager: Start proc 22308:com.milink.service/u0a141 for service {com.milink.service/com.milink.client.PhotoCastService} caller=com.miui.gallery
07-03 19:54:55.826 21744 21806 W BpBinder: Slow Binder: BpBinder transact took 1076ms, interface=android.app.IActivityManager, code=20 oneway=false
07-03 19:54:55.942  3855 20608 W MiuiPerfServiceClient: interceptAndQueuing:21744|com.miui.gallery|183|183|unknown|null|com.miui.gallery/com.miui.gallery.activity.AllPhotosActivity|116462070287915|Slow main thread|1
07-03 19:54:56.042 22284 22284 W Looper  : Slow Looper main: Long Msg: seq=2 plan=19:54:54.807  late=0ms wall=1234ms running=220ms runnable=82ms io=779ms h=android.app.ActivityThread$H w=110
07-03 19:54:56.661  1958  2011 I ActivityManager: Start proc 22359:com.android.vending/u0a175 for service {com.android.vending/com.google.android.finsky.setup.dse.impl.DseService} caller=com.android.chrome
07-03 19:54:56.886 21744 21744 I Timeline: Timeline: Activity_launch_request time:116464092
07-03 19:54:56.894  1958  2348 I ActivityTaskManager: START u0 {cmp=com.miui.gallery/.activity.PhotoDetailActivity (hasextras)} from uid 10103
07-03 19:54:56.907 21744 21744 W ActivityThread: SCHED: com.miui.gallery/.activity.InternalPhotoPageActivity [80, r=263ms, a=62ms, w=2157ms]
07-03 19:54:56.915  1958  5236 I ActivityTaskManager: The Process com.miui.gallery Already Exists in BG. So sending itsPID: 21744
07-03 19:54:56.921  1958  5236 I Timeline: Timeline: App_transition_ready time:116464128
07-03 19:54:56.976  1958  2348 E WindowManager: App trying to use insecure INPUT_FEATURE_NO_INPUT_CHANNEL flag. Ignoring
07-03 19:54:56.987  1958  2348 I Timeline: Timeline: App_transition_ready time:116464193
07-03 19:54:56.989  1958  2348 I Timeline: Timeline: App_transition_ready time:116464196
07-03 19:54:57.025  1958  1997 I Timeline: Timeline: App_transition_ready time:116464231
07-03 19:54:57.266  1958  1997 I Timeline: Timeline: Activity_windows_visible id: ActivityRecord{2ad8738 u0 com.miui.gallery/.activity.PhotoDetailActivity t1632} time:116464473
07-03 19:54:57.268  1958  1997 I Timeline: Timeline: App_transition_stopped time:116464475
07-03 19:54:57.721  1958  2011 I ActivityManager: Start proc 22454:com.android.vending:background/u0a175 for service {com.android.vending/com.google.frameworks.client.data.android.server.play.BackgroundProcessEndpointService} caller=com.android.vending
07-03 19:54:58.833  1958  4008 W BaseMiuiPhoneWindowManager: keyCode:4 down:true eventTime:116466039 downTime:116466039policyFlags:2b000002 flags:48 deviceId:-1 isScreenOn:true keyguardActive:false repeatCount:0
07-03 19:54:58.876 21744 21744 W ActivityThread: SCHED: com.miui.gallery/.activity.PhotoDetailActivity [76, r=58ms, a=18ms, w=1903ms]
07-03 19:54:58.880  1958  4008 I Timeline: Timeline: App_transition_ready time:116466086
07-03 19:54:58.883  1958  2202 I Timeline: Timeline: App_transition_ready time:116466089
07-03 19:54:58.885 21744 21744 W ViewRootImpl[PhotoDetailActivity]: Cancelling event due to no window focus: KeyEvent {action=ACTION_UP, keyCode=KEYCODE_BACK, scanCode=0, metaState=0, flags=0x68, repeatCount=0, eventTime=116466089, downTime=116466039, deviceId=-1, source=0x101, displayId=-1 }
07-03 19:54:58.891 21744 21744 I chatty  : uid=10103(com.miui.gallery) identical 7 lines
07-03 19:54:58.891 21744 21744 W ViewRootImpl[PhotoDetailActivity]: Cancelling event due to no window focus: KeyEvent {action=ACTION_UP, keyCode=KEYCODE_BACK, scanCode=0, metaState=0, flags=0x68, repeatCount=0, eventTime=116466089, downTime=116466039, deviceId=-1, source=0x101, displayId=-1 }
07-03 19:54:58.912  1958  5255 I Timeline: Timeline: App_transition_ready time:116466118
07-03 19:54:58.929  1958  4008 W BaseMiuiPhoneWindowManager: keyCode:4 down:false eventTime:116466135 downTime:116466039 policyFlags:2b000002 flags:48 deviceId:-1 isScreenOn:true keyguardActive:false repeatCount:0
07-03 19:54:58.933  1958  4008 I Timeline: Timeline: App_transition_ready time:116466139
07-03 19:54:58.949  1958  2089 W WindowManager: Failed looking up window callers=com.android.server.wm.InputManagerCallback.interceptKeyBeforeDispatching:191 com.android.server.input.InputManagerService.interceptKeyBeforeDispatching:1920 <bottom of call stack>
07-03 19:54:58.950  1958  1997 I Timeline: Timeline: App_transition_ready time:116466156
07-03 19:54:58.951  1958  1997 I Timeline: Timeline: App_transition_ready time:116466157
07-03 19:54:58.964  1958  1997 I Timeline: Timeline: App_transition_ready time:116466171
07-03 19:54:59.025  1958  2764 I UsbPortManager: ClientCallback V1_0: otg_default
07-03 19:54:59.217  1958  1997 I Timeline: Timeline: Activity_windows_visible id: ActivityRecord{56d798e u0 com.miui.gallery/.activity.InternalPhotoPageActivity t1632} time:116466423
07-03 19:54:59.217  1958  1997 I Timeline: Timeline: Activity_windows_visible id: ActivityRecord{598d748 u0 com.miui.gallery/.activity.AllPhotosActivity t1632} time:116466424
07-03 19:54:59.220  1958  1997 I Timeline: Timeline: App_transition_stopped time:116466426
07-03 19:55:03.020  1958  1958 W WindowManager: removeWindowToken: Attempted to remove non-existing token: android.os.Binder@2c681d7
07-03 19:55:03.068  1071  1071 E TLOC    : [TLOCChannel]"Can't receive message due to timeout"
07-03 19:55:03.073  1071  1071 I TLOC    : [ModemComm  ]"Request succeeded for gps engine lock"
07-03 19:55:03.073  1071  1372 I TLOC    : [Modem      ]"Sending location turned on status to the daemon"
07-03 19:55:03.073  1071  1071 I TLOC    : [TLOCDaemon ]"timeout passed - start periodic warm-up"
07-03 19:55:03.073  1071  1071 I TLOC    : [ModemComm  ]"Start a session successfully"
07-03 19:55:03.074  1071  1372 I TLOC    : [Modem      ]"Received event indication of position report with status ENGINE_LOCKED"
07-03 19:55:07.490  1958  4692 I ActivityManager: Process com.miui.securitycenter (pid 20653) has died: cch+135 CEM
07-03 19:55:07.493  1958  1996 W ActivityManager: setHasOverlayUi called on unknown pid: 20653
07-03 19:55:16.986 21744 21744 I Timeline: Timeline: Activity_launch_request time:116484193
07-03 19:55:16.988  1958  1979 I ActivityTaskManager: START u0 {cmp=com.miui.gallery/.activity.PhotoDetailActivity (hasextras)} from uid 10103
07-03 19:55:17.007 21744 21744 W ActivityThread: SCHED: com.miui.gallery/.activity.InternalPhotoPageActivity [75, r=901ms, a=292ms, w=18105ms]
07-03 19:55:17.020  1958  1979 I ActivityTaskManager: The Process com.miui.gallery Already Exists in BG. So sending itsPID: 21744
07-03 19:55:17.061  1958  1979 I Timeline: Timeline: App_transition_ready time:116484268
07-03 19:55:17.072  1958  4597 I ActivityManager: Process com.facebook.services (pid 20868) has died: cch+165 CEM
07-03 19:55:17.117  1958  2645 I ActivityManager: Process com.android.keychain (pid 20923) has died: cch+155 CEM
07-03 19:55:17.170  1958  1979 E WindowManager: App trying to use insecure INPUT_FEATURE_NO_INPUT_CHANNEL flag. Ignoring
07-03 19:55:17.182  1958  1979 I Timeline: Timeline: App_transition_ready time:116484388
07-03 19:55:17.183  1958  1979 I Timeline: Timeline: App_transition_ready time:116484389
07-03 19:55:17.209  1958  1997 I Timeline: Timeline: App_transition_ready time:116484416
07-03 19:55:17.472  1958  1997 I Timeline: Timeline: Activity_windows_visible id: ActivityRecord{349429e u0 com.miui.gallery/.activity.PhotoDetailActivity t1632} time:116484679
07-03 19:55:17.475  1958  1997 I Timeline: Timeline: App_transition_stopped time:116484681
07-03 19:55:17.497 21744 21744 W ActivityThread: SCHED: com.miui.gallery/.activity.AllPhotosActivity [100, r=1ms, a=0ms, w=3ms]
07-03 19:55:18.131  1958  2011 I ActivityManager: Start proc 22571:com.miui.cloudservice/u0a126 for service {com.miui.cloudservice/com.miui.cloudservice.alipay.provision.KeyStoreJobService} caller=android
07-03 19:55:19.555  1958  1979 W BaseMiuiPhoneWindowManager: keyCode:4 down:true eventTime:116486761 downTime:116486761policyFlags:2b000002 flags:48 deviceId:-1 isScreenOn:true keyguardActive:false repeatCount:0
07-03 19:55:19.589  1958  2645 I Timeline: Timeline: App_transition_ready time:116486795
07-03 19:55:19.594  1958  1979 I Timeline: Timeline: App_transition_ready time:116486800
07-03 19:55:19.610 21744 21744 W ViewRootImpl[PhotoDetailActivity]: Cancelling event due to no window focus: KeyEvent {action=ACTION_UP, keyCode=KEYCODE_BACK, scanCode=0, metaState=0, flags=0x68, repeatCount=0, eventTime=116486812, downTime=116486761, deviceId=-1, source=0x101, displayId=-1 }
07-03 19:55:19.702 21744 21744 I chatty  : uid=10103(com.miui.gallery) identical 7 lines
07-03 19:55:19.702 21744 21744 W ViewRootImpl[PhotoDetailActivity]: Cancelling event due to no window focus: KeyEvent {action=ACTION_UP, keyCode=KEYCODE_BACK, scanCode=0, metaState=0, flags=0x68, repeatCount=0, eventTime=116486812, downTime=116486761, deviceId=-1, source=0x101, displayId=-1 }
07-03 19:55:19.721  1958  5255 W BaseMiuiPhoneWindowManager: keyCode:4 down:false eventTime:116486926 downTime:116486761 policyFlags:2b000002 flags:48 deviceId:-1 isScreenOn:true keyguardActive:false repeatCount:0
07-03 19:55:19.724  1958  5236 I Timeline: Timeline: App_transition_ready time:116486930
07-03 19:55:19.728  1958  2089 W WindowManager: Failed looking up window callers=com.android.server.wm.InputManagerCallback.interceptKeyBeforeDispatching:191 com.android.server.input.InputManagerService.interceptKeyBeforeDispatching:1920 <bottom of call stack>
07-03 19:55:19.737  1958  2645 I ActivityManager: Process com.android.chrome:privileged_process0 (pid 19761) has died: cch+145 CEM
07-03 19:55:19.740  1958  2645 W ActivityManager: Scheduling restart of crashed service com.android.chrome/org.chromium.content.app.PrivilegedProcessService0 in 1000ms
07-03 19:55:19.744  1958  5270 I ActivityManager: Process com.android.chrome (pid 19685) has died: cch+145 CEM
07-03 19:55:19.757  1958  3901 I Timeline: Timeline: App_transition_ready time:116486964
07-03 19:55:19.759  1958  5270 W ActivityManager: Scheduling restart of crashed service com.android.chrome/org.chromium.chrome.browser.customtabs.CustomTabsConnectionService in 1000ms
07-03 19:55:19.777  1958  1997 I Timeline: Timeline: App_transition_ready time:116486983
07-03 19:55:19.778  1958  1997 I Timeline: Timeline: App_transition_ready time:116486984
07-03 19:55:19.786  1958  1997 I Timeline: Timeline: App_transition_ready time:116486992
07-03 19:55:20.023  1958  1997 I Timeline: Timeline: Activity_windows_visible id: ActivityRecord{598d748 u0 com.miui.gallery/.activity.AllPhotosActivity t1632} time:116487229
07-03 19:55:20.023  1958  1997 I Timeline: Timeline: Activity_windows_visible id: ActivityRecord{56d798e u0 com.miui.gallery/.activity.InternalPhotoPageActivity t1632} time:116487229
07-03 19:55:20.025  1958  1997 I Timeline: Timeline: App_transition_stopped time:116487231
07-03 19:55:21.660  1958  2764 I UsbPortManager: ClientCallback V1_0: otg_default
07-03 19:55:21.704  2181  2181 I MiuiChargeManager: notifyBatteryStatusChanged:  status: 3 isPlugged: 0 level: 92 wireState: -1 chargeSpeed: 0 mWiredChargeType: 0 mWirelessChargeType: 0 chargeDeviceType: -1
07-03 19:55:21.708  1958  2010 W BroadcastQueue: Background execution not allowed: receiving Intent { act=android.intent.action.ACTION_POWER_DISCONNECTED flg=0x4000010 (has extras) } to com.google.android.apps.turbo/.nudges.broadcasts.BatteryStatusChangedReceiver
07-03 19:55:21.708  1958  2010 W BroadcastQueue: Background execution not allowed: receiving Intent { act=android.intent.action.ACTION_POWER_DISCONNECTED flg=0x4000010 (has extras) } to com.google.android.gms/.chimera.GmsIntentOperationService$PersistentTrustedReceiver
07-03 19:55:21.710  1958  2010 W BroadcastQueue: Background execution not allowed: receiving Intent { act=android.intent.action.ACTION_POWER_DISCONNECTED flg=0x4000010 (has extras) } to com.google.android.projection.gearhead/com.google.android.apps.auto.components.connectivity.impl.ConnectivityEventHandlerImpl$ConnectivityEventBroadcastReceiver
07-03 19:55:21.711  1958  2010 W BroadcastQueue: Background execution not allowed: receiving Intent { act=android.intent.action.ACTION_POWER_DISCONNECTED flg=0x4000010 (has extras) } to com.lbe.security.miui/xm.dt.rs.PowerChangeReceiver
07-03 19:55:21.711  1958  2010 W BroadcastQueue: Background execution not allowed: receiving Intent { act=android.intent.action.ACTION_POWER_DISCONNECTED flg=0x4000010 (has extras) } to com.miui.msa.global/com.xiaomi.ad.server.AdReceiver
07-03 19:55:21.711  1958  2010 W BroadcastQueue: Background execution not allowed: receiving Intent { act=android.intent.action.ACTION_POWER_DISCONNECTED flg=0x4000010 (has extras) } to com.digibites.accubattery/com.digibites.powerlib.receiver.PowerStateWatcher$Receiver
07-03 19:55:21.711  1958  2010 W BroadcastQueue: Background execution not allowed: receiving Intent { act=android.intent.action.ACTION_POWER_DISCONNECTED flg=0x4000010 (has extras) } to com.jio.myjio/com.inn.passivesdk.receiver.ServiceStarterReceiver
07-03 19:55:21.720  1958  2014 E BatteryExternalStatsWorker: no controller energy info supplied for bluetooth
07-03 19:55:21.804  1958  2011 I ActivityManager: Start proc 22636:com.google.android.apps.turbo/u0a184 for broadcast {com.google.android.apps.turbo/com.google.android.apps.turbo.nudges.broadcasts.BatteryStatusChangedReceiver} caller=android
07-03 19:55:21.979  1958  2007 I UsbPortManager: ClientCallback V1_0: otg_default
07-03 19:55:21.981  1958  1995 I EntropyMixer: Writing entropy...
07-03 19:55:22.144 25666 32584 W BpBinder: Slow Binder: BpBinder transact took 253ms, interface=android.media.IMediaPlayer, code=3 oneway=false
07-03 19:55:22.348 21487 22656 I Timeline: Timeline: Activity_launch_request time:116489555
07-03 19:55:22.350  1958  5270 I ActivityTaskManager: START u0 {flg=0x10000000 cmp=com.android.settings/.Settings$UsbDetailsActivity} from uid 1000
07-03 19:55:22.372  2181  2181 I MiuiChargeManager: notifyBatteryStatusChanged:  status: 4 isPlugged: 2 level: 92 wireState: 11 chargeSpeed: 0 mWiredChargeType: 0 mWirelessChargeType: 0 chargeDeviceType: -1
07-03 19:55:22.648   986 22654 W BpBinder: Slow Binder: BpBinder transact took 264ms, interface=android.media.IMediaExtractorService, code=1 oneway=false
07-03 19:55:22.714  1958  2014 I BatteryStatsImpl: Resetting battery stats: level=92 status=2 dischargeLevel=92 lowAmount=7 highAmount=8
07-03 19:55:22.776  1958  2014 E BatteryExternalStatsWorker: no controller energy info supplied for bluetooth
07-03 19:55:22.804 25666 26024 W BpBinder: Slow Binder: BpBinder transact took 976ms, interface=com.android.internal.app.IBatteryStats, code=16 oneway=false
07-03 19:55:22.815  1958  2014 E BatteryExternalStatsWorker: no controller energy info supplied for bluetooth
07-03 19:55:22.947  1958  2014 E BatteryExternalStatsWorker: no controller energy info supplied for bluetooth
07-03 19:55:23.075  1071  1071 E TLOC    : [TLOCChannel]"Can't receive message due to timeout"
07-03 19:55:23.075  1071  1071 I TLOC    : [TLOCDaemon ]"timeout passed with no location fix - close the session"
07-03 19:55:23.076  1071  1071 I TLOC    : [ModemComm  ]"Stopped the session successfully"
07-03 19:55:23.279 21487 22656 W BpBinder: Slow Binder: BpBinder transact took 930ms, interface=android.app.IActivityTaskManager, code=1 oneway=false
07-03 19:55:23.291  2181  2181 W BpBinder: Slow Binder: BpBinder transact took 905ms, interface=android.view.IWindowSession, code=4 oneway=false
07-03 19:55:23.291 21744 21744 W ActivityThread: SCHED: com.miui.gallery/.activity.InternalPhotoPageActivity [78, r=181ms, a=50ms, w=3639ms]
07-03 19:55:23.308  1958  1958 W Looper  : Slow dispatch took 843ms main h=android.os.Handler c=com.android.server.-$$Lambda$BatteryService$2x73lvpB0jctMSVP4qb9sHAqRPw@af27a61 m=0
07-03 19:55:23.308  1958  1958 W Looper  : Slow delivery took 741ms main h=android.os.Handler c=android.telecom.Logging.-$$Lambda$SessionManager$VyH2gT1EjIvzDy_C9JfTT60CISM@28dd986 m=0
07-03 19:55:23.308 28228 28228 W BpBinder: Slow Binder: BpBinder transact took 865ms, interface=android.app.job.IJobCallback, code=2 oneway=false
07-03 19:55:23.309  6842  6969 W BpBinder: Slow Binder: BpBinder transact took 737ms, interface=android.app.IActivityManager, code=10 oneway=false
07-03 19:55:23.309  6842 22661 W BpBinder: Slow Binder: BpBinder transact took 708ms, interface=android.app.IActivityManager, code=10 oneway=false
07-03 19:55:23.314  1958  1958 W Looper  : Drained
07-03 19:55:23.316 12116 12197 W BpBinder: Slow Binder: BpBinder transact took 699ms, interface=android.app.IActivityManager, code=27 oneway=false
07-03 19:55:23.322  1958  5236 I ActivityTaskManager: The Process com.android.settings Already Exists in BG. So sendingits PID: 21487
07-03 19:55:23.331  1958  5236 I Timeline: Timeline: App_transition_ready time:116490537
07-03 19:55:23.338 12116 12116 W BpBinder: Slow Binder: BpBinder transact took 722ms, interface=android.app.IActivityManager, code=27 oneway=false
07-03 19:55:23.343  6305  6350 W BpBinder: Slow Binder: BpBinder transact took 586ms, interface=android.app.IActivityManager, code=27 oneway=false
07-03 19:55:23.350  6305 22659 W BpBinder: Slow Binder: BpBinder transact took 512ms, interface=android.app.IActivityManager, code=27 oneway=false
07-03 19:55:23.351 14255 14255 W BpBinder: Slow Binder: BpBinder transact took 964ms, interface=android.app.IActivityManager, code=10 oneway=false
07-03 19:55:23.355 22359 22359 W BpBinder: Slow Binder: BpBinder transact took 731ms, interface=android.app.IActivityManager, code=29 oneway=false
07-03 19:55:23.359 25666 26024 W BpBinder: Slow Binder: BpBinder transact took 381ms, interface=android.app.IActivityManager, code=10 oneway=false
07-03 19:55:23.359  1958  1994 W Looper  : Slow Looper android.ui: Long Msg: seq=134145 plan=19:55:22.334  late=14ms wall=1011ms running=1ms runnable=1ms h=com.android.server.am.ActivityManagerService$UiHandler w=53
07-03 19:55:23.359  1958  1994 W Looper  : Slow dispatch took 1011ms android.ui h=com.android.server.am.ActivityManagerService$UiHandler c=null m=53
07-03 19:55:23.375 14255 14255 W Looper  : Slow Looper main: Long Msg: seq=70 plan=19:55:22.341  late=3ms wall=1030ms running=6ms runnable=2ms io=36ms h=android.app.ActivityThread$H w=115
07-03 19:55:23.382 28228 30140 W BpBinder: Slow Binder: BpBinder transact took 820ms, interface=android.app.job.IJobScheduler, code=1 oneway=false
07-03 19:55:23.486  2181  2181 I MiuiChargeManager: notifyBatteryStatusChanged:  status: 2 isPlugged: 2 level: 92 wireState: 11 chargeSpeed: 0 mWiredChargeType: 0 mWirelessChargeType: 0 chargeDeviceType: -1
07-03 19:55:23.553  1958  3851 I Timeline: Timeline: App_transition_ready time:116490759
07-03 19:55:23.575  1958  2014 E BatteryExternalStatsWorker: no controller energy info supplied for bluetooth
07-03 19:55:23.607  1958  2009 W FileUtils: Slow Operation: fsync took 195ms
07-03 19:55:23.802 12116 12197 W BpBinder: Slow Binder: BpBinder transact took 435ms, interface=com.google.android.apps.gsa.publicsearch.IPublicSearchService, code=2 oneway=false
07-03 19:55:23.920  3855 20608 W MiuiPerfServiceClient: interceptAndQueuing:2181|com.android.systemui|180|180|unknown|null|StatusBar|116489592408686|Slow main thread|1
07-03 19:55:23.920  3855 20608 W MiuiPerfServiceClient: interceptAndQueuing:2181|com.android.systemui|229|163|unknown|null|StatusBar|116490758529310|Slow main thread|2
07-03 19:55:24.095  1958  3851 E NotificationService: Suppressing notification from package by user request.
07-03 19:55:24.180 21487 21487 W Activity: Slow Operation: Activity com.android.settings/.Settings$UsbDetailsActivity onCreate took 688ms
07-03 19:55:24.218 21487 21487 W Looper  : Slow Looper main: Activity com.android.settings/.Settings$UsbDetailsActivityis 883ms late (wall=1ms running=0ms ClientTransaction{ callbacks=[android.app.servertransaction.TopResumedActivityChangeItem] }) because of 1 msg, msg 1 took 883ms (seq=20 running=79ms runnable=14ms io=730ms h=android.app.ActivityThread$H w=159)
07-03 19:55:24.259  1958  4692 I Timeline: Timeline: App_transition_ready time:116491465
07-03 19:55:24.261  1958  4692 I Timeline: Timeline: App_transition_ready time:116491467
07-03 19:55:24.272  1958  2645 W BroadcastQueue: Background execution not allowed: receiving Intent { act=android.intent.action.ACTION_POWER_CONNECTED flg=0x4000010 (has extras) } to com.teamsmart.videomanager.tv/com.liskovsoft.smartyoutubetv2.common.misc.RemoteControlReceiver
07-03 19:55:24.276  1958  2010 W BroadcastQueue: Background execution not allowed: receiving Intent { act=android.intent.action.ACTION_POWER_CONNECTED flg=0x4000010 (has extras) } to com.google.android.apps.turbo/.nudges.broadcasts.BatteryStatusChangedReceiver
07-03 19:55:24.276  1958  2010 W BroadcastQueue: Background execution not allowed: receiving Intent { act=android.intent.action.ACTION_POWER_CONNECTED flg=0x4000010 (has extras) } to com.google.android.gms/.chimera.GmsIntentOperationService$PersistentTrustedReceiver
07-03 19:55:24.276  1958  2010 W BroadcastQueue: Background execution not allowed: receiving Intent { act=android.intent.action.ACTION_POWER_CONNECTED flg=0x4000010 (has extras) } to com.google.android.gms/.gcm.nts.SchedulerReceiver
07-03 19:55:24.276  1958  2010 W BroadcastQueue: Background execution not allowed: receiving Intent { act=android.intent.action.ACTION_POWER_CONNECTED flg=0x4000010 (has extras) } to com.google.android.projection.gearhead/com.google.android.apps.auto.components.connectivity.impl.ConnectivityEventHandlerImpl$ConnectivityEventBroadcastReceiver
07-03 19:55:24.276  1958  2010 W BroadcastQueue: Background execution not allowed: receiving Intent { act=android.intent.action.ACTION_POWER_CONNECTED flg=0x4000010 (has extras) } to com.lbe.security.miui/xm.dt.rs.PowerChangeReceiver
07-03 19:55:24.277  1958  2010 W BroadcastQueue: Background execution not allowed: receiving Intent { act=android.intent.action.ACTION_POWER_CONNECTED flg=0x4000010 (has extras) } to com.miui.msa.global/com.xiaomi.ad.server.AdReceiver
07-03 19:55:24.277  1958  2010 W BroadcastQueue: Background execution not allowed: receiving Intent { act=android.intent.action.ACTION_POWER_CONNECTED flg=0x4000010 (has extras) } to com.digibites.accubattery/com.digibites.powerlib.receiver.PowerStateWatcher$Receiver
07-03 19:55:24.277  1958  2010 W BroadcastQueue: Background execution not allowed: receiving Intent { act=android.intent.action.ACTION_POWER_CONNECTED flg=0x4000010 (has extras) } to com.jio.myjio/com.inn.passivesdk.receiver.ServiceStarterReceiver
07-03 19:55:24.277  1958  2010 W BroadcastQueue: Background execution not allowed: receiving Intent { act=android.intent.action.ACTION_POWER_CONNECTED flg=0x4000010 (has extras) } to com.opera.browser/com.opera.android.news.newsfeed.internal.NewsFeedSystemReceiver
07-03 19:55:24.438  1958  4692 I Timeline: Timeline: App_transition_ready time:116491644
07-03 19:55:24.459  1958  1997 I Timeline: Timeline: App_transition_ready time:116491665
07-03 19:55:24.609  1958  1997 I Timeline: Timeline: App_transition_stopped time:116491815
07-03 19:55:24.625  1958  1997 I Timeline: Timeline: Activity_windows_visible id: ActivityRecord{88a74e5 u0 com.android.settings/.Settings$UsbDetailsActivity t1633} time:116491831
07-03 19:56:55.782 21487 21487 W ActivityThread: SCHED: com.android.settings/.Settings$UsbDetailsActivity [79, r=69ms, a=18ms, w=91573ms]
07-03 19:56:55.834  1958  5255 I Timeline: Timeline: App_transition_ready time:116583040
07-03 19:56:55.834  1958  5255 I Timeline: Timeline: App_transition_stopped time:116583040
07-03 19:56:55.838  1958  3901 W ActivityTaskManager: Finishing task with all activities already finished
07-03 19:56:55.838  1958  3901 W ActivityTaskManager: Duplicate finish request for ActivityRecord{88a74e5 u0 com.android.settings/.Settings$UsbDetailsActivity t1633 f}
07-03 19:56:56.910  1958  3906 W BaseMiuiPhoneWindowManager: keyCode:3 down:true eventTime:116584111 downTime:116584111policyFlags:2b000002 flags:48 deviceId:-1 isScreenOn:true keyguardActive:false repeatCount:0
07-03 19:56:56.940  1958  3906 W BaseMiuiPhoneWindowManager: keyCode:3 down:false eventTime:116584146 downTime:116584111 policyFlags:2b000002 flags:48 deviceId:-1 isScreenOn:true keyguardActive:false repeatCount:0
07-03 19:56:56.946  1958  2089 I ActivityTaskManager: START u0 {act=android.intent.action.MAIN cat=[android.intent.category.HOME] flg=0x10000100 cmp=com.miui.home/.launcher.Launcher (has extras)} from uid 0
07-03 19:56:56.959  1958  2089 I Timeline: Timeline: App_transition_ready time:116584165
07-03 19:56:56.979  1958  4415 I Timeline: Timeline: App_transition_ready time:116584185
07-03 19:56:56.981 21744 21744 W ActivityThread: SCHED: com.miui.gallery/.activity.InternalPhotoPageActivity [76, r=43ms, a=13ms, w=1174ms]
07-03 19:56:56.989  1958  1997 I Timeline: Timeline: App_transition_ready time:116584196
07-03 19:56:56.997  1958  1979 I Timeline: Timeline: App_transition_ready time:116584203
07-03 19:56:56.998  1958  1997 I Timeline: Timeline: App_transition_ready time:116584205
07-03 19:56:57.008  3855 20608 W MiuiPerfServiceClient: interceptAndQueuing:21744|com.miui.gallery|162|162|unknown|null|com.miui.gallery/com.miui.gallery.activity.InternalPhotoPageActivity|116583186918650|Slow handle traversal|1
07-03 19:56:57.020  1958  4415 I Timeline: Timeline: App_transition_ready time:116584226
07-03 19:56:57.038  1958  1997 I Timeline: Timeline: App_transition_ready time:116584244
07-03 19:56:57.094  1958  1997 I Timeline: Timeline: App_transition_ready time:116584301
07-03 19:56:57.594  1958  3906 I Timeline: Timeline: Activity_windows_visible id: ActivityRecord{ddb1799 u0 com.miui.home/.launcher.Launcher t1} time:116584801
07-03 19:56:57.598  1958  1997 I Timeline: Timeline: App_transition_stopped time:116584804
07-03 19:56:57.700 21744 21744 W ActivityThread: SCHED: com.miui.gallery/.activity.AllPhotosActivity [100, r=1ms, a=0ms, w=1ms]
07-03 19:56:58.826 25324 25324 I Timeline: Timeline: Activity_launch_request time:116586032
07-03 19:56:58.828  1958  4807 I ActivityTaskManager: START u0 {act=android.intent.action.MAIN cat=[android.intent.category.LAUNCHER] flg=0x10200000 cmp=com.BHG.gurbani/.SplashActivity bnds=[580,758][756,934] (has extras)} from uid 10094
07-03 19:56:58.860 25324 25324 W ActivityThread: SCHED: com.miui.home/.launcher.Launcher [78, r=150ms, a=41ms, w=1851ms]
07-03 19:56:58.866  1958  1979 I Timeline: Timeline: App_transition_ready time:116586073
07-03 19:56:59.062  1958  1997 I Timeline: Timeline: App_transition_stopped time:116586268
07-03 19:56:59.097  1958  1997 I Timeline: Timeline: Activity_windows_visible id: ActivityRecord{591976 u0 com.BHG.gurbani/.MainActivity t1631} time:116586304
07-03 19:56:59.158  1958  2006 I ProcessManager: Kill reason PeriodicCleaner(8|pressure) from pid=1958
07-03 19:56:59.160  1958  2006 I ProcessManager: PeriodicCleaner(8|pressure): kill com.android.vending:background Adj=875 State=20
07-03 19:56:59.160  1958  2006 I ActivityManager: Killing 22454:com.android.vending:background/u0a175 (adj 875): PeriodicCleaner(8|pressure)
07-03 19:56:59.161  1958  2006 I ProcessManager: PeriodicCleaner(8|pressure): kill com.android.vending Adj=885 State=20
07-03 19:56:59.161  1958  2006 I ActivityManager: Killing 22359:com.android.vending/u0a175 (adj 885): PeriodicCleaner(8|pressure)
07-03 19:56:59.978  1958  2764 I UsbPortManager: ClientCallback V1_0: otg_default
07-03 19:57:00.010  1958  2764 I UsbPortManager: ClientCallback V1_0: otg_default
07-03 19:57:01.223 21190 21190 I Timeline: Timeline: Activity_launch_request time:116588430
07-03 19:57:01.224  1958  3851 I ActivityTaskManager: START u0 {cmp=com.BHG.gurbani/.UploadActivity} from uid 10776
07-03 19:57:01.233 21190 21190 W ActivityThread: SCHED: com.BHG.gurbani/.MainActivity [79, r=70ms, a=18ms, w=2240ms]
07-03 19:57:01.235  1958  3901 I ActivityTaskManager: The Process com.BHG.gurbani Already Exists in BG. So sending its PID: 21190
07-03 19:57:01.241  1958  3901 I Timeline: Timeline: App_transition_ready time:116588447
07-03 19:57:01.290  1958  4522 E WindowManager: App trying to use insecure INPUT_FEATURE_NO_INPUT_CHANNEL flag. Ignoring
07-03 19:57:01.299  1958  4522 I Timeline: Timeline: App_transition_ready time:116588505
07-03 19:57:01.300  1958  4522 I Timeline: Timeline: App_transition_ready time:116588507
07-03 19:57:01.324  1958  1997 I Timeline: Timeline: App_transition_ready time:116588530
07-03 19:57:01.571  1958  1997 I Timeline: Timeline: Activity_windows_visible id: ActivityRecord{50b83b2 u0 com.BHG.gurbani/.UploadActivity t1631} time:116588778
07-03 19:57:01.576  1958  1997 I Timeline: Timeline: App_transition_stopped time:116588782
07-03 19:57:02.218 21190 21190 I Timeline: Timeline: Activity_launch_request time:116589424
07-03 19:57:02.219  1958  4522 I ActivityTaskManager: START u0 {act=android.intent.action.GET_CONTENT typ=image/* cmp=com.google.android.documentsui/com.android.documentsui.picker.PickActivity} from uid 10776
07-03 19:57:02.231 21190 21190 W ActivityThread: SCHED: com.BHG.gurbani/.UploadActivity [63, r=29ms, a=17ms, w=945ms]
07-03 19:57:02.234  1958  4522 I ActivityTaskManager: The Process com.google.android.documentsui Already Exists in BG. So sending its PID: 21559
07-03 19:57:02.241  1958  4522 I Timeline: Timeline: App_transition_ready time:116589447
07-03 19:57:02.363  1958  5236 E WindowManager: App trying to use insecure INPUT_FEATURE_NO_INPUT_CHANNEL flag. Ignoring
07-03 19:57:02.506  1958  5236 I Timeline: Timeline: App_transition_ready time:116589712
07-03 19:57:02.507  1958  5236 I Timeline: Timeline: App_transition_ready time:116589714
07-03 19:57:02.588  1958  4597 I Timeline: Timeline: App_transition_ready time:116589795
07-03 19:57:02.630  1958  1997 I Timeline: Timeline: App_transition_ready time:116589836
07-03 19:57:02.888  1958  1997 I Timeline: Timeline: Activity_windows_visible id: ActivityRecord{7c016ba u0 com.google.android.documentsui/com.android.documentsui.picker.PickActivity t1631} time:116590094
07-03 19:57:02.892  1958  1997 I Timeline: Timeline: App_transition_stopped time:116590098
07-03 19:57:04.464 21559 21559 W ActivityThread: SCHED: com.google.android.documentsui/com.android.documentsui.picker.PickActivity [87, r=283ms, a=41ms, w=2106ms]
07-03 19:57:04.470  1958  4522 I Timeline: Timeline: App_transition_ready time:116591676
07-03 19:57:04.478  1958  5258 I Timeline: Timeline: App_transition_ready time:116591684
07-03 19:57:05.099 21190 21190 W Activity: Slow Operation: Activity com.BHG.gurbani/.UploadActivity onActivityResult took 620ms
07-03 19:57:05.107  1958  5236 I Timeline: Timeline: App_transition_ready time:116592314
07-03 19:57:05.155  1958  1997 I Timeline: Timeline: App_transition_ready time:116592361
07-03 19:57:05.423  1958  1997 I Timeline: Timeline: Activity_windows_visible id: ActivityRecord{50b83b2 u0 com.BHG.gurbani/.UploadActivity t1631} time:116592629
07-03 19:57:05.426  1958  1997 I Timeline: Timeline: App_transition_stopped time:116592632
07-03 19:57:06.635 21190 21190 I Timeline: Timeline: Activity_launch_request time:116593842
07-03 19:57:06.638  1958  5236 I ActivityTaskManager: START u0 {act=android.intent.action.GET_CONTENT typ=image/* cmp=com.google.android.documentsui/com.android.documentsui.picker.PickActivity} from uid 10776
07-03 19:57:06.647 21190 21190 W ActivityThread: SCHED: com.BHG.gurbani/.UploadActivity [60, r=20ms, a=13ms, w=1545ms]
07-03 19:57:06.649  1958  4522 I ActivityTaskManager: The Process com.google.android.documentsui Already Exists in BG. So sending its PID: 21559
07-03 19:57:06.654  1958  4522 I Timeline: Timeline: App_transition_ready time:116593861
07-03 19:57:06.714  1958  5236 E WindowManager: App trying to use insecure INPUT_FEATURE_NO_INPUT_CHANNEL flag. Ignoring
07-03 19:57:06.768  1958  3901 I Timeline: Timeline: App_transition_ready time:116593974
07-03 19:57:06.769  1958  3901 I Timeline: Timeline: App_transition_ready time:116593976
07-03 19:57:06.880  1958  1997 I Timeline: Timeline: App_transition_ready time:116594086
07-03 19:57:07.140  1958  1997 I Timeline: Timeline: Activity_windows_visible id: ActivityRecord{e0f0017 u0 com.google.android.documentsui/com.android.documentsui.picker.PickActivity t1631} time:116594346
07-03 19:57:07.142  1958  1997 I Timeline: Timeline: App_transition_stopped time:116594349
07-03 19:57:07.975 21559 21559 W ActivityThread: SCHED: com.google.android.documentsui/com.android.documentsui.picker.PickActivity [81, r=276ms, a=64ms, w=1264ms]
07-03 19:57:07.986  1958  3851 I Timeline: Timeline: App_transition_ready time:116595193
07-03 19:57:08.001  1958  5236 I Timeline: Timeline: App_transition_ready time:116595208
07-03 19:57:08.014  1958  3851 I Timeline: Timeline: App_transition_ready time:116595220
07-03 19:57:08.036  1958  1997 I Timeline: Timeline: App_transition_ready time:116595242
07-03 19:57:08.273  1958  1997 I Timeline: Timeline: Activity_windows_visible id: ActivityRecord{50b83b2 u0 com.BHG.gurbani/.UploadActivity t1631} time:116595479
07-03 19:57:08.275  1958  1997 I Timeline: Timeline: App_transition_stopped time:116595482
07-03 19:57:09.999  1958  5258 I WindowManager: input method visible height changed 786
07-03 19:57:10.029 28084 28084 W Looper  : Slow Looper main: doFrame is 394ms late because of 9 msg, msg 1 took 412ms (seq=110229 running=42ms runnable=7ms io=254ms late=30ms h=com.android.internal.os.HandlerCaller$MyHandler w=60)
07-03 19:57:10.207  1958  3851 W BaseMiuiPhoneWindowManager: keyCode:4 down:true eventTime:116597412 downTime:116597412policyFlags:2b000002 flags:48 deviceId:-1 isScreenOn:true keyguardActive:false repeatCount:0
07-03 19:57:10.270  1958  5258 W BaseMiuiPhoneWindowManager: keyCode:4 down:false eventTime:116597476 downTime:116597412 policyFlags:2b000002 flags:48 deviceId:-1 isScreenOn:true keyguardActive:false repeatCount:0
07-03 19:57:10.296  1958  5258 I WindowManager: input method visible height changed 0
07-03 19:57:13.806 21190 21190 I Timeline: Timeline: Activity_launch_request time:116601012
07-03 19:57:13.807  1958  5258 I ActivityTaskManager: START u0 {act=android.intent.action.GET_CONTENT typ=image/* cmp=com.google.android.documentsui/com.android.documentsui.picker.PickActivity} from uid 10776
07-03 19:57:13.817 21190 21190 W ActivityThread: SCHED: com.BHG.gurbani/.UploadActivity [77, r=47ms, a=14ms, w=5813ms]
07-03 19:57:13.819  1958  4597 I ActivityTaskManager: The Process com.google.android.documentsui Already Exists in BG. So sending its PID: 21559
07-03 19:57:13.825  1958  4597 I Timeline: Timeline: App_transition_ready time:116601032
07-03 19:57:13.884  1958  4597 E WindowManager: App trying to use insecure INPUT_FEATURE_NO_INPUT_CHANNEL flag. Ignoring
07-03 19:57:13.972  1958  3851 I Timeline: Timeline: App_transition_ready time:116601178
07-03 19:57:13.973  1958  3851 I Timeline: Timeline: App_transition_ready time:116601180
07-03 19:57:14.038  1958  1997 I Timeline: Timeline: App_transition_ready time:116601244
07-03 19:57:14.275  1958  1997 I Timeline: Timeline: Activity_windows_visible id: ActivityRecord{63d9e03 u0 com.google.android.documentsui/com.android.documentsui.picker.PickActivity t1631} time:116601481
07-03 19:57:14.277  1958  1997 I Timeline: Timeline: App_transition_stopped time:116601483
07-03 19:57:15.423 21559 21559 W ActivityThread: SCHED: com.google.android.documentsui/com.android.documentsui.picker.PickActivity [88, r=285ms, a=37ms, w=1543ms]
07-03 19:57:15.429  1958  5236 I Timeline: Timeline: App_transition_ready time:116602635
07-03 19:57:15.446  1958  3851 I Timeline: Timeline: App_transition_ready time:116602653
07-03 19:57:15.532  1958  3851 I Timeline: Timeline: App_transition_ready time:116602738
07-03 19:57:15.559  1958  1997 I Timeline: Timeline: App_transition_ready time:116602766
07-03 19:57:15.826  1958  1997 I Timeline: Timeline: Activity_windows_visible id: ActivityRecord{50b83b2 u0 com.BHG.gurbani/.UploadActivity t1631} time:116603032
07-03 19:57:15.828  1958  1997 I Timeline: Timeline: App_transition_stopped time:116603034
07-03 19:57:16.241  1958  3851 I WindowManager: input method visible height changed 786
07-03 19:57:22.457  1958  4597 E WindowManager: App trying to use insecure INPUT_FEATURE_NO_INPUT_CHANNEL flag. Ignoring
07-03 19:57:22.459 21190 21190 W ActivityThread: SCHED: com.BHG.gurbani/.UploadActivity [83, r=146ms, a=28ms, w=6947ms]
07-03 19:57:22.464  1958  4692 I Timeline: Timeline: App_transition_ready time:116609671
07-03 19:57:22.470  1958  4692 I Timeline: Timeline: App_transition_ready time:116609676
07-03 19:57:22.471  1958  4692 I Timeline: Timeline: App_transition_ready time:116609678
07-03 19:57:22.482  1958  1997 I Timeline: Timeline: App_transition_ready time:116609688
07-03 19:57:22.499  1958  3901 I Timeline: Timeline: App_transition_ready time:116609705
07-03 19:57:22.521  1958  1997 I Timeline: Timeline: App_transition_ready time:116609727
07-03 19:57:22.548  1958  3901 I WindowManager: input method visible height changed 0
07-03 19:57:22.761  1958  1997 I Timeline: Timeline: Activity_windows_visible id: ActivityRecord{591976 u0 com.BHG.gurbani/.MainActivity t1631} time:116609968
07-03 19:57:22.763  1958  1997 I Timeline: Timeline: App_transition_stopped time:116609970
07-03 19:57:24.567  1958  4692 W NotificationService: Toast already killed. pkg=com.BHG.gurbani callback=android.app.ITransientNotification$Stub$Proxy@33c9e21
07-03 19:57:25.960  1958  1996 W WindowManager: Unable to start animation, surface is null or no children.
07-03 19:57:35.458  1958  1958 W WindowManager: removeWindowToken: Attempted to remove non-existing token: android.os.Binder@fcc6b41
07-03 19:57:35.568 21190 21190 I Timeline: Timeline: Activity_launch_request time:116622775
07-03 19:57:35.570  1958  3901 I ActivityTaskManager: START u0 {cmp=com.BHG.gurbani/.UploadActivity} from uid 10776
07-03 19:57:35.582 21190 21190 W ActivityThread: SCHED: com.BHG.gurbani/.MainActivity [86, r=613ms, a=92ms, w=13098ms]
07-03 19:57:35.585  1958  5258 I ActivityTaskManager: The Process com.BHG.gurbani Already Exists in BG. So sending its PID: 21190
07-03 19:57:35.589  1958  5258 I Timeline: Timeline: App_transition_ready time:116622796
07-03 19:57:35.628  1958  4692 E WindowManager: App trying to use insecure INPUT_FEATURE_NO_INPUT_CHANNEL flag. Ignoring
07-03 19:57:35.639  1958  3901 I Timeline: Timeline: App_transition_ready time:116622846
07-03 19:57:35.641  1958  3901 I Timeline: Timeline: App_transition_ready time:116622847
07-03 19:57:35.663  1958  1997 I Timeline: Timeline: App_transition_ready time:116622869
07-03 19:57:35.915  1958  1997 I Timeline: Timeline: Activity_windows_visible id: ActivityRecord{fa172cc u0 com.BHG.gurbani/.UploadActivity t1631} time:116623121
07-03 19:57:35.917  1958  1997 I Timeline: Timeline: App_transition_stopped time:116623124
07-03 19:57:36.803 21190 21190 I Timeline: Timeline: Activity_launch_request time:116624009
07-03 19:57:36.805  1958  4692 I ActivityTaskManager: START u0 {act=android.intent.action.GET_CONTENT typ=image/* cmp=com.google.android.documentsui/com.android.documentsui.picker.PickActivity} from uid 10776
07-03 19:57:36.816 21190 21190 W ActivityThread: SCHED: com.BHG.gurbani/.UploadActivity [70, r=29ms, a=12ms, w=1193ms]
07-03 19:57:36.819  1958  3901 I ActivityTaskManager: The Process com.google.android.documentsui Already Exists in BG. So sending its PID: 21559
07-03 19:57:36.824  1958  3901 I Timeline: Timeline: App_transition_ready time:116624031
07-03 19:57:36.875  1958  3901 E WindowManager: App trying to use insecure INPUT_FEATURE_NO_INPUT_CHANNEL flag. Ignoring
07-03 19:57:36.956  1958  4692 I Timeline: Timeline: App_transition_ready time:116624162
07-03 19:57:36.958  1958  4692 I Timeline: Timeline: App_transition_ready time:116624164
07-03 19:57:37.043  1958  1997 I Timeline: Timeline: App_transition_ready time:116624249
07-03 19:57:37.299  1958  1997 I Timeline: Timeline: Activity_windows_visible id: ActivityRecord{237bf8a u0 com.google.android.documentsui/com.android.documentsui.picker.PickActivity t1631} time:116624506
07-03 19:57:37.302  1958  1997 I Timeline: Timeline: App_transition_stopped time:116624508
07-03 19:57:38.356 21559 21559 W ActivityThread: SCHED: com.google.android.documentsui/com.android.documentsui.picker.PickActivity [87, r=261ms, a=39ms, w=1485ms]
07-03 19:57:38.366  1958  5258 I Timeline: Timeline: App_transition_ready time:116625572
07-03 19:57:38.367  1958  3132 I Timeline: Timeline: App_transition_ready time:116625574
07-03 19:57:38.409  1958  5258 I Timeline: Timeline: App_transition_ready time:116625615
07-03 19:57:38.441  1958  1997 I Timeline: Timeline: App_transition_ready time:116625647
07-03 19:57:38.700  1958  1997 I Timeline: Timeline: Activity_windows_visible id: ActivityRecord{fa172cc u0 com.BHG.gurbani/.UploadActivity t1631} time:116625907
07-03 19:57:38.702  1958  1997 I Timeline: Timeline: App_transition_stopped time:116625909
07-03 19:57:38.731   788   903 W EventThreadInspector: slow VSync-sf on display(19260784713820289), count=1, avg=32 ms,max=32 ms.
07-03 19:57:39.996 21190 21190 I Timeline: Timeline: Activity_launch_request time:116627203
07-03 19:57:39.998  1958  4597 I ActivityTaskManager: START u0 {act=android.intent.action.GET_CONTENT typ=image/* cmp=com.google.android.documentsui/com.android.documentsui.picker.PickActivity} from uid 10776
07-03 19:57:40.009 21190 21190 W ActivityThread: SCHED: com.BHG.gurbani/.UploadActivity [75, r=18ms, a=6ms, w=1610ms]
07-03 19:57:40.010  1958  5258 I ActivityTaskManager: The Process com.google.android.documentsui Already Exists in BG. So sending its PID: 21559
07-03 19:57:40.015  1958  5258 I Timeline: Timeline: App_transition_ready time:116627221
07-03 19:57:40.083  1958  4597 E WindowManager: App trying to use insecure INPUT_FEATURE_NO_INPUT_CHANNEL flag. Ignoring
07-03 19:57:40.125  1958  4597 I Timeline: Timeline: App_transition_ready time:116627332
07-03 19:57:40.126  1958  4597 I Timeline: Timeline: App_transition_ready time:116627333
07-03 19:57:40.189  1958  1997 I Timeline: Timeline: App_transition_ready time:116627396
07-03 19:57:40.436  1958  1997 I Timeline: Timeline: Activity_windows_visible id: ActivityRecord{804ba54 u0 com.google.android.documentsui/com.android.documentsui.picker.PickActivity t1631} time:116627642
07-03 19:57:40.438  1958  1997 I Timeline: Timeline: App_transition_stopped time:116627644
07-03 19:57:40.841 21559 21559 W ActivityThread: SCHED: com.google.android.documentsui/com.android.documentsui.picker.PickActivity [85, r=200ms, a=33ms, w=762ms]
07-03 19:57:40.849  1958  3901 I Timeline: Timeline: App_transition_ready time:116628055
07-03 19:57:40.857  1958  4597 I Timeline: Timeline: App_transition_ready time:116628063
07-03 19:57:41.257 21190 21190 W Activity: Slow Operation: Activity com.BHG.gurbani/.UploadActivity onActivityResult took 399ms
07-03 19:57:41.269  1958  3132 I Timeline: Timeline: App_transition_ready time:116628475
07-03 19:57:41.315  1958  1997 I Timeline: Timeline: App_transition_ready time:116628521
