07-01 00:15:47.016  2513  2513 D PhoneSwitcherNetworkRequstListener: got request NetworkRequest [ TRACK_DEFAULT id=3580, [ Capabilities: INTERNET&NOT_RESTRICTED&TRUSTED Uid: 10762] ] with score 60 and serial -1
07-01 00:15:47.017 31632 31711 D WM-NetworkStateTracker: Network capabilities changed: [ Transports: WIFI Capabilities:NOT_METERED&INTERNET&NOT_RESTRICTED&TRUSTED&NOT_VPN&VALIDATED&NOT_ROAMING&FOREGROUND&NOT_CONGESTED&NOT_SUSPENDED LinkUpBandwidth>=1048576Kbps LinkDnBandwidth>=1048576Kbps SignalStrength: -47]
07-01 00:15:47.017  3633  3633 I CNSS    : Failed to send nl message
07-01 00:15:47.018  3633  3633 I chatty  : uid=1000(system) /system/vendor/bin/cnss_diag identical 3 lines
07-01 00:15:47.018  3633  3633 I CNSS    : Failed to send nl message
07-01 00:15:47.019 31632 31690 D WM-GreedyScheduler: Constraints met: Scheduling work ID WorkGenerationalId(workSpecId=9ca8a37d-d85d-4634-b717-80699775f897, generation=0)
07-01 00:15:47.024   511   511 I hwservicemanager: getTransport: Cannot find entry vendor.qti.hardware.servicetracker@1.0::IServicetracker/default in either framework or device manifest.
07-01 00:15:47.024 31632 31690 D WM-Processor: Work WorkGenerationalId(workSpecId=9ca8a37d-d85d-4634-b717-80699775f897,generation=0) is already enqueued for processing
07-01 00:15:47.025   511   511 I hwservicemanager: getTransport: Cannot find entry vendor.qti.hardware.servicetracker@1.0::IServicetracker/default in either framework or device manifest.
07-01 00:15:47.026 31632 31704 D NetworkSecurityConfig: Using Network Security Config from resource (name removed) debugBuild: false
07-01 00:15:47.027 31632 31704 I DpmTcmClient: RegisterTcmMonitor from: $Proxy0
07-01 00:15:47.048  1958  5255 W BaseMiuiPhoneWindowManager: keyCode:3 down:false eventTime:52562968 downTime:52562880 policyFlags:2b000002 flags:48 deviceId:-1 isScreenOn:true keyguardActive:false repeatCount:0
07-01 00:15:47.053 25666 25666 I VideoToolBoxService: onReceive: android.intent.action.CLOSE_SYSTEM_DIALOGS
07-01 00:15:47.053 25666 25666 I GameBoosterService: onReceive: android.intent.action.CLOSE_SYSTEM_DIALOGS
07-01 00:15:47.054  1958  2089 I ActivityTaskManager: START u0 {act=android.intent.action.MAIN cat=[android.intent.category.HOME] flg=0x10000100 cmp=com.miui.home/.launcher.Launcher (has extras)} from uid 0
07-01 00:15:47.054  1958  2089 D MiuiMultiWindowAdapter: MiuiMultiWindowAdapter::getFreeformBlackList::sSmallWindowBlackList = [com.miui.securitycenter, com.miui.weather2, com.miui.miservice, com.android.calendar, com.xiaomi.calendar, com.android.contacts, com.miui.mishare.connectivity, com.android.settings, com.android.printspooler, com.miui.backup, com.miui.huanji, com.miui.calculator, com.android.deskclock, com.android.thememanager, com.mfashiongallery.emag, com.miui.virtualsim, com.miui.smarttravel, com.mi.health, com.android.camera, com.lbe.security.miui, com.miui.cleanmaster, com.miui.newhome, com.miui.voiceassist, com.android.phone, com.miui.yellowpage, com.android.updater, com.miui.tsmclient, com.miui.securitycore, com.xiaomi.account, com.xiaomi.shop, com.mipay.wallet, com.xiaomi.youpin, com.xiaomi.hm.health, com.miui.bugreport, com.xiaomi.mibrain.speech, com.xiaomi.mimoji, com.xiaomi.scanner, com.duokan.phone.remotecontroller, com.miui.hybrid, com.android.incallui, com.miui.video, com.miui.videoplayer, com.miui.player, com.miui.fm, com.miui.packageinstaller, com.mi.android.globallauncher, com.google.android.dialer, com.google.android.apps.magazines, com.miui.compass, com.miui.greenguard, com.kiteguard, com.google.android.apps.prodcasts, com.google.ar.lens, com.xiangkan.android, com.android.bankabc, com.sohu.inputmethod.sogou, com.tencent.mtt, com.shyz.toutiao, com.netease.mc.mi, com.outfit7.talkingtomgoldrun.mi, com.doudz.mi, com.wepie.snake.new.mi, cn.jj, com.standddz002.mi, com.miHoYo.bh3.mi, com.qqgame.hlddz, com.happyelements.AndroidAnimal, com.minitech.miniworld.TMobile.mi, com.mfp.jelly.xiaomi, com.lilithgames.afk.mi, com.tencent.peng, com.teenpatti.hd.gold, blockpuzzle.jewelgames.jewelslegend, com.playgendary.tanks, com.chillingo.robberybobfree.android.row, com.episodeinteractive.android.catalog, com.playrix.township, com.ansangha.drdriving, com.google.android.youtube, com.gbits.atm.mi]
07-01 00:15:47.055  2181  2181 W HeadsUpManager: removeHeadsUpNotification() no heads up notification on show
07-01 00:15:47.055  2181  2181 I vol.MiuiVolumeDialogImp: dismissH mShowing:false dialog showing:false reason:2
07-01 00:15:47.059  1958  2089 D ActivityTrigger: ActivityTrigger activityPauseTrigger
07-01 00:15:47.063 30977 30993 I ProcessMonitor: onForegroundInfoChanged: ForegroundInfo{mForegroundPackageName='com.miui.home', mForegroundUid=10094, mForegroundPid=25324, mLastForegroundPackageName='com.miui.securitycenter', mLastForegroundUid=1000, mLastForegroundPid=29764, mMultiWindowForegroundPackageName='null', mMultiWindowForegroundUid=-1, mFlags=0}
07-01 00:15:47.063  1958  2089 D CompatibilityInfo: mCompatibilityFlags - 0
07-01 00:15:47.063  1958  2089 D CompatibilityInfo: applicationDensity - 432
07-01 00:15:47.063  1958  2089 D CompatibilityInfo: applicationScale - 1.0
07-01 00:15:47.063  5428  6806 I GST     : forePkg: com.miui.home, preForePkg: com.miui.securitycenter
07-01 00:15:47.063  5413  6454 D PerfEngineController: ForegroundInfo{mForegroundPackageName='com.miui.home', mForegroundUid=10094, mForegroundPid=25324, mLastForegroundPackageName='com.miui.securitycenter', mLastForegroundUid=1000, mLastForegroundPid=29764, mMultiWindowForegroundPackageName='null', mMultiWindowForegroundUid=-1, mFlags=0}
07-01 00:15:47.063 25666 27792 I ProcessMonitor: onForegroundInfoChanged: ForegroundInfo{mForegroundPackageName='com.miui.home', mForegroundUid=10094, mForegroundPid=25324, mLastForegroundPackageName='com.miui.securitycenter', mLastForegroundUid=1000, mLastForegroundPid=29764, mMultiWindowForegroundPackageName='null', mMultiWindowForegroundUid=-1, mFlags=0}
07-01 00:15:47.064 25666 27792 I GameBoosterService: onForegroundInfoChanged: Cur=com.miui.home  last=com.miui.securitycenter
07-01 00:15:47.065 25666 27792 D GameBoosterService: onGameStatusChange foreground:ForegroundInfo{mForegroundPackageName='com.miui.home', mForegroundUid=10094, mForegroundPid=25324, mLastForegroundPackageName='com.miui.securitycenter', mLastForegroundUid=1000, mLastForegroundPid=29764, mMultiWindowForegroundPackageName='null', mMultiWindowForegroundUid=-1, mFlags=0}
07-01 00:15:47.065 25666 27792 I VideoBoxUtils: isSupportVideoBox: false
07-01 00:15:47.065 25666 27792 I VideoToolBoxService: vtb is closed!!!
07-01 00:15:47.066  1958  2089 I Timeline: Timeline: App_transition_ready time:52562987
07-01 00:15:47.067  1958  2089 V InputDispatcher: Asynchronous input event injection succeeded.
07-01 00:15:47.068 25324 25324 D Launcher.Lifecycle: onStart:UserHandle{0},e938a99,false
07-01 00:15:47.069 25324 26142 I RenderThread: RenderThread resumed
07-01 00:15:47.069 25324 26142 I RenderThread: All controllers paused.
07-01 00:15:47.069 25324 26142 I RenderThread: RenderThread paused, waiting for signal
07-01 00:15:47.071  1958  1997 I Timeline: Timeline: App_transition_ready time:52562992
07-01 00:15:47.072 25359 25378 D PMonitor:  onForegroundActivitiesChanged:pid = 25324,activity-uid=10094,foregroundActivities=true
07-01 00:15:47.073 29764 29764 W ActivityThread: SCHED: com.miui.securitycenter/com.miui.appmanager.ApplicationsDetailsActivity [79, r=61ms, a=16ms, w=1286ms]
07-01 00:15:47.075  1958  2104 I MiuiNetworkPolicy: updateUidState uid = 10094, uidState = 2
07-01 00:15:47.075  1958  2104 I MiuiNetworkPolicy: updateUidState uid = 10077, uidState = 9
07-01 00:15:47.077  2181  2181 D StatusBar: recevie broadbcast ACTION_APPLICATION_MESSAGE_QUERY, requestFirstTime=false
07-01 00:15:47.079   511   511 I hwservicemanager: getTransport: Cannot find entry vendor.qti.hardware.servicetracker@1.0::IServicetracker/default in either framework or device manifest.
07-01 00:15:47.081  1958  5255 I Timeline: Timeline: App_transition_ready time:52563002
07-01 00:15:47.082  1958  1997 I Timeline: Timeline: App_transition_ready time:52563003
07-01 00:15:47.085 25324 25324 E RotationHelper: setCurrentStateRequest: request=0
07-01 00:15:47.085 25324 25324 D EventBus: No subscribers registered for event class com.miui.home.launcher.common.messages.CloseAllOverLauncherWindowMessage
07-01 00:15:47.085 25324 25324 D EventBus: No subscribers registered for event class org.greenrobot.eventbus.NoSubscriberEvent
07-01 00:15:47.087 25324 25324 D Launcher.Lifecycle: onResume:UserHandle{0},e938a99,false
07-01 00:15:47.088 25324 25393 D StatusBarController: handleMessage: flag 800000  disable false
07-01 00:15:47.089 25324 26142 I RenderThread: RenderThread resumed
07-01 00:15:47.089 25324 26142 I RenderThread: All controllers paused.
07-01 00:15:47.089 25324 26142 I RenderThread: RenderThread paused, waiting for signal
07-01 00:15:47.092 25666 25666 I VideoToolBoxService: onReceive: android.intent.action.CLOSE_SYSTEM_DIALOGS
07-01 00:15:47.092 25666 25666 I GameBoosterService: onReceive: android.intent.action.CLOSE_SYSTEM_DIALOGS
07-01 00:15:47.094  2181  2181 I vol.MiuiVolumeDialogImp: dismissH mShowing:false dialog showing:false reason:2
07-01 00:15:47.094  2181  2181 W HeadsUpManager: removeHeadsUpNotification() no heads up notification on show
07-01 00:15:47.096  1958  2647 I Timeline: Timeline: App_transition_ready time:52563016
07-01 00:15:47.098 25324 25324 D Launcher_WallpaperUtils: changeStatusBarMode:false
07-01 00:15:47.098 25324 25324 D RecentsImpl: mActivityStateObserver com.miui.home.launcher.Launcher
07-01 00:15:47.098 25324 25324 W RecentsImpl: onResumed className=com.miui.home.launcher.Launcher   mIsInAnotherPro=false
07-01 00:15:47.108  1958  5256 I Timeline: Timeline: App_transition_ready time:52563028
07-01 00:15:47.116  3633  3633 I CNSS    : Failed to send nl message
07-01 00:15:47.124  1958  1997 I Timeline: Timeline: App_transition_ready time:52563045
07-01 00:15:47.125 25324 25324 D Launcher.Lifecycle: onWindowFocusChanged:true,UserHandle{0},e938a99,false
07-01 00:15:47.125 25324 25324 D Launcher_UnlockAnimationStateMachine: onWindowFocus:IDLE
07-01 00:15:47.128  3633  3633 I CNSS    : Failed to send nl message
07-01 00:15:47.135  3633  3633 I chatty  : uid=1000(system) /system/vendor/bin/cnss_diag identical 8 lines
07-01 00:15:47.136  3633  3633 I CNSS    : Failed to send nl message
07-01 00:15:47.139   613 31716 E ResolverController: No valid NAT64 prefix (108, <unspecified>/0)
07-01 00:15:47.159  1958  1997 I Timeline: Timeline: App_transition_ready time:52563079
07-01 00:15:47.160 31632 31673 D WM-SystemJobScheduler: Scheduling work ID 8d29c476-e1e3-4bcf-b949-9edc4bf08999Job ID 1112
07-01 00:15:47.162 25324 25341 E LauncherAnimationRunner: onAnimationStart
07-01 00:15:47.162 25324 25341 E LauncherAnimationRunner: onAnimationStart:   mode=0   taskId=1
07-01 00:15:47.162 25324 25341 E LauncherAnimationRunner: onAnimationStart:   mode=1   taskId=1257
07-01 00:15:47.163 25324 25324 I RenderVsyncUpdater: All controllers paused.
07-01 00:15:47.164 25324 25324 E QuickstepAppTransitionManagerImpl: startClosingWindowAnimators
07-01 00:15:47.164 25324 25324 D ItemIcon: getClosingAppDefaultDisappearRect, Rotation=0
07-01 00:15:47.164 25324 25324 E ClipAnimationHelper: updateSourceStack  mSourceInsets=Rect(0, 79 - 0, 127), mSourceStackBounds=Rect(0, 0 - 1080, 2340)
07-01 00:15:47.164 25324 25324 E ClipAnimationHelper: updateHomeStack  mSourceInsets=Rect(0, 79 - 0, 127), mHomeStackBounds=Rect(0, 0 - 1080, 2340)
07-01 00:15:47.164 25324 25324 E ClipAnimationHelper: updateTargetRect  mSourceRect=RectF(0.0, 79.0, 1080.0, 2419.0)   mTargetRect=RectF(0.0, 0.0, 1080.0, 2340.0)   mSourceWindowClipInsets=RectF(0.0, 79.0, 0.0, 0.0)   mHomeStackBounds=Rect(0, 0 - 1080, 2340)   targetRect=Rect(0, 0 - 1080, 2340)
07-01 00:15:47.164 25324 25324 E QuickstepAppTransitionManagerImpl: startClosingWindowAnimators:startRect=RectF(0.0, 0.0, 1080.0, 2340.0), targetRect=Rect(504, 701 - 576, 773), currentRotation=0, isUseSimpleAnim=true
07-01 00:15:47.165 25324 25324 D QuickstepAppTransitionManagerImpl: startClosingWindowAnimators, springAnim start, hideicon=null
07-01 00:15:47.165 25324 25324 E QuickstepAppTransitionManagerImpl: startLauncherContentAnimator:isAppOpening=false
07-01 00:15:47.165 28084 28084 I GoogleInputMethodService: GoogleInputMethodService.onFinishInput():1984
07-01 00:15:47.166 25324 25393 E StateBroadcastUtils: sendFsStateBroadCast state=closeWindow   channel=navigation_barpackageName=
07-01 00:15:47.166 28084 28084 I Module  : DeviceLockedStatusModuleProvider$Module.updateDeviceLockedStatus():100 repeatCheckTimes = 0, locked = false
07-01 00:15:47.166 28084 28084 I GoogleInputMethodService: GoogleInputMethodService.onStartInput():1248 onStartInput(EditorInfo{EditorInfo{packageName=com.miui.home, inputType=0, inputTypeString=NULL, enableLearning=false, autoCorrection=false, autoComplete=false, imeOptions=0, privateImeOptions=null, actionName=UNSPECIFIED, actionLabel=null, initialSelStart=-1, initialSelEnd=-1, initialCapsMode=0, label=null, fieldId=2131361997, fieldName=null, extras=null, hintText=null, hintLocales=[]}}, false)
07-01 00:15:47.167 28084 28084 I Module  : DeviceLockedStatusModuleProvider$Module.updateDeviceLockedStatus():100 repeatCheckTimes = 1, locked = false
07-01 00:15:47.171 25324 25324 D EventBus: No subscribers registered for event class com.miui.home.recents.messages.TaskSnapshotChangedEvent
07-01 00:15:47.172 25324 25324 D EventBus: No subscribers registered for event class org.greenrobot.eventbus.NoSubscriberEvent
07-01 00:15:47.181 25666 27792 I SCTaskStackListener: onTaskStackChanged! inSplit = false
07-01 00:15:47.181 25666 29068 I SCTaskStackListener: onTaskStackChanged! inSplit = false
07-01 00:15:47.194 31632 31690 I WM-WorkerWrapper: Worker result SUCCESS for Work [ id=9ca8a37d-d85d-4634-b717-80699775f897, tags={ com.whatsapp.stickers.stickerpack.FetchDiscoveryPackWorker } ]
07-01 00:15:47.197 31632 31632 D WM-Processor: DjA 9ca8a37d-d85d-4634-b717-80699775f897 executed; reschedule = false
07-01 00:15:47.197 31632 31632 D WM-GreedyScheduler: Stopping tracking for WorkGenerationalId(workSpecId=9ca8a37d-d85d-4634-b717-80699775f897, generation=0)
07-01 00:15:47.197 31632 31632 D WM-SystemJobService: 9ca8a37d-d85d-4634-b717-80699775f897 executed on JobScheduler
07-01 00:15:47.199   511   511 I hwservicemanager: getTransport: Cannot find entry vendor.qti.hardware.servicetracker@1.0::IServicetracker/default in either framework or device manifest.
07-01 00:15:47.200   511   511 I hwservicemanager: getTransport: Cannot find entry vendor.qti.hardware.servicetracker@1.0::IServicetracker/default in either framework or device manifest.
07-01 00:15:47.205  1958  2104 I MiuiNetworkPolicy: updateUidState uid = 10762, uidState = 11
07-01 00:15:47.207 31632 31690 D WM-GreedyScheduler: Cancelling work ID 9ca8a37d-d85d-4634-b717-80699775f897
07-01 00:15:47.209  3633  3633 I CNSS    : Failed to send nl message
07-01 00:15:47.211  1958  2104 I MiuiNetworkPolicy: updateUidState uid = 10762, uidState = 20
07-01 00:15:47.216 31632 31690 D WM-NetworkStateTracker: Unregistering network callback
07-01 00:15:47.230  3633  3633 I CNSS    : Failed to send nl message
07-01 00:15:47.232  3633  3633 I chatty  : uid=1000(system) /system/vendor/bin/cnss_diag identical 3 lines
07-01 00:15:47.234  3633  3633 I CNSS    : Failed to send nl message
07-01 00:15:47.236  2181  2181 D ControlPanelWindowManager: onExpandChange: false
07-01 00:15:47.236  3633  3633 I CNSS    : Failed to send nl message
07-01 00:15:47.237  1958  2647 W ActivityManager: Sending non-protected broadcast com.android.systemui.fsgesture from system 2181:com.android.systemui/1000 pkg com.android.systemui. Callers=
07-01 00:15:47.237  1958  2647 W ActivityManager: Sending non-protected broadcast com.android.systemui.fsgesture from system 2181:com.android.systemui/1000 pkg com.android.systemui. Callers=
07-01 00:15:47.238  2181  2181 D systemui_boost: control center panel visible = false;ui thread tid=2181;render thread tid=2869
07-01 00:15:47.238  2181  2181 D systemui_boost: thread tid=2181, priority is set to 0
07-01 00:15:47.238  2181  2181 D systemui_boost: thread tid=2869, priority is set to 0
07-01 00:15:47.238  2181  2181 D systemui_boost: ui thread and render thread are reset
07-01 00:15:47.238  2181  2181 D QSControlCenterTileLayout: setExpanded:false
07-01 00:15:47.238  2181  2181 D QSControlCenterTileLayout: onMeasure height:409  showLines:2
07-01 00:15:47.238  2181  2181 D QSControlCenterTileLayout: onMeasure height:409  showLines:2
07-01 00:15:47.238 25324 25324 W RecentsImpl: updateFsgWindowVisibilityState   isEnter=false   typeFrom=typefrom_status_bar_expansion   isOpen=false   mIsInAnotherPro=false   mIsStatusBarExpansion=false
07-01 00:15:47.239  3633  3633 I CNSS    : Failed to send nl message
07-01 00:15:47.240  3633  3633 I chatty  : uid=1000(system) /system/vendor/bin/cnss_diag identical 1 line
07-01 00:15:47.241  3633  3633 I CNSS    : Failed to send nl message
07-01 00:15:47.243  2181  2181 D QSControlCenterTileLayout: onMeasure height:409  showLines:2
07-01 00:15:47.243  2181  2181 D QSControlCenterTileLayout: onMeasure height:409  showLines:2
07-01 00:15:47.334 31632 31668 D BluetoothHeadset: Binding service...
07-01 00:15:47.335  1958  2647 W BluetoothManagerService: bindBluetoothProfileService:Trying to bind to profile: 1, while Bluetooth is disabled
07-01 00:15:47.347  3633  3633 I CNSS    : Failed to send nl message
07-01 00:15:47.531  3633  3633 I chatty  : uid=1000(system) /system/vendor/bin/cnss_diag identical 44 lines
07-01 00:15:47.532  3633  3633 I CNSS    : Failed to send nl message
07-01 00:15:47.544  1958  3906 D CompatibilityInfo: mCompatibilityFlags - 0
07-01 00:15:47.544  1958  3906 D CompatibilityInfo: applicationDensity - 432
07-01 00:15:47.544  1958  3906 D CompatibilityInfo: applicationScale - 1.0
07-01 00:15:47.545   511   511 I hwservicemanager: getTransport: Cannot find entry vendor.qti.hardware.servicetracker@1.0::IServicetracker/default in either framework or device manifest.
07-01 00:15:47.546  1958  2104 I MiuiNetworkPolicy: updateUidState uid = 10762, uidState = 11
07-01 00:15:47.608 25324 25324 D EventBus: No subscribers registered for event class com.miui.home.launcher.common.messages.EndSpringAnimatorMessage
07-01 00:15:47.608 25324 25324 D EventBus: No subscribers registered for event class org.greenrobot.eventbus.NoSubscriberEvent
07-01 00:15:47.608 25324 25324 D FeedSwipeController: touchState : 0 scrolling : false normalEditing : false WidgetThumbnailViewShowing : false UninstallDialogShowing : false isMinusScreenShowing: false
07-01 00:15:47.608 25324 25324 D FeedSwipeController: can not use
07-01 00:15:47.608 25324 25324 D Launcher.StatusBarController: try intercept touch, isProxySurvive=true
07-01 00:15:47.609 25324 25324 D Launcher.Workspace: Workspace touch down
07-01 00:15:47.609 25324 25324 D ScreenView_Workspace: onIntercept:0.0
07-01 00:15:47.609 25324 25324 D ScreenView_Workspace: not intercept
07-01 00:15:47.610 25324 25324 D Launcher.CellLayout: touch item:ShortcutInfo, id=549, itemType=0, user=UserHandle{0}, mIconType=0, pkgName=com.BHG.gurbani, className=com.BHG.gurbani.SplashActivity, screenId=5, container=-100, cellX=2, cellY=2, spanX=1, spanY=1, isLandscapePos=false
07-01 00:15:47.610 25324 25324 D Launcher.itemIcon: folmeDown
07-01 00:15:47.613 25324 30753 D Launcher_dispatchTouchEvent_View: [motionEvent view:]
07-01 00:15:47.613 25324 30753 D Launcher_dispatchTouchEvent_View: 15:47.610 View=com.miui.home.launcher.ShortcutMenuLayer{93f4c09 V.E...... ........ 0,0-1080,2340 #7f0a022b app:id/shortcut_menu_layer}
07-01 00:15:47.613 25324 30753 D Launcher_dispatchTouchEvent_View: 15:47.611 View=com.miui.home.launcher.DragLayer{c477341 V.E...... ........ 0,0-1080,2340 #7f0a00e7 app:id/drag_layer}
07-01 00:15:47.613 25324 30753 D Launcher_dispatchTouchEvent_View: 15:47.611 View=com.miui.home.launcher.search.SearchEdgeLayout{4d010e6 V.ED..... ........ 0,0-1080,2340 #7f0a01e7 app:id/screen}
07-01 00:15:47.613 25324 30753 D Launcher_dispatchTouchEvent_View: 15:47.611 View=com.miui.home.launcher.FitSystemWindowView{9a17627 V.E...... ........ 0,0-1080,2340 #7f0a01e8 app:id/screen_content}
07-01 00:15:47.613 25324 30753 D Launcher_dispatchTouchEvent_View: 15:47.611 View=com.miui.home.launcher.Workspace{4e960d4 V.E...... ........ 0,0-1080,2213 #7f0a02c8 app:id/workspace}
07-01 00:15:47.613 25324 30753 D Launcher_dispatchTouchEvent_View: 15:47.611 View=com.miui.home.launcher.CellScreen{bdc2782 V.E...... ........ 4320,78-5400,2213}
07-01 00:15:47.613 25324 30753 D Launcher_dispatchTouchEvent_View: 15:47.612 View= mHCells=4 mVCells=6 mTotalCells=24 mCellXY[0]=0 mCellXY[1]=78 childCount=11 EmptyCellsNum=13   [ tag 0 =com.miui.home.launcher.ShortcutIcon{9de32cc VFE...CL. ........ 32,82-286,368}(Telegram)| childWidth 0 =254| childHeight 0 =286| childTranslationX 0 =0.0| childTranslationY 0 =0.0| childX 0 =32.0|  childY 0 =82.0|  childAlpha 0 =1.0] [ tag 1 =com.miui.home.launcher.ShortcutIcon{c876bda VFE...CL. ........ 286,82-540,368}(Dr.Fone Link)| childWidth 1 =254| childHeight 1 =286| childTranslationX 1 =0.0| childTranslationY 1 =0.0| childX 1 =286.0|  childY 1 =82.0|  childAlpha 1 =1.0] [ tag 2 =com.miui.home.launcher.ShortcutIcon{d027f8a VFE...CL. ........ 540,82-794,368}(Winlator)| childWidth 2 =254| childHeight 2 =286| childTranslationX 2 =0.0| childTranslationY 2 =0.0| childX 2 =540.0|  childY 2 =82.0|  childAlpha 2 =1.0] [ tag 3 =com.miui.home.launcher.ShortcutIcon{a08f665 VFE...CL. ........ 794,82-1048,368}(Horizon Emu)| childWidth 3 =254| childHeight 3 =286| childTranslationX 3 =0.0|childTranslationY 3 =0.0| childX 3 =794.0|  childY 3 =82.0|  childAlpha 3 =1.0] [ tag 4 =com.miui.home.launcher.ShortcutIcon{d308aea VFE...CL. ........ 32,373-286,659}(Gangster Open World Online)| childWidth 4 =254| childHeight 4 =286| childTranslationX 4 =0.0| childTranslationY 4 =0.0| childX 4 =32.0|  childY 4 =373.0|  childAlpha 4 =1.0] [ tag 5 =com.miui.home.launcher.ShortcutIcon{cf9829a VFE...CL. ........ 286,373-540,659}(Dead Zone: Zombie Shooter 3D)| childWidth 5 =254| childHeight 5 =286| childTranslationX 5 =0.0| childTranslationY 5 =0.0| childX 5 =286.0|  childY 5 =373.0|  childAlpha5 =1.0] [ tag 6 =com.miui.home.launcher.ShortcutIcon{887c64a VFE...CL. ........ 540,373-794,659}(Street Parking)| childWidth 6 =254| childHeight 6 =286| childTranslationX 6 =0.0| childTranslationY 6 =0.0| childX 6 =540.0|  childY 6 =373.0| childAlpha 6 =1.0] [ tag 7 =com.miui.home.launcher.ShortcutIcon{125101e VFE...CL. ........ 794,373-1048,659}(WhatsApp)| childWidth 7 =254| childHeight 7 =286| childTranslationX 7 =0.0| childTranslationY 7 =0.0| childX 7 =794.0|  childY 7 =373.0|  childAlpha 7 =1.0] [ tag 8 =com.miui.home.launcher.ShortcutIcon{4428877 VFE...CL. ........ 32,664-286,950}(Shidull)| childWidth 8 =254| childHeight 8 =286| childTranslationX 8 =0.0| childTranslationY 8 =0.0| childX 8 =32.0|  childY8 =664.0|  childAlpha 8 =1.0] [ tag 9 =com.miui.home.launcher.ShortcutIcon{1f9f568 VFE...CL. ........ 286,664-540,950}(GurbaniStatus)| childWidth 9 =254| childHeight 9 =286| childTranslationX 9 =0.0| childTranslationY 9 =0.0| childX 9 =286.0|  childY 9 =664.0|  childAlpha 9 =1.0] [ tag 10 =com.miui.home.launcher.ShortcutIcon{c4c350 VFE...CL. ...P.... 540,664-794,950}(Gurbani Status)| childWidth 10 =254| childHeight 10 =286| childTranslationX 10 =0.0| childTranslationY 10 =0.0| childX 10 =540.0|  childY 10 =664.0|  childAlpha 10 =1.0]
07-01 00:15:47.613 25324 30753 D Launcher_dispatchTouchEvent_View: 15:47.613 View=com.miui.home.launcher.ShortcutIcon{c4c350 VFE...CL. ...P.... 540,664-794,950}(Gurbani Status)
07-01 00:15:47.636  1958  3906 I Timeline: Timeline: Activity_windows_visible id: ActivityRecord{ddb1799 u0 com.miui.home/.launcher.Launcher t1} time:52563557
07-01 00:15:47.638 25324 25975 E LauncherAnimationRunner: finish: mFinishRunnable.run
07-01 00:15:47.638  2181  2181 D EventBus: [2181, u0] send(AppTransitionFinishedEvent)
07-01 00:15:47.638  2181  2181 D EventBus: [2181, u0]  -> ForcedResizableInfoActivityController [0xd8e5e6, P1] onBusEvent(AppTransitionFinishedEvent)
07-01 00:15:47.638  2181  2181 D EventBus: [2181, u0] onBusEvent(AppTransitionFinishedEvent) duration: 14 microseconds,avg: 153
07-01 00:15:47.638  2181  2181 D EventBus: [2181, u0] send(AppTransitionFinishedEvent)
07-01 00:15:47.638  2181  2181 D EventBus: [2181, u0]  -> ForcedResizableInfoActivityController [0xd8e5e6, P1] onBusEvent(AppTransitionFinishedEvent)
07-01 00:15:47.638  2181  2181 D EventBus: [2181, u0] onBusEvent(AppTransitionFinishedEvent) duration: 7 microseconds, avg: 153
07-01 00:15:47.640  1958  1997 I Timeline: Timeline: App_transition_stopped time:52563560
07-01 00:15:47.640 25324 25324 D QuickstepAppTransitionManagerImpl: startClosingWindowAnimators, springAnim end, reset icon=null
07-01 00:15:47.641 25324 25324 E RotationHelper: setCurrentTransitionRequest: request=0
07-01 00:15:47.642  3633  3633 I CNSS    : Failed to send nl message
07-01 00:15:47.644  3633  3633 I chatty  : uid=1000(system) /system/vendor/bin/cnss_diag identical 3 lines
07-01 00:15:47.645  3633  3633 I CNSS    : Failed to send nl message
07-01 00:15:47.645  1958  1996 D ActivityTrigger: ActivityTrigger activityStopTrigger
07-01 00:15:47.646  3633  3633 I CNSS    : Failed to send nl message
07-01 00:15:47.649  3633  3633 I chatty  : uid=1000(system) /system/vendor/bin/cnss_diag identical 3 lines
07-01 00:15:47.650  3633  3633 I CNSS    : Failed to send nl message
07-01 00:15:47.672 25324 25324 D Launcher.Workspace: Workspace touch up or cancel
07-01 00:15:47.672 25324 25324 D ScreenView_Workspace: oninterceput up
07-01 00:15:47.672 25324 25324 D Launcher.itemIcon: folmeUp
07-01 00:15:47.673 25324 25324 E QuickstepAppTransitionManagerImpl: getActivityLaunchOptions   iconLoc=Rect(583, 762 - 759, 938)
07-01 00:15:47.673 25324 26142 I RenderThread: RenderThread resumed
07-01 00:15:47.673 25324 26142 I RenderThread: All controllers paused.
07-01 00:15:47.673 25324 26142 I RenderThread: RenderThread paused, waiting for signal
07-01 00:15:47.674 25324 25324 I Timeline: Timeline: Activity_launch_request time:52563594
07-01 00:15:47.676  1958  2647 I ActivityTaskManager: START u0 {act=android.intent.action.MAIN cat=[android.intent.category.LAUNCHER] flg=0x10200000 cmp=com.BHG.gurbani/.SplashActivity bnds=[583,762][759,938] (has extras)} from uid 10094
07-01 00:15:47.676  1958  2647 D MiuiMultiWindowAdapter: MiuiMultiWindowAdapter::getFreeformBlackList::sSmallWindowBlackList = [com.miui.securitycenter, com.miui.weather2, com.miui.miservice, com.android.calendar, com.xiaomi.calendar, com.android.contacts, com.miui.mishare.connectivity, com.android.settings, com.android.printspooler, com.miui.backup, com.miui.huanji, com.miui.calculator, com.android.deskclock, com.android.thememanager, com.mfashiongallery.emag, com.miui.virtualsim, com.miui.smarttravel, com.mi.health, com.android.camera, com.lbe.security.miui, com.miui.cleanmaster, com.miui.newhome, com.miui.voiceassist, com.android.phone, com.miui.yellowpage, com.android.updater, com.miui.tsmclient, com.miui.securitycore, com.xiaomi.account, com.xiaomi.shop, com.mipay.wallet, com.xiaomi.youpin, com.xiaomi.hm.health, com.miui.bugreport, com.xiaomi.mibrain.speech, com.xiaomi.mimoji, com.xiaomi.scanner, com.duokan.phone.remotecontroller, com.miui.hybrid, com.android.incallui, com.miui.video, com.miui.videoplayer, com.miui.player, com.miui.fm, com.miui.packageinstaller, com.mi.android.globallauncher, com.google.android.dialer, com.google.android.apps.magazines, com.miui.compass, com.miui.greenguard, com.kiteguard, com.google.android.apps.prodcasts, com.google.ar.lens, com.xiangkan.android, com.android.bankabc, com.sohu.inputmethod.sogou, com.tencent.mtt, com.shyz.toutiao, com.netease.mc.mi, com.outfit7.talkingtomgoldrun.mi, com.doudz.mi, com.wepie.snake.new.mi, cn.jj, com.standddz002.mi, com.miHoYo.bh3.mi, com.qqgame.hlddz, com.happyelements.AndroidAnimal, com.minitech.miniworld.TMobile.mi, com.mfp.jelly.xiaomi, com.lilithgames.afk.mi, com.tencent.peng, com.teenpatti.hd.gold, blockpuzzle.jewelgames.jewelslegend, com.playgendary.tanks, com.chillingo.robberybobfree.android.row, com.episodeinteractive.android.catalog, com.playrix.township, com.ansangha.drdriving, com.google.android.youtube, com.gbits.atm.mi]
07-01 00:15:47.678  1958  2647 E ANDR-PERF-JNI: com_qualcomm_qtiperformance_native_perf_io_prefetch_start
07-01 00:15:47.680   734   871 E ANDR-PERF-UTIL: Failed to read /proc/sys/kernel/sched_busy_hyst_ns
07-01 00:15:47.680   734   871 E ANDR-PERF-OPTSHANDLER: Failed to read /proc/sys/kernel/sched_busy_hyst_ns
07-01 00:15:47.680   734   871 E ANDR-PERF-RESOURCEQS: Failed to apply optimization [1, 2]
07-01 00:15:47.684  1550  1567 E ANDR-IOP: io prefetch is disabled
07-01 00:15:47.689  1958  2647 D CompatibilityInfo: mCompatibilityFlags - 0
07-01 00:15:47.689  1958  2647 D CompatibilityInfo: applicationDensity - 432
07-01 00:15:47.689  1958  2647 D CompatibilityInfo: applicationScale - 1.0
07-01 00:15:47.692  1958  2647 D ActivityTrigger: ActivityTrigger activityPauseTrigger
07-01 00:15:47.698  1958  1997 E system_server: Invalid ID 0x00000000.
07-01 00:15:47.700 25324 25324 W ActivityThread: SCHED: com.miui.home/.launcher.Launcher [74, r=35ms, a=12ms, w=615ms]
07-01 00:15:47.700  3633  3633 I CNSS    : Failed to send nl message
07-01 00:15:47.701 25324 25324 D Launcher.Lifecycle: onPause:UserHandle{0},e938a99,true
07-01 00:15:47.701 25324 25324 D Launcher_UnlockAnimationStateMachine: setState:PAUSE_WAIT
07-01 00:15:47.701  3633  3633 I CNSS    : Failed to send nl message
07-01 00:15:47.703 25324 30753 D Launcher_dispatchTouchEvent: [motionEvent action:(rawX,rawY)]  15:47.613[0(631.0,832.0)] 15:47.636[2(631.0,832.0)] 15:47.663[2(631.0,832.0)] 15:47.671[2(631.0,832.0)] 15:47.703[1(631.0,832.0)]
07-01 00:15:47.703 25324 30753 D Launcher_Scrollto: [(rawX,rawY)|scrollX]
07-01 00:15:47.703  3633  3633 I CNSS    : Failed to send nl message
07-01 00:15:47.708  3633  3633 I chatty  : uid=1000(system) /system/vendor/bin/cnss_diag identical 5 lines
07-01 00:15:47.709  3633  3633 I CNSS    : Failed to send nl message
07-01 00:15:47.712 25359 25378 D PMonitor:  onForegroundActivitiesChanged:pid = 29764,activity-uid=1000,foregroundActivities=false
07-01 00:15:47.716  1958  2009 W UsageStatsService: Failed to note usage stop
07-01 00:15:47.716  1958  2009 W UsageStatsService: java.lang.IllegalArgumentException: Unable to stop usage for com.miui.securitycenter, not in use
07-01 00:15:47.716  1958  2009 W UsageStatsService:     at com.android.server.usage.AppTimeLimitController.noteUsageStop(AppTimeLimitController.java:955)
07-01 00:15:47.716  1958  2009 W UsageStatsService:     at com.android.server.usage.UsageStatsService.reportEvent(UsageStatsService.java:558)
07-01 00:15:47.716  1958  2009 W UsageStatsService:     at com.android.server.usage.UsageStatsService$H.handleMessage(UsageStatsService.java:879)
07-01 00:15:47.716  1958  2009 W UsageStatsService:     at android.os.Handler.dispatchMessage(Handler.java:107)
07-01 00:15:47.716  1958  2009 W UsageStatsService:     at android.os.Looper.loop(Looper.java:224)
07-01 00:15:47.716  1958  2009 W UsageStatsService:     at android.os.HandlerThread.run(HandlerThread.java:67)
07-01 00:15:47.717  1958  2104 I MiuiNetworkPolicy: updateUidState uid = 10772, uidState = 20
07-01 00:15:47.720 25324 25324 I RenderVsyncUpdater: All controllers paused.
07-01 00:15:47.721 25324 25393 D StatusBarController: handleMessage: flag 800000  disable false
07-01 00:15:47.739 25324 25324 D Launcher_WallpaperUtils: changeStatusBarMode:false
07-01 00:15:47.739 25324 25324 D Launcher.Lifecycle: onWindowFocusChanged:false,UserHandle{0},e938a99,true
07-01 00:15:47.745 25324 25324 I RenderVsyncUpdater: All controllers paused.
07-01 00:15:47.748  3633  3633 I CNSS    : Failed to send nl message
07-01 00:15:47.759   614   614 D Zygote  : Forked child process 31733
07-01 00:15:47.765   613   613 D OemNetd : setPidForPackage: packageName=com.BHG.gurbani, pid=31733, pid=10772
07-01 00:15:47.767  1958  2011 I ActivityManager: Start proc 31733:com.BHG.gurbani/u0a772 for activity {com.BHG.gurbani/com.BHG.gurbani.SplashActivity} caller=com.miui.home
07-01 00:15:47.778 31733 31733 E com.BHG.gurban: Not starting debugger since process cannot load the jdwp agent.
07-01 00:15:47.784  1958  3906 D CompatibilityInfo: mCompatibilityFlags - 0
07-01 00:15:47.784  1958  3906 D CompatibilityInfo: applicationDensity - 432
07-01 00:15:47.784  1958  3906 D CompatibilityInfo: applicationScale - 1.0
07-01 00:15:47.790  1958  3906 D CompatibilityInfo: mCompatibilityFlags - 0
07-01 00:15:47.790  1958  3906 D CompatibilityInfo: applicationDensity - 432
07-01 00:15:47.790  1958  3906 D CompatibilityInfo: applicationScale - 1.0
07-01 00:15:47.790 30977 30993 I ProcessMonitor: onForegroundInfoChanged: ForegroundInfo{mForegroundPackageName='com.BHG.gurbani', mForegroundUid=10772, mForegroundPid=31733, mLastForegroundPackageName='com.miui.home', mLastForegroundUid=10094, mLastForegroundPid=25324, mMultiWindowForegroundPackageName='null', mMultiWindowForegroundUid=-1, mFlags=1}
07-01 00:15:47.790 25666 27792 I ProcessMonitor: onForegroundInfoChanged: ForegroundInfo{mForegroundPackageName='com.BHG.gurbani', mForegroundUid=10772, mForegroundPid=31733, mLastForegroundPackageName='com.miui.home', mLastForegroundUid=10094, mLastForegroundPid=25324, mMultiWindowForegroundPackageName='null', mMultiWindowForegroundUid=-1, mFlags=1}
07-01 00:15:47.791  5413  5460 D PerfEngineController: ForegroundInfo{mForegroundPackageName='com.BHG.gurbani', mForegroundUid=10772, mForegroundPid=31733, mLastForegroundPackageName='com.miui.home', mLastForegroundUid=10094, mLastForegroundPid=25324, mMultiWindowForegroundPackageName='null', mMultiWindowForegroundUid=-1, mFlags=1}
07-01 00:15:47.791  5428  6806 I GST     : forePkg: com.BHG.gurbani, preForePkg: com.miui.home
07-01 00:15:47.793 25666 27792 I GameBoosterService: onForegroundInfoChanged: Cur=com.BHG.gurbani        last=com.miui.home
07-01 00:15:47.794 25666 27792 D GameBoosterService: onGameStatusChange foreground:ForegroundInfo{mForegroundPackageName='com.BHG.gurbani', mForegroundUid=10772, mForegroundPid=31733, mLastForegroundPackageName='com.miui.home', mLastForegroundUid=10094, mLastForegroundPid=25324, mMultiWindowForegroundPackageName='null', mMultiWindowForegroundUid=-1, mFlags=1}
07-01 00:15:47.794 25666 27792 I VideoBoxUtils: isSupportVideoBox: false
07-01 00:15:47.794 25666 27792 I VideoToolBoxService: vtb is closed!!!
07-01 00:15:47.796  1958  3906 I qspmsvc-client: inside perf_hint_qspm
07-01 00:15:47.802  1958  1997 I Timeline: Timeline: App_transition_ready time:52563723
07-01 00:15:47.807 25324 25340 E LauncherAnimationRunner: onAnimationStart
07-01 00:15:47.807 25324 25340 E LauncherAnimationRunner: onAnimationStart:   mode=0   taskId=1259
07-01 00:15:47.807 25324 25340 E LauncherAnimationRunner: onAnimationStart:   mode=1   taskId=1
07-01 00:15:47.807 25324 25324 E QuickstepAppTransitionManagerImpl: startIconLaunchAnimator:launcherClosing=true   iconLoc=Rect(583, 762 - 759, 938)
07-01 00:15:47.807 25324 25324 E QuickstepAppTransitionManagerImpl: startOpeningWindowAnimators:rotation0IconLoc=Rect(583, 762 - 759, 938)
07-01 00:15:47.809 25324 25324 E ClipAnimationHelper: updateSourceStack  mSourceInsets=Rect(0, 0 - 0, 127), mSourceStackBounds=Rect(0, 0 - 1080, 2340)
07-01 00:15:47.809 25324 25324 E ClipAnimationHelper: updateHomeStack  mSourceInsets=Rect(0, 0 - 0, 127), mHomeStackBounds=Rect(0, 0 - 1080, 2340)
07-01 00:15:47.809 25324 25324 E ClipAnimationHelper: updateTargetRect  mSourceRect=RectF(0.0, 0.0, 1080.0, 2340.0)   mTargetRect=RectF(0.0, 0.0, 1080.0, 2340.0)   mSourceWindowClipInsets=RectF(0.0, 0.0, 0.0, 0.0)   mHomeStackBounds=Rect(0, 0 - 1080, 2340)   targetRect=Rect(0, 0 - 1080, 2340)
07-01 00:15:47.811 25324 25324 E QuickstepAppTransitionManagerImpl: startLauncherContentAnimator:isAppOpening=true
07-01 00:15:47.811 25359 25378 D PMonitor:  onForegroundActivitiesChanged:pid = 31733,activity-uid=10772,foregroundActivities=true
07-01 00:15:47.812  1958  2104 I MiuiNetworkPolicy: updateUidState uid = 10772, uidState = 2
07-01 00:15:47.816  3633  3633 I CNSS    : Failed to send nl message
07-01 00:15:47.819  3633  3633 I chatty  : uid=1000(system) /system/vendor/bin/cnss_diag identical 5 lines
07-01 00:15:47.819  3633  3633 I CNSS    : Failed to send nl message
07-01 00:15:47.823 25666 29068 I SCTaskStackListener: onTaskStackChanged! inSplit = false
07-01 00:15:47.824  3633  3633 I CNSS    : Failed to send nl message
07-01 00:15:47.825  3633  3633 I CNSS    : Failed to send nl message
07-01 00:15:47.826 25666 27792 I SCTaskStackListener: onTaskStackChanged! inSplit = false
07-01 00:15:47.826  3633  3633 I CNSS    : Failed to send nl message
07-01 00:15:47.827  3633  3633 I CNSS    : Failed to send nl message
07-01 00:15:47.829 31733 31733 I Perf    : Connecting to perf service.
07-01 00:15:47.850 31733 31733 I FirebaseApp: Device unlocked: initializing all Firebase APIs for app [DEFAULT]
07-01 00:15:47.859 31733 31733 I FirebaseInitProvider: FirebaseApp initialization successful
07-01 00:15:47.879 31733 31733 I FeatureParser: can't find violet.xml in assets/device_features/,it may be in /system/etc/device_features
07-01 00:15:47.881 31733 31733 E libc    : Access denied finding property "ro.vendor.df.effect.conflict"
07-01 00:15:47.873 31733 31733 W com.BHG.gurbani: type=1400 audit(0.0:24435): avc: denied { read } for name="u:object_r:vendor_default_prop:s0" dev="tmpfs" ino=24807 scontext=u:r:untrusted_app:s0:c4,c259,c512,c768 tcontext=u:object_r:vendor_default_prop:s0 tclass=file permissive=0
07-01 00:15:47.888 31733 31774 E Perf    : Fail to get file list com.BHG.gurbani
07-01 00:15:47.889 31733 31774 E Perf    : getFolderSize() : Exception_1 = java.lang.NullPointerException: Attempt to get length of null array
07-01 00:15:47.889 31733 31774 E Perf    : Fail to get file list com.BHG.gurbani
07-01 00:15:47.889 31733 31774 E Perf    : getFolderSize() : Exception_1 = java.lang.NullPointerException: Attempt to get length of null array
07-01 00:15:47.890  3633  3633 I CNSS    : Failed to send nl message
07-01 00:15:47.891  3633  3633 I CNSS    : Failed to send nl message
07-01 00:15:47.891 31733 31774 E Perf    : Fail to get file list oat
07-01 00:15:47.891  3633  3633 I CNSS    : Failed to send nl message
07-01 00:15:47.891  3633  3633 I CNSS    : Failed to send nl message
07-01 00:15:47.891 31733 31774 E Perf    : getFolderSize() : Exception_1 = java.lang.NullPointerException: Attempt to get length of null array
07-01 00:15:47.894  3633  3633 I CNSS    : Failed to send nl message
07-01 00:15:47.895   511   511 I hwservicemanager: getTransport: Cannot find entry vendor.qti.hardware.servicetracker@1.0::IServicetracker/default in either framework or device manifest.
07-01 00:15:47.896  3633  3633 I CNSS    : Failed to send nl message
07-01 00:15:47.897  3633  3633 I chatty  : uid=1000(system) /system/vendor/bin/cnss_diag identical 1 line
07-01 00:15:47.898  3633  3633 I CNSS    : Failed to send nl message
07-01 00:15:47.898  1958  5256 D CompatibilityInfo: mCompatibilityFlags - 0
07-01 00:15:47.898  1958  5256 D CompatibilityInfo: applicationDensity - 432
07-01 00:15:47.898  1958  5256 D CompatibilityInfo: applicationScale - 1.0
07-01 00:15:47.900   511   511 I hwservicemanager: getTransport: Cannot find entry vendor.qti.hardware.servicetracker@1.0::IServicetracker/default in either framework or device manifest.
07-01 00:15:47.902  1958  2104 I MiuiNetworkPolicy: updateUidState uid = 10762, uidState = 9
07-01 00:15:47.914 31733 31765 I DynamiteModule: Considering local module com.google.android.gms.measurement.dynamite:152 and remote module com.google.android.gms.measurement.dynamite:151
07-01 00:15:47.914 31733 31765 I DynamiteModule: Selected local version of com.google.android.gms.measurement.dynamite
07-01 00:15:47.916 31733 31733 D AppCompatDelegate: Checking for metadata for AppLocalesMetadataHolderService : Servicenot found
07-01 00:15:47.928   511   511 I hwservicemanager: getTransport: Cannot find entry vendor.qti.hardware.servicetracker@1.0::IServicetracker/default in either framework or device manifest.
07-01 00:15:47.937   511   511 I hwservicemanager: getTransport: Cannot find entry vendor.qti.hardware.servicetracker@1.0::IServicetracker/default in either framework or device manifest.
07-01 00:15:47.942  1958  2104 I MiuiNetworkPolicy: updateUidState uid = 10762, uidState = 11
07-01 00:15:47.942  1958  2104 I MiuiNetworkPolicy: updateUidState uid = 10100, uidState = 20
07-01 00:15:47.962   614   614 D Zygote  : Forked child process 31791
07-01 00:15:47.965   613   613 D OemNetd : setPidForPackage: packageName=com.facebook.services, pid=31791, pid=10100
07-01 00:15:47.965  1958  2011 I ActivityManager: Start proc 31791:com.facebook.services/u0a100 for service {com.facebook.services/com.facebook.oxygen.services.fbns.PreloadedFbnsService} caller=com.whatsapp
07-01 00:15:47.973 31733 31733 D ForceDarkHelper: updateByCheckExcludeList: pkg: com.BHG.gurbani activity: com.BHG.gurbani.SplashActivity@28b1a23
07-01 00:15:47.974 31733 31733 D ForceDarkHelper: updateByCheckExcludeList: pkg: com.BHG.gurbani activity: com.BHG.gurbani.SplashActivity@28b1a23
07-01 00:15:47.976 31791 31791 E cebook.service: Not starting debugger since process cannot load the jdwp agent.
07-01 00:15:47.987  2181  2181 D EventBus: [2181, u0] send(AppTransitionFinishedEvent)
07-01 00:15:47.988  2181  2181 D EventBus: [2181, u0]  -> ForcedResizableInfoActivityController [0xd8e5e6, P1] onBusEvent(AppTransitionFinishedEvent)
07-01 00:15:47.988  2181  2181 D EventBus: [2181, u0] onBusEvent(AppTransitionFinishedEvent) duration: 12 microseconds,avg: 153
07-01 00:15:47.988  2181  2181 D EventBus: [2181, u0] send(AppTransitionFinishedEvent)
07-01 00:15:47.988  2181  2181 D EventBus: [2181, u0]  -> ForcedResizableInfoActivityController [0xd8e5e6, P1] onBusEvent(AppTransitionFinishedEvent)
07-01 00:15:47.988  2181  2181 D EventBus: [2181, u0] onBusEvent(AppTransitionFinishedEvent) duration: 7 microseconds, avg: 153
07-01 00:15:47.988 25324 25975 E LauncherAnimationRunner: finish: mFinishRunnable.run
07-01 00:15:47.992  1958  1997 I Timeline: Timeline: App_transition_stopped time:52563912
07-01 00:15:47.999 31733 31733 D ForceDarkHelper: updateByCheckExcludeList: pkg: com.BHG.gurbani activity: com.BHG.gurbani.SplashActivity@28b1a23
07-01 00:15:47.999 31733 31733 D ForceDarkHelper: updateByCheckExcludeList: pkg: com.BHG.gurbani activity: com.BHG.gurbani.SplashActivity@28b1a23
07-01 00:15:48.005  1958  5256 D CompatibilityInfo: mCompatibilityFlags - 0
07-01 00:15:48.006  1958  5256 D CompatibilityInfo: applicationDensity - 432
07-01 00:15:48.006  1958  5256 D CompatibilityInfo: applicationScale - 1.0
07-01 00:15:48.006  3633  3633 I CNSS    : Failed to send nl message
07-01 00:15:48.008  3633  3633 I chatty  : uid=1000(system) /system/vendor/bin/cnss_diag identical 4 lines
07-01 00:15:48.008  3633  3633 I CNSS    : Failed to send nl message
07-01 00:15:48.009 31733 31733 D ForceDarkHelper: updateByCheckExcludeList: pkg: com.BHG.gurbani activity: com.BHG.gurbani.SplashActivity@28b1a23
07-01 00:15:48.010  3633  3633 I CNSS    : Failed to send nl message
07-01 00:15:48.013  3633  3633 I chatty  : uid=1000(system) /system/vendor/bin/cnss_diag identical 3 lines
07-01 00:15:48.015  3633  3633 I CNSS    : Failed to send nl message
07-01 00:15:48.016 25324 25324 D Launcher_UnlockAnimationStateMachine: mResetIdleStateRunnable
07-01 00:15:48.024  1958  5256 D CompatibilityInfo: mCompatibilityFlags - 0
07-01 00:15:48.024  1958  5256 D CompatibilityInfo: applicationDensity - 432
07-01 00:15:48.024  1958  5256 D CompatibilityInfo: applicationScale - 1.0
07-01 00:15:48.025   511   511 I hwservicemanager: getTransport: Cannot find entry vendor.qti.hardware.servicetracker@1.0::IServicetracker/default in either framework or device manifest.
07-01 00:15:48.025 31733 31784 I FA      : App measurement initialized, version: 130000
07-01 00:15:48.025 31733 31784 I FA      : To enable debug logging run: adb shell setprop log.tag.FA VERBOSE
07-01 00:15:48.025 31733 31784 I FA      : To enable faster debug mode event logging run:
07-01 00:15:48.025 31733 31784 I FA      :   adb shell setprop debug.firebase.analytics.app com.BHG.gurbani
07-01 00:15:48.026  1958  2104 I MiuiNetworkPolicy: updateUidState uid = 10100, uidState = 11
07-01 00:15:48.028  3633  3633 I CNSS    : Failed to send nl message
07-01 00:15:48.040 31791 31791 D ApplicationLoaders: Returning zygote-cached class loader: /system/framework/android.hidl.base-V1.0-java.jar
07-01 00:15:48.040 31791 31791 D ApplicationLoaders: Returning zygote-cached class loader: /system/framework/android.hidl.manager-V1.0-java.jar
07-01 00:15:48.040 31791 31791 D ApplicationLoaders: Returning zygote-cached class loader: /system/framework/android.hidl.base-V1.0-java.jar
07-01 00:15:48.041  1958  5256 E WindowManager: App trying to use insecure INPUT_FEATURE_NO_INPUT_CHANNEL flag. Ignoring
07-01 00:15:48.046 25324 25324 D RecentsImpl: mActivityStateObserver com.BHG.gurbani.SplashActivity
07-01 00:15:48.046 25324 25324 W RecentsImpl: onResumed className=com.BHG.gurbani.SplashActivity   mIsInAnotherPro=false
07-01 00:15:48.059 31733 31775 I AdrenoGLES: QUALCOMM build                   : af4b174, I386ada412e
07-01 00:15:48.059 31733 31775 I AdrenoGLES: Build Date                       : 09/10/20
07-01 00:15:48.059 31733 31775 I AdrenoGLES: OpenGL ES Shader Compiler Version: EV031.27.05.01
07-01 00:15:48.059 31733 31775 I AdrenoGLES: Local Branch                     :
07-01 00:15:48.059 31733 31775 I AdrenoGLES: Remote Branch                    : refs/tags/AU_LINUX_ANDROID_LA.UM.8.9.R1.10.00.00.558.044
07-01 00:15:48.059 31733 31775 I AdrenoGLES: Remote Branch                    : NONE
07-01 00:15:48.059 31733 31775 I AdrenoGLES: Reconstruct Branch               : NOTHING
07-01 00:15:48.059 31733 31775 I AdrenoGLES: Build Config                     : S P 8.0.11 AArch64
07-01 00:15:48.066 31733 31775 I AdrenoGLES: PFP: 0x016ee187, ME: 0x00000000
07-01 00:15:48.068 31733 31775 W AdrenoUtils: <ReadGpuID_from_sysfs:194>: Failed to open /sys/class/kgsl/kgsl-3d0/gpu_model
07-01 00:15:48.068 31733 31775 W AdrenoUtils: <ReadGpuID:218>: Failed to read chip ID from gpu_model. Fallback to use the GSL path
07-01 00:15:48.053 31733 31733 W RenderThread: type=1400 audit(0.0:24436): avc: denied { search } for name="kgsl" dev="sysfs" ino=43936 scontext=u:r:untrusted_app:s0:c4,c259,c512,c768 tcontext=u:object_r:sysfs_kgsl:s0 tclass=dir permissive=0
07-01 00:15:48.086 31733 31831 D NetworkSecurityConfig: No Network Security Config specified, using platform default
07-01 00:15:48.087 31733 31831 I DpmTcmClient: RegisterTcmMonitor from: $Proxy0
07-01 00:15:48.090  3633  3633 I CNSS    : Failed to send nl message
07-01 00:15:48.090  3633  3633 I CNSS    : Failed to send nl message
07-01 00:15:48.090   511   511 I hwservicemanager: getTransport: Cannot find entry android.hardware.graphics.mapper@3.0::IMapper/default in either framework or device manifest.
07-01 00:15:48.090 31733 31775 W Gralloc3: mapper 3.x is not supported
07-01 00:15:48.091  3633  3633 I CNSS    : Failed to send nl message
07-01 00:15:48.091  3633  3633 I chatty  : uid=1000(system) /system/vendor/bin/cnss_diag identical 2 lines
07-01 00:15:48.093  3633  3633 I CNSS    : Failed to send nl message
07-01 00:15:48.097   511   511 I hwservicemanager: getTransport: Cannot find entry vendor.qti.hardware.servicetracker@1.0::IServicetracker/default in either framework or device manifest.
07-01 00:15:48.101  3633  3633 I CNSS    : Failed to send nl message
07-01 00:15:48.103  3633  3633 I chatty  : uid=1000(system) /system/vendor/bin/cnss_diag identical 1 line
07-01 00:15:48.104  3633  3633 I CNSS    : Failed to send nl message
07-01 00:15:48.120   613 31843 E ResolverController: No valid NAT64 prefix (108, <unspecified>/0)
07-01 00:15:48.122  3633  3633 I CNSS    : Failed to send nl message
07-01 00:15:48.126  3633  3633 I chatty  : uid=1000(system) /system/vendor/bin/cnss_diag identical 9 lines
07-01 00:15:48.127  3633  3633 I CNSS    : Failed to send nl message
07-01 00:15:48.132 31733 31784 I FA      : Tag Manager is not found and thus will not be used
07-01 00:15:48.138 31791 31791 I Perf    : Connecting to perf service.
07-01 00:15:48.140  3633  3633 I CNSS    : Failed to send nl message
07-01 00:15:48.146  3633  3633 I chatty  : uid=1000(system) /system/vendor/bin/cnss_diag identical 8 lines
07-01 00:15:48.147  3633  3633 I CNSS    : Failed to send nl message
07-01 00:15:48.156  1958  2101 D NtpTrustedTime: currentTimeMillis() cache hit
07-01 00:15:48.157   613   613 I netd    : trafficSwapActiveStatsMap() <0.76ms>
07-01 00:15:48.159   613   613 I netd    : tetherGetStats() <1.24ms>
07-01 00:15:48.168 31791 31791 D c       : ExceptionHandlerManager not explicitly initialized, using default mode
07-01 00:15:48.168 31791 31791 D c       : initializing exception handler manager, prioritized=true
07-01 00:15:48.171 31791 31791 E ACRA    : Initializing ANR detector for process: com.facebook.services
07-01 00:15:48.176 31791 31791 D SoLoader: init start
07-01 00:15:48.176 31791 31791 D SoLoader: adding system library source: /vendor/lib
07-01 00:15:48.176 31791 31791 D SoLoader: adding system library source: /system/lib
07-01 00:15:48.177 31791 31791 D SoLoader: adding backup source from : com.facebook.soloader.b[root = /data/data/com.facebook.services/lib-main flags = 1]
07-01 00:15:48.178 31791 31791 D SoLoader: Preparing SO source: com.facebook.soloader.e[root = /system/lib flags = 2]
