07-01 00:15:12.330 28084 28084 I GoogleInputMethodService: GoogleInputMethodService.onStartInput():1248 onStartInput(EditorInfo{EditorInfo{packageName=com.google.android.gms, inputType=0, inputTypeString=NULL, enableLearning=false, autoCorrection=false, autoComplete=false, imeOptions=0, privateImeOptions=null, actionName=UNSPECIFIED, actionLabel=null, initialSelStart=-1, initialSelEnd=-1, initialCapsMode=0, label=null, fieldId=-1, fieldName=null, extras=null, hintText=null, hintLocales=[]}}, false)
07-01 00:15:12.331 28084 28084 I Module  : DeviceLockedStatusModuleProvider$Module.updateDeviceLockedStatus():100 repeatCheckTimes = 1, locked = false
07-01 00:15:12.348 24094 31321 I FontLog : (REDACTED) Received query %s, URI %s
07-01 00:15:12.348 24094 31321 I FontLog : (REDACTED) Query [%s] resolved to %s
07-01 00:15:12.349 24094 31321 I FontLog : (REDACTED) Font PFD returned from cache for %s
07-01 00:15:12.350 24094 31321 I FontLog : (REDACTED) Fetch %s end status %s
07-01 00:15:12.353 24094 24113 I FontLog : (REDACTED) Pulling font file for id = %d, cache size = %d
07-01 00:15:12.363 24094 24113 I FontLog : (REDACTED) Received query %s, URI %s
07-01 00:15:12.364 24094 24113 I FontLog : (REDACTED) Query [%s] resolved to %s
07-01 00:15:12.365 24094 24113 I FontLog : (REDACTED) Font PFD returned from cache for %s
07-01 00:15:12.365 24094 24113 I FontLog : (REDACTED) Fetch %s end status %s
07-01 00:15:12.367 24094 24113 I FontLog : (REDACTED) Pulling font file for id = %d, cache size = %d
07-01 00:15:12.468 30603 30639 I FA      : Application backgrounded at: timestamp_millis: 1751309110465
07-01 00:15:12.920 30518 30963 I Finsky:background: [21374] playLoggingServerUrl: https://play.googleapis.com/play/log
07-01 00:15:12.920 30518 30963 I Finsky:background: [21374] playLoggingServerTimestampUrl: https://play.googleapis.com/play/log/timestamp
07-01 00:15:13.083 30895 30895 W ActivityThread: SCHED: com.google.android.gms/.common.account.AccountPickerActivity [83, r=108ms, a=22ms, w=847ms]
07-01 00:15:13.089  1958  2351 I Timeline: Timeline: App_transition_ready time:52529009
07-01 00:15:13.089  1958  2351 I Timeline: Timeline: App_transition_stopped time:52529010
07-01 00:15:13.105 30895 30930 D OpenGLRenderer: endAllActiveAnimators on 0x751b427b00 (RippleDrawable) with handle 0x751831d820
07-01 00:15:13.109 28084 28084 I GoogleInputMethodService: GoogleInputMethodService.onFinishInput():1984
07-01 00:15:13.110 28084 28084 I Module  : DeviceLockedStatusModuleProvider$Module.updateDeviceLockedStatus():100 repeatCheckTimes = 0, locked = false
07-01 00:15:13.110 28084 28084 I GoogleInputMethodService: GoogleInputMethodService.onStartInput():1248 onStartInput(EditorInfo{EditorInfo{packageName=com.google.android.gms, inputType=0, inputTypeString=NULL, enableLearning=false, autoCorrection=false, autoComplete=false, imeOptions=0, privateImeOptions=null, actionName=UNSPECIFIED, actionLabel=null, initialSelStart=-1, initialSelEnd=-1, initialCapsMode=0, label=null, fieldId=-1, fieldName=null, extras=null, hintText=null, hintLocales=[]}}, false)
07-01 00:15:13.112 28084 28084 I Module  : DeviceLockedStatusModuleProvider$Module.updateDeviceLockedStatus():100 repeatCheckTimes = 1, locked = false
07-01 00:15:13.133 23967 23986 I GoogleSignatureVerifier: package info is not set correctly
07-01 00:15:13.166 23967 23986 I GoogleSignatureVerifier: package info is not set correctly
07-01 00:15:13.169 30895 30895 W ActivityThread: SCHED: com.google.android.gms/.signin.activity.SignInActivity [90, r=9ms, a=1ms, w=76ms]
07-01 00:15:13.175  1958  5236 I Timeline: Timeline: App_transition_ready time:52529095
07-01 00:15:13.175  1958  5236 I Timeline: Timeline: App_transition_stopped time:52529096
07-01 00:15:13.185 25324 25324 I chatty  : uid=10094(com.miui.home) expire 49 lines
07-01 00:15:13.187 28084 28084 I GoogleInputMethodService: GoogleInputMethodService.onFinishInput():1984
07-01 00:15:13.187 28084 28084 I Module  : DeviceLockedStatusModuleProvider$Module.updateDeviceLockedStatus():100 repeatCheckTimes = 0, locked = false
07-01 00:15:13.187 28084 28084 I GoogleInputMethodService: GoogleInputMethodService.onStartInput():1248 onStartInput(EditorInfo{EditorInfo{packageName=com.google.android.gms, inputType=0, inputTypeString=NULL, enableLearning=false, autoCorrection=false, autoComplete=false, imeOptions=0, privateImeOptions=null, actionName=UNSPECIFIED, actionLabel=null, initialSelStart=-1, initialSelEnd=-1, initialCapsMode=0, label=null, fieldId=-1, fieldName=null, extras=null, hintText=null, hintLocales=[]}}, false)
07-01 00:15:13.188 28084 28084 I Module  : DeviceLockedStatusModuleProvider$Module.updateDeviceLockedStatus():100 repeatCheckTimes = 1, locked = false
07-01 00:15:13.192  1958  5236 I Timeline: Timeline: App_transition_ready time:52529112
07-01 00:15:13.192  1958  5236 I Timeline: Timeline: App_transition_stopped time:52529113
07-01 00:15:13.205 28084 28084 I GoogleInputMethodService: GoogleInputMethodService.onFinishInput():1984
07-01 00:15:13.205 28084 28084 I Module  : DeviceLockedStatusModuleProvider$Module.updateDeviceLockedStatus():100 repeatCheckTimes = 0, locked = false
07-01 00:15:13.206 28084 28084 I GoogleInputMethodService: GoogleInputMethodService.onStartInput():1248 onStartInput(EditorInfo{EditorInfo{packageName=com.google.android.gms, inputType=0, inputTypeString=NULL, enableLearning=false, autoCorrection=false, autoComplete=false, imeOptions=0, privateImeOptions=null, actionName=UNSPECIFIED, actionLabel=null, initialSelStart=-1, initialSelEnd=-1, initialCapsMode=0, label=null, fieldId=-1, fieldName=null, extras=null, hintText=null, hintLocales=[]}}, false)
07-01 00:15:13.206 28084 28084 I Module  : DeviceLockedStatusModuleProvider$Module.updateDeviceLockedStatus():100 repeatCheckTimes = 1, locked = false
07-01 00:15:13.228 30726 30726 I Finsky  : [2] App states replicator found 46 unowned apps
07-01 00:15:13.229 23967  8560 I GoogleSignatureVerifier: package info is not set correctly
07-01 00:15:13.245 30486 30515 I ti.diagservice: ProcessProfilingInfo new_methods=0 is saved saved_to_disk=0 resolve_classes_delay=8000
07-01 00:15:13.276 30895 30895 W ActivityThread: SCHED: com.google.android.gms/.auth.api.signin.ui.SignInActivity [87, r=14ms, a=2ms, w=75ms]
07-01 00:15:13.277 30726 30760 I Finsky  : [21360] Completed 0 account content syncs with 0 successful.
07-01 00:15:13.278 30726 30726 I Finsky  : [2] [ContentSync] Installation state replication succeeded.
07-01 00:15:13.278 30726 30726 I Finsky  : [2] SCH: jobFinished: 12-1. TimeElapsed: 4533ms.
07-01 00:15:13.279  5413  6454 I chatty  : uid=1000(system) Binder:5413_B expire 2 lines
07-01 00:15:13.279  5428  6806 I GST     : forePkg: com.BHG.gurbani, preForePkg: com.google.android.gms
07-01 00:15:13.281  1958  2351 I Timeline: Timeline: App_transition_ready time:52529201
07-01 00:15:13.281  1958  2351 I Timeline: Timeline: App_transition_stopped time:52529202
07-01 00:15:13.301 28084 28084 I GoogleInputMethodService: GoogleInputMethodService.onFinishInput():1984
07-01 00:15:13.302 28084 28084 I Module  : DeviceLockedStatusModuleProvider$Module.updateDeviceLockedStatus():100 repeatCheckTimes = 0, locked = false
07-01 00:15:13.302 28084 28084 I GoogleInputMethodService: GoogleInputMethodService.onStartInput():1248 onStartInput(EditorInfo{EditorInfo{packageName=com.BHG.gurbani, inputType=0, inputTypeString=NULL, enableLearning=false, autoCorrection=false, autoComplete=false, imeOptions=0, privateImeOptions=null, actionName=UNSPECIFIED, actionLabel=null, initialSelStart=-1, initialSelEnd=-1, initialCapsMode=0, label=null, fieldId=-1, fieldName=null, extras=null, hintText=null, hintLocales=[]}}, false)
07-01 00:15:13.303 28084 28084 I Module  : DeviceLockedStatusModuleProvider$Module.updateDeviceLockedStatus():100 repeatCheckTimes = 1, locked = false
07-01 00:15:13.307 30726 30772 I Finsky  : [21370] SCH: Scheduling phonesky job Id: 1-1337, CT: 1751297953568, Constraints: [{ L: 42771663, D: 85971663, C: CHARGING_NONE, I: IDLE_NONE, N: NET_ANY, B: BATTERY_ANY }]
07-01 00:15:13.307 30726 30772 I Finsky  : [21370] SCH: Scheduling phonesky job Id: 34-202, CT: 1751255241364, Constraints: [{ L: 604800000, D: 2515578838, C: CHARGING_NONE, I: IDLE_NONE, N: NET_ANY, B: BATTERY_ANY }]
07-01 00:15:13.307 30726 30772 I Finsky  : [21370] SCH: Scheduling phonesky job Id: 34-203, CT: 1751258023311, Constraints: [{ L: 79199823, D: 1375199823, C: CHARGING_NONE, I: IDLE_NONE, N: NET_ANY, B: BATTERY_ANY }]
07-01 00:15:13.307 30726 30772 I Finsky  : [21370] SCH: Scheduling phonesky job Id: 34-206, CT: 1751258023630, Constraints: [{ L: 604800000, D: 2591999935, C: CHARGING_NONE, I: IDLE_NONE, N: NET_ANY, B: BATTERY_ANY }]
07-01 00:15:13.313 30726 30785 I Finsky  : [21377] SCH: Scheduling 1 system job(s)
07-01 00:15:13.313 30726 30785 I Finsky  : [21377] SCH: Scheduling system job Id: 9545, L: 28109821, D: 74811918, C: false, I: false, N: 1
07-01 00:15:13.317 30603 30603 W ActivityThread: SCHED: com.BHG.gurbani/com.google.android.gms.auth.api.signin.internal.SignInHubActivity [80, r=4ms, a=1ms, w=26ms]
07-01 00:15:13.319 30726 30806 I Finsky  : [21382] SCH: job service finished with id 9535.
07-01 00:15:13.326  1958  2351 I Timeline: Timeline: App_transition_ready time:52529247
07-01 00:15:13.332 30603 30646 W System  : Ignoring header X-Firebase-Locale because its value was null.
07-01 00:15:13.351 28084 28084 I GoogleInputMethodService: GoogleInputMethodService.onFinishInput():1984
07-01 00:15:13.352 28084 28084 I Module  : DeviceLockedStatusModuleProvider$Module.updateDeviceLockedStatus():100 repeatCheckTimes = 0, locked = false
07-01 00:15:13.352 28084 28084 I GoogleInputMethodService: GoogleInputMethodService.onStartInput():1248 onStartInput(EditorInfo{EditorInfo{packageName=com.BHG.gurbani, inputType=0, inputTypeString=NULL, enableLearning=false, autoCorrection=false, autoComplete=false, imeOptions=0, privateImeOptions=null, actionName=UNSPECIFIED, actionLabel=null, initialSelStart=-1, initialSelEnd=-1, initialCapsMode=0, label=null, fieldId=-1, fieldName=null, extras=null, hintText=null, hintLocales=[]}}, false)
07-01 00:15:13.353 28084 28084 I Module  : DeviceLockedStatusModuleProvider$Module.updateDeviceLockedStatus():100 repeatCheckTimes = 1, locked = false
07-01 00:15:13.354 30603 30646 W LocalRequestInterceptor: Error getting App Check token; using placeholder token instead. Error: com.google.firebase.FirebaseException: No AppCheckProvider installed.
07-01 00:15:13.373 25359 25378 D PMonitor:  onForegroundActivitiesChanged:pid = 30895,activity-uid=10185,foregroundActivities=false
07-01 00:15:13.376   613 30974 E ResolverController: No valid NAT64 prefix (108, <unspecified>/0)
07-01 00:15:13.376  1958  1997 I Timeline: Timeline: App_transition_stopped time:52529297
07-01 00:15:13.376  2181  2181 I chatty  : uid=1000(system) com.android.systemui expire 64 lines
07-01 00:15:13.401 24094 30427 I NetworkScheduler: (REDACTED) Error inserting %s
07-01 00:15:13.459 30726 30745 I android.vendin: Waiting for a blocking GC ProfileSaver
07-01 00:15:13.472  1958  1974 I chatty  : uid=1000(system) FinalizerDaemon expire 1 line
07-01 00:15:13.488 30726 30745 I android.vendin: WaitForGcToComplete blocked ProfileSaver on AddRemoveAppImageSpace for28.793ms
07-01 00:15:13.838 30603 30646 W System  : Ignoring header X-Firebase-Locale because its value was null.
07-01 00:15:13.844 30603 30646 W LocalRequestInterceptor: Error getting App Check token; using placeholder token instead. Error: com.google.firebase.FirebaseException: No AppCheckProvider installed.
07-01 00:15:14.081 27794 27921 I adty    : dispose()
07-01 00:15:14.227 30603 30627 I com.BHG.gurban: ProcessProfilingInfo new_methods=3549 is saved saved_to_disk=1 resolve_classes_delay=8000
07-01 00:15:14.231   614   614 D Zygote  : Forked child process 30977
07-01 00:15:14.232   613   613 D OemNetd : setPidForPackage: packageName=com.miui.msa.global, pid=30977, pid=10123
07-01 00:15:14.232  1958  2011 I ActivityManager: Start proc 30977:com.miui.msa.global/u0a123 for service {com.miui.msa.global/com.miui.systemAdSolution.splashscreen.SplashScreenService} caller=android
07-01 00:15:14.238 30977 30977 E miui.msa.globa: Not starting debugger since process cannot load the jdwp agent.
07-01 00:15:14.295   978   978 I keystore: del USRPKEY_firebear_main_key_id_for_storage_crypto.W0RFRkFVTFRd+MTo0MzE4OTQ3NDUxODY6YW5kcm9pZDozMzFiOTUwZDNlNWJmMTM2N2I0MTNi 10772
07-01 00:15:14.295   978   978 I keystore: del USRSKEY_firebear_main_key_id_for_storage_crypto.W0RFRkFVTFRd+MTo0MzE4OTQ3NDUxODY6YW5kcm9pZDozMzFiOTUwZDNlNWJmMTM2N2I0MTNi 10772
07-01 00:15:14.295   978   978 I keystore: del USRCERT_firebear_main_key_id_for_storage_crypto.W0RFRkFVTFRd+MTo0MzE4OTQ3NDUxODY6YW5kcm9pZDozMzFiOTUwZDNlNWJmMTM2N2I0MTNi 10772
07-01 00:15:14.296   978   978 I keystore: del CACERT_firebear_main_key_id_for_storage_crypto.W0RFRkFVTFRd+MTo0MzE4OTQ3NDUxODY6YW5kcm9pZDozMzFiOTUwZDNlNWJmMTM2N2I0MTNi 10772
07-01 00:15:14.312   515   532 I chatty  : uid=1000(system) qseecomd expire 6 lines
07-01 00:15:14.312   515   532 D DrmLibTime: QSEE Time Listener: Checking if ATS_MODEM is set or not.
07-01 00:15:14.314   515   532 D QC-time-services: Lib:time_genoff_operation: pargs->base = 13
07-01 00:15:14.314   515   532 D QC-time-services: Lib:time_genoff_operation: pargs->operation = 2
07-01 00:15:14.314   515   532 D QC-time-services: Lib:time_genoff_operation: pargs->ts_val = 0
07-01 00:15:14.314   515   532 D QC-time-services: Lib:time_genoff_operation: Send to server  passed!!
07-01 00:15:14.315   610   775 I chatty  : uid=1000(system) /vendor/bin/time_daemon expire 3 lines
07-01 00:15:14.315   610 30998 I chatty  : uid=1000(system) /vendor/bin/time_daemon expire 3 lines
07-01 00:15:14.315   515   532 E QC-time-services: Receive Passed == base = 13, unit = 1, operation = 2, result = 0
07-01 00:15:14.315   515   532 D DrmLibTime: QSEE Time Listener: ATS_MODEM is set. Try to retrieve it.
07-01 00:15:14.316   610 30999 D QC-time-services: Daemon:Received base = 13, unit = 1, operation = 1,value = 0
07-01 00:15:14.316   610 30999 D QC-time-services: Daemon:genoff_opr: Base = 13, val = 0, operation = 1
07-01 00:15:14.316   610 30999 D QC-time-services: Daemon: genoff get for 13
07-01 00:15:14.316   610 30999 D QC-time-services: Daemon:Value read from QTimer mseconds = 217003206
07-01 00:15:14.316   610 30999 D QC-time-services: Daemon:Value read from RTC mseconds on boot = 24431928000
07-01 00:15:14.316   610 30999 D QC-time-services: Daemon:Value read from QTimer mseconds = 217003206
07-01 00:15:14.316   610 30999 D QC-time-services: Daemon:Value read from generic offset = 1726660377135
07-01 00:15:14.316   610 30999 D QC-time-services: Daemon:Delta read on boot mseconds = 24431921256
07-01 00:15:14.316   610 30999 D QC-time-services: Daemon:Final Time = 1751309301597
07-01 00:15:14.316   515   532 D DrmLibTime: QSEE Time Listener: Time GenOff - seconds: 1751309301
07-01 00:15:14.316   515   532 D DrmLibTime: time_getutcsec returns 0, sec = 1751309301; nsec = 0
07-01 00:15:14.316   515   532 D DrmLibTime: time_getutcsec finished!
07-01 00:15:14.316   610   775 E QC-time-services: Daemon: Time-services: Waiting to acceptconnection
07-01 00:15:14.319   515   532 D DrmLibTime: iotcl_continue_command finished! and return 0
07-01 00:15:14.319   515   532 D DrmLibTime: before calling ioctl to read the next time_cmd
07-01 00:15:14.326 30977 30977 I Perf    : Connecting to perf service.
07-01 00:15:14.332   978 30996 D DropBoxManager: About to call service->add()
07-01 00:15:14.332  1958  2351 I DropBoxManagerService: add tag=keymaster isTagEnabled=true flags=0x0
07-01 00:15:14.334   978 30996 D DropBoxManager: service->add returned No error
07-01 00:15:14.372 30977 30977 I FirebaseApp: Device unlocked: initializing all Firebase APIs for app [DEFAULT]
07-01 00:15:14.387 30603 30646 D FirebaseAuth: Notifying id token listeners about user ( 7GRRAcEjQdSgwl79LZp0cprh7y42 ).
07-01 00:15:14.387 30603 30646 D FirebaseAuth: Notifying auth state listeners about user ( 7GRRAcEjQdSgwl79LZp0cprh7y42).
07-01 00:15:14.395 30977 31013 I DynamiteModule: Considering local module com.google.android.gms.measurement.dynamite:92 and remote module com.google.android.gms.measurement.dynamite:151
07-01 00:15:14.396 30977 31013 I DynamiteModule: Selected remote version of com.google.android.gms.measurement.dynamite, version >= 151
07-01 00:15:14.396 30977 31013 V DynamiteModule: Dynamite loader version >= 2, using loadModule2NoCrashUtils
07-01 00:15:14.397 30603 30603 D ForceDarkHelper: updateByCheckExcludeList: pkg: com.BHG.gurbani activity: com.BHG.gurbani.AuthActivity@792738c
07-01 00:15:14.398 30977 30977 I FirebaseCrashlytics: Initializing Firebase Crashlytics 18.4.3 for com.miui.msa.global
07-01 00:15:14.421 30603 30603 D ForceDarkHelper: updateByCheckExcludeList: pkg: com.BHG.gurbani activity: com.BHG.gurbani.AuthActivity@792738c
07-01 00:15:14.431 30603 30603 I Timeline: Timeline: Activity_launch_request time:52530351
07-01 00:15:14.431  1958  5236 I ActivityTaskManager: START u0 {cmp=com.BHG.gurbani/.MainActivity} from uid 10772
07-01 00:15:14.435  1958  5236 I chatty  : uid=1000(system) Binder:1958_1A expire 3 lines
07-01 00:15:14.445  1958  2351 E WindowManager: App trying to use insecure INPUT_FEATURE_NO_INPUT_CHANNEL flag. Ignoring
07-01 00:15:14.448 30603 30603 I Toast   : Show toast from OpPackageName:com.BHG.gurbani, PackageName:com.BHG.gurbani
07-01 00:15:14.448 30977 30977 W FA      : Failed to register event listener on calling thread. Trying again on the dynamite thread.
07-01 00:15:14.448 30603 30603 W ActivityThread: SCHED: com.BHG.gurbani/.AuthActivity [48, r=20ms, a=21ms, w=1120ms]
07-01 00:15:14.449 30977 30977 D FirebaseSessions: Registering Sessions SDK subscriber with name: CRASHLYTICS, data collection enabled: false
07-01 00:15:14.450 30977 31026 D FirebaseSessions: Data Collection is disabled for all subscribers. Skipping this Session Event
07-01 00:15:14.451  1958  2351 I ActivityTaskManager: The Process com.BHG.gurbani Already Exists in BG. So sending its PID: 30603
07-01 00:15:14.455  1958  2351 I Timeline: Timeline: App_transition_ready time:52530376
07-01 00:15:14.462  1958  2351 I Timeline: Timeline: App_transition_ready time:52530383
07-01 00:15:14.464  1958  2351 I Timeline: Timeline: App_transition_ready time:52530384
07-01 00:15:14.466 24094 24094 D BoundBrokerSvc: onUnbind: Intent { act=com.google.android.gms.libs.gmscorelogger.service.START dat=chimera-action: cmp=com.google.android.gms/.chimera.PersistentDirectBootAwareApiService }
07-01 00:15:14.485 30603 30603 W ActivityThread: handleWindowVisibility: no activity for token android.os.BinderProxy@c77071c
07-01 00:15:14.486 30977 30977 I FirebaseInitProvider: FirebaseApp initialization successful
07-01 00:15:14.487  1958  1997 I Timeline: Timeline: App_transition_ready time:52530408
07-01 00:15:14.498 30977 30977 I FeatureParser: can't find violet.xml in assets/device_features/,it may be in /system/etc/device_features
07-01 00:15:14.502 30603 30603 D ForceDarkHelper: updateByCheckExcludeList: pkg: com.BHG.gurbani activity: com.BHG.gurbani.MainActivity@f3f2c9e
07-01 00:15:14.509 30977 31027 I FirebaseCrashlytics: No version control information found
07-01 00:15:14.513 30603 30603 D AndroidRuntime: Shutting down VM
07-01 00:15:14.514 30603 30603 E AndroidRuntime: FATAL EXCEPTION: main
07-01 00:15:14.514 30603 30603 E AndroidRuntime: Process: com.BHG.gurbani, PID: 30603
07-01 00:15:14.514 30603 30603 E AndroidRuntime: java.lang.RuntimeException: Unable to start activity ComponentInfo{com.BHG.gurbani/com.BHG.gurbani.MainActivity}: android.view.InflateException: Binary XML file line #14 in com.BHG.gurbani:layout/activity_main: Binary XML file line #14 in com.BHG.gurbani:layout/activity_main: Error inflating class fragment
07-01 00:15:14.514 30603 30603 E AndroidRuntime:        at android.app.ActivityThread.performLaunchActivity(ActivityThread.java:3311)
07-01 00:15:14.514 30603 30603 E AndroidRuntime:        at android.app.ActivityThread.handleLaunchActivity(ActivityThread.java:3460)
07-01 00:15:14.514 30603 30603 E AndroidRuntime:        at android.app.servertransaction.LaunchActivityItem.execute(LaunchActivityItem.java:83)
07-01 00:15:14.514 30603 30603 E AndroidRuntime:        at android.app.servertransaction.TransactionExecutor.executeCallbacks(TransactionExecutor.java:135)
07-01 00:15:14.514 30603 30603 E AndroidRuntime:        at android.app.servertransaction.TransactionExecutor.execute(TransactionExecutor.java:95)
07-01 00:15:14.514 30603 30603 E AndroidRuntime:        at android.app.ActivityThread$H.handleMessage(ActivityThread.java:2047)
07-01 00:15:14.514 30603 30603 E AndroidRuntime:        at android.os.Handler.dispatchMessage(Handler.java:107)
07-01 00:15:14.514 30603 30603 E AndroidRuntime:        at android.os.Looper.loop(Looper.java:224)
07-01 00:15:14.514 30603 30603 E AndroidRuntime:        at android.app.ActivityThread.main(ActivityThread.java:7592)
07-01 00:15:14.514 30603 30603 E AndroidRuntime:        at java.lang.reflect.Method.invoke(Native Method)
07-01 00:15:14.514 30603 30603 E AndroidRuntime:        at com.android.internal.os.RuntimeInit$MethodAndArgsCaller.run(RuntimeInit.java:539)
07-01 00:15:14.514 30603 30603 E AndroidRuntime:        at com.android.internal.os.ZygoteInit.main(ZygoteInit.java:950)
07-01 00:15:14.514 30603 30603 E AndroidRuntime: Caused by: android.view.InflateException: Binary XML file line #14 in com.BHG.gurbani:layout/activity_main: Binary XML file line #14 in com.BHG.gurbani:layout/activity_main: Error inflating class fragment
07-01 00:15:14.514 30603 30603 E AndroidRuntime: Caused by: android.view.InflateException: Binary XML file line #14 in com.BHG.gurbani:layout/activity_main: Error inflating class fragment
07-01 00:15:14.514 30603 30603 E AndroidRuntime: Caused by: androidx.fragment.app.Fragment$InstantiationException: Unable to instantiate fragment gurbani.FeedFragment: make sure class name exists
07-01 00:15:14.514 30603 30603 E AndroidRuntime:        at androidx.fragment.app.FragmentFactory.loadFragmentClass(FragmentFactory.java:97)
07-01 00:15:14.514 30603 30603 E AndroidRuntime:        at androidx.fragment.app.Fragment.instantiate(Fragment.java:670)
07-01 00:15:14.514 30603 30603 E AndroidRuntime:        at androidx.fragment.app.FragmentContainer.instantiate(FragmentContainer.java:57)
07-01 00:15:14.514 30603 30603 E AndroidRuntime:        at androidx.fragment.app.FragmentManager$3.instantiate(FragmentManager.java:525)
07-01 00:15:14.514 30603 30603 E AndroidRuntime:        at androidx.navigation.fragment.FragmentNavigator.createFragmentTransaction(FragmentNavigator.kt:507)
07-01 00:15:14.514 30603 30603 E AndroidRuntime:        at androidx.navigation.fragment.FragmentNavigator.navigate(FragmentNavigator.kt:425)
07-01 00:15:14.514 30603 30603 E AndroidRuntime:        at androidx.navigation.fragment.FragmentNavigator.navigate(FragmentNavigator.kt:404)
07-01 00:15:14.514 30603 30603 E AndroidRuntime:        at androidx.navigation.NavGraphNavigator.navigate(NavGraphNavigator.kt:127)
07-01 00:15:14.514 30603 30603 E AndroidRuntime:        at androidx.navigation.NavGraphNavigator.navigate(NavGraphNavigator.kt:58)
07-01 00:15:14.514 30603 30603 E AndroidRuntime:        at androidx.navigation.internal.NavControllerImpl.navigateInternal$navigation_runtime_release(NavControllerImpl.kt:187)
07-01 00:15:14.514 30603 30603 E AndroidRuntime:        at androidx.navigation.internal.NavControllerImpl.navigate$navigation_runtime_release(NavControllerImpl.kt:1215)
07-01 00:15:14.514 30603 30603 E AndroidRuntime:        at androidx.navigation.internal.NavControllerImpl.onGraphCreated$navigation_runtime_release(NavControllerImpl.kt:974)
07-01 00:15:14.514 30603 30603 E AndroidRuntime:        at androidx.navigation.internal.NavControllerImpl.setGraph$navigation_runtime_release(NavControllerImpl.kt:890)
07-01 00:15:14.514 30603 30603 E AndroidRuntime:        at androidx.navigation.NavController.setGraph(NavController.android.kt:453)
07-01 00:15:14.514 30603 30603 E AndroidRuntime:        at androidx.navigation.fragment.NavHostFragment.navHostController_delegate$lambda$6(NavHostFragment.kt:104)
07-01 00:15:14.514 30603 30603 E AndroidRuntime:        at androidx.navigation.fragment.NavHostFragment.$r8$lambda$i8-GzfWsEFHZTqxzfFiFVjpftC8(Unknown Source:0)
07-01 00:15:14.514 30603 30603 E AndroidRuntime:        at androidx.navigation.fragment.NavHostFragment$$ExternalSyntheticLambda0.invoke(D8$$SyntheticClass:0)
07-01 00:15:14.514 30603 30603 E AndroidRuntime:        at kotlin.SynchronizedLazyImpl.getValue(LazyJVM.kt:74)
07-01 00:15:14.514 30603 30603 E AndroidRuntime:        at androidx.navigation.fragment.NavHostFragment.getNavHostController$navigation_fragment_release(NavHostFragment.kt:77)
07-01 00:15:14.514 30603 30603 E AndroidRuntime:        at androidx.navigation.fragment.NavHostFragment.onCreate(NavHostFragment.kt:148)
07-01 00:15:14.514 30603 30603 E AndroidRuntime:        at androidx.fragment.app.Fragment.performCreate(Fragment.java:3094)
07-01 00:15:14.514 30603 30603 E AndroidRuntime:        at androidx.fragment.app.FragmentStateManager.create(FragmentStateManager.java:504)
07-01 00:15:14.514 30603 30603 E AndroidRuntime:        at androidx.fragment.app.FragmentStateManager.moveToExpectedState(FragmentStateManager.java:268)
07-01 00:15:14.514 30603 30603 E AndroidRuntime:        at androidx.fragment.app.FragmentLayoutInflaterFactory.onCreateView(FragmentLayoutInflaterFactory.java:142)
07-01 00:15:14.514 30603 30603 E AndroidRuntime:        at androidx.fragment.app.FragmentController.onCreateView(FragmentController.java:136)
07-01 00:15:14.514 30603 30603 E AndroidRuntime:        at androidx.fragment.app.FragmentActivity.dispatchFragmentsOnCreateView(FragmentActivity.java:247)
07-01 00:15:14.514 30603 30603 E AndroidRuntime:        at androidx.fragment.app.FragmentActivity.onCreateView(FragmentActivity.java:226)
07-01 00:15:14.514 30603 30603 E AndroidRuntime:        at android.view.LayoutInflater.tryCreateView(LayoutInflater.java:1073)
07-01 00:15:14.514 30603 30603 E AndroidRuntime:        at android.view.LayoutInflater.createViewFromTag(LayoutInflater.java:1001)
07-01 00:15:14.514 30603 30603 E AndroidRuntime:        at android.view.LayoutInflater.createViewFromTag(LayoutInflater.java:965)
07-01 00:15:14.514 30603 30603 E AndroidRuntime:        at android.view.LayoutInflater.rInflate(LayoutInflater.java:1127)
07-01 00:15:14.514 30603 30603 E AndroidRuntime:        at android.view.LayoutInflater.rInflateChildren(LayoutInflater.java:1088)
07-01 00:15:14.514 30603 30603 E AndroidRuntime:        at android.view.LayoutInflater.inflate(LayoutInflater.java:686)
07-01 00:15:14.514 30603 30603 E AndroidRuntime:        at android.view.LayoutInflater.inflate(LayoutInflater.java:538)
07-01 00:15:14.514 30603 30603 E AndroidRuntime:        at com.BHG.gurbani.databinding.ActivityMainBinding.inflate(ActivityMainBinding.java:49)
07-01 00:15:14.514 30603 30603 E AndroidRuntime:        at com.BHG.gurbani.databinding.ActivityMainBinding.inflate(ActivityMainBinding.java:43)
07-01 00:15:14.514 30603 30603 E AndroidRuntime:        at com.BHG.gurbani.MainActivity.onCreate(MainActivity.kt:19)
07-01 00:15:14.514 30603 30603 E AndroidRuntime:        at android.app.Activity.performCreate(Activity.java:7893)
07-01 00:15:14.514 30603 30603 E AndroidRuntime:        at android.app.Activity.performCreate(Activity.java:7880)
07-01 00:15:14.514 30603 30603 E AndroidRuntime:        at android.app.Instrumentation.callActivityOnCreate(Instrumentation.java:1307)
07-01 00:15:14.514 30603 30603 E AndroidRuntime:        at android.app.ActivityThread.performLaunchActivity(ActivityThread.java:3286)
07-01 00:15:14.514 30603 30603 E AndroidRuntime:        at android.app.ActivityThread.handleLaunchActivity(ActivityThread.java:3460)
07-01 00:15:14.514 30603 30603 E AndroidRuntime:        at android.app.servertransaction.LaunchActivityItem.execute(LaunchActivityItem.java:83)
07-01 00:15:14.514 30603 30603 E AndroidRuntime:        at android.app.servertransaction.TransactionExecutor.executeCallbacks(TransactionExecutor.java:135)
07-01 00:15:14.514 30603 30603 E AndroidRuntime:        at android.app.servertransaction.TransactionExecutor.execute(TransactionExecutor.java:95)
07-01 00:15:14.514 30603 30603 E AndroidRuntime:        at android.app.ActivityThread$H.handleMessage(ActivityThread.java:2047)
07-01 00:15:14.514 30603 30603 E AndroidRuntime:        at android.os.Handler.dispatchMessage(Handler.java:107)
07-01 00:15:14.514 30603 30603 E AndroidRuntime:        at android.os.Looper.loop(Looper.java:224)
07-01 00:15:14.514 30603 30603 E AndroidRuntime:        at android.app.ActivityThread.main(ActivityThread.java:7592)
07-01 00:15:14.514 30603 30603 E AndroidRuntime:        at java.lang.reflect.Method.invoke(Native Method)
07-01 00:15:14.514 30603 30603 E AndroidRuntime:        at com.android.internal.os.RuntimeInit$MethodAndArgsCaller.run(RuntimeInit.java:539)
07-01 00:15:14.514 30603 30603 E AndroidRuntime:        at com.android.internal.os.ZygoteInit.main(ZygoteInit.java:950)
07-01 00:15:14.514 30603 30603 E AndroidRuntime: Caused by: java.lang.ClassNotFoundException: gurbani.FeedFragment
07-01 00:15:14.514 30603 30603 E AndroidRuntime:        at java.lang.Class.classForName(Native Method)
07-01 00:15:14.514 30603 30603 E AndroidRuntime:        at java.lang.Class.forName(Class.java:454)
07-01 00:15:14.514 30603 30603 E AndroidRuntime:        at androidx.fragment.app.FragmentFactory.loadClass(FragmentFactory.java:53)
07-01 00:15:14.514 30603 30603 E AndroidRuntime:        at androidx.fragment.app.FragmentFactory.loadFragmentClass(FragmentFactory.java:94)
07-01 00:15:14.514 30603 30603 E AndroidRuntime:        ... 51 more
07-01 00:15:14.514 30603 30603 E AndroidRuntime: Caused by: java.lang.ClassNotFoundException: gurbani.FeedFragment
07-01 00:15:14.514 30603 30603 E AndroidRuntime:        ... 55 more
07-01 00:15:14.519  1958  4522 W ActivityTaskManager:   Force finishing activity com.BHG.gurbani/.MainActivity
07-01 00:15:14.520  1958 31042 I DropBoxManagerService: add tag=data_app_crash isTagEnabled=true flags=0x2
07-01 00:15:14.525 30977 30977 I AD-PLUGIN-SplashScreenService: onCreate()
07-01 00:15:14.525 30977 30977 I AD-PLUGIN-SplashScreenService: ApiVersion: 2
07-01 00:15:14.527 30603 30603 I Process : Sending signal. PID: 30603 SIG: 9
07-01 00:15:14.529 30977 31043 W AD-PLUGIN-AdLauncher: msa debugOff
07-01 00:15:14.529 30977 31043 D OT-PubSub-Sdk: updateDebugSwitch sEnable: false sDebugModefalse sDebugPropertyfalse
07-01 00:15:14.529 30977 31043 W AD-PLUGIN-AdLauncher: msa stagingOff
07-01 00:15:14.534  1958  2010 W BroadcastQueue: Background execution not allowed: receiving Intent { act=android.intent.action.DROPBOX_ENTRY_ADDED flg=0x10 (has extras) } to com.google.android.gms/.stats.service.DropBoxEntryAddedReceiver
07-01 00:15:14.537 30977 31043 E AD-PLUGIN-PrivacyAuthorizationObserver:  privacy_status msa ===>>> privacyPolicyAllow = true
07-01 00:15:14.538 25359 25378 D PMonitor:  onForegroundActivitiesChanged:pid = 25324,activity-uid=10094,foregroundActivities=true
07-01 00:15:14.541 30977 30977 I ProcessMonitor: registerWhetStoneSuccess
07-01 00:15:14.543 24094 30427 I NetworkScheduler: (REDACTED) Error inserting %s
07-01 00:15:14.546 30977 31043 E AD-PLUGIN-PrivacyAuthorizationObserver:  privacy_status msa ===>>> localPrivacyFlag = true
07-01 00:15:14.586  1958  2089 I chatty  : uid=1000(system) InputDispatcher expire 9 lines
07-01 00:15:14.592 30977 31030 I FA      : App measurement initialized, version: 129011
07-01 00:15:14.592 30977 31030 I FA      : To enable debug logging run: adb shell setprop log.tag.FA VERBOSE
07-01 00:15:14.592 30977 31030 I FA      : To enable faster debug mode event logging run:
07-01 00:15:14.592 30977 31030 I FA      :   adb shell setprop debug.firebase.analytics.app com.miui.msa.global
07-01 00:15:14.602  1958  4526 I ActivityManager: Process com.BHG.gurbani (pid 30603) has died: vis+99 TOP
07-01 00:15:14.603   614   614 I Zygote  : Process 30603 exited due to signal 9 (Killed)
07-01 00:15:14.603  1958  2066 I WindowManager: WIN DEATH: Window{36844b0 u0 Toast}
07-01 00:15:14.603  1958  2066 I chatty  : uid=1000(system) Binder:1958_3 expire 24 lines
07-01 00:15:14.606  1958  2647 I WindowManager: WIN DEATH: Window{bd1fc6c u0 com.BHG.gurbani/com.BHG.gurbani.AuthActivity}
07-01 00:15:14.607  1958  2012 I chatty  : uid=1000(system) ActivityManager expire 1 line
07-01 00:15:14.615 23967 23967 D BoundBrokerSvc: onUnbind: Intent { act=com.google.android.gms.auth.api.signin.service.START pkg=com.google.android.gms }
07-01 00:15:14.622  5413  5460 I chatty  : uid=1000(system) Binder:5413_4 expire 2 lines
07-01 00:15:14.623  5428  6806 I GST     : forePkg: com.miui.home, preForePkg: com.BHG.gurbani
07-01 00:15:14.623 30977 30993 I ProcessMonitor: onForegroundInfoChanged: ForegroundInfo{mForegroundPackageName='com.miui.home', mForegroundUid=10094, mForegroundPid=25324, mLastForegroundPackageName='com.BHG.gurbani', mLastForegroundUid=10772, mLastForegroundPid=30603, mMultiWindowForegroundPackageName='null', mMultiWindowForegroundUid=-1, mFlags=0}
07-01 00:15:14.624 25666 27792 I chatty  : uid=1000(system) Binder:25666_6 expire 14 lines
07-01 00:15:14.628  1958  4526 I Timeline: Timeline: App_transition_ready time:52530548
07-01 00:15:14.630  1958  2348 I Timeline: Timeline: App_transition_ready time:52530550
07-01 00:15:14.632  1958  1997 I Timeline: Timeline: App_transition_ready time:52530553
07-01 00:15:14.635 25324 26142 I chatty  : uid=10094(com.miui.home) MAML RenderThre expire 9 lines
07-01 00:15:14.638  1958  2104 I chatty  : uid=1000(system) MiuiNetworkPoli expire 13 lines
07-01 00:15:14.658  1958  4526 I Timeline: Timeline: App_transition_ready time:52530579
07-01 00:15:14.676  1958  1997 I Timeline: Timeline: App_transition_ready time:52530597
07-01 00:15:14.677  1958  1997 I Timeline: Timeline: Activity_windows_visible id: ActivityRecord{ddb1799 u0 com.miui.home/.launcher.Launcher t1} time:52530597
07-01 00:15:14.677  1958  1997 I Timeline: Timeline: App_transition_stopped time:52530597
07-01 00:15:14.685 28084 28084 I GoogleInputMethodService: GoogleInputMethodService.onFinishInput():1984
07-01 00:15:14.686 28084 28084 I Module  : DeviceLockedStatusModuleProvider$Module.updateDeviceLockedStatus():100 repeatCheckTimes = 0, locked = false
07-01 00:15:14.686 28084 28084 I GoogleInputMethodService: GoogleInputMethodService.onStartInput():1248 onStartInput(EditorInfo{EditorInfo{packageName=com.miui.home, inputType=0, inputTypeString=NULL, enableLearning=false, autoCorrection=false, autoComplete=false, imeOptions=0, privateImeOptions=null, actionName=UNSPECIFIED, actionLabel=null, initialSelStart=-1, initialSelEnd=-1, initialCapsMode=0, label=null, fieldId=2131361997, fieldName=null, extras=null, hintText=null, hintLocales=[]}}, false)
07-01 00:15:14.687 28084 28084 I Module  : DeviceLockedStatusModuleProvider$Module.updateDeviceLockedStatus():100 repeatCheckTimes = 1, locked = false
07-01 00:15:14.786  1958  1996 W ActivityManager: setHasOverlayUi called on unknown pid: 30603
07-01 00:15:14.801 30977 31057 I EngineFactory: Provider GmsCore_OpenSSL not available
07-01 00:15:14.805 30977 31055 W miui.msa.globa: Long monitor contention with owner ad-plugin-io-2 (31057) at boolean android.os.BinderProxy.transactNative(int, android.os.Parcel, android.os.Parcel, int)(BinderProxy.java:-2) waiters=0 in void com.xiaomi.ad.internal.common.f.j() for 244ms
07-01 00:15:14.810 30977 31043 W Settings: Setting device_provisioned has moved from android.provider.Settings.Secure to android.provider.Settings.Global, returning global URI.
07-01 00:15:14.811 30977 31043 I AD-PLUGIN-SdkConfig: DebugBuild: false
07-01 00:15:14.820 30977 31092 D OT-PubSub-Sdk: updateDebugSwitch sEnable: false sDebugModefalse sDebugPropertyfalse
07-01 00:15:14.820 30977 31092 D OT-PubSub-Sdk: log on: false, quick upload on: false
07-01 00:15:14.820 30977 31092 D BroadcastExecutor: initIfNeeded : 21421
07-01 00:15:14.850  3633  3633 I CNSS    : Failed to send nl message
07-01 00:15:14.927 30977 31044 E Perf    : Fail to get file list com.miui.msa.global
07-01 00:15:14.927 30977 31044 E Perf    : getFolderSize() : Exception_1 = java.lang.NullPointerException: Attempt to get length of null array
07-01 00:15:14.928 30977 31044 E Perf    : Fail to get file list oat
07-01 00:15:14.928 30977 31044 E Perf    : getFolderSize() : Exception_1 = java.lang.NullPointerException: Attempt to get length of null array
07-01 00:15:14.953  3633  3633 I CNSS    : Failed to send nl message
07-01 00:15:15.021  1958  1996 W ActivityTaskManager: Activity top resumed state loss timeout for ActivityRecord{3f7b557 u0 com.BHG.gurbani/.MainActivity t-1 f}
07-01 00:15:15.078  3633  3633 I CNSS    : Failed to send nl message
07-01 00:15:15.124   614   614 D Zygote  : Forked child process 31189
07-01 00:15:15.125   613   613 D OemNetd : setPidForPackage: packageName=com.qualcomm.qti.workloadclassifier, pid=31189, pid=1000
07-01 00:15:15.125  1958  2011 I ActivityManager: Start proc 31189:com.qualcomm.qti.workloadclassifier/1000 for service{com.qualcomm.qti.workloadclassifier/com.qualcomm.qti.workloadclassifier.WLCService} caller=com.qualcomm.qti.workloadclassifier
07-01 00:15:15.136 31189 31189 I chatty  : uid=1000(system) com.qualcomm.qti.workloadclassifier expire 2 lines
07-01 00:15:15.167 31189 31189 D ApplicationLoaders: Returning zygote-cached class loader: /system/framework/android.hidl.manager-V1.0-java.jar
07-01 00:15:15.167 31189 31189 D ApplicationLoaders: Returning zygote-cached class loader: /system/framework/android.hidl.base-V1.0-java.jar
07-01 00:15:15.204 31189 31189 I Perf    : Connecting to perf service.
07-01 00:15:15.228 31189 31189 I FeatureParser: can't find violet.xml in assets/device_features/,it may be in /system/etc/device_features
07-01 00:15:15.237 31189 31227 E Perf    : Fail to get file list com.qualcomm.qti.workloadclassifier
07-01 00:15:15.238 31189 31227 E Perf    : getFolderSize() : Exception_1 = java.lang.NullPointerException: Attempt to get length of null array
07-01 00:15:15.238 31189 31227 E Perf    : Fail to get file list com.qualcomm.qti.workloadclassifier
07-01 00:15:15.238 31189 31227 E Perf    : getFolderSize() : Exception_1 = java.lang.NullPointerException: Attempt to get length of null array
07-01 00:15:15.289 30977 31236 W AD-PLUGIN-SplashPCIHelper: com.android.browser not installed
07-01 00:15:15.290 30977 31236 W AD-PLUGIN-SplashPCIHelper: com.miui.videoplayer not installed
07-01 00:15:15.292 30977 31236 W AD-PLUGIN-SplashPCIHelper: com.mi.globalbrowser not installed
07-01 00:15:15.310 31189 31189 I tflite  : Initialized TensorFlow Lite runtime.
07-01 00:15:15.411  3633  3633 I CNSS    : Failed to send nl message
07-01 00:15:15.419  3633  3633 I CNSS    : Failed to send nl message
07-01 00:15:15.668 30977 31130 W AD-PLUGIN-CompatibleManager: isInternalBuild: trueisNewPackageName: trueisOldMsaInstalled: falseisExistSystemDir: false
07-01 00:15:15.960   613   613 D OemNetd : setLimit: enable, rate=0
07-01 00:15:16.153  1958  5255 W ActivityManager: Receiver with filter android.content.IntentFilter@22bd0ad already registered for pid 30977, callerPackage is com.miui.msa.global
07-01 00:15:16.154  1958  5255 W ActivityManager: Receiver with filter android.content.IntentFilter@90abfe2 already registered for pid 30977, callerPackage is com.miui.msa.global
07-01 00:15:16.155 30977 31109 W AD-PLUGIN-FirebaseReportHelper: user_experienceFlag == false
07-01 00:15:16.158 30977 31109 W FirebaseRemoteConfig: No value of type 'Boolean' exists for parameter key 'report_ad_info'.
07-01 00:15:16.167 25324 25516 I chatty  : uid=10094(com.miui.home) LauncherTask #2 expire 3 lines
07-01 00:15:16.300  3633  3633 I CNSS    : Failed to send nl message
07-01 00:15:16.337  1958  2010 W BroadcastQueue: Background execution not allowed: receiving Intent { act=android.intent.action.DROPBOX_ENTRY_ADDED flg=0x10 (has extras) } to com.google.android.gms/.stats.service.DropBoxEntryAddedReceiver
07-01 00:15:16.431  1958  1958 W NotificationService: Object died trying to hide notification android.app.ITransientNotification$Stub$Proxy@1e1caa9 in package com.BHG.gurbani
07-01 00:15:16.300  3633  3633 I CNSS    : Failed to send nl message
07-01 00:15:16.450 25324 25324 D EventBus: No subscribers registered for event class org.greenrobot.eventbus.NoSubscriberEvent
07-01 00:15:16.450 25324 25324 D Launcher.DragController: drop succeed, to ShortcutInfo, id=549, itemType=0, user=UserHandle{0}, mIconType=0, pkgName=com.BHG.gurbani, className=com.BHG.gurbani.SplashActivity, screenId=5, container=-100, cellX=2, cellY=2, spanX=1, spanY=1, isLandscapePos=false
07-01 00:15:16.451 25324 25324 D Launcher.CellLayout: saveCurrentLayout, info=ShortcutInfo, id=549, itemType=0, user=UserHandle{0}, mIconType=0, pkgName=com.BHG.gurbani, className=com.BHG.gurbani.SplashActivity, screenId=5, container=-100,cellX=2, cellY=2, spanX=1, spanY=1, isLandscapePos=false
07-01 00:15:16.451 25324 25324 D EventBus: No subscribers registered for event class com.miui.home.launcher.common.messages.CellLayoutMessage
07-01 00:15:16.451 25324 25324 D EventBus: No subscribers registered for event class org.greenrobot.eventbus.NoSubscriberEvent
07-01 00:15:16.451 25324 25324 D EventBus: No subscribers registered for event class com.miui.home.launcher.common.messages.DragMessage
07-01 00:15:16.451 25324 25324 D EventBus: No subscribers registered for event class org.greenrobot.eventbus.NoSubscriberEvent
07-01 00:15:16.451 25324 25324 D Launcher.DragController: action_drag_off
07-01 00:15:16.451 25324 25324 D Launcher.DropTargetBar: update uninstall active when NO drag, active=false (edit=17, isUninstallDialogShowing=false, isWidgetPreviewShowing=false, isDefaultScreenPreviewShowing=false, isMenuVisible=false)
07-01 00:15:16.451 25324 25324 D Launcher.ShortcutMenu: show shortcut menu when drop, pkgName=com.BHG.gurbani
07-01 00:15:16.451 25324 25324 D Launcher.MultiSelectMonitor: needShowGroupContainerOrFinishContainer, mEditModeState=17, mIsWidgetsPreviewLayoutVisible=false, mIsDefaultScreenPreviewVisible=false, mIsMenuVisible=false, isUninstallDialogShowing=false, mIsDragging=false
07-01 00:15:16.452 25324 25324 D Launcher.MultiSelectMonitor: needShowGroupContainerOrFinishContainer, mEditModeState=17, mIsWidgetsPreviewLayoutVisible=false, mIsDefaultScreenPreviewVisible=false, mIsMenuVisible=false, isUninstallDialogShowing=false, mIsDragging=false
07-01 00:15:16.452 25324 30753 D Launcher_dispatchTouchEvent: [motionEvent action:(rawX,rawY)]  15:15.866[0(750.0,858.0)] 15:15.876[2(750.0,858.0)] 15:15.894[2(750.0,858.0)] 15:15.909[2(750.0,858.0)] 15:15.926[2(750.0,858.0)] 15:15.943[2(750.0,858.0)] 15:15.965[2(750.0,858.0)] 15:15.977[2(750.0,858.0)] 15:15.994[2(750.0,858.0)] 15:16.014[2(750.0,858.0)] 15:16.032[2(750.0,858.0)] 15:16.043[2(750.0,858.0)] 15:16.060[2(750.0,858.0)] 15:16.077[2(750.0,858.0)] 15:16.093[2(750.0,858.0)] 15:16.109[2(750.0,858.0)] 15:16.132[2(750.0,858.0)] 15:16.143[2(750.0,858.0)] 15:16.159[2(750.0,858.0)] 15:16.180[2(750.0,858.0)] 15:16.193[2(750.0,858.0)] 15:16.210[2(750.0,858.0)] 15:16.229[2(750.0,858.0)] 15:16.243[2(750.0,858.0)]15:16.260[2(750.0,858.0)] 15:16.276[2(750.0,858.0)] 15:16.309[2(750.0,858.0)] 15:16.326[2(750.0,858.0)] 15:16.343[2(750.0,858.0)] 15:16.360[2(750.0,858.0)] 15:16.376[2(750.0,858.0)] 15:16.393[2(750.0,858.0)] 15:16.411[2(750.0,858.0)] 15:16.427[2(750.0,858.0)] 15:16.444[2(750.0,858.0)] 15:16.452[1(750.0,858.0)]
07-01 00:15:16.452 25324 30753 D Launcher_Scrollto: [(rawX,rawY)|scrollX]
07-01 00:15:16.452 25324 30753 D Launcher_dispatchTouchEvent: [motionEvent action:(rawX,rawY)]  15:16.452[1(750.0,858.0)]
07-01 00:15:16.452 25324 30753 D Launcher_Scrollto: [(rawX,rawY)|scrollX]
07-01 00:15:16.476 25324 25324 D Launcher.UserPresentAnimation: checkMissingIcon
07-01 00:15:16.490  3633  3633 I CNSS    : Failed to send nl message
07-01 00:15:16.496  3633  3633 I chatty  : uid=1000(system) /system/vendor/bin/cnss_diag identical 60 lines
07-01 00:15:16.742 25324 25324 D EventBus: No subscribers registered for event class com.miui.home.launcher.common.messages.EndSpringAnimatorMessage
07-01 00:15:16.742 25324 25324 D EventBus: No subscribers registered for event class org.greenrobot.eventbus.NoSubscriberEvent
07-01 00:15:16.745 25324 30753 D Launcher_dispatchTouchEvent_View: [motionEvent view:]
07-01 00:15:16.745 25324 30753 D Launcher_dispatchTouchEvent_View: 15:16.744 View=com.miui.home.launcher.ShortcutMenuLayer{93f4c09 V.E...... .......D 0,0-1080,2340 #7f0a022b app:id/shortcut_menu_layer}
07-01 00:15:16.745 25324 30753 D Launcher_dispatchTouchEvent_View: 15:16.745 View=com.miui.home.launcher.shortcuts.ShortcutMenu{6f8612e V.E...... .......D 0,0-643,242 #7f0a022a app:id/shortcut_menu}
07-01 00:15:16.745 25324 30753 D Launcher_dispatchTouchEvent_View: 15:16.745 View=com.miui.home.launcher.shortcuts.SystemShortcutMenu{af7deb6 V.E...... .......D 27,27-616,200 #7f0a0257 app:id/system_shortcut_menu}
07-01 00:15:16.745 25324 30753 D Launcher_dispatchTouchEvent_View: 15:16.745 View=com.miui.home.launcher.shortcuts.IconAndTitleShortcutMenuItemContainer{3d3d853 VFE...C.. ...P..ID 196,0-392,173}
07-01 00:15:16.822 25324 25324 D Launcher.ShortcutMenu: click shortcut menu app details info, pkg=com.BHG.gurbani
07-01 00:15:16.822 25324 30753 D Launcher_dispatchTouchEvent: [motionEvent action:(rawX,rawY)]  15:16.746[0(506.0,666.0)] 15:16.763[2(506.0,666.0)] 15:16.776[2(506.0,666.0)] 15:16.794[2(506.0,666.0)] 15:16.810[2(506.0,666.0)] 15:16.822[1(506.0,666.0)]
07-01 00:15:16.822 25324 30753 D Launcher_Scrollto: [(rawX,rawY)|scrollX]
07-01 00:15:16.823 25324 30753 D Launcher_dispatchTouchEvent: [motionEvent action:(rawX,rawY)]  15:16.823[1(506.0,666.0)]
07-01 00:15:16.823 25324 30753 D Launcher_Scrollto: [(rawX,rawY)|scrollX]
07-01 00:15:16.823  1958  2066 I ActivityTaskManager: START u0 {act=android.settings.APPLICATION_DETAILS_SETTINGS dat=package:com.BHG.gurbani flg=0x10008000 cmp=com.android.settings/.applications.InstalledAppDetails} from uid 10094
07-01 00:15:16.841  1958  1997 I chatty  : uid=1000(system) android.anim expire 1 line
07-01 00:15:16.844 25324 25324 W ActivityThread: SCHED: com.miui.home/.launcher.Launcher [68, r=109ms, a=49ms, w=2200ms]
07-01 00:15:16.844 25324 25324 D Launcher.Lifecycle: onPause:UserHandle{0},e938a99,true
07-01 00:15:16.844 25324 25324 D Launcher_UnlockAnimationStateMachine: setState:PAUSE_WAIT
07-01 00:15:16.847  1958  2066 I ActivityTaskManager: The Process com.android.settings Already Exists in BG. So sendingits PID: 30341
07-01 00:15:16.849 30341 30341 W ActivityThread: handleWindowVisibility: no activity for token android.os.BinderProxy@c3f073a
07-01 00:15:16.849 30977 30993 I ProcessMonitor: onForegroundInfoChanged: ForegroundInfo{mForegroundPackageName='com.android.settings', mForegroundUid=1000, mForegroundPid=30341, mLastForegroundPackageName='com.miui.home', mLastForegroundUid=10094, mLastForegroundPid=25324, mMultiWindowForegroundPackageName='null', mMultiWindowForegroundUid=-1, mFlags=0}
07-01 00:15:16.850  5428  6806 I GST     : forePkg: com.android.settings, preForePkg: com.miui.home
07-01 00:15:16.851  1958  2066 I Timeline: Timeline: App_transition_ready time:52532772
07-01 00:15:16.858 25359 25378 D PMonitor:  onForegroundActivitiesChanged:pid = 30341,activity-uid=1000,foregroundActivities=true
07-01 00:15:16.860  1958  4807 I Timeline: Timeline: App_transition_ready time:52532780
07-01 00:15:16.863 25324 25324 I RenderVsyncUpdater: All controllers paused.
07-01 00:15:16.864  1958  1997 I Timeline: Timeline: App_transition_ready time:52532784
07-01 00:15:16.867 25324 25393 D StatusBarController: handleMessage: flag 800000  disable false
07-01 00:15:16.871 30341 30341 D ForceDarkHelper: updateByCheckExcludeList: pkg: com.android.settings activity: com.android.settings.applications.InstalledAppDetailsTop@ab9d9f4
07-01 00:15:16.877 30341 30341 I chatty  : uid=1000(system) com.android.settings identical 32 lines
07-01 00:15:16.878 25324 25324 D Launcher_WallpaperUtils: changeStatusBarMode:false
07-01 00:15:16.878 25324 25324 I RenderVsyncUpdater: All controllers paused.
07-01 00:15:16.885 25324 25324 D Launcher.Lifecycle: onWindowFocusChanged:false,UserHandle{0},e938a99,true
07-01 00:15:16.885 25324 25324 D ScreenView_Workspace: setCurrentScreenInner:4
07-01 00:15:16.886 25324 26142 I RenderThread: RenderThread resumed
07-01 00:15:16.886 25324 26142 I RenderThread: All controllers paused.
07-01 00:15:16.886 25324 26142 I RenderThread: RenderThread paused, waiting for signal
07-01 00:15:16.886 25324 25324 D Launcher: edit state changed from 17 to 7
07-01 00:15:16.886 25324 25324 D Launcher.MultiSelectMonitor: EditStateChangedMessageHandler, state=7
07-01 00:15:16.887 25324 25324 D Launcher.MultiSelectMonitor: needShowGroupContainerOrFinishContainer, mEditModeState=7, mIsWidgetsPreviewLayoutVisible=false, mIsDefaultScreenPreviewVisible=false, mIsMenuVisible=false, isUninstallDialogShowing=false, mIsDragging=false
07-01 00:15:16.887 25324 25324 D Launcher.MultiSelectMonitor: needShowGroupContainerOrFinishContainer, mEditModeState=7, mIsWidgetsPreviewLayoutVisible=false, mIsDefaultScreenPreviewVisible=false, mIsMenuVisible=false, isUninstallDialogShowing=false, mIsDragging=false
07-01 00:15:16.887 25324 25324 D Launcher.DropTargetBar: update uninstall active when NO drag, active=false (edit=7, isUninstallDialogShowing=false, isWidgetPreviewShowing=false, isDefaultScreenPreviewShowing=false, isMenuVisible=false)
07-01 00:15:16.888 25324 25324 D Launcher.ShortcutMenu: hide ShortcutMenu, pkgName=com.BHG.gurbani, reason=null
07-01 00:15:16.895 30388 30411 D QDMA_UI : SMQContentProvider query
