07-01 00:14:58.377 30196 30196 E AndroidRuntime:        at com.android.internal.os.RuntimeInit$MethodAndArgsCaller.run(RuntimeInit.java:539)
07-01 00:14:58.377 30196 30196 E AndroidRuntime:        at com.android.internal.os.ZygoteInit.main(ZygoteInit.java:950)
07-01 00:14:58.377 30196 30196 E AndroidRuntime: Caused by: android.view.InflateException: Binary XML file line #14 in com.BHG.gurbani:layout/activity_main: Binary XML file line #14 in com.BHG.gurbani:layout/activity_main: Error inflating class fragment
07-01 00:14:58.377 30196 30196 E AndroidRuntime: Caused by: android.view.InflateException: Binary XML file line #14 in com.BHG.gurbani:layout/activity_main: Error inflating class fragment
07-01 00:14:58.377 30196 30196 E AndroidRuntime: Caused by: androidx.fragment.app.Fragment$InstantiationException: Unable to instantiate fragment gurbani.FeedFragment: make sure class name exists
07-01 00:14:58.377 30196 30196 E AndroidRuntime:        at androidx.fragment.app.FragmentFactory.loadFragmentClass(FragmentFactory.java:97)
07-01 00:14:58.377 30196 30196 E AndroidRuntime:        at androidx.fragment.app.Fragment.instantiate(Fragment.java:670)
07-01 00:14:58.377 30196 30196 E AndroidRuntime:        at androidx.fragment.app.FragmentContainer.instantiate(FragmentContainer.java:57)
07-01 00:14:58.377 30196 30196 E AndroidRuntime:        at androidx.fragment.app.FragmentManager$3.instantiate(FragmentManager.java:525)
07-01 00:14:58.377 30196 30196 E AndroidRuntime:        at androidx.navigation.fragment.FragmentNavigator.createFragmentTransaction(FragmentNavigator.kt:507)
07-01 00:14:58.377 30196 30196 E AndroidRuntime:        at androidx.navigation.fragment.FragmentNavigator.navigate(FragmentNavigator.kt:425)
07-01 00:14:58.377 30196 30196 E AndroidRuntime:        at androidx.navigation.fragment.FragmentNavigator.navigate(FragmentNavigator.kt:404)
07-01 00:14:58.377 30196 30196 E AndroidRuntime:        at androidx.navigation.NavGraphNavigator.navigate(NavGraphNavigator.kt:127)
07-01 00:14:58.377 30196 30196 E AndroidRuntime:        at androidx.navigation.NavGraphNavigator.navigate(NavGraphNavigator.kt:58)
07-01 00:14:58.377 30196 30196 E AndroidRuntime:        at androidx.navigation.internal.NavControllerImpl.navigateInternal$navigation_runtime_release(NavControllerImpl.kt:187)
07-01 00:14:58.377 30196 30196 E AndroidRuntime:        at androidx.navigation.internal.NavControllerImpl.navigate$navigation_runtime_release(NavControllerImpl.kt:1215)
07-01 00:14:58.377 30196 30196 E AndroidRuntime:        at androidx.navigation.internal.NavControllerImpl.onGraphCreated$navigation_runtime_release(NavControllerImpl.kt:974)
07-01 00:14:58.377 30196 30196 E AndroidRuntime:        at androidx.navigation.internal.NavControllerImpl.setGraph$navigation_runtime_release(NavControllerImpl.kt:890)
07-01 00:14:58.377 30196 30196 E AndroidRuntime:        at androidx.navigation.NavController.setGraph(NavController.android.kt:453)
07-01 00:14:58.377 30196 30196 E AndroidRuntime:        at androidx.navigation.fragment.NavHostFragment.navHostController_delegate$lambda$6(NavHostFragment.kt:104)
07-01 00:14:58.377 30196 30196 E AndroidRuntime:        at androidx.navigation.fragment.NavHostFragment.$r8$lambda$i8-GzfWsEFHZTqxzfFiFVjpftC8(Unknown Source:0)
07-01 00:14:58.377 30196 30196 E AndroidRuntime:        at androidx.navigation.fragment.NavHostFragment$$ExternalSyntheticLambda0.invoke(D8$$SyntheticClass:0)
07-01 00:14:58.377 30196 30196 E AndroidRuntime:        at kotlin.SynchronizedLazyImpl.getValue(LazyJVM.kt:74)
07-01 00:14:58.377 30196 30196 E AndroidRuntime:        at androidx.navigation.fragment.NavHostFragment.getNavHostController$navigation_fragment_release(NavHostFragment.kt:77)
07-01 00:14:58.377 30196 30196 E AndroidRuntime:        at androidx.navigation.fragment.NavHostFragment.onCreate(NavHostFragment.kt:148)
07-01 00:14:58.377 30196 30196 E AndroidRuntime:        at androidx.fragment.app.Fragment.performCreate(Fragment.java:3094)
07-01 00:14:58.377 30196 30196 E AndroidRuntime:        at androidx.fragment.app.FragmentStateManager.create(FragmentStateManager.java:504)
07-01 00:14:58.377 30196 30196 E AndroidRuntime:        at androidx.fragment.app.FragmentStateManager.moveToExpectedState(FragmentStateManager.java:268)
07-01 00:14:58.377 30196 30196 E AndroidRuntime:        at androidx.fragment.app.FragmentLayoutInflaterFactory.onCreateView(FragmentLayoutInflaterFactory.java:142)
07-01 00:14:58.377 30196 30196 E AndroidRuntime:        at androidx.fragment.app.FragmentController.onCreateView(FragmentController.java:136)
07-01 00:14:58.377 30196 30196 E AndroidRuntime:        at androidx.fragment.app.FragmentActivity.dispatchFragmentsOnCreateView(FragmentActivity.java:247)
07-01 00:14:58.377 30196 30196 E AndroidRuntime:        at androidx.fragment.app.FragmentActivity.onCreateView(FragmentActivity.java:226)
07-01 00:14:58.377 30196 30196 E AndroidRuntime:        at android.view.LayoutInflater.tryCreateView(LayoutInflater.java:1073)
07-01 00:14:58.377 30196 30196 E AndroidRuntime:        at android.view.LayoutInflater.createViewFromTag(LayoutInflater.java:1001)
07-01 00:14:58.377 30196 30196 E AndroidRuntime:        at android.view.LayoutInflater.createViewFromTag(LayoutInflater.java:965)
07-01 00:14:58.377 30196 30196 E AndroidRuntime:        at android.view.LayoutInflater.rInflate(LayoutInflater.java:1127)
07-01 00:14:58.377 30196 30196 E AndroidRuntime:        at android.view.LayoutInflater.rInflateChildren(LayoutInflater.java:1088)
07-01 00:14:58.377 30196 30196 E AndroidRuntime:        at android.view.LayoutInflater.inflate(LayoutInflater.java:686)
07-01 00:14:58.377 30196 30196 E AndroidRuntime:        at android.view.LayoutInflater.inflate(LayoutInflater.java:538)
07-01 00:14:58.377 30196 30196 E AndroidRuntime:        at com.BHG.gurbani.databinding.ActivityMainBinding.inflate(ActivityMainBinding.java:49)
07-01 00:14:58.377 30196 30196 E AndroidRuntime:        at com.BHG.gurbani.databinding.ActivityMainBinding.inflate(ActivityMainBinding.java:43)
07-01 00:14:58.377 30196 30196 E AndroidRuntime:        at com.BHG.gurbani.MainActivity.onCreate(MainActivity.kt:19)
07-01 00:14:58.377 30196 30196 E AndroidRuntime:        at android.app.Activity.performCreate(Activity.java:7893)
07-01 00:14:58.377 30196 30196 E AndroidRuntime:        at android.app.Activity.performCreate(Activity.java:7880)
07-01 00:14:58.377 30196 30196 E AndroidRuntime:        at android.app.Instrumentation.callActivityOnCreate(Instrumentation.java:1307)
07-01 00:14:58.377 30196 30196 E AndroidRuntime:        at android.app.ActivityThread.performLaunchActivity(ActivityThread.java:3286)
07-01 00:14:58.377 30196 30196 E AndroidRuntime:        at android.app.ActivityThread.handleLaunchActivity(ActivityThread.java:3460)
07-01 00:14:58.377 30196 30196 E AndroidRuntime:        at android.app.servertransaction.LaunchActivityItem.execute(LaunchActivityItem.java:83)
07-01 00:14:58.377 30196 30196 E AndroidRuntime:        at android.app.servertransaction.TransactionExecutor.executeCallbacks(TransactionExecutor.java:135)
07-01 00:14:58.377 30196 30196 E AndroidRuntime:        at android.app.servertransaction.TransactionExecutor.execute(TransactionExecutor.java:95)
07-01 00:14:58.377 30196 30196 E AndroidRuntime:        at android.app.ActivityThread$H.handleMessage(ActivityThread.java:2047)
07-01 00:14:58.377 30196 30196 E AndroidRuntime:        at android.os.Handler.dispatchMessage(Handler.java:107)
07-01 00:14:58.377 30196 30196 E AndroidRuntime:        at android.os.Looper.loop(Looper.java:224)
07-01 00:14:58.377 30196 30196 E AndroidRuntime:        at android.app.ActivityThread.main(ActivityThread.java:7592)
07-01 00:14:58.377 30196 30196 E AndroidRuntime:        at java.lang.reflect.Method.invoke(Native Method)
07-01 00:14:58.377 30196 30196 E AndroidRuntime:        at com.android.internal.os.RuntimeInit$MethodAndArgsCaller.run(RuntimeInit.java:539)
07-01 00:14:58.377 30196 30196 E AndroidRuntime:        at com.android.internal.os.ZygoteInit.main(ZygoteInit.java:950)
07-01 00:14:58.377 30196 30196 E AndroidRuntime: Caused by: java.lang.ClassNotFoundException: gurbani.FeedFragment
07-01 00:14:58.377 30196 30196 E AndroidRuntime:        at java.lang.Class.classForName(Native Method)
07-01 00:14:58.377 30196 30196 E AndroidRuntime:        at java.lang.Class.forName(Class.java:454)
07-01 00:14:58.377 30196 30196 E AndroidRuntime:        at androidx.fragment.app.FragmentFactory.loadClass(FragmentFactory.java:53)
07-01 00:14:58.377 30196 30196 E AndroidRuntime:        at androidx.fragment.app.FragmentFactory.loadFragmentClass(FragmentFactory.java:94)
07-01 00:14:58.377 30196 30196 E AndroidRuntime:        ... 51 more
07-01 00:14:58.377 30196 30196 E AndroidRuntime: Caused by: java.lang.ClassNotFoundException: gurbani.FeedFragment
07-01 00:14:58.377 30196 30196 E AndroidRuntime:        ... 55 more
07-01 00:14:58.381  1958  4692 W ActivityTaskManager:   Force finishing activity com.BHG.gurbani/.MainActivity
07-01 00:14:58.383  1958 30287 I DropBoxManagerService: add tag=data_app_crash isTagEnabled=true flags=0x2
07-01 00:14:58.393  1958  2010 W BroadcastQueue: Background execution not allowed: receiving Intent { act=android.intent.action.DROPBOX_ENTRY_ADDED flg=0x10 (has extras) } to com.google.android.gms/.stats.service.DropBoxEntryAddedReceiver
07-01 00:14:58.431  1958  5236 I ActivityManager: Process com.BHG.gurbani (pid 30196) has died: vis+99 TOP
07-01 00:14:58.435  1958  4008 I WindowManager: WIN DEATH: Window{abd44b8 u0 com.BHG.gurbani/com.BHG.gurbani.SplashActivity}
07-01 00:14:58.447  1958  5236 I Timeline: Timeline: App_transition_ready time:52514368
07-01 00:14:58.460  1958  2348 I Timeline: Timeline: App_transition_ready time:52514380
07-01 00:14:58.469  1958  1996 W ActivityManager: setHasOverlayUi called on unknown pid: 30196
07-01 00:14:58.471  1958  1997 I Timeline: Timeline: App_transition_ready time:52514392
07-01 00:14:58.483  1958  2348 I Timeline: Timeline: App_transition_ready time:52514403
07-01 00:14:58.490  1958  1997 I Timeline: Timeline: App_transition_ready time:52514411
07-01 00:14:58.508  1958  1997 I Timeline: Timeline: App_transition_ready time:52514428
07-01 00:14:58.508  1958  1997 I Timeline: Timeline: Activity_windows_visible id: ActivityRecord{ddb1799 u0 com.miui.home/.launcher.Launcher t1} time:52514428
07-01 00:14:58.508  1958  1997 I Timeline: Timeline: App_transition_stopped time:52514428
07-01 00:14:58.885  1958  1996 W ActivityTaskManager: Activity top resumed state loss timeout for ActivityRecord{aa4b2eu0 com.BHG.gurbani/.MainActivity t-1 f}
07-01 00:14:59.377 25324 25324 I Timeline: Timeline: Activity_launch_request time:52515297
07-01 00:14:59.378  1958  2351 I ActivityTaskManager: START u0 {act=android.intent.action.MAIN cat=[android.intent.category.LAUNCHER] flg=0x10200000 cmp=com.BHG.gurbani/.SplashActivity bnds=[584,764][760,940] (has extras)} from uid 10094
07-01 00:14:59.396 25324 25324 W ActivityThread: SCHED: com.miui.home/.launcher.Launcher [71, r=41ms, a=16ms, w=929ms]
07-01 00:14:59.447  1958  2011 I ActivityManager: Start proc 30295:com.BHG.gurbani/u0a772 for activity {com.BHG.gurbani/com.BHG.gurbani.SplashActivity} caller=com.miui.home
07-01 00:14:59.466  1958  1997 I Timeline: Timeline: App_transition_ready time:52515387
07-01 00:14:59.658  1958  1997 I Timeline: Timeline: App_transition_stopped time:52515579
07-01 00:14:59.661  1958  4008 E WindowManager: App trying to use insecure INPUT_FEATURE_NO_INPUT_CHANNEL flag. Ignoring
07-01 00:14:59.743  1958  1997 I Timeline: Timeline: Activity_windows_visible id: ActivityRecord{2299ea7 u0 com.BHG.gurbani/.SplashActivity t1256} time:52515664
07-01 00:15:00.220  1958  2647 W BaseMiuiPhoneWindowManager: keyCode:3 down:true eventTime:52516140 downTime:52516140 policyFlags:2b000002 flags:48 deviceId:-1 isScreenOn:true keyguardActive:false repeatCount:0
07-01 00:15:00.224  3855  9820 W MiuiPerfServiceClient: interceptAndQueuing:2181|com.android.systemui|149|149|unknown|null|NavigationBar|52508554526426|Slow swap buffers|1
07-01 00:15:00.333  1958  2647 W BaseMiuiPhoneWindowManager: keyCode:3 down:false eventTime:52516253 downTime:52516140 policyFlags:2b000002 flags:48 deviceId:-1 isScreenOn:true keyguardActive:false repeatCount:0
07-01 00:15:00.336  1958  2089 I ActivityTaskManager: START u0 {act=android.intent.action.MAIN cat=[android.intent.category.HOME] flg=0x10000100 cmp=com.miui.home/.launcher.Launcher (has extras)} from uid 0
07-01 00:15:00.349  1958  2089 I Timeline: Timeline: App_transition_ready time:52516270
07-01 00:15:00.351 30295 30295 W ActivityThread: SCHED: com.BHG.gurbani/.SplashActivity [76, r=29ms, a=9ms, w=704ms]
07-01 00:15:00.356  1958  2348 I Timeline: Timeline: App_transition_ready time:52516276
07-01 00:15:00.357  1958  1997 I Timeline: Timeline: App_transition_ready time:52516277
07-01 00:15:00.358  1958  4008 I Timeline: Timeline: App_transition_ready time:52516279
07-01 00:15:00.361  1958  1997 I Timeline: Timeline: App_transition_ready time:52516282
07-01 00:15:00.364  1958  1997 I Timeline: Timeline: App_transition_ready time:52516285
07-01 00:15:00.383  1958  4008 I Timeline: Timeline: App_transition_ready time:52516303
07-01 00:15:00.389  1958  1997 I Timeline: Timeline: App_transition_ready time:52516310
07-01 00:15:00.418  1958  1997 I Timeline: Timeline: App_transition_ready time:52516339
07-01 00:15:00.905  1958  2348 I Timeline: Timeline: Activity_windows_visible id: ActivityRecord{ddb1799 u0 com.miui.home/.launcher.Launcher t1} time:52516826
07-01 00:15:00.907  1958  1997 I Timeline: Timeline: App_transition_stopped time:52516828
07-01 00:15:02.177  1958  2647 I ActivityTaskManager: START u0 {act=android.settings.APPLICATION_DETAILS_SETTINGS dat=package:com.BHG.gurbani flg=0x10008000 cmp=com.android.settings/.applications.InstalledAppDetails} from uid 10094
07-01 00:15:02.216 25324 25324 W ActivityThread: SCHED: com.miui.home/.launcher.Launcher [80, r=133ms, a=32ms, w=1845ms]
07-01 00:15:02.255  1958  2011 I ActivityManager: Start proc 30341:com.android.settings/1000 for activity {com.android.settings/com.android.settings.applications.InstalledAppDetails} caller=com.miui.home
07-01 00:15:02.300  1958  1997 I Timeline: Timeline: App_transition_ready time:52518221
07-01 00:15:02.490  1958  1997 I Timeline: Timeline: App_transition_stopped time:52518411
07-01 00:15:02.681 30295 30295 I Timeline: Timeline: Activity_launch_request time:52518601
07-01 00:15:02.681  1958  5258 I ActivityTaskManager: START u0 {cmp=com.BHG.gurbani/.AuthActivity} from uid 10772
07-01 00:15:02.682  1958  5258 W ActivityTaskManager: Background activity start [callingPackage: com.BHG.gurbani; callingUid: 10772; isCallingUidForeground: false; isCallingUidPersistentSystemProcess: false; realCallingUid: 10772; isRealCallingUidForeground: false; isRealCallingUidPersistentSystemProcess: false; originatingPendingIntent: null; isBgStartWhitelisted: false; intent: Intent { cmp=com.BHG.gurbani/.AuthActivity }; callerApp: ProcessRecord{fd780ab 30295:com.BHG.gurbani/u0a772}]
07-01 00:15:02.864  1958  2011 I ActivityManager: Start proc 30388:com.qualcomm.qti.smq/1000 for content provider {com.qualcomm.qti.smq/com.qualcomm.qti.smq.providers.SMQContentProvider} caller=com.android.settings
07-01 00:15:02.915  1958  2351 I ActivityTaskManager: START u0 {act=miui.intent.action.APP_MANAGER_APPLICATION_DETAIL pkg=com.miui.securitycenter cmp=com.miui.securitycenter/com.miui.appmanager.ApplicationsDetailsActivity (has extras)} from uid 1000
07-01 00:15:02.920   788   903 W EventThreadInspector: slow VSync-sf on display(19260784713820289), count=5, avg=34 ms,max=49 ms.
07-01 00:15:02.964 30341 30341 W Looper  : Slow Looper main: Activity com.android.settings/.applications.InstalledAppDetails is 360ms late (wall=298ms running=101ms ClientTransaction{ callbacks=[android.app.servertransaction.LaunchActivityItem] lifecycleRequest=android.app.servertransaction.ResumeActivityItem }) because of 1 msg, msg 1 took 369ms (seq=2 running=131ms runnable=15ms io=199ms late=1ms h=android.app.ActivityThread$H w=110)
07-01 00:15:02.964 30341 30341 W Looper  : Slow Looper main: Activity com.android.settings/.applications.InstalledAppDetails is 658ms late (wall=0ms running=0ms ClientTransaction{ callbacks=[android.app.servertransaction.TopResumedActivityChangeItem] }) because of 2 msg, msg 1 took 369ms (seq=2 running=131ms runnable=15ms io=199ms late=1ms h=android.app.ActivityThread$H w=110), msg 2 took 298ms (seq=3 running=101ms runnable=13ms io=144ms late=360ms h=android.app.ActivityThread$H w=159)
07-01 00:15:02.966  1958  5258 I ActivityTaskManager: The Process com.miui.securitycenter Already Exists in BG. So sending its PID: 29764
07-01 00:15:02.972  1958  5258 I Timeline: Timeline: App_transition_ready time:52518892
07-01 00:15:03.187   788   902 W EventThreadInspector: slow VSync-app on display(19260784713820289), count=2, avg=40 ms, max=49 ms.
07-01 00:15:03.256  1958  1997 I Timeline: Timeline: App_transition_stopped time:52519177
07-01 00:15:03.263  1958  2014 E BatteryExternalStatsWorker: no controller energy info supplied for bluetooth
07-01 00:15:03.334  1958  1997 I Timeline: Timeline: Activity_windows_visible id: ActivityRecord{956951d u0 com.miui.securitycenter/com.miui.appmanager.ApplicationsDetailsActivity t1257} time:52519255
07-01 00:15:04.647  1958  2647 I ActivityManager: Force stopping com.BHG.gurbani appid=10772 user=0: clear data
07-01 00:15:04.648  1958  2647 I AutoStartManagerService: MIUILOG- Reject RestartService packageName :com.BHG.gurbani uid : 10772
07-01 00:15:04.649  1958  2647 I ActivityManager: Killing 30295:com.BHG.gurbani/u0a772 (adj 810): stop com.BHG.gurbani:clear data
07-01 00:15:04.656  1958  2010 I ActivityManager: Force stopping com.BHG.gurbani appid=10772 user=-1: clearApplicationUserData
07-01 00:15:04.660  1958  2647 I ConditionProviders: Disallowing condition provider com.BHG.gurbani
07-01 00:15:04.687  1958  1996 W ActivityManager: setHasOverlayUi called on unknown pid: 30295
07-01 00:15:04.832  1958  2011 I ActivityManager: Start proc 30440:com.android.chrome/u0a193 for broadcast {com.android.chrome/org.chromium.chrome.browser.browserservices.InstalledWebappBroadcastReceiver} caller=android
07-01 00:15:04.871  1958  2647 I WakePathChecker: MIUILOG-WAKEPATH pushWakePathWhiteList: userId=0 size=4
07-01 00:15:05.061 29764 30424 W SystemConfig: No directory /product_services/etc/sysconfig, skipping
07-01 00:15:05.061 29764 30424 W SystemConfig: No directory /product_services/etc/permissions, skipping
07-01 00:15:05.110  1958  2011 I ActivityManager: Start proc 30468:com.android.settings:remote/1000 for content provider {com.android.settings/com.android.settings.cloud.CloudSettingsProvider} caller=com.miui.securitycenter
07-01 00:15:05.147  1958  2011 I ActivityManager: Start proc 30486:com.qti.diagservices/1000 for service {com.qti.diagservices/com.qti.diagservices.QTIDiagServices} caller=com.qti.diagservices
07-01 00:15:05.195  1958  4525 W BaseMiuiPhoneWindowManager: keyCode:3 down:true eventTime:52521115 downTime:52521115 policyFlags:2b000002 flags:48 deviceId:-1 isScreenOn:true keyguardActive:false repeatCount:0
07-01 00:15:05.234  1958  2011 I ActivityManager: Start proc 30518:com.android.vending:background/u0a175 for broadcast {com.android.vending/com.google.android.finsky.appcontentservice.engage.broadcastreceiver.EngagePackageActionReceiver} caller=android
07-01 00:15:05.277  1958  2348 W BaseMiuiPhoneWindowManager: keyCode:3 down:false eventTime:52521197 downTime:52521115 policyFlags:2b000002 flags:48 deviceId:-1 isScreenOn:true keyguardActive:false repeatCount:0
07-01 00:15:05.283  1958  2089 I ActivityTaskManager: START u0 {act=android.intent.action.MAIN cat=[android.intent.category.HOME] flg=0x10000100 cmp=com.miui.home/.launcher.Launcher (has extras)} from uid 0
07-01 00:15:05.295  1958  2089 I Timeline: Timeline: App_transition_ready time:52521216
07-01 00:15:05.297 29764 29764 W ActivityThread: SCHED: com.miui.securitycenter/com.miui.appmanager.ApplicationsDetailsActivity [78, r=160ms, a=43ms, w=2147ms]
07-01 00:15:05.298  1958  1997 I Timeline: Timeline: App_transition_ready time:52521219
07-01 00:15:05.305  1958  4525 I Timeline: Timeline: App_transition_ready time:52521226
07-01 00:15:05.307  1958  1997 I Timeline: Timeline: App_transition_ready time:52521228
07-01 00:15:05.311  1958  2348 I Timeline: Timeline: App_transition_ready time:52521232
07-01 00:15:05.315  1958  1997 I Timeline: Timeline: App_transition_ready time:52521236
07-01 00:15:05.320 29764 30424 W BpBinder: Slow Binder: BpBinder transact took 248ms, interface=android.app.IActivityManager, code=20 oneway=false
07-01 00:15:05.339  1958  4522 I Timeline: Timeline: App_transition_ready time:52521260
07-01 00:15:05.362  1958  1997 I Timeline: Timeline: App_transition_ready time:52521283
07-01 00:15:05.386  1958  1997 I Timeline: Timeline: App_transition_ready time:52521307
07-01 00:15:05.874  1958  4522 I Timeline: Timeline: Activity_windows_visible id: ActivityRecord{ddb1799 u0 com.miui.home/.launcher.Launcher t1} time:52521795
07-01 00:15:05.876  1958  1997 I Timeline: Timeline: App_transition_stopped time:52521797
07-01 00:15:06.023 25324 25324 I Timeline: Timeline: Activity_launch_request time:52521944
07-01 00:15:06.025  1958  4522 I ActivityTaskManager: START u0 {act=android.intent.action.MAIN cat=[android.intent.category.LAUNCHER] flg=0x10200000 cmp=com.BHG.gurbani/.SplashActivity bnds=[581,760][757,936] (has extras)} from uid 10094
07-01 00:15:06.050 25324 25324 W ActivityThread: SCHED: com.miui.home/.launcher.Launcher [66, r=43ms, a=22ms, w=732ms]
07-01 00:15:06.103  1958  2011 I ActivityManager: Start proc 30603:com.BHG.gurbani/u0a772 for activity {com.BHG.gurbani/com.BHG.gurbani.SplashActivity} caller=com.miui.home
07-01 00:15:06.116  1958  2009 W UsageStatsService: Failed to note usage stop
07-01 00:15:06.116  1958  2009 W UsageStatsService: java.lang.IllegalArgumentException: Unable to stop usage for com.miui.securitycenter, not in use
07-01 00:15:06.116  1958  2009 W UsageStatsService:     at com.android.server.usage.AppTimeLimitController.noteUsageStop(AppTimeLimitController.java:955)
07-01 00:15:06.116  1958  2009 W UsageStatsService:     at com.android.server.usage.UsageStatsService.reportEvent(UsageStatsService.java:558)
07-01 00:15:06.116  1958  2009 W UsageStatsService:     at com.android.server.usage.UsageStatsService$H.handleMessage(UsageStatsService.java:879)
07-01 00:15:06.116  1958  2009 W UsageStatsService:     at android.os.Handler.dispatchMessage(Handler.java:107)
07-01 00:15:06.116  1958  2009 W UsageStatsService:     at android.os.Looper.loop(Looper.java:224)
07-01 00:15:06.116  1958  2009 W UsageStatsService:     at android.os.HandlerThread.run(HandlerThread.java:67)
07-01 00:15:06.137  1958  1997 I Timeline: Timeline: App_transition_ready time:52522058
07-01 00:15:06.241  1958  2351 I WakePathChecker: MIUILOG-WAKEPATH pushWakePathWhiteList: userId=0 size=4
07-01 00:15:06.326  1958  1997 I Timeline: Timeline: App_transition_stopped time:52522247
07-01 00:15:06.403  1958  5255 E WindowManager: App trying to use insecure INPUT_FEATURE_NO_INPUT_CHANNEL flag. Ignoring
07-01 00:15:06.499  1958  1997 I Timeline: Timeline: Activity_windows_visible id: ActivityRecord{3a7e0c9 u0 com.BHG.gurbani/.SplashActivity t1258} time:52522420
07-01 00:15:06.588  1958  2011 I ActivityManager: Start proc 30653:com.google.android.documentsui/u0a66 for broadcast {com.google.android.documentsui/com.android.documentsui.PackageReceiver} caller=android
07-01 00:15:06.959  1958  2011 I ActivityManager: Start proc 30696:com.google.android.permissioncontroller/u0a95 for broadcast {com.google.android.permissioncontroller/com.android.packageinstaller.permission.service.LocationAccessCheck$PackageResetHandler} caller=android
07-01 00:15:07.144  1958  2351 W BroadcastQueueInjector: Unable to launch app app.revanced.android.gms/10687 for broadcast Intent { act=android.intent.action.PACKAGE_DATA_CLEARED dat=package:com.BHG.gurbani flg=0x1000010 (has extras) }: process is not permitted to  auto start
07-01 00:15:07.146  1958  2010 W BroadcastQueueInjector: Unable to launch app com.google.android.apps.photos/10214 for broadcast Intent { act=android.intent.action.PACKAGE_DATA_CLEARED dat=package:com.BHG.gurbani flg=0x1000010 (has extras)}: process is not permitted to  auto start
07-01 00:15:07.650  1958  1958 W WindowManager: removeWindowToken: Attempted to remove non-existing token: android.os.Binder@29d2336
07-01 00:15:08.347  1958  2011 I ActivityManager: Start proc 30726:com.android.vending/u0a175 for service {com.android.vending/com.google.android.finsky.scheduler.process.mainimpl.PhoneskyJobServiceMain} caller=android
07-01 00:15:08.559  1958  2011 I ActivityManager: Start proc 30780:com.google.process.gservices/u0a185 for content provider {com.google.android.gsf/com.google.android.gsf.gservices.GservicesProvider} caller=com.android.vending
07-01 00:15:08.640  1958  2011 I ActivityManager: Start proc 30825:com.google.process.gapps/u0a185 for content provider{com.google.android.gsf/com.google.android.gsf.settings.GoogleSettingsProvider} caller=com.android.vending
--------- beginning of main
07-01 00:15:08.755 30780 30780 I Perf    : Connecting to perf service.
07-01 00:15:08.774 30780 30780 I GservicesProvider: Gservices pushing to system: true; secure/global: true
07-01 00:15:08.813 30726 30772 W BpBinder: Slow Binder: BpBinder transact took 291ms, interface=android.app.IActivityManager, code=20 oneway=false
07-01 00:15:08.817 30780 30780 I FeatureParser: can't find violet.xml in assets/device_features/,it may be in /system/etc/device_features
07-01 00:15:08.822 30825 30825 I GoogleHttpClient: GMS http client unavailable, use old client
07-01 00:15:08.826 30726 30778 I chatty  : uid=10175(com.android.vending) bgExecutor #2 expire 1 line
07-01 00:15:08.830 30780 30866 E Perf    : Fail to get file list com.google.android.gsf
07-01 00:15:08.830 30780 30866 E Perf    : getFolderSize() : Exception_1 = java.lang.NullPointerException: Attempt to get length of null array
07-01 00:15:08.830 30780 30866 E Perf    : Fail to get file list com.google.android.gsf
07-01 00:15:08.831 30780 30866 E Perf    : getFolderSize() : Exception_1 = java.lang.NullPointerException: Attempt to get length of null array
07-01 00:15:08.852 30726 30773 W BpBinder: Slow Binder: BpBinder transact took 242ms, interface=android.app.IActivityManager, code=20 oneway=false
07-01 00:15:08.856 30825 30825 I FeatureParser: can't find violet.xml in assets/device_features/,it may be in /system/etc/device_features
07-01 00:15:08.863 30825 30872 E Perf    : Fail to get file list com.google.android.gsf
07-01 00:15:08.864 30825 30872 E Perf    : getFolderSize() : Exception_1 = java.lang.NullPointerException: Attempt to get length of null array
07-01 00:15:08.864 30825 30872 E Perf    : Fail to get file list com.google.android.gsf
07-01 00:15:08.864 30825 30872 E Perf    : getFolderSize() : Exception_1 = java.lang.NullPointerException: Attempt to get length of null array
07-01 00:15:08.866   511   511 I chatty  : uid=1000(system) hwservicemanage expire 54 lines
07-01 00:15:08.868 30726 30860 I chatty  : uid=10175(com.android.vending) GrpcBackgroundE expire 1 line
07-01 00:15:08.924 30726 30756 I chatty  : uid=10175(com.android.vending) BlockingExecuto expire 2 lines
07-01 00:15:08.966 30726 30876 I chatty  : uid=10175(com.android.vending) PackageInstalle expire 1 line
07-01 00:15:08.974 30726 30808 I chatty  : uid=10175(com.android.vending) ThreadPoolForeg expire 1 line
07-01 00:15:08.989 30726 30879 I chatty  : uid=10175(com.android.vending) expire 1 line
07-01 00:15:08.996 30726 30726 I chatty  : uid=10175(com.android.vending) expire 1 line
07-01 00:15:09.025 30726 30864 I chatty  : uid=10175(com.android.vending) expire 4 lines
07-01 00:15:09.028 30726 30864 W Finsky  : [21407] SLM: no metadata property com.android.vending.derived.apk.id found for shared library com.google.android.trichromelibrary_720404533:
07-01 00:15:09.028 30726 30864 W Finsky  : [21407] SLM: no metadata property com.android.vending.sdk.version.patch found for shared library com.google.android.trichromelibrary_720404533:
07-01 00:15:09.134 30726 30812 I cn_CronetUrlRequestContext: destroyNativeStreamLocked org.chromium.net.impl.CronetBidirectionalStream@bca2646
07-01 00:15:09.225 30726 30785 I Finsky  : [21377] SysUA: Set SystemUpdateActivity enabled state to 1
07-01 00:15:09.226 30726 30772 I Finsky  : [21370] Set UnhibernateActivity enabled state to 1
07-01 00:15:09.226 30726 30767 I Finsky  : [21366] SysCUA: Set {com.android.vending/com.google.android.finsky.systemcomponentupdateui.common.SystemComponentUpdateActivity} enabled state to 0
07-01 00:15:09.393 30603 30603 I Timeline: Timeline: Activity_launch_request time:52525314
07-01 00:15:09.395  1958  5236 I ActivityTaskManager: START u0 {cmp=com.BHG.gurbani/.AuthActivity} from uid 10772
07-01 00:15:09.407 30603 30603 W ActivityThread: SCHED: com.BHG.gurbani/.SplashActivity [75, r=31ms, a=10ms, w=3012ms]
07-01 00:15:09.411  1958  5255 I ActivityTaskManager: The Process com.BHG.gurbani Already Exists in BG. So sending its PID: 30603
07-01 00:15:09.415  1958  5255 I Timeline: Timeline: App_transition_ready time:52525335
07-01 00:15:09.415 30603 30603 W ActivityThread: handleWindowVisibility: no activity for token android.os.BinderProxy@2865d06
07-01 00:15:09.427 30603 30603 D ForceDarkHelper: updateByCheckExcludeList: pkg: com.BHG.gurbani activity: com.BHG.gurbani.AuthActivity@792738c
07-01 00:15:09.437 30603 30603 D ForceDarkHelper: updateByCheckExcludeList: pkg: com.BHG.gurbani activity: com.BHG.gurbani.AuthActivity@792738c
07-01 00:15:09.535 24094 30427 I NetworkScheduler: (REDACTED) Error inserting %s
07-01 00:15:09.569  1958  2647 E WindowManager: App trying to use insecure INPUT_FEATURE_NO_INPUT_CHANNEL flag. Ignoring
07-01 00:15:09.583  1958  5236 I Timeline: Timeline: App_transition_ready time:52525504
07-01 00:15:09.585  1958  5236 I Timeline: Timeline: App_transition_ready time:52525505
07-01 00:15:09.602 23967 23967 D BoundBrokerSvc: onBind: Intent { act=com.google.android.gms.auth.api.signin.service.START pkg=com.google.android.gms }
07-01 00:15:09.602 23967 23967 D BoundBrokerSvc: Loading bound service for intent: Intent { act=com.google.android.gms.auth.api.signin.service.START pkg=com.google.android.gms }
07-01 00:15:09.646  1958  1997 I Timeline: Timeline: App_transition_ready time:52525567
07-01 00:15:09.653  1958  2009 I chatty  : uid=1000(system) android.bg expire 5 lines
07-01 00:15:09.655 28084 28084 I chatty  : uid=10198(com.google.android.inputmethod.latin) expire 4 lines
07-01 00:15:09.671 24094 30421 I NetworkScheduler: (REDACTED) Error inserting %s
07-01 00:15:09.678 23967  4604 W Auth.Api.SignIn: [Service,SignInChimeraService] **************************** WARNING ***************************
07-01 00:15:09.678 23967  4604 W Auth.Api.SignIn: You are using the deprecated legacy Google Sign-In APIs from
07-01 00:15:09.678 23967  4604 W Auth.Api.SignIn: play-services-auth SDK. Please migrate to the Credential Manager
07-01 00:15:09.678 23967  4604 W Auth.Api.SignIn: APIs, see https://goo.gle/gsi-migration.
07-01 00:15:09.678 23967  4604 W Auth.Api.SignIn: ****************************************************************
07-01 00:15:09.892  1958  1997 I Timeline: Timeline: Activity_windows_visible id: ActivityRecord{b48a6d4 u0 com.BHG.gurbani/.AuthActivity t1258} time:52525813
07-01 00:15:09.896  1958  1997 I Timeline: Timeline: App_transition_stopped time:52525816
07-01 00:15:09.917 30440 30463 I .android.chrom: Waiting for a blocking GC ProfileSaver
07-01 00:15:10.259   734   872 W ANDR-PERF-LM: FeatureState: readState() 149: warning: appName is NULL, returning default State
07-01 00:15:10.348 30603 30603 I Timeline: Timeline: Activity_launch_request time:52526269
07-01 00:15:10.349  1958  5255 I ActivityTaskManager: START u0 {act=com.google.android.gms.auth.GOOGLE_SIGN_IN pkg=com.BHG.gurbani cmp=com.BHG.gurbani/com.google.android.gms.auth.api.signin.internal.SignInHubActivity (has extras)} from uid10772
07-01 00:15:10.259   734   872 W ANDR-PERF-LM: FeatureState: readState() 149: warning: appName is NULL, returning default State
07-01 00:15:10.357 30603 30603 W ActivityThread: SCHED: com.BHG.gurbani/.AuthActivity [74, r=47ms, a=16ms, w=792ms]
07-01 00:15:10.360  1958  2647 I ActivityTaskManager: The Process com.BHG.gurbani Already Exists in BG. So sending its PID: 30603
07-01 00:15:10.366  1958  2647 I Timeline: Timeline: App_transition_ready time:52526287
07-01 00:15:10.368 30603 30603 W ActivityThread: handleWindowVisibility: no activity for token android.os.BinderProxy@c4ff2c2
07-01 00:15:10.374 30603 30603 I Timeline: Timeline: Activity_launch_request time:52526295
07-01 00:15:10.377  1958  2647 I ActivityTaskManager: START u0 {act=com.google.android.gms.auth.GOOGLE_SIGN_IN pkg=com.google.android.gms cmp=com.google.android.gms/.auth.api.signin.ui.SignInActivity (has extras)} from uid 10772
07-01 00:15:10.398 30603 30603 D ForceDarkHelper: updateByCheckExcludeList: pkg: com.BHG.gurbani activity: com.google.android.gms.auth.api.signin.internal.SignInHubActivity@e3b4a41
07-01 00:15:10.404  1958  2647 E WindowManager: App trying to use insecure INPUT_FEATURE_NO_INPUT_CHANNEL flag. Ignoring
07-01 00:15:10.398 30603 30603 D ForceDarkHelper: updateByCheckExcludeList: pkg: com.BHG.gurbani activity: com.google.android.gms.auth.api.signin.internal.SignInHubActivity@e3b4a41
07-01 00:15:10.429 30603 30603 W ActivityThread: SCHED: com.BHG.gurbani/com.google.android.gms.auth.api.signin.internal.SignInHubActivity [38, r=8ms, a=13ms, w=28ms]
07-01 00:15:10.446 28084 28084 I Module  : DeviceLockedStatusModuleProvider$Module.updateDeviceLockedStatus():100 repeatCheckTimes = 1, locked = false
07-01 00:15:10.468   614   614 D Zygote  : Forked child process 30895
07-01 00:15:10.472   613   613 D OemNetd : setPidForPackage: packageName=com.google.android.gms, pid=30895, pid=10185
07-01 00:15:10.472  1958  2011 I ActivityManager: Start proc 30895:com.google.android.gms.ui/u0a185 for activity {com.google.android.gms/com.google.android.gms.auth.api.signin.ui.SignInActivity} caller=com.BHG.gurbani
07-01 00:15:10.489 30895 30895 E .android.gms.u: Not starting debugger since process cannot load the jdwp agent.
07-01 00:15:10.489 24094 30427 I NetworkScheduler: (REDACTED) Error inserting %s
07-01 00:15:10.502  5428  6806 I GST     : forePkg: com.google.android.gms, preForePkg: com.BHG.gurbani
07-01 00:15:10.509  1958  1997 I Timeline: Timeline: App_transition_ready time:52526429
07-01 00:15:10.512 25359 25378 D PMonitor:  onForegroundActivitiesChanged:pid = 30895,activity-uid=10185,foregroundActivities=true
07-01 00:15:10.535 30895 30895 I .android.gms.u: The ClassLoaderContext is a special shared library.
07-01 00:15:10.575 30895 30895 W .android.gms.u: JIT profile information will not be recorded: profile file does not exits.
07-01 00:15:10.575 30895 30895 W .android.gms.u: JIT profile information will not be recorded: profile file does not exits.
07-01 00:15:10.580 30895 30895 I Perf    : Connecting to perf service.
07-01 00:15:10.759 24094 24094 D BoundBrokerSvc: onUnbind: Intent { act=com.google.android.gms.presencemanager.service.START dat=chimera-action: cmp=com.google.android.gms/.chimera.PersistentApiService }
07-01 00:15:10.763 24094 24094 D BoundBrokerSvc: onUnbind: Intent { act=com.google.android.gms.presencemanager.service.INTERNAL_IDENTITY dat=chimera-action: cmp=com.google.android.gms/.chimera.PersistentApiService }
07-01 00:15:10.764 30895 30895 W .android.gms.u: Verification of void com.google.android.gms.common.app.GmsApplication.attachBaseContext(android.content.Context) took 136.949ms
07-01 00:15:10.899  5140  5156 W System  : A resource failed to call end.
07-01 00:15:10.957   613   613 D OemNetd : setLimit: disable, rate=0
07-01 00:15:10.983 30388 30414 I ualcomm.qti.sm: ProcessProfilingInfo new_methods=0 is saved saved_to_disk=0 resolve_classes_delay=8000
07-01 00:15:11.007 30895 30895 I FeatureParser: can't find violet.xml in assets/device_features/,it may be in /system/etc/device_features
07-01 00:15:11.017 30895 30895 W ProviderHelper: Unknown dynamite feature providerinstaller.dynamite
07-01 00:15:11.017 30895 30895 I DynamiteModule: Considering local module com.google.android.gms.providerinstaller.dynamite:1 and remote module com.google.android.gms.providerinstaller.dynamite:0
07-01 00:15:11.017 30895 30895 I DynamiteModule: Selected local version of com.google.android.gms.providerinstaller.dynamite
07-01 00:15:11.035 30895 30895 V NativeCrypto: Registering com/google/android/gms/org/conscrypt/NativeCrypto's 315 native methods...
07-01 00:15:11.052 30895 30895 D NetworkSecurityConfig: Using Network Security Config from resource network_security_config debugBuild: false
07-01 00:15:11.055 30895 30895 I ProviderInstaller: Installed default security provider GmsCore_OpenSSL
07-01 00:15:11.077 30895 30925 I GMS_MM_Logger: (REDACTED) Start time: %s
07-01 00:15:11.084 30895 30925 I GMS_MM_Logger: Started.
07-01 00:15:11.394 23967 23967 D BoundBrokerSvc: onBind: Intent { act=com.google.android.gms.signin.service.START dat=chimera-action: cmp=com.google.android.gms/.chimera.GmsApiService }
07-01 00:15:11.394 23967 23967 D BoundBrokerSvc: Loading bound service for intent: Intent { act=com.google.android.gms.signin.service.START dat=chimera-action: cmp=com.google.android.gms/.chimera.GmsApiService }
07-01 00:15:11.436  1958  4525 E WindowManager: App trying to use insecure INPUT_FEATURE_NO_INPUT_CHANNEL flag. Ignoring
07-01 00:15:11.440 30895 30895 W Looper  : Slow Looper main: Activity com.google.android.gms/.auth.api.signin.ui.SignInActivity is 580ms late (wall=355ms running=122ms ClientTransaction{ callbacks=[android.app.servertransaction.LaunchActivityItem] lifecycleRequest=android.app.servertransaction.ResumeActivityItem }) because of 2 msg, msg 2 took 574ms (seq=2 running=166ms runnable=25ms io=306ms late=9ms h=android.app.ActivityThread$H w=110)
07-01 00:15:11.441 30895 30895 W Looper  : Slow Looper main: Activity com.google.android.gms/.auth.api.signin.ui.SignInActivity is 936ms late (wall=0ms running=0ms ClientTransaction{ callbacks=[android.app.servertransaction.TopResumedActivityChangeItem] }) because of 3 msg, msg 2 took 574ms (seq=2 running=166ms runnable=25ms io=306ms late=9ms h=android.app.ActivityThread$H w=110), msg 3 took 355ms (seq=3 running=122ms runnable=14ms io=188ms late=580ms h=android.app.ActivityThread$H w=159)
07-01 00:15:11.448  1958  4525 I Timeline: Timeline: App_transition_ready time:52527369
07-01 00:15:11.451 30895 30930 I AdrenoGLES: QUALCOMM build                   : af4b174, I386ada412e
07-01 00:15:11.451 30895 30930 I AdrenoGLES: Build Date                       : 09/10/20
07-01 00:15:11.451 30895 30930 I AdrenoGLES: OpenGL ES Shader Compiler Version: EV031.27.05.01
07-01 00:15:11.451 30895 30930 I AdrenoGLES: Local Branch                     :
07-01 00:15:11.451 30895 30930 I AdrenoGLES: Remote Branch                    : refs/tags/AU_LINUX_ANDROID_LA.UM.8.9.R1.10.00.00.558.044
07-01 00:15:11.451 30895 30930 I AdrenoGLES: Remote Branch                    : NONE
07-01 00:15:11.451 30895 30930 I AdrenoGLES: Reconstruct Branch               : NOTHING
07-01 00:15:11.451 30895 30930 I AdrenoGLES: Build Config                     : S P 8.0.11 AArch64
07-01 00:15:11.453 30895 30930 I AdrenoGLES: PFP: 0x016ee187, ME: 0x00000000
07-01 00:15:11.473  1958  1997 I Timeline: Timeline: App_transition_ready time:52527394
07-01 00:15:11.474  1958  1997 I Timeline: Timeline: Activity_windows_visible id: ActivityRecord{170d79e u0 com.BHG.gurbani/com.google.android.gms.auth.api.signin.internal.SignInHubActivity t1258} time:52527394
07-01 00:15:11.474  1958  1997 I Timeline: Timeline: Activity_windows_visible id: ActivityRecord{106af3c u0 com.google.android.gms/.auth.api.signin.ui.SignInActivity t1258} time:52527394
07-01 00:15:11.474  1958  1997 I Timeline: Timeline: App_transition_stopped time:52527394
07-01 00:15:11.479  2513  2513 D QtiCarrierConfigHelper: WARNING, no carrier configs on phone Id: 0
07-01 00:15:11.480  5413  5606 I chatty  : uid=1000(system) PowerCheckerSer expire 1 line
07-01 00:15:11.492 28084 28084 I GoogleInputMethodService: GoogleInputMethodService.onFinishInput():1984
07-01 00:15:11.492 28084 28084 I Module  : DeviceLockedStatusModuleProvider$Module.updateDeviceLockedStatus():100 repeatCheckTimes = 0, locked = false
07-01 00:15:11.493 28084 28084 I GoogleInputMethodService: GoogleInputMethodService.onStartInput():1248 onStartInput(EditorInfo{EditorInfo{packageName=com.google.android.gms, inputType=0, inputTypeString=NULL, enableLearning=false, autoCorrection=false, autoComplete=false, imeOptions=0, privateImeOptions=null, actionName=UNSPECIFIED, actionLabel=null, initialSelStart=-1, initialSelEnd=-1, initialCapsMode=0, label=null, fieldId=-1, fieldName=null, extras=null, hintText=null, hintLocales=[]}}, false)
07-01 00:15:11.494 28084 28084 I Module  : DeviceLockedStatusModuleProvider$Module.updateDeviceLockedStatus():100 repeatCheckTimes = 1, locked = false
07-01 00:15:11.503  1958  5236 I ActivityTaskManager: START u0 {cmp=com.google.android.gms/.common.api.GoogleApiActivity (has extras)} from uid 10185
07-01 00:15:11.513 30895 30895 W ActivityThread: SCHED: com.google.android.gms/.auth.api.signin.ui.SignInActivity [65, r=21ms, a=11ms, w=92ms]
07-01 00:15:11.515  1958  5256 I ActivityTaskManager: The Process com.google.android.gms.ui Already Exists in BG. So sending its PID: 30895
07-01 00:15:11.516  1958  5256 I chatty  : uid=1000(system) Binder:1958_1C expire 20 lines
07-01 00:15:11.519  1958  5256 I Timeline: Timeline: App_transition_ready time:52527440
07-01 00:15:11.519 30895 30895 W ActivityThread: handleWindowVisibility: no activity for token android.os.BinderProxy@eb3d29c
07-01 00:15:11.526  1958  5256 I ActivityTaskManager: START u0 {act=com.google.android.gms.signin.action.SIGN_IN pkg=com.google.android.gms cmp=com.google.android.gms/.signin.activity.SignInActivity (has extras)} from uid 10185
07-01 00:15:11.537 30895 30895 D ForceDarkHelper: updateByCheckExcludeList: pkg: com.google.android.gms activity: com.google.android.gms.common.api.GoogleApiActivity@9dba621
07-01 00:15:11.543  1958  5255 E WindowManager: App trying to use insecure INPUT_FEATURE_NO_INPUT_CHANNEL flag. Ignoring
07-01 00:15:11.537 30895 30895 I chatty  : uid=10185 com.google.android.gms.ui identical 3 lines
07-01 00:15:11.548 30895 30895 W ActivityThread: SCHED: com.google.android.gms/.common.api.GoogleApiActivity [75, r=3ms, a=1ms, w=9ms]
07-01 00:15:11.549  1958  5256 I ActivityTaskManager: The Process com.google.android.gms.ui Already Exists in BG. So sending its PID: 30895
07-01 00:15:11.554  1958  5256 I Timeline: Timeline: App_transition_ready time:52527474
07-01 00:15:11.555  1958  1997 I Timeline: Timeline: App_transition_ready time:52527475
07-01 00:15:11.561  1958  5255 I Timeline: Timeline: App_transition_ready time:52527482
07-01 00:15:11.563  1958  5255 I Timeline: Timeline: App_transition_ready time:52527483
07-01 00:15:11.571 30895 30930 I chatty  : uid=10185(com.google.android.gms) RenderThread expire 1 line
07-01 00:15:11.579  1958  1997 I Timeline: Timeline: App_transition_ready time:52527499
07-01 00:15:11.580  1958  1997 I Timeline: Timeline: App_transition_ready time:52527501
07-01 00:15:11.593  1958  1997 I Timeline: Timeline: App_transition_ready time:52527513
07-01 00:15:11.597 30603 30947 D ProfileInstaller: Installing profile for com.BHG.gurbani
07-01 00:15:11.643  1958  5255 E WindowManager: App trying to use insecure INPUT_FEATURE_NO_INPUT_CHANNEL flag. Ignoring
07-01 00:15:11.653 25666 25690 I chatty  : uid=1000(system) Binder:25666_1 expire 17 lines
07-01 00:15:11.665  1958  5255 I Timeline: Timeline: App_transition_ready time:52527586
07-01 00:15:11.670  6292  6304 W obalminusscree: Reducing the number of considered missed Gc histogram windows from 116to 100
07-01 00:15:11.677  1958  1997 I Timeline: Timeline: App_transition_ready time:52527598
07-01 00:15:11.678  1958  1997 I Timeline: Timeline: Activity_windows_visible id: ActivityRecord{cd04ce7 u0 com.google.android.gms/.common.api.GoogleApiActivity t1258} time:52527598
07-01 00:15:11.678  1958  1997 I Timeline: Timeline: Activity_windows_visible id: ActivityRecord{b34e200 u0 com.google.android.gms/.signin.activity.SignInActivity t1258} time:52527598
07-01 00:15:11.678  1958  1997 I Timeline: Timeline: App_transition_stopped time:52527599
07-01 00:15:11.683 28084 28084 I GoogleInputMethodService: GoogleInputMethodService.onFinishInput():1984
07-01 00:15:11.684 28084 28084 I Module  : DeviceLockedStatusModuleProvider$Module.updateDeviceLockedStatus():100 repeatCheckTimes = 0, locked = false
07-01 00:15:11.684 28084 28084 I GoogleInputMethodService: GoogleInputMethodService.onStartInput():1248 onStartInput(EditorInfo{EditorInfo{packageName=com.google.android.gms, inputType=0, inputTypeString=NULL, enableLearning=false, autoCorrection=false, autoComplete=false, imeOptions=0, privateImeOptions=null, actionName=UNSPECIFIED, actionLabel=null, initialSelStart=-1, initialSelEnd=-1, initialCapsMode=0, label=null, fieldId=-1, fieldName=null, extras=null, hintText=null, hintLocales=[]}}, false)
07-01 00:15:11.685 28084 28084 I Module  : DeviceLockedStatusModuleProvider$Module.updateDeviceLockedStatus():100 repeatCheckTimes = 1, locked = false
07-01 00:15:11.726   613 30952 E ResolverController: No valid NAT64 prefix (108, <unspecified>/0)
07-01 00:15:11.765 30895 30953 I chatty  : uid=10185 com.google.android.gms.ui expire 9 lines
07-01 00:15:11.942 30603 30617 I com.BHG.gurban: Background concurrent copying GC freed 102439(1699KB) AllocSpace objects, 7(344KB) LOS objects, 49% free, 5789KB/11MB, paused 76us total 125.951ms
07-01 00:15:12.052 30895 30928 E Perf    : Fail to get file list com.google.android.gms
07-01 00:15:12.052 30895 30928 E Perf    : getFolderSize() : Exception_1 = java.lang.NullPointerException: Attempt to get length of null array
07-01 00:15:12.052 30895 30928 E Perf    : Fail to get file list oat
07-01 00:15:12.052 30895 30928 E Perf    : getFolderSize() : Exception_1 = java.lang.NullPointerException: Attempt to get length of null array
07-01 00:15:12.072  1958  4522 W BpBinder: Slow Binder: BpBinder transact took 810ms, interface=android.os.IInstalld, code=9 oneway=false
07-01 00:15:12.073 30726 30890 W BpBinder: Slow Binder: BpBinder transact took 811ms, interface=android.app.usage.IStorageStatsManager, code=7 oneway=false
07-01 00:15:12.092 30895 30895 I Timeline: Timeline: Activity_launch_request time:52528013
07-01 00:15:12.094  1958  5236 I ActivityTaskManager: START u0 {act=com.google.android.gms.common.account.CHOOSE_ACCOUNT_USERTILE pkg=com.google.android.gms cmp=com.google.android.gms/.common.account.AccountPickerActivity (has extras)} from uid 10185
07-01 00:15:12.104 30895 30895 W ActivityThread: SCHED: com.google.android.gms/.signin.activity.SignInActivity [75, r=15ms, a=5ms, w=466ms]
07-01 00:15:12.106  1958  5256 I ActivityTaskManager: The Process com.google.android.gms.ui Already Exists in BG. So sending its PID: 30895
07-01 00:15:12.112  1958  5256 I Timeline: Timeline: App_transition_ready time:52528033
07-01 00:15:12.113 30895 30895 W ActivityThread: handleWindowVisibility: no activity for token android.os.BinderProxy@11a07c
07-01 00:15:12.130 30895 30895 I DynamiteModule: Considering local module com.google.android.gms.googlecertificates:7 and remote module com.google.android.gms.googlecertificates:7
07-01 00:15:12.130 30895 30895 I DynamiteModule: Selected local version of com.google.android.gms.googlecertificates
07-01 00:15:12.200 23967 23967 D BoundBrokerSvc: onBind: Intent { act=com.google.android.gms.mdisync.service.START dat=chimera-action: cmp=com.google.android.gms/.chimera.GmsApiService }
07-01 00:15:12.200 23967 23967 D BoundBrokerSvc: Loading bound service for intent: Intent { act=com.google.android.gms.mdisync.service.START dat=chimera-action: cmp=com.google.android.gms/.chimera.GmsApiService }
07-01 00:15:12.207 23967  4604 I MdiSyncModule: (REDACTED) Receiving API connection from package '%s'...
07-01 00:15:12.208 23967  4604 I MdiSyncModule: API connection successful!
07-01 00:15:12.220 23967  4604 I MdiSyncModule: (REDACTED) Receiving API connection from package '%s'...
07-01 00:15:12.222 23967  4604 I MdiSyncModule: API connection successful!
07-01 00:15:12.224 23967 23986 I MdiSyncModule: (REDACTED) Receiving API connection from package '%s'...
07-01 00:15:12.225 23967 23986 I MdiSyncModule: API connection successful!
07-01 00:15:12.264 30895 30895 W DividerItem: @android:attr/listDivider was not set in the theme used for this DividerItemDecoration. Please set that attribute all call setDrawable()
07-01 00:15:12.273  1958  2351 E WindowManager: App trying to use insecure INPUT_FEATURE_NO_INPUT_CHANNEL flag. Ignoring
07-01 00:15:12.293  1958  2351 I Timeline: Timeline: App_transition_ready time:52528214
07-01 00:15:12.295  1958  2351 I Timeline: Timeline: App_transition_ready time:52528216
07-01 00:15:12.323  1958  1997 I Timeline: Timeline: App_transition_ready time:52528244
07-01 00:15:12.323  1958  1997 I Timeline: Timeline: Activity_windows_visible id: ActivityRecord{904c4e2 u0 com.google.android.gms/.common.account.AccountPickerActivity t1258} time:52528244
07-01 00:15:12.323  1958  1997 I Timeline: Timeline: App_transition_stopped time:52528244
07-01 00:15:12.329 28084 28084 I GoogleInputMethodService: GoogleInputMethodService.onFinishInput():1984
07-01 00:15:12.329 28084 28084 I Module  : DeviceLockedStatusModuleProvider$Module.updateDeviceLockedStatus():100 repeatCheckTimes = 0, locked = false
