07-01 00:15:48.178 31791 31791 D SoLoader: Preparing SO source: com.facebook.soloader.e[root = /vendor/lib flags = 2]
07-01 00:15:48.178 31791 31791 D SoLoader: Preparing SO source: com.facebook.soloader.b[root = /data/data/com.facebook.services/lib-main flags = 1]
07-01 00:15:48.179 31791 31791 V fb-UnpackingSoSource: locked dso store /data/user/0/com.facebook.services/lib-main
07-01 00:15:48.183 31791 31791 I fb-UnpackingSoSource: dso store is up-to-date: /data/user/0/com.facebook.services/lib-main
07-01 00:15:48.183 31791 31791 V fb-UnpackingSoSource: releasing dso store lock for /data/user/0/com.facebook.services/lib-main
07-01 00:15:48.184 31791 31791 D SoLoader: init finish: 3 SO sources prepared
07-01 00:15:48.184 31791 31791 D SoLoader: init exiting
07-01 00:15:48.186  3633  3633 I CNSS    : Failed to send nl message
07-01 00:15:48.192  1958  1997 I Timeline: Timeline: Activity_windows_visible id: ActivityRecord{effa6b1 u0 com.BHG.gurbani/.SplashActivity t1259} time:52564113
07-01 00:15:48.190  3633  3633 I chatty  : uid=1000(system) /system/vendor/bin/cnss_diag identical 8 lines
07-01 00:15:48.194  3633  3633 I CNSS    : Failed to send nl message
07-01 00:15:48.195  1958  2009 I ActivityTaskManager: Displayed com.BHG.gurbani/.SplashActivity: +515ms
07-01 00:15:48.200 28084 28084 I GoogleInputMethodService: GoogleInputMethodService.onFinishInput():1984
07-01 00:15:48.200  3633  3633 I CNSS    : Failed to send nl message
07-01 00:15:48.200 28084 28084 I Module  : DeviceLockedStatusModuleProvider$Module.updateDeviceLockedStatus():100 repeatCheckTimes = 0, locked = false
07-01 00:15:48.201  3633  3633 I CNSS    : Failed to send nl message
07-01 00:15:48.201  3633  3633 I chatty  : uid=1000(system) /system/vendor/bin/cnss_diag identical 1 line
07-01 00:15:48.203  3633  3633 I CNSS    : Failed to send nl message
07-01 00:15:48.203 31791 31791 I FeatureParser: can't find violet.xml in assets/device_features/,it may be in /system/etc/device_features
07-01 00:15:48.205  3633  3633 I CNSS    : Failed to send nl message
07-01 00:15:48.205 28084 28084 I GoogleInputMethodService: GoogleInputMethodService.onStartInput():1248 onStartInput(EditorInfo{EditorInfo{packageName=com.BHG.gurbani, inputType=0, inputTypeString=NULL, enableLearning=false, autoCorrection=false, autoComplete=false, imeOptions=0, privateImeOptions=null, actionName=UNSPECIFIED, actionLabel=null, initialSelStart=-1, initialSelEnd=-1, initialCapsMode=0, label=null, fieldId=-1, fieldName=null, extras=null, hintText=null, hintLocales=[]}}, false)
07-01 00:15:48.206  1958  1996 D ActivityManager: thread tid=25324, priority is set to -10
07-01 00:15:48.206  1958  1996 D ActivityManager: thread tid=25523, priority is set to -10
07-01 00:15:48.206  3633  3633 I CNSS    : Failed to send nl message
07-01 00:15:48.209  3633  3633 I chatty  : uid=1000(system) /system/vendor/bin/cnss_diag identical 3 lines
07-01 00:15:48.210  3633  3633 I CNSS    : Failed to send nl message
07-01 00:15:48.211 28084 28084 I Module  : DeviceLockedStatusModuleProvider$Module.updateDeviceLockedStatus():100 repeatCheckTimes = 1, locked = false
07-01 00:15:48.213  1958  2101 D NtpTrustedTime: currentTimeMillis() cache hit
07-01 00:15:48.220   613   613 I netd    : bandwidthSetGlobalAlert(131072) <0.24ms>
07-01 00:15:48.221 25666 26108 D TrafficManageService: onReceive: intent.action = com.android.server.action.NETWORK_STATS_UPDATED
07-01 00:15:48.225  1958  3906 D ActivityTrigger: ActivityTrigger activityStopTrigger
07-01 00:15:48.228  3633  3633 I CNSS    : Failed to send nl message
07-01 00:15:48.229  3633  3633 I CNSS    : Failed to send nl message
07-01 00:15:48.231  1958  1972 I system_server: NativeAlloc concurrent copying GC freed 244102(12MB) AllocSpace objects, 68(4236KB) LOS objects, 36% free, 41MB/65MB, paused 3.019ms total 529.478ms
07-01 00:15:48.232  3633  3633 I CNSS    : Failed to send nl message
07-01 00:15:48.233  1958  2104 I MiuiNetworkPolicy: updateUidState uid = 10094, uidState = 6
07-01 00:15:48.234  3633  3633 I CNSS    : Failed to send nl message
07-01 00:15:48.234 25324 25324 D Launcher.Lifecycle: onStop:UserHandle{0},e938a99,false
07-01 00:15:48.235  3633  3633 I CNSS    : Failed to send nl message
07-01 00:15:48.237  3633  3633 I CNSS    : Failed to send nl message
07-01 00:15:48.237   511   511 I hwservicemanager: getTransport: Cannot find entry vendor.qti.hardware.servicetracker@1.0::IServicetracker/default in either framework or device manifest.
07-01 00:15:48.238  3633  3633 I CNSS    : Failed to send nl message
07-01 00:15:48.242  3633  3633 I chatty  : uid=1000(system) /system/vendor/bin/cnss_diag identical 3 lines
07-01 00:15:48.243  3633  3633 I CNSS    : Failed to send nl message
07-01 00:15:48.244 23967 29767 D AdvertisingIdClient: AdvertisingIdClient already created.
07-01 00:15:48.244 23967 29767 D AdvertisingIdClient: AdvertisingIdClient is not bounded. Starting to bind it...
07-01 00:15:48.247  1958  1974 W System  : A resource failed to call release.
07-01 00:15:48.247  1958  1974 W System  : A resource failed to call release.
07-01 00:15:48.250  3633  3633 I CNSS    : Failed to send nl message
07-01 00:15:48.251  3633  3633 I CNSS    : Failed to send nl message
07-01 00:15:48.252   511   511 I hwservicemanager: getTransport: Cannot find entry vendor.qti.hardware.servicetracker@1.0::IServicetracker/default in either framework or device manifest.
07-01 00:15:48.255  1958  5256 D CompatibilityInfo: mCompatibilityFlags - 0
07-01 00:15:48.255  1958  5256 D CompatibilityInfo: applicationDensity - 432
07-01 00:15:48.255  1958  5256 D CompatibilityInfo: applicationScale - 1.0
07-01 00:15:48.256  3633  3633 I CNSS    : Failed to send nl message
07-01 00:15:48.256   511   511 I hwservicemanager: getTransport: Cannot find entry vendor.qti.hardware.servicetracker@1.0::IServicetracker/default in either framework or device manifest.
07-01 00:15:48.257  3633  3633 I CNSS    : Failed to send nl message
07-01 00:15:48.257  3633  3633 I chatty  : uid=1000(system) /system/vendor/bin/cnss_diag identical 1 line
07-01 00:15:48.259  3633  3633 I CNSS    : Failed to send nl message
07-01 00:15:48.259 31791 31857 E Perf    : Fail to get file list com.facebook.services
07-01 00:15:48.259 25359 25378 D PMonitor:  onForegroundActivitiesChanged:pid = 25324,activity-uid=10094,foregroundActivities=false
07-01 00:15:48.259 31791 31857 E Perf    : getFolderSize() : Exception_1 = java.lang.NullPointerException: Attempt to get length of null array
07-01 00:15:48.260 31791 31857 E Perf    : Fail to get file list com.facebook.services
07-01 00:15:48.260  3633  3633 I CNSS    : Failed to send nl message
07-01 00:15:48.260 31791 31857 E Perf    : getFolderSize() : Exception_1 = java.lang.NullPointerException: Attempt to get length of null array
07-01 00:15:48.260 23967 29767 D AdvertisingIdClient: AdvertisingIdClient is bounded
07-01 00:15:48.261  3633  3633 I CNSS    : Failed to send nl message
07-01 00:15:48.262  3633  3633 I CNSS    : Failed to send nl message
07-01 00:15:48.262 23967 29767 I AdvertisingIdClient: shouldSendLog 216086591
07-01 00:15:48.262 23967 29767 I AdvertisingIdClient: GetInfoInternal elapse 17ms
07-01 00:15:48.278   511   511 I hwservicemanager: getTransport: Cannot find entry vendor.qti.hardware.servicetracker@1.0::IServicetracker/default in either framework or device manifest.
07-01 00:15:48.293 24094 30427 I NetworkScheduler: (REDACTED) Error inserting %s
07-01 00:15:48.297  3633  3633 I CNSS    : Failed to send nl message
07-01 00:15:48.306  3633  3633 I chatty  : uid=1000(system) /system/vendor/bin/cnss_diag identical 8 lines
07-01 00:15:48.307  3633  3633 I CNSS    : Failed to send nl message
07-01 00:15:48.307 24094 29948 I NetworkScheduler: (REDACTED) Error inserting %s
07-01 00:15:48.308  3633  3633 I CNSS    : Failed to send nl message
07-01 00:15:48.317 24094 30427 I NetworkScheduler: (REDACTED) Error inserting %s
07-01 00:15:48.320  3633  3633 I CNSS    : Failed to send nl message
07-01 00:15:48.321  3633  3633 I chatty  : uid=1000(system) /system/vendor/bin/cnss_diag identical 1 line
07-01 00:15:48.321  3633  3633 I CNSS    : Failed to send nl message
07-01 00:15:48.323 31791 31791 W fbservices:PreloadedFbnsService: service/onStart/tos_not_accepted
07-01 00:15:48.324   511   511 I hwservicemanager: getTransport: Cannot find entry vendor.qti.hardware.servicetracker@1.0::IServicetracker/default in either framework or device manifest.
07-01 00:15:48.327  1958  3906 D CompatibilityInfo: mCompatibilityFlags - 0
07-01 00:15:48.327  1958  3906 D CompatibilityInfo: applicationDensity - 432
07-01 00:15:48.327  1958  3906 D CompatibilityInfo: applicationScale - 1.0
07-01 00:15:48.327   511   511 I hwservicemanager: getTransport: Cannot find entry vendor.qti.hardware.servicetracker@1.0::IServicetracker/default in either framework or device manifest.
07-01 00:15:48.335  3633  3633 I CNSS    : Failed to send nl message
07-01 00:15:48.343 31791 31791 W fbservices:PreloadedFbnsService: service/onStart/tos_not_accepted
07-01 00:15:48.343   511   511 I hwservicemanager: getTransport: Cannot find entry vendor.qti.hardware.servicetracker@1.0::IServicetracker/default in either framework or device manifest.
07-01 00:15:48.345  3633  3633 I CNSS    : Failed to send nl message
07-01 00:15:48.347  3633  3633 I CNSS    : Failed to send nl message
07-01 00:15:48.348  1958  2104 I MiuiNetworkPolicy: updateUidState uid = 10100, uidState = 20
07-01 00:15:48.349  3633  3633 I CNSS    : Failed to send nl message
07-01 00:15:48.496  3633  3633 I chatty  : uid=1000(system) /system/vendor/bin/cnss_diag identical 35 lines
07-01 00:15:48.498  3633  3633 I CNSS    : Failed to send nl message
07-01 00:15:48.539 24094 24115 I FontLog : (REDACTED) Received query %s, URI %s
07-01 00:15:48.539 24094 24115 I FontLog : (REDACTED) Query [%s] resolved to %s
07-01 00:15:48.540 24094 24115 I FontLog : (REDACTED) Fetch %s end status %s
07-01 00:15:48.542  3633  3633 I CNSS    : Failed to send nl message
07-01 00:15:48.543  3633  3633 I chatty  : uid=1000(system) /system/vendor/bin/cnss_diag identical 2 lines
07-01 00:15:48.544  3633  3633 I CNSS    : Failed to send nl message
07-01 00:15:48.545 24094 24115 I FontLog : (REDACTED) Pulling font file for id = %d, cache size = %d
07-01 00:15:48.548 24094 24115 I FontLog : (REDACTED) Pulling font file for id = %d, cache size = %d
07-01 00:15:48.549  3633  3633 I CNSS    : Failed to send nl message
07-01 00:15:48.809  3633  3633 I chatty  : uid=1000(system) /system/vendor/bin/cnss_diag identical 36 lines
07-01 00:15:48.810  3633  3633 I CNSS    : Failed to send nl message
07-01 00:15:49.117 29764 29819 I FA      : Application backgrounded at: timestamp_millis: 1751309147095
07-01 00:15:49.156  3633  3633 I CNSS    : Failed to send nl message
07-01 00:15:49.373  3633  3633 I chatty  : uid=1000(system) /system/vendor/bin/cnss_diag identical 8 lines
07-01 00:15:49.376  3633  3633 I CNSS    : Failed to send nl message
07-01 00:15:49.710 25324 29762 I FA      : Application backgrounded at: timestamp_millis: 1751309147706
07-01 00:15:51.022 31733 31733 I Timeline: Timeline: Activity_launch_request time:52566943
07-01 00:15:51.024  1958  5258 I ActivityTaskManager: START u0 {cmp=com.BHG.gurbani/.AuthActivity} from uid 10772
07-01 00:15:51.024  1958  5258 D MiuiMultiWindowAdapter: MiuiMultiWindowAdapter::getFreeformBlackList::sSmallWindowBlackList = [com.miui.securitycenter, com.miui.weather2, com.miui.miservice, com.android.calendar, com.xiaomi.calendar, com.android.contacts, com.miui.mishare.connectivity, com.android.settings, com.android.printspooler, com.miui.backup, com.miui.huanji, com.miui.calculator, com.android.deskclock, com.android.thememanager, com.mfashiongallery.emag, com.miui.virtualsim, com.miui.smarttravel, com.mi.health, com.android.camera, com.lbe.security.miui, com.miui.cleanmaster, com.miui.newhome, com.miui.voiceassist, com.android.phone, com.miui.yellowpage, com.android.updater, com.miui.tsmclient, com.miui.securitycore, com.xiaomi.account, com.xiaomi.shop, com.mipay.wallet, com.xiaomi.youpin, com.xiaomi.hm.health, com.miui.bugreport, com.xiaomi.mibrain.speech, com.xiaomi.mimoji, com.xiaomi.scanner, com.duokan.phone.remotecontroller, com.miui.hybrid, com.android.incallui, com.miui.video, com.miui.videoplayer, com.miui.player, com.miui.fm, com.miui.packageinstaller, com.mi.android.globallauncher, com.google.android.dialer, com.google.android.apps.magazines, com.miui.compass, com.miui.greenguard, com.kiteguard, com.google.android.apps.prodcasts, com.google.ar.lens, com.xiangkan.android, com.android.bankabc, com.sohu.inputmethod.sogou, com.tencent.mtt, com.shyz.toutiao, com.netease.mc.mi, com.outfit7.talkingtomgoldrun.mi, com.doudz.mi, com.wepie.snake.new.mi, cn.jj, com.standddz002.mi, com.miHoYo.bh3.mi, com.qqgame.hlddz, com.happyelements.AndroidAnimal, com.minitech.miniworld.TMobile.mi, com.mfp.jelly.xiaomi, com.lilithgames.afk.mi, com.tencent.peng, com.teenpatti.hd.gold, blockpuzzle.jewelgames.jewelslegend, com.playgendary.tanks, com.chillingo.robberybobfree.android.row, com.episodeinteractive.android.catalog, com.playrix.township, com.ansangha.drdriving, com.google.android.youtube, com.gbits.atm.mi]
07-01 00:15:51.029  1958  5258 D CompatibilityInfo: mCompatibilityFlags - 0
07-01 00:15:51.030  1958  5258 D CompatibilityInfo: applicationDensity - 432
07-01 00:15:51.030  1958  5258 D CompatibilityInfo: applicationScale - 1.0
07-01 00:15:51.031  1958  5258 D ActivityTrigger: ActivityTrigger activityPauseTrigger
07-01 00:15:51.040 31733 31733 W ActivityThread: SCHED: com.BHG.gurbani/.SplashActivity [80, r=33ms, a=8ms, w=3009ms]
07-01 00:15:51.045  1958  5256 I ActivityTaskManager: The Process com.BHG.gurbani Already Exists in BG. So sending its PID: 31733
07-01 00:15:51.048  1958  5256 D CompatibilityInfo: mCompatibilityFlags - 0
07-01 00:15:51.048  1958  5256 D CompatibilityInfo: applicationDensity - 432
07-01 00:15:51.048  1958  5256 D CompatibilityInfo: applicationScale - 1.0
07-01 00:15:51.051  1958  5256 I Timeline: Timeline: App_transition_ready time:52566972
07-01 00:15:51.052 31733 31733 W ActivityThread: handleWindowVisibility: no activity for token android.os.BinderProxy@c319fc7
07-01 00:15:51.064 31733 31733 D ForceDarkHelper: updateByCheckExcludeList: pkg: com.BHG.gurbani activity: com.BHG.gurbani.AuthActivity@2d80ad5
07-01 00:15:51.121  1958  5258 E WindowManager: App trying to use insecure INPUT_FEATURE_NO_INPUT_CHANNEL flag. Ignoring
07-01 00:15:51.072 31733 31733 I chatty  : uid=10772(com.BHG.gurbani) identical 3 lines
07-01 00:15:51.074 31733 31733 D ForceDarkHelper: updateByCheckExcludeList: pkg: com.BHG.gurbani activity: com.BHG.gurbani.AuthActivity@2d80ad5
07-01 00:15:51.125 24094 30427 I NetworkScheduler: (REDACTED) Error inserting %s
07-01 00:15:51.127 25324 25324 D RecentsImpl: mActivityStateObserver com.BHG.gurbani.AuthActivity
07-01 00:15:51.127 25324 25324 W RecentsImpl: onResumed className=com.BHG.gurbani.AuthActivity   mIsInAnotherPro=false
07-01 00:15:51.129   511   511 I hwservicemanager: getTransport: Cannot find entry vendor.qti.hardware.servicetracker@1.0::IServicetracker/default in either framework or device manifest.
07-01 00:15:51.130  1958  5256 D CompatibilityInfo: mCompatibilityFlags - 0
07-01 00:15:51.130  1958  5256 D CompatibilityInfo: applicationDensity - 432
07-01 00:15:51.130  1958  5256 D CompatibilityInfo: applicationScale - 1.0
07-01 00:15:51.133   511   511 I hwservicemanager: getTransport: Cannot find entry vendor.qti.hardware.servicetracker@1.0::IServicetracker/default in either framework or device manifest.
07-01 00:15:51.134 23967 23967 D BoundBrokerSvc: onBind: Intent { act=com.google.android.gms.auth.api.signin.service.START pkg=com.google.android.gms }
07-01 00:15:51.134 23967 23967 D BoundBrokerSvc: Loading bound service for intent: Intent { act=com.google.android.gms.auth.api.signin.service.START pkg=com.google.android.gms }
07-01 00:15:51.148  1958  5258 I Timeline: Timeline: App_transition_ready time:52567069
07-01 00:15:51.151  1958  5258 I Timeline: Timeline: App_transition_ready time:52567072
07-01 00:15:51.158 25666 29068 I SCTaskStackListener: onTaskStackChanged! inSplit = false
07-01 00:15:51.158 25666 27792 I SCTaskStackListener: onTaskStackChanged! inSplit = false
07-01 00:15:51.188 24094 29948 I NetworkScheduler: (REDACTED) Error inserting %s
07-01 00:15:51.217  1958  1997 I Timeline: Timeline: App_transition_ready time:52567138
07-01 00:15:51.220  1958  2009 I ActivityTaskManager: Displayed com.BHG.gurbani/.AuthActivity: +193ms
07-01 00:15:51.222 28084 28084 I GoogleInputMethodService: GoogleInputMethodService.onFinishInput():1984
07-01 00:15:51.224 28084 28084 I Module  : DeviceLockedStatusModuleProvider$Module.updateDeviceLockedStatus():100 repeatCheckTimes = 0, locked = false
07-01 00:15:51.225 28084 28084 I GoogleInputMethodService: GoogleInputMethodService.onStartInput():1248 onStartInput(EditorInfo{EditorInfo{packageName=com.BHG.gurbani, inputType=0, inputTypeString=NULL, enableLearning=false, autoCorrection=false, autoComplete=false, imeOptions=0, privateImeOptions=null, actionName=UNSPECIFIED, actionLabel=null, initialSelStart=-1, initialSelEnd=-1, initialCapsMode=0, label=null, fieldId=-1, fieldName=null, extras=null, hintText=null, hintLocales=[]}}, false)
07-01 00:15:51.226 28084 28084 I Module  : DeviceLockedStatusModuleProvider$Module.updateDeviceLockedStatus():100 repeatCheckTimes = 1, locked = false
07-01 00:15:51.231 23967 23986 W Auth.Api.SignIn: [Service,SignInChimeraService] **************************** WARNING ***************************
07-01 00:15:51.231 23967 23986 W Auth.Api.SignIn: You are using the deprecated legacy Google Sign-In APIs from
07-01 00:15:51.231 23967 23986 W Auth.Api.SignIn: play-services-auth SDK. Please migrate to the Credential Manager
07-01 00:15:51.231 23967 23986 W Auth.Api.SignIn: APIs, see https://goo.gle/gsi-migration.
07-01 00:15:51.231 23967 23986 W Auth.Api.SignIn: ****************************************************************
07-01 00:15:51.233   511   511 I hwservicemanager: getTransport: Cannot find entry vendor.qti.hardware.servicetracker@1.0::IServicetracker/default in either framework or device manifest.
07-01 00:15:51.340 31632 31651 I com.whatsapp: Waiting for a blocking GC ProfileSaver
07-01 00:15:51.425 31632 31651 I com.whatsapp: WaitForGcToComplete blocked ProfileSaver on AddRemoveAppImageSpace for 85.196ms
07-01 00:15:51.455  1958  1997 I Timeline: Timeline: Activity_windows_visible id: ActivityRecord{3e45a7 u0 com.BHG.gurbani/.AuthActivity t1259} time:52567375
07-01 00:15:51.456  2181  2181 D EventBus: [2181, u0] send(AppTransitionFinishedEvent)
07-01 00:15:51.456  2181  2181 D EventBus: [2181, u0]  -> ForcedResizableInfoActivityController [0xd8e5e6, P1] onBusEvent(AppTransitionFinishedEvent)
07-01 00:15:51.456  2181  2181 D EventBus: [2181, u0] onBusEvent(AppTransitionFinishedEvent) duration: 20 microseconds,avg: 153
07-01 00:15:51.456  2181  2181 D EventBus: [2181, u0] send(AppTransitionFinishedEvent)
07-01 00:15:51.456  2181  2181 D EventBus: [2181, u0]  -> ForcedResizableInfoActivityController [0xd8e5e6, P1] onBusEvent(AppTransitionFinishedEvent)
07-01 00:15:51.456  2181  2181 D EventBus: [2181, u0] onBusEvent(AppTransitionFinishedEvent) duration: 14 microseconds,avg: 153
07-01 00:15:51.458  1958  1997 I Timeline: Timeline: App_transition_stopped time:52567378
07-01 00:15:51.489  2181  2181 D EventBus: [2181, u0] send(AppTransitionFinishedEvent)
07-01 00:15:51.489  2181  2181 D EventBus: [2181, u0]  -> ForcedResizableInfoActivityController [0xd8e5e6, P1] onBusEvent(AppTransitionFinishedEvent)
07-01 00:15:51.489  2181  2181 D EventBus: [2181, u0] onBusEvent(AppTransitionFinishedEvent) duration: 18 microseconds,avg: 153
07-01 00:15:51.683  3633  3633 I CNSS    : Failed to send nl message
07-01 00:15:52.175  3633  3633 I chatty  : uid=1000(system) /system/vendor/bin/cnss_diag identical 28 lines
07-01 00:15:52.176  3633  3633 I CNSS    : Failed to send nl message
07-01 00:15:52.331 25666 25666 I BatteryInfoReceiver: ACTION_BATTERY_CHANGED
07-01 00:15:52.332 25666 25666 I PowerSaveService: onReceive: android.intent.action.BATTERY_CHANGED
07-01 00:15:52.332  2181  2181 D KeyguardUpdateMonitor: received broadcast android.intent.action.BATTERY_CHANGED
07-01 00:15:52.333  2513  2513 D QtiCarrierConfigHelper: WARNING, no carrier configs on phone Id: 0
07-01 00:15:52.334 25666 25666 I PowerNoticeUI: handleBatteryChanged oldPlugType 2 mPlugType 2 oldBatteryLevel 84 mBatteryLevel 84 temperature 326
07-01 00:15:52.334  5413  5606 D PowerCheckerService: onBatteryChanged, mBatteryLevel = 84, status = 2, level = 84, plug = 2, scale = 100
07-01 00:15:52.771   734   872 W ANDR-PERF-LM: FeatureState: readState() 149: warning: appName is NULL, returning default State
07-01 00:15:52.847 31733 31733 I Timeline: Timeline: Activity_launch_request time:52568768
07-01 00:15:52.848  1958  1979 I ActivityTaskManager: START u0 {act=com.google.android.gms.auth.GOOGLE_SIGN_IN pkg=com.BHG.gurbani cmp=com.BHG.gurbani/com.google.android.gms.auth.api.signin.internal.SignInHubActivity (has extras)} from uid10772
07-01 00:15:52.771   734   872 W ANDR-PERF-LM: FeatureState: readState() 149: warning: appName is NULL, returning default State
07-01 00:15:52.848  1958  1979 D MiuiMultiWindowAdapter: MiuiMultiWindowAdapter::getFreeformBlackList::sSmallWindowBlackList = [com.miui.securitycenter, com.miui.weather2, com.miui.miservice, com.android.calendar, com.xiaomi.calendar, com.android.contacts, com.miui.mishare.connectivity, com.android.settings, com.android.printspooler, com.miui.backup, com.miui.huanji, com.miui.calculator, com.android.deskclock, com.android.thememanager, com.mfashiongallery.emag, com.miui.virtualsim, com.miui.smarttravel, com.mi.health, com.android.camera, com.lbe.security.miui, com.miui.cleanmaster, com.miui.newhome, com.miui.voiceassist, com.android.phone, com.miui.yellowpage, com.android.updater, com.miui.tsmclient, com.miui.securitycore, com.xiaomi.account, com.xiaomi.shop, com.mipay.wallet, com.xiaomi.youpin, com.xiaomi.hm.health, com.miui.bugreport, com.xiaomi.mibrain.speech, com.xiaomi.mimoji, com.xiaomi.scanner, com.duokan.phone.remotecontroller, com.miui.hybrid, com.android.incallui, com.miui.video, com.miui.videoplayer, com.miui.player, com.miui.fm, com.miui.packageinstaller, com.mi.android.globallauncher, com.google.android.dialer, com.google.android.apps.magazines, com.miui.compass, com.miui.greenguard, com.kiteguard, com.google.android.apps.prodcasts, com.google.ar.lens, com.xiangkan.android, com.android.bankabc, com.sohu.inputmethod.sogou, com.tencent.mtt, com.shyz.toutiao, com.netease.mc.mi, com.outfit7.talkingtomgoldrun.mi, com.doudz.mi, com.wepie.snake.new.mi, cn.jj, com.standddz002.mi, com.miHoYo.bh3.mi, com.qqgame.hlddz, com.happyelements.AndroidAnimal, com.minitech.miniworld.TMobile.mi, com.mfp.jelly.xiaomi, com.lilithgames.afk.mi, com.tencent.peng, com.teenpatti.hd.gold, blockpuzzle.jewelgames.jewelslegend, com.playgendary.tanks, com.chillingo.robberybobfree.android.row, com.episodeinteractive.android.catalog, com.playrix.township, com.ansangha.drdriving, com.google.android.youtube, com.gbits.atm.mi]
07-01 00:15:52.854  1958  1979 D CompatibilityInfo: mCompatibilityFlags - 0
07-01 00:15:52.854  1958  1979 D CompatibilityInfo: applicationDensity - 432
07-01 00:15:52.854  1958  1979 D CompatibilityInfo: applicationScale - 1.0
07-01 00:15:52.855  1958  1979 D ActivityTrigger: ActivityTrigger activityPauseTrigger
07-01 00:15:52.862 31733 31733 W ActivityThread: SCHED: com.BHG.gurbani/.AuthActivity [76, r=48ms, a=15ms, w=1744ms]
07-01 00:15:52.863  1958  5258 I ActivityTaskManager: The Process com.BHG.gurbani Already Exists in BG. So sending its PID: 31733
07-01 00:15:52.865  1958  5258 D CompatibilityInfo: mCompatibilityFlags - 0
07-01 00:15:52.865  1958  5258 D CompatibilityInfo: applicationDensity - 432
07-01 00:15:52.865  1958  5258 D CompatibilityInfo: applicationScale - 1.0
07-01 00:15:52.867  1958  5258 I Timeline: Timeline: App_transition_ready time:52568788
07-01 00:15:52.868 31733 31733 W ActivityThread: handleWindowVisibility: no activity for token android.os.BinderProxy@61949a4
07-01 00:15:52.879 31733 31733 I Timeline: Timeline: Activity_launch_request time:52568800
07-01 00:15:52.882  1958  1979 I ActivityTaskManager: START u0 {act=com.google.android.gms.auth.GOOGLE_SIGN_IN pkg=com.google.android.gms cmp=com.google.android.gms/.auth.api.signin.ui.SignInActivity (has extras)} from uid 10772
07-01 00:15:52.883  1958  1979 D MiuiMultiWindowAdapter: MiuiMultiWindowAdapter::getFreeformBlackList::sSmallWindowBlackList = [com.miui.securitycenter, com.miui.weather2, com.miui.miservice, com.android.calendar, com.xiaomi.calendar, com.android.contacts, com.miui.mishare.connectivity, com.android.settings, com.android.printspooler, com.miui.backup, com.miui.huanji, com.miui.calculator, com.android.deskclock, com.android.thememanager, com.mfashiongallery.emag, com.miui.virtualsim, com.miui.smarttravel, com.mi.health, com.android.camera, com.lbe.security.miui, com.miui.cleanmaster, com.miui.newhome, com.miui.voiceassist, com.android.phone, com.miui.yellowpage, com.android.updater, com.miui.tsmclient, com.miui.securitycore, com.xiaomi.account, com.xiaomi.shop, com.mipay.wallet, com.xiaomi.youpin, com.xiaomi.hm.health, com.miui.bugreport, com.xiaomi.mibrain.speech, com.xiaomi.mimoji, com.xiaomi.scanner, com.duokan.phone.remotecontroller, com.miui.hybrid, com.android.incallui, com.miui.video, com.miui.videoplayer, com.miui.player, com.miui.fm, com.miui.packageinstaller, com.mi.android.globallauncher, com.google.android.dialer, com.google.android.apps.magazines, com.miui.compass, com.miui.greenguard, com.kiteguard, com.google.android.apps.prodcasts, com.google.ar.lens, com.xiangkan.android, com.android.bankabc, com.sohu.inputmethod.sogou, com.tencent.mtt, com.shyz.toutiao, com.netease.mc.mi, com.outfit7.talkingtomgoldrun.mi, com.doudz.mi, com.wepie.snake.new.mi, cn.jj, com.standddz002.mi, com.miHoYo.bh3.mi, com.qqgame.hlddz, com.happyelements.AndroidAnimal, com.minitech.miniworld.TMobile.mi, com.mfp.jelly.xiaomi, com.lilithgames.afk.mi, com.tencent.peng, com.teenpatti.hd.gold, blockpuzzle.jewelgames.jewelslegend, com.playgendary.tanks, com.chillingo.robberybobfree.android.row, com.episodeinteractive.android.catalog, com.playrix.township, com.ansangha.drdriving, com.google.android.youtube, com.gbits.atm.mi]
07-01 00:15:52.896  1958  1979 D CompatibilityInfo: mCompatibilityFlags - 0
07-01 00:15:52.896  1958  1979 D CompatibilityInfo: applicationDensity - 432
07-01 00:15:52.896  1958  1979 D CompatibilityInfo: applicationScale - 1.0
07-01 00:15:52.897  1958  1979 D ActivityTrigger: ActivityTrigger activityPauseTrigger
07-01 00:15:52.902 31733 31733 D ForceDarkHelper: updateByCheckExcludeList: pkg: com.BHG.gurbani activity: com.google.android.gms.auth.api.signin.internal.SignInHubActivity@dfe9d28
07-01 00:15:52.911  1958  1979 E WindowManager: App trying to use insecure INPUT_FEATURE_NO_INPUT_CHANNEL flag. Ignoring
07-01 00:15:52.903 31733 31733 I chatty  : uid=10772(com.BHG.gurbani) identical 1 line
07-01 00:15:52.903 31733 31733 D ForceDarkHelper: updateByCheckExcludeList: pkg: com.BHG.gurbani activity: com.google.android.gms.auth.api.signin.internal.SignInHubActivity@dfe9d28
07-01 00:15:52.914 25324 25324 D RecentsImpl: mActivityStateObserver com.google.android.gms.auth.api.signin.internal.SignInHubActivity
07-01 00:15:52.914 25324 25324 W RecentsImpl: onResumed className=com.google.android.gms.auth.api.signin.internal.SignInHubActivity   mIsInAnotherPro=false
07-01 00:15:52.923 24094 31876 I NetworkScheduler: (REDACTED) Error inserting %s
07-01 00:15:52.933 31733 31733 W ActivityThread: SCHED: com.BHG.gurbani/com.google.android.gms.auth.api.signin.internal.SignInHubActivity [54, r=6ms, a=5ms, w=25ms]
07-01 00:15:52.934  1958  5258 I ActivityTaskManager: The Process com.google.android.gms.ui Already Exists in BG. So sending its PID: 30895
07-01 00:15:52.937 30895 30895 W ActivityThread: handleWindowVisibility: no activity for token android.os.BinderProxy@310f329
07-01 00:15:52.937  1958  5258 D CompatibilityInfo: mCompatibilityFlags - 0
07-01 00:15:52.937  1958  5258 D CompatibilityInfo: applicationDensity - 432
07-01 00:15:52.937  1958  5258 D CompatibilityInfo: applicationScale - 1.0
07-01 00:15:52.945 30977 31086 I ProcessMonitor: onForegroundInfoChanged: ForegroundInfo{mForegroundPackageName='com.google.android.gms', mForegroundUid=10185, mForegroundPid=30895, mLastForegroundPackageName='com.BHG.gurbani', mLastForegroundUid=10772, mLastForegroundPid=31733, mMultiWindowForegroundPackageName='null', mMultiWindowForegroundUid=-1, mFlags=0}
07-01 00:15:52.945 25666 25690 I ProcessMonitor: onForegroundInfoChanged: ForegroundInfo{mForegroundPackageName='com.google.android.gms', mForegroundUid=10185, mForegroundPid=30895, mLastForegroundPackageName='com.BHG.gurbani', mLastForegroundUid=10772, mLastForegroundPid=31733, mMultiWindowForegroundPackageName='null', mMultiWindowForegroundUid=-1, mFlags=0}
07-01 00:15:52.945  5413  6454 D PerfEngineController: ForegroundInfo{mForegroundPackageName='com.google.android.gms', mForegroundUid=10185, mForegroundPid=30895, mLastForegroundPackageName='com.BHG.gurbani', mLastForegroundUid=10772, mLastForegroundPid=31733, mMultiWindowForegroundPackageName='null', mMultiWindowForegroundUid=-1, mFlags=0}
07-01 00:15:52.945  5428  6806 I GST     : forePkg: com.google.android.gms, preForePkg: com.BHG.gurbani
07-01 00:15:52.946 25666 25690 I GameBoosterService: onForegroundInfoChanged: Cur=com.google.android.gms         last=com.BHG.gurbani
07-01 00:15:52.948  1958  5258 I Timeline: Timeline: App_transition_ready time:52568868
07-01 00:15:52.948 25666 25690 D GameBoosterService: onGameStatusChange foreground:ForegroundInfo{mForegroundPackageName='com.google.android.gms', mForegroundUid=10185, mForegroundPid=30895, mLastForegroundPackageName='com.BHG.gurbani', mLastForegroundUid=10772, mLastForegroundPid=31733, mMultiWindowForegroundPackageName='null', mMultiWindowForegroundUid=-1, mFlags=0}
07-01 00:15:52.948 25666 25690 I VideoBoxUtils: isSupportVideoBox: false
07-01 00:15:52.948 25666 25690 I VideoToolBoxService: vtb is closed!!!
07-01 00:15:52.955  1958  1997 I Timeline: Timeline: App_transition_ready time:52568876
07-01 00:15:52.960 25359 25378 D PMonitor:  onForegroundActivitiesChanged:pid = 30895,activity-uid=10185,foregroundActivities=true
07-01 00:15:52.971   511   511 I hwservicemanager: getTransport: Cannot find entry vendor.qti.hardware.servicetracker@1.0::IServicetracker/default in either framework or device manifest.
07-01 00:15:52.976 24094 30427 I NetworkScheduler: (REDACTED) Error inserting %s
07-01 00:15:52.984   511   511 I hwservicemanager: getTransport: Cannot find entry vendor.qti.hardware.servicetracker@1.0::IServicetracker/default in either framework or device manifest.
07-01 00:15:52.985  1958  5255 E WindowManager: App trying to use insecure INPUT_FEATURE_NO_INPUT_CHANNEL flag. Ignoring
07-01 00:15:52.985 23967 23967 D BoundBrokerSvc: onBind: Intent { act=com.google.android.gms.signin.service.START dat=chimera-action: cmp=com.google.android.gms/.chimera.GmsApiService }
07-01 00:15:52.986 23967 23967 D BoundBrokerSvc: Loading bound service for intent: Intent { act=com.google.android.gms.signin.service.START dat=chimera-action: cmp=com.google.android.gms/.chimera.GmsApiService }
07-01 00:15:52.990 25324 25324 D RecentsImpl: mActivityStateObserver com.google.android.gms.auth.api.signin.ui.SignInActivity
07-01 00:15:52.990 25324 25324 W RecentsImpl: onResumed className=com.google.android.gms.auth.api.signin.ui.SignInActivity   mIsInAnotherPro=false
07-01 00:15:52.993  1958  5258 I Timeline: Timeline: App_transition_ready time:52568914
07-01 00:15:52.999   511   511 I hwservicemanager: getTransport: Cannot find entry vendor.qti.hardware.servicetracker@1.0::IServicetracker/default in either framework or device manifest.
07-01 00:15:53.000  2181  2181 D EventBus: [2181, u0] send(AppTransitionFinishedEvent)
07-01 00:15:53.000  2181  2181 D EventBus: [2181, u0]  -> ForcedResizableInfoActivityController [0xd8e5e6, P1] onBusEvent(AppTransitionFinishedEvent)
07-01 00:15:53.000  2181  2181 D EventBus: [2181, u0] onBusEvent(AppTransitionFinishedEvent) duration: 10 microseconds,avg: 153
07-01 00:15:53.000  2181  2181 D EventBus: [2181, u0] send(AppTransitionFinishedEvent)
07-01 00:15:53.001  2181  2181 D EventBus: [2181, u0]  -> ForcedResizableInfoActivityController [0xd8e5e6, P1] onBusEvent(AppTransitionFinishedEvent)
07-01 00:15:53.001  2181  2181 D EventBus: [2181, u0] onBusEvent(AppTransitionFinishedEvent) duration: 5 microseconds, avg: 153
07-01 00:15:53.001  1958  1997 I Timeline: Timeline: App_transition_ready time:52568922
07-01 00:15:53.001  1958  1997 I Timeline: Timeline: Activity_windows_visible id: ActivityRecord{fff17c6 u0 com.google.android.gms/.auth.api.signin.ui.SignInActivity t1259} time:52568922
07-01 00:15:53.001  1958  1997 I Timeline: Timeline: Activity_windows_visible id: ActivityRecord{47d95fa u0 com.BHG.gurbani/com.google.android.gms.auth.api.signin.internal.SignInHubActivity t1259} time:52568922
07-01 00:15:53.001  1958  1997 I Timeline: Timeline: App_transition_stopped time:52568922
07-01 00:15:53.004  2181  2181 D EventBus: [2181, u0] send(AppTransitionFinishedEvent)
07-01 00:15:53.004  2181  2181 D EventBus: [2181, u0]  -> ForcedResizableInfoActivityController [0xd8e5e6, P1] onBusEvent(AppTransitionFinishedEvent)
07-01 00:15:53.004  2181  2181 D EventBus: [2181, u0] onBusEvent(AppTransitionFinishedEvent) duration: 9 microseconds, avg: 153
07-01 00:15:53.004  2181  2181 D EventBus: [2181, u0] send(AppTransitionFinishedEvent)
07-01 00:15:53.004  2181  2181 D EventBus: [2181, u0]  -> ForcedResizableInfoActivityController [0xd8e5e6, P1] onBusEvent(AppTransitionFinishedEvent)
07-01 00:15:53.004  2181  2181 D EventBus: [2181, u0] onBusEvent(AppTransitionFinishedEvent) duration: 6 microseconds, avg: 153
07-01 00:15:53.007   511   511 I hwservicemanager: getTransport: Cannot find entry vendor.qti.hardware.servicetracker@1.0::IServicetracker/default in either framework or device manifest.
07-01 00:15:53.008 28084 28084 I GoogleInputMethodService: GoogleInputMethodService.onFinishInput():1984
07-01 00:15:53.009 28084 28084 I Module  : DeviceLockedStatusModuleProvider$Module.updateDeviceLockedStatus():100 repeatCheckTimes = 0, locked = false
07-01 00:15:53.009 28084 28084 I GoogleInputMethodService: GoogleInputMethodService.onStartInput():1248 onStartInput(EditorInfo{EditorInfo{packageName=com.google.android.gms, inputType=0, inputTypeString=NULL, enableLearning=false, autoCorrection=false, autoComplete=false, imeOptions=0, privateImeOptions=null, actionName=UNSPECIFIED, actionLabel=null, initialSelStart=-1, initialSelEnd=-1, initialCapsMode=0, label=null, fieldId=-1, fieldName=null, extras=null, hintText=null, hintLocales=[]}}, false)
07-01 00:15:53.010 23967 23967 D BoundBrokerSvc: onUnbind: Intent { act=com.google.android.gms.common.BIND_SHARED_PREFSpkg=com.google.android.gms }
07-01 00:15:53.012 28084 28084 I Module  : DeviceLockedStatusModuleProvider$Module.updateDeviceLockedStatus():100 repeatCheckTimes = 1, locked = false
07-01 00:15:53.021  1958  2009 I ActivityTaskManager: Displayed com.google.android.gms/.auth.api.signin.ui.SignInActivity: +84ms
07-01 00:15:53.023  1958  1979 I ActivityTaskManager: START u0 {cmp=com.google.android.gms/.common.api.GoogleApiActivity (has extras)} from uid 10185
07-01 00:15:53.023  1958  1979 D MiuiMultiWindowAdapter: MiuiMultiWindowAdapter::getFreeformBlackList::sSmallWindowBlackList = [com.miui.securitycenter, com.miui.weather2, com.miui.miservice, com.android.calendar, com.xiaomi.calendar, com.android.contacts, com.miui.mishare.connectivity, com.android.settings, com.android.printspooler, com.miui.backup, com.miui.huanji, com.miui.calculator, com.android.deskclock, com.android.thememanager, com.mfashiongallery.emag, com.miui.virtualsim, com.miui.smarttravel, com.mi.health, com.android.camera, com.lbe.security.miui, com.miui.cleanmaster, com.miui.newhome, com.miui.voiceassist, com.android.phone, com.miui.yellowpage, com.android.updater, com.miui.tsmclient, com.miui.securitycore, com.xiaomi.account, com.xiaomi.shop, com.mipay.wallet, com.xiaomi.youpin, com.xiaomi.hm.health, com.miui.bugreport, com.xiaomi.mibrain.speech, com.xiaomi.mimoji, com.xiaomi.scanner, com.duokan.phone.remotecontroller, com.miui.hybrid, com.android.incallui, com.miui.video, com.miui.videoplayer, com.miui.player, com.miui.fm, com.miui.packageinstaller, com.mi.android.globallauncher, com.google.android.dialer, com.google.android.apps.magazines, com.miui.compass, com.miui.greenguard, com.kiteguard, com.google.android.apps.prodcasts, com.google.ar.lens, com.xiangkan.android, com.android.bankabc, com.sohu.inputmethod.sogou, com.tencent.mtt, com.shyz.toutiao, com.netease.mc.mi, com.outfit7.talkingtomgoldrun.mi, com.doudz.mi, com.wepie.snake.new.mi, cn.jj, com.standddz002.mi, com.miHoYo.bh3.mi, com.qqgame.hlddz, com.happyelements.AndroidAnimal, com.minitech.miniworld.TMobile.mi, com.mfp.jelly.xiaomi, com.lilithgames.afk.mi, com.tencent.peng, com.teenpatti.hd.gold, blockpuzzle.jewelgames.jewelslegend, com.playgendary.tanks, com.chillingo.robberybobfree.android.row, com.episodeinteractive.android.catalog, com.playrix.township, com.ansangha.drdriving, com.google.android.youtube, com.gbits.atm.mi]
07-01 00:15:53.026  1958  1979 D CompatibilityInfo: mCompatibilityFlags - 0
07-01 00:15:53.026  1958  1979 D CompatibilityInfo: applicationDensity - 432
07-01 00:15:53.026  1958  1979 D CompatibilityInfo: applicationScale - 1.0
07-01 00:15:53.027  1958  1979 D ActivityTrigger: ActivityTrigger activityPauseTrigger
07-01 00:15:53.031 30895 30895 W ActivityThread: SCHED: com.google.android.gms/.auth.api.signin.ui.SignInActivity [69, r=9ms, a=4ms, w=49ms]
07-01 00:15:53.032  1958  2647 I ActivityTaskManager: The Process com.google.android.gms.ui Already Exists in BG. So sending its PID: 30895
07-01 00:15:53.034  1958  2647 D CompatibilityInfo: mCompatibilityFlags - 0
07-01 00:15:53.034  1958  2647 D CompatibilityInfo: applicationDensity - 432
07-01 00:15:53.034  1958  2647 D CompatibilityInfo: applicationScale - 1.0
07-01 00:15:53.037  1958  2647 I Timeline: Timeline: App_transition_ready time:52568958
07-01 00:15:53.037 30895 30895 W ActivityThread: handleWindowVisibility: no activity for token android.os.BinderProxy@94656ca
07-01 00:15:53.042  1958  5258 I ActivityTaskManager: START u0 {act=com.google.android.gms.signin.action.SIGN_IN pkg=com.google.android.gms cmp=com.google.android.gms/.signin.activity.SignInActivity (has extras)} from uid 10185
07-01 00:15:53.042  1958  5258 D MiuiMultiWindowAdapter: MiuiMultiWindowAdapter::getFreeformBlackList::sSmallWindowBlackList = [com.miui.securitycenter, com.miui.weather2, com.miui.miservice, com.android.calendar, com.xiaomi.calendar, com.android.contacts, com.miui.mishare.connectivity, com.android.settings, com.android.printspooler, com.miui.backup, com.miui.huanji, com.miui.calculator, com.android.deskclock, com.android.thememanager, com.mfashiongallery.emag, com.miui.virtualsim, com.miui.smarttravel, com.mi.health, com.android.camera, com.lbe.security.miui, com.miui.cleanmaster, com.miui.newhome, com.miui.voiceassist, com.android.phone, com.miui.yellowpage, com.android.updater, com.miui.tsmclient, com.miui.securitycore, com.xiaomi.account, com.xiaomi.shop, com.mipay.wallet, com.xiaomi.youpin, com.xiaomi.hm.health, com.miui.bugreport, com.xiaomi.mibrain.speech, com.xiaomi.mimoji, com.xiaomi.scanner, com.duokan.phone.remotecontroller, com.miui.hybrid, com.android.incallui, com.miui.video, com.miui.videoplayer, com.miui.player, com.miui.fm, com.miui.packageinstaller, com.mi.android.globallauncher, com.google.android.dialer, com.google.android.apps.magazines, com.miui.compass, com.miui.greenguard, com.kiteguard, com.google.android.apps.prodcasts, com.google.ar.lens, com.xiangkan.android, com.android.bankabc, com.sohu.inputmethod.sogou, com.tencent.mtt, com.shyz.toutiao, com.netease.mc.mi, com.outfit7.talkingtomgoldrun.mi, com.doudz.mi, com.wepie.snake.new.mi, cn.jj, com.standddz002.mi, com.miHoYo.bh3.mi, com.qqgame.hlddz, com.happyelements.AndroidAnimal, com.minitech.miniworld.TMobile.mi, com.mfp.jelly.xiaomi, com.lilithgames.afk.mi, com.tencent.peng, com.teenpatti.hd.gold, blockpuzzle.jewelgames.jewelslegend, com.playgendary.tanks, com.chillingo.robberybobfree.android.row, com.episodeinteractive.android.catalog, com.playrix.township, com.ansangha.drdriving, com.google.android.youtube, com.gbits.atm.mi]
07-01 00:15:53.044  1958  5258 D CompatibilityInfo: mCompatibilityFlags - 0
07-01 00:15:53.045  1958  5258 D CompatibilityInfo: applicationDensity - 432
07-01 00:15:53.045  1958  5258 D CompatibilityInfo: applicationScale - 1.0
07-01 00:15:53.046  1958  5258 D ActivityTrigger: ActivityTrigger activityPauseTrigger
07-01 00:15:53.051 30895 30895 D ForceDarkHelper: updateByCheckExcludeList: pkg: com.google.android.gms activity: com.google.android.gms.common.api.GoogleApiActivity@ddb1596
07-01 00:15:53.058  1958  5258 E WindowManager: App trying to use insecure INPUT_FEATURE_NO_INPUT_CHANNEL flag. Ignoring
07-01 00:15:53.051 30895 30895 I chatty  : uid=10185 com.google.android.gms.ui identical 1 line
07-01 00:15:53.052 30895 30895 D ForceDarkHelper: updateByCheckExcludeList: pkg: com.google.android.gms activity: com.google.android.gms.common.api.GoogleApiActivity@ddb1596
07-01 00:15:53.061 25324 25324 D RecentsImpl: mActivityStateObserver com.google.android.gms.common.api.GoogleApiActivity
07-01 00:15:53.061 25324 25324 W RecentsImpl: onResumed className=com.google.android.gms.common.api.GoogleApiActivitymIsInAnotherPro=false
07-01 00:15:53.061 30895 30895 W ActivityThread: SCHED: com.google.android.gms/.common.api.GoogleApiActivity [50, r=2ms, a=2ms, w=5ms]
07-01 00:15:53.062  1958  2647 I ActivityTaskManager: The Process com.google.android.gms.ui Already Exists in BG. So sending its PID: 30895
07-01 00:15:53.063  1958  2647 D CompatibilityInfo: mCompatibilityFlags - 0
07-01 00:15:53.063  1958  2647 D CompatibilityInfo: applicationDensity - 432
07-01 00:15:53.063  1958  2647 D CompatibilityInfo: applicationScale - 1.0
07-01 00:15:53.067  1958  2647 I Timeline: Timeline: App_transition_ready time:52568988
07-01 00:15:53.070  1958  1997 I Timeline: Timeline: App_transition_ready time:52568991
07-01 00:15:53.075  1958  5258 I Timeline: Timeline: App_transition_ready time:52568996
07-01 00:15:53.076  1958  5258 I Timeline: Timeline: App_transition_ready time:52568997
07-01 00:15:53.091 30895 30895 W ActivityThread: handleWindowVisibility: no activity for token android.os.BinderProxy@aa7416e
07-01 00:15:53.093  1958  1997 I Timeline: Timeline: App_transition_ready time:52569014
07-01 00:15:53.095  1958  1997 I Timeline: Timeline: App_transition_ready time:52569016
07-01 00:15:53.106  1958  1997 I Timeline: Timeline: App_transition_ready time:52569027
07-01 00:15:53.110 30895 30951 E gojq    : *~*~*~ Previous channel {0} was garbage collected without being shut down! ~*~*~*
07-01 00:15:53.110 30895 30951 E gojq    :     Make sure to call shutdown()/shutdownNow()
07-01 00:15:53.110 30895 30951 E gojq    : java.lang.RuntimeException: ManagedChannel allocation site
07-01 00:15:53.110 30895 30951 E gojq    :      at gojp.<init>(:com.google.android.gms@252431013@25.24.31 (100400-772615181):21)
07-01 00:15:53.110 30895 30951 E gojq    :      at gojq.<init>(:com.google.android.gms@252431013@25.24.31 (100400-772615181):10)
07-01 00:15:53.110 30895 30951 E gojq    :      at gojo.a(:com.google.android.gms@252431013@25.24.31 (100400-772615181):259)
07-01 00:15:53.110 30895 30951 E gojq    :      at gnup.a(:com.google.android.gms@252431013@25.24.31 (100400-772615181):5)
07-01 00:15:53.110 30895 30951 E gojq    :      at aybt.a(:com.google.android.gms@252431013@25.24.31 (100400-772615181):70)
07-01 00:15:53.110 30895 30951 E gojq    :      at aybk.u(:com.google.android.gms@252431013@25.24.31 (100400-772615181):120)
07-01 00:15:53.110 30895 30951 E gojq    :      at aybk.e(:com.google.android.gms@252431013@25.24.31 (100400-772615181):5)
07-01 00:15:53.110 30895 30951 E gojq    :      at dndh.call(:com.google.android.gms@252431013@25.24.31 (100400-772615181):265)
07-01 00:15:53.110 30895 30951 E gojq    :      at java.util.concurrent.FutureTask.run(FutureTask.java:266)
07-01 00:15:53.110 30895 30951 E gojq    :      at ayhu.c(:com.google.android.gms@252431013@25.24.31 (100400-772615181):50)
07-01 00:15:53.110 30895 30951 E gojq    :      at ayhu.run(:com.google.android.gms@252431013@25.24.31 (100400-772615181):70)
07-01 00:15:53.110 30895 30951 E gojq    :      at java.util.concurrent.ThreadPoolExecutor.runWorker(ThreadPoolExecutor.java:1167)
07-01 00:15:53.110 30895 30951 E gojq    :      at java.util.concurrent.ThreadPoolExecutor$Worker.run(ThreadPoolExecutor.java:641)
07-01 00:15:53.110 30895 30951 E gojq    :      at aynj.run(:com.google.android.gms@252431013@25.24.31 (100400-772615181):8)
07-01 00:15:53.110 30895 30951 E gojq    :      at java.lang.Thread.run(Thread.java:919)
07-01 00:15:53.117  1958  4807 E WindowManager: App trying to use insecure INPUT_FEATURE_NO_INPUT_CHANNEL flag. Ignoring
07-01 00:15:53.122 25324 25324 D RecentsImpl: mActivityStateObserver com.google.android.gms.signin.activity.SignInActivity
07-01 00:15:53.123 25324 25324 W RecentsImpl: onResumed className=com.google.android.gms.signin.activity.SignInActivity  mIsInAnotherPro=false
07-01 00:15:53.123   613 31907 E ResolverController: No valid NAT64 prefix (108, <unspecified>/0)
07-01 00:15:53.129  1958  1979 I Timeline: Timeline: App_transition_ready time:52569049
07-01 00:15:53.132  3633  3633 I CNSS    : Failed to send nl message
07-01 00:15:53.134  3633  3633 I chatty  : uid=1000(system) /system/vendor/bin/cnss_diag identical 1 line
07-01 00:15:53.137  3633  3633 I CNSS    : Failed to send nl message
07-01 00:15:53.138  2181  2181 D EventBus: [2181, u0] send(AppTransitionFinishedEvent)
07-01 00:15:53.138  2181  2181 D EventBus: [2181, u0]  -> ForcedResizableInfoActivityController [0xd8e5e6, P1] onBusEvent(AppTransitionFinishedEvent)
07-01 00:15:53.138  2181  2181 D EventBus: [2181, u0] onBusEvent(AppTransitionFinishedEvent) duration: 12 microseconds,avg: 153
07-01 00:15:53.139  3633  3633 I CNSS    : Failed to send nl message
07-01 00:15:53.140  1958  1997 I Timeline: Timeline: App_transition_ready time:52569061
07-01 00:15:53.140  1958  1997 I Timeline: Timeline: Activity_windows_visible id: ActivityRecord{3c6836f u0 com.google.android.gms/.signin.activity.SignInActivity t1259} time:52569061
07-01 00:15:53.140  1958  1997 I Timeline: Timeline: Activity_windows_visible id: ActivityRecord{c486913 u0 com.google.android.gms/.common.api.GoogleApiActivity t1259} time:52569061
07-01 00:15:53.140  1958  1997 I Timeline: Timeline: App_transition_stopped time:52569061
07-01 00:15:53.139  3633  3633 I CNSS    : Failed to send nl message
07-01 00:15:53.143  2181  2181 D EventBus: [2181, u0] send(AppTransitionFinishedEvent)
07-01 00:15:53.143  2181  2181 D EventBus: [2181, u0]  -> ForcedResizableInfoActivityController [0xd8e5e6, P1] onBusEvent(AppTransitionFinishedEvent)
07-01 00:15:53.143  2181  2181 D EventBus: [2181, u0] onBusEvent(AppTransitionFinishedEvent) duration: 15 microseconds,avg: 153
07-01 00:15:53.144  2181  2181 D EventBus: [2181, u0] send(AppTransitionFinishedEvent)
07-01 00:15:53.144  2181  2181 D EventBus: [2181, u0]  -> ForcedResizableInfoActivityController [0xd8e5e6, P1] onBusEvent(AppTransitionFinishedEvent)
07-01 00:15:53.144  2181  2181 D EventBus: [2181, u0] onBusEvent(AppTransitionFinishedEvent) duration: 10 microseconds,avg: 153
07-01 00:15:53.144  2181  2181 D EventBus: [2181, u0] send(AppTransitionFinishedEvent)
07-01 00:15:53.144  2181  2181 D EventBus: [2181, u0]  -> ForcedResizableInfoActivityController [0xd8e5e6, P1] onBusEvent(AppTransitionFinishedEvent)
07-01 00:15:53.144  2181  2181 D EventBus: [2181, u0] onBusEvent(AppTransitionFinishedEvent) duration: 8 microseconds, avg: 153
07-01 00:15:53.150 30895 30959 W Conscrypt: Could not set socket write timeout: java.net.SocketException: Socket closed
07-01 00:15:53.150 30895 30959 W Conscrypt:     at com.google.android.gms.org.conscrypt.Platform.setSocketWriteTimeout(:com.google.android.gms@252431013@25.24.31 (100400-772615181):219)
07-01 00:15:53.150 30895 30959 W Conscrypt:     at com.google.android.gms.org.conscrypt.ConscryptFileDescriptorSocket.setSoWriteTimeout(:com.google.android.gms@252431013@25.24.31 (100400-772615181):4)
07-01 00:15:53.153 28084 28084 I GoogleInputMethodService: GoogleInputMethodService.onFinishInput():1984
07-01 00:15:53.153 28084 28084 I Module  : DeviceLockedStatusModuleProvider$Module.updateDeviceLockedStatus():100 repeatCheckTimes = 0, locked = false
07-01 00:15:53.154 28084 28084 I GoogleInputMethodService: GoogleInputMethodService.onStartInput():1248 onStartInput(EditorInfo{EditorInfo{packageName=com.google.android.gms, inputType=0, inputTypeString=NULL, enableLearning=false, autoCorrection=false, autoComplete=false, imeOptions=0, privateImeOptions=null, actionName=UNSPECIFIED, actionLabel=null, initialSelStart=-1, initialSelEnd=-1, initialCapsMode=0, label=null, fieldId=-1, fieldName=null, extras=null, hintText=null, hintLocales=[]}}, false)
07-01 00:15:53.154  1958  2009 I ActivityTaskManager: Displayed com.google.android.gms/.signin.activity.SignInActivity:+72ms
07-01 00:15:53.156 28084 28084 I Module  : DeviceLockedStatusModuleProvider$Module.updateDeviceLockedStatus():100 repeatCheckTimes = 1, locked = false
07-01 00:15:53.165 30895 30959 W Conscrypt: Could not set socket write timeout: java.net.SocketException: Socket closed
