06-29 20:13:16.308 13482 13482 E ActivityThread: Service com.google.android.gms.chimera.GmsApiService has leaked ServiceConnection bofe@457b96d that was originally bound here
06-29 20:13:16.308 13482 13482 E ActivityThread: android.app.ServiceConnectionLeaked: Service com.google.android.gms.chimera.GmsApiService has leaked ServiceConnection bofe@457b96d that was originally bound here
06-29 20:13:16.308 13482 13482 E ActivityThread:        at android.app.LoadedApk$ServiceDispatcher.<init>(LoadedApk.java:1815)
06-29 20:13:16.308 13482 13482 E ActivityThread:        at android.app.LoadedApk.getServiceDispatcherCommon(LoadedApk.java:1687)
06-29 20:13:16.308 13482 13482 E ActivityThread:        at android.app.LoadedApk.getServiceDispatcher(LoadedApk.java:1666)
06-29 20:13:16.308 13482 13482 E ActivityThread:        at android.app.ContextImpl.bindServiceCommon(ContextImpl.java:1731)
06-29 20:13:16.308 13482 13482 E ActivityThread:        at android.app.ContextImpl.bindService(ContextImpl.java:1660)
06-29 20:13:16.308 13482 13482 E ActivityThread:        at android.content.ContextWrapper.bindService(ContextWrapper.java:715)
06-29 20:13:16.308 13482 13482 E ActivityThread:        at android.content.ContextWrapper.bindService(ContextWrapper.java:715)
06-29 20:13:16.308 13482 13482 E ActivityThread:        at android.content.ContextWrapper.bindService(ContextWrapper.java:715)
06-29 20:13:16.308 13482 13482 E ActivityThread:        at boej.bindService(:com.google.android.gms@252431013@25.24.31 (100400-772615181):10)
06-29 20:13:16.308 13482 13482 E ActivityThread:        at android.content.ContextWrapper.bindService(ContextWrapper.java:715)
06-29 20:13:16.308 13482 13482 E ActivityThread:        at android.content.ContextWrapper.bindService(ContextWrapper.java:715)
06-29 20:13:16.308 13482 13482 E ActivityThread:        at android.content.ContextWrapper.bindService(ContextWrapper.java:715)
06-29 20:13:16.308 13482 13482 E ActivityThread:        at android.content.ContextWrapper.bindService(ContextWrapper.java:715)
06-29 20:13:16.308 13482 13482 E ActivityThread:        at ayei.i(:com.google.android.gms@252431013@25.24.31 (100400-772615181):17)
06-29 20:13:16.308 13482 13482 E ActivityThread:        at ayei.f(:com.google.android.gms@252431013@25.24.31 (100400-772615181):97)
06-29 20:13:16.308 13482 13482 E ActivityThread:        at ayei.e(:com.google.android.gms@252431013@25.24.31 (100400-772615181):8)
06-29 20:13:16.308 13482 13482 E ActivityThread:        at zqs.a(:com.google.android.gms@252431013@25.24.31 (100400-772615181):47)
06-29 20:13:16.308 13482 13482 E ActivityThread:        at iqu.a(:com.google.android.gms@252431013@25.24.31 (100400-772615181):19)
06-29 20:13:16.308 13482 13482 E ActivityThread:        at zqx.<init>(:com.google.android.gms@252431013@25.24.31 (100400-772615181):11)
06-29 20:13:16.308 13482 13482 E ActivityThread:        at zrx.call(:com.google.android.gms@252431013@25.24.31 (100400-772615181):18)
06-29 20:13:16.308 13482 13482 E ActivityThread:        at java.util.concurrent.FutureTask.run(FutureTask.java:266)
06-29 20:13:16.308 13482 13482 E ActivityThread:        at ayhu.c(:com.google.android.gms@252431013@25.24.31 (100400-772615181):50)
06-29 20:13:16.308 13482 13482 E ActivityThread:        at ayhu.run(:com.google.android.gms@252431013@25.24.31 (100400-772615181):70)
06-29 20:13:16.308 13482 13482 E ActivityThread:        at java.util.concurrent.ThreadPoolExecutor.runWorker(ThreadPoolExecutor.java:1167)
06-29 20:13:16.308 13482 13482 E ActivityThread:        at java.util.concurrent.ThreadPoolExecutor$Worker.run(ThreadPoolExecutor.java:641)
06-29 20:13:16.308 13482 13482 E ActivityThread:        at aynj.run(:com.google.android.gms@252431013@25.24.31 (100400-772615181):8)
06-29 20:13:16.308 13482 13482 E ActivityThread:        at java.lang.Thread.run(Thread.java:919)
06-29 20:13:16.912  4158  4158 I Timeline: Timeline: Activity_launch_request time:28752742
06-29 20:13:16.914  1958  4526 W ActivityTaskManager: aInfo is null for resolve intent: Intent { cmp=com.BHG.sharechat/.PostDetailActivity (has extras) }
06-29 20:13:16.914  1958  4526 W ActivityTaskManagerServiceInjector: Intent or aInfo is null!
06-29 20:13:16.914  1958  4526 I ActivityTaskManager: START u0 {cmp=com.BHG.sharechat/.PostDetailActivity (has extras)}from uid 10768
06-29 20:13:16.917  4158  4158 E AndroidRuntime: FATAL EXCEPTION: main
06-29 20:13:16.917  4158  4158 E AndroidRuntime: Process: com.BHG.sharechat, PID: 4158
06-29 20:13:16.917  4158  4158 E AndroidRuntime: android.content.ActivityNotFoundException: Unable to find explicit activity class {com.BHG.sharechat/com.BHG.sharechat.PostDetailActivity}; have you declared this activity in your AndroidManifest.xml?
06-29 20:13:16.917  4158  4158 E AndroidRuntime:        at android.app.Instrumentation.checkStartActivityResult(Instrumentation.java:2064)
06-29 20:13:16.917  4158  4158 E AndroidRuntime:        at android.app.Instrumentation.execStartActivity(Instrumentation.java:1720)
06-29 20:13:16.917  4158  4158 E AndroidRuntime:        at android.app.Activity.startActivityForResult(Activity.java:5258)
06-29 20:13:16.917  4158  4158 E AndroidRuntime:        at androidx.activity.ComponentActivity.startActivityForResult(ComponentActivity.java:780)
06-29 20:13:16.917  4158  4158 E AndroidRuntime:        at android.app.Activity.startActivityForResult(Activity.java:5216)
06-29 20:13:16.917  4158  4158 E AndroidRuntime:        at androidx.activity.ComponentActivity.startActivityForResult(ComponentActivity.java:761)
06-29 20:13:16.917  4158  4158 E AndroidRuntime:        at android.app.Activity.startActivity(Activity.java:5587)
06-29 20:13:16.917  4158  4158 E AndroidRuntime:        at android.app.Activity.startActivity(Activity.java:5555)
06-29 20:13:16.917  4158  4158 E AndroidRuntime:        at com.BHG.sharechat.PostAdapter$PostViewHolder._init_$lambda$0(PostAdapter.kt:24)
06-29 20:13:16.917  4158  4158 E AndroidRuntime:        at com.BHG.sharechat.PostAdapter$PostViewHolder.$r8$lambda$2AnpZyr_KejYCXTzRs6dtN8zzG4(Unknown Source:0)
06-29 20:13:16.917  4158  4158 E AndroidRuntime:        at com.BHG.sharechat.PostAdapter$PostViewHolder$$ExternalSyntheticLambda0.onClick(D8$$SyntheticClass:0)
06-29 20:13:16.917  4158  4158 E AndroidRuntime:        at android.view.View.performClick(View.java:7189)
06-29 20:13:16.917  4158  4158 E AndroidRuntime:        at android.view.View.performClickInternal(View.java:7166)
06-29 20:13:16.917  4158  4158 E AndroidRuntime:        at android.view.View.access$3500(View.java:819)
06-29 20:13:16.917  4158  4158 E AndroidRuntime:        at android.view.View$PerformClick.run(View.java:27682)
06-29 20:13:16.917  4158  4158 E AndroidRuntime:        at android.os.Handler.handleCallback(Handler.java:883)
06-29 20:13:16.917  4158  4158 E AndroidRuntime:        at android.os.Handler.dispatchMessage(Handler.java:100)
06-29 20:13:16.917  4158  4158 E AndroidRuntime:        at android.os.Looper.loop(Looper.java:224)
06-29 20:13:16.917  4158  4158 E AndroidRuntime:        at android.app.ActivityThread.main(ActivityThread.java:7592)
06-29 20:13:16.917  4158  4158 E AndroidRuntime:        at java.lang.reflect.Method.invoke(Native Method)
06-29 20:13:16.917  4158  4158 E AndroidRuntime:        at com.android.internal.os.RuntimeInit$MethodAndArgsCaller.run(RuntimeInit.java:539)
06-29 20:13:16.917  4158  4158 E AndroidRuntime:        at com.android.internal.os.ZygoteInit.main(ZygoteInit.java:950)
06-29 20:13:16.926  1958  4526 W ActivityTaskManager:   Force finishing activity com.BHG.sharechat/.MainActivity
06-29 20:13:16.926  1958  4332 I DropBoxManagerService: add tag=data_app_crash isTagEnabled=true flags=0x2
06-29 20:13:16.955  1958  2010 W BroadcastQueue: Background execution not allowed: receiving Intent { act=android.intent.action.DROPBOX_ENTRY_ADDED flg=0x10 (has extras) } to com.google.android.gms/.stats.service.DropBoxEntryAddedReceiver
06-29 20:13:17.102  1958  2646 I WindowManager: WIN DEATH: Window{80e4b0f u0 com.BHG.sharechat/com.BHG.sharechat.MainActivity}
06-29 20:13:17.104  1958  2351 I ActivityManager: Process com.BHG.sharechat (pid 4158) has died: vis+99 TOP
06-29 20:13:17.135  1958  2351 I Timeline: Timeline: App_transition_ready time:28752965
06-29 20:13:17.138  1958  1996 W ActivityManager: setHasOverlayUi called on unknown pid: 4158
06-29 20:13:17.140  1958  2066 I Timeline: Timeline: App_transition_ready time:28752970
06-29 20:13:17.155  1958  1997 I Timeline: Timeline: App_transition_ready time:28752986
06-29 20:13:17.165  1958  4692 I Timeline: Timeline: App_transition_ready time:28752995
06-29 20:13:17.172  1958  1997 I Timeline: Timeline: App_transition_ready time:28753002
06-29 20:13:17.203  1958  1997 I Timeline: Timeline: App_transition_ready time:28753034
06-29 20:13:17.204  1958  1997 I Timeline: Timeline: Activity_windows_visible id: ActivityRecord{ddb1799 u0 com.miui.home/.launcher.Launcher t1} time:28753034
06-29 20:13:17.204  1958  1997 I Timeline: Timeline: App_transition_stopped time:28753034
06-29 20:13:17.430  1958  1996 W ActivityTaskManager: Activity top resumed state loss timeout for ActivityRecord{a40e5ed u0 com.BHG.sharechat/.MainActivity t-1 f}
06-29 20:13:18.170 25324 25324 I Timeline: Timeline: Activity_launch_request time:28754000
06-29 20:13:18.172  1958  2351 I ActivityTaskManager: START u0 {act=android.intent.action.MAIN cat=[android.intent.category.LAUNCHER] flg=0x10200000 cmp=com.BHG.sharechat/.SplashActivity bnds=[73,760][249,936] (has extras)} from uid 10094
06-29 20:13:18.197 25324 25324 W ActivityThread: SCHED: com.miui.home/.launcher.Launcher [78, r=43ms, a=12ms, w=1046ms]
06-29 20:13:18.243  1958  2011 I ActivityManager: Start proc 4342:com.BHG.sharechat/u0a768 for activity {com.BHG.sharechat/com.BHG.sharechat.SplashActivity} caller=com.miui.home
06-29 20:13:18.279  1958  1997 I Timeline: Timeline: App_transition_ready time:28754109
06-29 20:13:18.459  1958  1997 I Timeline: Timeline: App_transition_stopped time:28754289
06-29 20:13:18.467  1958  2351 E WindowManager: App trying to use insecure INPUT_FEATURE_NO_INPUT_CHANNEL flag. Ignoring
06-29 20:13:18.512  1958  1997 I Timeline: Timeline: Activity_windows_visible id: ActivityRecord{ea42648 u0 com.BHG.sharechat/.SplashActivity t1117} time:28754342
06-29 20:13:21.451  4342  4342 I Timeline: Timeline: Activity_launch_request time:28757281
06-29 20:13:21.453  1958  2066 I ActivityTaskManager: START u0 {cmp=com.BHG.sharechat/.AuthActivity} from uid 10768
06-29 20:13:21.478  4342  4342 W ActivityThread: SCHED: com.BHG.sharechat/.SplashActivity [73, r=34ms, a=12ms, w=3027ms]
06-29 20:13:21.483  1958  2066 I ActivityTaskManager: The Process com.BHG.sharechat Already Exists in BG. So sending its PID: 4342
06-29 20:13:21.489  1958  2066 I Timeline: Timeline: App_transition_ready time:28757319
06-29 20:13:21.622  4342  4342 I Timeline: Timeline: Activity_launch_request time:28757452
06-29 20:13:21.622  1958  2351 I ActivityTaskManager: START u0 {cmp=com.BHG.sharechat/.MainActivity} from uid 10768
06-29 20:13:21.636  1958  2351 I ActivityTaskManager: The Process com.BHG.sharechat Already Exists in BG. So sending its PID: 4342
06-29 20:13:21.640  1958  2351 I Timeline: Timeline: App_transition_ready time:28757471
06-29 20:13:21.732  1958  3851 E WindowManager: App trying to use insecure INPUT_FEATURE_NO_INPUT_CHANNEL flag. Ignoring
06-29 20:13:21.750  1958  2351 I Timeline: Timeline: App_transition_ready time:28757580
06-29 20:13:21.753  1958  2351 I Timeline: Timeline: App_transition_ready time:28757583
06-29 20:13:21.777  1958  1997 I Timeline: Timeline: App_transition_ready time:28757607
06-29 20:13:22.040  1958  1997 I Timeline: Timeline: Activity_windows_visible id: ActivityRecord{d1c62a1 u0 com.BHG.sharechat/.MainActivity t1117} time:28757870
06-29 20:13:22.045  1958  1997 I Timeline: Timeline: App_transition_stopped time:28757875
06-29 20:13:26.115  4342  4342 I Timeline: Timeline: Activity_launch_request time:28761945
06-29 20:13:26.116  1958  2646 W ActivityTaskManager: aInfo is null for resolve intent: Intent { cmp=com.BHG.sharechat/.PostDetailActivity (has extras) }
06-29 20:13:26.116  1958  2646 W ActivityTaskManagerServiceInjector: Intent or aInfo is null!
06-29 20:13:26.117  1958  2646 I ActivityTaskManager: START u0 {cmp=com.BHG.sharechat/.PostDetailActivity (has extras)}from uid 10768
06-29 20:13:26.119  4342  4342 E AndroidRuntime: FATAL EXCEPTION: main
06-29 20:13:26.119  4342  4342 E AndroidRuntime: Process: com.BHG.sharechat, PID: 4342
06-29 20:13:26.119  4342  4342 E AndroidRuntime: android.content.ActivityNotFoundException: Unable to find explicit activity class {com.BHG.sharechat/com.BHG.sharechat.PostDetailActivity}; have you declared this activity in your AndroidManifest.xml?
06-29 20:13:26.119  4342  4342 E AndroidRuntime:        at android.app.Instrumentation.checkStartActivityResult(Instrumentation.java:2064)
06-29 20:13:26.119  4342  4342 E AndroidRuntime:        at android.app.Instrumentation.execStartActivity(Instrumentation.java:1720)
06-29 20:13:26.119  4342  4342 E AndroidRuntime:        at android.app.Activity.startActivityForResult(Activity.java:5258)
06-29 20:13:26.119  4342  4342 E AndroidRuntime:        at androidx.activity.ComponentActivity.startActivityForResult(ComponentActivity.java:780)
06-29 20:13:26.119  4342  4342 E AndroidRuntime:        at android.app.Activity.startActivityForResult(Activity.java:5216)
06-29 20:13:26.119  4342  4342 E AndroidRuntime:        at androidx.activity.ComponentActivity.startActivityForResult(ComponentActivity.java:761)
06-29 20:13:26.119  4342  4342 E AndroidRuntime:        at android.app.Activity.startActivity(Activity.java:5587)
06-29 20:13:26.119  4342  4342 E AndroidRuntime:        at android.app.Activity.startActivity(Activity.java:5555)
06-29 20:13:26.119  4342  4342 E AndroidRuntime:        at com.BHG.sharechat.PostAdapter$PostViewHolder._init_$lambda$0(PostAdapter.kt:24)
06-29 20:13:26.119  4342  4342 E AndroidRuntime:        at com.BHG.sharechat.PostAdapter$PostViewHolder.$r8$lambda$2AnpZyr_KejYCXTzRs6dtN8zzG4(Unknown Source:0)
06-29 20:13:26.119  4342  4342 E AndroidRuntime:        at com.BHG.sharechat.PostAdapter$PostViewHolder$$ExternalSyntheticLambda0.onClick(D8$$SyntheticClass:0)
06-29 20:13:26.119  4342  4342 E AndroidRuntime:        at android.view.View.performClick(View.java:7189)
06-29 20:13:26.119  4342  4342 E AndroidRuntime:        at android.view.View.performClickInternal(View.java:7166)
06-29 20:13:26.119  4342  4342 E AndroidRuntime:        at android.view.View.access$3500(View.java:819)
06-29 20:13:26.119  4342  4342 E AndroidRuntime:        at android.view.View$PerformClick.run(View.java:27682)
06-29 20:13:26.119  4342  4342 E AndroidRuntime:        at android.os.Handler.handleCallback(Handler.java:883)
06-29 20:13:26.119  4342  4342 E AndroidRuntime:        at android.os.Handler.dispatchMessage(Handler.java:100)
06-29 20:13:26.119  4342  4342 E AndroidRuntime:        at android.os.Looper.loop(Looper.java:224)
06-29 20:13:26.119  4342  4342 E AndroidRuntime:        at android.app.ActivityThread.main(ActivityThread.java:7592)
06-29 20:13:26.119  4342  4342 E AndroidRuntime:        at java.lang.reflect.Method.invoke(Native Method)
06-29 20:13:26.119  4342  4342 E AndroidRuntime:        at com.android.internal.os.RuntimeInit$MethodAndArgsCaller.run(RuntimeInit.java:539)
06-29 20:13:26.119  4342  4342 E AndroidRuntime:        at com.android.internal.os.ZygoteInit.main(ZygoteInit.java:950)
06-29 20:13:26.124  1958  4540 I DropBoxManagerService: add tag=data_app_crash isTagEnabled=true flags=0x2
06-29 20:13:26.125  1958  2646 W ActivityTaskManager:   Force finishing activity com.BHG.sharechat/.MainActivity
06-29 20:13:26.135  1958  2010 W BroadcastQueue: Background execution not allowed: receiving Intent { act=android.intent.action.DROPBOX_ENTRY_ADDED flg=0x10 (has extras) } to com.google.android.gms/.stats.service.DropBoxEntryAddedReceiver
06-29 20:13:26.264  1958  4415 I WindowManager: WIN DEATH: Window{d9bc223 u0 com.BHG.sharechat/com.BHG.sharechat.MainActivity}
06-29 20:13:26.267  1958  5256 I ActivityManager: Process com.BHG.sharechat (pid 4342) has died: vis+99 TOP
--------- beginning of main
06-29 20:13:26.268  1958  2012 I chatty  : uid=1000(system) ActivityManager expire 21 lines
06-29 20:13:26.294  1958  5256 I Timeline: Timeline: App_transition_ready time:28762124
06-29 20:13:26.297   634   794 I ProcessMonitor: onForegroundInfoChanged: ForegroundInfo{mForegroundPackageName='com.miui.home', mForegroundUid=10094, mForegroundPid=25324, mLastForegroundPackageName='com.BHG.sharechat', mLastForegroundUid=10768, mLastForegroundPid=4342, mMultiWindowForegroundPackageName='null', mMultiWindowForegroundUid=-1, mFlags=0}
06-29 20:13:26.298  5428  5448 I GST     : forePkg: com.miui.home, preForePkg: com.BHG.sharechat
06-29 20:13:26.298  5413  7035 D PerfEngineController: ForegroundInfo{mForegroundPackageName='com.miui.home', mForegroundUid=10094, mForegroundPid=25324, mLastForegroundPackageName='com.BHG.sharechat', mLastForegroundUid=10768, mLastForegroundPid=4342, mMultiWindowForegroundPackageName='null', mMultiWindowForegroundUid=-1, mFlags=0}
06-29 20:13:26.303  1958  1996 W ActivityManager: setHasOverlayUi called on unknown pid: 4342
06-29 20:13:26.310  1958  5258 I Timeline: Timeline: App_transition_ready time:28762140
06-29 20:13:26.326  1958  1997 I Timeline: Timeline: App_transition_ready time:28762156
06-29 20:13:26.331  1958  5258 I Timeline: Timeline: App_transition_ready time:28762161
06-29 20:13:26.343  1958  1997 I Timeline: Timeline: App_transition_ready time:28762173
06-29 20:13:26.365  1958  1997 I Timeline: Timeline: App_transition_ready time:28762195
06-29 20:13:26.365  1958  1997 I Timeline: Timeline: Activity_windows_visible id: ActivityRecord{ddb1799 u0 com.miui.home/.launcher.Launcher t1} time:28762195
06-29 20:13:26.365  1958  1997 I Timeline: Timeline: App_transition_stopped time:28762195
06-29 20:13:26.373 28084 28084 I GoogleInputMethodService: GoogleInputMethodService.onFinishInput():1984
06-29 20:13:26.374 28084 28084 I Module  : DeviceLockedStatusModuleProvider$Module.updateDeviceLockedStatus():100 repeatCheckTimes = 0, locked = false
06-29 20:13:26.374 28084 28084 I GoogleInputMethodService: GoogleInputMethodService.onStartInput():1248 onStartInput(EditorInfo{EditorInfo{packageName=com.miui.home, inputType=0, inputTypeString=NULL, enableLearning=false, autoCorrection=false, autoComplete=false, imeOptions=0, privateImeOptions=null, actionName=UNSPECIFIED, actionLabel=null, initialSelStart=-1, initialSelEnd=-1, initialCapsMode=0, label=null, fieldId=2131361997, fieldName=null, extras=null, hintText=null, hintLocales=[]}}, false)
06-29 20:13:26.375 28084 28084 I Module  : DeviceLockedStatusModuleProvider$Module.updateDeviceLockedStatus():100 repeatCheckTimes = 1, locked = false
06-29 20:13:26.628  1958  1996 W ActivityTaskManager: Activity top resumed state loss timeout for ActivityRecord{d1c62a1 u0 com.BHG.sharechat/.MainActivity t-1 f}
06-29 20:13:28.181  1958  2645 W BaseMiuiPhoneWindowManager: keyCode:82 down:true eventTime:28763926 downTime:28763926 policyFlags:2b000002 flags:48 deviceId:-1 isScreenOn:true keyguardActive:false repeatCount:0
06-29 20:13:28.218  1958  2645 W BaseMiuiPhoneWindowManager: keyCode:4 down:true eventTime:28764047 downTime:28764047 policyFlags:2b000002 flags:48 deviceId:-1 isScreenOn:true keyguardActive:false repeatCount:0
06-29 20:13:28.226  1958  2645 W BaseMiuiPhoneWindowManager: keyCode:82 down:false eventTime:28764055 downTime:28763926policyFlags:2b000002 flags:48 deviceId:-1 isScreenOn:true keyguardActive:false repeatCount:0
06-29 20:13:28.231  1958  2645 W BaseMiuiPhoneWindowManager: keyCode:4 down:false eventTime:28764061 downTime:28764047 policyFlags:2b000002 flags:68 deviceId:-1 isScreenOn:true keyguardActive:false repeatCount:0
06-29 20:13:28.248  1958  1994 I chatty  : uid=1000(system) android.ui expire 4 lines
06-29 20:13:28.287 25666 25666 I chatty  : uid=1000(system) com.miui.securitycenter.remote expire 2 lines
06-29 20:13:28.304  1958  1996 W WindowManager: setLauncherState= 2
06-29 20:13:28.310 25324 25517 I chatty  : uid=10094(com.miui.home) LauncherTask #3 expire 4 lines
06-29 20:13:28.311  1958  3906 I chatty  : uid=1000(system) Binder:1958_10 expire 6 lines
06-29 20:13:28.312 25324 25623 I chatty  : uid=10094(com.miui.home) LauncherTask #4 expire 1 line
06-29 20:13:28.569 25324 25338 I chatty  : uid=10094(com.miui.home) FinalizerDaemon expire 4 lines
06-29 20:13:28.767 25324 30753 I chatty  : uid=10094(com.miui.home) pool-12-thread- expire 6 lines
06-29 20:13:28.875  1958  3906 I ProcessManager: Kill reason OneKeyClean from pid=25324
06-29 20:13:28.882  1958  3906 I ProcessManager: mLruProcesses size=58
06-29 20:13:28.889  1958  3906 I ProcessManager: OneKeyClean: kill com.android.vending Adj=805 State=20
06-29 20:13:28.890  1958  3906 I ActivityManager: Killing 2223:com.android.vending/u0a175 (adj 805): OneKeyClean
06-29 20:13:28.897  1958  3906 I ProcessManager: OneKeyClean: kill com.android.chrome Adj=815 State=20
06-29 20:13:28.898  1958  3906 I ActivityManager: Killing 488:com.android.chrome/u0a193 (adj 815): OneKeyClean
06-29 20:13:28.901  1958  3906 I ProcessManager: OneKeyClean: kill com.google.android.webview:webview_service Adj=825 State=20
06-29 20:13:28.901  1958  3906 I ActivityManager: Killing 3857:com.google.android.webview:webview_service/u0a192 (adj 825): OneKeyClean
06-29 20:13:28.904  1958  3906 I ProcessManager: OneKeyClean: kill com.google.android.webview:sandboxed_process0:org.chromium.content.app.SandboxedProcessService0:0 Adj=835 State=20
06-29 20:13:28.905  1958  3906 I ActivityManager: Killing 3778:com.google.android.webview:sandboxed_process0:org.chromium.content.app.SandboxedProcessService0:0/u0a162i57 (adj 835): OneKeyClean
06-29 20:13:28.908  1958  3906 I ProcessManager: OneKeyClean: kill com.miui.global.packageinstaller Adj=845 State=20
06-29 20:13:28.909  1958  3906 I ActivityManager: Killing 3397:com.miui.global.packageinstaller/u0a162 (adj 845): OneKeyClean
06-29 20:13:28.914  1958  3906 I ProcessManager: OneKeyClean: kill com.miui.msa.global Adj=100 State=9
06-29 20:13:28.915  1958  3906 I ActivityManager: Killing 634:com.miui.msa.global/u0a123 (adj 100): OneKeyClean
06-29 20:13:28.917  1958  3906 I ProcessManager: OneKeyClean: kill com.android.vending:background Adj=865 State=20
06-29 20:13:28.918  1958  3906 I ActivityManager: Killing 2521:com.android.vending:background/u0a175 (adj 865): OneKeyClean
06-29 20:13:28.921  1958  3906 I ProcessManager: OneKeyClean: kill com.android.keychain Adj=875 State=20
06-29 20:13:28.921  1958  3906 I ActivityManager: Killing 3360:com.android.keychain/1000 (adj 875): OneKeyClean
06-29 20:13:28.923  1958  3906 I ProcessManager: OneKeyClean: kill com.miui.guardprovider Adj=100 State=5
06-29 20:13:28.923  1958  3906 I ActivityManager: Killing 3324:com.miui.guardprovider/u0a115 (adj 100): OneKeyClean
06-29 20:13:28.925  1958  3906 I ProcessManager: OneKeyClean: kill com.android.settings Adj=895 State=11
06-29 20:13:28.926  1958  3906 I ActivityManager: Killing 950:com.android.settings/1000 (adj 895): OneKeyClean
06-29 20:13:28.928  1958  3906 I ProcessManager: OneKeyClean: kill com.facebook.services Adj=905 State=20
06-29 20:13:28.929  1958  3906 I ActivityManager: Killing 2948:com.facebook.services/u0a100 (adj 905): OneKeyClean
06-29 20:13:28.931  1958  3906 I ProcessManager: OneKeyClean: kill com.google.android.apps.wellbeing Adj=915 State=20
06-29 20:13:28.931  1958  3906 I ActivityManager: Killing 32718:com.google.android.apps.wellbeing/u0a189 (adj 915): OneKeyClean
06-29 20:13:28.932  1958  3906 I ProcessManager: OneKeyClean: kill com.android.settings:remote Adj=500 State=11
06-29 20:13:28.933  1958  3906 I ActivityManager: Killing 2721:com.android.settings:remote/1000 (adj 500): OneKeyClean
06-29 20:13:28.934  1958  3906 I ProcessManager: OneKeyClean: kill com.google.process.gapps Adj=925 State=20
06-29 20:13:28.935  1958  3906 I ActivityManager: Killing 2365:com.google.process.gapps/u0a185 (adj 925): OneKeyClean
06-29 20:13:28.936  1958  3906 I ProcessManager: OneKeyClean: kill com.google.process.gservices Adj=935 State=20
06-29 20:13:28.936  1958  3906 I ActivityManager: Killing 2323:com.google.process.gservices/u0a185 (adj 935): OneKeyClean
06-29 20:13:28.937  1958  3906 I ProcessManager: OneKeyClean: kill com.qualcomm.qti.workloadclassifier Adj=500 State=11
06-29 20:13:28.937  1958  3906 I ActivityManager: Killing 1939:com.qualcomm.qti.workloadclassifier/1000 (adj 500): OneKeyClean
06-29 20:13:28.938  1958  3906 I ProcessManager: OneKeyClean: kill com.android.smspush Adj=100 State=7
06-29 20:13:28.939  1958  3906 I ActivityManager: Killing 1696:com.android.smspush/u0a155 (adj 100): OneKeyClean
06-29 20:13:28.940  1958  3906 I ProcessManager: OneKeyClean: kill com.qti.diagservices Adj=800 State=11
06-29 20:13:28.940  1958  3906 I ActivityManager: Killing 601:com.qti.diagservices/1000 (adj 800): OneKeyClean
06-29 20:13:28.941  1958  3906 I ProcessManager: OneKeyClean: kill com.qualcomm.telephony Adj=800 State=11
06-29 20:13:28.942  1958  3906 I ActivityManager: Killing 32762:com.qualcomm.telephony/u0a195 (adj 800): OneKeyClean
06-29 20:13:28.969   614   614 I Zygote  : Process 3857 exited due to signal 9 (Killed)
06-29 20:13:28.980 18010 18010 I Zygote  : Process 3778 exited due to signal 9 (Killed)
06-29 20:13:28.980  1958  2104 I chatty  : uid=1000(system) MiuiNetworkPoli expire 33 lines
06-29 20:13:28.985   614   614 I Zygote  : Process 488 exited due to signal 9 (Killed)
06-29 20:13:29.008  1958  3906 W ActivityManager: Scheduling restart of crashed service com.miui.global.packageinstaller/org.chromium.content.app.SandboxedProcessService0:0 in 1000ms
06-29 20:13:29.021   614   614 I Zygote  : Process 2365 exited due to signal 9 (Killed)
06-29 20:13:29.024   614   614 I Zygote  : Process 3360 exited due to signal 9 (Killed)
06-29 20:13:29.025   614   614 I Zygote  : Process 1696 exited due to signal 9 (Killed)
06-29 20:13:29.025   614   614 I Zygote  : Process 2323 exited due to signal 9 (Killed)
06-29 20:13:29.025   614  4343 I Zygote  : Process 3324 exited due to signal 9 (Killed)
06-29 20:13:29.028   614   614 I Zygote  : Process 1939 exited due to signal 9 (Killed)
06-29 20:13:29.029   614   614 I Zygote  : Process 32762 exited due to signal 9 (Killed)
06-29 20:13:29.031   614   614 I Zygote  : Process 601 exited due to signal 9 (Killed)
06-29 20:13:29.038 28084 28084 I AppBase : AppBase.onTrimMemory():417 onTrimMemory(): 80
06-29 20:13:29.038 28084 28084 I KeyboardDefCache: MemoryFileCache$1.onTrimMemory():126 clearMemory() for trim memory: 80
06-29 20:13:29.039 28084 28084 I KeyboardDefCache: MemoryFileCache.clearMemory():410 evictAll()
06-29 20:13:29.039 28084 28084 I GoogleInputMethodService: GoogleInputMethodService.onTrimMemory():2670 onTrimMemory():80
06-29 20:13:29.046  1958  4597 I AutoStartManagerService: MIUILOG- Reject RestartService packageName :com.miui.guardprovider uid : 10115
06-29 20:13:29.055  1958  5258 W ActivityManager: Scheduling restart of crashed service com.android.smspush/.WapPushManager in 10953ms
06-29 20:13:29.060  1958  4692 W ActivityManager: Scheduling restart of crashed service com.qualcomm.qti.workloadclassifier/.WLCService in 20948ms
06-29 20:13:29.064  1958  3901 W ActivityManager: Scheduling restart of crashed service com.qualcomm.atfwd/.AtFwdService in 30944ms
06-29 20:13:29.069  1958  2351 W ActivityManager: Scheduling restart of crashed service com.qti.diagservices/.QTIDiagServices in 40940ms
06-29 20:13:29.085 32470 32470 I ahqt    : Trimming objects from memory, since app is in the background.
06-29 20:13:29.087   614   614 I Zygote  : Process 32718 exited due to signal 9 (Killed)
06-29 20:13:29.087   614   614 I Zygote  : Process 634 exited due to signal 9 (Killed)
06-29 20:13:29.089   614   614 I Zygote  : Process 2721 exited due to signal 9 (Killed)
06-29 20:13:29.095  1958  5256 W ActivityManager: Scheduling restart of crashed service com.miui.msa.global/com.zeus.gmc.sdk.mobileads.msa.odi.service.OnDeviceIntelligenceService in 50914ms
06-29 20:13:29.096  1958  5256 W ActivityManager: Scheduling restart of crashed service com.miui.msa.global/com.miui.systemAdSolution.splashscreen.SplashScreenService in 60913ms
06-29 20:13:29.103  1958  4525 W ActivityManager: Scheduling restart of crashed service com.android.settings/.dangerousoptions.DangerousOptionsWarningService in 60905ms
06-29 20:13:29.122   614   614 I Zygote  : Process 950 exited due to signal 9 (Killed)
06-29 20:13:29.124   614   614 I Zygote  : Process 2948 exited due to signal 9 (Killed)
06-29 20:13:29.125  1958  5256 W ActivityManager: Scheduling restart of crashed service com.android.settings/.connecteddevice.usb.MiUsbService in 70884ms
06-29 20:13:29.127  1958  1996 W ActivityManager: setHasOverlayUi called on unknown pid: 950
06-29 20:13:29.132 25666 10559 I chatty  : uid=1000(system) Binder:25666_A expire 11 lines
06-29 20:13:29.133   614   614 I Zygote  : Process 2521 exited due to signal 9 (Killed)
06-29 20:13:29.142   614   614 I Zygote  : Process 2223 exited due to signal 9 (Killed)
06-29 20:13:29.189   614   614 I Zygote  : Process 3397 exited due to signal 9 (Killed)
06-29 20:13:29.240  1958  1996 W WindowManager: setLauncherState= 1
06-29 20:13:29.530 25324 25393 I chatty  : uid=10094(com.miui.home) cher.Background expire 2 lines
06-29 20:13:29.582  1958  3851 E WindowManager: App trying to use insecure INPUT_FEATURE_NO_INPUT_CHANNEL flag. Ignoring
06-29 20:13:30.001 21390 21390 D BoundBrokerSvc: onRebind: Intent { act=com.google.android.gms.libs.gmscorelogger.service.START dat=chimera-action: cmp=com.google.android.gms/.chimera.PersistentDirectBootAwareApiService }
06-29 20:13:30.312  3633  3633 I chatty  : uid=1000(system) /system/vendor/bin/cnss_diag expire 85 lines
06-29 20:13:30.330   613   613 I netd    : trafficSwapActiveStatsMap() <2.12ms>
06-29 20:13:30.338   613   613 I netd    : tetherGetStats() <4.47ms>
06-29 20:13:30.376   613   613 I netd    : bandwidthSetGlobalAlert(131072) <0.75ms>
06-29 20:13:30.376 25666 26108 I chatty  : uid=1000(system) TrafficManageSe expire 1 line
06-29 20:13:31.212   613   613 D OemNetd : setLimit: disable, rate=0
06-29 20:13:31.604  1958  3851 W NotificationService: Toast already killed. pkg=com.miui.home callback=android.app.ITransientNotification$Stub$Proxy@1142b1f
06-29 20:13:33.088  1958  1996 W WindowManager: Unable to start animation, surface is null or no children.
06-29 20:13:33.581 21390 21390 D BoundBrokerSvc: onUnbind: Intent { act=com.google.android.gms.presencemanager.service.START dat=chimera-action: cmp=com.google.android.gms/.chimera.PersistentApiService }
06-29 20:13:33.585 21390 21390 D BoundBrokerSvc: onUnbind: Intent { act=com.google.android.gms.presencemanager.service.INTERNAL_IDENTITY dat=chimera-action: cmp=com.google.android.gms/.chimera.PersistentApiService }
06-29 20:13:33.961 25324 25324 I chatty  : uid=10094(com.miui.home) expire 27 lines
06-29 20:13:34.291 25324 25509 I chatty  : uid=10094(com.miui.home) LauncherTask #1 expire 1 line
06-29 20:13:34.291 25324 25509 D Launcher.ShortcutMenuManager: show systemMenuItem, title=App info
06-29 20:13:34.291 25324 25509 D Launcher.ShortcutMenuManager: show systemMenuItem, title=Uninstall
06-29 20:13:34.333 25324 25324 D Launcher.DragLayer: findActiveController, com.miui.home.launcher.WidgetResizeDragController@b9d864b
06-29 20:13:34.333 25324 25324 D Launcher.Workspace: Workspace touch up or cancel
06-29 20:13:34.333 25324 26142 I RenderThread: RenderThread resumed
06-29 20:13:34.334 25324 26142 I RenderThread: All controllers paused.
06-29 20:13:34.334 25324 26142 I RenderThread: RenderThread paused, waiting for signal
06-29 20:13:34.341 25324 25324 D Launcher.ShortcutMenu: show ShortcutMenu
06-29 20:13:34.652 25324 25324 D Launcher.DragController: drop, from=ShortcutInfo, id=545, itemType=0, user=UserHandle{0}, mIconType=0, pkgName=com.BHG.sharechat, className=com.BHG.sharechat.SplashActivity, screenId=5, container=-100, cellX=0, cellY=2, spanX=1, spanY=1, isLandscapePos=false
06-29 20:13:34.653 25324 25324 D Launcher.CellLayout: updateCellOccupiedMarks, update, ShortcutInfo, id=545, itemType=0, user=UserHandle{0}, mIconType=0, pkgName=com.BHG.sharechat, className=com.BHG.sharechat.SplashActivity, screenId=5, container=-100, cellX=0, cellY=2, spanX=1, spanY=1, isLandscapePos=false
06-29 20:13:34.653 25324 30753 D Launcher_dispatchTouchEvent: [motionEvent action:(rawX,rawY)]  13:33.974[0(112.0,923.0)] 13:33.978[2(112.0,923.0)] 13:34.011[2(112.0,923.0)] 13:34.078[2(112.0,923.0)] 13:34.111[2(112.0,923.0)] 13:34.143[2(112.0,923.0)] 13:34.228[2(112.0,923.0)] 13:34.338[2(112.0,923.0)] 13:34.343[2(112.0,923.0)] 13:34.377[2(112.0,923.0)] 13:34.394[2(112.0,923.0)] 13:34.411[2(112.0,923.0)] 13:34.427[2(112.0,923.0)] 13:34.479[2(112.0,923.0)] 13:34.494[2(112.0,923.0)] 13:34.510[2(112.0,923.0)] 13:34.527[2(112.0,923.0)] 13:34.544[2(112.0,923.0)] 13:34.561[2(112.0,923.0)] 13:34.612[2(112.0,923.0)] 13:34.653[1(112.0,923.0)]
06-29 20:13:34.653 25324 30753 D Launcher_Scrollto: [(rawX,rawY)|scrollX]
06-29 20:13:34.663 25324 25324 D EventBus: No subscribers registered for event class com.miui.home.launcher.common.messages.CellLayoutMessage
06-29 20:13:34.663 25324 25324 D EventBus: No subscribers registered for event class org.greenrobot.eventbus.NoSubscriberEvent
06-29 20:13:34.665 25324 25324 D Launcher.DragController: drop succeed, to ShortcutInfo, id=545, itemType=0, user=UserHandle{0}, mIconType=0, pkgName=com.BHG.sharechat, className=com.BHG.sharechat.SplashActivity, screenId=5, container=-100, cellX=0, cellY=2, spanX=1, spanY=1, isLandscapePos=false
06-29 20:13:34.667 25324 25324 D Launcher.CellLayout: saveCurrentLayout, info=ShortcutInfo, id=545, itemType=0, user=UserHandle{0}, mIconType=0, pkgName=com.BHG.sharechat, className=com.BHG.sharechat.SplashActivity, screenId=5, container=-100, cellX=0, cellY=2, spanX=1, spanY=1, isLandscapePos=false
06-29 20:13:34.667 25324 25324 D EventBus: No subscribers registered for event class com.miui.home.launcher.common.messages.CellLayoutMessage
06-29 20:13:34.668 25324 25324 D EventBus: No subscribers registered for event class org.greenrobot.eventbus.NoSubscriberEvent
06-29 20:13:34.668 25324 25324 D EventBus: No subscribers registered for event class com.miui.home.launcher.common.messages.DragMessage
06-29 20:13:34.668 25324 25324 D EventBus: No subscribers registered for event class org.greenrobot.eventbus.NoSubscriberEvent
06-29 20:13:34.668 25324 25324 D Launcher.DragController: action_drag_off
06-29 20:13:34.668 25324 25324 D Launcher.DropTargetBar: update uninstall active when NO drag, active=false (edit=17, isUninstallDialogShowing=false, isWidgetPreviewShowing=false, isDefaultScreenPreviewShowing=false, isMenuVisible=false)
06-29 20:13:34.669 25324 25324 D Launcher.ShortcutMenu: show shortcut menu when drop, pkgName=com.BHG.sharechat
06-29 20:13:34.669 25324 25324 D Launcher.MultiSelectMonitor: needShowGroupContainerOrFinishContainer, mEditModeState=17, mIsWidgetsPreviewLayoutVisible=false, mIsDefaultScreenPreviewVisible=false, mIsMenuVisible=false, isUninstallDialogShowing=false, mIsDragging=false
06-29 20:13:34.669 25324 25324 D Launcher.MultiSelectMonitor: needShowGroupContainerOrFinishContainer, mEditModeState=17, mIsWidgetsPreviewLayoutVisible=false, mIsDefaultScreenPreviewVisible=false, mIsMenuVisible=false, isUninstallDialogShowing=false, mIsDragging=false
06-29 20:13:34.670 25324 30753 D Launcher_dispatchTouchEvent: [motionEvent action:(rawX,rawY)]  13:34.670[1(112.0,923.0)]
06-29 20:13:34.670 25324 30753 D Launcher_Scrollto: [(rawX,rawY)|scrollX]
06-29 20:13:34.697 25324 25324 D Launcher.UserPresentAnimation: checkMissingIcon
06-29 20:13:34.941 25324 25324 D EventBus: No subscribers registered for event class com.miui.home.launcher.common.messages.EndSpringAnimatorMessage
06-29 20:13:34.941 25324 25324 D EventBus: No subscribers registered for event class org.greenrobot.eventbus.NoSubscriberEvent
06-29 20:13:34.948 25324 30753 D Launcher_dispatchTouchEvent_View: [motionEvent view:]
06-29 20:13:34.948 25324 30753 D Launcher_dispatchTouchEvent_View: 13:34.944 View=com.miui.home.launcher.ShortcutMenuLayer{93f4c09 V.E...... .......D 0,0-1080,2340 #7f0a022b app:id/shortcut_menu_layer}
06-29 20:13:34.948 25324 30753 D Launcher_dispatchTouchEvent_View: 13:34.947 View=com.miui.home.launcher.shortcuts.ShortcutMenu{6f8612e V.E...... .......D 0,0-643,242 #7f0a022a app:id/shortcut_menu}
06-29 20:13:34.948 25324 30753 D Launcher_dispatchTouchEvent_View: 13:34.948 View=com.miui.home.launcher.shortcuts.SystemShortcutMenu{af7deb6 V.E...... .......D 27,27-616,200 #7f0a0257 app:id/system_shortcut_menu}
06-29 20:13:34.948 25324 30753 D Launcher_dispatchTouchEvent_View: 13:34.948 View=com.miui.home.launcher.shortcuts.IconAndTitleShortcutMenuItemContainer{3d3d853 VFE...C.. ...P..ID 196,0-392,173}
06-29 20:13:34.994 25324 30753 D Launcher_dispatchTouchEvent: [motionEvent action:(rawX,rawY)]  13:34.949[0(394.0,711.0)] 13:34.976[2(394.0,711.0)] 13:34.993[1(381.0,704.0)]
06-29 20:13:34.994 25324 30753 D Launcher_Scrollto: [(rawX,rawY)|scrollX]
06-29 20:13:34.994 25324 30753 D Launcher_dispatchTouchEvent: [motionEvent action:(rawX,rawY)]  13:34.994[1(381.0,704.0)]
06-29 20:13:34.994 25324 30753 D Launcher_Scrollto: [(rawX,rawY)|scrollX]
06-29 20:13:34.996 25324 25324 D Launcher.ShortcutMenu: click shortcut menu app details info, pkg=com.BHG.sharechat
06-29 20:13:34.999  1958  3851 I ActivityTaskManager: START u0 {act=android.settings.APPLICATION_DETAILS_SETTINGS dat=package:com.BHG.sharechat flg=0x10008000 cmp=com.android.settings/.applications.InstalledAppDetails} from uid 10094
06-29 20:13:35.000  1958  3851 I chatty  : uid=1000(system) Binder:1958_D expire 22 lines
06-29 20:13:35.007   734   871 E ANDR-PERF-UTIL: Failed to read /proc/sys/kernel/sched_busy_hyst_ns
06-29 20:13:35.007   734   871 E ANDR-PERF-OPTSHANDLER: Failed to read /proc/sys/kernel/sched_busy_hyst_ns
06-29 20:13:35.007   734   871 E ANDR-PERF-RESOURCEQS: Failed to apply optimization [1, 2]
06-29 20:13:35.012  1550  1567 E ANDR-IOP: io prefetch is disabled
06-29 20:13:35.029 25324 25324 W ActivityThread: SCHED: com.miui.home/.launcher.Launcher [79, r=309ms, a=82ms, w=8709ms]
06-29 20:13:35.030 25324 25324 D Launcher.Lifecycle: onPause:UserHandle{0},e938a99,true
06-29 20:13:35.030 25324 25324 D Launcher_UnlockAnimationStateMachine: setState:PAUSE_WAIT
06-29 20:13:35.049 25324 25393 D StatusBarController: handleMessage: flag 800000  disable false
06-29 20:13:35.054 25324 25324 D Launcher_WallpaperUtils: changeStatusBarMode:false
06-29 20:13:35.062 25324 25324 I RenderVsyncUpdater: All controllers paused.
06-29 20:13:35.063   614   614 D Zygote  : Forked child process 4550
06-29 20:13:35.064  1958  1997 I chatty  : uid=1000(system) android.anim expire 1 line
06-29 20:13:35.066   613   613 D OemNetd : setPidForPackage: packageName=com.android.settings, pid=4550, pid=1000
06-29 20:13:35.066  1958  2011 I ActivityManager: Start proc 4550:com.android.settings/1000 for activity {com.android.settings/com.android.settings.applications.InstalledAppDetails} caller=com.miui.home
06-29 20:13:35.079  4550  4550 I chatty  : uid=1000(system) com.android.settings expire 42 lines
06-29 20:13:35.083 25324 25324 D Launcher.Lifecycle: onWindowFocusChanged:false,UserHandle{0},e938a99,true
06-29 20:13:35.083 25324 25324 D ScreenView_Workspace: setCurrentScreenInner:4
06-29 20:13:35.083 25324 26142 I RenderThread: RenderThread resumed
06-29 20:13:35.084 25324 26142 I RenderThread: All controllers paused.
06-29 20:13:35.084 25324 26142 I RenderThread: RenderThread paused, waiting for signal
06-29 20:13:35.084 25324 25324 D Launcher: edit state changed from 17 to 7
06-29 20:13:35.084 25324 25324 D Launcher.MultiSelectMonitor: EditStateChangedMessageHandler, state=7
06-29 20:13:35.085 25324 25324 D Launcher.MultiSelectMonitor: needShowGroupContainerOrFinishContainer, mEditModeState=7, mIsWidgetsPreviewLayoutVisible=false, mIsDefaultScreenPreviewVisible=false, mIsMenuVisible=false, isUninstallDialogShowing=false, mIsDragging=false
06-29 20:13:35.085 25324 25324 D Launcher.MultiSelectMonitor: needShowGroupContainerOrFinishContainer, mEditModeState=7, mIsWidgetsPreviewLayoutVisible=false, mIsDefaultScreenPreviewVisible=false, mIsMenuVisible=false, isUninstallDialogShowing=false, mIsDragging=false
06-29 20:13:35.085 25324 25324 D Launcher.DropTargetBar: update uninstall active when NO drag, active=false (edit=7, isUninstallDialogShowing=false, isWidgetPreviewShowing=false, isDefaultScreenPreviewShowing=false, isMenuVisible=false)
06-29 20:13:35.085 25324 25324 D Launcher.ShortcutMenu: hide ShortcutMenu, pkgName=com.BHG.sharechat, reason=null
06-29 20:13:35.097 25324 25324 I RenderVsyncUpdater: All controllers paused.
06-29 20:13:35.103  5413  5455 D PerfEngineController: ForegroundInfo{mForegroundPackageName='com.android.settings', mForegroundUid=1000, mForegroundPid=4550, mLastForegroundPackageName='com.miui.home', mLastForegroundUid=10094, mLastForegroundPid=25324, mMultiWindowForegroundPackageName='null', mMultiWindowForegroundUid=-1, mFlags=1}
06-29 20:13:35.103  5428  5448 I GST     : forePkg: com.android.settings, preForePkg: com.miui.home
06-29 20:13:35.109  1958  1997 I Timeline: Timeline: App_transition_ready time:28770939
06-29 20:13:35.117 25359 19725 D PMonitor:  onForegroundActivitiesChanged:pid = 4550,activity-uid=1000,foregroundActivities=true
06-29 20:13:35.311  1958  1997 I Timeline: Timeline: App_transition_stopped time:28771141
06-29 20:13:35.312  2181  2181 I chatty  : uid=1000(system) com.android.systemui expire 20 lines
06-29 20:13:35.341 25324 25324 D Launcher_UnlockAnimationStateMachine: mResetIdleStateRunnable
06-29 20:13:35.389  4550  4572 I chatty  : uid=1000(system) ScionFrontendAp expire 4 lines
06-29 20:13:35.414  4550  4578 I chatty  : uid=1000(system) com.android.settings expire 4 lines
06-29 20:13:35.416  3787  4557 I bbkx    : (REDACTED) getHotwordActive::active query: %s, watch: %s, devices connected:%s
06-29 20:13:35.463  4550  4577 I chatty  : uid=1000(system) AsyncTask #1 expire 3 lines
06-29 20:13:35.464  4550  4592 I chatty  : uid=1000(system) com.android.settings expire 3 lines
06-29 20:13:35.510  4550  4600 I chatty  : uid=1000(system) com.android.settings expire 1 line
06-29 20:13:35.552   614   614 D Zygote  : Forked child process 4605
06-29 20:13:35.554   613   613 D OemNetd : setPidForPackage: packageName=com.qualcomm.qti.smq, pid=4605, pid=1000
06-29 20:13:35.554  1958  2011 I ActivityManager: Start proc 4605:com.qualcomm.qti.smq/1000 for content provider {com.qualcomm.qti.smq/com.qualcomm.qti.smq.providers.SMQContentProvider} caller=com.android.settings
06-29 20:13:35.559  4550  4550 D ForceDarkHelper: updateByCheckExcludeList: pkg: com.android.settings activity: com.android.settings.applications.InstalledAppDetailsTop@f9684e1
06-29 20:13:35.561  4550  4550 D ForceDarkHelper: updateByCheckExcludeList: pkg: com.android.settings activity: com.android.settings.applications.InstalledAppDetailsTop@f9684e1
06-29 20:13:35.566  4605  4605 E ualcomm.qti.sm: Not starting debugger since process cannot load the jdwp agent.
06-29 20:13:35.582  4550  4550 D SettingsActivity: Starting to set activity title
06-29 20:13:35.582  4550  4550 D SettingsActivity: Done setting title
06-29 20:13:35.582  4550  4550 I SettingsActivity: settings_start_fragment: com.android.settings.applications.InstalledAppDetailsFragment
06-29 20:13:35.599  4550  4591 I FA      : App measurement initialized, version: 129011
06-29 20:13:35.600  4550  4591 I FA      : To enable debug logging run: adb shell setprop log.tag.FA VERBOSE
06-29 20:13:35.600  4550  4591 I FA      : To enable faster debug mode event logging run:
06-29 20:13:35.600  4550  4591 I FA      :   adb shell setprop debug.firebase.analytics.app com.android.settings
06-29 20:13:35.606  4605  4605 D libnativeloader: classloader namespace configured for unbundled vendor apk. library_path=/vendor/app/QDMA-UI/lib/arm64:/vendor/app/QDMA-UI/QDMA-UI.apk!/lib/arm64-v8a:/vendor/lib64
06-29 20:13:35.608  1958  3851 I ActivityTaskManager: START u0 {act=miui.intent.action.APP_MANAGER_APPLICATION_DETAIL pkg=com.miui.securitycenter cmp=com.miui.securitycenter/com.miui.appmanager.ApplicationsDetailsActivity (has extras)} from uid 1000
06-29 20:13:35.621  4550  4591 W FA      : Failed to retrieve Firebase Instance Id
06-29 20:13:35.621  4605  4605 I Perf    : Connecting to perf service.
06-29 20:13:35.622  4550  4550 D SettingsActivity: Executed frag manager pendingTransactions
06-29 20:13:35.641  4550  4591 W FA      : Failed to retrieve Firebase Instance Id
06-29 20:13:35.644  4605  4605 D QDMA_UI : SMQContentProvider onCreate
06-29 20:13:35.647  4550  4591 W FA      : Failed to retrieve Firebase Instance Id
06-29 20:13:35.647  4605  4623 D QDMA_UI : SMQContentProvider query
06-29 20:13:35.648  4605  4605 I FeatureParser: can't find violet.xml in assets/device_features/,it may be in /system/etc/device_features
06-29 20:13:35.652  4605  4628 E Perf    : Fail to get file list com.qualcomm.qti.smq
06-29 20:13:35.653  4605  4628 E Perf    : getFolderSize() : Exception_1 = java.lang.NullPointerException: Attempt to get length of null array
06-29 20:13:35.653  4605  4628 E Perf    : Fail to get file list com.qualcomm.qti.smq
06-29 20:13:35.653  4605  4628 E Perf    : getFolderSize() : Exception_1 = java.lang.NullPointerException: Attempt to get length of null array
06-29 20:13:35.654  4550  4550 E RecommendFilter: getListByPageIndex not found:-1
06-29 20:13:35.655  4550  4550 W Looper  : Slow Looper main: Activity com.android.settings/.applications.InstalledAppDetails is 307ms late (wall=244ms running=88ms ClientTransaction{ callbacks=[android.app.servertransaction.LaunchActivityItem] lifecycleRequest=android.app.servertransaction.ResumeActivityItem }) because of 2 msg, msg 2 took 305ms (seq=2 running=117ms runnable=10ms io=155ms late=5ms h=android.app.ActivityThread$H w=110)
06-29 20:13:35.655  4550  4550 W Looper  : Slow Looper main: Activity com.android.settings/.applications.InstalledAppDetails is 550ms late (wall=0ms running=0ms ClientTransaction{ callbacks=[android.app.servertransaction.TopResumedActivityChangeItem] }) because of 3 msg, msg 2 took 305ms (seq=2 running=117ms runnable=10ms io=155ms late=5ms h=android.app.ActivityThread$H w=110), msg 3 took 244ms (seq=3 running=88ms runnable=7ms io=117ms late=307ms h=android.app.ActivityThread$H w=159)
06-29 20:13:35.656 25324 25324 D RecentsImpl: mActivityStateObserver com.android.settings.applications.InstalledAppDetailsTop
06-29 20:13:35.656 25324 25324 W RecentsImpl: onResumed className=com.android.settings.applications.InstalledAppDetailsTop   mIsInAnotherPro=false
06-29 20:13:35.660  1958  4415 I ActivityTaskManager: The Process com.miui.securitycenter Already Exists in BG. So sending its PID: 30308
06-29 20:13:35.661 30308 30308 I chatty  : uid=1000(system) com.miui.securitycenter expire 189 lines
06-29 20:13:35.661  5428  5448 I GST     : forePkg: com.miui.securitycenter, preForePkg: com.android.settings
06-29 20:13:35.662  5413  7035 D PerfEngineController: ForegroundInfo{mForegroundPackageName='com.miui.securitycenter',mForegroundUid=1000, mForegroundPid=30308, mLastForegroundPackageName='com.android.settings', mLastForegroundUid=1000, mLastForegroundPid=4550, mMultiWindowForegroundPackageName='null', mMultiWindowForegroundUid=-1, mFlags=0}
06-29 20:13:35.665  1958  4415 I Timeline: Timeline: App_transition_ready time:28771495
06-29 20:13:35.673 25359 19725 D PMonitor:  onForegroundActivitiesChanged:pid = 30308,activity-uid=1000,foregroundActivities=true
06-29 20:13:35.679 13482  3320 D AdvertisingIdClient: AdvertisingIdClient already created.
06-29 20:13:35.690 13482  3320 I AdvertisingIdClient: shouldSendLog 90688109
06-29 20:13:35.690 13482  3320 I AdvertisingIdClient: GetInfoInternal elapse 11ms
06-29 20:13:35.695 13482 13482 I AdvertisingIdClient: getting error as 17: API: ClientTelemetry.API is not available onthis device. Connection failed with: ConnectionResult{statusCode=API_DISABLED, resolution=null, message=null}
06-29 20:13:35.763 25666  2712 I chatty  : uid=1000(system) Binder:25666_8 expire 1 line
06-29 20:13:35.896 25324 25324 D RecentsImpl: mActivityStateObserver com.miui.appmanager.ApplicationsDetailsActivity
06-29 20:13:35.896 25324 25324 W RecentsImpl: onResumed className=com.miui.appmanager.ApplicationsDetailsActivity   mIsInAnotherPro=false
06-29 20:13:35.923  1958  4415 I Timeline: Timeline: App_transition_stopped time:28771754
06-29 20:13:35.927 30308 30356 I chatty  : uid=1000(system) RenderThread expire 6 lines
06-29 20:13:35.951 30308  4633 I chatty  : uid=1000(system) ModernAsyncTask expire 27 lines
06-29 20:13:35.975  1958  2014 E BatteryExternalStatsWorker: no controller energy info supplied for bluetooth
06-29 20:13:36.020  1958  1997 I Timeline: Timeline: Activity_windows_visible id: ActivityRecord{b066123 u0 com.miui.securitycenter/com.miui.appmanager.ApplicationsDetailsActivity t1118} time:28771850
06-29 20:13:36.030 28084 28084 I GoogleInputMethodService: GoogleInputMethodService.onFinishInput():1984
06-29 20:13:36.031 28084 28084 I Module  : DeviceLockedStatusModuleProvider$Module.updateDeviceLockedStatus():100 repeatCheckTimes = 0, locked = false
