06-29 19:39:39.826  1958  1996 W WindowManager: setLauncherState= 2
06-29 19:39:39.931  1958  2009 W UsageStatsService: Failed to note usage stop
06-29 19:39:39.931  1958  2009 W UsageStatsService: java.lang.IllegalArgumentException: Unable to stop usage for com.miui.securitycenter, not in use
06-29 19:39:39.931  1958  2009 W UsageStatsService:     at com.android.server.usage.AppTimeLimitController.noteUsageStop(AppTimeLimitController.java:955)
06-29 19:39:39.931  1958  2009 W UsageStatsService:     at com.android.server.usage.UsageStatsService.reportEvent(UsageStatsService.java:558)
06-29 19:39:39.931  1958  2009 W UsageStatsService:     at com.android.server.usage.UsageStatsService$H.handleMessage(UsageStatsService.java:879)
06-29 19:39:39.931  1958  2009 W UsageStatsService:     at android.os.Handler.dispatchMessage(Handler.java:107)
06-29 19:39:39.931  1958  2009 W UsageStatsService:     at android.os.Looper.loop(Looper.java:224)
06-29 19:39:39.931  1958  2009 W UsageStatsService:     at android.os.HandlerThread.run(HandlerThread.java:67)
06-29 19:39:40.303  1958  2348 I ProcessManager: Kill reason OneKeyClean from pid=25324
06-29 19:39:40.322  1958  2348 I ProcessManager: mLruProcesses size=62
06-29 19:39:40.362  1958  2348 I ProcessManager: OneKeyClean: kill com.android.settings:remote Adj=500 State=11
06-29 19:39:40.363  1958  2348 I ActivityManager: Killing 26058:com.android.settings:remote/1000 (adj 500): OneKeyClean
06-29 19:39:40.365  1958  2348 I ProcessManager: OneKeyClean: kill com.android.settings Adj=815 State=11
06-29 19:39:40.366  1958  2348 I ActivityManager: Killing 26128:com.android.settings/1000 (adj 815): OneKeyClean
06-29 19:39:40.367  1958  2348 I ProcessManager: OneKeyClean: kill com.qualcomm.qti.smq Adj=815 State=11
06-29 19:39:40.368  1958  2348 I ActivityManager: Killing 27597:com.qualcomm.qti.smq/1000 (adj 815): OneKeyClean
06-29 19:39:40.372  1958  2348 I ProcessManager: OneKeyClean: kill com.android.vending Adj=825 State=20
06-29 19:39:40.373  1958  2348 I ActivityManager: Killing 25505:com.android.vending/u0a175 (adj 825): OneKeyClean
06-29 19:39:40.378  1958  2348 I ProcessManager: OneKeyClean: kill com.android.chrome Adj=835 State=20
06-29 19:39:40.379  1958  2348 I ActivityManager: Killing 27156:com.android.chrome/u0a193 (adj 835): OneKeyClean
06-29 19:39:40.381  1958  2348 I ProcessManager: OneKeyClean: kill com.google.android.webview:webview_service Adj=855 State=20
06-29 19:39:40.383  1958  2348 I ActivityManager: Killing 27086:com.google.android.webview:webview_service/u0a192 (adj 855): OneKeyClean
06-29 19:39:40.388  1958  2348 I ProcessManager: OneKeyClean: kill com.google.android.webview:sandboxed_process0:org.chromium.content.app.SandboxedProcessService0:0 Adj=865 State=20
06-29 19:39:40.389  1958  2348 I ActivityManager: Killing 27045:com.google.android.webview:sandboxed_process0:org.chromium.content.app.SandboxedProcessService0:0/u0a162i54 (adj 865): OneKeyClean
06-29 19:39:40.392  1958  2348 I ProcessManager: OneKeyClean: kill com.android.vending:background Adj=875 State=20
06-29 19:39:40.393  1958  2348 I ActivityManager: Killing 25968:com.android.vending:background/u0a175 (adj 875): OneKeyClean
06-29 19:39:40.394  1958  2348 I ProcessManager: OneKeyClean: kill com.miui.global.packageinstaller Adj=885 State=20
06-29 19:39:40.395  1958  2348 I ActivityManager: Killing 26646:com.miui.global.packageinstaller/u0a162 (adj 885): OneKeyClean
06-29 19:39:40.396  1958  2348 I ProcessManager: OneKeyClean: kill com.miui.msa.global Adj=100 State=9
06-29 19:39:40.397  1958  2348 I ActivityManager: Killing 24934:com.miui.msa.global/u0a123 (adj 100): OneKeyClean
06-29 19:39:40.398  1958  2348 I ProcessManager: OneKeyClean: kill com.android.keychain Adj=895 State=20
06-29 19:39:40.398  1958  2348 I ActivityManager: Killing 26623:com.android.keychain/1000 (adj 895): OneKeyClean
06-29 19:39:40.399  1958  2348 I ProcessManager: OneKeyClean: kill com.miui.guardprovider Adj=100 State=5
06-29 19:39:40.400  1958  2348 I ActivityManager: Killing 26575:com.miui.guardprovider/u0a115 (adj 100): OneKeyClean
06-29 19:39:40.401  1958  2348 I ProcessManager: OneKeyClean: kill com.whatsapp Adj=905 State=20
06-29 19:39:40.401  1958  2348 I ActivityManager: Killing 24670:com.whatsapp/u0a762 (adj 905): OneKeyClean
06-29 19:39:40.404  1958  2348 I ProcessManager: OneKeyClean: kill com.facebook.services Adj=915 State=20
06-29 19:39:40.404  1958  2348 I ActivityManager: Killing 24786:com.facebook.services/u0a100 (adj 915): OneKeyClean
06-29 19:39:40.405  1958  2348 I ProcessManager: OneKeyClean: kill com.google.android.apps.wellbeing Adj=925 State=20
06-29 19:39:40.405  1958  2348 I ActivityManager: Killing 26206:com.google.android.apps.wellbeing/u0a189 (adj 925): OneKeyClean
06-29 19:39:40.406  1958  2348 I ProcessManager: OneKeyClean: kill app.revanced.android.gms Adj=935 State=20
06-29 19:39:40.406  1958  2348 I ActivityManager: Killing 26354:app.revanced.android.gms/u0a687 (adj 935): OneKeyClean
06-29 19:39:40.407  1958  2348 I ProcessManager: OneKeyClean: kill app.revanced.android.gms:persistent Adj=800 State=11
06-29 19:39:40.408  1958  2348 I ActivityManager: Killing 26332:app.revanced.android.gms:persistent/u0a687 (adj 800): OneKeyClean
06-29 19:39:40.408  1958  2348 I ProcessManager: OneKeyClean: kill com.miui.msa.global:ui Adj=945 State=20
06-29 19:39:40.409  1958  2348 I ActivityManager: Killing 26226:com.miui.msa.global:ui/u0a123 (adj 945): OneKeyClean
06-29 19:39:40.411  1958  2348 I ProcessManager: OneKeyClean: kill com.google.process.gapps Adj=955 State=20
06-29 19:39:40.412  1958  2348 I ActivityManager: Killing 25919:com.google.process.gapps/u0a185 (adj 955): OneKeyClean
06-29 19:39:40.412  1958  2348 I ProcessManager: OneKeyClean: kill com.google.process.gservices Adj=965 State=20
06-29 19:39:40.413  1958  2348 I ActivityManager: Killing 24834:com.google.process.gservices/u0a185 (adj 965): OneKeyClean
06-29 19:39:40.414  1958  2348 I ProcessManager: OneKeyClean: kill com.google.android.youtube Adj=975 State=20
06-29 19:39:40.414  1958  2348 I ActivityManager: Killing 24861:com.google.android.youtube/u0a204 (adj 975): OneKeyClean
06-29 19:39:40.416  1958  2348 I ProcessManager: OneKeyClean: kill com.qti.diagservices Adj=800 State=11
06-29 19:39:40.416  1958  2348 I ActivityManager: Killing 25114:com.qti.diagservices/1000 (adj 800): OneKeyClean
06-29 19:39:40.417  1958  2348 I ProcessManager: OneKeyClean: kill com.qualcomm.qti.workloadclassifier Adj=800 State=11
06-29 19:39:40.418  1958  2348 I ActivityManager: Killing 24689:com.qualcomm.qti.workloadclassifier/1000 (adj 800): OneKeyClean
06-29 19:39:40.418  1958  2348 I ProcessManager: OneKeyClean: kill com.qualcomm.telephony Adj=800 State=11
06-29 19:39:40.419  1958  2348 I ActivityManager: Killing 24641:com.qualcomm.telephony/u0a195 (adj 800): OneKeyClean
06-29 19:39:40.420  1958  2348 I ProcessManager: OneKeyClean: kill com.android.smspush Adj=100 State=7
06-29 19:39:40.420  1958  2348 I ActivityManager: Killing 24608:com.android.smspush/u0a155 (adj 100): OneKeyClean
06-29 19:39:40.474  1958  5258 I AutoStartManagerService: MIUILOG- Reject RestartService packageName :app.revanced.android.gms uid : 10687
06-29 19:39:40.479  1958  5271 W ActivityManager: Scheduling restart of crashed service com.android.settings/.dangerousoptions.DangerousOptionsWarningService in 1000ms
06-29 19:39:40.488  1958  5271 W ActivityManager: Scheduling restart of crashed service com.miui.global.packageinstaller/org.chromium.content.app.SandboxedProcessService0:0 in 10991ms
06-29 19:39:40.499  1958  1981 I AutoStartManagerService: MIUILOG- Reject RestartService packageName :com.miui.guardprovider uid : 10115
06-29 19:39:40.511  1958  5270 W ActivityManager: Scheduling restart of crashed service com.qualcomm.atfwd/.AtFwdService in 20968ms
06-29 19:39:40.515  1958  1981 W ActivityManager: Scheduling restart of crashed service com.android.smspush/.WapPushManager in 30964ms
06-29 19:39:40.520  1958  5258 W ActivityManager: Scheduling restart of crashed service com.android.settings/.connecteddevice.usb.MiUsbService in 40959ms
06-29 19:39:40.522  1958  1996 W ActivityManager: setHasOverlayUi called on unknown pid: 26128
06-29 19:39:40.530  1958  4597 W ActivityManager: Scheduling restart of crashed service com.qti.diagservices/.QTIDiagServices in 50949ms
06-29 19:39:40.548  1958  2348 W ActivityManager: Scheduling restart of crashed service com.qualcomm.qti.workloadclassifier/.WLCService in 60932ms
06-29 19:39:40.643  1958  4522 W ActivityManager: Scheduling restart of crashed service com.miui.msa.global/com.zeus.gmc.sdk.mobileads.msa.odi.service.OnDeviceIntelligenceService in 70837ms
06-29 19:39:40.643  1958  4522 W ActivityManager: Scheduling restart of crashed service com.miui.msa.global/com.miui.systemAdSolution.splashscreen.SplashScreenService in 80837ms
06-29 19:39:40.700  1958  1996 W WindowManager: setLauncherState= 1
06-29 19:39:40.855   788   902 W EventThreadInspector: slow VSync-app on display(19260784713820289), count=1, avg=38 ms, max=38 ms.
06-29 19:39:41.024  1958  5256 E WindowManager: App trying to use insecure INPUT_FEATURE_NO_INPUT_CHANNEL flag. Ignoring
06-29 19:39:41.547  1958  2011 I ActivityManager: Start proc 27641:com.android.settings:remote/1000 for service {com.android.settings/com.android.settings.dangerousoptions.DangerousOptionsWarningService} caller=com.android.settings
06-29 19:39:42.632  1958  5256 I ActivityTaskManager: START u0 {act=android.settings.APPLICATION_DETAILS_SETTINGS dat=package:com.BHG.sharechat flg=0x10008000 cmp=com.android.settings/.applications.InstalledAppDetails} from uid 10094
06-29 19:39:42.658 25324 25324 W ActivityThread: SCHED: com.miui.home/.launcher.Launcher [74, r=308ms, a=105ms, w=3171ms]
06-29 19:39:42.698  1958  2011 I ActivityManager: Start proc 27678:com.android.settings/1000 for activity {com.android.settings/com.android.settings.applications.InstalledAppDetails} caller=com.miui.home
06-29 19:39:42.729  1958  1997 I Timeline: Timeline: App_transition_ready time:26738559
06-29 19:39:42.922  1958  1997 I Timeline: Timeline: App_transition_stopped time:26738753
06-29 19:39:42.959  1958  2646 I ActivityTaskManager: START u0 {act=miui.intent.action.APP_MANAGER_APPLICATION_DETAIL pkg=com.miui.securitycenter cmp=com.miui.securitycenter/com.miui.appmanager.ApplicationsDetailsActivity (has extras)} from uid 1000
06-29 19:39:42.973  1958  2011 I ActivityManager: Start proc 27728:com.qualcomm.qti.smq/1000 for content provider {com.qualcomm.qti.smq/com.qualcomm.qti.smq.providers.SMQContentProvider} caller=com.android.settings
06-29 19:39:42.995  1958  4807 I ActivityTaskManager: The Process com.miui.securitycenter Already Exists in BG. So sending its PID: 26517
06-29 19:39:43.001  1958  4807 I Timeline: Timeline: App_transition_ready time:26738832
06-29 19:39:43.021  1958  4807 W NotificationService: Toast already killed. pkg=com.miui.home callback=android.app.ITransientNotification$Stub$Proxy@dc65a9f
06-29 19:39:43.108  1958  2014 E BatteryExternalStatsWorker: no controller energy info supplied for bluetooth
06-29 19:39:43.117  1958  2014 E KernelCpuUidUserSysTimeReader: Negative user/sys time delta for UID=10687
06-29 19:39:43.117  1958  2014 E KernelCpuUidUserSysTimeReader: Prev times: u=28309 s=12538 Curr times: u=28123 s=12387
06-29 19:39:43.117  1958  2014 E KernelCpuUidUserSysTimeReader: Negative user/sys time delta for UID=10195
06-29 19:39:43.117  1958  2014 E KernelCpuUidUserSysTimeReader: Prev times: u=6057 s=3378 Curr times: u=5983 s=3322
06-29 19:39:43.117  1958  2014 E KernelCpuUidUserSysTimeReader: Negative user/sys time delta for UID=10185
06-29 19:39:43.117  1958  2014 E KernelCpuUidUserSysTimeReader: Prev times: u=702818 s=301002 Curr times: u=702638 s=300943
06-29 19:39:43.117  1958  2014 E KernelCpuUidUserSysTimeReader: Negative user/sys time delta for UID=10175
06-29 19:39:43.117  1958  2014 E KernelCpuUidUserSysTimeReader: Prev times: u=872691 s=257006 Curr times: u=872091 s=256748
06-29 19:39:43.117  1958  2014 E KernelCpuUidUserSysTimeReader: Negative user/sys time delta for UID=10162
06-29 19:39:43.117  1958  2014 E KernelCpuUidUserSysTimeReader: Prev times: u=120596 s=54601 Curr times: u=120075 s=54322
06-29 19:39:43.117  1958  2014 E KernelCpuUidUserSysTimeReader: Negative user/sys time delta for UID=10204
06-29 19:39:43.117  1958  2014 E KernelCpuUidUserSysTimeReader: Prev times: u=106957 s=46530 Curr times: u=106707 s=46326
06-29 19:39:43.117  1958  2014 E KernelCpuUidUserSysTimeReader: Negative user/sys time delta for UID=10115
06-29 19:39:43.117  1958  2014 E KernelCpuUidUserSysTimeReader: Prev times: u=5654 s=2594 Curr times: u=5622 s=2531
06-29 19:39:43.117  1958  2014 E KernelCpuUidUserSysTimeReader: Negative user/sys time delta for UID=10123
06-29 19:39:43.117  1958  2014 E KernelCpuUidUserSysTimeReader: Prev times: u=170125 s=83845 Curr times: u=170003 s=83684
06-29 19:39:43.117  1958  2014 E KernelCpuUidUserSysTimeReader: Negative user/sys time delta for UID=10762
06-29 19:39:43.117  1958  2014 E KernelCpuUidUserSysTimeReader: Prev times: u=196823 s=58209 Curr times: u=196530 s=58065
06-29 19:39:43.117  1958  2014 E KernelCpuUidUserSysTimeReader: Negative user/sys time delta for UID=10189
06-29 19:39:43.117  1958  2014 E KernelCpuUidUserSysTimeReader: Prev times: u=56712 s=21657 Curr times: u=56583 s=21584
06-29 19:39:43.117  1958  2014 E KernelCpuUidUserSysTimeReader: Negative user/sys time delta for UID=10100
06-29 19:39:43.117  1958  2014 E KernelCpuUidUserSysTimeReader: Prev times: u=7626 s=3805 Curr times: u=7518 s=3708
06-29 19:39:43.117  1958  2014 E KernelCpuUidUserSysTimeReader: Negative user/sys time delta for UID=10155
06-29 19:39:43.117  1958  2014 E KernelCpuUidUserSysTimeReader: Prev times: u=3015 s=1825 Curr times: u=2978 s=1781
06-29 19:39:43.164  1958  1997 I Timeline: Timeline: Activity_windows_visible id: ActivityRecord{85a6d06 u0 com.miui.securitycenter/com.miui.appmanager.ApplicationsDetailsActivity t1105} time:26738994
06-29 19:39:43.186   788   903 W EventThreadInspector: slow VSync-sf on display(19260784713820289), count=5, avg=23 ms,max=32 ms.
06-29 19:39:43.273  1958  1997 I Timeline: Timeline: App_transition_stopped time:26739103
06-29 19:39:43.303   788   902 W EventThreadInspector: slow VSync-app on display(19260784713820289), count=1, avg=32 ms, max=32 ms.
06-29 19:39:44.527  1958  1996 W WindowManager: Unable to start animation, surface is null or no children.
06-29 19:39:45.180  1958  4807 I ActivityManager: Force stopping com.BHG.sharechat appid=10768 user=0: clear data
06-29 19:39:45.181  1958  4807 I AutoStartManagerService: MIUILOG- Reject RestartService packageName :com.BHG.sharechatuid : 10768
06-29 19:39:45.185  1958  2010 I ActivityManager: Force stopping com.BHG.sharechat appid=10768 user=-1: clearApplicationUserData
06-29 19:39:45.193  1958  4807 I ConditionProviders: Disallowing condition provider com.BHG.sharechat
06-29 19:39:45.436  1958  2011 I ActivityManager: Start proc 27766:com.android.chrome/u0a193 for broadcast {com.android.chrome/org.chromium.chrome.browser.browserservices.InstalledWebappBroadcastReceiver} caller=android
06-29 19:39:45.507  1958  1981 I WakePathChecker: MIUILOG-WAKEPATH pushWakePathWhiteList: userId=0 size=4
06-29 19:39:45.702  1958  2011 I ActivityManager: Start proc 27802:android.process.media/u0a69 for broadcast {com.android.providers.media/com.android.providers.media.MediaReceiver} caller=android
06-29 19:39:45.705  1958  1981 W BaseMiuiPhoneWindowManager: keyCode:3 down:true eventTime:26741535 downTime:26741535 policyFlags:2b000002 flags:48 deviceId:-1 isScreenOn:true keyguardActive:false repeatCount:0
06-29 19:39:45.802  1958  1981 W BaseMiuiPhoneWindowManager: keyCode:3 down:false eventTime:26741632 downTime:26741535 policyFlags:2b000002 flags:48 deviceId:-1 isScreenOn:true keyguardActive:false repeatCount:0
06-29 19:39:45.808  1958  2089 I ActivityTaskManager: START u0 {act=android.intent.action.MAIN cat=[android.intent.category.HOME] flg=0x10000100 cmp=com.miui.home/.launcher.Launcher (has extras)} from uid 0
06-29 19:39:45.826  1958  2089 I Timeline: Timeline: App_transition_ready time:26741656
06-29 19:39:45.831  1958  1997 I Timeline: Timeline: App_transition_ready time:26741662
06-29 19:39:45.833  1958  4807 I Timeline: Timeline: App_transition_ready time:26741663
06-29 19:39:45.835 26517 26517 W ActivityThread: SCHED: com.miui.securitycenter/com.miui.appmanager.ApplicationsDetailsActivity [74, r=265ms, a=90ms, w=2762ms]
06-29 19:39:45.842  1958  4807 I Timeline: Timeline: App_transition_ready time:26741673
06-29 19:39:45.845  1958  1997 I Timeline: Timeline: App_transition_ready time:26741675
06-29 19:39:45.877  1958  4807 I Timeline: Timeline: App_transition_ready time:26741707
06-29 19:39:45.890  1958  1997 I Timeline: Timeline: App_transition_ready time:26741720
06-29 19:39:45.910  1958  1997 I Timeline: Timeline: App_transition_ready time:26741740
06-29 19:39:46.092  1958  2011 I ActivityManager: Start proc 27826:com.android.vending:background/u0a175 for broadcast {com.android.vending/com.google.android.finsky.appcontentservice.engage.broadcastreceiver.EngagePackageActionReceiver} caller=android
06-29 19:39:46.391  1958  2646 I Timeline: Timeline: Activity_windows_visible id: ActivityRecord{ddb1799 u0 com.miui.home/.launcher.Launcher t1} time:26742221
06-29 19:39:46.398  1958  1997 I Timeline: Timeline: App_transition_stopped time:26742228
06-29 19:39:46.443  1958  2009 W UsageStatsService: Failed to note usage stop
06-29 19:39:46.443  1958  2009 W UsageStatsService: java.lang.IllegalArgumentException: Unable to stop usage for com.miui.securitycenter, not in use
06-29 19:39:46.443  1958  2009 W UsageStatsService:     at com.android.server.usage.AppTimeLimitController.noteUsageStop(AppTimeLimitController.java:955)
06-29 19:39:46.443  1958  2009 W UsageStatsService:     at com.android.server.usage.UsageStatsService.reportEvent(UsageStatsService.java:558)
06-29 19:39:46.443  1958  2009 W UsageStatsService:     at com.android.server.usage.UsageStatsService$H.handleMessage(UsageStatsService.java:879)
06-29 19:39:46.443  1958  2009 W UsageStatsService:     at android.os.Handler.dispatchMessage(Handler.java:107)
06-29 19:39:46.443  1958  2009 W UsageStatsService:     at android.os.Looper.loop(Looper.java:224)
06-29 19:39:46.443  1958  2009 W UsageStatsService:     at android.os.HandlerThread.run(HandlerThread.java:67)
06-29 19:39:46.698  1958  2646 I WakePathChecker: MIUILOG-WAKEPATH pushWakePathWhiteList: userId=0 size=4
06-29 19:39:46.882  1958  2011 I ActivityManager: Start proc 27880:com.google.android.documentsui/u0a66 for broadcast {com.google.android.documentsui/com.android.documentsui.PackageReceiver} caller=android
06-29 19:39:47.209  1958  2011 I ActivityManager: Start proc 27934:com.google.android.permissioncontroller/u0a95 for broadcast {com.google.android.permissioncontroller/com.android.packageinstaller.permission.service.LocationAccessCheck$PackageResetHandler} caller=android
06-29 19:39:47.437  1958  5256 W BroadcastQueueInjector: Unable to launch app app.revanced.android.gms/10687 for broadcast Intent { act=android.intent.action.PACKAGE_DATA_CLEARED dat=package:com.BHG.sharechat flg=0x1000010 (has extras) }: process is not permitted to  auto start
06-29 19:39:47.439  1958  2010 W BroadcastQueueInjector: Unable to launch app com.google.android.apps.photos/10214 for broadcast Intent { act=android.intent.action.PACKAGE_DATA_CLEARED dat=package:com.BHG.sharechat flg=0x1000010 (has extras) }: process is not permitted to  auto start
06-29 19:39:53.892  1958  2011 I ActivityManager: Start proc 27969:com.google.process.gservices/u0a185 for content provider {com.google.android.gsf/com.google.android.gsf.gservices.GservicesProvider} caller=com.android.vending
06-29 19:39:54.025  1958  1958 W WindowManager: removeWindowToken: Attempted to remove non-existing token: android.os.Binder@6f084d2
06-29 19:39:54.101 27826 27859 W BpBinder: Slow Binder: BpBinder transact took 252ms, interface=android.app.IActivityManager, code=20 oneway=false
06-29 19:40:01.545  1958  2011 I ActivityManager: Start proc 27994:com.qualcomm.telephony/u0a195 for service {com.qualcomm.atfwd/com.qualcomm.atfwd.AtFwdService} caller=com.qualcomm.atfwd
06-29 19:40:05.320 25324 25324 I Timeline: Timeline: Activity_launch_request time:26761151
06-29 19:40:05.323  1958  4526 I ActivityTaskManager: START u0 {act=android.intent.action.MAIN cat=[android.intent.category.LAUNCHER] flg=0x10200000 cmp=com.BHG.sharechat/.SplashActivity bnds=[73,760][249,936] (has extras)} from uid 10094
06-29 19:40:05.350 25324 25324 W ActivityThread: SCHED: com.miui.home/.launcher.Launcher [72, r=121ms, a=45ms, w=19495ms]
06-29 19:40:05.392  1958  2011 I ActivityManager: Start proc 28035:com.BHG.sharechat/u0a768 for activity {com.BHG.sharechat/com.BHG.sharechat.SplashActivity} caller=com.miui.home
06-29 19:40:05.428  1958  1997 I Timeline: Timeline: App_transition_ready time:26761258
06-29 19:40:05.591  1958  2646 E WindowManager: App trying to use insecure INPUT_FEATURE_NO_INPUT_CHANNEL flag. Ignoring
06-29 19:40:05.615  1958  1997 I Timeline: Timeline: App_transition_stopped time:26761445
06-29 19:40:05.677  1958  1997 I Timeline: Timeline: Activity_windows_visible id: ActivityRecord{1bc7647 u0 com.BHG.sharechat/.SplashActivity t1106} time:26761507
06-29 19:40:08.584 28035 28035 I Timeline: Timeline: Activity_launch_request time:26764414
06-29 19:40:08.586  1958  1981 I ActivityTaskManager: START u0 {cmp=com.BHG.sharechat/.AuthActivity} from uid 10768
06-29 19:40:08.620 28035 28035 W ActivityThread: SCHED: com.BHG.sharechat/.SplashActivity [76, r=33ms, a=10ms, w=3037ms]
06-29 19:40:08.625  1958  1981 I ActivityTaskManager: The Process com.BHG.sharechat Already Exists in BG. So sending its PID: 28035
06-29 19:40:08.630  1958  1981 I Timeline: Timeline: App_transition_ready time:26764461
06-29 19:40:08.687  1958  1981 E WindowManager: App trying to use insecure INPUT_FEATURE_NO_INPUT_CHANNEL flag. Ignoring
06-29 19:40:08.703  1958  1981 I Timeline: Timeline: App_transition_ready time:26764533
06-29 19:40:08.704  1958  1981 I Timeline: Timeline: App_transition_ready time:26764534
06-29 19:40:08.745  1958  1997 I Timeline: Timeline: App_transition_ready time:26764575
06-29 19:40:09.001  1958  1997 I Timeline: Timeline: Activity_windows_visible id: ActivityRecord{1756f34 u0 com.BHG.sharechat/.AuthActivity t1106} time:26764831
06-29 19:40:09.007  1958  1997 I Timeline: Timeline: App_transition_stopped time:26764838
06-29 19:40:10.059 28035 28035 I Timeline: Timeline: Activity_launch_request time:26765889
06-29 19:40:10.060  1958  4526 I ActivityTaskManager: START u0 {act=com.google.android.gms.auth.GOOGLE_SIGN_IN pkg=com.BHG.sharechat cmp=com.BHG.sharechat/com.google.android.gms.auth.api.signin.internal.SignInHubActivity (has extras)} fromuid 10768
06-29 19:40:10.087 28035 28035 W ActivityThread: SCHED: com.BHG.sharechat/.AuthActivity [70, r=62ms, a=26ms, w=1404ms]
06-29 19:40:10.089  1958  1981 I ActivityTaskManager: The Process com.BHG.sharechat Already Exists in BG. So sending its PID: 28035
06-29 19:40:10.095  1958  1981 I Timeline: Timeline: App_transition_ready time:26765925
06-29 19:40:10.107 28035 28035 I Timeline: Timeline: Activity_launch_request time:26765937
06-29 19:40:10.109  1958  5256 I ActivityTaskManager: START u0 {act=com.google.android.gms.auth.GOOGLE_SIGN_IN pkg=com.google.android.gms cmp=com.google.android.gms/.auth.api.signin.ui.SignInActivity (has extras)} from uid 10768
06-29 19:40:10.200  1958  4526 E WindowManager: App trying to use insecure INPUT_FEATURE_NO_INPUT_CHANNEL flag. Ignoring
06-29 19:40:10.240 28035 28035 W ActivityThread: SCHED: com.BHG.sharechat/com.google.android.gms.auth.api.signin.internal.SignInHubActivity [90, r=9ms, a=1ms, w=65ms]
06-29 19:40:10.276  1958  2011 I ActivityManager: Start proc 28107:com.google.android.gms.ui/u0a185 for activity {com.google.android.gms/com.google.android.gms.auth.api.signin.ui.SignInActivity} caller=com.BHG.sharechat
06-29 19:40:10.312  1958  1997 I Timeline: Timeline: App_transition_ready time:26766142
06-29 19:40:10.924  1958  1981 E WindowManager: App trying to use insecure INPUT_FEATURE_NO_INPUT_CHANNEL flag. Ignoring
06-29 19:40:10.928 28107 28107 W Looper  : Slow Looper main: Activity com.google.android.gms/.auth.api.signin.ui.SignInActivity is 351ms late (wall=267ms running=107ms ClientTransaction{ callbacks=[android.app.servertransaction.LaunchActivityItem] lifecycleRequest=android.app.servertransaction.ResumeActivityItem }) because of 2 msg, msg 2 took 348ms (seq=2 running=148ms runnable=13ms io=150ms late=4ms h=android.app.ActivityThread$H w=110)
06-29 19:40:10.928 28107 28107 W Looper  : Slow Looper main: Activity com.google.android.gms/.auth.api.signin.ui.SignInActivity is 617ms late (wall=0ms running=0ms ClientTransaction{ callbacks=[android.app.servertransaction.TopResumedActivityChangeItem] }) because of 3 msg, msg 2 took 348ms (seq=2 running=148ms runnable=13ms io=150ms late=4ms h=android.app.ActivityThread$H w=110), msg 3 took 267ms (seq=3 running=107ms runnable=9ms io=129ms late=351ms h=android.app.ActivityThread$H w=159)
06-29 19:40:10.936  1958  1981 I Timeline: Timeline: App_transition_ready time:26766766
06-29 19:40:10.964  1958  1997 I Timeline: Timeline: App_transition_ready time:26766794
06-29 19:40:10.964  1958  1997 I Timeline: Timeline: Activity_windows_visible id: ActivityRecord{3ac4fe7 u0 com.BHG.sharechat/com.google.android.gms.auth.api.signin.internal.SignInHubActivity t1106} time:26766794
06-29 19:40:10.964  1958  1997 I Timeline: Timeline: Activity_windows_visible id: ActivityRecord{1e40383 u0 com.google.android.gms/.auth.api.signin.ui.SignInActivity t1106} time:26766794
06-29 19:40:10.964  1958  1997 I Timeline: Timeline: App_transition_stopped time:26766794
06-29 19:40:11.005  1958  4807 I ActivityTaskManager: START u0 {cmp=com.google.android.gms/.common.api.GoogleApiActivity (has extras)} from uid 10185
06-29 19:40:11.022 28107 28107 W ActivityThread: SCHED: com.google.android.gms/.auth.api.signin.ui.SignInActivity [61, r=19ms, a=12ms, w=106ms]
06-29 19:40:11.024  1958  4807 I ActivityTaskManager: The Process com.google.android.gms.ui Already Exists in BG. So sending its PID: 28107
06-29 19:40:11.030  1958  4807 I Timeline: Timeline: App_transition_ready time:26766861
06-29 19:40:11.036  1958  3906 I ActivityTaskManager: START u0 {act=com.google.android.gms.signin.action.SIGN_IN pkg=com.google.android.gms cmp=com.google.android.gms/.signin.activity.SignInActivity (has extras)} from uid 10185
06-29 19:40:11.059  1958  4526 E WindowManager: App trying to use insecure INPUT_FEATURE_NO_INPUT_CHANNEL flag. Ignoring
06-29 19:40:11.065 28107 28107 W ActivityThread: SCHED: com.google.android.gms/.common.api.GoogleApiActivity [80, r=4ms, a=1ms, w=10ms]
06-29 19:40:11.066  1958  4807 I ActivityTaskManager: The Process com.google.android.gms.ui Already Exists in BG. So sending its PID: 28107
06-29 19:40:11.071  1958  4807 I Timeline: Timeline: App_transition_ready time:26766901
06-29 19:40:11.072  1958  1997 I Timeline: Timeline: App_transition_ready time:26766902
06-29 19:40:11.076  1958  4807 I Timeline: Timeline: App_transition_ready time:26766906
06-29 19:40:11.077  1958  4807 I Timeline: Timeline: App_transition_ready time:26766907
06-29 19:40:11.101  1958  1997 I Timeline: Timeline: App_transition_ready time:26766932
06-29 19:40:11.103  1958  1997 I Timeline: Timeline: App_transition_ready time:26766933
06-29 19:40:11.116  1958  1997 I Timeline: Timeline: App_transition_ready time:26766946
06-29 19:40:11.160  1958  4526 E WindowManager: App trying to use insecure INPUT_FEATURE_NO_INPUT_CHANNEL flag. Ignoring
06-29 19:40:11.170  1958  3906 I Timeline: Timeline: App_transition_ready time:26767000
06-29 19:40:11.178  1958  1997 I Timeline: Timeline: App_transition_ready time:26767008
06-29 19:40:11.178  1958  1997 I Timeline: Timeline: Activity_windows_visible id: ActivityRecord{bf3bb42 u0 com.google.android.gms/.signin.activity.SignInActivity t1106} time:26767008
06-29 19:40:11.178  1958  1997 I Timeline: Timeline: Activity_windows_visible id: ActivityRecord{34db9b6 u0 com.google.android.gms/.common.api.GoogleApiActivity t1106} time:26767008
06-29 19:40:11.178  1958  1997 I Timeline: Timeline: App_transition_stopped time:26767008
06-29 19:40:11.523  1958  2011 I ActivityManager: Start proc 28168:com.android.smspush/u0a155 for service {com.android.smspush/com.android.smspush.WapPushManager} caller=com.android.phone
06-29 19:40:11.525 28107 28107 I Timeline: Timeline: Activity_launch_request time:26767355
06-29 19:40:11.526  1958  1979 I ActivityTaskManager: START u0 {act=com.google.android.gms.common.account.CHOOSE_ACCOUNT_USERTILE pkg=com.google.android.gms cmp=com.google.android.gms/.common.account.AccountPickerActivity (has extras)} from uid 10185
06-29 19:40:11.537 28107 28107 W ActivityThread: SCHED: com.google.android.gms/.signin.activity.SignInActivity [85, r=12ms, a=2ms, w=380ms]
06-29 19:40:11.538  1958  3906 I ActivityTaskManager: The Process com.google.android.gms.ui Already Exists in BG. So sending its PID: 28107
06-29 19:40:11.544  1958  3906 I Timeline: Timeline: App_transition_ready time:26767374
06-29 19:40:11.777  1958  4525 E WindowManager: App trying to use insecure INPUT_FEATURE_NO_INPUT_CHANNEL flag. Ignoring
06-29 19:40:11.798  1958  3906 I Timeline: Timeline: App_transition_ready time:26767628
06-29 19:40:11.799  1958  3906 I Timeline: Timeline: App_transition_ready time:26767630
06-29 19:40:11.819  1958  1997 I Timeline: Timeline: App_transition_ready time:26767649
06-29 19:40:11.819  1958  1997 I Timeline: Timeline: Activity_windows_visible id: ActivityRecord{83883fd u0 com.google.android.gms/.common.account.AccountPickerActivity t1106} time:26767649
06-29 19:40:11.819  1958  1997 I Timeline: Timeline: App_transition_stopped time:26767649
06-29 19:40:13.278 28107 28107 W ActivityThread: SCHED: com.google.android.gms/.common.account.AccountPickerActivity [81, r=122ms, a=28ms, w=1551ms]
06-29 19:40:13.293  1958  3906 I Timeline: Timeline: App_transition_ready time:26769123
06-29 19:40:13.293  1958  3906 I Timeline: Timeline: App_transition_stopped time:26769123
06-29 19:40:13.421 28107 28107 W ActivityThread: SCHED: com.google.android.gms/.signin.activity.SignInActivity [68, r=13ms, a=6ms, w=106ms]
06-29 19:40:13.427  1958  1979 I Timeline: Timeline: App_transition_ready time:26769257
06-29 19:40:13.427  1958  1979 I Timeline: Timeline: App_transition_stopped time:26769258
06-29 19:40:13.463  1958  4807 I Timeline: Timeline: App_transition_ready time:26769293
06-29 19:40:13.463  1958  4807 I Timeline: Timeline: App_transition_stopped time:26769293
06-29 19:40:13.612 28107 28107 W ActivityThread: SCHED: com.google.android.gms/.auth.api.signin.ui.SignInActivity [61, r=16ms, a=10ms, w=138ms]
06-29 19:40:13.628  1958  4807 I Timeline: Timeline: App_transition_ready time:26769458
06-29 19:40:13.629  1958  4807 I Timeline: Timeline: App_transition_stopped time:26769459
06-29 19:40:13.674 28035 28035 W ActivityThread: SCHED: com.BHG.sharechat/com.google.android.gms.auth.api.signin.internal.SignInHubActivity [75, r=6ms, a=2ms, w=30ms]
06-29 19:40:13.686  1958  1979 I Timeline: Timeline: App_transition_ready time:26769516
06-29 19:40:13.737  1958  1997 I Timeline: Timeline: App_transition_stopped time:26769567
06-29 19:40:14.710  1958  4526 I DropBoxManagerService: add tag=keymaster isTagEnabled=true flags=0x0
06-29 19:40:14.842 28035 28035 I Timeline: Timeline: Activity_launch_request time:26770672
06-29 19:40:14.843  1958  4526 I ActivityTaskManager: START u0 {cmp=com.BHG.sharechat/.MainActivity} from uid 10768
06-29 19:40:14.862  1958  4526 E WindowManager: App trying to use insecure INPUT_FEATURE_NO_INPUT_CHANNEL flag. Ignoring
06-29 19:40:14.867 28035 28035 W ActivityThread: SCHED: com.BHG.sharechat/.AuthActivity [71, r=25ms, a=10ms, w=1178ms]
06-29 19:40:14.870  1958  1979 I ActivityTaskManager: The Process com.BHG.sharechat Already Exists in BG. So sending its PID: 28035
06-29 19:40:14.874  1958  1979 I Timeline: Timeline: App_transition_ready time:26770705
06-29 19:40:14.881  1958  1979 I Timeline: Timeline: App_transition_ready time:26770712
06-29 19:40:14.883  1958  1979 I Timeline: Timeline: App_transition_ready time:26770713
06-29 19:40:14.905  1958  1997 I Timeline: Timeline: App_transition_ready time:26770735
06-29 19:40:14.982  1958  4807 E WindowManager: App trying to use insecure INPUT_FEATURE_NO_INPUT_CHANNEL flag. Ignoring
06-29 19:40:15.007  1958  4807 I Timeline: Timeline: App_transition_ready time:26770837
06-29 19:40:15.008  1958  4807 I Timeline: Timeline: App_transition_ready time:26770838
06-29 19:40:15.039  1958  1997 I Timeline: Timeline: App_transition_ready time:26770869
06-29 19:40:15.285  1958  1997 I Timeline: Timeline: Activity_windows_visible id: ActivityRecord{b011f36 u0 com.BHG.sharechat/.MainActivity t1106} time:26771115
06-29 19:40:15.296  1958  1997 I Timeline: Timeline: App_transition_stopped time:26771126
06-29 19:40:16.720  1958  2010 W BroadcastQueue: Background execution not allowed: receiving Intent { act=android.intent.action.DROPBOX_ENTRY_ADDED flg=0x10 (has extras) } to com.google.android.gms/.stats.service.DropBoxEntryAddedReceiver
06-29 19:40:16.863  1958  4525 W NotificationService: Toast already killed. pkg=com.BHG.sharechat callback=android.app.ITransientNotification$Stub$Proxy@979870
06-29 19:40:18.363  1958  1996 W WindowManager: Unable to start animation, surface is null or no children.
06-29 19:40:23.801 28035 28035 I Timeline: Timeline: Activity_launch_request time:26779631
06-29 19:40:23.803  1958  3906 W ActivityTaskManager: aInfo is null for resolve intent: Intent { cmp=com.BHG.sharechat/.PostDetailActivity (has extras) }
06-29 19:40:23.803  1958  3906 W ActivityTaskManagerServiceInjector: Intent or aInfo is null!
06-29 19:40:23.803  1958  3906 I ActivityTaskManager: START u0 {cmp=com.BHG.sharechat/.PostDetailActivity (has extras)}from uid 10768
06-29 19:40:23.805 28035 28035 E AndroidRuntime: FATAL EXCEPTION: main
06-29 19:40:23.805 28035 28035 E AndroidRuntime: Process: com.BHG.sharechat, PID: 28035
06-29 19:40:23.805 28035 28035 E AndroidRuntime: android.content.ActivityNotFoundException: Unable to find explicit activity class {com.BHG.sharechat/com.BHG.sharechat.PostDetailActivity}; have you declared this activity in your AndroidManifest.xml?
06-29 19:40:23.805 28035 28035 E AndroidRuntime:        at android.app.Instrumentation.checkStartActivityResult(Instrumentation.java:2064)
06-29 19:40:23.805 28035 28035 E AndroidRuntime:        at android.app.Instrumentation.execStartActivity(Instrumentation.java:1720)
06-29 19:40:23.805 28035 28035 E AndroidRuntime:        at android.app.Activity.startActivityForResult(Activity.java:5258)
06-29 19:40:23.805 28035 28035 E AndroidRuntime:        at androidx.activity.ComponentActivity.startActivityForResult(ComponentActivity.java:780)
06-29 19:40:23.805 28035 28035 E AndroidRuntime:        at android.app.Activity.startActivityForResult(Activity.java:5216)
06-29 19:40:23.805 28035 28035 E AndroidRuntime:        at androidx.activity.ComponentActivity.startActivityForResult(ComponentActivity.java:761)
06-29 19:40:23.805 28035 28035 E AndroidRuntime:        at android.app.Activity.startActivity(Activity.java:5587)
06-29 19:40:23.805 28035 28035 E AndroidRuntime:        at android.app.Activity.startActivity(Activity.java:5555)
06-29 19:40:23.805 28035 28035 E AndroidRuntime:        at com.BHG.sharechat.PostAdapter.onBindViewHolder$lambda$0(PostAdapter.kt:35)
06-29 19:40:23.805 28035 28035 E AndroidRuntime:        at com.BHG.sharechat.PostAdapter.$r8$lambda$f997im-75lUUm_dUbasZBb7wVXA(Unknown Source:0)
06-29 19:40:23.805 28035 28035 E AndroidRuntime:        at com.BHG.sharechat.PostAdapter$$ExternalSyntheticLambda0.onClick(D8$$SyntheticClass:0)
06-29 19:40:23.805 28035 28035 E AndroidRuntime:        at android.view.View.performClick(View.java:7189)
06-29 19:40:23.805 28035 28035 E AndroidRuntime:        at android.view.View.performClickInternal(View.java:7166)
06-29 19:40:23.805 28035 28035 E AndroidRuntime:        at android.view.View.access$3500(View.java:819)
06-29 19:40:23.805 28035 28035 E AndroidRuntime:        at android.view.View$PerformClick.run(View.java:27682)
06-29 19:40:23.805 28035 28035 E AndroidRuntime:        at android.os.Handler.handleCallback(Handler.java:883)
06-29 19:40:23.805 28035 28035 E AndroidRuntime:        at android.os.Handler.dispatchMessage(Handler.java:100)
06-29 19:40:23.805 28035 28035 E AndroidRuntime:        at android.os.Looper.loop(Looper.java:224)
06-29 19:40:23.805 28035 28035 E AndroidRuntime:        at android.app.ActivityThread.main(ActivityThread.java:7592)
06-29 19:40:23.805 28035 28035 E AndroidRuntime:        at java.lang.reflect.Method.invoke(Native Method)
06-29 19:40:23.805 28035 28035 E AndroidRuntime:        at com.android.internal.os.RuntimeInit$MethodAndArgsCaller.run(RuntimeInit.java:539)
06-29 19:40:23.805 28035 28035 E AndroidRuntime:        at com.android.internal.os.ZygoteInit.main(ZygoteInit.java:950)
06-29 19:40:23.812  1958  3906 W ActivityTaskManager:   Force finishing activity com.BHG.sharechat/.MainActivity
06-29 19:40:23.813  1958 28265 I DropBoxManagerService: add tag=data_app_crash isTagEnabled=true flags=0x2
06-29 19:40:23.827  1958  2010 W BroadcastQueue: Background execution not allowed: receiving Intent { act=android.intent.action.DROPBOX_ENTRY_ADDED flg=0x10 (has extras) } to com.google.android.gms/.stats.service.DropBoxEntryAddedReceiver
06-29 19:40:23.932  1958  4522 I WindowManager: WIN DEATH: Window{5394841 u0 com.BHG.sharechat/com.BHG.sharechat.MainActivity}
06-29 19:40:23.933  1958  5271 I ActivityManager: Process com.BHG.sharechat (pid 28035) has died: vis+99 TOP
06-29 19:40:23.966  1958  5271 I Timeline: Timeline: App_transition_ready time:26779796
06-29 19:40:23.979  1958  5271 I Timeline: Timeline: App_transition_ready time:26779809
06-29 19:40:23.988  1958  1997 I Timeline: Timeline: App_transition_ready time:26779818
06-29 19:40:23.991  1958  1996 W ActivityManager: setHasOverlayUi called on unknown pid: 28035
06-29 19:40:24.008  1958  4525 I Timeline: Timeline: App_transition_ready time:26779838
06-29 19:40:24.022  1958  1997 I Timeline: Timeline: App_transition_ready time:26779852
06-29 19:40:24.026  1958  1997 I Timeline: Timeline: App_transition_ready time:26779856
06-29 19:40:24.026  1958  1997 I Timeline: Timeline: Activity_windows_visible id: ActivityRecord{ddb1799 u0 com.miui.home/.launcher.Launcher t1} time:26779857
06-29 19:40:24.026  1958  1997 I Timeline: Timeline: App_transition_stopped time:26779857
06-29 19:40:24.320  1958  1996 W ActivityTaskManager: Activity top resumed state loss timeout for ActivityRecord{b011f36 u0 com.BHG.sharechat/.MainActivity t-1 f}
06-29 19:40:27.305 25324 25324 I Timeline: Timeline: Activity_launch_request time:26783136
06-29 19:40:27.308  1958  4525 I ActivityTaskManager: START u0 {act=android.intent.action.MAIN cat=[android.intent.category.LAUNCHER] flg=0x10200000 cmp=com.BHG.sharechat/.SplashActivity bnds=[71,757][247,933] (has extras)} from uid 10094
06-29 19:40:27.337 25324 25324 W ActivityThread: SCHED: com.miui.home/.launcher.Launcher [77, r=142ms, a=42ms, w=3339ms]
06-29 19:40:27.389  1958  2011 I ActivityManager: Start proc 28281:com.BHG.sharechat/u0a768 for activity {com.BHG.sharechat/com.BHG.sharechat.SplashActivity} caller=com.miui.home
06-29 19:40:27.419  1958  1997 I Timeline: Timeline: App_transition_ready time:26783249
06-29 19:40:27.586  1958  4525 E WindowManager: App trying to use insecure INPUT_FEATURE_NO_INPUT_CHANNEL flag. Ignoring
06-29 19:40:27.604  1958  1997 I Timeline: Timeline: App_transition_stopped time:26783434
06-29 19:40:27.633  1958  1997 I Timeline: Timeline: Activity_windows_visible id: ActivityRecord{7533530 u0 com.BHG.sharechat/.SplashActivity t1107} time:26783464
06-29 19:40:27.853  1958  1958 W WindowManager: removeWindowToken: Attempted to remove non-existing token: android.os.Binder@a177bf8
06-29 19:40:30.582 28281 28281 I Timeline: Timeline: Activity_launch_request time:26786412
06-29 19:40:30.585  1958  5271 I ActivityTaskManager: START u0 {cmp=com.BHG.sharechat/.AuthActivity} from uid 10768
06-29 19:40:30.620 28281 28281 W ActivityThread: SCHED: com.BHG.sharechat/.SplashActivity [61, r=32ms, a=20ms, w=3042ms]
06-29 19:40:30.623  1958  4525 I ActivityTaskManager: The Process com.BHG.sharechat Already Exists in BG. So sending its PID: 28281
06-29 19:40:30.627  1958  4525 I Timeline: Timeline: App_transition_ready time:26786458
06-29 19:40:30.764 28281 28281 I Timeline: Timeline: Activity_launch_request time:26786594
06-29 19:40:30.764  1958  4525 I ActivityTaskManager: START u0 {cmp=com.BHG.sharechat/.MainActivity} from uid 10768
06-29 19:40:30.780  1958  4525 I ActivityTaskManager: The Process com.BHG.sharechat Already Exists in BG. So sending its PID: 28281
06-29 19:40:30.783  1958  4525 I Timeline: Timeline: App_transition_ready time:26786613
06-29 19:40:30.784  1958  1997 I Timeline: Timeline: App_transition_ready time:26786614
06-29 19:40:30.860  1958  1981 E WindowManager: App trying to use insecure INPUT_FEATURE_NO_INPUT_CHANNEL flag. Ignoring
06-29 19:40:30.884  1958  4525 I Timeline: Timeline: App_transition_ready time:26786714
06-29 19:40:30.886  1958  4525 I Timeline: Timeline: App_transition_ready time:26786716
06-29 19:40:30.920  1958  1997 I Timeline: Timeline: App_transition_ready time:26786751
06-29 19:40:31.171  1958  1997 I Timeline: Timeline: Activity_windows_visible id: ActivityRecord{4b4968f u0 com.BHG.sharechat/.MainActivity t1107} time:26787001
06-29 19:40:31.175  1958  1997 I Timeline: Timeline: App_transition_stopped time:26787005
06-29 19:40:31.511  1958  2011 I ActivityManager: Start proc 28385:com.qti.diagservices/1000 for service {com.qti.diagservices/com.qti.diagservices.QTIDiagServices} caller=com.qti.diagservices
06-29 19:40:33.656 28281 28281 I Timeline: Timeline: Activity_launch_request time:26789486
06-29 19:40:33.658  1958  1981 W ActivityTaskManager: aInfo is null for resolve intent: Intent { cmp=com.BHG.sharechat/.PostDetailActivity (has extras) }
06-29 19:40:33.658  1958  1981 W ActivityTaskManagerServiceInjector: Intent or aInfo is null!
06-29 19:40:33.658  1958  1981 I ActivityTaskManager: START u0 {cmp=com.BHG.sharechat/.PostDetailActivity (has extras)}from uid 10768
06-29 19:40:33.661 28281 28281 E AndroidRuntime: FATAL EXCEPTION: main
06-29 19:40:33.661 28281 28281 E AndroidRuntime: Process: com.BHG.sharechat, PID: 28281
06-29 19:40:33.661 28281 28281 E AndroidRuntime: android.content.ActivityNotFoundException: Unable to find explicit activity class {com.BHG.sharechat/com.BHG.sharechat.PostDetailActivity}; have you declared this activity in your AndroidManifest.xml?
06-29 19:40:33.661 28281 28281 E AndroidRuntime:        at android.app.Instrumentation.checkStartActivityResult(Instrumentation.java:2064)
06-29 19:40:33.661 28281 28281 E AndroidRuntime:        at android.app.Instrumentation.execStartActivity(Instrumentation.java:1720)
06-29 19:40:33.661 28281 28281 E AndroidRuntime:        at android.app.Activity.startActivityForResult(Activity.java:5258)
06-29 19:40:33.661 28281 28281 E AndroidRuntime:        at androidx.activity.ComponentActivity.startActivityForResult(ComponentActivity.java:780)
06-29 19:40:33.661 28281 28281 E AndroidRuntime:        at android.app.Activity.startActivityForResult(Activity.java:5216)
06-29 19:40:33.661 28281 28281 E AndroidRuntime:        at androidx.activity.ComponentActivity.startActivityForResult(ComponentActivity.java:761)
06-29 19:40:33.661 28281 28281 E AndroidRuntime:        at android.app.Activity.startActivity(Activity.java:5587)
06-29 19:40:33.661 28281 28281 E AndroidRuntime:        at android.app.Activity.startActivity(Activity.java:5555)
06-29 19:40:33.661 28281 28281 E AndroidRuntime:        at com.BHG.sharechat.PostAdapter.onBindViewHolder$lambda$0(PostAdapter.kt:35)
06-29 19:40:33.661 28281 28281 E AndroidRuntime:        at com.BHG.sharechat.PostAdapter.$r8$lambda$f997im-75lUUm_dUbasZBb7wVXA(Unknown Source:0)
06-29 19:40:33.661 28281 28281 E AndroidRuntime:        at com.BHG.sharechat.PostAdapter$$ExternalSyntheticLambda0.onClick(D8$$SyntheticClass:0)
06-29 19:40:33.661 28281 28281 E AndroidRuntime:        at android.view.View.performClick(View.java:7189)
06-29 19:40:33.661 28281 28281 E AndroidRuntime:        at android.view.View.performClickInternal(View.java:7166)
06-29 19:40:33.661 28281 28281 E AndroidRuntime:        at android.view.View.access$3500(View.java:819)
06-29 19:40:33.661 28281 28281 E AndroidRuntime:        at android.view.View$PerformClick.run(View.java:27682)
06-29 19:40:33.661 28281 28281 E AndroidRuntime:        at android.os.Handler.handleCallback(Handler.java:883)
06-29 19:40:33.661 28281 28281 E AndroidRuntime:        at android.os.Handler.dispatchMessage(Handler.java:100)
06-29 19:40:33.661 28281 28281 E AndroidRuntime:        at android.os.Looper.loop(Looper.java:224)
06-29 19:40:33.661 28281 28281 E AndroidRuntime:        at android.app.ActivityThread.main(ActivityThread.java:7592)
06-29 19:40:33.661 28281 28281 E AndroidRuntime:        at java.lang.reflect.Method.invoke(Native Method)
06-29 19:40:33.661 28281 28281 E AndroidRuntime:        at com.android.internal.os.RuntimeInit$MethodAndArgsCaller.run(RuntimeInit.java:539)
06-29 19:40:33.661 28281 28281 E AndroidRuntime:        at com.android.internal.os.ZygoteInit.main(ZygoteInit.java:950)
06-29 19:40:33.667  1958 28414 I DropBoxManagerService: add tag=data_app_crash isTagEnabled=true flags=0x2
06-29 19:40:33.667  1958  1981 W ActivityTaskManager:   Force finishing activity com.BHG.sharechat/.MainActivity
06-29 19:40:33.682  1958  2010 W BroadcastQueue: Background execution not allowed: receiving Intent { act=android.intent.action.DROPBOX_ENTRY_ADDED flg=0x10 (has extras) } to com.google.android.gms/.stats.service.DropBoxEntryAddedReceiver
06-29 19:40:33.811  1958  4522 I WindowManager: WIN DEATH: Window{4d426a1 u0 com.BHG.sharechat/com.BHG.sharechat.MainActivity}
06-29 19:40:33.812  1958  4807 I ActivityManager: Process com.BHG.sharechat (pid 28281) has died: vis+99 TOP
06-29 19:40:33.838  1958  4807 I Timeline: Timeline: App_transition_ready time:26789668
06-29 19:40:33.847  1958  1996 W ActivityManager: setHasOverlayUi called on unknown pid: 28281
06-29 19:40:33.850  1958  4807 I Timeline: Timeline: App_transition_ready time:26789680
06-29 19:40:33.856  1958  1997 I Timeline: Timeline: App_transition_ready time:26789687
06-29 19:40:33.876  1958  4525 I Timeline: Timeline: App_transition_ready time:26789706
06-29 19:40:33.888  1958  1997 I Timeline: Timeline: App_transition_ready time:26789719
06-29 19:40:33.898  1958  1997 I Timeline: Timeline: App_transition_ready time:26789729
06-29 19:40:33.899  1958  1997 I Timeline: Timeline: Activity_windows_visible id: ActivityRecord{ddb1799 u0 com.miui.home/.launcher.Launcher t1} time:26789729
06-29 19:40:33.899  1958  1997 I Timeline: Timeline: App_transition_stopped time:26789729
06-29 19:40:34.172  1958  1996 W ActivityTaskManager: Activity top resumed state loss timeout for ActivityRecord{4b4968f u0 com.BHG.sharechat/.MainActivity t-1 f}
06-29 19:40:34.429  1958  4807 W BaseMiuiPhoneWindowManager: keyCode:82 down:true eventTime:26790258 downTime:26790258 policyFlags:2b000002 flags:48 deviceId:-1 isScreenOn:true keyguardActive:false repeatCount:0
06-29 19:40:34.543  1958  4807 W BaseMiuiPhoneWindowManager: keyCode:82 down:false eventTime:26790372 downTime:26790258policyFlags:2b000002 flags:48 deviceId:-1 isScreenOn:true keyguardActive:false repeatCount:0
06-29 19:40:34.588  1958  1996 W WindowManager: setLauncherState= 2
06-29 19:40:35.173  1958  1979 I ProcessManager: Kill reason OneKeyClean from pid=25324
06-29 19:40:35.199  1958  1979 I ProcessManager: mLruProcesses size=50
06-29 19:40:35.226  1958  1979 I ProcessManager: OneKeyClean: kill com.qti.diagservices Adj=500 State=11
06-29 19:40:35.228  1958  1979 I ActivityManager: Killing 28385:com.qti.diagservices/1000 (adj 500): OneKeyClean
06-29 19:40:35.231  1958  1979 I ProcessManager: OneKeyClean: kill com.android.smspush Adj=100 State=7
06-29 19:40:35.231  1958  1979 I ActivityManager: Killing 28168:com.android.smspush/u0a155 (adj 100): OneKeyClean
06-29 19:40:35.233  1958  1979 I ProcessManager: OneKeyClean: kill com.google.process.gservices Adj=825 State=20
06-29 19:40:35.233  1958  1979 I ActivityManager: Killing 27969:com.google.process.gservices/u0a185 (adj 825): OneKeyClean
06-29 19:40:35.234  1958  1979 I ProcessManager: OneKeyClean: kill com.qualcomm.telephony Adj=800 State=11
06-29 19:40:35.235  1958  1979 I ActivityManager: Killing 27994:com.qualcomm.telephony/u0a195 (adj 800): OneKeyClean
06-29 19:40:35.236  1958  1979 I ProcessManager: OneKeyClean: kill com.google.android.documentsui Adj=855 State=20
06-29 19:40:35.237  1958  1979 I ActivityManager: Killing 27880:com.google.android.documentsui/u0a66 (adj 855): OneKeyClean
06-29 19:40:35.238  1958  1979 I ProcessManager: OneKeyClean: kill com.android.vending:background Adj=865 State=20
06-29 19:40:35.239  1958  1979 I ActivityManager: Killing 27826:com.android.vending:background/u0a175 (adj 865): OneKeyClean
06-29 19:40:35.241  1958  1979 I ProcessManager: OneKeyClean: kill com.android.chrome Adj=875 State=20
06-29 19:40:35.242  1958  1979 I ActivityManager: Killing 27766:com.android.chrome/u0a193 (adj 875): OneKeyClean
06-29 19:40:35.243  1958  1979 I ProcessManager: OneKeyClean: kill com.android.settings Adj=885 State=11
06-29 19:40:35.244  1958  1979 I ActivityManager: Killing 27678:com.android.settings/1000 (adj 885): OneKeyClean
06-29 19:40:35.245  1958  1979 I ProcessManager: OneKeyClean: kill com.android.settings:remote Adj=800 State=11
