l=6524ms running=174ms runnable=5ms io=228ms h=com.android.server.pm.PackageManagerService$PackageHandler c=com.android.server.pm.-$$Lambda$PackageManagerService$6_Yp7BSB4TgtrWSoFlODKgHIvZY
06-29 23:39:47.710  1958  2022 I InstallationStatistic: com.BHG.sharechat|null|8162|511|41|1044|0|6098
06-29 23:39:47.710  1958  2022 W PackageManager: Cannot whitelist unknown permission: android.permission.ACCESS_ADSERVICES_ATTRIBUTION
06-29 23:39:47.710  1958  2022 W PackageManager: Cannot whitelist unknown permission: android.permission.ACCESS_ADSERVICES_AD_ID
06-29 23:39:47.726 27887  1469 W BpBinder: Slow Binder: BpBinder transact took 8728ms, interface=android.content.pm.IPackageManager, code=1598246212 oneway=false
06-29 23:39:47.727  1958  2022 I ActivityManager: Force stopping com.BHG.sharechat appid=10768 user=0: pkg removed
06-29 23:39:47.727  1958  2022 I AutoStartManagerService: MIUILOG- Reject RestartService packageName :com.BHG.sharechatuid : 10768
06-29 23:39:47.755  1958  2132 I MiuiCompatModePackages: package com.BHG.sharechat updated, removing config
06-29 23:39:47.764  1958  5090 W LocationProviderProxy: Odd, no component found for service com.android.location.service.v3.NetworkLocationProvider
06-29 23:39:47.771  1958  2010 W BroadcastQueue: Background execution not allowed: receiving Intent { act=android.intent.action.PACKAGE_REMOVED dat=package:com.BHG.sharechat flg=0x4000010 (has extras) } to com.lbe.security.miui/com.lbe.security.service.BootReceiver
06-29 23:39:47.771  1958  2010 W BroadcastQueue: Background execution not allowed: receiving Intent { act=android.intent.action.PACKAGE_REMOVED dat=package:com.BHG.sharechat flg=0x4000010 (has extras) } to com.android.settings/.search.provider.UpdateReceiver
06-29 23:39:47.772  1958  2010 W BroadcastQueue: Background execution not allowed: receiving Intent { act=android.intent.action.PACKAGE_REMOVED dat=package:com.BHG.sharechat flg=0x4000010 (has extras) } to com.android.vending/com.google.android.finsky.packagemonitor.impl.PackageMonitorReceiverImpl$RegisteredReceiver
06-29 23:39:47.782  1958  2010 W BroadcastQueue: Background execution not allowed: receiving Intent { act=android.intent.action.PACKAGE_REMOVED dat=package:com.BHG.sharechat flg=0x4000010 (has extras) } to com.android.vending/com.google.android.finsky.packagemonitor.backgroundimpl.BackgroundPackageMonitorReceiverImpl$RegisteredReceiver
06-29 23:39:47.782  1958  2010 W BroadcastQueue: Background execution not allowed: receiving Intent { act=android.intent.action.PACKAGE_REMOVED dat=package:com.BHG.sharechat flg=0x4000010 (has extras) } to com.android.vending/com.google.android.finsky.instantapps.appmanagement.InstantAppRemoveMonitor
06-29 23:39:47.810  1958  2010 W BroadcastQueue: Background execution not allowed: receiving Intent { act=android.intent.action.PACKAGE_REMOVED dat=package:com.BHG.sharechat flg=0x4000010 (has extras) } to com.google.android.apps.maps/com.google.android.libraries.social.peoplekit.thirdparty.viewcontrollers.ThirdPartyReceiver
06-29 23:39:47.864  1958  1958 W Looper  : Slow dispatch took 125ms main h=android.app.ActivityThread$H c=android.app.-$$Lambda$LoadedApk$ReceiverDispatcher$Args$_BumDX2UKsnxLVrE6UJsJZkotuA@c345fa1 m=0
06-29 23:39:47.901  1958  2010 W BroadcastQueue: Background execution not allowed: receiving Intent { act=android.intent.action.PACKAGE_REMOVED dat=package:com.BHG.sharechat flg=0x4000010 (has extras) } to com.google.android.gms/.chimera.GmsIntentOperationService$PersistentTrustedReceiver
06-29 23:39:47.901  1958  2010 W BroadcastQueue: Background execution not allowed: receiving Intent { act=android.intent.action.PACKAGE_REMOVED dat=package:com.BHG.sharechat flg=0x4000010 (has extras) } to com.google.android.gms/.games.chimera.GamesSystemBroadcastReceiverProxy
06-29 23:39:47.918  1958  1979 I ActivityManager: Start proc 1671:com.miui.global.packageinstaller/u0a162 for service {com.miui.global.packageinstaller/com.miui.global.packageinstaller.service.ScanDispatchService} caller=com.miui.securitycenter
06-29 23:39:47.930  1958  2010 W BroadcastQueue: Background execution not allowed: receiving Intent { act=android.intent.action.PACKAGE_REMOVED dat=package:com.BHG.sharechat flg=0x4000010 (has extras) } to com.miui.audioeffect/com.android.musicfx.Compatibility$Receiver
06-29 23:39:47.931  1958  2010 W BroadcastQueue: Background execution not allowed: receiving Intent { act=android.intent.action.PACKAGE_REMOVED dat=package:com.BHG.sharechat flg=0x4000010 (has extras) } to com.xiaomi.discover/com.xiaomi.market.data.MyPackageMonitor
06-29 23:39:47.931  1958  2010 W BroadcastQueue: Background execution not allowed: receiving Intent { act=android.intent.action.PACKAGE_REMOVED dat=package:com.BHG.sharechat flg=0x4000010 (has extras) } to com.xiaomi.mipicks/com.xiaomi.market.data.MyPackageMonitor
06-29 23:39:47.955  1958  2010 W BroadcastQueue: Background execution not allowed: receiving Intent { act=android.intent.action.PACKAGE_REMOVED dat=package:com.BHG.sharechat flg=0x4000010 (has extras) } to com.xiaomi.misettings/.usagestats.AppTimerReceiver
06-29 23:39:47.964  1958  2011 W ActivityManager: Slow operation: 101ms so far, now at startProcess: returned from zygote!
06-29 23:39:47.966  1958  2010 W BroadcastQueue: Background execution not allowed: receiving Intent { act=android.intent.action.PACKAGE_REMOVED dat=package:com.BHG.sharechat flg=0x4000010 (has extras) } to app.revanced.android.gms/org.microg.gms.gcm.UnregisterReceiver
06-29 23:39:47.968  1958  2011 W ActivityManager: Slow operation: 106ms so far, now at startProcess: done updating battery stats
06-29 23:39:47.970  1958  2011 W ActivityManager: Slow operation: 107ms so far, now at startProcess: building log message
06-29 23:39:47.970  1958  2011 I ActivityManager: Start proc 1725:com.android.keychain/1000 for service {com.android.keychain/com.android.keychain.KeyChainService} caller=android
06-29 23:39:47.970  1958  2011 W ActivityManager: Slow operation: 107ms so far, now at startProcess: starting to updatepids map
06-29 23:39:47.970  1958  2011 W ActivityManager: Slow operation: 107ms so far, now at startProcess: done updating pidsmap
06-29 23:39:47.974  1958  2010 W BroadcastQueue: Background execution not allowed: receiving Intent { act=android.intent.action.PACKAGE_REMOVED dat=package:com.BHG.sharechat flg=0x4000010 (has extras) } to com.google.android.apps.photos/com.google.android.libraries.social.peoplekit.thirdparty.viewcontrollers.ThirdPartyReceiver
06-29 23:39:47.983  1958  2010 W BroadcastQueue: Background execution not allowed: receiving Intent { act=android.intent.action.PACKAGE_REMOVED dat=package:com.BHG.sharechat flg=0x4000010 (has extras) } to com.jio.myjio/com.inn.passivesdk.receiver.PackageReceiver
06-29 23:39:47.990  1958  2010 W BroadcastQueue: Background execution not allowed: receiving Intent { act=android.intent.action.PACKAGE_ADDED dat=package:com.BHG.sharechat flg=0x4000010 (has extras) } to com.lbe.security.miui/com.lbe.security.service.BootReceiver
06-29 23:39:48.004  1958  2010 W BroadcastQueue: Background execution not allowed: receiving Intent { act=android.intent.action.PACKAGE_ADDED dat=package:com.BHG.sharechat flg=0x4000010 (has extras) } to com.msf.kbank.mobile/com.cv.sdk.receiver.EventReceiver
06-29 23:39:48.009  1958  2010 W BroadcastQueue: Background execution not allowed: receiving Intent { act=android.intent.action.PACKAGE_ADDED dat=package:com.BHG.sharechat flg=0x4000010 (has extras) } to com.google.android.packageinstaller/com.android.packageinstaller.PackageInstalledReceiver
06-29 23:39:48.010  1958  2010 W BroadcastQueue: Background execution not allowed: receiving Intent { act=android.intent.action.PACKAGE_ADDED dat=package:com.BHG.sharechat flg=0x4000010 (has extras) } to com.android.settings/.search.provider.UpdateReceiver
06-29 23:39:48.011  1958  2010 W BroadcastQueue: Background execution not allowed: receiving Intent { act=android.intent.action.PACKAGE_ADDED dat=package:com.BHG.sharechat flg=0x4000010 (has extras) } to com.android.vending/com.google.android.finsky.packagemonitor.impl.PackageMonitorReceiverImpl$RegisteredReceiver
06-29 23:39:48.011  1958  2010 W BroadcastQueue: Background execution not allowed: receiving Intent { act=android.intent.action.PACKAGE_ADDED dat=package:com.BHG.sharechat flg=0x4000010 (has extras) } to com.android.vending/com.google.android.finsky.packagemonitor.backgroundimpl.BackgroundPackageMonitorReceiverImpl$RegisteredReceiver
06-29 23:39:48.011  1958  2010 W BroadcastQueue: Background execution not allowed: receiving Intent { act=android.intent.action.PACKAGE_ADDED dat=package:com.BHG.sharechat flg=0x4000010 (has extras) } to com.facebook.appmanager/com.facebook.oxygen.common.packages.event.manifest.ManifestPackageEventReceiver
06-29 23:39:48.011  1958  2010 W BroadcastQueue: Background execution not allowed: receiving Intent { act=android.intent.action.PACKAGE_ADDED dat=package:com.BHG.sharechat flg=0x4000010 (has extras) } to com.google.android.gms/.chimera.GmsIntentOperationService$PersistentTrustedReceiver
06-29 23:39:48.012  1958  2010 W BroadcastQueue: Background execution not allowed: receiving Intent { act=android.intent.action.PACKAGE_ADDED dat=package:com.BHG.sharechat flg=0x4000010 (has extras) } to com.google.android.gms/.games.chimera.GamesSystemBroadcastReceiverProxy
06-29 23:39:48.014  1958  2010 W BroadcastQueue: Background execution not allowed: receiving Intent { act=android.intent.action.PACKAGE_ADDED dat=package:com.BHG.sharechat flg=0x4000010 (has extras) } to com.google.android.gms/.gass.chimera.PackageChangeBroadcastReceiver
06-29 23:39:48.015  1958  2010 W BroadcastQueue: Background execution not allowed: receiving Intent { act=android.intent.action.PACKAGE_ADDED dat=package:com.BHG.sharechat flg=0x4000010 (has extras) } to com.miui.audioeffect/com.android.musicfx.Compatibility$Receiver
06-29 23:39:48.018  1958  2010 W BroadcastQueue: Background execution not allowed: receiving Intent { act=android.intent.action.PACKAGE_ADDED dat=package:com.BHG.sharechat flg=0x4000010 (has extras) } to com.xiaomi.discover/com.xiaomi.market.data.MyPackageMonitor
06-29 23:39:48.022  1958  2010 W BroadcastQueue: Background execution not allowed: receiving Intent { act=android.intent.action.PACKAGE_ADDED dat=package:com.BHG.sharechat flg=0x4000010 (has extras) } to com.xiaomi.mipicks/com.xiaomi.market.data.MyPackageMonitor
06-29 23:39:48.025  1958  2010 W BroadcastQueue: Background execution not allowed: receiving Intent { act=android.intent.action.PACKAGE_ADDED dat=package:com.BHG.sharechat flg=0x4000010 (has extras) } to com.xiaomi.misettings/.usagestats.AppTimerReceiver
06-29 23:39:48.044  1958  2010 W BroadcastQueue: Background execution not allowed: receiving Intent { act=android.intent.action.PACKAGE_ADDED dat=package:com.BHG.sharechat flg=0x4000010 (has extras) } to com.dv.adm/com.appodeal.ads.AppodealPackageAddedReceiver
06-29 23:39:48.045  1958  2010 W BroadcastQueue: Background execution not allowed: receiving Intent { act=android.intent.action.PACKAGE_ADDED dat=package:com.BHG.sharechat flg=0x4000010 (has extras) } to com.jio.myjio/com.inn.passivesdk.receiver.PackageReceiver
06-29 23:39:48.088  1958  1993 W Looper  : Slow delivery took 240ms android.fg h=android.os.Handler c=<recycled PooledLambda@780f767> m=0
06-29 23:39:48.152  1958  2646 I ActivityManager: Start proc 1948:com.android.vending/u0a175 for broadcast {com.android.vending/com.google.android.finsky.packagemonitor.impl.PackageMonitorReceiverImpl$RegisteredReceiver} caller=null
06-29 23:39:48.191  1958  1993 W Looper  : Slow dispatch took 103ms android.fg h=android.os.Handler c=<recycled PooledLambda@7aebf44> m=0
06-29 23:39:48.341  1671  2048 I Ad      : isPersonalizedAdEnabled getAdSettings: 3
06-29 23:39:48.450  1958  1958 W Looper  : Slow dispatch took 557ms main h=android.app.ActivityThread$H c=android.app.-$$Lambda$LoadedApk$ReceiverDispatcher$Args$_BumDX2UKsnxLVrE6UJsJZkotuA@5565022 m=0
06-29 23:39:48.450  1958  1958 W Looper  : Slow delivery took 704ms main h=android.app.ActivityThread$H c=android.app.-$$Lambda$LoadedApk$ReceiverDispatcher$Args$_BumDX2UKsnxLVrE6UJsJZkotuA@e76aab3 m=0
06-29 23:39:48.504  1958  1993 W Looper  : Drained
06-29 23:39:48.994  1958  1958 W Looper  : Slow dispatch took 543ms main h=android.app.ActivityThread$H c=android.app.-$$Lambda$LoadedApk$ReceiverDispatcher$Args$_BumDX2UKsnxLVrE6UJsJZkotuA@1070530 m=0
06-29 23:39:48.995  1958  1958 I Telecom : DefaultDialerCache: Refreshing default dialer for user 0: now com.android.contacts: DDC.oR@Azs
06-29 23:39:49.001  1671  2040 W FileUtils: Slow Operation: fsync took 132ms
06-29 23:39:49.008  1958  1958 W Looper  : Drained
06-29 23:39:49.023  1671  2088 W BpBinder: Slow Binder: BpBinder transact took 588ms, interface=android.content.IContentProvider, code=1 oneway=false
06-29 23:39:49.065 25324 25324 I Timeline: Timeline: Activity_launch_request time:33964252
06-29 23:39:49.066  1958  5236 I ActivityTaskManager: START u0 {act=android.intent.action.MAIN cat=[android.intent.category.LAUNCHER] flg=0x10200000 cmp=com.BHG.sharechat/.SplashActivity bnds=[73,760][249,936] (has extras)} from uid 10094
06-29 23:39:49.085 25324 25324 W ActivityThread: SCHED: com.miui.home/.launcher.Launcher [76, r=20ms, a=6ms, w=8022ms]
06-29 23:39:49.141  1958  2011 I ActivityManager: Start proc 2379:com.BHG.sharechat/u0a768 for activity {com.BHG.sharechat/com.BHG.sharechat.SplashActivity} caller=com.miui.home
06-29 23:39:49.172  1958  1997 I Timeline: Timeline: App_transition_ready time:33964359
06-29 23:39:49.356  1958  2360 E WindowManager: App trying to use insecure INPUT_FEATURE_NO_INPUT_CHANNEL flag. Ignoring
06-29 23:39:49.365  1958  1997 I Timeline: Timeline: App_transition_stopped time:33964553
06-29 23:39:49.476  1948  1948 W Looper  : Slow Looper main: Long Msg: seq=2 plan=23:39:48.161  late=1ms wall=1314ms running=212ms runnable=62ms io=684ms h=android.app.ActivityThread$H w=110
06-29 23:39:49.497  1958  1997 I Timeline: Timeline: Activity_windows_visible id: ActivityRecord{6e3c0e1 u0 com.BHG.sharechat/.SplashActivity t1154} time:33964684
06-29 23:39:49.795  1958  2011 I ActivityManager: Start proc 2655:com.google.process.gapps/u0a185 for content provider {com.google.android.gsf/com.google.android.gsf.settings.GoogleSettingsProvider} caller=com.android.vending
06-29 23:39:49.994  1948  2421 W BpBinder: Slow Binder: BpBinder transact took 238ms, interface=android.app.IActivityManager, code=20 oneway=false
06-29 23:39:50.008  1958  2011 I ActivityManager: Start proc 2742:com.android.vending:background/u0a175 for broadcast {com.android.vending/com.google.android.finsky.packagemonitor.backgroundimpl.BackgroundPackageMonitorReceiverImpl$RegisteredReceiver} caller=null
06-29 23:39:50.283  1948  2575 W BpBinder: Slow Binder: BpBinder transact took 231ms, interface=com.google.android.gms.usagereporting.internal.IUsageReportingService, code=3 oneway=false
06-29 23:39:50.345  1958  5236 W BroadcastQueue: Background execution not allowed: receiving Intent { act=android.intent.action.PACKAGE_REPLACED dat=package:com.BHG.sharechat flg=0x4000010 (has extras) } to com.facebook.appmanager/com.facebook.oxygen.common.packages.event.manifest.ManifestPackageEventReceiver
06-29 23:39:50.348  1958  2010 W BroadcastQueue: Background execution not allowed: receiving Intent { act=android.intent.action.PACKAGE_REPLACED dat=package:com.BHG.sharechat flg=0x4000010 (has extras) } to com.google.android.gms/.chimera.GmsIntentOperationService$PersistentTrustedReceiver
06-29 23:39:50.348  1958  2010 W BroadcastQueue: Background execution not allowed: receiving Intent { act=android.intent.action.PACKAGE_REPLACED dat=package:com.BHG.sharechat flg=0x4000010 (has extras) } to com.google.android.gms/.gass.chimera.PackageChangeBroadcastReceiver
06-29 23:39:50.348  1958  2010 W BroadcastQueue: Background execution not allowed: receiving Intent { act=android.intent.action.PACKAGE_REPLACED dat=package:com.BHG.sharechat flg=0x4000010 (has extras) } to com.miui.audioeffect/com.android.musicfx.Compatibility$Receiver
06-29 23:39:50.348  1958  2010 W BroadcastQueue: Background execution not allowed: receiving Intent { act=android.intent.action.PACKAGE_REPLACED dat=package:com.BHG.sharechat flg=0x4000010 (has extras) } to com.miui.notes/com.miui.floatwindow.BootBroadcastReceiver
06-29 23:39:50.348  1958  2010 W BroadcastQueue: Background execution not allowed: receiving Intent { act=android.intent.action.PACKAGE_REPLACED dat=package:com.BHG.sharechat flg=0x4000010 (has extras) } to com.google.android.apps.photos/.account.full.FetchAccountPropertiesAppUpgradeBroadcastReceiver
06-29 23:39:50.349  1958  2010 W BroadcastQueue: Background execution not allowed: receiving Intent { act=android.intent.action.PACKAGE_REPLACED dat=package:com.BHG.sharechat flg=0x4000010 (has extras) } to com.google.android.apps.photos/.account.full.SyncAccountsForLoginBroadcastReceiver
06-29 23:39:50.349  1958  2010 W BroadcastQueue: Background execution not allowed: receiving Intent { act=android.intent.action.PACKAGE_REPLACED dat=package:com.BHG.sharechat flg=0x4000010 (has extras) } to com.google.android.apps.photos/.notificationchannels.AppUpdateBroadcastReceiver
06-29 23:39:50.349  1958  2010 W BroadcastQueue: Background execution not allowed: receiving Intent { act=android.intent.action.PACKAGE_REPLACED dat=package:com.BHG.sharechat flg=0x4000010 (has extras) } to com.jio.myjio/com.inn.passivesdk.receiver.PackageReceiver
06-29 23:39:50.522  1958  2011 I ActivityManager: Start proc 2870:com.google.android.webview:sandboxed_process0:org.chromium.content.app.SandboxedProcessService0:0/u0i65 for  {com.miui.global.packageinstaller/org.chromium.content.app.SandboxedProcessService0:0} caller=com.miui.global.packageinstaller
06-29 23:39:50.966  1958  2011 I ActivityManager: Start proc 2938:com.google.android.webview:webview_service/u0a192 forservice {com.google.android.webview/org.chromium.android_webview.services.ComponentsProviderService} caller=com.miui.global.packageinstaller
06-29 23:39:51.137  1671  1671 W Looper  : Slow Looper main: Long Msg: seq=22 plan=23:39:49.624  late=0ms wall=1512ms running=432ms runnable=16ms io=735ms h=com.google.android.gms.ads.internal.util.f c=com.google.android.gms.ads.internal.js.r
06-29 23:39:51.525  1958  2011 I ActivityManager: Start proc 3013:com.android.chrome/u0a193 for service {com.android.chrome/org.chromium.chrome.browser.customtabs.CustomTabsConnectionService} caller=com.miui.global.packageinstaller
06-29 23:39:51.575   788   903 W EventThreadInspector: slow VSync-sf on display(19260784713820289), count=1, avg=32 ms,max=32 ms.
06-29 23:39:52.492  2379  2379 I Timeline: Timeline: Activity_launch_request time:33967679
06-29 23:39:52.493  1958  1979 I ActivityTaskManager: START u0 {cmp=com.BHG.sharechat/.AuthActivity} from uid 10768
06-29 23:39:52.504  2379  2379 W ActivityThread: SCHED: com.BHG.sharechat/.SplashActivity [78, r=22ms, a=6ms, w=3155ms]
06-29 23:39:52.507  1958  1979 I ActivityTaskManager: The Process com.BHG.sharechat Already Exists in BG. So sending its PID: 2379
06-29 23:39:52.511  1958  1979 I Timeline: Timeline: App_transition_ready time:33967698
06-29 23:39:52.789  2379  2379 I Timeline: Timeline: Activity_launch_request time:33967976
06-29 23:39:52.790  1958  2348 I ActivityTaskManager: START u0 {cmp=com.BHG.sharechat/.MainActivity} from uid 10768
06-29 23:39:52.804  1958  1979 I ActivityTaskManager: The Process com.BHG.sharechat Already Exists in BG. So sending its PID: 2379
06-29 23:39:52.807  1958  1979 I Timeline: Timeline: App_transition_ready time:33967995
06-29 23:39:52.810  1958  1997 I Timeline: Timeline: App_transition_ready time:33967997
06-29 23:39:52.929  2379  2379 E AndroidRuntime: FATAL EXCEPTION: main
06-29 23:39:52.929  2379  2379 E AndroidRuntime: Process: com.BHG.sharechat, PID: 2379
06-29 23:39:52.929  2379  2379 E AndroidRuntime: java.lang.RuntimeException: Unable to start activity ComponentInfo{com.BHG.sharechat/com.BHG.sharechat.MainActivity}: java.lang.IllegalStateException: Activity com.BHG.sharechat.MainActivity@24f4d05 does not have an ActionBar set via setSupportActionBar()
06-29 23:39:52.929  2379  2379 E AndroidRuntime:        at android.app.ActivityThread.performLaunchActivity(ActivityThread.java:3311)
06-29 23:39:52.929  2379  2379 E AndroidRuntime:        at android.app.ActivityThread.handleLaunchActivity(ActivityThread.java:3460)
06-29 23:39:52.929  2379  2379 E AndroidRuntime:        at android.app.servertransaction.LaunchActivityItem.execute(LaunchActivityItem.java:83)
06-29 23:39:52.929  2379  2379 E AndroidRuntime:        at android.app.servertransaction.TransactionExecutor.executeCallbacks(TransactionExecutor.java:135)
06-29 23:39:52.929  2379  2379 E AndroidRuntime:        at android.app.servertransaction.TransactionExecutor.execute(TransactionExecutor.java:95)
06-29 23:39:52.929  2379  2379 E AndroidRuntime:        at android.app.ActivityThread$H.handleMessage(ActivityThread.java:2047)
06-29 23:39:52.929  2379  2379 E AndroidRuntime:        at android.os.Handler.dispatchMessage(Handler.java:107)
06-29 23:39:52.929  2379  2379 E AndroidRuntime:        at android.os.Looper.loop(Looper.java:224)
06-29 23:39:52.929  2379  2379 E AndroidRuntime:        at android.app.ActivityThread.main(ActivityThread.java:7592)
06-29 23:39:52.929  2379  2379 E AndroidRuntime:        at java.lang.reflect.Method.invoke(Native Method)
06-29 23:39:52.929  2379  2379 E AndroidRuntime:        at com.android.internal.os.RuntimeInit$MethodAndArgsCaller.run(RuntimeInit.java:539)
06-29 23:39:52.929  2379  2379 E AndroidRuntime:        at com.android.internal.os.ZygoteInit.main(ZygoteInit.java:950)
06-29 23:39:52.929  2379  2379 E AndroidRuntime: Caused by: java.lang.IllegalStateException: Activity com.BHG.sharechat.MainActivity@24f4d05 does not have an ActionBar set via setSupportActionBar()
06-29 23:39:52.929  2379  2379 E AndroidRuntime:        at androidx.navigation.ui.ActionBarOnDestinationChangedListener.setTitle(ActionBarOnDestinationChangedListener.kt:40)
06-29 23:39:52.929  2379  2379 E AndroidRuntime:        at androidx.navigation.ui.AbstractAppBarOnDestinationChangedListener.onDestinationChanged(AbstractAppBarOnDestinationChangedListener.kt:65)
06-29 23:39:52.929  2379  2379 E AndroidRuntime:        at androidx.navigation.internal.NavControllerImpl.addOnDestinationChangedListener$navigation_runtime_release(NavControllerImpl.kt:303)
06-29 23:39:52.929  2379  2379 E AndroidRuntime:        at androidx.navigation.NavController.addOnDestinationChangedListener(NavController.android.kt:182)
06-29 23:39:52.929  2379  2379 E AndroidRuntime:        at androidx.navigation.ui.NavigationUI.setupActionBarWithNavController(NavigationUI.kt:298)
06-29 23:39:52.929  2379  2379 E AndroidRuntime:        at com.BHG.sharechat.MainActivity.onCreate(MainActivity.kt:30)
06-29 23:39:52.929  2379  2379 E AndroidRuntime:        at android.app.Activity.performCreate(Activity.java:7893)
06-29 23:39:52.929  2379  2379 E AndroidRuntime:        at android.app.Activity.performCreate(Activity.java:7880)
06-29 23:39:52.929  2379  2379 E AndroidRuntime:        at android.app.Instrumentation.callActivityOnCreate(Instrumentation.java:1307)
06-29 23:39:52.929  2379  2379 E AndroidRuntime:        at android.app.ActivityThread.performLaunchActivity(ActivityThread.java:3286)
06-29 23:39:52.929  2379  2379 E AndroidRuntime:        ... 11 more
06-29 23:39:52.934  1958  2348 W ActivityTaskManager:   Force finishing activity com.BHG.sharechat/.MainActivity
06-29 23:39:52.935  1958  3094 I DropBoxManagerService: add tag=data_app_crash isTagEnabled=true flags=0x2
06-29 23:39:52.950  1958  2010 W BroadcastQueue: Background execution not allowed: receiving Intent { act=android.intent.action.DROPBOX_ENTRY_ADDED flg=0x10 (has extras) } to com.google.android.gms/.stats.service.DropBoxEntryAddedReceiver
06-29 23:39:52.994  1958  2360 I WindowManager: WIN DEATH: Window{262979f u0 com.BHG.sharechat/com.BHG.sharechat.SplashActivity}
06-29 23:39:52.992  1958  5271 I ActivityManager: Process com.BHG.sharechat (pid 2379) has died: vis+99 TOP
06-29 23:39:53.007  1958  5271 I Timeline: Timeline: App_transition_ready time:33968194
06-29 23:39:53.014  1958  1996 W ActivityManager: setHasOverlayUi called on unknown pid: 2379
06-29 23:39:53.028  1958  5271 I Timeline: Timeline: App_transition_ready time:33968215
06-29 23:39:53.044  1958  1997 I Timeline: Timeline: App_transition_ready time:33968231
06-29 23:39:53.052  1958  5270 I Timeline: Timeline: App_transition_ready time:33968239
06-29 23:39:53.062  1958  1997 I Timeline: Timeline: App_transition_ready time:33968249
06-29 23:39:53.083  1958  1997 I Timeline: Timeline: App_transition_ready time:33968270
06-29 23:39:53.083  1958  1997 I Timeline: Timeline: Activity_windows_visible id: ActivityRecord{ddb1799 u0 com.miui.home/.launcher.Launcher t1} time:33968270
06-29 23:39:53.083  1958  1997 I Timeline: Timeline: App_transition_stopped time:33968270
06-29 23:39:53.435  1958  1996 W ActivityTaskManager: Activity top resumed state loss timeout for ActivityRecord{9f7a69u0 com.BHG.sharechat/.MainActivity t-1 f}
06-29 23:39:54.116 25324 25324 I Timeline: Timeline: Activity_launch_request time:33969303
06-29 23:39:54.117  1958  4692 I ActivityTaskManager: START u0 {act=android.intent.action.MAIN cat=[android.intent.category.LAUNCHER] flg=0x10200000 cmp=com.BHG.sharechat/.SplashActivity bnds=[73,760][249,936] (has extras)} from uid 10094
06-29 23:39:54.136 25324 25324 W ActivityThread: SCHED: com.miui.home/.launcher.Launcher [68, r=33ms, a=15ms, w=1101ms]
06-29 23:39:54.184  1958  2011 I ActivityManager: Start proc 3102:com.BHG.sharechat/u0a768 for activity {com.BHG.sharechat/com.BHG.sharechat.SplashActivity} caller=com.miui.home
06-29 23:39:54.214  1958  1997 I Timeline: Timeline: App_transition_ready time:33969401
06-29 23:39:54.398  1958  1997 I Timeline: Timeline: App_transition_stopped time:33969585
06-29 23:39:54.436  1958  5270 E WindowManager: App trying to use insecure INPUT_FEATURE_NO_INPUT_CHANNEL flag. Ignoring
06-29 23:39:54.532  1958  1997 I Timeline: Timeline: Activity_windows_visible id: ActivityRecord{324f468 u0 com.BHG.sharechat/.SplashActivity t1155} time:33969719
06-29 23:39:57.423  3102  3102 I Timeline: Timeline: Activity_launch_request time:33972610
06-29 23:39:57.424  1958  2360 I ActivityTaskManager: START u0 {cmp=com.BHG.sharechat/.AuthActivity} from uid 10768
06-29 23:39:57.441  3102  3102 W ActivityThread: SCHED: com.BHG.sharechat/.SplashActivity [66, r=22ms, a=11ms, w=3016ms]
06-29 23:39:57.446  1958  2360 I ActivityTaskManager: The Process com.BHG.sharechat Already Exists in BG. So sending its PID: 3102
06-29 23:39:57.456  1958  2360 I Timeline: Timeline: App_transition_ready time:33972644
06-29 23:39:57.577  3102  3102 I Timeline: Timeline: Activity_launch_request time:33972764
06-29 23:39:57.577  1958  2360 I ActivityTaskManager: START u0 {cmp=com.BHG.sharechat/.MainActivity} from uid 10768
06-29 23:39:57.588  1958  2360 I ActivityTaskManager: The Process com.BHG.sharechat Already Exists in BG. So sending its PID: 3102
06-29 23:39:57.591  1958  2360 I Timeline: Timeline: App_transition_ready time:33972778
06-29 23:39:57.592  1958  1997 I Timeline: Timeline: App_transition_ready time:33972779
06-29 23:39:57.684  3102  3102 E AndroidRuntime: FATAL EXCEPTION: main
06-29 23:39:57.684  3102  3102 E AndroidRuntime: Process: com.BHG.sharechat, PID: 3102
06-29 23:39:57.684  3102  3102 E AndroidRuntime: java.lang.RuntimeException: Unable to start activity ComponentInfo{com.BHG.sharechat/com.BHG.sharechat.MainActivity}: java.lang.IllegalStateException: Activity com.BHG.sharechat.MainActivity@359cb6f does not have an ActionBar set via setSupportActionBar()
06-29 23:39:57.684  3102  3102 E AndroidRuntime:        at android.app.ActivityThread.performLaunchActivity(ActivityThread.java:3311)
06-29 23:39:57.684  3102  3102 E AndroidRuntime:        at android.app.ActivityThread.handleLaunchActivity(ActivityThread.java:3460)
06-29 23:39:57.684  3102  3102 E AndroidRuntime:        at android.app.servertransaction.LaunchActivityItem.execute(LaunchActivityItem.java:83)
06-29 23:39:57.684  3102  3102 E AndroidRuntime:        at android.app.servertransaction.TransactionExecutor.executeCallbacks(TransactionExecutor.java:135)
06-29 23:39:57.684  3102  3102 E AndroidRuntime:        at android.app.servertransaction.TransactionExecutor.execute(TransactionExecutor.java:95)
06-29 23:39:57.684  3102  3102 E AndroidRuntime:        at android.app.ActivityThread$H.handleMessage(ActivityThread.java:2047)
06-29 23:39:57.684  3102  3102 E AndroidRuntime:        at android.os.Handler.dispatchMessage(Handler.java:107)
06-29 23:39:57.684  3102  3102 E AndroidRuntime:        at android.os.Looper.loop(Looper.java:224)
06-29 23:39:57.684  3102  3102 E AndroidRuntime:        at android.app.ActivityThread.main(ActivityThread.java:7592)
06-29 23:39:57.684  3102  3102 E AndroidRuntime:        at java.lang.reflect.Method.invoke(Native Method)
06-29 23:39:57.684  3102  3102 E AndroidRuntime:        at com.android.internal.os.RuntimeInit$MethodAndArgsCaller.run(RuntimeInit.java:539)
06-29 23:39:57.684  3102  3102 E AndroidRuntime:        at com.android.internal.os.ZygoteInit.main(ZygoteInit.java:950)
06-29 23:39:57.684  3102  3102 E AndroidRuntime: Caused by: java.lang.IllegalStateException: Activity com.BHG.sharechat.MainActivity@359cb6f does not have an ActionBar set via setSupportActionBar()
06-29 23:39:57.684  3102  3102 E AndroidRuntime:        at androidx.navigation.ui.ActionBarOnDestinationChangedListener.setTitle(ActionBarOnDestinationChangedListener.kt:40)
06-29 23:39:57.684  3102  3102 E AndroidRuntime:        at androidx.navigation.ui.AbstractAppBarOnDestinationChangedListener.onDestinationChanged(AbstractAppBarOnDestinationChangedListener.kt:65)
06-29 23:39:57.684  3102  3102 E AndroidRuntime:        at androidx.navigation.internal.NavControllerImpl.addOnDestinationChangedListener$navigation_runtime_release(NavControllerImpl.kt:303)
06-29 23:39:57.684  3102  3102 E AndroidRuntime:        at androidx.navigation.NavController.addOnDestinationChangedListener(NavController.android.kt:182)
06-29 23:39:57.684  3102  3102 E AndroidRuntime:        at androidx.navigation.ui.NavigationUI.setupActionBarWithNavController(NavigationUI.kt:298)
06-29 23:39:57.684  3102  3102 E AndroidRuntime:        at com.BHG.sharechat.MainActivity.onCreate(MainActivity.kt:30)
06-29 23:39:57.684  3102  3102 E AndroidRuntime:        at android.app.Activity.performCreate(Activity.java:7893)
06-29 23:39:57.684  3102  3102 E AndroidRuntime:        at android.app.Activity.performCreate(Activity.java:7880)
06-29 23:39:57.684  3102  3102 E AndroidRuntime:        at android.app.Instrumentation.callActivityOnCreate(Instrumentation.java:1307)
06-29 23:39:57.684  3102  3102 E AndroidRuntime:        at android.app.ActivityThread.performLaunchActivity(ActivityThread.java:3286)
06-29 23:39:57.684  3102  3102 E AndroidRuntime:        ... 11 more
06-29 23:39:57.686  1958  5270 W ActivityTaskManager:   Force finishing activity com.BHG.sharechat/.MainActivity
06-29 23:39:57.686  1958  3236 I DropBoxManagerService: add tag=data_app_crash isTagEnabled=true flags=0x2
06-29 23:39:57.713  1958  2010 W BroadcastQueue: Background execution not allowed: receiving Intent { act=android.intent.action.DROPBOX_ENTRY_ADDED flg=0x10 (has extras) } to com.google.android.gms/.stats.service.DropBoxEntryAddedReceiver
06-29 23:39:57.724  1958  3906 I WindowManager: WIN DEATH: Window{5506d12 u0 com.BHG.sharechat/com.BHG.sharechat.SplashActivity}
06-29 23:39:57.729  1958  2646 I ActivityManager: Process com.BHG.sharechat (pid 3102) has died: vis+99 TOP
06-29 23:39:57.740  1958  2646 I Timeline: Timeline: App_transition_ready time:33972927
06-29 23:39:57.743  1958  1996 W ActivityManager: setHasOverlayUi called on unknown pid: 3102
06-29 23:39:57.747  1958  5270 I Timeline: Timeline: App_transition_ready time:33972934
06-29 23:39:57.763  1958  1997 I Timeline: Timeline: App_transition_ready time:33972950
06-29 23:39:57.766  1958  2646 I Timeline: Timeline: App_transition_ready time:33972954
06-29 23:39:57.779  1958  1997 I Timeline: Timeline: App_transition_ready time:33972967
06-29 23:39:57.784  1958  1997 I Timeline: Timeline: App_transition_ready time:33972972
06-29 23:39:57.785  1958  1997 I Timeline: Timeline: Activity_windows_visible id: ActivityRecord{ddb1799 u0 com.miui.home/.launcher.Launcher t1} time:33972972
06-29 23:39:57.785  1958  1997 I Timeline: Timeline: App_transition_stopped time:33972972
06-29 23:39:58.188  1958  1996 W ActivityTaskManager: Activity top resumed state loss timeout for ActivityRecord{bb3456c u0 com.BHG.sharechat/.MainActivity t-1 f}
06-29 23:40:06.259  1958  5236 W BpBinder: Slow Binder: BpBinder transact took 530ms, interface=android.os.IInstalld, code=9 oneway=false
06-29 23:40:06.260  1948  2729 W BpBinder: Slow Binder: BpBinder transact took 531ms, interface=android.app.usage.IStorageStatsManager, code=7 oneway=false
06-29 23:40:14.679 13482 13482 E ActivityThread: Service com.google.android.gms.chimera.GmsApiService has leaked ServiceConnection bofe@90acdad that was originally bound here
06-29 23:40:14.679 13482 13482 E ActivityThread: android.app.ServiceConnectionLeaked: Service com.google.android.gms.chimera.GmsApiService has leaked ServiceConnection bofe@90acdad that was originally bound here
06-29 23:40:14.679 13482 13482 E ActivityThread:        at android.app.LoadedApk$ServiceDispatcher.<init>(LoadedApk.java:1815)
06-29 23:40:14.679 13482 13482 E ActivityThread:        at android.app.LoadedApk.getServiceDispatcherCommon(LoadedApk.java:1687)
06-29 23:40:14.679 13482 13482 E ActivityThread:        at android.app.LoadedApk.getServiceDispatcher(LoadedApk.java:1666)
06-29 23:40:14.679 13482 13482 E ActivityThread:        at android.app.ContextImpl.bindServiceCommon(ContextImpl.java:1731)
06-29 23:40:14.679 13482 13482 E ActivityThread:        at android.app.ContextImpl.bindService(ContextImpl.java:1660)
06-29 23:40:14.679 13482 13482 E ActivityThread:        at android.content.ContextWrapper.bindService(ContextWrapper.java:715)
06-29 23:40:14.679 13482 13482 E ActivityThread:        at android.content.ContextWrapper.bindService(ContextWrapper.java:715)
06-29 23:40:14.679 13482 13482 E ActivityThread:        at android.content.ContextWrapper.bindService(ContextWrapper.java:715)
06-29 23:40:14.679 13482 13482 E ActivityThread:        at boej.bindService(:com.google.android.gms@252431013@25.24.31 (100400-772615181):10)
06-29 23:40:14.679 13482 13482 E ActivityThread:        at android.content.ContextWrapper.bindService(ContextWrapper.java:715)
06-29 23:40:14.679 13482 13482 E ActivityThread:        at android.content.ContextWrapper.bindService(ContextWrapper.java:715)
06-29 23:40:14.679 13482 13482 E ActivityThread:        at android.content.ContextWrapper.bindService(ContextWrapper.java:715)
06-29 23:40:14.679 13482 13482 E ActivityThread:        at android.content.ContextWrapper.bindService(ContextWrapper.java:715)
06-29 23:40:14.679 13482 13482 E ActivityThread:        at ayei.i(:com.google.android.gms@252431013@25.24.31 (100400-772615181):17)
06-29 23:40:14.679 13482 13482 E ActivityThread:        at ayei.f(:com.google.android.gms@252431013@25.24.31 (100400-772615181):97)
06-29 23:40:14.679 13482 13482 E ActivityThread:        at ayei.e(:com.google.android.gms@252431013@25.24.31 (100400-772615181):8)
06-29 23:40:14.679 13482 13482 E ActivityThread:        at zqs.a(:com.google.android.gms@252431013@25.24.31 (100400-772615181):47)
06-29 23:40:14.679 13482 13482 E ActivityThread:        at iqu.a(:com.google.android.gms@252431013@25.24.31 (100400-772615181):19)
06-29 23:40:14.679 13482 13482 E ActivityThread:        at zqx.<init>(:com.google.android.gms@252431013@25.24.31 (100400-772615181):11)
06-29 23:40:14.679 13482 13482 E ActivityThread:        at zrx.call(:com.google.android.gms@252431013@25.24.31 (100400-772615181):18)
06-29 23:40:14.679 13482 13482 E ActivityThread:        at java.util.concurrent.FutureTask.run(FutureTask.java:266)
06-29 23:40:14.679 13482 13482 E ActivityThread:        at ayhu.c(:com.google.android.gms@252431013@25.24.31 (100400-772615181):50)
06-29 23:40:14.679 13482 13482 E ActivityThread:        at ayhu.run(:com.google.android.gms@252431013@25.24.31 (100400-772615181):70)
06-29 23:40:14.679 13482 13482 E ActivityThread:        at java.util.concurrent.ThreadPoolExecutor.runWorker(ThreadPoolExecutor.java:1167)
06-29 23:40:14.679 13482 13482 E ActivityThread:        at java.util.concurrent.ThreadPoolExecutor$Worker.run(ThreadPoolExecutor.java:641)
06-29 23:40:14.679 13482 13482 E ActivityThread:        at aynj.run(:com.google.android.gms@252431013@25.24.31 (100400-772615181):8)
06-29 23:40:14.679 13482 13482 E ActivityThread:        at java.lang.Thread.run(Thread.java:919)
06-29 23:40:14.688  1958  5270 I ActivityManager: Killing 31176:com.google.android.permissioncontroller/u0a95 (adj 965): empty #17
06-29 23:40:47.934  1958  5270 I ActivityManager: Killing 31260:com.google.android.gms.ui/u0a185 (adj 965): empty #17
06-29 23:40:47.984  1958  1996 W ActivityManager: setHasOverlayUi called on unknown pid: 31260
06-29 23:40:55.321  2181  2181 I MiuiChargeManager: notifyBatteryStatusChanged:  status: 5 isPlugged: 2 level: 100 wireState: 11 chargeSpeed: 0 mWiredChargeType: 0 mWirelessChargeType: 0 chargeDeviceType: -1
06-29 23:41:11.221  1958  2645 I InstallationStatistic: beginInstallSession: 75536349
06-29 23:41:11.769  1958  5256 W ActivityManager: Permission Denial: getStackInfo() from pid=32252, uid=10123 requires android.permission.MANAGE_ACTIVITY_STACKS
06-29 23:41:11.780  1958  2065 I ActivityTaskManager: START u0 {act=android.intent.action.VIEW dat=file:///data/app/vmdl75536349.tmp typ=application/vnd.android.package-archive flg=0x18000000 cmp=com.miui.securitycenter/com.miui.permcenter.install.AdbInstallActivity (has extras)} from uid 1000
06-29 23:41:11.794 25324 25324 W ActivityThread: SCHED: com.miui.home/.launcher.Launcher [89, r=17ms, a=2ms, w=74041ms]
06-29 23:41:11.797  1958  5256 I ActivityTaskManager: The Process com.miui.securitycenter Already Exists in BG. So sending its PID: 1508
06-29 23:41:11.803  1958  5256 I Timeline: Timeline: App_transition_ready time:34046990
06-29 23:41:11.902  1958  4807 I Timeline: Timeline: App_transition_ready time:34047089
06-29 23:41:11.903  1958  4807 I Timeline: Timeline: App_transition_stopped time:34047090
06-29 23:41:11.993  1958  2010 I ActivityManager: Force stopping com.BHG.sharechat appid=10768 user=-1: installPackageLI
06-29 23:41:11.993  1958  2022 I PackageManager: Update package com.BHG.sharechat code path from /data/app/com.BHG.sharechat-eJshs__hwJMp0xT4shCAtA== to /data/app/com.BHG.sharechat-ApCRg41T0X4mJLeIM-Ew3w==; Retain data and using new
06-29 23:41:11.993  1958  2022 I PackageManager: Update package com.BHG.sharechat resource path from /data/app/com.BHG.sharechat-eJshs__hwJMp0xT4shCAtA== to /data/app/com.BHG.sharechat-ApCRg41T0X4mJLeIM-Ew3w==; Retain data and using new
06-29 23:41:12.169  1958  2022 I PackageManager: Un-granting permission android.permission.WRITE_MEDIA_STORAGE from package com.jio.media.jiobeats (protectionLevel=18 flags=0x20d83e44)
06-29 23:41:12.169  1958  2022 I PackageManager: Un-granting permission android.permission.WRITE_SETTINGS from package com.jio.media.jiobeats (protectionLevel=1218 flags=0x20d83e44)
06-29 23:41:12.169  1958  2022 I PackageManager: Un-granting permission android.permission.MANAGE_DOCUMENTS from package com.google.android.youtube (protectionLevel=262146 flags=0x20dbbec5)
06-29 23:41:12.169  1958  2022 I PackageManager: Un-granting permission android.permission.REQUEST_INSTALL_PACKAGES from package com.revanced.net.revancedmanager (protectionLevel=66 flags=0x20c8be44)
06-29 23:41:12.170  1958  2022 I PackageManager: Un-granting permission android.permission.CAPTURE_AUDIO_OUTPUT from package com.google.android.googlequicksearchbox (protectionLevel=18 flags=0xa8dbbec5)
06-29 23:41:12.170  1958  2022 I PackageManager: Un-granting permission android.permission.SUBSTITUTE_SHARE_TARGET_APP_NAME_AND_ICON from package com.google.android.googlequicksearchbox (protectionLevel=18 flags=0xa8dbbec5)
06-29 23:41:12.171  1958  2022 I PackageManager: Un-granting permission android.permission.CAPTURE_MEDIA_OUTPUT from package com.google.android.googlequicksearchbox (protectionLevel=18 flags=0xa8dbbec5)
06-29 23:41:12.171  1958  2022 I PackageManager: Un-granting permission android.permission.MODIFY_AUDIO_ROUTING from package com.google.android.googlequicksearchbox (protectionLevel=18 flags=0xa8dbbec5)
06-29 23:41:12.171  1958  2022 I PackageManager: Un-granting permission com.google.android.googleapps.permission.GOOGLE_AUTH from package com.android.providers.calendar (protectionLevel=2 flags=0x20883e45)
06-29 23:41:12.171  1958  2022 I PackageManager: Un-granting permission com.google.android.googleapps.permission.GOOGLE_AUTH.cl from package com.android.providers.calendar (protectionLevel=2 flags=0x20883e45)
06-29 23:41:12.171  1958  2022 I PackageManager: Un-granting permission android.permission.SYSTEM_ALERT_WINDOW from package org.telegram.messenger (protectionLevel=1250 flags=0x289bbe44)
06-29 23:41:12.171  1958  2022 I PackageManager: Un-granting permission android.permission.REQUEST_INSTALL_PACKAGES from package org.telegram.messenger (protectionLevel=66 flags=0x289bbe44)
06-29 23:41:12.172  1958  2022 I PackageManager: Un-granting permission android.permission.MANAGE_DOCUMENTS from package app.revanced.android.youtube (protectionLevel=262146 flags=0x30dbbe44)
06-29 23:41:12.173  1958  2022 I PackageManager: Un-granting permission android.permission.SYSTEM_ALERT_WINDOW from package app.revanced.android.youtube (protectionLevel=1250 flags=0x30dbbe44)
06-29 23:41:12.173  1958  2022 I PackageManager: Un-granting permission android.permission.WRITE_SECURE_SETTINGS from package com.antutu.ABenchMark (protectionLevel=50 flags=0x2288be46)
06-29 23:41:12.174  1958  2022 I PackageManager: Un-granting permission android.permission.REQUEST_INSTALL_PACKAGES from package com.whatsapp (protectionLevel=66 flags=0x20cbbe44)
06-29 23:41:12.174  1958  2022 I PackageManager: Un-granting permission android.permission.HIDE_NON_SYSTEM_OVERLAY_WINDOWS from package com.android.companiondevicemanager (protectionLevel=258 flags=0x30c83e45)
06-29 23:41:12.175  1958  2022 I PackageManager: Un-granting permission android.permission.MANAGE_USERS from package com.miui.securitycenter (protectionLevel=18 flags=0x20c9bec5)
06-29 23:41:12.175  1958  2022 I PackageManager: Un-granting permission android.permission.INTERACT_ACROSS_USERS from package com.miui.securitycenter (protectionLevel=50 flags=0x20c9bec5)
06-29 23:41:12.175  1958  2022 I PackageManager: Un-granting permission android.permission.READ_PRIVILEGED_PHONE_STATE from package com.miui.securitycenter (protectionLevel=18 flags=0x20c9bec5)
06-29 23:41:12.175  1958  2022 I PackageManager: Un-granting permission android.permission.WRITE_MEDIA_STORAGE from package ru.zdevs.zarchiver (protectionLevel=18 flags=0x30d8be44)
06-29 23:41:12.175  1958  2022 I PackageManager: Un-granting permission android.permission.REQUEST_INSTALL_PACKAGES from package ru.zdevs.zarchiver (protectionLevel=66 flags=0x30d8be44)
06-29 23:41:12.176  1958  2022 I PackageManager: Un-granting permission android.permission.SYSTEM_ALERT_WINDOW from package com.glgjing.captain (protectionLevel=1250 flags=0x3088be44)
06-29 23:41:12.176  1958  2022 I PackageManager: Un-granting permission android.permission.PACKAGE_USAGE_STATS from package com.glgjing.captain (protectionLevel=114 flags=0x3088be44)
06-29 23:41:12.176  1958  2022 I PackageManager: Un-granting permission android.permission.START_ACTIVITIES_FROM_BACKGROUND from package com.android.soundrecorder (protectionLevel=49682 flags=0x30c83e85)
06-29 23:41:12.176  1958  2022 I PackageManager: Un-granting permission android.permission.WRITE_SETTINGS from package in.mohalla.sharechat (protectionLevel=1218 flags=0x30d8be44)
06-29 23:41:12.176  1958  2022 I PackageManager: Un-granting permission android.permission.SYSTEM_ALERT_WINDOW from package in.mohalla.sharechat (protectionLevel=1250 flags=0x30d8be44)
06-29 23:41:12.177  1958  2022 I PackageManager: Un-granting permission android.permission.REQUEST_INSTALL_PACKAGES from package com.android.providers.downloads.ui (protectionLevel=66 flags=0x30c8be45)
06-29 23:41:12.177  1958  2022 I PackageManager: Un-granting permission android.permission.HIDE_NON_SYSTEM_OVERLAY_WINDOWS from package com.android.vending (protectionLevel=258 flags=0x28cabec5)
06-29 23:41:12.177  1958  2022 I PackageManager: Un-granting permission android.permission.SEND_DOWNLOAD_COMPLETED_INTENTS from package com.android.vending (protectionLevel=2 flags=0x28cabec5)
06-29 23:41:12.179  1958  2022 I PackageManager: Un-granting permission android.permission.SYSTEM_ALERT_WINDOW from package com.hecorat.screenrecorder.free (protectionLevel=1250 flags=0x20c8be44)
06-29 23:41:12.179  1958  2022 I PackageManager: Un-granting permission com.google.android.googleapps.permission.GOOGLE_AUTH.mail from package com.android.contacts (protectionLevel=2 flags=0x38c9be45)
06-29 23:41:12.180  1958  2022 I PackageManager: Un-granting permission android.permission.CHANGE_CONFIGURATION from package com.tiqiaa.remote (protectionLevel=50 flags=0x30c8be44)
06-29 23:41:12.180  1958  2022 I PackageManager: Un-granting permission android.permission.SET_DEBUG_APP from package com.tiqiaa.remote (protectionLevel=50 flags=0x30c8be44)
06-29 23:41:12.180  1958  2022 I PackageManager: Un-granting permission android.permission.WRITE_SETTINGS from package com.tiqiaa.remote (protectionLevel=1218 flags=0x30c8be44)
06-29 23:41:12.180  1958  2022 I PackageManager: Un-granting permission android.permission.DEVICE_POWER from package com.tiqiaa.remote (protectionLevel=2 flags=0x30c8be44)
06-29 23:41:12.180  1958  2022 I PackageManager: Un-granting permission com.android.launcher.permission.READ_SETTINGS from package com.tiqiaa.remote (protectionLevel=18 flags=0x30c8be44)
06-29 23:41:12.180  1958  2022 I PackageManager: Un-granting permission android.permission.INTERACT_ACROSS_USERS_FULL from package com.tiqiaa.remote (protectionLevel=258 flags=0x30c8be44)
06-29 23:41:12.180  1958  2022 I PackageManager: Un-granting permission android.permission.SYSTEM_ALERT_WINDOW from package com.tiqiaa.remote (protectionLevel=1250 flags=0x30c8be44)
06-29 23:41:12.180  1958  2022 I PackageManager: Un-granting permission android.permission.SEND_DOWNLOAD_COMPLETED_INTENTS from package com.tiqiaa.remote (protectionLevel=2 flags=0x30c8be44)
06-29 23:41:12.180  1958  2022 I PackageManager: Un-granting permission android.permission.DUMP from package com.digibites.accubattery (protectionLevel=50 flags=0x20c83e44)
06-29 23:41:12.180  1958  2022 I PackageManager: Un-granting permission android.permission.PACKAGE_USAGE_STATS from package com.digibites.accubattery (protectionLevel=114 flags=0x20c83e44)
06-29 23:41:12.180  1958  2022 I PackageManager: Un-granting permission android.permission.SYSTEM_ALERT_WINDOW from package com.digibites.accubattery (protectionLevel=1250 flags=0x20c83e44)
06-29 23:41:12.180  1958  2022 I PackageManager: Un-granting permission android.permission.START_ACTIVITIES_FROM_BACKGROUND from package com.android.mms (protectionLevel=49682 flags=0x38c9bee5)
06-29 23:41:12.180  1958  2022 I PackageManager: Un-granting permission com.xiaomi.simactivate.service.ACTIVATE_SIM from package com.android.mms (protectionLevel=2 flags=0x38c9bee5)
06-29 23:41:12.180  1958  2022 I PackageManager: Un-granting permission android.permission.WRITE_APN_SETTINGS from package com.android.mms (protectionLevel=18 flags=0x38c9bee5)
06-29 23:41:12.180  1958  2022 I PackageManager: Un-granting permission miui.permission.JOYOSE from package com.android.mms (protectionLevel=2 flags=0x38c9bee5)
06-29 23:41:12.180  1958  2022 I PackageManager: Un-granting permission com.miui.systemAdSolution.LOCAL_AD_PROVIDER from package com.android.mms (protectionLevel=2 flags=0x38c9bee5)
06-29 23:41:12.181  1958  2022 I PackageManager: Un-granting permission com.android.settings.permission.CLOUD_SETTINGS_PROVIDER from package com.android.mms (protectionLevel=18 flags=0x38c9bee5)
06-29 23:41:12.181  1958  2022 I PackageManager: Un-granting permission android.permission.ACCESS_DOWNLOAD_MANAGER frompackage com.microsoft.rdc.android (protectionLevel=18 flags=0x3098be44)
06-29 23:41:12.181  1958  2022 I PackageManager: Un-granting permission android.permission.REQUEST_INSTALL_PACKAGES from package com.apk.editor (protectionLevel=66 flags=0x20c8be44)
06-29 23:41:12.182  1958  2022 I PackageManager: Un-granting permission android.permission.REQUEST_INSTALL_PACKAGES from package com.google.android.gm (protectionLevel=66 flags=0x28dbbec5)
06-29 23:41:12.183  1958  2022 I PackageManager: Un-granting permission com.google.android.providers.gsf.permission.WRITE_GSERVICES from package com.google.android.apps.playconsole (protectionLevel=2 flags=0x2088be44)
06-29 23:41:12.184  1958  2022 I PackageManager: Un-granting permission android.permission.WRITE_SECURE_SETTINGS from package com.android.printspooler (protectionLevel=50 flags=0x38c8be45)
06-29 23:41:12.184  1958  2022 I PackageManager: Un-granting permission android.permission.CHANGE_CONFIGURATION from package com.duokan.phone.remotecontroller (protectionLevel=50 flags=0x20983e44)
06-29 23:41:12.184  1958  2022 I PackageManager: Un-granting permission android.permission.CAPTURE_AUDIO_OUTPUT from package com.duokan.phone.remotecontroller (protectionLevel=18 flags=0x20983e44)
