06-29 20:00:46.775 32473 32531 W BpBinder: Slow Binder: BpBinder transact took 649ms, interface=android.app.IActivityManager, code=20 oneway=false
06-29 20:00:46.779  1958  1997 I Timeline: Timeline: App_transition_ready time:28002609
06-29 20:00:46.783  1958  4692 I Timeline: Timeline: App_transition_ready time:28002614
06-29 20:00:46.800  1958  1997 I Timeline: Timeline: App_transition_ready time:28002630
06-29 20:00:46.804  1958  1997 I Timeline: Timeline: App_transition_ready time:28002634
06-29 20:00:46.804  1958  1997 I Timeline: Timeline: Activity_windows_visible id: ActivityRecord{ddb1799 u0 com.miui.home/.launcher.Launcher t1} time:28002635
06-29 20:00:46.804  1958  1997 I Timeline: Timeline: App_transition_stopped time:28002635
06-29 20:00:46.987  1958  2011 I ActivityManager: Start proc 32600:com.xiaomi.simactivate.service/u0a163 for service {com.xiaomi.simactivate.service/com.xiaomi.activate.ActivateService} caller=com.miui.cloudservice
06-29 20:00:47.108  1958  2011 I ActivityManager: Start proc 32625:com.xiaomi.account/u0a112 for service {com.xiaomi.account/com.xiaomi.account.XiaomiAccountService} caller=com.miui.phrase
06-29 20:00:47.134  1958  1996 W ActivityTaskManager: Activity top resumed state loss timeout for ActivityRecord{11f63db u0 com.BHG.sharechat/.MainActivity t-1 f}
06-29 20:00:47.594  1958  2645 W BaseMiuiPhoneWindowManager: keyCode:82 down:true eventTime:28003407 downTime:28003407 policyFlags:2b000002 flags:48 deviceId:-1 isScreenOn:true keyguardActive:false repeatCount:0
06-29 20:00:47.659  1958  3851 W BaseMiuiPhoneWindowManager: keyCode:82 down:false eventTime:28003489 downTime:28003407policyFlags:2b000002 flags:48 deviceId:-1 isScreenOn:true keyguardActive:false repeatCount:0
06-29 20:00:47.730  1958  1996 W WindowManager: setLauncherState= 2
06-29 20:00:48.237  1958  4692 I ProcessManager: Kill reason OneKeyClean from pid=25324
06-29 20:00:48.248  1958  4692 I ProcessManager: mLruProcesses size=59
06-29 20:00:48.260  1958  4692 I ProcessManager: OneKeyClean: kill com.android.contacts Adj=805 State=20
06-29 20:00:48.262  1958  4692 I ActivityManager: Killing 30957:com.android.contacts/u0a87 (adj 805): OneKeyClean
06-29 20:00:48.269  1958  4692 I ProcessManager: OneKeyClean: kill com.android.settings:remote Adj=0 State=6
06-29 20:00:48.290  1958  4692 I ActivityManager: Killing 32494:com.android.settings:remote/1000 (adj 0): OneKeyClean
06-29 20:00:48.292  1958  4692 I ProcessManager: OneKeyClean: kill com.miui.phrase Adj=815 State=20
06-29 20:00:48.293  1958  4692 I ActivityManager: Killing 32473:com.miui.phrase/u0a150 (adj 815): OneKeyClean
06-29 20:00:48.295  1958  4692 I ProcessManager: OneKeyClean: kill com.miui.cloudservice Adj=700 State=16
06-29 20:00:48.295  1958  4692 I ActivityManager: Killing 32532:com.miui.cloudservice/u0a126 (adj 700): OneKeyClean
06-29 20:00:48.297  1958  4692 I ProcessManager: OneKeyClean: kill com.xiaomi.account Adj=825 State=20
06-29 20:00:48.298  1958  4692 I ActivityManager: Killing 32625:com.xiaomi.account/u0a112 (adj 825): OneKeyClean
06-29 20:00:48.299  1958  4692 I ProcessManager: OneKeyClean: kill com.xiaomi.simactivate.service Adj=835 State=20
06-29 20:00:48.300  1958  4692 I ActivityManager: Killing 32600:com.xiaomi.simactivate.service/u0a163 (adj 835): OneKeyClean
06-29 20:00:48.302  1958  4692 I ProcessManager: OneKeyClean: kill com.android.vending Adj=100 State=4
06-29 20:00:48.303  1958  4692 I ActivityManager: Killing 31149:com.android.vending/u0a175 (adj 100): OneKeyClean
06-29 20:00:48.306  1958  4692 I ProcessManager: OneKeyClean: kill com.miui.guardprovider Adj=100 State=5
06-29 20:00:48.306  1958  4692 I ActivityManager: Killing 31076:com.miui.guardprovider/u0a115 (adj 100): OneKeyClean
06-29 20:00:48.308  1958  4692 I ProcessManager: OneKeyClean: kill com.android.vending:background Adj=100 State=5
06-29 20:00:48.309  1958  4692 I ActivityManager: Killing 31610:com.android.vending:background/u0a175 (adj 100): OneKeyClean
06-29 20:00:48.310  1958  4692 I ProcessManager: OneKeyClean: kill com.qualcomm.qti.workloadclassifier Adj=500 State=11
06-29 20:00:48.311  1958  4692 I ActivityManager: Killing 32440:com.qualcomm.qti.workloadclassifier/1000 (adj 500): OneKeyClean
06-29 20:00:48.312  1958  4692 I ProcessManager: OneKeyClean: kill com.google.process.gservices Adj=700 State=16
06-29 20:00:48.313  1958  4692 I ActivityManager: Killing 30923:com.google.process.gservices/u0a185 (adj 700): OneKeyClean
06-29 20:00:48.314  1958  4692 I ProcessManager: OneKeyClean: kill com.miui.msa.global Adj=800 State=11
06-29 20:00:48.314  1958  4692 I ActivityManager: Killing 31243:com.miui.msa.global/u0a123 (adj 800): OneKeyClean
06-29 20:00:48.316  1958  4692 I ProcessManager: OneKeyClean: kill com.android.chrome Adj=845 State=20
06-29 20:00:48.316  1958  4692 I ActivityManager: Killing 32009:com.android.chrome/u0a193 (adj 845): OneKeyClean
06-29 20:00:48.318  1958  4692 I ProcessManager: OneKeyClean: kill com.google.android.webview:webview_service Adj=855 State=20
06-29 20:00:48.318  1958  4692 I ActivityManager: Killing 31868:com.google.android.webview:webview_service/u0a192 (adj 855): OneKeyClean
06-29 20:00:48.320  1958  4692 I ProcessManager: OneKeyClean: kill com.google.android.webview:sandboxed_process0:org.chromium.content.app.SandboxedProcessService0:0 Adj=865 State=20
06-29 20:00:48.320  1958  4692 I ActivityManager: Killing 31782:com.google.android.webview:sandboxed_process0:org.chromium.content.app.SandboxedProcessService0:0/u0a162i56 (adj 865): OneKeyClean
06-29 20:00:48.322  1958  4692 I ProcessManager: OneKeyClean: kill com.google.process.gapps Adj=895 State=20
06-29 20:00:48.323  1958  4692 I ActivityManager: Killing 31555:com.google.process.gapps/u0a185 (adj 895): OneKeyClean
06-29 20:00:48.324  1958  4692 I ProcessManager: OneKeyClean: kill com.android.server.telecom:ui Adj=905 State=20
06-29 20:00:48.324  1958  4692 I ActivityManager: Killing 31310:com.android.server.telecom:ui/1000 (adj 905): OneKeyClean
06-29 20:00:48.325  1958  4692 I ProcessManager: OneKeyClean: kill com.miui.global.packageinstaller Adj=915 State=20
06-29 20:00:48.326  1958  4692 I ActivityManager: Killing 31127:com.miui.global.packageinstaller/u0a162 (adj 915): OneKeyClean
06-29 20:00:48.331  1958  2645 W ActivityManager: Scheduling restart of crashed service com.android.settings/.dangerousoptions.DangerousOptionsWarningService in 203652ms
06-29 20:00:48.332  3855  3855 I ActivityThread: Removing dead content provider:android.content.ContentProviderProxy@11a07c
06-29 20:00:48.336  1958  4692 I ProcessManager: OneKeyClean: kill com.android.keychain Adj=835 State=20
06-29 20:00:48.337  1958  4692 I ActivityManager: Killing 31096:com.android.keychain/1000 (adj 835): OneKeyClean
06-29 20:00:48.339  1958  3901 I WindowManager: WIN DEATH: Window{7841f44 u0 com.android.contacts/com.android.contacts.activities.TwelveKeyDialer}
06-29 20:00:48.354  1958  1996 W ActivityManager: setHasOverlayUi called on unknown pid: 30957
06-29 20:00:48.357  1958  4692 I ProcessManager: OneKeyClean: kill com.android.smspush Adj=100 State=7
06-29 20:00:48.358  1958  4692 I ActivityManager: Killing 30978:com.android.smspush/u0a155 (adj 100): OneKeyClean
06-29 20:00:48.415  1958  2645 I AutoStartManagerService: MIUILOG- Reject RestartService packageName :com.miui.guardprovider uid : 10115
06-29 20:00:48.425  1958  2645 W ActivityManager: Scheduling restart of crashed service com.miui.global.packageinstaller/org.chromium.content.app.SandboxedProcessService0:0 in 1000ms
06-29 20:00:48.438  1958  5236 W ActivityManager: Scheduling restart of crashed service com.android.smspush/.WapPushManager in 52922ms
06-29 20:00:48.474  1958  4692 W ActivityManager: Scheduling restart of crashed service com.qualcomm.qti.workloadclassifier/.WLCService in 83816ms
06-29 20:00:48.503  1958  3417 W ActivityManager: Scheduling restart of crashed service com.android.vending/com.google.frameworks.client.data.android.server.play.BackgroundProcessEndpointService in 62857ms
06-29 20:00:48.511  1958  4807 W ActivityManager: Scheduling restart of crashed service com.android.vending/com.google.android.finsky.developergroupidinfo.DeveloperGroupIdInfoService in 62849ms
06-29 20:00:48.516  1958  1979 W ActivityManager: Scheduling restart of crashed service com.miui.msa.global/com.zeus.gmc.sdk.mobileads.msa.odi.service.OnDeviceIntelligenceService in 363228ms
06-29 20:00:48.527 13482 13482 E ActivityThread: Service com.google.android.gms.chimera.GmsApiService has leaked ServiceConnection bofe@57a1986 that was originally bound here
06-29 20:00:48.527 13482 13482 E ActivityThread: android.app.ServiceConnectionLeaked: Service com.google.android.gms.chimera.GmsApiService has leaked ServiceConnection bofe@57a1986 that was originally bound here
06-29 20:00:48.527 13482 13482 E ActivityThread:        at android.app.LoadedApk$ServiceDispatcher.<init>(LoadedApk.java:1815)
06-29 20:00:48.527 13482 13482 E ActivityThread:        at android.app.LoadedApk.getServiceDispatcherCommon(LoadedApk.java:1687)
06-29 20:00:48.527 13482 13482 E ActivityThread:        at android.app.LoadedApk.getServiceDispatcher(LoadedApk.java:1666)
06-29 20:00:48.527 13482 13482 E ActivityThread:        at android.app.ContextImpl.bindServiceCommon(ContextImpl.java:1731)
06-29 20:00:48.527 13482 13482 E ActivityThread:        at android.app.ContextImpl.bindService(ContextImpl.java:1660)
06-29 20:00:48.527 13482 13482 E ActivityThread:        at android.content.ContextWrapper.bindService(ContextWrapper.java:715)
06-29 20:00:48.527 13482 13482 E ActivityThread:        at android.content.ContextWrapper.bindService(ContextWrapper.java:715)
06-29 20:00:48.527 13482 13482 E ActivityThread:        at android.content.ContextWrapper.bindService(ContextWrapper.java:715)
06-29 20:00:48.527 13482 13482 E ActivityThread:        at boej.bindService(:com.google.android.gms@252431013@25.24.31 (100400-772615181):10)
06-29 20:00:48.527 13482 13482 E ActivityThread:        at android.content.ContextWrapper.bindService(ContextWrapper.java:715)
06-29 20:00:48.527 13482 13482 E ActivityThread:        at android.content.ContextWrapper.bindService(ContextWrapper.java:715)
06-29 20:00:48.527 13482 13482 E ActivityThread:        at android.content.ContextWrapper.bindService(ContextWrapper.java:715)
06-29 20:00:48.527 13482 13482 E ActivityThread:        at android.content.ContextWrapper.bindService(ContextWrapper.java:715)
06-29 20:00:48.527 13482 13482 E ActivityThread:        at ayei.i(:com.google.android.gms@252431013@25.24.31 (100400-772615181):17)
06-29 20:00:48.527 13482 13482 E ActivityThread:        at ayei.f(:com.google.android.gms@252431013@25.24.31 (100400-772615181):97)
06-29 20:00:48.527 13482 13482 E ActivityThread:        at ayei.e(:com.google.android.gms@252431013@25.24.31 (100400-772615181):8)
06-29 20:00:48.527 13482 13482 E ActivityThread:        at zqs.a(:com.google.android.gms@252431013@25.24.31 (100400-772615181):47)
06-29 20:00:48.527 13482 13482 E ActivityThread:        at iqu.a(:com.google.android.gms@252431013@25.24.31 (100400-772615181):19)
06-29 20:00:48.527 13482 13482 E ActivityThread:        at zqx.<init>(:com.google.android.gms@252431013@25.24.31 (100400-772615181):11)
06-29 20:00:48.527 13482 13482 E ActivityThread:        at zrx.call(:com.google.android.gms@252431013@25.24.31 (100400-772615181):18)
06-29 20:00:48.527 13482 13482 E ActivityThread:        at java.util.concurrent.FutureTask.run(FutureTask.java:266)
06-29 20:00:48.527 13482 13482 E ActivityThread:        at ayhu.c(:com.google.android.gms@252431013@25.24.31 (100400-772615181):50)
06-29 20:00:48.527 13482 13482 E ActivityThread:        at ayhu.run(:com.google.android.gms@252431013@25.24.31 (100400-772615181):70)
06-29 20:00:48.527 13482 13482 E ActivityThread:        at java.util.concurrent.ThreadPoolExecutor.runWorker(ThreadPoolExecutor.java:1167)
06-29 20:00:48.527 13482 13482 E ActivityThread:        at java.util.concurrent.ThreadPoolExecutor$Worker.run(ThreadPoolExecutor.java:641)
06-29 20:00:48.527 13482 13482 E ActivityThread:        at aynj.run(:com.google.android.gms@252431013@25.24.31 (100400-772615181):8)
06-29 20:00:48.527 13482 13482 E ActivityThread:        at java.lang.Thread.run(Thread.java:919)
06-29 20:00:48.620  1958  2066 W BaseMiuiPhoneWindowManager: keyCode:82 down:true eventTime:28004449 downTime:28004449 policyFlags:2b000002 flags:48 deviceId:-1 isScreenOn:true keyguardActive:false repeatCount:0
06-29 20:00:48.653  1958  1996 W WindowManager: setLauncherState= 1
06-29 20:00:48.708  1958  5269 W BaseMiuiPhoneWindowManager: keyCode:82 down:false eventTime:28004538 downTime:28004449policyFlags:2b000002 flags:48 deviceId:-1 isScreenOn:true keyguardActive:false repeatCount:0
06-29 20:00:48.742  1958  1996 W WindowManager: setLauncherState= 2
06-29 20:00:48.971  1958  1979 E WindowManager: App trying to use insecure INPUT_FEATURE_NO_INPUT_CHANNEL flag. Ignoring
06-29 20:00:50.986  1958  5269 W NotificationService: Toast already killed. pkg=com.miui.home callback=android.app.ITransientNotification$Stub$Proxy@9cadc6
06-29 20:00:51.084  1958  5269 W BaseMiuiPhoneWindowManager: keyCode:3 down:true eventTime:28006912 downTime:28006912 policyFlags:2b000002 flags:48 deviceId:-1 isScreenOn:true keyguardActive:false repeatCount:0
06-29 20:00:51.167  1958  1979 W BaseMiuiPhoneWindowManager: keyCode:3 down:false eventTime:28006996 downTime:28006912 policyFlags:2b000002 flags:48 deviceId:-1 isScreenOn:true keyguardActive:false repeatCount:0
06-29 20:00:51.174  1958  2089 I ActivityTaskManager: START u0 {act=android.intent.action.MAIN cat=[android.intent.category.HOME] flg=0x10000100 cmp=com.miui.home/.launcher.Launcher (has extras)} from uid 0
06-29 20:00:51.178 25324 25324 W ActivityThread: SCHED: com.miui.home/.launcher.Launcher [74, r=158ms, a=55ms, w=4407ms]
06-29 20:00:51.283  1958  1979 W BaseMiuiPhoneWindowManager: keyCode:3 down:true eventTime:28007113 downTime:28007113 policyFlags:2b000002 flags:48 deviceId:-1 isScreenOn:true keyguardActive:false repeatCount:0
06-29 20:00:51.287  1958  1996 W WindowManager: setLauncherState= 1
06-29 20:00:51.342  1958  2066 W BaseMiuiPhoneWindowManager: keyCode:3 down:false eventTime:28007172 downTime:28007113 policyFlags:2b000002 flags:48 deviceId:-1 isScreenOn:true keyguardActive:false repeatCount:0
06-29 20:00:51.348  1958  2089 I ActivityTaskManager: START u0 {act=android.intent.action.MAIN cat=[android.intent.category.HOME] flg=0x10000100 cmp=com.miui.home/.launcher.Launcher (has extras)} from uid 0
06-29 20:00:51.360 25324 25324 W ActivityThread: SCHED: com.miui.home/.launcher.Launcher [57, r=31ms, a=23ms, w=116ms]
06-29 20:00:51.456  1958  2066 W BaseMiuiPhoneWindowManager: keyCode:3 down:true eventTime:28007284 downTime:28007284 policyFlags:2b000002 flags:48 deviceId:-1 isScreenOn:true keyguardActive:false repeatCount:0
06-29 20:00:51.516  1958  1979 W BaseMiuiPhoneWindowManager: keyCode:3 down:false eventTime:28007346 downTime:28007284 policyFlags:2b000002 flags:48 deviceId:-1 isScreenOn:true keyguardActive:false repeatCount:0
06-29 20:00:51.522  1958  2089 I ActivityTaskManager: START u0 {act=android.intent.action.MAIN cat=[android.intent.category.HOME] flg=0x10000100 cmp=com.miui.home/.launcher.Launcher (has extras)} from uid 0
06-29 20:00:51.541 25324 25324 W ActivityThread: SCHED: com.miui.home/.launcher.Launcher [73, r=19ms, a=7ms, w=149ms]
06-29 20:00:52.475  1958  1996 W WindowManager: Unable to start animation, surface is null or no children.
06-29 20:00:53.514  1958  1979 I PowerManagerService: Going to sleep due to application (uid 1000)...
06-29 20:00:53.514  1958  1958 W UsageStatsService: Event reported without a package name, eventType:16
06-29 20:00:53.516  1958  1958 I WindowManager: Started going to sleep... (why=OFF_BECAUSE_OF_USER)
06-29 20:00:53.765  1958  2017 I DisplayPowerController: Blocking screen off
06-29 20:00:53.768  1958  2017 I DisplayPowerController: Unblocked screen off after 2 ms
06-29 20:00:53.768  1958  2017 I WindowManager: Screen turned off...
06-29 20:00:53.773  1958  2014 E KernelCpuUidUserSysTimeReader: Negative user/sys time delta for UID=99056
06-29 20:00:53.773  1958  2014 E KernelCpuUidUserSysTimeReader: Prev times: u=676 s=276 Curr times: u=614 s=217
06-29 20:00:53.773  1958  2014 E KernelCpuUidUserSysTimeReader: Negative user/sys time delta for UID=10185
06-29 20:00:53.773  1958  2014 E KernelCpuUidUserSysTimeReader: Prev times: u=713169 s=306171 Curr times: u=713073 s=306070
06-29 20:00:53.773  1958  2014 E KernelCpuUidUserSysTimeReader: Negative user/sys time delta for UID=10193
06-29 20:00:53.773  1958  2014 E KernelCpuUidUserSysTimeReader: Prev times: u=316612 s=372400 Curr times: u=316502 s=372327
06-29 20:00:53.773  1958  2014 E KernelCpuUidUserSysTimeReader: Negative user/sys time delta for UID=10112
06-29 20:00:53.773  1958  2014 E KernelCpuUidUserSysTimeReader: Prev times: u=28556 s=10451 Curr times: u=28339 s=10351
06-29 20:00:53.773  1958  2014 E KernelCpuUidUserSysTimeReader: Negative user/sys time delta for UID=10175
06-29 20:00:53.773  1958  2014 E KernelCpuUidUserSysTimeReader: Prev times: u=881106 s=259877 Curr times: u=880577 s=259786
06-29 20:00:53.773  1958  2014 E KernelCpuUidUserSysTimeReader: Negative user/sys time delta for UID=10162
06-29 20:00:53.773  1958  2014 E KernelCpuUidUserSysTimeReader: Prev times: u=123618 s=56275 Curr times: u=123101 s=56005
06-29 20:00:53.773  1958  2014 E KernelCpuUidUserSysTimeReader: Negative user/sys time delta for UID=10123
06-29 20:00:53.773  1958  2014 E KernelCpuUidUserSysTimeReader: Prev times: u=174164 s=86206 Curr times: u=174069 s=86109
06-29 20:00:53.773  1958  2014 E KernelCpuUidUserSysTimeReader: Negative user/sys time delta for UID=10126
06-29 20:00:53.773  1958  2014 E KernelCpuUidUserSysTimeReader: Prev times: u=29237 s=10266 Curr times: u=29046 s=10201
06-29 20:00:53.773  1958  2014 E KernelCpuUidUserSysTimeReader: Negative user/sys time delta for UID=10163
06-29 20:00:53.773  1958  2014 E KernelCpuUidUserSysTimeReader: Prev times: u=9927 s=4674 Curr times: u=9819 s=4569
06-29 20:00:53.785  1958  2017 W ActivityManager: Unable to start service Intent { act=miui.action.CAMERA_EMPTY_SERVICEpkg=com.android.camera } U=0: not found
06-29 20:00:53.786 25324 25324 W ActivityThread: SCHED: com.miui.home/.launcher.Launcher [87, r=70ms, a=10ms, w=2240ms]
06-29 20:00:53.808  1958  1996 I DisplayManagerService: Display device changed state: "Built-in Screen", OFF
06-29 20:00:54.105  1958  2168 W BpBinder: Slow Binder: BpBinder transact took 307ms, interface=android.ui.ISurfaceComposer, code=19 oneway=false
06-29 20:00:54.120  1958  2017 W DreamManagerService: Dream ComponentInfo{com.android.systemui/com.android.systemui.doze.DozeService} does not exist
06-29 20:00:54.121  1958  2017 I PowerManagerService: Sleeping (uid 1000)...
06-29 20:00:54.125  1958  1958 I WindowManager: Finished going to sleep... (why=OFF_BECAUSE_OF_USER)
06-29 20:00:54.132  2181  2198 W KeyguardViewMediator: doKeyguard: showing the lock screen
06-29 20:00:54.231  1958  1996 W UsageStatsService: Event reported without a package name, eventType:17
06-29 20:00:54.232  1958  1996 I WindowManager: updateContrastOverlay, darkmode: true isContrastEnabled: true alpha: 0.071400575
06-29 20:00:54.371  1958  2011 I ActivityManager: Start proc 32718:com.google.android.apps.wellbeing/u0a189 for broadcast {com.google.android.apps.wellbeing/com.google.android.apps.wellbeing.alarm.NextAlarmClockChangedReceiver_Receiver} caller=android
06-29 20:00:54.865  1958  2014 E BatteryExternalStatsWorker: no controller energy info supplied for bluetooth
06-29 20:01:01.435  1958  2011 I ActivityManager: Start proc 32762:com.qualcomm.telephony/u0a195 for service {com.qualcomm.atfwd/com.qualcomm.atfwd.AtFwdService} caller=com.qualcomm.atfwd
06-29 20:01:01.981  1958  1958 W WindowManager: removeWindowToken: Attempted to remove non-existing token: android.os.Binder@a6b00f2
06-29 20:01:10.449  1958  2011 I ActivityManager: Start proc 488:com.android.chrome/u0a193 for broadcast {com.android.chrome/com.google.firebase.iid.FirebaseInstanceIdReceiver} caller=com.google.android.gms
06-29 20:01:21.430  1958  2011 I ActivityManager: Start proc 601:com.qti.diagservices/1000 for service {com.qti.diagservices/com.qti.diagservices.QTIDiagServices} caller=com.qti.diagservices
06-29 20:01:30.598  1958  2011 I ActivityManager: Start proc 634:com.miui.msa.global/u0a123 for service {com.miui.msa.global/com.miui.systemAdSolution.splashscreen.SplashScreenService} caller=android
06-29 20:01:31.404  1958  2011 I ActivityManager: Start proc 950:com.android.settings/1000 for service {com.android.settings/com.android.settings.connecteddevice.usb.MiUsbService} caller=com.android.settings
06-29 20:01:32.761  1958  2646 W ActivityManager: Receiver with filter android.content.IntentFilter@800c396 already registered for pid 634, callerPackage is com.miui.msa.global
06-29 20:01:32.762  1958  2646 W ActivityManager: Receiver with filter android.content.IntentFilter@fef2b17 already registered for pid 634, callerPackage is com.miui.msa.global
06-29 20:01:41.429  1958  2011 I ActivityManager: Start proc 1696:com.android.smspush/u0a155 for service {com.android.smspush/com.android.smspush.WapPushManager} caller=com.android.phone
06-29 20:02:12.365  1958  2011 I ActivityManager: Start proc 1939:com.qualcomm.qti.workloadclassifier/1000 for service {com.qualcomm.qti.workloadclassifier/com.qualcomm.qti.workloadclassifier.WLCService} caller=com.qualcomm.qti.workloadclassifier
06-29 20:03:35.164  1958  2011 I ActivityManager: Start proc 2033:org.zwanoo.android.speedtest/u0a412 for broadcast {org.zwanoo.android.speedtest/com.google.firebase.iid.FirebaseInstanceIdReceiver} caller=com.google.android.gms
06-29 20:03:36.247  1958  2011 I ActivityManager: Start proc 2223:com.android.vending/u0a175 for service {com.android.vending/com.google.android.finsky.billing.iab.InAppBillingService} caller=org.zwanoo.android.speedtest
06-29 20:03:36.958  1958  2011 I ActivityManager: Start proc 2323:com.google.process.gservices/u0a185 for content provider {com.google.android.gsf/com.google.android.gsf.gservices.GservicesProvider} caller=com.android.vending
06-29 20:03:37.056  1958  2011 I ActivityManager: Start proc 2365:com.google.process.gapps/u0a185 for content provider {com.google.android.gsf/com.google.android.gsf.settings.GoogleSettingsProvider} caller=com.android.vending
06-29 20:03:37.260  2223  2313 W BpBinder: Slow Binder: BpBinder transact took 357ms, interface=android.app.IActivityManager, code=20 oneway=false
06-29 20:03:37.310  2223  2315 W BpBinder: Slow Binder: BpBinder transact took 294ms, interface=android.app.IActivityManager, code=20 oneway=false
06-29 20:03:37.487  2033  2392 W BpBinder: Slow Binder: BpBinder transact took 402ms, interface=com.android.vending.billing.IInAppBillingService, code=1 oneway=false
06-29 20:03:37.499  2223  2452 W FileUtils: Slow Operation: fsync took 124ms
06-29 20:03:37.628  1958  2011 I ActivityManager: Start proc 2521:com.android.vending:background/u0a175 for service {com.android.vending/com.google.frameworks.client.data.android.server.play.BackgroundProcessEndpointService} caller=com.android.vending
06-29 20:03:37.995  2033  2503 W BpBinder: Slow Binder: BpBinder transact took 420ms, interface=com.android.vending.billing.IInAppBillingService, code=9 oneway=false
06-29 20:03:38.087  2033  2509 W BpBinder: Slow Binder: BpBinder transact took 512ms, interface=com.android.vending.billing.IInAppBillingService, code=9 oneway=false
06-29 20:03:54.714  1958  2014 E BatteryExternalStatsWorker: no controller energy info supplied for bluetooth
06-29 20:04:12.048  1958  2011 I ActivityManager: Start proc 2721:com.android.settings:remote/1000 for service {com.android.settings/com.android.settings.dangerousoptions.DangerousOptionsWarningService} caller=com.android.settings
06-29 20:05:46.266  1958  2011 I ActivityManager: Start proc 2808:com.whatsapp/u0a762 for broadcast {com.whatsapp/com.whatsapp.alarmservice.AlarmBroadcastReceiver} caller=com.whatsapp
06-29 20:05:46.734  1958  2014 E BatteryExternalStatsWorker: no controller energy info supplied for bluetooth
06-29 20:05:47.846  1958  1979 W BluetoothManagerService: bindBluetoothProfileService:Trying to bind to profile: 1, while Bluetooth is disabled
06-29 20:05:48.241  1958  2011 I ActivityManager: Start proc 2948:com.facebook.services/u0a100 for service {com.facebook.services/com.facebook.oxygen.services.fbns.PreloadedFbnsService} caller=com.whatsapp
06-29 20:06:02.952  1958  2010 I ActivityManager: Waited long enough for: ServiceRecord{a78914b u0 com.whatsapp/.messaging.MessageService}
06-29 20:07:54.528  1958  2011 I ActivityManager: Start proc 3038:app.revanced.android.gms:persistent/u0a687 for service {app.revanced.android.gms/org.microg.gms.gcm.McsService} caller=app.revanced.android.gms
06-29 20:07:55.005  1958  2014 E BatteryExternalStatsWorker: no controller energy info supplied for bluetooth
06-29 20:07:55.175  1958  2011 I ActivityManager: Start proc 3061:app.revanced.android.gms/u0a687 for content provider {app.revanced.android.gms/org.microg.gms.settings.SettingsProvider} caller=app.revanced.android.gms
06-29 20:07:55.709  3038  3038 W BpBinder: Slow Binder: BpBinder transact took 594ms, interface=android.app.IActivityManager, code=20 oneway=false
06-29 20:08:01.320  1958  2014 E BatteryExternalStatsWorker: no controller energy info supplied for bluetooth
06-29 20:08:52.530  1958  2009 I UsageStatsService: User[0] Flushing usage stats to disk
06-29 20:08:52.727  1958  2009 E AppIdleHistory: Error writing app idle file for user 0
06-29 20:10:48.475  1958  2014 E BatteryExternalStatsWorker: no controller energy info supplied for bluetooth
06-29 20:10:54.468  1958  3901 I ProcessManager: Kill reason LockScreenClean from pid=25666
06-29 20:10:54.472  1958  3901 I ProcessManager: LockScreenClean: kill-background app.revanced.android.gms Adj=805 State=20
06-29 20:10:54.472  1958  3901 I AutoStartManagerService: MIUILOG- Reject RestartService packageName :app.revanced.android.gms uid : 10687
06-29 20:10:54.477  1958  3901 I ActivityManager: Killing 3061:app.revanced.android.gms/u0a687 (adj 805): LockScreenClean
06-29 20:10:54.493  1958  3901 I ActivityManager: Killing 3038:app.revanced.android.gms:persistent/u0a687 (adj 500): LockScreenClean
06-29 20:10:54.497  1958  3901 I AutoStartManagerService: MIUILOG- Reject RestartService packageName :app.revanced.android.gms uid : 10687
06-29 20:10:54.502  1958  3901 I ProcessManager: LockScreenClean: kill-background com.whatsapp Adj=815 State=20
06-29 20:10:54.503  1958  3901 I ActivityManager: Killing 2808:com.whatsapp/u0a762 (adj 815): LockScreenClean
06-29 20:10:54.513  1958  3901 I ProcessManager: LockScreenClean: kill-background org.zwanoo.android.speedtest Adj=815 State=20
06-29 20:10:54.513  1958  3901 I AutoStartManagerService: MIUILOG- Reject RestartService packageName :org.zwanoo.android.speedtest uid : 10412
06-29 20:10:54.515  1958  3901 I ActivityManager: Killing 2033:org.zwanoo.android.speedtest/u0a412 (adj 815): LockScreenClean
06-29 20:10:55.174  1958 13002 W ContextImpl: Calling a method in the system process without a qualified user: android.app.ContextImpl.sendBroadcast:1055 android.content.ContextWrapper.sendBroadcast:458 android.net.util.MiuiSapExtensionUtils.sendStaDevInfo:87 android.net.dhcp.DhcpServer.processRequest:418 android.net.dhcp.DhcpServer.processPacket:371
06-29 20:11:10.325  1958  2090 W BaseMiuiPhoneWindowManager: keyCode:23 down:true eventTime:28626154 downTime:28626154 policyFlags:2000000 flags:8 deviceId:0 isScreenOn:false keyguardActive:true repeatCount:0
06-29 20:11:10.326  1958  2090 I PowerManagerService: Waking up from Asleep (uid=1000, reason=WAKE_REASON_UNKNOWN, details=miui.policy:FINGERPRINT_DPAD_CENTER)...
06-29 20:11:10.328  1958  1958 W UsageStatsService: Event reported without a package name, eventType:15
06-29 20:11:10.332  1958  2017 I DisplayPowerController: Blocking screen on until initial contents have been drawn.
06-29 20:11:10.332  1958  1958 I WindowManager: Started waking up... (why=ON_BECAUSE_OF_UNKNOWN)
06-29 20:11:10.387  1958  2017 I WindowManager: Screen turning on...
06-29 20:11:10.394  2181  3389 W KeyguardViewMediator: notifyScreenOn
06-29 20:11:10.406  1958  1996 I DisplayManagerService: Display device changed state: "Built-in Screen", ON
06-29 20:11:10.437  2181  2181 I miui_face: start face unlock
06-29 20:11:10.438  2181  2924 I miui_face: start verify time=1
06-29 20:11:10.448  2181  2181 W KeyguardViewMediator: handleNotifyScreenTurningOn
06-29 20:11:10.448  2181  2181 W KeyguardViewMediator: notifyDrawn
06-29 20:11:10.448  1958  4526 I WindowManager: mKeyguardDelegate.ShowListener.onDrawn.
06-29 20:11:10.449  1958  2132 I AutoStartManagerService: MIUILOG- Reject service :Intent { cmp=org.zwanoo.android.speedtest/com.ookla.speedtestengine.reporting.bgreports.BGReportJobServiceImpl } userId : 0 uid : 10412
06-29 20:11:10.489  1958  1994 W WindowManager: Setting mKeyguardDrawComplete
06-29 20:11:10.489  1958  1994 I WindowManager: All windows ready for display!
06-29 20:11:10.492  1958  2014 E BatteryExternalStatsWorker: no controller energy info supplied for bluetooth
06-29 20:11:10.507  1958  1994 W WindowManager: Setting mWindowManagerDrawComplete
06-29 20:11:10.507  1958  1994 I WindowManager: Finished screen turning on...
06-29 20:11:10.507  1958  2017 I DisplayPowerController: Unblocked screen on after 176 ms
06-29 20:11:10.526  1958  2132 I JobServiceContext: MIUILOG- Reject Start Job, cancelJob uid : 10412 jobId :1
06-29 20:11:10.556  1958  2017 W PowerManagerService: Screen on took 230 ms
06-29 20:11:10.556  1958  1958 I WindowManager: Finished waking up... (why=ON_BECAUSE_OF_UNKNOWN)
06-29 20:11:10.886  1958  2090 W BaseMiuiPhoneWindowManager: keyCode:23 down:false eventTime:28626716 downTime:28626154policyFlags:22000000 flags:8 deviceId:0 isScreenOn:true keyguardActive:true repeatCount:0
06-29 20:11:10.930   788   903 W EventThreadInspector: slow VSync-sf on display(19260784713820289), count=3, avg=38 ms,max=48 ms.
06-29 20:11:10.930   788   902 W EventThreadInspector: slow VSync-app on display(19260784713820289), count=3, avg=37 ms, max=46 ms.
06-29 20:11:10.956  1958  2014 E BatteryExternalStatsWorker: no controller energy info supplied for bluetooth
06-29 20:11:11.168  4027  4215 W BpBinder: Slow Binder: BpBinder transact took 398ms, interface=android.hardware.camera2.ICameraDeviceUser, code=6 oneway=false
06-29 20:11:11.426  3855 30511 W MiuiPerfServiceClient: interceptAndQueuing:2181|com.android.systemui|587|61|unknown|null|StatusBar|28626849209859|Slow issue draw commands|27
06-29 20:11:11.517  2181  2924 I miui_face:  authenCallback, onAuthenticationHelp helpCode:5 helpString:未检测到人脸
06-29 20:11:11.557  2181  2924 I miui_face:  authenCallback, onAuthenticationHelp helpCode:5 helpString:未检测到人脸
06-29 20:11:11.599  2181  2181 E miui_face: start face unlock fail ,faceDetectTypeForCamera=1
06-29 20:11:11.612  2181  2924 I miui_face:  authenCallback, onAuthenticationHelp helpCode:5 helpString:未检测到人脸
06-29 20:11:11.980  2181  2924 I chatty  : uid=1000(system) face_unlock identical 4 lines
06-29 20:11:12.081  2181  2924 I miui_face:  authenCallback, onAuthenticationHelp helpCode:5 helpString:未检测到人脸
06-29 20:11:12.126  1958  2014 E BatteryExternalStatsWorker: no controller energy info supplied for bluetooth
06-29 20:11:12.179  2181  2924 I miui_face:  authenCallback, onAuthenticationHelp helpCode:5 helpString:未检测到人脸
06-29 20:11:13.105  2181  2924 I chatty  : uid=1000(system) face_unlock identical 9 lines
06-29 20:11:13.199  2181  2924 I miui_face:  authenCallback, onAuthenticationHelp helpCode:5 helpString:未检测到人脸
06-29 20:11:13.219  2181  2181 I miui_keyguard_password: password unlock duration 155
06-29 20:11:13.241  1958  5270 W FingerprintService: Ignoring lockout reset, no templates enrolled
06-29 20:11:13.242  2181  2181 W miui_keyguard: unlock keyguard by pw
06-29 20:11:13.295  2181  2924 I miui_face:  authenCallback, onAuthenticationHelp helpCode:5 helpString:未检测到人脸
06-29 20:11:13.332  1958  2351 I LockSettingsService: Unlocking user 0 with secret only, length 32
06-29 20:11:13.332  1958  2351 I LockSettingsService: Disabling escrow token on user 0
06-29 20:11:13.334  1958  2351 I LockSettingsService: Caching SP for user 0
06-29 20:11:13.336  2181 17477 W BpBinder: Slow Binder: BpBinder transact took 228ms, interface=com.android.internal.widget.ILockSettings, code=10 oneway=false
06-29 20:11:13.336  1958  1958 I LockSettingsService: Removing SP from cache for user 0
06-29 20:11:13.385  2181  2181 I miui_face: stop face unlock
06-29 20:11:13.389  2181  2924 I miui_face: authenCallback, onAuthenticationError code:2000 msg:取消成功
06-29 20:11:13.402  1958  5270 I Timeline: Timeline: App_transition_ready time:28629232
06-29 20:11:13.403  2181  3626 I KeyguardViewMediator: call fw keyguardGoingAway: flags = 8
06-29 20:11:13.404  1958  1997 I Timeline: Timeline: App_transition_ready time:28629235
06-29 20:11:13.443  1958  3901 I Timeline: Timeline: App_transition_ready time:28629273
06-29 20:11:13.474  1958  1997 I Timeline: Timeline: App_transition_ready time:28629304
06-29 20:11:13.484  1958  1997 I Timeline: Timeline: App_transition_ready time:28629314
06-29 20:11:13.494  1958  1997 I Timeline: Timeline: App_transition_ready time:28629324
06-29 20:11:13.494  2181  2181 I KeyguardViewMediator: handleStartKeyguardExitAnimation startTime=28629323 fadeoutDuration=150
06-29 20:11:13.503  1958  1996 W UsageStatsService: Event reported without a package name, eventType:18
06-29 20:11:13.504  1958  1996 I WindowManager: updateContrastOverlay, darkmode: true isContrastEnabled: true alpha: 0.071400575
06-29 20:11:13.551  2181  2181 I miui_face: face unlock success time=3114
06-29 20:11:13.561  1958  2010 W BroadcastQueue: Background execution not allowed: receiving Intent { act=android.intent.action.USER_PRESENT flg=0x24200010 } to com.jio.myjio/com.jio.clickstream.tbn.PowerConnectionReceiver
06-29 20:11:13.561  1958  2010 W BroadcastQueue: Background execution not allowed: receiving Intent { act=android.intent.action.USER_PRESENT flg=0x24200010 } to com.android.chrome/org.chromium.chrome.browser.sharing.click_to_call.ClickToCallMessageHandler$PhoneUnlockedReceiver
06-29 20:11:13.561  1958  2010 W BroadcastQueue: Background execution not allowed: receiving Intent { act=android.intent.action.USER_PRESENT flg=0x24200010 } to com.google.android.gms/.auth.setup.devicesignals.LockScreenReceiver
06-29 20:11:13.561  1958  2010 W BroadcastQueue: Background execution not allowed: receiving Intent { act=android.intent.action.USER_PRESENT flg=0x24200010 } to com.google.android.gms/.chimera.GmsIntentOperationService$PersistentTrustedReceiver
06-29 20:11:13.561  1958  2010 W BroadcastQueue: Background execution not allowed: receiving Intent { act=android.intent.action.USER_PRESENT flg=0x24200010 } to info.kfsoft.force.rotation/.RestartReceiver
06-29 20:11:13.605   950   950 I Timeline: Timeline: Activity_launch_request time:28629436
06-29 20:11:13.607  1958  2066 I ActivityTaskManager: START u0 {flg=0x10000000 cmp=com.android.settings/.Settings$UsbDetailsActivity} from uid 1000
06-29 20:11:13.915 25324 25324 W ActivityThread: SCHED: com.miui.home/.launcher.Launcher [70, r=47ms, a=20ms, w=491ms]
06-29 20:11:13.917  2181  2663 W BpBinder: Slow Binder: BpBinder transact took 310ms, interface=android.app.IActivityTaskManager, code=58 oneway=false
06-29 20:11:13.917  1958  1997 I Timeline: Timeline: Activity_windows_visible id: ActivityRecord{ddb1799 u0 com.miui.home/.launcher.Launcher t1} time:28629747
06-29 20:11:13.917  2181  2181 W BpBinder: Slow Binder: BpBinder transact took 304ms, interface=android.view.IWindowSession, code=4 oneway=false
06-29 20:11:13.919  1958  5236 I ActivityTaskManager: The Process com.android.settings Already Exists in BG. So sendingits PID: 950
06-29 20:11:13.924  1958  5236 I Timeline: Timeline: App_transition_ready time:28629754
06-29 20:11:13.925  2948  2948 W BpBinder: Slow Binder: BpBinder transact took 328ms, interface=android.app.IActivityManager, code=71 oneway=false
06-29 20:11:13.926  1958  1997 I Timeline: Timeline: App_transition_ready time:28629756
06-29 20:11:13.927   950   950 W BpBinder: Slow Binder: BpBinder transact took 306ms, interface=android.app.IActivityTaskManager, code=1 oneway=false
06-29 20:11:13.931 25666  3183 W BpBinder: Slow Binder: BpBinder transact took 334ms, interface=android.app.IActivityManager, code=71 oneway=false
06-29 20:11:13.934 21390 21607 W BpBinder: Slow Binder: BpBinder transact took 323ms, interface=android.app.IAlarmManager, code=1 oneway=false
06-29 20:11:13.942   780   780 W BpBinder: Slow Binder: BpBinder transact took 337ms, interface=android.app.IActivityManager, code=4 oneway=false
06-29 20:11:13.946  2181  2181 W Looper  : Slow Looper main: doFrame is 316ms late because of 10 msg, msg 1 took 317ms (seq=237042 running=3ms late=31ms h=android.view.Choreographer$FrameHandler c=android.view.Choreographer$FrameDisplayEventReceiver)
06-29 20:11:13.949  3787  3787 W BpBinder: Slow Binder: BpBinder transact took 301ms, interface=android.app.IActivityManager, code=27 oneway=false
06-29 20:11:14.036  1958  3851 I Timeline: Timeline: App_transition_ready time:28629866
06-29 20:11:14.037  1958  3851 I Timeline: Timeline: App_transition_ready time:28629868
06-29 20:11:14.079  1958  2014 E BatteryExternalStatsWorker: no controller energy info supplied for bluetooth
06-29 20:11:14.129  3855 30511 W MiuiPerfServiceClient: interceptAndQueuing:2181|com.android.systemui|417|350|unknown|null|StatusBar|28629779164597|Slow handle traversal|3
06-29 20:11:14.182 25324 25324 W InputEventReceiver: App Input: Dispatching InputEvent took 111ms in main thread! (MotionEvent: event_seq=13193, seq=128793, action=ACTION_DOWN)
06-29 20:11:14.207  1958  4807 I Timeline: Timeline: App_transition_ready time:28630037
06-29 20:11:14.391  1958  1958 W Looper  : Slow dispatch took 832ms main h=android.app.ActivityThread$H c=android.app.-$$Lambda$LoadedApk$ReceiverDispatcher$Args$_BumDX2UKsnxLVrE6UJsJZkotuA@f25d617 m=0
06-29 20:11:14.391  1958  1958 W Looper  : Slow delivery took 833ms main h=android.app.ActivityThread$H c=android.app.-$$Lambda$LoadedApk$ReceiverDispatcher$Args$_BumDX2UKsnxLVrE6UJsJZkotuA@5b8bbed m=0
06-29 20:11:14.457  1958  1958 W Looper  : Drained
06-29 20:11:14.512   950   950 W Activity: Slow Operation: Activity com.android.settings/.Settings$UsbDetailsActivity onCreate took 504ms
06-29 20:11:14.530   950   950 W Looper  : Slow Looper main: Activity com.android.settings/.Settings$UsbDetailsActivityis 607ms late (wall=1ms running=0ms ClientTransaction{ callbacks=[android.app.servertransaction.TopResumedActivityChangeItem] }) because of 3 msg, msg 1 took 369ms (seq=15 running=4ms runnable=3ms io=20ms h=android.app.ActivityThread$H c=android.app.-$$Lambda$LoadedApk$ReceiverDispatcher$Args$_BumDX2UKsnxLVrE6UJsJZkotuA), msg 3 took 598ms (seq=17 running=95ms runnable=47ms io=258ms late=9ms h=android.app.ActivityThread$H w=159)
06-29 20:11:14.556  1958  3851 I Timeline: Timeline: App_transition_ready time:28630386
06-29 20:11:14.557  1958  3851 I Timeline: Timeline: App_transition_ready time:28630387
06-29 20:11:14.616  1958  3851 I Timeline: Timeline: App_transition_ready time:28630446
06-29 20:11:14.620  1958  1997 I Timeline: Timeline: App_transition_ready time:28630450
06-29 20:11:14.639  1958  1997 I Timeline: Timeline: App_transition_ready time:28630469
06-29 20:11:14.785  1958  1997 I Timeline: Timeline: App_transition_stopped time:28630615
06-29 20:11:14.801  1958  1997 I Timeline: Timeline: Activity_windows_visible id: ActivityRecord{72135b0 u0 com.android.settings/.Settings$UsbDetailsActivity t1113} time:28630631
06-29 20:11:15.736   950   950 W ActivityThread: SCHED: com.android.settings/.Settings$UsbDetailsActivity [66, r=68ms, a=34ms, w=1216ms]
06-29 20:11:15.783  1958  4807 I Timeline: Timeline: App_transition_ready time:28631613
06-29 20:11:15.788  1958  4807 W ActivityTaskManager: Finishing task with all activities already finished
06-29 20:11:15.789  1958  4807 W ActivityTaskManager: Duplicate finish request for ActivityRecord{72135b0 u0 com.android.settings/.Settings$UsbDetailsActivity t1113 f}
06-29 20:11:15.820  1958  1997 I Timeline: Timeline: App_transition_stopped time:28631650
06-29 20:12:47.216  1958  2351 W BpBinder: Slow Binder: BpBinder transact took 790ms, interface=android.os.IInstalld, code=10 oneway=false
06-29 20:12:47.216  1958  2351 I InstallationStatistic: beginInstallSession: 1464817400
06-29 20:12:48.415  1958  5270 W ActivityManager: Permission Denial: getStackInfo() from pid=634, uid=10123 requires android.permission.MANAGE_ACTIVITY_STACKS
06-29 20:12:48.463  1958  2065 W BpBinder: Slow Binder: BpBinder transact took 293ms, interface=com.miui.server.ISplashScreenService, code=1 oneway=false
06-29 20:12:48.464  1958  2065 I ActivityTaskManager: START u0 {act=android.intent.action.VIEW dat=file:///data/app/vmdl1464817400.tmp typ=application/vnd.android.package-archive flg=0x18000000 cmp=com.miui.securitycenter/com.miui.permcenter.install.AdbInstallActivity (has extras)} from uid 1000
06-29 20:12:48.485 25324 25324 W ActivityThread: SCHED: com.miui.home/.launcher.Launcher [77, r=64ms, a=19ms, w=92741ms]
06-29 20:12:48.489  1958  5270 I ActivityTaskManager: The Process com.miui.securitycenter Already Exists in BG. So sending its PID: 30308
06-29 20:12:48.495  1958  5270 W ActivityTaskManager: Request to remove task ignored for non-existent task 1113
06-29 20:12:48.501  1958  5270 I Timeline: Timeline: App_transition_ready time:28724331
06-29 20:12:48.666  1958  2011 I ActivityManager: Start proc 3324:com.miui.guardprovider/u0a115 for content provider {com.miui.guardprovider/com.miui.guardprovider.GuardProvider} caller=com.miui.securitycenter
06-29 20:12:48.904  3324  3342 W SystemConfig: No directory /product_services/etc/sysconfig, skipping
06-29 20:12:48.904  3324  3342 W SystemConfig: No directory /product_services/etc/permissions, skipping
06-29 20:12:49.015 30308 30308 W Looper  : Slow Looper main: Activity com.miui.securitycenter/com.miui.permcenter.install.AdbInstallActivity is 518ms late (wall=0ms running=0ms ClientTransaction{ callbacks=[android.app.servertransaction.TopResumedActivityChangeItem] }) because of 1 msg, msg 1 took 516ms (seq=51 running=69ms runnable=18ms io=138ms late=2ms h=android.app.ActivityThread$H w=159)
06-29 20:12:49.021  1958  3901 I Timeline: Timeline: App_transition_ready time:28724851
06-29 20:12:49.021  1958  3901 I Timeline: Timeline: App_transition_stopped time:28724851
06-29 20:12:49.112  1958  2010 I ActivityManager: Force stopping com.BHG.sharechat appid=10768 user=-1: installPackageLI
06-29 20:12:49.113  1958  2022 I PackageManager: Update package com.BHG.sharechat code path from /data/app/com.BHG.sharechat-e1nSJPGW3IIZHXFvc0mbXw== to /data/app/com.BHG.sharechat-TSMviS2L6QPFYHqbVj5C2Q==; Retain data and using new
06-29 20:12:49.113  1958  2022 I PackageManager: Update package com.BHG.sharechat resource path from /data/app/com.BHG.sharechat-e1nSJPGW3IIZHXFvc0mbXw== to /data/app/com.BHG.sharechat-TSMviS2L6QPFYHqbVj5C2Q==; Retain data and using new
06-29 20:12:49.251  1958  2022 W FileUtils: Slow Operation: fsync took 103ms
06-29 20:12:49.322  1958  2022 I PackageManager: Un-granting permission android.permission.WRITE_MEDIA_STORAGE from package com.jio.media.jiobeats (protectionLevel=18 flags=0x20d83e44)
06-29 20:12:49.322  1958  2022 I PackageManager: Un-granting permission android.permission.WRITE_SETTINGS from package com.jio.media.jiobeats (protectionLevel=1218 flags=0x20d83e44)
06-29 20:12:49.322  1958  2022 I PackageManager: Un-granting permission android.permission.MANAGE_DOCUMENTS from package com.google.android.youtube (protectionLevel=262146 flags=0x20dbbec5)
06-29 20:12:49.323  1958  2022 I PackageManager: Un-granting permission android.permission.REQUEST_INSTALL_PACKAGES from package com.revanced.net.revancedmanager (protectionLevel=66 flags=0x20c8be44)
06-29 20:12:49.324  1958  2022 I PackageManager: Un-granting permission android.permission.CAPTURE_AUDIO_OUTPUT from package com.google.android.googlequicksearchbox (protectionLevel=18 flags=0xa8dbbec5)
06-29 20:12:49.324  1958  2022 I PackageManager: Un-granting permission android.permission.SUBSTITUTE_SHARE_TARGET_APP_NAME_AND_ICON from package com.google.android.googlequicksearchbox (protectionLevel=18 flags=0xa8dbbec5)
06-29 20:12:49.324  1958  2022 I PackageManager: Un-granting permission android.permission.CAPTURE_MEDIA_OUTPUT from package com.google.android.googlequicksearchbox (protectionLevel=18 flags=0xa8dbbec5)
06-29 20:12:49.324  1958  2022 I PackageManager: Un-granting permission android.permission.MODIFY_AUDIO_ROUTING from package com.google.android.googlequicksearchbox (protectionLevel=18 flags=0xa8dbbec5)
06-29 20:12:49.324  1958  2022 I PackageManager: Un-granting permission com.google.android.googleapps.permission.GOOGLE_AUTH from package com.android.providers.calendar (protectionLevel=2 flags=0x20883e45)
06-29 20:12:49.324  1958  2022 I PackageManager: Un-granting permission com.google.android.googleapps.permission.GOOGLE_AUTH.cl from package com.android.providers.calendar (protectionLevel=2 flags=0x20883e45)
06-29 20:12:49.325  1958  2022 I PackageManager: Un-granting permission android.permission.SYSTEM_ALERT_WINDOW from package org.telegram.messenger (protectionLevel=1250 flags=0x289bbe44)
06-29 20:12:49.325  1958  2022 I PackageManager: Un-granting permission android.permission.REQUEST_INSTALL_PACKAGES from package org.telegram.messenger (protectionLevel=66 flags=0x289bbe44)
06-29 20:12:49.326  1958  2022 I PackageManager: Un-granting permission android.permission.MANAGE_DOCUMENTS from package app.revanced.android.youtube (protectionLevel=262146 flags=0x30dbbe44)
06-29 20:12:49.326  1958  2022 I PackageManager: Un-granting permission android.permission.SYSTEM_ALERT_WINDOW from package app.revanced.android.youtube (protectionLevel=1250 flags=0x30dbbe44)
06-29 20:12:49.326  1958  2022 I PackageManager: Un-granting permission android.permission.WRITE_SECURE_SETTINGS from package com.antutu.ABenchMark (protectionLevel=50 flags=0x2288be46)
06-29 20:12:49.327  1958  2022 I PackageManager: Un-granting permission android.permission.REQUEST_INSTALL_PACKAGES from package com.whatsapp (protectionLevel=66 flags=0x20cbbe44)
06-29 20:12:49.327  1958  2022 I PackageManager: Un-granting permission android.permission.HIDE_NON_SYSTEM_OVERLAY_WINDOWS from package com.android.companiondevicemanager (protectionLevel=258 flags=0x30c83e45)
06-29 20:12:49.328  1958  2022 I PackageManager: Un-granting permission android.permission.MANAGE_USERS from package com.miui.securitycenter (protectionLevel=18 flags=0x20c9bec5)
06-29 20:12:49.328  1958  2022 I PackageManager: Un-granting permission android.permission.INTERACT_ACROSS_USERS from package com.miui.securitycenter (protectionLevel=50 flags=0x20c9bec5)
06-29 20:12:49.328  1958  2022 I PackageManager: Un-granting permission android.permission.READ_PRIVILEGED_PHONE_STATE from package com.miui.securitycenter (protectionLevel=18 flags=0x20c9bec5)
06-29 20:12:49.329  1958  2022 I PackageManager: Un-granting permission android.permission.WRITE_MEDIA_STORAGE from package ru.zdevs.zarchiver (protectionLevel=18 flags=0x30d8be44)
06-29 20:12:49.329  1958  2022 I PackageManager: Un-granting permission android.permission.REQUEST_INSTALL_PACKAGES from package ru.zdevs.zarchiver (protectionLevel=66 flags=0x30d8be44)
06-29 20:12:49.329  1958  2022 I PackageManager: Un-granting permission android.permission.SYSTEM_ALERT_WINDOW from package com.glgjing.captain (protectionLevel=1250 flags=0x3088be44)
06-29 20:12:49.329  1958  2022 I PackageManager: Un-granting permission android.permission.PACKAGE_USAGE_STATS from package com.glgjing.captain (protectionLevel=114 flags=0x3088be44)
06-29 20:12:49.330  1958  2022 I PackageManager: Un-granting permission android.permission.START_ACTIVITIES_FROM_BACKGROUND from package com.android.soundrecorder (protectionLevel=49682 flags=0x30c83e85)
06-29 20:12:49.330  1958  2022 I PackageManager: Un-granting permission android.permission.WRITE_SETTINGS from package in.mohalla.sharechat (protectionLevel=1218 flags=0x30d8be44)
06-29 20:12:49.330  1958  2022 I PackageManager: Un-granting permission android.permission.SYSTEM_ALERT_WINDOW from package in.mohalla.sharechat (protectionLevel=1250 flags=0x30d8be44)
06-29 20:12:49.331  1958  2022 I PackageManager: Un-granting permission android.permission.REQUEST_INSTALL_PACKAGES from package com.android.providers.downloads.ui (protectionLevel=66 flags=0x30c8be45)
06-29 20:12:49.331  1958  2022 I PackageManager: Un-granting permission android.permission.HIDE_NON_SYSTEM_OVERLAY_WINDOWS from package com.android.vending (protectionLevel=258 flags=0x28cabec5)
06-29 20:12:49.331  1958  2022 I PackageManager: Un-granting permission android.permission.SEND_DOWNLOAD_COMPLETED_INTENTS from package com.android.vending (protectionLevel=2 flags=0x28cabec5)
06-29 20:12:49.333  1958  2022 I PackageManager: Un-granting permission android.permission.SYSTEM_ALERT_WINDOW from package com.hecorat.screenrecorder.free (protectionLevel=1250 flags=0x20c8be44)
06-29 20:12:49.333  1958  2022 I PackageManager: Un-granting permission com.google.android.googleapps.permission.GOOGLE_AUTH.mail from package com.android.contacts (protectionLevel=2 flags=0x38c9be45)
06-29 20:12:49.334  1958  2022 I PackageManager: Un-granting permission android.permission.CHANGE_CONFIGURATION from package com.tiqiaa.remote (protectionLevel=50 flags=0x30c8be44)
