06-30 00:02:37.250  1958  1997 I Timeline: Timeline: App_transition_ready time:35332437
06-30 00:02:37.488  1958  1997 I Timeline: Timeline: Activity_windows_visible id: ActivityRecord{3da226a u0 com.BHG.sharechat/.PostDetailActivity t1159} time:35332676
06-30 00:02:37.491  1958  1997 I Timeline: Timeline: App_transition_stopped time:35332678
06-30 00:02:38.323  1958  5271 W BaseMiuiPhoneWindowManager: keyCode:4 down:true eventTime:35333509 downTime:35333509 policyFlags:2b000002 flags:48 deviceId:-1 isScreenOn:true keyguardActive:false repeatCount:0
06-30 00:02:38.420  1958  5271 W BaseMiuiPhoneWindowManager: keyCode:4 down:false eventTime:35333607 downTime:35333509 policyFlags:2b000002 flags:48 deviceId:-1 isScreenOn:true keyguardActive:false repeatCount:0
06-30 00:02:38.427  8785  8785 W ActivityThread: SCHED: com.BHG.sharechat/.PostDetailActivity [86, r=32ms, a=5ms, w=1216ms]
06-30 00:02:38.435  1958  5271 I Timeline: Timeline: App_transition_ready time:35333622
06-30 00:02:38.448  1958  5255 I Timeline: Timeline: App_transition_ready time:35333635
06-30 00:02:38.465  1958  1997 I Timeline: Timeline: App_transition_ready time:35333652
06-30 00:02:38.706  1958  1997 I Timeline: Timeline: Activity_windows_visible id: ActivityRecord{21a6f63 u0 com.BHG.sharechat/.MainActivity t1159} time:35333893
06-30 00:02:38.707  1958  1997 I Timeline: Timeline: App_transition_stopped time:35333894
06-30 00:02:39.093  8785  8785 I Timeline: Timeline: Activity_launch_request time:35334280
06-30 00:02:39.094  1958  4597 I ActivityTaskManager: START u0 {cmp=com.BHG.sharechat/.PostDetailActivity (has extras)}from uid 10768
06-30 00:02:39.106  8785  8785 W ActivityThread: SCHED: com.BHG.sharechat/.MainActivity [73, r=19ms, a=7ms, w=664ms]
06-30 00:02:39.109  1958  3853 I ActivityTaskManager: The Process com.BHG.sharechat Already Exists in BG. So sending its PID: 8785
06-30 00:02:39.116  1958  3853 I Timeline: Timeline: App_transition_ready time:35334303
06-30 00:02:39.153  1958  5271 E WindowManager: App trying to use insecure INPUT_FEATURE_NO_INPUT_CHANNEL flag. Ignoring
06-30 00:02:39.162  1958  5271 I Timeline: Timeline: App_transition_ready time:35334349
06-30 00:02:39.164  1958  5271 I Timeline: Timeline: App_transition_ready time:35334351
06-30 00:02:39.186  1958  1997 I Timeline: Timeline: App_transition_ready time:35334373
06-30 00:02:39.439  1958  1997 I Timeline: Timeline: Activity_windows_visible id: ActivityRecord{dca8fb1 u0 com.BHG.sharechat/.PostDetailActivity t1159} time:35334626
06-30 00:02:39.441  1958  1997 I Timeline: Timeline: App_transition_stopped time:35334628
06-30 00:02:41.185  1958  4597 W BaseMiuiPhoneWindowManager: keyCode:4 down:true eventTime:35336372 downTime:35336372 policyFlags:2b000002 flags:48 deviceId:-1 isScreenOn:true keyguardActive:false repeatCount:0
06-30 00:02:41.260  1958  4597 W BaseMiuiPhoneWindowManager: keyCode:4 down:false eventTime:35336446 downTime:35336372 policyFlags:2b000002 flags:48 deviceId:-1 isScreenOn:true keyguardActive:false repeatCount:0
06-30 00:02:41.267  8785  8785 W ActivityThread: SCHED: com.BHG.sharechat/.PostDetailActivity [72, r=47ms, a=18ms, w=2119ms]
06-30 00:02:41.274  1958  5271 I Timeline: Timeline: App_transition_ready time:35336461
06-30 00:02:41.292  1958  5271 I Timeline: Timeline: App_transition_ready time:35336479
06-30 00:02:41.308  1958  1997 I Timeline: Timeline: App_transition_ready time:35336496
06-30 00:02:41.572  1958  1997 I Timeline: Timeline: Activity_windows_visible id: ActivityRecord{21a6f63 u0 com.BHG.sharechat/.MainActivity t1159} time:35336759
06-30 00:02:41.575  1958  1997 I Timeline: Timeline: App_transition_stopped time:35336762
06-30 00:02:46.942  1958  3906 W BaseMiuiPhoneWindowManager: keyCode:82 down:true eventTime:35342129 downTime:35342129 policyFlags:2b000002 flags:48 deviceId:-1 isScreenOn:true keyguardActive:false repeatCount:0
06-30 00:02:46.955  1958  3906 W BaseMiuiPhoneWindowManager: keyCode:82 down:false eventTime:35342141 downTime:35342129policyFlags:2b000002 flags:48 deviceId:-1 isScreenOn:true keyguardActive:false repeatCount:0
06-30 00:02:47.014  1958  1996 W WindowManager: setLauncherState= 2
06-30 00:02:47.027 25324 25324 I Timeline: Timeline: Activity_launch_request time:35342214
06-30 00:02:47.028  1958  5271 I ActivityTaskManager: START u0 {act=android.intent.action.MAIN cat=[android.intent.category.HOME] flg=0x10000000 cmp=com.miui.home/.launcher.Launcher (has extras)} from uid 10094
06-30 00:02:47.038  1958  5271 I Timeline: Timeline: App_transition_ready time:35342226
06-30 00:02:47.039  8785  8785 W ActivityThread: SCHED: com.BHG.sharechat/.MainActivity [84, r=149ms, a=28ms, w=5760ms]
06-30 00:02:47.041  1958  4597 I Timeline: Timeline: App_transition_ready time:35342228
06-30 00:02:47.044  1958  3906 I Timeline: Timeline: App_transition_ready time:35342231
06-30 00:02:47.058  1958  1997 I Timeline: Timeline: App_transition_ready time:35342246
06-30 00:02:47.085  1958  3853 I Timeline: Timeline: App_transition_ready time:35342272
06-30 00:02:47.092  1958  1997 I Timeline: Timeline: App_transition_ready time:35342280
06-30 00:02:47.128  1958  1997 I Timeline: Timeline: App_transition_ready time:35342315
06-30 00:02:47.458  1958  3906 I Timeline: Timeline: Activity_windows_visible id: ActivityRecord{ddb1799 u0 com.miui.home/.launcher.Launcher t1} time:35342645
06-30 00:02:47.461  1958  1997 I Timeline: Timeline: App_transition_stopped time:35342648
06-30 00:02:48.056 25324 25324 W ActivityThread: SCHED: com.miui.home/.launcher.Launcher [72, r=50ms, a=19ms, w=986ms]
06-30 00:02:48.069  1958  4597 I Timeline: Timeline: App_transition_ready time:35343256
06-30 00:02:48.081  1958  1997 I Timeline: Timeline: App_transition_ready time:35343268
06-30 00:02:48.492  1958  3853 I Timeline: Timeline: Activity_windows_visible id: ActivityRecord{21a6f63 u0 com.BHG.sharechat/.MainActivity t1159} time:35343679
06-30 00:02:48.502  1958  1997 I Timeline: Timeline: App_transition_stopped time:35343689
06-30 00:02:48.513  1958  1996 W WindowManager: setLauncherState= 1
06-30 00:02:48.803  1958  2646 W BaseMiuiPhoneWindowManager: keyCode:3 down:true eventTime:35343989 downTime:35343989 policyFlags:2b000002 flags:48 deviceId:-1 isScreenOn:true keyguardActive:false repeatCount:0
06-30 00:02:48.872  1958  2646 W BaseMiuiPhoneWindowManager: keyCode:3 down:false eventTime:35344059 downTime:35343989 policyFlags:2b000002 flags:48 deviceId:-1 isScreenOn:true keyguardActive:false repeatCount:0
06-30 00:02:48.880  1958  2089 I ActivityTaskManager: START u0 {act=android.intent.action.MAIN cat=[android.intent.category.HOME] flg=0x10000100 cmp=com.miui.home/.launcher.Launcher (has extras)} from uid 0
06-30 00:02:48.896  1958  2089 I Timeline: Timeline: App_transition_ready time:35344083
06-30 00:02:48.902  1958  1997 I Timeline: Timeline: App_transition_ready time:35344089
06-30 00:02:48.902  8785  8785 W ActivityThread: SCHED: com.BHG.sharechat/.MainActivity [61, r=13ms, a=8ms, w=805ms]
06-30 00:02:48.906  1958  3906 I Timeline: Timeline: App_transition_ready time:35344093
06-30 00:02:48.908  1958  1997 I Timeline: Timeline: App_transition_ready time:35344095
06-30 00:02:48.912  1958  4597 I Timeline: Timeline: App_transition_ready time:35344099
06-30 00:02:48.930  1958  1997 I Timeline: Timeline: App_transition_ready time:35344117
06-30 00:02:48.941  1958  5255 I Timeline: Timeline: App_transition_ready time:35344128
06-30 00:02:48.947  1958  1997 I Timeline: Timeline: App_transition_ready time:35344134
06-30 00:02:48.984  1958  1997 I Timeline: Timeline: App_transition_ready time:35344172
06-30 00:02:49.208  1958  4597 W BaseMiuiPhoneWindowManager: keyCode:82 down:true eventTime:35344394 downTime:35344394 policyFlags:2b000002 flags:48 deviceId:-1 isScreenOn:true keyguardActive:false repeatCount:0
06-30 00:02:49.290  1958  5255 W BaseMiuiPhoneWindowManager: keyCode:82 down:false eventTime:35344477 downTime:35344394policyFlags:2b000002 flags:48 deviceId:-1 isScreenOn:true keyguardActive:false repeatCount:0
06-30 00:02:49.299  1958  3851 I Timeline: Timeline: Activity_windows_visible id: ActivityRecord{ddb1799 u0 com.miui.home/.launcher.Launcher t1} time:35344486
06-30 00:02:49.305  1958  1997 I Timeline: Timeline: App_transition_stopped time:35344492
06-30 00:02:49.333  1958  1996 W WindowManager: setLauncherState= 2
06-30 00:02:49.790  1958  3906 I ProcessManager: Kill reason OneKeyClean from pid=25324
06-30 00:02:49.796  1958  3906 I ProcessManager: mLruProcesses size=60
06-30 00:02:49.800  1958  1996 I ActivityManager: Killing 5732:com.miui.msa.global:ui/u0a123 (adj 955): empty #17
06-30 00:02:49.803  1958  3906 I ProcessManager: OneKeyClean: kill com.BHG.sharechat Adj=805 State=20
06-30 00:02:49.804  1958  3906 I ActivityManager: Killing 8785:com.BHG.sharechat/u0a768 (adj 805): OneKeyClean
06-30 00:02:49.806  1958  3906 I ProcessManager: OneKeyClean: kill com.android.settings:remote Adj=500 State=11
06-30 00:02:49.806  1958  3906 I ActivityManager: Killing 1270:com.android.settings:remote/1000 (adj 500): OneKeyClean
06-30 00:02:49.809  1958  3906 I ProcessManager: OneKeyClean: kill com.android.vending Adj=815 State=20
06-30 00:02:49.810  1958  3906 I ActivityManager: Killing 8041:com.android.vending/u0a175 (adj 815): OneKeyClean
06-30 00:02:49.813  1958  3906 I ProcessManager: OneKeyClean: kill com.android.vending:background Adj=815 State=20
06-30 00:02:49.813  1958  3906 I ActivityManager: Killing 8564:com.android.vending:background/u0a175 (adj 815): OneKeyClean
06-30 00:02:49.816  1958  3906 I ProcessManager: OneKeyClean: kill com.google.process.gservices Adj=825 State=20
06-30 00:02:49.816  1958  3906 I ActivityManager: Killing 8390:com.google.process.gservices/u0a185 (adj 825): OneKeyClean
06-30 00:02:49.818  1958  3906 I ProcessManager: OneKeyClean: kill com.facebook.services Adj=845 State=20
06-30 00:02:49.818  1958  3906 I ActivityManager: Killing 522:com.facebook.services/u0a100 (adj 845): OneKeyClean
06-30 00:02:49.820  1958  3906 I ProcessManager: OneKeyClean: kill com.android.chrome Adj=865 State=20
06-30 00:02:49.820  1958  3906 I ActivityManager: Killing 8705:com.android.chrome/u0a193 (adj 865): OneKeyClean
06-30 00:02:49.821  1958  3906 I ProcessManager: OneKeyClean: kill com.google.android.apps.wellbeing Adj=875 State=20
06-30 00:02:49.822  1958  3906 I ActivityManager: Killing 5376:com.google.android.apps.wellbeing/u0a189 (adj 875): OneKeyClean
06-30 00:02:49.823  1958  3906 I ProcessManager: OneKeyClean: kill com.google.android.webview:webview_service Adj=885 State=20
06-30 00:02:49.823  1958  3906 I ActivityManager: Killing 8488:com.google.android.webview:webview_service/u0a192 (adj 885): OneKeyClean
06-30 00:02:49.825  1958  3906 I ProcessManager: OneKeyClean: kill com.google.process.gapps Adj=895 State=20
06-30 00:02:49.825  1958  3906 I ActivityManager: Killing 8462:com.google.process.gapps/u0a185 (adj 895): OneKeyClean
06-30 00:02:49.828  1958  3906 I ProcessManager: OneKeyClean: kill com.google.android.webview:sandboxed_process0:org.chromium.content.app.SandboxedProcessService0:0 Adj=905 State=20
06-30 00:02:49.829  1958  3906 I ActivityManager: Killing 8519:com.google.android.webview:sandboxed_process0:org.chromium.content.app.SandboxedProcessService0:0/u0a162i67 (adj 905): OneKeyClean
06-30 00:02:49.831  1958  3906 I ProcessManager: OneKeyClean: kill com.miui.global.packageinstaller Adj=915 State=20
06-30 00:02:49.832  1958  3906 I ActivityManager: Killing 8010:com.miui.global.packageinstaller/u0a162 (adj 915): OneKeyClean
06-30 00:02:49.834  1958  3906 I ProcessManager: OneKeyClean: kill com.miui.msa.global Adj=100 State=9
06-30 00:02:49.834  1958  3906 I ActivityManager: Killing 32252:com.miui.msa.global/u0a123 (adj 100): OneKeyClean
06-30 00:02:49.836  1958  3906 I ProcessManager: OneKeyClean: kill com.facebook.appmanager Adj=925 State=20
06-30 00:02:49.836  1958  3906 I ActivityManager: Killing 5658:com.facebook.appmanager/u0a136 (adj 925): OneKeyClean
06-30 00:02:49.837  1958  3906 I ProcessManager: OneKeyClean: kill com.android.keychain Adj=935 State=20
06-30 00:02:49.837  1958  3906 I ActivityManager: Killing 7982:com.android.keychain/1000 (adj 935): OneKeyClean
06-30 00:02:49.838  1958  3906 I ProcessManager: OneKeyClean: kill com.miui.guardprovider Adj=100 State=5
06-30 00:02:49.838  1958  3906 I ActivityManager: Killing 1595:com.miui.guardprovider/u0a115 (adj 100): OneKeyClean
06-30 00:02:49.839  1958  3906 I ProcessManager: OneKeyClean: kill com.whatsapp Adj=500 State=11
06-30 00:02:49.840  1958  3906 I ActivityManager: Killing 5484:com.whatsapp/u0a762 (adj 500): OneKeyClean
06-30 00:02:49.841  1958  3906 I ProcessManager: OneKeyClean: kill com.qti.diagservices Adj=800 State=11
06-30 00:02:49.842  1958  3906 I ActivityManager: Killing 1178:com.qti.diagservices/1000 (adj 800): OneKeyClean
06-30 00:02:49.842  1958  3906 I ProcessManager: OneKeyClean: kill com.android.smspush Adj=100 State=7
06-30 00:02:49.843  1958  3906 I ActivityManager: Killing 1011:com.android.smspush/u0a155 (adj 100): OneKeyClean
06-30 00:02:49.844  1958  3906 I ProcessManager: OneKeyClean: kill com.qualcomm.telephony Adj=965 State=11
06-30 00:02:49.844  1958  3906 I ActivityManager: Killing 626:com.qualcomm.telephony/u0a195 (adj 965): OneKeyClean
06-30 00:02:49.845  1958  3906 I ProcessManager: OneKeyClean: kill com.qualcomm.qti.workloadclassifier Adj=975 State=11
06-30 00:02:49.845  1958  3906 I ActivityManager: Killing 32228:com.qualcomm.qti.workloadclassifier/1000 (adj 975): OneKeyClean
06-30 00:02:49.906  1958  4526 W ActivityManager: Scheduling restart of crashed service com.miui.global.packageinstaller/org.chromium.content.app.SandboxedProcessService0:0 in 1000ms
06-30 00:02:49.922  1958  4008 W ActivityManager: Scheduling restart of crashed service com.qti.diagservices/.QTIDiagServices in 10985ms
06-30 00:02:49.933  1958  2646 W ActivityManager: Scheduling restart of crashed service com.qualcomm.atfwd/.AtFwdService in 20974ms
06-30 00:02:49.937  1958  3906 I AutoStartManagerService: MIUILOG- Reject RestartService packageName :com.miui.guardprovider uid : 10115
06-30 00:02:49.942  1958  3853 W ActivityManager: Scheduling restart of crashed service com.qualcomm.qti.workloadclassifier/.WLCService in 30965ms
06-30 00:02:49.948  1958  2647 W ActivityManager: Scheduling restart of crashed service com.android.settings/.dangerousoptions.DangerousOptionsWarningService in 40959ms
06-30 00:02:49.952  1958  4415 W ActivityManager: Scheduling restart of crashed service com.android.smspush/.WapPushManager in 50955ms
06-30 00:02:49.979  1958  4806 W ActivityManager: Scheduling restart of crashed service com.whatsapp/.messaging.MessageService in 60928ms
06-30 00:02:49.985  1958  4597 W ActivityManager: Scheduling restart of crashed service com.android.vending/com.google.frameworks.client.data.android.server.play.BackgroundProcessEndpointService in 70922ms
06-30 00:02:50.007  1958  5255 W ActivityManager: Scheduling restart of crashed service com.miui.msa.global/com.zeus.gmc.sdk.mobileads.msa.odi.service.OnDeviceIntelligenceService in 70900ms
06-30 00:02:50.007  1958  5255 W ActivityManager: Scheduling restart of crashed service com.miui.msa.global/com.miui.systemAdSolution.splashscreen.SplashScreenService in 80900ms
06-30 00:02:50.055  1958  3851 I WindowManager: WIN DEATH: Window{bc418d5 u0 com.BHG.sharechat/com.BHG.sharechat.MainActivity}
06-30 00:02:50.064  1958  1996 W ActivityManager: setHasOverlayUi called on unknown pid: 8785
06-30 00:02:50.118  1958  1996 W WindowManager: setLauncherState= 1
06-30 00:02:50.435  1958  5269 E WindowManager: App trying to use insecure INPUT_FEATURE_NO_INPUT_CHANNEL flag. Ignoring
06-30 00:02:52.441  1958  4806 W NotificationService: Toast already killed. pkg=com.miui.home callback=android.app.ITransientNotification$Stub$Proxy@c0fc636
06-30 00:02:53.937  1958  1996 W WindowManager: Unable to start animation, surface is null or no children.
06-30 00:02:55.092   788   902 W EventThreadInspector: slow VSync-app on display(19260784713820289), count=1, avg=43 ms, max=43 ms.
06-30 00:02:55.125   788   903 W EventThreadInspector: slow VSync-sf on display(19260784713820289), count=3, avg=35 ms,max=49 ms.
06-30 00:02:55.300  1958  4806 I PowerManagerService: Going to sleep due to application (uid 1000)...
06-30 00:02:55.301  1958  1958 W UsageStatsService: Event reported without a package name, eventType:16
06-30 00:02:55.303  1958  1958 I WindowManager: Started going to sleep... (why=OFF_BECAUSE_OF_USER)
06-30 00:02:55.546  1958  2017 I DisplayPowerController: Blocking screen off
06-30 00:02:55.547  1958  2017 I DisplayPowerController: Unblocked screen off after 1 ms
06-30 00:02:55.547  1958  2017 I WindowManager: Screen turned off...
06-30 00:02:55.552  1958  2014 E KernelCpuUidUserSysTimeReader: Negative user/sys time delta for UID=10768
06-30 00:02:55.552  1958  2014 E KernelCpuUidUserSysTimeReader: Prev times: u=262335 s=72691 Curr times: u=260930 s=72312
06-30 00:02:55.552  1958  2014 E KernelCpuUidUserSysTimeReader: Negative user/sys time delta for UID=10175
06-30 00:02:55.552  1958  2014 E KernelCpuUidUserSysTimeReader: Prev times: u=934195 s=280291 Curr times: u=933757 s=280058
06-30 00:02:55.552  1958  2014 E KernelCpuUidUserSysTimeReader: Negative user/sys time delta for UID=10162
06-30 00:02:55.552  1958  2014 E KernelCpuUidUserSysTimeReader: Prev times: u=157284 s=74217 Curr times: u=156957 s=73852
06-30 00:02:55.552  1958  2014 E KernelCpuUidUserSysTimeReader: Negative user/sys time delta for UID=10115
06-30 00:02:55.552  1958  2014 E KernelCpuUidUserSysTimeReader: Prev times: u=7864 s=3598 Curr times: u=7810 s=3559
06-30 00:02:55.552  1958  2014 E KernelCpuUidUserSysTimeReader: Negative user/sys time delta for UID=10136
06-30 00:02:55.552  1958  2014 E KernelCpuUidUserSysTimeReader: Prev times: u=11832 s=4331 Curr times: u=11707 s=4311
06-30 00:02:55.552  1958  2014 E KernelCpuUidUserSysTimeReader: Negative user/sys time delta for UID=10123
06-30 00:02:55.552  1958  2014 E KernelCpuUidUserSysTimeReader: Prev times: u=211254 s=102654 Curr times: u=211059 s=102610
06-30 00:02:55.552  1958  2014 E KernelCpuUidUserSysTimeReader: Negative user/sys time delta for UID=10762
06-30 00:02:55.552  1958  2014 E KernelCpuUidUserSysTimeReader: Prev times: u=220078 s=66307 Curr times: u=219702 s=66137
06-30 00:02:55.552  1958  2014 E KernelCpuUidUserSysTimeReader: Negative user/sys time delta for UID=10189
06-30 00:02:55.552  1958  2014 E KernelCpuUidUserSysTimeReader: Prev times: u=67447 s=25236 Curr times: u=67349 s=25159
06-30 00:02:55.552  1958  2014 E KernelCpuUidUserSysTimeReader: Negative user/sys time delta for UID=10100
06-30 00:02:55.552  1958  2014 E KernelCpuUidUserSysTimeReader: Prev times: u=9100 s=4464 Curr times: u=8921 s=4351
06-30 00:02:55.552  1958  2014 E KernelCpuUidUserSysTimeReader: Negative user/sys time delta for UID=10155
06-30 00:02:55.552  1958  2014 E KernelCpuUidUserSysTimeReader: Prev times: u=3934 s=2488 Curr times: u=3933 s=2407
06-30 00:02:55.570 25324 25324 W ActivityThread: SCHED: com.miui.home/.launcher.Launcher [76, r=165ms, a=50ms, w=6653ms]
06-30 00:02:55.574  1958  2017 W ActivityManager: Unable to start service Intent { act=miui.action.CAMERA_EMPTY_SERVICEpkg=com.android.camera } U=0: not found
06-30 00:02:55.580  1958  1996 I DisplayManagerService: Display device changed state: "Built-in Screen", OFF
06-30 00:02:55.880  1958  2168 W BpBinder: Slow Binder: BpBinder transact took 302ms, interface=android.ui.ISurfaceComposer, code=19 oneway=false
06-30 00:02:55.882  1958  2017 W DreamManagerService: Dream ComponentInfo{com.android.systemui/com.android.systemui.doze.DozeService} does not exist
06-30 00:02:55.882  1958  2017 I PowerManagerService: Sleeping (uid 1000)...
06-30 00:02:55.885  1958  1958 I WindowManager: Finished going to sleep... (why=OFF_BECAUSE_OF_USER)
06-30 00:02:55.891  2181  2882 W KeyguardViewMediator: doKeyguard: showing the lock screen
06-30 00:02:55.961  1958  2090 W BaseMiuiPhoneWindowManager: keyCode:23 down:true eventTime:35351147 downTime:35351147 policyFlags:2000000 flags:8 deviceId:0 isScreenOn:false keyguardActive:false repeatCount:0
06-30 00:02:55.962  1958  2090 I PowerManagerService: Waking up from Asleep (uid=1000, reason=WAKE_REASON_UNKNOWN, details=miui.policy:FINGERPRINT_DPAD_CENTER)...
06-30 00:02:55.963  1958  2017 I DisplayPowerController: Blocking screen on until initial contents have been drawn.
06-30 00:02:55.964  1958  2017 I WindowManager: Screen turning on...
06-30 00:02:55.977  1958  4806 I Timeline: Timeline: App_transition_ready time:35351164
06-30 00:02:55.977  1958  4806 I Timeline: Timeline: App_transition_stopped time:35351164
06-30 00:02:55.987  1958  1958 W UsageStatsService: Event reported without a package name, eventType:15
06-30 00:02:55.989  1958  1958 I WindowManager: Started waking up... (why=ON_BECAUSE_OF_UNKNOWN)
06-30 00:02:56.008  1958  1996 W UsageStatsService: Event reported without a package name, eventType:17
06-30 00:02:56.008  1958  1996 I WindowManager: updateContrastOverlay, darkmode: true isContrastEnabled: true alpha: 0.0
06-30 00:02:56.017  1958  1996 I DisplayManagerService: Display device changed state: "Built-in Screen", ON
06-30 00:02:56.047 25324 25324 W ActivityThread: SCHED: com.miui.home/.launcher.Launcher [30, r=3ms, a=7ms, w=18ms]
06-30 00:02:56.080  2181  2882 W KeyguardViewMediator: notifyScreenOn
06-30 00:02:56.114  1958  2011 I ActivityManager: Start proc 9134:com.google.android.apps.wellbeing/u0a189 for broadcast {com.google.android.apps.wellbeing/com.google.android.apps.wellbeing.alarm.NextAlarmClockChangedReceiver_Receiver} caller=android
06-30 00:02:56.150  2181  2181 W KeyguardViewMediator: handleNotifyScreenTurningOn
06-30 00:02:56.150  2181  2181 W KeyguardViewMediator: notifyDrawn
06-30 00:02:56.150  1958  1981 I WindowManager: mKeyguardDelegate.ShowListener.onDrawn.
06-30 00:02:56.150  1958  1994 W WindowManager: Setting mKeyguardDrawComplete
06-30 00:02:56.151  1958  1994 I WindowManager: All windows ready for display!
06-30 00:02:56.151  1958  1994 W WindowManager: Setting mWindowManagerDrawComplete
06-30 00:02:56.151  1958  1994 I WindowManager: Finished screen turning on...
06-30 00:02:56.151  1958  2017 I DisplayPowerController: Unblocked screen on after 187 ms
06-30 00:02:56.154  1958  1958 I WindowManager: Finished waking up... (why=ON_BECAUSE_OF_UNKNOWN)
06-30 00:02:56.171  2181  2181 I miui_face: start face unlock
06-30 00:02:56.173  2181  2924 I miui_face: start verify time=2
06-30 00:02:56.210  1958  2014 E BatteryExternalStatsWorker: no controller energy info supplied for bluetooth
06-30 00:02:56.388  1958  2090 W BaseMiuiPhoneWindowManager: keyCode:23 down:false eventTime:35351574 downTime:35351147policyFlags:22000000 flags:8 deviceId:0 isScreenOn:true keyguardActive:true repeatCount:0
06-30 00:02:56.568  4027  4215 W BpBinder: Slow Binder: BpBinder transact took 280ms, interface=android.hardware.camera2.ICameraDeviceUser, code=6 oneway=false
06-30 00:02:56.689  1958  2014 E BatteryExternalStatsWorker: no controller energy info supplied for bluetooth
06-30 00:02:56.885  2181  2924 I miui_face:  authenCallback, onAuthenticationSucceeded time=709
06-30 00:02:56.886  1958  1981 W FingerprintService: Ignoring lockout reset, no templates enrolled
06-30 00:02:56.920  1958  4526 I Timeline: Timeline: App_transition_ready time:35352107
06-30 00:02:56.920  2181  3626 I KeyguardViewMediator: call fw keyguardGoingAway: flags = 8
06-30 00:02:56.921  1958  1997 I Timeline: Timeline: App_transition_ready time:35352109
06-30 00:02:56.933  1958  5269 I Timeline: Timeline: App_transition_ready time:35352120
06-30 00:02:56.937  1958  1997 I Timeline: Timeline: App_transition_ready time:35352124
06-30 00:02:56.964  1958  5269 I Timeline: Timeline: App_transition_ready time:35352151
06-30 00:02:56.971  1958  1997 I Timeline: Timeline: App_transition_ready time:35352158
06-30 00:02:56.983  2181  2181 I KeyguardViewMediator: handleStartKeyguardExitAnimation startTime=35352169 fadeoutDuration=150
06-30 00:02:56.983  1958  1997 I Timeline: Timeline: App_transition_ready time:35352171
06-30 00:02:56.989  1958  1996 W UsageStatsService: Event reported without a package name, eventType:18
06-30 00:02:56.990  1958  1996 I WindowManager: updateContrastOverlay, darkmode: true isContrastEnabled: true alpha: 0.0
06-30 00:02:57.003  2181  2181 I miui_face: face unlock success time=832
06-30 00:02:57.139  1958  2647 W BroadcastQueue: Background execution not allowed: receiving Intent { act=android.intent.action.USER_PRESENT flg=0x24200010 } to com.jio.myjio/com.jio.clickstream.tbn.PowerConnectionReceiver
06-30 00:02:57.142  1958  2010 W BroadcastQueue: Background execution not allowed: receiving Intent { act=android.intent.action.USER_PRESENT flg=0x24200010 } to com.android.chrome/org.chromium.chrome.browser.sharing.click_to_call.ClickToCallMessageHandler$PhoneUnlockedReceiver
06-30 00:02:57.142  1958  2010 W BroadcastQueue: Background execution not allowed: receiving Intent { act=android.intent.action.USER_PRESENT flg=0x24200010 } to com.google.android.gms/.auth.setup.devicesignals.LockScreenReceiver
06-30 00:02:57.143  1958  2010 W BroadcastQueue: Background execution not allowed: receiving Intent { act=android.intent.action.USER_PRESENT flg=0x24200010 } to com.google.android.gms/.chimera.GmsIntentOperationService$PersistentTrustedReceiver
06-30 00:02:57.143  1958  2010 W BroadcastQueue: Background execution not allowed: receiving Intent { act=android.intent.action.USER_PRESENT flg=0x24200010 } to info.kfsoft.force.rotation/.RestartReceiver
06-30 00:02:57.144  1958  1997 I Timeline: Timeline: Activity_windows_visible id: ActivityRecord{ddb1799 u0 com.miui.home/.launcher.Launcher t1} time:35352332
06-30 00:02:57.147  1958  1997 I Timeline: Timeline: App_transition_stopped time:35352334
06-30 00:02:57.162  4027  4215 W BpBinder: Slow Binder: BpBinder transact took 215ms, interface=android.hardware.camera2.ICameraDeviceUser, code=1 oneway=false
06-30 00:02:57.477  1958  1958 W Looper  : Slow dispatch took 471ms main h=android.app.ActivityThread$H c=android.app.-$$Lambda$LoadedApk$ReceiverDispatcher$Args$_BumDX2UKsnxLVrE6UJsJZkotuA@9d1dc94 m=0
06-30 00:02:57.477  1958  1958 W Looper  : Slow delivery took 471ms main h=android.app.ActivityThread$H c=android.app.-$$Lambda$LoadedApk$ReceiverDispatcher$Args$_BumDX2UKsnxLVrE6UJsJZkotuA@e08333d m=0
06-30 00:02:57.478  1958  1958 W Looper  : Drained
06-30 00:02:57.504  1958  2014 E BatteryExternalStatsWorker: no controller energy info supplied for bluetooth
06-30 00:02:58.068 25324 25324 I Timeline: Timeline: Activity_launch_request time:35353255
06-30 00:02:58.069  1958  4806 I ActivityTaskManager: START u0 {act=android.intent.action.MAIN cat=[android.intent.category.LAUNCHER] flg=0x10200000 cmp=com.BHG.sharechat/.SplashActivity bnds=[71,757][247,933] (has extras)} from uid 10094
06-30 00:02:58.083 25324 25324 W ActivityThread: SCHED: com.miui.home/.launcher.Launcher [81, r=53ms, a=12ms, w=1135ms]
06-30 00:02:58.130  1958  2011 I ActivityManager: Start proc 9213:com.BHG.sharechat/u0a768 for activity {com.BHG.sharechat/com.BHG.sharechat.SplashActivity} caller=com.miui.home
06-30 00:02:58.150  1958  1997 I Timeline: Timeline: App_transition_ready time:35353337
06-30 00:02:58.331  1958  1997 I Timeline: Timeline: App_transition_stopped time:35353518
06-30 00:02:58.333  1958  5256 E WindowManager: App trying to use insecure INPUT_FEATURE_NO_INPUT_CHANNEL flag. Ignoring
06-30 00:02:58.386  1958  1997 I Timeline: Timeline: Activity_windows_visible id: ActivityRecord{eeaddf u0 com.BHG.sharechat/.SplashActivity t1160} time:35353573
06-30 00:03:00.040  1958  2011 I ActivityManager: Start proc 9258:com.miui.msa.global/u0a123 for service {com.miui.msa.global/com.miui.systemAdSolution.splashscreen.SplashScreenService} caller=android
06-30 00:03:00.941  1958  2011 I ActivityManager: Start proc 9475:com.qti.diagservices/1000 for service {com.qti.diagservices/com.qti.diagservices.QTIDiagServices} caller=com.qti.diagservices
06-30 00:03:01.321  9213  9213 I Timeline: Timeline: Activity_launch_request time:35356508
06-30 00:03:01.323  1958  1981 I ActivityTaskManager: START u0 {cmp=com.BHG.sharechat/.AuthActivity} from uid 10768
06-30 00:03:01.342  9213  9213 W ActivityThread: SCHED: com.BHG.sharechat/.SplashActivity [78, r=30ms, a=8ms, w=3020ms]
06-30 00:03:01.344  1958  4526 I ActivityTaskManager: The Process com.BHG.sharechat Already Exists in BG. So sending its PID: 9213
06-30 00:03:01.347  1958  4526 I Timeline: Timeline: App_transition_ready time:35356534
06-30 00:03:01.641  9213  9213 I Timeline: Timeline: Activity_launch_request time:35356828
06-30 00:03:01.642  1958  4597 I ActivityTaskManager: START u0 {cmp=com.BHG.sharechat/.MainActivity} from uid 10768
06-30 00:03:01.657  9213  9213 W Looper  : Slow Looper main: Activity com.BHG.sharechat/.AuthActivity is 309ms late (wall=0ms running=0ms ClientTransaction{ callbacks=[android.app.servertransaction.TopResumedActivityChangeItem] }) because of 3 msg, msg 3 took 307ms (seq=35 running=169ms runnable=11ms late=2ms h=android.app.ActivityThread$H w=159)
06-30 00:03:01.659  1958  4806 I ActivityTaskManager: The Process com.BHG.sharechat Already Exists in BG. So sending its PID: 9213
06-30 00:03:01.663  1958  4806 I Timeline: Timeline: App_transition_ready time:35356850
06-30 00:03:01.664  1958  1997 I Timeline: Timeline: App_transition_ready time:35356852
06-30 00:03:01.769  1958  4597 E WindowManager: App trying to use insecure INPUT_FEATURE_NO_INPUT_CHANNEL flag. Ignoring
06-30 00:03:01.798  1958  4597 I Timeline: Timeline: App_transition_ready time:35356985
06-30 00:03:01.800  1958  4597 I Timeline: Timeline: App_transition_ready time:35356987
06-30 00:03:01.822  1958  1997 I Timeline: Timeline: App_transition_ready time:35357009
06-30 00:03:01.854  9258  9304 I Ad      : isPersonalizedAdEnabled getAdSettings: 3
06-30 00:03:01.987  1958  4597 W ActivityManager: Receiver with filter android.content.IntentFilter@a7617e3 already registered for pid 9258, callerPackage is com.miui.msa.global
06-30 00:03:01.990  1958  4597 W ActivityManager: Receiver with filter android.content.IntentFilter@fe4bf5e already registered for pid 9258, callerPackage is com.miui.msa.global
06-30 00:03:02.080  1958  1997 I Timeline: Timeline: Activity_windows_visible id: ActivityRecord{85dbad6 u0 com.BHG.sharechat/.MainActivity t1160} time:35357267
06-30 00:03:02.082  1958  1997 I Timeline: Timeline: App_transition_stopped time:35357269
06-30 00:03:03.439  1958  1958 W WindowManager: removeWindowToken: Attempted to remove non-existing token: android.os.Binder@4a9814c
06-30 00:03:06.418  9213  9213 I Timeline: Timeline: Activity_launch_request time:35361605
06-30 00:03:06.419  1958  4526 I ActivityTaskManager: START u0 {cmp=com.BHG.sharechat/.UploadActivity} from uid 10768
06-30 00:03:06.430  9213  9213 W ActivityThread: SCHED: com.BHG.sharechat/.MainActivity [80, r=231ms, a=55ms, w=4672ms]
06-30 00:03:06.433  1958  5256 I ActivityTaskManager: The Process com.BHG.sharechat Already Exists in BG. So sending its PID: 9213
06-30 00:03:06.440  1958  5256 I Timeline: Timeline: App_transition_ready time:35361627
06-30 00:03:06.499  1958  4526 E WindowManager: App trying to use insecure INPUT_FEATURE_NO_INPUT_CHANNEL flag. Ignoring
06-30 00:03:06.513  1958  5256 I Timeline: Timeline: App_transition_ready time:35361701
06-30 00:03:06.515  1958  5256 I Timeline: Timeline: App_transition_ready time:35361702
06-30 00:03:06.542  1958  1997 I Timeline: Timeline: App_transition_ready time:35361729
06-30 00:03:06.781  1958  1997 I Timeline: Timeline: Activity_windows_visible id: ActivityRecord{50cbfd3 u0 com.BHG.sharechat/.UploadActivity t1160} time:35361968
06-30 00:03:06.784  1958  1997 I Timeline: Timeline: App_transition_stopped time:35361971
06-30 00:03:07.822  1958  4597 W BaseMiuiPhoneWindowManager: keyCode:4 down:true eventTime:35363008 downTime:35363008 policyFlags:2b000002 flags:48 deviceId:-1 isScreenOn:true keyguardActive:false repeatCount:0
06-30 00:03:07.886  1958  4597 W BaseMiuiPhoneWindowManager: keyCode:4 down:false eventTime:35363073 downTime:35363008 policyFlags:2b000002 flags:48 deviceId:-1 isScreenOn:true keyguardActive:false repeatCount:0
06-30 00:03:07.894  9213  9213 W ActivityThread: SCHED: com.BHG.sharechat/.UploadActivity [52, r=33ms, a=30ms, w=1398ms]
06-30 00:03:07.899  1958  4526 I Timeline: Timeline: App_transition_ready time:35363086
06-30 00:03:07.921  1958  4597 I Timeline: Timeline: App_transition_ready time:35363108
06-30 00:03:07.939  1958  1997 I Timeline: Timeline: App_transition_ready time:35363126
06-30 00:03:08.199  1958  1997 I Timeline: Timeline: Activity_windows_visible id: ActivityRecord{85dbad6 u0 com.BHG.sharechat/.MainActivity t1160} time:35363386
06-30 00:03:08.201  1958  1997 I Timeline: Timeline: App_transition_stopped time:35363388
06-30 00:03:10.939  1958  2011 I ActivityManager: Start proc 9909:com.qualcomm.telephony/u0a195 for service {com.qualcomm.atfwd/com.qualcomm.atfwd.AtFwdService} caller=com.qualcomm.atfwd
06-30 00:03:11.586  9213  9213 I Timeline: Timeline: Activity_launch_request time:35366773
06-30 00:03:11.587  1958  4526 I ActivityTaskManager: START u0 {cmp=com.BHG.sharechat/.UploadActivity} from uid 10768
06-30 00:03:11.600  9213  9213 W ActivityThread: SCHED: com.BHG.sharechat/.MainActivity [82, r=145ms, a=31ms, w=3690ms]
06-30 00:03:11.601  1958  2645 I ActivityTaskManager: The Process com.BHG.sharechat Already Exists in BG. So sending its PID: 9213
06-30 00:03:11.606  1958  2645 I Timeline: Timeline: App_transition_ready time:35366793
06-30 00:03:11.638  1958  2647 E WindowManager: App trying to use insecure INPUT_FEATURE_NO_INPUT_CHANNEL flag. Ignoring
06-30 00:03:11.656  1958  5256 I Timeline: Timeline: App_transition_ready time:35366843
06-30 00:03:11.658  1958  5256 I Timeline: Timeline: App_transition_ready time:35366845
06-30 00:03:11.685  1958  1997 I Timeline: Timeline: App_transition_ready time:35366872
06-30 00:03:11.933  1958  1997 I Timeline: Timeline: Activity_windows_visible id: ActivityRecord{390d62b u0 com.BHG.sharechat/.UploadActivity t1160} time:35367121
06-30 00:03:11.936  1958  1997 I Timeline: Timeline: App_transition_stopped time:35367123
06-30 00:03:13.000  1958  2645 W BaseMiuiPhoneWindowManager: keyCode:4 down:true eventTime:35368186 downTime:35368186 policyFlags:2b000002 flags:48 deviceId:-1 isScreenOn:true keyguardActive:false repeatCount:0
06-30 00:03:13.081  1958  2645 W BaseMiuiPhoneWindowManager: keyCode:4 down:false eventTime:35368267 downTime:35368186 policyFlags:2b000002 flags:48 deviceId:-1 isScreenOn:true keyguardActive:false repeatCount:0
06-30 00:03:13.088  9213  9213 W ActivityThread: SCHED: com.BHG.sharechat/.UploadActivity [71, r=30ms, a=12ms, w=1454ms]
06-30 00:03:13.096  1958  2645 I Timeline: Timeline: App_transition_ready time:35368283
06-30 00:03:13.119  1958  2647 I Timeline: Timeline: App_transition_ready time:35368307
06-30 00:03:13.136  1958  1997 I Timeline: Timeline: App_transition_ready time:35368324
06-30 00:03:13.383  1958  1997 I Timeline: Timeline: Activity_windows_visible id: ActivityRecord{85dbad6 u0 com.BHG.sharechat/.MainActivity t1160} time:35368570
06-30 00:03:13.385  1958  1997 I Timeline: Timeline: App_transition_stopped time:35368572
06-30 00:03:20.936  1958  2011 I ActivityManager: Start proc 9945:com.qualcomm.qti.workloadclassifier/1000 for service {com.qualcomm.qti.workloadclassifier/com.qualcomm.qti.workloadclassifier.WLCService} caller=com.qualcomm.qti.workloadclassifier
06-30 00:03:22.930  1958  2011 I ActivityManager: Start proc 9971:org.zwanoo.android.speedtest/u0a412 for broadcast {org.zwanoo.android.speedtest/com.google.firebase.iid.FirebaseInstanceIdReceiver} caller=com.google.android.gms
06-30 00:03:23.766  1958  2011 I ActivityManager: Start proc 10057:com.android.vending/u0a175 for service {com.android.vending/com.google.android.finsky.billing.iab.InAppBillingService} caller=org.zwanoo.android.speedtest
06-30 00:03:24.181  1958  2011 I ActivityManager: Start proc 10146:com.google.process.gservices/u0a185 for content provider {com.google.android.gsf/com.google.android.gsf.gservices.GservicesProvider} caller=com.android.vending
06-30 00:03:24.286  1958  2011 I ActivityManager: Start proc 10193:com.google.process.gapps/u0a185 for content provider{com.google.android.gsf/com.google.android.gsf.settings.GoogleSettingsProvider} caller=com.android.vending
06-30 00:03:24.389 10057 10129 W BpBinder: Slow Binder: BpBinder transact took 242ms, interface=android.app.IActivityManager, code=20 oneway=false
06-30 00:03:24.442  9971 10171 W BpBinder: Slow Binder: BpBinder transact took 225ms, interface=com.android.vending.billing.IInAppBillingService, code=1 oneway=false
06-30 00:03:24.624  1958  2011 I ActivityManager: Start proc 10249:com.android.vending:background/u0a175 for service {com.android.vending/com.google.frameworks.client.data.android.server.play.BackgroundProcessEndpointService} caller=com.android.vending
06-30 00:03:25.041  9971 10241 W BpBinder: Slow Binder: BpBinder transact took 460ms, interface=com.android.vending.billing.IInAppBillingService, code=9 oneway=false
06-30 00:03:25.041  9971 10240 W BpBinder: Slow Binder: BpBinder transact took 460ms, interface=com.android.vending.billing.IInAppBillingService, code=9 oneway=false
06-30 00:03:28.643  9213  9213 I Timeline: Timeline: Activity_launch_request time:35383830
06-30 00:03:28.644  1958  3851 I ActivityTaskManager: START u0 {cmp=com.BHG.sharechat/.PostDetailActivity (has extras)}from uid 10768
06-30 00:03:28.657  9213  9213 W ActivityThread: SCHED: com.BHG.sharechat/.MainActivity [82, r=499ms, a=106ms, w=15553ms]
06-30 00:03:28.659  1958  5269 I ActivityTaskManager: The Process com.BHG.sharechat Already Exists in BG. So sending its PID: 9213
06-30 00:03:28.664  1958  5269 I Timeline: Timeline: App_transition_ready time:35383852
06-30 00:03:28.726  1958  5269 E WindowManager: App trying to use insecure INPUT_FEATURE_NO_INPUT_CHANNEL flag. Ignoring
06-30 00:03:28.745  1958  5269 I Timeline: Timeline: App_transition_ready time:35383932
06-30 00:03:28.746  1958  5269 I Timeline: Timeline: App_transition_ready time:35383933
06-30 00:03:28.769  1958  1997 I Timeline: Timeline: App_transition_ready time:35383956
06-30 00:03:29.022  1958  1997 I Timeline: Timeline: Activity_windows_visible id: ActivityRecord{260e318 u0 com.BHG.sharechat/.PostDetailActivity t1160} time:35384209
06-30 00:03:29.023  1958  1997 I Timeline: Timeline: App_transition_stopped time:35384211
06-30 00:03:30.643  9213  9213 I Timeline: Timeline: Activity_launch_request time:35385831
06-30 00:03:30.645  1958  2645 I ActivityTaskManager: START u0 {cmp=com.BHG.sharechat/.UserProfileActivity (has extras)} from uid 10768
06-30 00:03:30.654  9213  9213 W ActivityThread: SCHED: com.BHG.sharechat/.PostDetailActivity [76, r=57ms, a=18ms, w=1934ms]
06-30 00:03:30.656  1958  4597 I ActivityTaskManager: The Process com.BHG.sharechat Already Exists in BG. So sending its PID: 9213
06-30 00:03:30.660  1958  4597 I Timeline: Timeline: App_transition_ready time:35385847
06-30 00:03:30.711  1958  2066 E WindowManager: App trying to use insecure INPUT_FEATURE_NO_INPUT_CHANNEL flag. Ignoring
06-30 00:03:30.728  1958  5256 I Timeline: Timeline: App_transition_ready time:35385915
06-30 00:03:30.729  1958  5256 I Timeline: Timeline: App_transition_ready time:35385916
06-30 00:03:30.753  1958  1997 I Timeline: Timeline: App_transition_ready time:35385940
06-30 00:03:30.940  1958  2011 I ActivityManager: Start proc 10374:com.android.settings:remote/1000 for service {com.android.settings/com.android.settings.dangerousoptions.DangerousOptionsWarningService} caller=com.android.settings
06-30 00:03:31.005  1958  1997 I Timeline: Timeline: Activity_windows_visible id: ActivityRecord{a9b4ea1 u0 com.BHG.sharechat/.UserProfileActivity t1160} time:35386192
06-30 00:03:31.007  1958  1997 I Timeline: Timeline: App_transition_stopped time:35386195
06-30 00:03:40.942  1958  2011 I ActivityManager: Start proc 10426:com.android.smspush/u0a155 for service {com.android.smspush/com.android.smspush.WapPushManager} caller=com.android.phone
06-30 00:03:43.041  9213  9213 I Timeline: Timeline: Activity_launch_request time:35398228
06-30 00:03:43.043  1958  3851 I ActivityTaskManager: START u0 {cmp=com.BHG.sharechat/.PostDetailActivity (has extras)}from uid 10768
06-30 00:03:43.056  9213  9213 W ActivityThread: SCHED: com.BHG.sharechat/.UserProfileActivity [79, r=80ms, a=21ms, w=12350ms]
06-30 00:03:43.057  1958  2066 I ActivityTaskManager: The Process com.BHG.sharechat Already Exists in BG. So sending its PID: 9213
06-30 00:03:43.063  1958  2066 I Timeline: Timeline: App_transition_ready time:35398250
06-30 00:03:43.112  1958  5256 E WindowManager: App trying to use insecure INPUT_FEATURE_NO_INPUT_CHANNEL flag. Ignoring
06-30 00:03:43.133  1958  5256 I Timeline: Timeline: App_transition_ready time:35398320
06-30 00:03:43.134  1958  5256 I Timeline: Timeline: App_transition_ready time:35398321
06-30 00:03:43.151  1958  1997 I Timeline: Timeline: App_transition_ready time:35398338
06-30 00:03:43.409  1958  1997 I Timeline: Timeline: Activity_windows_visible id: ActivityRecord{ff4ea12 u0 com.BHG.sharechat/.PostDetailActivity t1160} time:35398596
06-30 00:03:43.412  1958  1997 I Timeline: Timeline: App_transition_stopped time:35398599
06-30 00:03:50.937  1958  2011 I ActivityManager: Start proc 10457:com.whatsapp/u0a762 for service {com.whatsapp/com.whatsapp.messaging.MessageService} caller=com.whatsapp
06-30 00:03:52.409  1958  2645 W BluetoothManagerService: bindBluetoothProfileService:Trying to bind to profile: 1, while Bluetooth is disabled
06-30 00:03:52.690  1958  2011 I ActivityManager: Start proc 10546:com.facebook.services/u0a100 for service {com.facebook.services/com.facebook.oxygen.services.fbns.PreloadedFbnsService} caller=com.whatsapp
06-30 00:03:53.538  1958  3132 W BaseMiuiPhoneWindowManager: keyCode:4 down:true eventTime:35408724 downTime:35408724 policyFlags:2b000002 flags:48 deviceId:-1 isScreenOn:true keyguardActive:false repeatCount:0
06-30 00:03:53.660  1958  3132 W BaseMiuiPhoneWindowManager: keyCode:4 down:false eventTime:35408847 downTime:35408724 policyFlags:2b000002 flags:48 deviceId:-1 isScreenOn:true keyguardActive:false repeatCount:0
06-30 00:03:53.667  9213  9213 W ActivityThread: SCHED: com.BHG.sharechat/.PostDetailActivity [76, r=48ms, a=15ms, w=10560ms]
06-30 00:03:53.674  1958  2066 I Timeline: Timeline: App_transition_ready time:35408862
06-30 00:03:53.680  1958  5269 I Timeline: Timeline: App_transition_ready time:35408867
06-30 00:03:53.698  1958  3132 I Timeline: Timeline: App_transition_ready time:35408885
06-30 00:03:53.714  1958  1997 I Timeline: Timeline: App_transition_ready time:35408901
06-30 00:03:53.963  1958  1997 I Timeline: Timeline: Activity_windows_visible id: ActivityRecord{a9b4ea1 u0 com.BHG.sharechat/.UserProfileActivity t1160} time:35409150
06-30 00:03:53.965  1958  1997 I Timeline: Timeline: App_transition_stopped time:35409152
06-30 00:03:54.012  1958  2645 W BaseMiuiPhoneWindowManager: keyCode:4 down:true eventTime:35409198 downTime:35409198 policyFlags:2b000002 flags:48 deviceId:-1 isScreenOn:true keyguardActive:false repeatCount:0
06-30 00:03:54.128  1958  2645 W BaseMiuiPhoneWindowManager: keyCode:4 down:false eventTime:35409315 downTime:35409198 policyFlags:2b000002 flags:48 deviceId:-1 isScreenOn:true keyguardActive:false repeatCount:0
06-30 00:03:54.135  9213  9213 W ActivityThread: SCHED: com.BHG.sharechat/.UserProfileActivity [78, r=15ms, a=4ms, w=453ms]
06-30 00:03:54.141  1958  2066 I Timeline: Timeline: App_transition_ready time:35409329
06-30 00:03:54.153  1958  2645 I Timeline: Timeline: App_transition_ready time:35409340
06-30 00:03:54.167  1958  1997 I Timeline: Timeline: App_transition_ready time:35409355
06-30 00:03:54.429  1958  1997 I Timeline: Timeline: Activity_windows_visible id: ActivityRecord{260e318 u0 com.BHG.sharechat/.PostDetailActivity t1160} time:35409617
06-30 00:03:54.432  1958  1997 I Timeline: Timeline: App_transition_stopped time:35409619
06-30 00:03:54.891  1958  5269 W BaseMiuiPhoneWindowManager: keyCode:4 down:true eventTime:35410077 downTime:35410077 policyFlags:2b000002 flags:48 deviceId:-1 isScreenOn:true keyguardActive:false repeatCount:0
06-30 00:03:54.985  1958  5269 W BaseMiuiPhoneWindowManager: keyCode:4 down:false eventTime:35410171 downTime:35410077 policyFlags:2b000002 flags:48 deviceId:-1 isScreenOn:true keyguardActive:false repeatCount:0
06-30 00:03:54.991  9213  9213 W ActivityThread: SCHED: com.BHG.sharechat/.PostDetailActivity [77, r=14ms, a=4ms, w=845ms]
06-30 00:03:54.998  1958  2066 I Timeline: Timeline: App_transition_ready time:35410185
06-30 00:03:55.014  1958  5269 I Timeline: Timeline: App_transition_ready time:35410201
06-30 00:03:55.033  1958  2066 I Timeline: Timeline: App_transition_ready time:35410220
06-30 00:03:55.050  1958  1997 I Timeline: Timeline: App_transition_ready time:35410237
06-30 00:03:55.297  1958  1997 I Timeline: Timeline: Activity_windows_visible id: ActivityRecord{85dbad6 u0 com.BHG.sharechat/.MainActivity t1160} time:35410484
06-30 00:03:55.300  1958  1997 I Timeline: Timeline: App_transition_stopped time:35410487
06-30 00:03:55.912   788   902 W EventThreadInspector: slow VSync-app on display(19260784713820289), count=1, avg=36 ms, max=36 ms.
06-30 00:03:55.978   788   903 W EventThreadInspector: slow VSync-sf on display(19260784713820289), count=2, avg=39 ms,max=48 ms.
06-30 00:04:00.597   788   902 W EventThreadInspector: slow VSync-app on display(19260784713820289), count=1, avg=31 ms, max=31 ms.
06-30 00:04:00.647   788   903 W EventThreadInspector: slow VSync-sf on display(19260784713820289), count=4, avg=27 ms,max=32 ms.
06-30 00:04:00.735  1958  2066 I ActivityTaskManager: Config changes=200 {1.0 ?mcc?mnc [en_IN] ldltr sw400dp w400dp h790dp 432dpi nrml long port finger -keyb/v/h -nav/h winConfig={ mBounds=Rect(0, 0 - 1080, 2340) mAppBounds=Rect(0, 79 - 1080, 2213) mWindowingMode=fullscreen mDisplayWindowingMode=fullscreen mActivityType=undefined mAlwaysOnTop=undefined mRotation=ROTATION_0} s.220 themeChanged=0 themeChangedFlags=0 extraData = Bundle[{}]}
06-30 00:04:00.745  1958  1996 I WindowManager: updateContrastOverlay, darkmode: true isContrastEnabled: false alpha: 0.0
06-30 00:04:00.899  1958  2066 I ActivityTaskManager: Override config changes=200 {1.0 ?mcc?mnc [en_IN] ldltr sw400dp w400dp h790dp 432dpi nrml long port finger -keyb/v/h -nav/h winConfig={ mBounds=Rect(0, 0 - 1080, 2340) mAppBounds=Rect(0, 79 - 1080, 2213) mWindowingMode=fullscreen mDisplayWindowingMode=fullscreen mActivityType=undefined mAlwaysOnTop=undefined mRotation=ROTATION_0} s.220 themeChanged=0 themeChangedFlags=0 extraData = Bundle[{}]} for displayId=0
06-30 00:04:01.227  9213  9213 W ActivityThread: SCHED: com.BHG.sharechat/.MainActivity [70, r=221ms, a=93ms, w=6210ms]
06-30 00:04:01.234  2181  2690 W BpBinder: Slow Binder: BpBinder transact took 527ms, interface=android.app.IUiModeManager, code=4 oneway=false
06-30 00:04:01.235  1958  1996 I WindowManager:  hideContrastOverlay
06-30 00:04:01.250  1958  4807 I ActivityManager: Process com.mi.android.globalminusscreen (pid 7985) has died: cch CACC
06-30 00:04:01.259  1958  4807 W ActivityManager: Scheduling restart of crashed service com.mi.android.globalminusscreen/com.google.mi.apps.gsa.nowoverlayservice.DrawerOverlayService in 1000ms
06-30 00:04:01.262  2181  2181 W BpBinder: Slow Binder: BpBinder transact took 518ms, interface=android.app.IUiModeManager, code=5 oneway=false
06-30 00:04:01.262  2181  3082 W BpBinder: Slow Binder: BpBinder transact took 511ms, interface=android.app.IUiModeManager, code=5 oneway=false
06-30 00:04:01.263  2181  2435 W BpBinder: Slow Binder: BpBinder transact took 511ms, interface=android.app.IUiModeManager, code=5 oneway=false
06-30 00:04:01.271  2181  2181 W Looper  : Slow Looper main: doFrame is 523ms late because of 3 msg, msg 1 took 525ms (seq=297401 running=3ms runnable=1ms h=com.android.keyguard.KeyguardUpdateMonitor$2 c=android.database.ContentObserver$NotificationRunnable)
06-30 00:04:01.347   788   902 W EventThreadInspector: slow VSync-app on display(19260784713820289), count=1, avg=44 ms, max=44 ms.
06-30 00:04:01.414   788   903 W EventThreadInspector: slow VSync-sf on display(19260784713820289), count=5, avg=30 ms,max=48 ms.
06-30 00:04:01.428  1958  4807 E WindowManager: App trying to use insecure INPUT_FEATURE_NO_INPUT_CHANNEL flag. Ignoring
06-30 00:04:01.478  1958  1997 I Timeline: Timeline: Activity_windows_visible id: ActivityRecord{85dbad6 u0 com.BHG.sharechat/.MainActivity t1160} time:35416666
06-30 00:04:01.495  1958  1997 I WindowManager: Screen frozen for +479ms due to Window{46c2afe u0 com.BHG.sharechat/com.BHG.sharechat.MainActivity}
06-30 00:04:01.916  2181  2181 W Looper  : Slow Looper main: doFrame is 599ms late because of 30 msg, msg 1 took 586ms (seq=297408 running=115ms runnable=17ms io=399ms late=372ms h=android.app.ActivityThread$H w=159)
06-30 00:04:02.076  3787  3787 W Looper  : Slow Looper main: Long Msg: seq=7881 plan=00:04:00.895  late=4ms wall=1177msrunning=20ms runnable=37ms io=1046ms h=android.app.ActivityThread$H w=159
06-30 00:04:02.076 19805 19805 W Looper  : Slow Looper main: Long Msg: seq=486 plan=00:04:00.882  late=0ms wall=1194ms running=42ms runnable=27ms io=1046ms h=android.app.ActivityThread$H w=159
06-30 00:04:02.077 20182 20182 W Looper  : Slow Looper main: Long Msg: seq=218 plan=00:04:00.881  late=1ms wall=1195ms running=42ms runnable=50ms io=1039ms h=android.app.ActivityThread$H w=159
06-30 00:04:02.097   788   903 W EventThreadInspector: slow VSync-sf on display(19260784713820289), count=1, avg=49 ms,max=49 ms.
