06-29 23:48:29.248  2181  2181 I miui_face: stop face unlock
06-29 23:48:29.254  2181  2924 I miui_face: authenCallback, onAuthenticationError code:2000 msg:
06-29 23:48:29.263  1958  4806 I Timeline: Timeline: App_transition_ready time:34484450
06-29 23:48:29.264  2181  3626 I KeyguardViewMediator: call fw keyguardGoingAway: flags = 8
06-29 23:48:29.266  1958  1997 I Timeline: Timeline: App_transition_ready time:34484453
06-29 23:48:29.272  1958  1997 I Timeline: Timeline: App_transition_ready time:34484459
06-29 23:48:29.273  1958  1997 I Timeline: Timeline: App_transition_ready time:34484460
06-29 23:48:29.278  1958  4526 I Timeline: Timeline: App_transition_ready time:34484465
06-29 23:48:29.289  1958  1997 I Timeline: Timeline: App_transition_ready time:34484476
06-29 23:48:29.290  2181  2181 I KeyguardViewMediator: handleStartKeyguardExitAnimation startTime=34484476 fadeoutDuration=150
06-29 23:48:29.326  1958  1996 W UsageStatsService: Event reported without a package name, eventType:18
06-29 23:48:29.332  1958  1996 I WindowManager: updateContrastOverlay, darkmode: true isContrastEnabled: true alpha: 0.0
06-29 23:48:29.352  2181  2181 I miui_face: face unlock success time=2630
06-29 23:48:29.363  1958  2010 W BroadcastQueue: Background execution not allowed: receiving Intent { act=android.intent.action.USER_PRESENT flg=0x24200010 } to com.jio.myjio/com.jio.clickstream.tbn.PowerConnectionReceiver
06-29 23:48:29.363  1958  2010 W BroadcastQueue: Background execution not allowed: receiving Intent { act=android.intent.action.USER_PRESENT flg=0x24200010 } to com.android.chrome/org.chromium.chrome.browser.sharing.click_to_call.ClickToCallMessageHandler$PhoneUnlockedReceiver
06-29 23:48:29.363  1958  2010 W BroadcastQueue: Background execution not allowed: receiving Intent { act=android.intent.action.USER_PRESENT flg=0x24200010 } to com.google.android.gms/.auth.setup.devicesignals.LockScreenReceiver
06-29 23:48:29.363  1958  2010 W BroadcastQueue: Background execution not allowed: receiving Intent { act=android.intent.action.USER_PRESENT flg=0x24200010 } to com.google.android.gms/.chimera.GmsIntentOperationService$PersistentTrustedReceiver
06-29 23:48:29.363  1958  2010 W BroadcastQueue: Background execution not allowed: receiving Intent { act=android.intent.action.USER_PRESENT flg=0x24200010 } to info.kfsoft.force.rotation/.RestartReceiver
06-29 23:48:29.445  1958  1997 I Timeline: Timeline: Activity_windows_visible id: ActivityRecord{f0f7f2c u0 com.BHG.sharechat/.PostDetailActivity t1157} time:34484632
06-29 23:48:29.447  1958  1997 I Timeline: Timeline: App_transition_stopped time:34484634
06-29 23:48:29.560  4027  4215 W BpBinder: Slow Binder: BpBinder transact took 202ms, interface=android.hardware.camera2.ICameraDeviceUser, code=1 oneway=false
06-29 23:48:29.598  3855 30511 W MiuiPerfServiceClient: interceptAndQueuing:2181|com.android.systemui|582|141|unknown|null|StatusBar|34483397157208|Slow swap buffers|19
06-29 23:48:29.606  3855 30511 W MiuiPerfServiceClient: interceptAndQueuing:2181|com.android.systemui|1201|68|unknown|null|StatusBar|34484682757312|Slow swap buffers|45
06-29 23:48:29.845  1958  2014 E BatteryExternalStatsWorker: no controller energy info supplied for bluetooth
06-29 23:48:29.894   788   903 W EventThreadInspector: slow VSync-sf on display(19260784713820289), count=3, avg=35 ms,max=42 ms.
06-29 23:48:30.928   788   902 W EventThreadInspector: slow VSync-app on display(19260784713820289), count=3, avg=35 ms, max=41 ms.
06-29 23:48:46.255  3394  3394 I Timeline: Timeline: Activity_launch_request time:34501443
06-29 23:48:46.257  1958  4692 I ActivityTaskManager: START u0 {cmp=com.BHG.sharechat/.UserProfileActivity (has extras)} from uid 10768
06-29 23:48:46.268  3394  3394 W ActivityThread: SCHED: com.BHG.sharechat/.PostDetailActivity [85, r=34ms, a=6ms, w=16972ms]
06-29 23:48:46.269  1958  4692 I ActivityTaskManager: The Process com.BHG.sharechat Already Exists in BG. So sending its PID: 3394
06-29 23:48:46.274  1958  4692 I Timeline: Timeline: App_transition_ready time:34501461
06-29 23:48:46.325  1958  4692 E WindowManager: App trying to use insecure INPUT_FEATURE_NO_INPUT_CHANNEL flag. Ignoring
06-29 23:48:46.344  1958  4692 I Timeline: Timeline: App_transition_ready time:34501531
06-29 23:48:46.345  1958  4692 I Timeline: Timeline: App_transition_ready time:34501532
06-29 23:48:46.364  1958  1997 I Timeline: Timeline: App_transition_ready time:34501551
06-29 23:48:46.618  1958  1997 I Timeline: Timeline: Activity_windows_visible id: ActivityRecord{2875fa4 u0 com.BHG.sharechat/.UserProfileActivity t1157} time:34501805
06-29 23:48:46.620  1958  1997 I Timeline: Timeline: App_transition_stopped time:34501807
06-29 23:48:46.779  1958  2014 E BatteryExternalStatsWorker: no controller energy info supplied for bluetooth
06-29 23:48:46.872  1958  2014 E BatteryExternalStatsWorker: no controller energy info supplied for bluetooth
06-29 23:49:06.728  1958  3132 W BaseMiuiPhoneWindowManager: keyCode:4 down:true eventTime:34521914 downTime:34521914 policyFlags:2b000002 flags:48 deviceId:-1 isScreenOn:true keyguardActive:false repeatCount:0
06-29 23:49:06.794  1958  3132 W BaseMiuiPhoneWindowManager: keyCode:4 down:false eventTime:34521981 downTime:34521914 policyFlags:2b000002 flags:48 deviceId:-1 isScreenOn:true keyguardActive:false repeatCount:0
06-29 23:49:06.801  3394  3394 W ActivityThread: SCHED: com.BHG.sharechat/.UserProfileActivity [74, r=57ms, a=20ms, w=20479ms]
06-29 23:49:06.808  1958  1979 I Timeline: Timeline: App_transition_ready time:34521995
06-29 23:49:06.826  1958  1979 I Timeline: Timeline: App_transition_ready time:34522013
06-29 23:49:06.841  1958  1997 I Timeline: Timeline: App_transition_ready time:34522028
06-29 23:49:07.091  1958  1997 I Timeline: Timeline: Activity_windows_visible id: ActivityRecord{f0f7f2c u0 com.BHG.sharechat/.PostDetailActivity t1157} time:34522279
06-29 23:49:07.093  1958  1997 I Timeline: Timeline: App_transition_stopped time:34522280
06-29 23:49:08.583  1958  2646 W BaseMiuiPhoneWindowManager: keyCode:4 down:true eventTime:34523769 downTime:34523769 policyFlags:2b000002 flags:48 deviceId:-1 isScreenOn:true keyguardActive:false repeatCount:0
06-29 23:49:08.654  1958  2646 W BaseMiuiPhoneWindowManager: keyCode:4 down:false eventTime:34523841 downTime:34523769 policyFlags:2b000002 flags:48 deviceId:-1 isScreenOn:true keyguardActive:false repeatCount:0
06-29 23:49:08.662  3394  3394 W ActivityThread: SCHED: com.BHG.sharechat/.PostDetailActivity [80, r=28ms, a=7ms, w=1848ms]
06-29 23:49:08.669  1958  3417 I Timeline: Timeline: App_transition_ready time:34523856
06-29 23:49:08.696  1958  3417 I Timeline: Timeline: App_transition_ready time:34523883
06-29 23:49:08.716  1958  1997 I Timeline: Timeline: App_transition_ready time:34523903
06-29 23:49:08.958  1958  1997 I Timeline: Timeline: Activity_windows_visible id: ActivityRecord{8c9d9fd u0 com.BHG.sharechat/.MainActivity t1157} time:34524145
06-29 23:49:08.960  1958  1997 I Timeline: Timeline: App_transition_stopped time:34524147
06-29 23:49:09.755  3394  3394 I Timeline: Timeline: Activity_launch_request time:34524942
06-29 23:49:09.756  1958  2647 I ActivityTaskManager: START u0 {cmp=com.BHG.sharechat/.PostDetailActivity (has extras)}from uid 10768
06-29 23:49:09.766  3394  3394 W ActivityThread: SCHED: com.BHG.sharechat/.MainActivity [77, r=21ms, a=6ms, w=1088ms]
06-29 23:49:09.767  1958  3417 I ActivityTaskManager: The Process com.BHG.sharechat Already Exists in BG. So sending its PID: 3394
06-29 23:49:09.780  1958  3417 I Timeline: Timeline: App_transition_ready time:34524967
06-29 23:49:09.845  1958  2647 E WindowManager: App trying to use insecure INPUT_FEATURE_NO_INPUT_CHANNEL flag. Ignoring
06-29 23:49:09.863  1958  2646 I Timeline: Timeline: App_transition_ready time:34525051
06-29 23:49:09.865  1958  2646 I Timeline: Timeline: App_transition_ready time:34525052
06-29 23:49:09.893  1958  1997 I Timeline: Timeline: App_transition_ready time:34525080
06-29 23:49:10.157  1958  1997 I Timeline: Timeline: Activity_windows_visible id: ActivityRecord{766c27e u0 com.BHG.sharechat/.PostDetailActivity t1157} time:34525344
06-29 23:49:10.160  1958  1997 I Timeline: Timeline: App_transition_stopped time:34525347
06-29 23:49:10.434  1958  2647 W BaseMiuiPhoneWindowManager: keyCode:4 down:true eventTime:34525620 downTime:34525620 policyFlags:2b000002 flags:48 deviceId:-1 isScreenOn:true keyguardActive:false repeatCount:0
06-29 23:49:10.440   788   903 W EventThreadInspector: slow VSync-sf on display(19260784713820289), count=2, avg=33 ms,max=34 ms.
06-29 23:49:10.522  1958  2647 W BaseMiuiPhoneWindowManager: keyCode:4 down:false eventTime:34525709 downTime:34525620 policyFlags:2b000002 flags:48 deviceId:-1 isScreenOn:true keyguardActive:false repeatCount:0
06-29 23:49:10.529  3394  3394 W ActivityThread: SCHED: com.BHG.sharechat/.PostDetailActivity [52, r=29ms, a=26ms, w=695ms]
06-29 23:49:10.536  1958  2647 I Timeline: Timeline: App_transition_ready time:34525723
06-29 23:49:10.548  1958  5236 I Timeline: Timeline: App_transition_ready time:34525735
06-29 23:49:10.562  1958  1997 I Timeline: Timeline: App_transition_ready time:34525749
06-29 23:49:10.808  1958  1997 I Timeline: Timeline: Activity_windows_visible id: ActivityRecord{8c9d9fd u0 com.BHG.sharechat/.MainActivity t1157} time:34525995
06-29 23:49:10.812  1958  1997 I Timeline: Timeline: App_transition_stopped time:34525999
06-29 23:49:10.922  3394  3394 I Timeline: Timeline: Activity_launch_request time:34526109
06-29 23:49:10.923  1958  2646 I ActivityTaskManager: START u0 {cmp=com.BHG.sharechat/.PostDetailActivity (has extras)}from uid 10768
06-29 23:49:10.933  3394  3394 W ActivityThread: SCHED: com.BHG.sharechat/.MainActivity [80, r=20ms, a=5ms, w=391ms]
06-29 23:49:10.935  1958  2647 I ActivityTaskManager: The Process com.BHG.sharechat Already Exists in BG. So sending its PID: 3394
06-29 23:49:10.940  1958  2647 I Timeline: Timeline: App_transition_ready time:34526127
06-29 23:49:10.982  1958  2646 E WindowManager: App trying to use insecure INPUT_FEATURE_NO_INPUT_CHANNEL flag. Ignoring
06-29 23:49:10.993  1958  2646 I Timeline: Timeline: App_transition_ready time:34526180
06-29 23:49:10.995  1958  2646 I Timeline: Timeline: App_transition_ready time:34526182
06-29 23:49:11.016  1958  1997 I Timeline: Timeline: App_transition_ready time:34526203
06-29 23:49:11.259  1958  1997 I Timeline: Timeline: Activity_windows_visible id: ActivityRecord{4f8f6db u0 com.BHG.sharechat/.PostDetailActivity t1157} time:34526446
06-29 23:49:11.261  1958  1997 I Timeline: Timeline: App_transition_stopped time:34526448
06-29 23:49:11.814  3394  3394 I Timeline: Timeline: Activity_launch_request time:34527001
06-29 23:49:11.815  1958  2647 I ActivityTaskManager: START u0 {cmp=com.BHG.sharechat/.UserProfileActivity (has extras)} from uid 10768
06-29 23:49:11.825  3394  3394 W ActivityThread: SCHED: com.BHG.sharechat/.PostDetailActivity [74, r=37ms, a=13ms, w=846ms]
06-29 23:49:11.826  1958  3132 I ActivityTaskManager: The Process com.BHG.sharechat Already Exists in BG. So sending its PID: 3394
06-29 23:49:11.830  1958  3132 I Timeline: Timeline: App_transition_ready time:34527017
06-29 23:49:11.870  1958  1979 E WindowManager: App trying to use insecure INPUT_FEATURE_NO_INPUT_CHANNEL flag. Ignoring
06-29 23:49:11.885  1958  2647 I Timeline: Timeline: App_transition_ready time:34527072
06-29 23:49:11.886  1958  2647 I Timeline: Timeline: App_transition_ready time:34527073
06-29 23:49:11.906  1958  1997 I Timeline: Timeline: App_transition_ready time:34527093
06-29 23:49:12.176  1958  1997 I Timeline: Timeline: Activity_windows_visible id: ActivityRecord{700b3f2 u0 com.BHG.sharechat/.UserProfileActivity t1157} time:34527363
06-29 23:49:12.178  1958  1997 I Timeline: Timeline: App_transition_stopped time:34527366
06-29 23:49:53.851  1071  1071 E TLOC    : [TLOCChannel]"Can't receive message due to timeout"
06-29 23:49:53.856  1071  1071 I TLOC    : [ModemComm  ]"Request succeeded for gps engine lock"
06-29 23:49:53.856  1071  1372 I TLOC    : [Modem      ]"Sending location turned on status to the daemon"
06-29 23:49:53.856  1071  1071 I TLOC    : [TLOCDaemon ]"timeout passed - start periodic warm-up"
06-29 23:49:53.856  1071  1071 I TLOC    : [ModemComm  ]"Start a session successfully"
06-29 23:49:53.857  1071  1372 I TLOC    : [Modem      ]"Received event indication of position report with status ENGINE_LOCKED"
06-29 23:49:54.679  1958  1958 I ActivityManager: Idle maintenance over +46m46s680ms low RAM for +58s53ms
06-29 23:49:54.684  1958  1958 I MountServiceIdlerInjector: sNextTrimDuration :  1800000
06-29 23:49:54.700  1958  2011 I ActivityManager: Start proc 4225:com.google.android.partnersetup/u0a180 for service {com.google.android.partnersetup/com.google.android.partnersetup.InstalledAppJobService} caller=android
06-29 23:49:59.967  1958  2011 I ActivityManager: Start proc 4256:com.google.android.apps.turbo:aab/u0a184 for service {com.google.android.apps.turbo/com.google.android.libraries.smartbattery.appusage.library.InferAppBucketsJob} caller=android
06-29 23:50:13.856  1071  1071 E TLOC    : [TLOCChannel]"Can't receive message due to timeout"
06-29 23:50:13.856  1071  1071 I TLOC    : [TLOCDaemon ]"timeout passed with no location fix - close the session"
06-29 23:50:13.860  1071  1071 I TLOC    : [ModemComm  ]"Stopped the session successfully"
06-29 23:50:36.894  1958  2009 I UsageStatsService: User[0] Flushing usage stats to disk
06-29 23:50:36.993  1958  2009 E AppIdleHistory: Error writing app idle file for user 0
06-29 23:52:57.873  1958  2017 I PowerManagerService: Going to sleep due to timeout (uid 1000)...
06-29 23:52:57.874  1958  1958 W UsageStatsService: Event reported without a package name, eventType:16
06-29 23:52:57.875  1958  1958 I WindowManager: Started going to sleep... (why=OFF_BECAUSE_OF_TIMEOUT)
06-29 23:52:58.098  1958  2017 I DisplayPowerController: Blocking screen off
06-29 23:52:58.099  1958  2017 I DisplayPowerController: Unblocked screen off after 1 ms
06-29 23:52:58.109  1958  2017 I WindowManager: Screen turned off...
06-29 23:52:58.117  1958  2017 W ActivityManager: Unable to start service Intent { act=miui.action.CAMERA_EMPTY_SERVICEpkg=com.android.camera } U=0: not found
06-29 23:52:58.118  3394  3394 W ActivityThread: SCHED: com.BHG.sharechat/.UserProfileActivity [78, r=192ms, a=54ms, w=226254ms]
06-29 23:52:58.124  1958  1996 I DisplayManagerService: Display device changed state: "Built-in Screen", OFF
06-29 23:52:58.177  1958  3132 W ProcessStats: Tracking association SourceState{88b7474 com.BHG.sharechat/10768 Top #174991} whose proc state 1 is better than process ProcessState{bd57a69 com.google.android.gms/10185 pkg=com.google.android.gms} proc state 5 (5 skipped)
06-29 23:52:58.407  1958  2168 W BpBinder: Slow Binder: BpBinder transact took 287ms, interface=android.ui.ISurfaceComposer, code=19 oneway=false
06-29 23:52:58.408  1958  2017 W DreamManagerService: Dream ComponentInfo{com.android.systemui/com.android.systemui.doze.DozeService} does not exist
06-29 23:52:58.408  1958  2017 I PowerManagerService: Sleeping (uid 1000)...
06-29 23:52:58.409  1958  1958 I WindowManager: Finished going to sleep... (why=OFF_BECAUSE_OF_TIMEOUT)
06-29 23:52:58.413  2181  2887 W KeyguardViewMediator: doKeyguard: showing the lock screen
06-29 23:52:58.457  1958  1996 W UsageStatsService: Event reported without a package name, eventType:17
06-29 23:52:58.457  1958  1996 I WindowManager: updateContrastOverlay, darkmode: true isContrastEnabled: true alpha: 0.0
06-29 23:52:58.608  1958  2011 I ActivityManager: Start proc 4334:com.miui.msa.global:ui/u0a123 for service {com.miui.msa.global/com.xiaomi.ad.internal.splash.uiprocess.SplashUIService} caller=com.miui.msa.global
06-29 23:52:58.724  1958  4806 I ActivityManager: Killing 2938:com.google.android.webview:webview_service/u0a192 (adj 945): empty #17
06-29 23:52:59.057  1958  2014 E BatteryExternalStatsWorker: no controller energy info supplied for bluetooth
06-29 23:53:08.695  1958  4525 I ActivityManager: Killing 1725:com.android.keychain/1000 (adj 945): empty #17
06-29 23:53:08.700  1958  4525 I ActivityManager: Killing 1508:com.miui.securitycenter/1000 (adj 955): empty #18
06-29 23:53:08.706  1958  4525 W ProcessStats: Tracking association SourceState{7f0270f com.google.android.gms/10185 Top #175166} whose proc state 1 is better than process ProcessState{1c1639c com.google.android.gms.persistent/10185 pkg=com.google.android.gms} proc state 2 (171 skipped)
06-29 23:53:08.766  1958  1996 W ActivityManager: setHasOverlayUi called on unknown pid: 1508
06-29 23:56:00.551  1958  2014 E BatteryExternalStatsWorker: no controller energy info supplied for bluetooth
06-29 23:56:54.635  1958  2090 W BaseMiuiPhoneWindowManager: keyCode:23 down:true eventTime:34989820 downTime:34989820 policyFlags:2000000 flags:8 deviceId:0 isScreenOn:false keyguardActive:true repeatCount:0
06-29 23:56:54.636  1958  2090 I PowerManagerService: Waking up from Asleep (uid=1000, reason=WAKE_REASON_UNKNOWN, details=miui.policy:FINGERPRINT_DPAD_CENTER)...
06-29 23:56:54.637  1958  1958 W UsageStatsService: Event reported without a package name, eventType:15
06-29 23:56:54.641  1958  2017 I DisplayPowerController: Blocking screen on until initial contents have been drawn.
06-29 23:56:54.641  1958  2017 I WindowManager: Screen turning on...
06-29 23:56:54.642  2181  2197 W KeyguardViewMediator: notifyScreenOn
06-29 23:56:54.644  1958  1958 I WindowManager: Started waking up... (why=ON_BECAUSE_OF_UNKNOWN)
06-29 23:56:54.664  2181  2181 W KeyguardViewMediator: handleNotifyScreenTurningOn
06-29 23:56:54.664  2181  2181 W KeyguardViewMediator: notifyDrawn
06-29 23:56:54.664  1958  3906 I WindowManager: mKeyguardDelegate.ShowListener.onDrawn.
06-29 23:56:54.676  1958  1996 I DisplayManagerService: Display device changed state: "Built-in Screen", ON
06-29 23:56:54.698  1958  1994 W WindowManager: Setting mKeyguardDrawComplete
06-29 23:56:54.702  1958  1994 I WindowManager: All windows ready for display!
06-29 23:56:54.709  2181  2181 I miui_face: start face unlock
06-29 23:56:54.712  2181  2924 I miui_face: start verify time=3
06-29 23:56:54.744  1958  1994 W WindowManager: Setting mWindowManagerDrawComplete
06-29 23:56:54.746  1958  1994 I WindowManager: Finished screen turning on...
06-29 23:56:54.746  1958  2017 I DisplayPowerController: Unblocked screen on after 105 ms
06-29 23:56:54.765  1958  2014 E BatteryExternalStatsWorker: no controller energy info supplied for bluetooth
06-29 23:56:54.817  1958  1958 I WindowManager: Finished waking up... (why=ON_BECAUSE_OF_UNKNOWN)
06-29 23:56:55.082  1958  2090 W BaseMiuiPhoneWindowManager: keyCode:23 down:false eventTime:34990269 downTime:34989820policyFlags:22000000 flags:8 deviceId:0 isScreenOn:true keyguardActive:true repeatCount:0
06-29 23:56:55.189  2181  2924 I miui_face:  authenCallback, onAuthenticationHelp helpCode:5 helpString:
06-29 23:56:55.227   788   903 W EventThreadInspector: slow VSync-sf on display(19260784713820289), count=4, avg=28 ms,max=48 ms.
06-29 23:56:55.227   788   902 W EventThreadInspector: slow VSync-app on display(19260784713820289), count=4, avg=36 ms, max=46 ms.
06-29 23:56:55.237  1958  2014 E BatteryExternalStatsWorker: no controller energy info supplied for bluetooth
06-29 23:56:55.252  2181  2924 I miui_face:  authenCallback, onAuthenticationHelp helpCode:5 helpString:
06-29 23:56:55.352  2181  2924 I chatty  : uid=1000(system) face_unlock identical 1 line
06-29 23:56:55.431  2181  2924 I miui_face:  authenCallback, onAuthenticationHelp helpCode:5 helpString:
06-29 23:56:55.562  2181  2924 I miui_face:  authenCallback, onAuthenticationHelp helpCode:14 helpString:
06-29 23:56:55.856  2181  2924 I chatty  : uid=1000(system) face_unlock identical 4 lines
06-29 23:56:55.921  2181  2924 I miui_face:  authenCallback, onAuthenticationHelp helpCode:14 helpString:
06-29 23:56:55.927  2181  2181 E miui_face: start face unlock fail ,faceDetectTypeForCamera=1
06-29 23:56:55.964  2181  2924 I miui_face:  authenCallback, onAuthenticationHelp helpCode:5 helpString:
06-29 23:56:56.038  2181  2924 I miui_face:  authenCallback, onAuthenticationHelp helpCode:14 helpString:
06-29 23:56:56.061   788   788 W SurfaceFlingerInspector: Slow frame composition: nt36672a vide doComposition took 64 ms
06-29 23:56:56.109  2181  2924 I miui_face:  authenCallback, onAuthenticationHelp helpCode:14 helpString:
06-29 23:56:56.144   788   788 W SurfaceFlingerInspector: Slow frame composition: nt36672a vide doComposition took 79 ms
06-29 23:56:56.199  2181  2924 I miui_face:  authenCallback, onAuthenticationHelp helpCode:14 helpString:
06-29 23:56:56.270  2181  2924 I miui_face:  authenCallback, onAuthenticationHelp helpCode:14 helpString:
06-29 23:56:56.294   788   788 W SurfaceFlingerInspector: Slow frame composition: nt36672a vide doComposition took 65 ms
06-29 23:56:56.340  2181  2924 I miui_face:  authenCallback, onAuthenticationHelp helpCode:14 helpString:
06-29 23:56:56.385  2181  2924 I miui_face:  authenCallback, onAuthenticationHelp helpCode:5 helpString:
06-29 23:56:56.459  2181  2924 I miui_face:  authenCallback, onAuthenticationHelp helpCode:14 helpString:
06-29 23:56:56.483  1958  2014 E BatteryExternalStatsWorker: no controller energy info supplied for bluetooth
06-29 23:56:56.501  2181  2924 I miui_face:  authenCallback, onAuthenticationHelp helpCode:5 helpString:
06-29 23:56:56.549  2181  2924 I chatty  : uid=1000(system) face_unlock identical 1 line
06-29 23:56:56.587  2181  2924 I miui_face:  authenCallback, onAuthenticationHelp helpCode:5 helpString:
06-29 23:56:56.658  2181  2924 I miui_face:  authenCallback, onAuthenticationHelp helpCode:14 helpString:
06-29 23:56:56.728  2181  2924 I miui_face:  authenCallback, onAuthenticationHelp helpCode:14 helpString:
06-29 23:56:56.769  2181  2924 I miui_face:  authenCallback, onAuthenticationHelp helpCode:5 helpString:
06-29 23:56:56.839  2181  2924 I miui_face:  authenCallback, onAuthenticationHelp helpCode:14 helpString:
06-29 23:56:56.894  2181  2924 I miui_face:  authenCallback, onAuthenticationHelp helpCode:5 helpString:
06-29 23:56:56.936  2181  2924 I miui_face:  authenCallback, onAuthenticationHelp helpCode:5 helpString:
06-29 23:56:57.013  2181  2924 I miui_face:  authenCallback, onAuthenticationHelp helpCode:14 helpString:
06-29 23:56:57.315  2181  2924 I chatty  : uid=1000(system) face_unlock identical 4 lines
06-29 23:56:57.389  2181  2924 I miui_face:  authenCallback, onAuthenticationHelp helpCode:14 helpString:
06-29 23:56:57.394  2181  2181 I miui_keyguard_password: password unlock duration 75
06-29 23:56:57.396  1958  3906 W FingerprintService: Ignoring lockout reset, no templates enrolled
06-29 23:56:57.396  2181  2181 W miui_keyguard: unlock keyguard by pw
06-29 23:56:57.449  1958  5236 I LockSettingsService: Unlocking user 0 with secret only, length 32
06-29 23:56:57.449  1958  5236 I LockSettingsService: Disabling escrow token on user 0
06-29 23:56:57.450  1958  5236 I LockSettingsService: Caching SP for user 0
06-29 23:56:57.450  1958  1958 I LockSettingsService: Removing SP from cache for user 0
06-29 23:56:57.465  2181  2924 I miui_face:  authenCallback, onAuthenticationHelp helpCode:14 helpString:
06-29 23:56:57.467  3855 30511 W MiuiPerfServiceClient: interceptAndQueuing:2181|com.android.systemui|554|50|unknown|null|StatusBar|34990543700556|Slow issue draw commands|28
06-29 23:56:57.468  3855 30511 W MiuiPerfServiceClient: interceptAndQueuing:2181|com.android.systemui|1955|120|unknown|null|StatusBar|34992653281129|Slow swap buffers|79
06-29 23:56:57.531  2181  2924 I miui_face:  authenCallback, onAuthenticationHelp helpCode:14 helpString:
06-29 23:56:57.549  2181  2181 I miui_face: stop face unlock
06-29 23:56:57.555  2181  2924 I miui_face: authenCallback, onAuthenticationError code:2000 msg:
06-29 23:56:57.557  1958  3901 I Timeline: Timeline: App_transition_ready time:34992744
06-29 23:56:57.560  2181  3626 I KeyguardViewMediator: call fw keyguardGoingAway: flags = 8
06-29 23:56:57.561  1958  1997 I Timeline: Timeline: App_transition_ready time:34992748
06-29 23:56:57.567  1958  1997 I Timeline: Timeline: App_transition_ready time:34992754
06-29 23:56:57.568  1958  1997 I Timeline: Timeline: App_transition_ready time:34992755
06-29 23:56:57.573  1958  4597 I Timeline: Timeline: App_transition_ready time:34992760
06-29 23:56:57.581  1958  1997 I Timeline: Timeline: App_transition_ready time:34992768
06-29 23:56:57.581  2181  2181 I KeyguardViewMediator: handleStartKeyguardExitAnimation startTime=34992768 fadeoutDuration=150
06-29 23:56:57.666  2181  2181 I miui_face: face unlock success time=2957
06-29 23:56:57.675  1958  1996 W UsageStatsService: Event reported without a package name, eventType:18
06-29 23:56:57.675  1958  1996 I WindowManager: updateContrastOverlay, darkmode: true isContrastEnabled: true alpha: 0.0
06-29 23:56:57.687  1958  2010 W BroadcastQueue: Background execution not allowed: receiving Intent { act=android.intent.action.USER_PRESENT flg=0x24200010 } to com.jio.myjio/com.jio.clickstream.tbn.PowerConnectionReceiver
06-29 23:56:57.687  1958  2010 W BroadcastQueue: Background execution not allowed: receiving Intent { act=android.intent.action.USER_PRESENT flg=0x24200010 } to com.android.chrome/org.chromium.chrome.browser.sharing.click_to_call.ClickToCallMessageHandler$PhoneUnlockedReceiver
06-29 23:56:57.688  1958  2010 W BroadcastQueue: Background execution not allowed: receiving Intent { act=android.intent.action.USER_PRESENT flg=0x24200010 } to com.google.android.gms/.auth.setup.devicesignals.LockScreenReceiver
06-29 23:56:57.688  1958  2010 W BroadcastQueue: Background execution not allowed: receiving Intent { act=android.intent.action.USER_PRESENT flg=0x24200010 } to com.google.android.gms/.chimera.GmsIntentOperationService$PersistentTrustedReceiver
06-29 23:56:57.688  1958  2010 W BroadcastQueue: Background execution not allowed: receiving Intent { act=android.intent.action.USER_PRESENT flg=0x24200010 } to info.kfsoft.force.rotation/.RestartReceiver
06-29 23:56:57.750  1958  1997 I Timeline: Timeline: Activity_windows_visible id: ActivityRecord{700b3f2 u0 com.BHG.sharechat/.UserProfileActivity t1157} time:34992937
06-29 23:56:57.755  1958  1997 I Timeline: Timeline: App_transition_stopped time:34992942
06-29 23:56:57.889  3855 30511 W MiuiPerfServiceClient: interceptAndQueuing:2181|com.android.systemui|109|64|unknown|null|StatusBar|34992724502483|Slow swap buffers|3
06-29 23:56:57.889  3855 30511 W MiuiPerfServiceClient: interceptAndQueuing:2181|com.android.systemui|223|77|unknown|null|StatusBar|34992988659462|Slow handle traversal|5
06-29 23:56:58.167  1958  2014 E BatteryExternalStatsWorker: no controller energy info supplied for bluetooth
06-29 23:58:55.358  1958  2011 I ActivityManager: Start proc 4567:com.miui.cloudservice/u0a126 for service {com.miui.cloudservice/com.miui.cloudservice.sync.IntelligentSyncService} caller=android
06-29 23:58:55.676  1958  2011 I ActivityManager: Start proc 4621:com.xiaomi.simactivate.service/u0a163 for service {com.xiaomi.simactivate.service/com.xiaomi.activate.ActivateService} caller=com.miui.cloudservice
06-29 23:58:55.759  1958  2011 I ActivityManager: Start proc 4642:com.xiaomi.account/u0a112 for service {com.xiaomi.account/com.xiaomi.account.XiaomiAccountService} caller=com.miui.cloudservice
06-29 23:58:55.830  1958  2011 I ActivityManager: Start proc 4666:com.miui.notes:sync/u0a117 for service {com.miui.notes/com.miui.notes.cloudservice.NotesSyncService} caller=android
06-29 23:58:55.892  1958  2011 I ActivityManager: Start proc 4689:com.miui.micloudsync:sync/u0a126 for service {com.miui.micloudsync/com.miui.micloudsync.calendar.CalendarSyncService} caller=android
06-29 23:58:55.932  1958  2011 I ActivityManager: Start proc 4709:com.android.providers.calendar/u0a74 for broadcast {com.android.providers.calendar/com.android.providers.calendar.CalendarProviderBroadcastReceiver} caller=com.android.providers.calendar
06-29 23:58:55.977  1958  2011 I ActivityManager: Start proc 4734:com.miui.cloudbackup/u0a84 for content provider {com.miui.cloudbackup/com.miui.cloudbackup.provider.CloudBackupProvider} caller=com.miui.cloudservice
06-29 23:58:56.296  1958  2011 I ActivityManager: Start proc 4766:com.miui.notes/u0a117 for content provider {com.miui.notes/com.miui.notes.provider.NotesProvider} caller=com.miui.notes
06-29 23:58:56.441  4689  4689 W SystemConfig: No directory /product_services/etc/sysconfig, skipping
06-29 23:58:56.441  4689  4689 W SystemConfig: No directory /product_services/etc/permissions, skipping
06-29 23:58:56.561  4766  4798 E ActivityThread: Failed to find provider info for com.miui.personalassistant.widget.external
06-29 23:58:56.718  4567  4663 W BpBinder: Slow Binder: BpBinder transact took 825ms, interface=android.app.IActivityManager, code=20 oneway=false
06-29 23:58:56.777  4689  4810 W BpBinder: Slow Binder: BpBinder transact took 290ms, interface=android.app.IActivityManager, code=20 oneway=false
06-29 23:58:57.115  4642  4642 W Looper  : Slow Looper main: Long Msg: seq=2 plan=23:58:55.786  late=7ms wall=1322ms running=211ms runnable=8ms io=895ms h=android.app.ActivityThread$H w=110
06-29 23:58:57.119  4642  4642 W Looper  : Slow Looper main: doFrame is 321ms late because of 3 msg, msg 1 took 1322ms (seq=2 running=211ms runnable=8ms io=895ms late=7ms h=android.app.ActivityThread$H w=110)
06-29 23:58:57.323  1958  2017 I PowerManagerService: Going to sleep due to timeout (uid 1000)...
06-29 23:58:57.324  1958  1958 W UsageStatsService: Event reported without a package name, eventType:16
06-29 23:58:57.328  1958  1958 I WindowManager: Started going to sleep... (why=OFF_BECAUSE_OF_TIMEOUT)
06-29 23:58:57.535  1958  2017 I DisplayPowerController: Blocking screen off
06-29 23:58:57.535  1958  2017 I DisplayPowerController: Unblocked screen off after 0 ms
06-29 23:58:57.537  1958  2017 I WindowManager: Screen turned off...
06-29 23:58:57.561  3394  3394 W ActivityThread: SCHED: com.BHG.sharechat/.UserProfileActivity [73, r=34ms, a=12ms, w=119964ms]
06-29 23:58:57.574  1958  2017 W ActivityManager: Unable to start service Intent { act=miui.action.CAMERA_EMPTY_SERVICEpkg=com.android.camera } U=0: not found
06-29 23:58:57.584  1958  1996 I DisplayManagerService: Display device changed state: "Built-in Screen", OFF
06-29 23:58:57.630  1958  3901 W ProcessStats: Tracking association SourceState{88b7474 com.BHG.sharechat/10768 Top #175575} whose proc state 1 is better than process ProcessState{bd57a69 com.google.android.gms/10185 pkg=com.google.android.gms} proc state 5 (7 skipped)
06-29 23:58:57.865  1958  2168 W BpBinder: Slow Binder: BpBinder transact took 286ms, interface=android.ui.ISurfaceComposer, code=19 oneway=false
06-29 23:58:57.866  1958  2017 W DreamManagerService: Dream ComponentInfo{com.android.systemui/com.android.systemui.doze.DozeService} does not exist
06-29 23:58:57.866  1958  2017 I PowerManagerService: Sleeping (uid 1000)...
06-29 23:58:57.870  1958  1958 I WindowManager: Finished going to sleep... (why=OFF_BECAUSE_OF_TIMEOUT)
06-29 23:58:57.872  2181 22876 W KeyguardViewMediator: doKeyguard: showing the lock screen
06-29 23:58:57.897  1958  1996 W UsageStatsService: Event reported without a package name, eventType:17
06-29 23:58:57.898  1958  1996 I WindowManager: updateContrastOverlay, darkmode: true isContrastEnabled: true alpha: 0.0
06-29 23:58:58.177  1958  2011 I ActivityManager: Start proc 4969:com.google.android.webview:webview_service/u0a192 forservice {com.google.android.webview/org.chromium.android_webview.services.VariationsSeedServer} caller=com.xiaomi.account
06-29 23:58:58.288  1958  3132 I ActivityManager: Killing 2870:com.google.android.webview:sandboxed_process0:org.chromium.content.app.SandboxedProcessService0:0/u0a162i65 (adj 935): empty #17
06-29 23:58:58.335  1958  4597 W ActivityManager: Scheduling restart of crashed service com.miui.global.packageinstaller/org.chromium.content.app.SandboxedProcessService0:0 in 1000ms
06-29 23:58:58.443  1958  2010 W BroadcastQueue: Permission Denial: receiving Intent { act=com.xiaomi.action.MICLOUD_STATUS_INFO_CHANGED flg=0x10 (has extras) } to com.miui.gallery/.cloud.MiCloudStatusInfoReceiver requires com.xiaomi.permission.MICLOUD_STATUS_INFO_CHANGED due to sender com.miui.cloudservice (uid 10126)
06-29 23:58:58.493  1958  2014 E BatteryExternalStatsWorker: no controller energy info supplied for bluetooth
06-29 23:58:58.499  1958  2011 I ActivityManager: Start proc 4999:com.google.android.webview:sandboxed_process0:org.chromium.content.app.SandboxedProcessService0:1/u0i66 for  {com.miui.global.packageinstaller/org.chromium.content.app.SandboxedProcessService0:1} caller=com.miui.global.packageinstaller
06-29 23:58:58.587  1958  4597 I ActivityManager: Killing 1671:com.miui.global.packageinstaller/u0a162 (adj 945): empty#17
06-29 23:58:58.607  1958  3132 I ActivityManager: Killing 2742:com.android.vending:background/u0a175 (adj 945): empty #17
06-29 23:58:58.703  1958  5270 I ActivityManager: Killing 4999:com.google.android.webview:sandboxed_process0:org.chromium.content.app.SandboxedProcessService0:1/u0a162i66 (adj 0): isolated not needed
06-29 23:58:59.423  1958  2011 I ActivityManager: Start proc 5046:com.miui.notes:remote/u0a117 for broadcast {com.miui.notes/com.miui.notes.ui.AlarmReceiver} caller=com.miui.notes
06-29 23:58:59.672  1958  5270 I ActivityManager: Killing 1948:com.android.vending/u0a175 (adj 955): empty #17
06-29 23:58:59.713  1958  2011 I ActivityManager: Start proc 5079:com.miui.notes:widgetProvider/u0a117 for broadcast {com.miui.notes/com.miui.notes.widget.NoteWidgetProvider_2x1_Notes} caller=com.miui.notes
06-29 23:58:59.943  1958  5270 W BroadcastQueue: Permission Denial: receiving Intent { act=com.xiaomi.action.MICLOUD_STATUS_INFO_CHANGED flg=0x10 (has extras) } to com.miui.gallery/.cloud.MiCloudStatusInfoReceiver requires com.xiaomi.permission.MICLOUD_STATUS_INFO_CHANGED due to sender com.miui.cloudservice (uid 10126)
06-29 23:58:59.946  1958  5270 I ActivityManager: Killing 3731:com.miui.analytics/u0a105 (adj 955): empty #17
06-29 23:58:59.986  1958  3901 W ActivityManager: Scheduling restart of crashed service com.miui.analytics/.onetrack.OneTrackService in 1000ms
06-29 23:59:01.027  1958  2011 I ActivityManager: Start proc 5118:com.miui.analytics/u0a105 for service {com.miui.analytics/com.miui.analytics.onetrack.OneTrackService} caller=com.xiaomi.mipicks
06-29 23:59:01.179  1958  1979 I ActivityManager: Killing 3610:com.xiaomi.mipicks/u0a127 (adj 965): empty #17
06-29 23:59:08.141  1958  3901 I ActivityManager: Killing 2655:com.google.process.gapps/u0a185 (adj 955): empty #17
06-29 23:59:08.147  1958  3901 I ActivityManager: Killing 856:com.google.android.apps.wellbeing/u0a189 (adj 965): empty#18
06-29 23:59:08.153  1958  3901 W ProcessStats: Tracking association SourceState{88b7474 com.BHG.sharechat/10768 Top #175910} whose proc state 1 is better than process ProcessState{bd57a69 com.google.android.gms/10185 pkg=com.google.android.gms} proc state 2 (189 skipped)
06-29 23:59:10.786  1958  2090 W BaseMiuiPhoneWindowManager: keyCode:23 down:true eventTime:35125972 downTime:35125972 policyFlags:2000000 flags:8 deviceId:0 isScreenOn:false keyguardActive:true repeatCount:0
06-29 23:59:10.787  1958  2090 I PowerManagerService: Waking up from Asleep (uid=1000, reason=WAKE_REASON_UNKNOWN, details=miui.policy:FINGERPRINT_DPAD_CENTER)...
06-29 23:59:10.791  1958  2017 I DisplayPowerController: Blocking screen on until initial contents have been drawn.
06-29 23:59:10.791  1958  2017 I WindowManager: Screen turning on...
06-29 23:59:10.800  2181 20794 W KeyguardViewMediator: notifyScreenOn
06-29 23:59:10.826  1958  1996 I DisplayManagerService: Display device changed state: "Built-in Screen", ON
06-29 23:59:10.827  2181  2181 W KeyguardViewMediator: handleNotifyScreenTurningOn
06-29 23:59:10.827  2181  2181 W KeyguardViewMediator: notifyDrawn
06-29 23:59:10.830  1958  1958 W UsageStatsService: Event reported without a package name, eventType:15
06-29 23:59:10.835  1958  3132 I WindowManager: mKeyguardDelegate.ShowListener.onDrawn.
06-29 23:59:10.841  1958  1958 I WindowManager: Started waking up... (why=ON_BECAUSE_OF_UNKNOWN)
06-29 23:59:10.844  1958  1994 W WindowManager: Setting mKeyguardDrawComplete
06-29 23:59:10.844  1958  1994 I WindowManager: All windows ready for display!
06-29 23:59:10.856  1958  1994 W WindowManager: Setting mWindowManagerDrawComplete
06-29 23:59:10.863  1958  1994 I WindowManager: Finished screen turning on...
06-29 23:59:10.863  1958  2017 I DisplayPowerController: Unblocked screen on after 72 ms
06-29 23:59:10.897  2181  2181 I miui_face: start face unlock
06-29 23:59:10.899  2181  2924 I miui_face: start verify time=2
06-29 23:59:10.947  1958  2014 E BatteryExternalStatsWorker: no controller energy info supplied for bluetooth
06-29 23:59:10.973  1958  1958 I WindowManager: Finished waking up... (why=ON_BECAUSE_OF_UNKNOWN)
06-29 23:59:11.088  1958  2090 W BaseMiuiPhoneWindowManager: keyCode:23 down:false eventTime:35126274 downTime:35125972policyFlags:22000000 flags:8 deviceId:0 isScreenOn:true keyguardActive:true repeatCount:0
06-29 23:59:11.381  2181  2924 I miui_face:  authenCallback, onAuthenticationHelp helpCode:5 helpString:
06-29 23:59:11.435  1958  2014 E BatteryExternalStatsWorker: no controller energy info supplied for bluetooth
06-29 23:59:11.449  2181  2924 I miui_face:  authenCallback, onAuthenticationHelp helpCode:5 helpString:
06-29 23:59:11.477   788   903 W EventThreadInspector: slow VSync-sf on display(19260784713820289), count=4, avg=34 ms,max=44 ms.
06-29 23:59:11.477   788   902 W EventThreadInspector: slow VSync-app on display(19260784713820289), count=4, avg=36 ms, max=48 ms.
06-29 23:59:11.536  2181  2924 I miui_face:  authenCallback, onAuthenticationHelp helpCode:5 helpString:
06-29 23:59:12.011  2181  2924 I chatty  : uid=1000(system) face_unlock identical 5 lines
06-29 23:59:12.108  2181  2924 I miui_face:  authenCallback, onAuthenticationHelp helpCode:5 helpString:
06-29 23:59:12.129  2181  2181 E miui_face: start face unlock fail ,faceDetectTypeForCamera=1
06-29 23:59:12.218  2181  2924 I miui_face:  authenCallback, onAuthenticationHelp helpCode:5 helpString:
06-29 23:59:12.412  2181  2924 I miui_face:  authenCallback, onAuthenticationHelp helpCode:14 helpString:
06-29 23:59:12.447  2181  2924 I miui_face:  authenCallback, onAuthenticationHelp helpCode:5 helpString:
06-29 23:59:12.621  2181  2924 I chatty  : uid=1000(system) face_unlock identical 4 lines
06-29 23:59:12.632  2181  2924 I miui_face:  authenCallback, onAuthenticationHelp helpCode:5 helpString:
06-29 23:59:12.658  1958  2014 E BatteryExternalStatsWorker: no controller energy info supplied for bluetooth
06-29 23:59:12.665  2181  2924 I miui_face:  authenCallback, onAuthenticationHelp helpCode:5 helpString:
06-29 23:59:13.258  2181  2924 I chatty  : uid=1000(system) face_unlock identical 12 lines
06-29 23:59:13.316  2181  2924 I miui_face:  authenCallback, onAuthenticationHelp helpCode:5 helpString:
06-29 23:59:13.357  2181  2181 I miui_keyguard_password: password unlock duration 74
06-29 23:59:13.358  1958  5236 W FingerprintService: Ignoring lockout reset, no templates enrolled
06-29 23:59:13.358  2181  2181 W miui_keyguard: unlock keyguard by pw
06-29 23:59:13.367  2181  2924 I miui_face:  authenCallback, onAuthenticationHelp helpCode:5 helpString:
06-29 23:59:13.408  2181  2924 I miui_face:  authenCallback, onAuthenticationHelp helpCode:5 helpString:
06-29 23:59:13.414  1958  3132 I LockSettingsService: Unlocking user 0 with secret only, length 32
06-29 23:59:13.414  1958  3132 I LockSettingsService: Disabling escrow token on user 0
06-29 23:59:13.415  1958  3132 I LockSettingsService: Caching SP for user 0
06-29 23:59:13.416  1958  1958 I LockSettingsService: Removing SP from cache for user 0
06-29 23:59:13.457  2181  2924 I miui_face:  authenCallback, onAuthenticationHelp helpCode:5 helpString:
06-29 23:59:13.509  2181  2924 I miui_face:  authenCallback, onAuthenticationHelp helpCode:5 helpString:
06-29 23:59:13.514  2181  2181 I miui_face: stop face unlock
06-29 23:59:13.524  2181  2924 I miui_face: authenCallback, onAuthenticationError code:2000 msg:
06-29 23:59:13.529  1958  3132 I Timeline: Timeline: App_transition_ready time:35128716
06-29 23:59:13.530  2181  3626 I KeyguardViewMediator: call fw keyguardGoingAway: flags = 8
06-29 23:59:13.530  1958  1997 I Timeline: Timeline: App_transition_ready time:35128718
06-29 23:59:13.535  1958  1997 I Timeline: Timeline: App_transition_ready time:35128723
06-29 23:59:13.539  1958  1997 I Timeline: Timeline: App_transition_ready time:35128726
06-29 23:59:13.544  1958  2348 I Timeline: Timeline: App_transition_ready time:35128731
06-29 23:59:13.549  1958  1997 I Timeline: Timeline: App_transition_ready time:35128737
06-29 23:59:13.550  2181  2181 I KeyguardViewMediator: handleStartKeyguardExitAnimation startTime=35128736 fadeoutDuration=150
06-29 23:59:13.590  1958  1996 W UsageStatsService: Event reported without a package name, eventType:18
06-29 23:59:13.590  1958  1996 I WindowManager: updateContrastOverlay, darkmode: true isContrastEnabled: true alpha: 0.0
06-29 23:59:13.618  2181  2181 I miui_face: face unlock success time=2721
06-29 23:59:13.628  1958  2010 W BroadcastQueue: Background execution not allowed: receiving Intent { act=android.intent.action.USER_PRESENT flg=0x24200010 } to com.jio.myjio/com.jio.clickstream.tbn.PowerConnectionReceiver
06-29 23:59:13.628  1958  2010 W BroadcastQueue: Background execution not allowed: receiving Intent { act=android.intent.action.USER_PRESENT flg=0x24200010 } to com.android.chrome/org.chromium.chrome.browser.sharing.click_to_call.ClickToCallMessageHandler$PhoneUnlockedReceiver
06-29 23:59:13.629  1958  2010 W BroadcastQueue: Background execution not allowed: receiving Intent { act=android.intent.action.USER_PRESENT flg=0x24200010 } to com.google.android.gms/.auth.setup.devicesignals.LockScreenReceiver
06-29 23:59:13.629  1958  2010 W BroadcastQueue: Background execution not allowed: receiving Intent { act=android.intent.action.USER_PRESENT flg=0x24200010 } to com.google.android.gms/.chimera.GmsIntentOperationService$PersistentTrustedReceiver
06-29 23:59:13.629  1958  2010 W BroadcastQueue: Background execution not allowed: receiving Intent { act=android.intent.action.USER_PRESENT flg=0x24200010 } to info.kfsoft.force.rotation/.RestartReceiver
06-29 23:59:13.714  1958  1997 I Timeline: Timeline: Activity_windows_visible id: ActivityRecord{700b3f2 u0 com.BHG.sharechat/.UserProfileActivity t1157} time:35128901
06-29 23:59:13.716  1958  1997 I Timeline: Timeline: App_transition_stopped time:35128903
06-29 23:59:14.061   788   903 W EventThreadInspector: slow VSync-sf on display(19260784713820289), count=1, avg=31 ms,max=31 ms.
06-29 23:59:14.110  1958  2014 E BatteryExternalStatsWorker: no controller energy info supplied for bluetooth
06-29 23:59:15.195   788   902 W EventThreadInspector: slow VSync-app on display(19260784713820289), count=3, avg=26 ms, max=32 ms.
06-29 23:59:23.645  1958  3132 I ActivityManager: Killing 4334:com.miui.msa.global:ui/u0a123 (adj 965): empty #17
06-29 23:59:23.648  1958  3132 I ActivityManager: Killing 4256:com.google.android.apps.turbo:aab/u0a184 (adj 975): empty #18
06-29 23:59:23.650  1958  3132 I ActivityManager: Killing 4225:com.google.android.partnersetup/u0a180 (adj 985): empty #19
06-29 23:59:23.651  1958  3132 I ActivityManager: Killing 3013:com.android.chrome/u0a193 (adj 995): empty #20
06-30 00:00:00.053  1958  4008 W BroadcastQueue: Background execution not allowed: receiving Intent { act=android.intent.action.DATE_CHANGED flg=0x20200010 } to com.android.settings/.display.PaperModeTimeReceiver
06-30 00:00:00.054  1958  2010 W BroadcastQueue: Background execution not allowed: receiving Intent { act=android.intent.action.DATE_CHANGED flg=0x20200010 } to com.android.settings/.display.DarkModeTimeReceiver
06-30 00:00:00.055  1958  2010 W BroadcastQueue: Background execution not allowed: receiving Intent { act=android.intent.action.DATE_CHANGED flg=0x20200010 } to com.google.android.apps.turbo/com.google.android.libraries.smartbattery.appusage.features.TimeChangedReceiver
06-30 00:00:00.055  1958  2010 W BroadcastQueue: Background execution not allowed: receiving Intent { act=android.intent.action.DATE_CHANGED flg=0x20200010 } to com.google.android.gms/.chimera.GmsIntentOperationService$PersistentTrustedReceiver
06-30 00:00:00.055  1958  2010 W BroadcastQueue: Background execution not allowed: receiving Intent { act=android.intent.action.DATE_CHANGED flg=0x20200010 } to com.cloudflare.onedotonedotonedotone/com.cloudflare.app.vpnservice.autostart.DatetimeChangedReceiver
06-30 00:00:00.055  1958  2010 W BroadcastQueue: Background execution not allowed: receiving Intent { act=com.xiaomi.calendar.APPWIDGET_SCHEDULED_UPDATE dat=content://com.android.calendar typ=vnd.android.data/update flg=0x10 } to com.xiaomi.calendar/com.android.calendar.widget.MonthWidgetProvider
06-30 00:00:00.056  1958  2010 W BroadcastQueue: Background execution not allowed: receiving Intent { act=com.xiaomi.calendar.APPWIDGET_SCHEDULED_UPDATE dat=content://com.android.calendar typ=vnd.android.data/update flg=0x10 } to com.xiaomi.calendar/com.android.calendar.widget.AgendaWidgetService$CalendarFactory
06-30 00:00:00.093  1958  2011 I ActivityManager: Start proc 5262:com.xiaomi.calendar/u0a63 for broadcast {com.xiaomi.calendar/com.android.calendar.widget.AgendaWidgetProvider} caller=com.xiaomi.calendar
06-30 00:00:00.124  1958  2011 I ActivityManager: Start proc 5286:com.android.soundrecorder/u0a82 for service {com.android.soundrecorder/com.android.soundrecorder.trashbox.ClearExpiredRecordsService} caller=android
06-30 00:00:00.450  1958  2011 I ActivityManager: Start proc 5343:com.android.soundrecorder:remote/u0a82 for service {com.android.soundrecorder/com.android.soundrecorder.RecorderService} caller=com.android.soundrecorder
06-30 00:00:00.553  1958  2011 I ActivityManager: Start proc 5376:com.google.android.apps.wellbeing/u0a189 for broadcast {com.google.android.apps.wellbeing/com.google.android.apps.wellbeing.alarm.NextAlarmClockChangedReceiver_Receiver} caller=android
06-30 00:00:00.576  1958  4008 I ActivityManager: Killing 4621:com.xiaomi.simactivate.service/u0a163 (adj 955): empty #17
06-30 00:00:00.582  1958  4415 I ActivityManager: Killing 680:com.google.process.gservices/u0a185 (adj 955): empty #17
06-30 00:00:00.603  1958  3851 I ActivityManager: Killing 4734:com.miui.cloudbackup/u0a84 (adj 945): empty #17
06-30 00:00:01.088  1958  2348 I ActivityManager: Killing 4689:com.miui.micloudsync:sync/u0a126 (adj 945): empty #17
06-30 00:00:01.176  1958  2011 I ActivityManager: Start proc 5425:com.xiaomi.misettings/1000 for broadcast {com.xiaomi.misettings/com.xiaomi.misettings.usagestats.AppTimerReceiver} caller=com.xiaomi.misettings
06-30 00:00:02.294  1958  2646 I ActivityManager: Killing 4969:com.google.android.webview:webview_service/u0a192 (adj 955): empty #17
06-30 00:00:03.667  1958  2014 E BatteryExternalStatsWorker: no controller energy info supplied for bluetooth
06-30 00:00:03.706  1958  2014 E BatteryExternalStatsWorker: no controller energy info supplied for bluetooth
06-30 00:00:42.028  1958  2011 I ActivityManager: Start proc 5484:com.whatsapp/u0a762 for broadcast {com.whatsapp/com.whatsapp.alarmservice.AlarmBroadcastReceiver} caller=com.whatsapp
06-30 00:00:42.863  1958  4415 I ActivityManager: Killing 4642:com.xiaomi.account/u0a112 (adj 965): empty #17
06-30 00:00:43.716  1958  4806 W BluetoothManagerService: bindBluetoothProfileService:Trying to bind to profile: 1, while Bluetooth is disabled
06-30 00:00:45.741  1958  2011 I ActivityManager: Start proc 5658:com.facebook.appmanager/u0a136 for content provider {com.facebook.appmanager/com.facebook.oxygen.appmanager.configuration.attribution.AttributionProvider} caller=com.whatsapp
06-30 00:00:45.967  5484  5548 W BpBinder: Slow Binder: BpBinder transact took 253ms, interface=android.app.IActivityManager, code=20 oneway=false
06-30 00:00:46.116  5658  5694 E ActivityThread: Failed to find provider info for com.facebook.appmanager.nekodirect
06-30 00:01:13.295  1958  2017 I PowerManagerService: Going to sleep due to timeout (uid 1000)...
06-30 00:01:13.295  1958  1958 W UsageStatsService: Event reported without a package name, eventType:16
06-30 00:01:13.298  1958  1958 I WindowManager: Started going to sleep... (why=OFF_BECAUSE_OF_TIMEOUT)
06-30 00:01:13.534  1958  2017 I DisplayPowerController: Blocking screen off
06-30 00:01:13.536  1958  2017 I DisplayPowerController: Unblocked screen off after 2 ms
06-30 00:01:13.536  1958  2017 I WindowManager: Screen turned off...
06-30 00:01:13.564  1958  2017 W ActivityManager: Unable to start service Intent { act=miui.action.CAMERA_EMPTY_SERVICEpkg=com.android.camera } U=0: not found
06-30 00:01:13.566  3394  3394 W ActivityThread: SCHED: com.BHG.sharechat/.UserProfileActivity [82, r=32ms, a=7ms, w=120007ms]
06-30 00:01:13.569  1958  1996 I DisplayManagerService: Display device changed state: "Built-in Screen", OFF
06-30 00:01:13.602  1958  5236 W ProcessStats: Tracking association SourceState{88b7474 com.BHG.sharechat/10768 Top #176372} whose proc state 1 is better than process ProcessState{bd57a69 com.google.android.gms/10185 pkg=com.google.android.gms} proc state 5 (2 skipped)
06-30 00:01:13.850  1958  2168 W BpBinder: Slow Binder: BpBinder transact took 282ms, interface=android.ui.ISurfaceComposer, code=19 oneway=false
06-30 00:01:13.853  1958  2017 W DreamManagerService: Dream ComponentInfo{com.android.systemui/com.android.systemui.doze.DozeService} does not exist
