06-30 00:01:51.302  1958  2010 W BroadcastQueue: Background execution not allowed: receiving Intent { act=android.intent.action.PACKAGE_REMOVED dat=package:com.BHG.sharechat flg=0x4000010 (has extras) } to com.xiaomi.discover/com.xiaomi.market.data.MyPackageMonitor
06-30 00:01:51.302  1958  2010 W BroadcastQueue: Background execution not allowed: receiving Intent { act=android.intent.action.PACKAGE_REMOVED dat=package:com.BHG.sharechat flg=0x4000010 (has extras) } to com.xiaomi.mipicks/com.xiaomi.market.data.MyPackageMonitor
06-30 00:01:51.303  1958  2010 W BroadcastQueue: Background execution not allowed: receiving Intent { act=android.intent.action.PACKAGE_REMOVED dat=package:com.BHG.sharechat flg=0x4000010 (has extras) } to com.xiaomi.misettings/.usagestats.AppTimerReceiver
06-30 00:01:51.304  1958  2010 W BroadcastQueue: Background execution not allowed: receiving Intent { act=android.intent.action.PACKAGE_REMOVED dat=package:com.BHG.sharechat flg=0x4000010 (has extras) } to app.revanced.android.gms/org.microg.gms.gcm.UnregisterReceiver
06-30 00:01:51.305  1958  2010 W BroadcastQueue: Background execution not allowed: receiving Intent { act=android.intent.action.PACKAGE_REMOVED dat=package:com.BHG.sharechat flg=0x4000010 (has extras) } to com.google.android.apps.photos/com.google.android.libraries.social.peoplekit.thirdparty.viewcontrollers.ThirdPartyReceiver
06-30 00:01:51.307  1958  2010 W BroadcastQueue: Background execution not allowed: receiving Intent { act=android.intent.action.PACKAGE_REMOVED dat=package:com.BHG.sharechat flg=0x4000010 (has extras) } to com.jio.myjio/com.inn.passivesdk.receiver.PackageReceiver
06-30 00:01:51.326  1958  2011 W ActivityManager: Slow operation: 104ms so far, now at startProcess: returned from zygote!
06-30 00:01:51.327  1958  2010 W BroadcastQueue: Background execution not allowed: receiving Intent { act=android.intent.action.PACKAGE_ADDED dat=package:com.BHG.sharechat flg=0x4000010 (has extras) } to com.lbe.security.miui/com.lbe.security.service.BootReceiver
06-30 00:01:51.331  1958  2011 W ActivityManager: Slow operation: 109ms so far, now at startProcess: done updating battery stats
06-30 00:01:51.332  1958  2011 W ActivityManager: Slow operation: 110ms so far, now at startProcess: building log message
06-30 00:01:51.332  1958  2011 I ActivityManager: Start proc 8010:com.miui.global.packageinstaller/u0a162 for service {com.miui.global.packageinstaller/com.miui.global.packageinstaller.service.ScanDispatchService} caller=com.miui.securitycenter
06-30 00:01:51.332  1958  2011 W ActivityManager: Slow operation: 110ms so far, now at startProcess: starting to updatepids map
06-30 00:01:51.335  1958  2011 W ActivityManager: Slow operation: 113ms so far, now at startProcess: done updating pidsmap
06-30 00:01:51.343  1958  2010 W BroadcastQueue: Background execution not allowed: receiving Intent { act=android.intent.action.PACKAGE_ADDED dat=package:com.BHG.sharechat flg=0x4000010 (has extras) } to com.msf.kbank.mobile/com.cv.sdk.receiver.EventReceiver
06-30 00:01:51.355  1958  2010 W BroadcastQueue: Background execution not allowed: receiving Intent { act=android.intent.action.PACKAGE_ADDED dat=package:com.BHG.sharechat flg=0x4000010 (has extras) } to com.google.android.packageinstaller/com.android.packageinstaller.PackageInstalledReceiver
06-30 00:01:51.355  1958  2010 W BroadcastQueue: Background execution not allowed: receiving Intent { act=android.intent.action.PACKAGE_ADDED dat=package:com.BHG.sharechat flg=0x4000010 (has extras) } to com.android.settings/.search.provider.UpdateReceiver
06-30 00:01:51.357  1958  2010 W BroadcastQueue: Background execution not allowed: receiving Intent { act=android.intent.action.PACKAGE_ADDED dat=package:com.BHG.sharechat flg=0x4000010 (has extras) } to com.android.vending/com.google.android.finsky.packagemonitor.impl.PackageMonitorReceiverImpl$RegisteredReceiver
06-30 00:01:51.369  1958  2010 W BroadcastQueue: Background execution not allowed: receiving Intent { act=android.intent.action.PACKAGE_ADDED dat=package:com.BHG.sharechat flg=0x4000010 (has extras) } to com.android.vending/com.google.android.finsky.packagemonitor.backgroundimpl.BackgroundPackageMonitorReceiverImpl$RegisteredReceiver
06-30 00:01:51.374  1958  2010 W BroadcastQueue: Background execution not allowed: receiving Intent { act=android.intent.action.PACKAGE_ADDED dat=package:com.BHG.sharechat flg=0x4000010 (has extras) } to com.facebook.appmanager/com.facebook.oxygen.common.packages.event.manifest.ManifestPackageEventReceiver
06-30 00:01:51.375  1958  2010 W BroadcastQueue: Background execution not allowed: receiving Intent { act=android.intent.action.PACKAGE_ADDED dat=package:com.BHG.sharechat flg=0x4000010 (has extras) } to com.google.android.gms/.chimera.GmsIntentOperationService$PersistentTrustedReceiver
06-30 00:01:51.389  1958  2010 W BroadcastQueue: Background execution not allowed: receiving Intent { act=android.intent.action.PACKAGE_ADDED dat=package:com.BHG.sharechat flg=0x4000010 (has extras) } to com.google.android.gms/.games.chimera.GamesSystemBroadcastReceiverProxy
06-30 00:01:51.393  1958  2010 W BroadcastQueue: Background execution not allowed: receiving Intent { act=android.intent.action.PACKAGE_ADDED dat=package:com.BHG.sharechat flg=0x4000010 (has extras) } to com.google.android.gms/.gass.chimera.PackageChangeBroadcastReceiver
06-30 00:01:51.393  1958  2010 W BroadcastQueue: Background execution not allowed: receiving Intent { act=android.intent.action.PACKAGE_ADDED dat=package:com.BHG.sharechat flg=0x4000010 (has extras) } to com.miui.audioeffect/com.android.musicfx.Compatibility$Receiver
06-30 00:01:51.395  1958  2010 W BroadcastQueue: Background execution not allowed: receiving Intent { act=android.intent.action.PACKAGE_ADDED dat=package:com.BHG.sharechat flg=0x4000010 (has extras) } to com.xiaomi.discover/com.xiaomi.market.data.MyPackageMonitor
06-30 00:01:51.395  1958  2010 W BroadcastQueue: Background execution not allowed: receiving Intent { act=android.intent.action.PACKAGE_ADDED dat=package:com.BHG.sharechat flg=0x4000010 (has extras) } to com.xiaomi.mipicks/com.xiaomi.market.data.MyPackageMonitor
06-30 00:01:51.395  1958  2010 W BroadcastQueue: Background execution not allowed: receiving Intent { act=android.intent.action.PACKAGE_ADDED dat=package:com.BHG.sharechat flg=0x4000010 (has extras) } to com.xiaomi.misettings/.usagestats.AppTimerReceiver
06-30 00:01:51.395  1958  2010 W BroadcastQueue: Background execution not allowed: receiving Intent { act=android.intent.action.PACKAGE_ADDED dat=package:com.BHG.sharechat flg=0x4000010 (has extras) } to com.dv.adm/com.appodeal.ads.AppodealPackageAddedReceiver
06-30 00:01:51.395  1958  2010 W BroadcastQueue: Background execution not allowed: receiving Intent { act=android.intent.action.PACKAGE_ADDED dat=package:com.BHG.sharechat flg=0x4000010 (has extras) } to com.jio.myjio/com.inn.passivesdk.receiver.PackageReceiver
06-30 00:01:51.435  1958  2011 I ActivityManager: Start proc 8041:com.android.vending/u0a175 for broadcast {com.android.vending/com.google.android.finsky.packagemonitor.impl.PackageMonitorReceiverImpl$RegisteredReceiver} caller=null
06-30 00:01:51.444  1958  1993 W Looper  : Slow delivery took 223ms android.fg h=android.os.Handler c=<recycled PooledLambda@5bed644> m=0
06-30 00:01:51.483  1958  1993 W Looper  : Drained
06-30 00:01:51.841  8010  8111 I Ad      : isPersonalizedAdEnabled getAdSettings: 3
06-30 00:01:52.031  1958  1958 W Looper  : Slow dispatch took 733ms main h=android.app.ActivityThread$H c=android.app.-$$Lambda$LoadedApk$ReceiverDispatcher$Args$_BumDX2UKsnxLVrE6UJsJZkotuA@b99ccf7 m=0
06-30 00:01:52.031  1958  1958 W Looper  : Slow delivery took 846ms main h=android.app.ActivityThread$H c=android.app.-$$Lambda$LoadedApk$ReceiverDispatcher$Args$_BumDX2UKsnxLVrE6UJsJZkotuA@af9b764 m=0
06-30 00:01:52.491  1958  1958 W Looper  : Slow dispatch took 455ms main h=android.app.ActivityThread$H c=android.app.-$$Lambda$LoadedApk$ReceiverDispatcher$Args$_BumDX2UKsnxLVrE6UJsJZkotuA@96c7e65 m=0
06-30 00:01:52.491  1958  1958 I Telecom : DefaultDialerCache: Refreshing default dialer for user 0: now com.android.contacts: DDC.oR@A0M
06-30 00:01:52.554  8010  8126 W BpBinder: Slow Binder: BpBinder transact took 635ms, interface=android.content.IContentProvider, code=1 oneway=false
06-30 00:01:52.657  1958  1958 W Looper  : Drained
06-30 00:01:52.712  1958  5258 I PowerManagerService: Going to sleep due to application (uid 1000)...
06-30 00:01:52.713  1958  1958 W UsageStatsService: Event reported without a package name, eventType:16
06-30 00:01:52.715  1958  1958 I WindowManager: Started going to sleep... (why=OFF_BECAUSE_OF_USER)
06-30 00:01:52.947  1958  2017 I DisplayPowerController: Blocking screen off
06-30 00:01:52.947  1958  2017 I DisplayPowerController: Unblocked screen off after 0 ms
06-30 00:01:52.947  1958  2017 I WindowManager: Screen turned off...
06-30 00:01:52.947  1958  2017 W ActivityManager: Unable to start service Intent { act=miui.action.CAMERA_EMPTY_SERVICEpkg=com.android.camera } U=0: not found
06-30 00:01:52.970  1958  1996 I DisplayManagerService: Display device changed state: "Built-in Screen", OFF
06-30 00:01:53.233  1958  2014 E BatteryExternalStatsWorker: no controller energy info supplied for bluetooth
06-30 00:01:53.258  8041  8041 W Looper  : Slow Looper main: Long Msg: seq=2 plan=00:01:51.478  late=6ms wall=1759ms running=229ms runnable=62ms io=1199ms h=android.app.ActivityThread$H w=110
06-30 00:01:53.274  1958  2168 W BpBinder: Slow Binder: BpBinder transact took 305ms, interface=android.ui.ISurfaceComposer, code=19 oneway=false
06-30 00:01:53.276  1958  2017 W DreamManagerService: Dream ComponentInfo{com.android.systemui/com.android.systemui.doze.DozeService} does not exist
06-30 00:01:53.277  1958  2017 I PowerManagerService: Sleeping (uid 1000)...
06-30 00:01:53.278  2181  3082 W BpBinder: Slow Binder: BpBinder transact took 279ms, interface=android.gui.IGraphicBufferProducer, code=2 oneway=false
06-30 00:01:53.284  1958  1958 I WindowManager: Finished going to sleep... (why=OFF_BECAUSE_OF_USER)
06-30 00:01:53.377  1958  2011 W ActivityManager: Slow operation: 103ms so far, now at startProcess: returned from zygote!
06-30 00:01:53.377  1958  2011 W ActivityManager: Slow operation: 104ms so far, now at startProcess: done updating battery stats
06-30 00:01:53.378  1958  2011 W ActivityManager: Slow operation: 104ms so far, now at startProcess: building log message
06-30 00:01:53.378  1958  2011 I ActivityManager: Start proc 8390:com.google.process.gservices/u0a185 for content provider {com.google.android.gsf/com.google.android.gsf.gservices.GservicesProvider} caller=com.android.vending
06-30 00:01:53.378  1958  2011 W ActivityManager: Slow operation: 104ms so far, now at startProcess: starting to updatepids map
06-30 00:01:53.378  1958  2011 W ActivityManager: Slow operation: 104ms so far, now at startProcess: done updating pidsmap
06-30 00:01:53.447  1958  2090 W BaseMiuiPhoneWindowManager: keyCode:23 down:true eventTime:35288633 downTime:35288633 policyFlags:2000000 flags:8 deviceId:0 isScreenOn:false keyguardActive:true repeatCount:0
06-30 00:01:53.447  1958  2090 I PowerManagerService: Waking up from Asleep (uid=1000, reason=WAKE_REASON_UNKNOWN, details=miui.policy:FINGERPRINT_DPAD_CENTER)...
06-30 00:01:53.448  1958  2017 I DisplayPowerController: Blocking screen on until initial contents have been drawn.
06-30 00:01:53.448  1958  2017 I WindowManager: Screen turning on...
06-30 00:01:53.449  2181  5774 W KeyguardViewMediator: notifyScreenOn
06-30 00:01:53.454  1958  1996 I DisplayManagerService: Display device changed state: "Built-in Screen", ON
06-30 00:01:53.465  2181  2181 W KeyguardViewMediator: handleNotifyScreenTurningOn
06-30 00:01:53.465  2181  2181 W KeyguardViewMediator: notifyDrawn
06-30 00:01:53.465  1958  2066 I WindowManager: mKeyguardDelegate.ShowListener.onDrawn.
06-30 00:01:53.465  1958  1994 W WindowManager: Setting mKeyguardDrawComplete
06-30 00:01:53.466  1958  1994 I WindowManager: All windows ready for display!
06-30 00:01:53.467  1958  1994 W WindowManager: Setting mWindowManagerDrawComplete
06-30 00:01:53.467  1958  1994 I WindowManager: Finished screen turning on...
06-30 00:01:53.468  1958  2017 I DisplayPowerController: Unblocked screen on after 20 ms
06-30 00:01:53.470  1958  1958 W UsageStatsService: Event reported without a package name, eventType:15
06-30 00:01:53.474  1958  1958 I WindowManager: Started waking up... (why=ON_BECAUSE_OF_UNKNOWN)
06-30 00:01:53.479  1958  1995 W FileUtils: Slow Operation: fsync took 122ms
06-30 00:01:53.506  2181  2181 I miui_face: start face unlock
06-30 00:01:53.510  2181  2924 I miui_face: start verify time=4
06-30 00:01:53.551  1958  2014 E BatteryExternalStatsWorker: no controller energy info supplied for bluetooth
06-30 00:01:53.591  1958  1958 I WindowManager: Finished waking up... (why=ON_BECAUSE_OF_UNKNOWN)
06-30 00:01:53.676  8041  8369 W BpBinder: Slow Binder: BpBinder transact took 403ms, interface=android.app.IActivityManager, code=20 oneway=false
06-30 00:01:53.793  1958  2011 I ActivityManager: Start proc 8462:com.google.process.gapps/u0a185 for content provider {com.google.android.gsf/com.google.android.gsf.settings.GoogleSettingsProvider} caller=com.android.vending
06-30 00:01:53.836  1958  2090 W BaseMiuiPhoneWindowManager: keyCode:23 down:false eventTime:35289023 downTime:35288633policyFlags:22000000 flags:8 deviceId:0 isScreenOn:true keyguardActive:true repeatCount:0
06-30 00:01:53.852  4027  4215 W BpBinder: Slow Binder: BpBinder transact took 294ms, interface=android.hardware.camera2.ICameraDeviceUser, code=6 oneway=false
06-30 00:01:53.874  1958  2011 I ActivityManager: Start proc 8488:com.google.android.webview:webview_service/u0a192 forservice {com.google.android.webview/org.chromium.android_webview.services.VariationsSeedServer} caller=com.miui.global.packageinstaller
06-30 00:01:54.010  1958  4526 W ProcessStats: Tracking association SourceState{6872815 com.google.process.gapps/10185 ImpFg #177024} whose proc state 2 is better than process ProcessState{b00a72a com.google.process.gservices/10185 pkg=com.google.android.gsf} proc state 7 (3 skipped)
06-30 00:01:54.033  1958  2011 I ActivityManager: Start proc 8519:com.google.android.webview:sandboxed_process0:org.chromium.content.app.SandboxedProcessService0:0/u0i67 for  {com.miui.global.packageinstaller/org.chromium.content.app.SandboxedProcessService0:0} caller=com.miui.global.packageinstaller
06-30 00:01:54.082  2181  2924 I miui_face:  authenCallback, onAuthenticationHelp helpCode:5 helpString:
06-30 00:01:54.104  8041  8337 W BpBinder: Slow Binder: BpBinder transact took 383ms, interface=android.app.IActivityManager, code=20 oneway=false
06-30 00:01:54.107  1958  2014 E BatteryExternalStatsWorker: no controller energy info supplied for bluetooth
06-30 00:01:54.177  2181  2924 I miui_face:  authenCallback, onAuthenticationHelp helpCode:5 helpString:
06-30 00:01:54.256  2181  2924 I miui_face:  authenCallback, onAuthenticationHelp helpCode:5 helpString:
06-30 00:01:54.313  2181  2181 E miui_face: start face unlock fail ,faceDetectTypeForCamera=1
06-30 00:01:54.331  2181  2924 I miui_face:  authenCallback, onAuthenticationHelp helpCode:5 helpString:
06-30 00:01:54.450  2181  2924 I miui_face:  authenCallback, onAuthenticationHelp helpCode:5 helpString:
06-30 00:01:54.500  8041  8041 W Looper  : Slow Looper main: Long Msg: seq=3 plan=00:01:51.483  late=1775ms wall=1242msrunning=83ms runnable=101ms io=166ms h=android.app.ActivityThread$H w=113
06-30 00:01:54.544  1958  2011 I ActivityManager: Start proc 8564:com.android.vending:background/u0a175 for broadcast {com.android.vending/com.google.android.finsky.packagemonitor.backgroundimpl.BackgroundPackageMonitorReceiverImpl$RegisteredReceiver} caller=null
06-30 00:01:54.659  2181  2924 I miui_face:  authenCallback, onAuthenticationHelp helpCode:14 helpString:
06-30 00:01:54.700  2181  2924 I miui_face:  authenCallback, onAuthenticationHelp helpCode:5 helpString:
06-30 00:01:54.753  2181  2924 I chatty  : uid=1000(system) face_unlock identical 1 line
06-30 00:01:54.794  2181  2924 I miui_face:  authenCallback, onAuthenticationHelp helpCode:5 helpString:
06-30 00:01:54.847  1958  2014 E BatteryExternalStatsWorker: no controller energy info supplied for bluetooth
06-30 00:01:54.850  8041  8387 W BpBinder: Slow Binder: BpBinder transact took 224ms, interface=com.google.android.gms.usagereporting.internal.IUsageReportingService, code=3 oneway=false
06-30 00:01:54.867  2181  2924 I miui_face:  authenCallback, onAuthenticationHelp helpCode:14 helpString:
06-30 00:01:54.961  8010  8010 W Looper  : Slow Looper main: Long Msg: seq=22 plan=00:01:53.217  late=0ms wall=1743ms running=384ms runnable=305ms io=856ms h=com.google.android.gms.ads.internal.util.f c=com.google.android.gms.ads.internal.js.r
06-30 00:01:54.967  2181  2924 I miui_face:  authenCallback, onAuthenticationHelp helpCode:14 helpString:
06-30 00:01:55.007  2181  2924 I miui_face:  authenCallback, onAuthenticationHelp helpCode:5 helpString:
06-30 00:01:55.043  2181  2924 I miui_face:  authenCallback, onAuthenticationHelp helpCode:5 helpString:
06-30 00:01:55.112  1958  4526 W BroadcastQueue: Background execution not allowed: receiving Intent { act=android.intent.action.PACKAGE_REPLACED dat=package:com.BHG.sharechat flg=0x4000010 (has extras) } to com.facebook.appmanager/com.facebook.oxygen.common.packages.event.manifest.ManifestPackageEventReceiver
06-30 00:01:55.115  1958  2010 W BroadcastQueue: Background execution not allowed: receiving Intent { act=android.intent.action.PACKAGE_REPLACED dat=package:com.BHG.sharechat flg=0x4000010 (has extras) } to com.google.android.gms/.chimera.GmsIntentOperationService$PersistentTrustedReceiver
06-30 00:01:55.115  1958  2010 W BroadcastQueue: Background execution not allowed: receiving Intent { act=android.intent.action.PACKAGE_REPLACED dat=package:com.BHG.sharechat flg=0x4000010 (has extras) } to com.google.android.gms/.gass.chimera.PackageChangeBroadcastReceiver
06-30 00:01:55.115  1958  2010 W BroadcastQueue: Background execution not allowed: receiving Intent { act=android.intent.action.PACKAGE_REPLACED dat=package:com.BHG.sharechat flg=0x4000010 (has extras) } to com.miui.audioeffect/com.android.musicfx.Compatibility$Receiver
06-30 00:01:55.115  1958  2010 W BroadcastQueue: Background execution not allowed: receiving Intent { act=android.intent.action.PACKAGE_REPLACED dat=package:com.BHG.sharechat flg=0x4000010 (has extras) } to com.miui.notes/com.miui.floatwindow.BootBroadcastReceiver
06-30 00:01:55.115  1958  2010 W BroadcastQueue: Background execution not allowed: receiving Intent { act=android.intent.action.PACKAGE_REPLACED dat=package:com.BHG.sharechat flg=0x4000010 (has extras) } to com.google.android.apps.photos/.account.full.FetchAccountPropertiesAppUpgradeBroadcastReceiver
06-30 00:01:55.115  1958  2010 W BroadcastQueue: Background execution not allowed: receiving Intent { act=android.intent.action.PACKAGE_REPLACED dat=package:com.BHG.sharechat flg=0x4000010 (has extras) } to com.google.android.apps.photos/.account.full.SyncAccountsForLoginBroadcastReceiver
06-30 00:01:55.115  1958  2010 W BroadcastQueue: Background execution not allowed: receiving Intent { act=android.intent.action.PACKAGE_REPLACED dat=package:com.BHG.sharechat flg=0x4000010 (has extras) } to com.google.android.apps.photos/.notificationchannels.AppUpdateBroadcastReceiver
06-30 00:01:55.115  1958  2010 W BroadcastQueue: Background execution not allowed: receiving Intent { act=android.intent.action.PACKAGE_REPLACED dat=package:com.BHG.sharechat flg=0x4000010 (has extras) } to com.jio.myjio/com.inn.passivesdk.receiver.PackageReceiver
06-30 00:01:55.137  2181  2924 I miui_face:  authenCallback, onAuthenticationHelp helpCode:14 helpString:
06-30 00:01:55.236  2181  2924 I miui_face:  authenCallback, onAuthenticationHelp helpCode:14 helpString:
06-30 00:01:55.248  1958  3851 I ActivityManager: Killing 4567:com.miui.cloudservice/u0a126 (adj 955): empty #17
06-30 00:01:55.355  2181  2924 I miui_face:  authenCallback, onAuthenticationHelp helpCode:14 helpString:
06-30 00:01:55.430  2181  2924 I miui_face:  authenCallback, onAuthenticationHelp helpCode:14 helpString:
06-30 00:01:55.459  1958  4597 W BroadcastQueue: Skipping deliver [foreground] BroadcastRecord{a7b689b u-1 android.intent.action.SCREEN_ON} to ReceiverList{b3bf49 4567 com.miui.cloudservice/10126/u0 remote:dbb2150}: process gone or crashing
06-30 00:01:55.462  1958  2010 W BroadcastQueue: Skipping deliver [foreground] BroadcastRecord{a7b689b u-1 android.intent.action.SCREEN_ON} to ReceiverList{4b1f98b 4567 com.miui.cloudservice/10126/u0 remote:634b35a}: process gone or crashing
06-30 00:01:55.556  2181  2924 I miui_face:  authenCallback, onAuthenticationHelp helpCode:14 helpString:
06-30 00:01:55.561  1958  2011 I ActivityManager: Start proc 8705:com.android.chrome/u0a193 for service {com.android.chrome/org.chromium.chrome.browser.customtabs.CustomTabsConnectionService} caller=com.miui.global.packageinstaller
06-30 00:01:55.593  2181  2181 I miui_keyguard_password: password unlock duration 150
06-30 00:01:55.599  1958  5271 W FingerprintService: Ignoring lockout reset, no templates enrolled
06-30 00:01:55.599  2181  2181 W miui_keyguard: unlock keyguard by pw
06-30 00:01:55.654  2181  2924 I miui_face:  authenCallback, onAuthenticationHelp helpCode:14 helpString:
06-30 00:01:55.701  2181  2924 I miui_face:  authenCallback, onAuthenticationHelp helpCode:5 helpString:
06-30 00:01:55.711  3855  4377 W MiuiPerfServiceClient: interceptAndQueuing:2181|com.android.systemui|910|73|unknown|null|StatusBar|35290888152473|Slow swap buffers|48
06-30 00:01:55.779  2181  2181 I miui_face: stop face unlock
06-30 00:01:55.783  2181  2924 I miui_face: authenCallback, onAuthenticationError code:2000 msg:
06-30 00:01:55.786  1958  2646 I Timeline: Timeline: App_transition_ready time:35290973
06-30 00:01:55.786  2181  3626 I KeyguardViewMediator: call fw keyguardGoingAway: flags = 8
06-30 00:01:55.787  1958  1997 I Timeline: Timeline: App_transition_ready time:35290974
06-30 00:01:55.799  1958  2014 E BatteryExternalStatsWorker: no controller energy info supplied for bluetooth
06-30 00:01:55.818 21390 21390 W BpBinder: Slow Binder: BpBinder transact took 201ms, interface=android.view.IWindowManager, code=33 oneway=false
06-30 00:01:55.819  1958  1979 I LockSettingsService: Unlocking user 0 with secret only, length 32
06-30 00:01:55.819  1958  1979 I LockSettingsService: Disabling escrow token on user 0
06-30 00:01:55.833  1958  1979 I LockSettingsService: Caching SP for user 0
06-30 00:01:55.833  2181 27774 W BpBinder: Slow Binder: BpBinder transact took 338ms, interface=com.android.internal.widget.ILockSettings, code=10 oneway=false
06-30 00:01:55.834  1958  1958 I LockSettingsService: Removing SP from cache for user 0
06-30 00:01:55.844  1958 31065 W BoostFramework: Slow Operation: BoostFramework perfUXEngine_trigger took 50ms
06-30 00:01:55.859  1958  1997 I Timeline: Timeline: App_transition_ready time:35291046
06-30 00:01:55.871  1958  3851 I Timeline: Timeline: App_transition_ready time:35291058
06-30 00:01:55.882  1958  1997 I Timeline: Timeline: App_transition_ready time:35291069
06-30 00:01:55.890   788   902 W EventThreadInspector: slow VSync-app on display(19260784713820289), count=1, avg=41 ms, max=41 ms.
06-30 00:01:55.923  8010  8102 W FileUtils: Slow Operation: fsync took 216ms
06-30 00:01:55.932  1958  3906 I ActivityManager: Killing 4766:com.miui.notes/u0a117 (adj 955): empty #17
06-30 00:01:55.974   788   903 W EventThreadInspector: slow VSync-sf on display(19260784713820289), count=3, avg=31 ms,max=42 ms.
06-30 00:01:56.032  1958  3851 I Timeline: Timeline: App_transition_ready time:35291219
06-30 00:01:56.045  1958  1997 I Timeline: Timeline: App_transition_ready time:35291232
06-30 00:01:56.045  4027  4215 W BpBinder: Slow Binder: BpBinder transact took 230ms, interface=android.hardware.camera2.ICameraDeviceUser, code=1 oneway=false
06-30 00:01:56.092  1958  1997 I Timeline: Timeline: App_transition_ready time:35291279
06-30 00:01:56.093  2181  2181 I KeyguardViewMediator: handleStartKeyguardExitAnimation startTime=35291279 fadeoutDuration=150
06-30 00:01:56.100  1958  1996 W UsageStatsService: Event reported without a package name, eventType:18
06-30 00:01:56.101  1958  1996 I WindowManager: updateContrastOverlay, darkmode: true isContrastEnabled: true alpha: 0.0
06-30 00:01:56.129  2181  2181 I miui_face: face unlock success time=2623
06-30 00:01:56.135  1958  2010 W BroadcastQueue: Background execution not allowed: receiving Intent { act=android.intent.action.USER_PRESENT flg=0x24200010 } to com.jio.myjio/com.jio.clickstream.tbn.PowerConnectionReceiver
06-30 00:01:56.135  1958  2010 W BroadcastQueue: Background execution not allowed: receiving Intent { act=android.intent.action.USER_PRESENT flg=0x24200010 } to com.android.chrome/org.chromium.chrome.browser.sharing.click_to_call.ClickToCallMessageHandler$PhoneUnlockedReceiver
06-30 00:01:56.135  1958  2010 W BroadcastQueue: Background execution not allowed: receiving Intent { act=android.intent.action.USER_PRESENT flg=0x24200010 } to com.google.android.gms/.auth.setup.devicesignals.LockScreenReceiver
06-30 00:01:56.136  1958  2010 W BroadcastQueue: Background execution not allowed: receiving Intent { act=android.intent.action.USER_PRESENT flg=0x24200010 } to com.google.android.gms/.chimera.GmsIntentOperationService$PersistentTrustedReceiver
06-30 00:01:56.136  1958  2010 W BroadcastQueue: Background execution not allowed: receiving Intent { act=android.intent.action.USER_PRESENT flg=0x24200010 } to info.kfsoft.force.rotation/.RestartReceiver
06-30 00:01:56.258  1958  1997 I Timeline: Timeline: Activity_windows_visible id: ActivityRecord{ddb1799 u0 com.miui.home/.launcher.Launcher t1} time:35291445
06-30 00:01:56.263  1958  1997 I Timeline: Timeline: App_transition_stopped time:35291450
06-30 00:01:56.267  8564  8749 W FileUtils: Slow Operation: fsync took 121ms
06-30 00:01:56.301 21390 21390 W QueuedWork: Slow Operation: QueueWork waitToFinish took 113ms
06-30 00:01:56.565  1958  4526 I ActivityManager: Killing 5079:com.miui.notes:widgetProvider/u0a117 (adj 955): empty #17
06-30 00:01:56.622  1958  2014 E BatteryExternalStatsWorker: no controller energy info supplied for bluetooth
06-30 00:01:57.120 25324 25324 I Timeline: Timeline: Activity_launch_request time:35292307
06-30 00:01:57.122  1958  4526 I ActivityTaskManager: START u0 {act=android.intent.action.MAIN cat=[android.intent.category.LAUNCHER] flg=0x10200000 cmp=com.BHG.sharechat/.SplashActivity bnds=[71,757][247,933] (has extras)} from uid 10094
06-30 00:01:57.150 25324 25324 W ActivityThread: SCHED: com.miui.home/.launcher.Launcher [69, r=37ms, a=16ms, w=1195ms]
06-30 00:01:57.246  1958  2011 I ActivityManager: Start proc 8785:com.BHG.sharechat/u0a768 for activity {com.BHG.sharechat/com.BHG.sharechat.SplashActivity} caller=com.miui.home
06-30 00:01:57.282  1958  1997 I Timeline: Timeline: App_transition_ready time:35292469
06-30 00:01:57.478  1958  1997 I Timeline: Timeline: App_transition_stopped time:35292665
06-30 00:01:57.851  1958  4526 E WindowManager: App trying to use insecure INPUT_FEATURE_NO_INPUT_CHANNEL flag. Ignoring
06-30 00:01:57.856  8785  8785 W Looper  : Slow Looper main: Activity com.BHG.sharechat/.SplashActivity is 314ms late (wall=261ms running=97ms ClientTransaction{ callbacks=[android.app.servertransaction.LaunchActivityItem] lifecycleRequest=android.app.servertransaction.ResumeActivityItem }) because of 2 msg, msg 2 took 308ms (seq=2 running=64ms runnable=10ms io=210ms late=16ms h=android.app.ActivityThread$H w=110)
06-30 00:01:57.856  8785  8785 W Looper  : Slow Looper main: Activity com.BHG.sharechat/.SplashActivity is 575ms late (wall=0ms running=0ms ClientTransaction{ callbacks=[android.app.servertransaction.TopResumedActivityChangeItem] }) because of 3 msg, msg 2 took 308ms (seq=2 running=64ms runnable=10ms io=210ms late=16ms h=android.app.ActivityThread$H w=110),msg 3 took 261ms (seq=3 running=97ms runnable=10ms io=135ms late=314ms h=android.app.ActivityThread$H w=159)
06-30 00:01:58.005  1958  1997 I Timeline: Timeline: Activity_windows_visible id: ActivityRecord{c2de2b u0 com.BHG.sharechat/.SplashActivity t1159} time:35293192
06-30 00:02:00.842  8785  8785 I Timeline: Timeline: Activity_launch_request time:35296029
06-30 00:02:00.843  1958  4415 I ActivityTaskManager: START u0 {cmp=com.BHG.sharechat/.AuthActivity} from uid 10768
06-30 00:02:00.854  8785  8785 W ActivityThread: SCHED: com.BHG.sharechat/.SplashActivity [67, r=31ms, a=15ms, w=3012ms]
06-30 00:02:00.856  1958  3853 I ActivityTaskManager: The Process com.BHG.sharechat Already Exists in BG. So sending its PID: 8785
06-30 00:02:00.861  1958  3853 I Timeline: Timeline: App_transition_ready time:35296048
06-30 00:02:01.003  8785  8785 I Timeline: Timeline: Activity_launch_request time:35296190
06-30 00:02:01.003  1958  4597 I ActivityTaskManager: START u0 {cmp=com.BHG.sharechat/.MainActivity} from uid 10768
06-30 00:02:01.015  1958  4597 I ActivityTaskManager: The Process com.BHG.sharechat Already Exists in BG. So sending its PID: 8785
06-30 00:02:01.018  1958  4597 I Timeline: Timeline: App_transition_ready time:35296205
06-30 00:02:01.020  1958  1997 I Timeline: Timeline: App_transition_ready time:35296207
06-30 00:02:01.110  1958  4597 E WindowManager: App trying to use insecure INPUT_FEATURE_NO_INPUT_CHANNEL flag. Ignoring
06-30 00:02:01.139  1958  3853 I Timeline: Timeline: App_transition_ready time:35296326
06-30 00:02:01.141  1958  3853 I Timeline: Timeline: App_transition_ready time:35296328
06-30 00:02:01.184  1958  1997 I Timeline: Timeline: App_transition_ready time:35296371
06-30 00:02:01.444  1958  1997 I Timeline: Timeline: Activity_windows_visible id: ActivityRecord{21a6f63 u0 com.BHG.sharechat/.MainActivity t1159} time:35296631
06-30 00:02:01.445  1958  1997 I Timeline: Timeline: App_transition_stopped time:35296632
06-30 00:02:03.369  8785  8785 I Timeline: Timeline: Activity_launch_request time:35298556
06-30 00:02:03.370  1958  5271 I ActivityTaskManager: START u0 {cmp=com.BHG.sharechat/.PostDetailActivity (has extras)}from uid 10768
06-30 00:02:03.380  8785  8785 W ActivityThread: SCHED: com.BHG.sharechat/.MainActivity [77, r=95ms, a=27ms, w=2275ms]
06-30 00:02:03.383  1958  2647 I ActivityTaskManager: The Process com.BHG.sharechat Already Exists in BG. So sending its PID: 8785
06-30 00:02:03.387  1958  2647 I Timeline: Timeline: App_transition_ready time:35298574
06-30 00:02:03.462  1958  2647 E WindowManager: App trying to use insecure INPUT_FEATURE_NO_INPUT_CHANNEL flag. Ignoring
06-30 00:02:03.488  1958  5271 I Timeline: Timeline: App_transition_ready time:35298675
06-30 00:02:03.489  1958  5271 I Timeline: Timeline: App_transition_ready time:35298677
06-30 00:02:03.566  1958  1997 I Timeline: Timeline: App_transition_ready time:35298754
06-30 00:02:03.827  1958  1997 I Timeline: Timeline: Activity_windows_visible id: ActivityRecord{3a394c5 u0 com.BHG.sharechat/.PostDetailActivity t1159} time:35299014
06-30 00:02:03.833  1958  1997 I Timeline: Timeline: App_transition_stopped time:35299020
06-30 00:02:06.000  8785  8785 I Timeline: Timeline: Activity_launch_request time:35301187
06-30 00:02:06.001  1958  3851 I ActivityTaskManager: START u0 {cmp=com.BHG.sharechat/.UserProfileActivity (has extras)} from uid 10768
06-30 00:02:06.010  8785  8785 W ActivityThread: SCHED: com.BHG.sharechat/.PostDetailActivity [82, r=66ms, a=14ms, w=2554ms]
06-30 00:02:06.012  1958  4008 I ActivityTaskManager: The Process com.BHG.sharechat Already Exists in BG. So sending its PID: 8785
06-30 00:02:06.017  1958  4008 I Timeline: Timeline: App_transition_ready time:35301204
06-30 00:02:06.069  1958  4008 E WindowManager: App trying to use insecure INPUT_FEATURE_NO_INPUT_CHANNEL flag. Ignoring
06-30 00:02:06.090  1958  4008 I Timeline: Timeline: App_transition_ready time:35301277
06-30 00:02:06.092  1958  4008 I Timeline: Timeline: App_transition_ready time:35301279
06-30 00:02:06.163  1958  1997 I Timeline: Timeline: App_transition_ready time:35301350
06-30 00:02:06.169  1958  4008 I ActivityManager: Killing 4709:com.android.providers.calendar/u0a74 (adj 955): empty #17
06-30 00:02:06.171  1958  4008 I ActivityManager: Killing 5118:com.miui.analytics/u0a105 (adj 965): empty #18
06-30 00:02:06.428  1958  1997 I Timeline: Timeline: Activity_windows_visible id: ActivityRecord{2a10b8 u0 com.BHG.sharechat/.UserProfileActivity t1159} time:35301615
06-30 00:02:06.430  1958  1997 I Timeline: Timeline: App_transition_stopped time:35301617
06-30 00:02:12.874  1958  3853 W BpBinder: Slow Binder: BpBinder transact took 535ms, interface=android.os.IInstalld, code=9 oneway=false
06-30 00:02:12.874  8041  8543 W BpBinder: Slow Binder: BpBinder transact took 535ms, interface=android.app.usage.IStorageStatsManager, code=7 oneway=false
06-30 00:02:16.131  1958  4597 I ActivityManager: Killing 5343:com.android.soundrecorder:remote/u0a82 (adj 955): empty #17
06-30 00:02:16.164  1958  4597 I AutoStartManagerService: MIUILOG- Reject RestartService packageName :com.android.soundrecorder uid : 10082
06-30 00:02:16.446  1958  3853 W BaseMiuiPhoneWindowManager: keyCode:4 down:true eventTime:35311628 downTime:35311628 policyFlags:2b000002 flags:48 deviceId:-1 isScreenOn:true keyguardActive:false repeatCount:0
06-30 00:02:16.536  1958  3853 W BaseMiuiPhoneWindowManager: keyCode:4 down:false eventTime:35311723 downTime:35311628 policyFlags:2b000002 flags:48 deviceId:-1 isScreenOn:true keyguardActive:false repeatCount:0
06-30 00:02:16.543  8785  8785 W ActivityThread: SCHED: com.BHG.sharechat/.UserProfileActivity [73, r=72ms, a=26ms, w=10480ms]
06-30 00:02:16.553  1958  3853 I Timeline: Timeline: App_transition_ready time:35311740
06-30 00:02:16.568  1958  3851 I Timeline: Timeline: App_transition_ready time:35311755
06-30 00:02:16.579  1958  1997 I Timeline: Timeline: App_transition_ready time:35311767
06-30 00:02:16.832  1958  1997 I Timeline: Timeline: Activity_windows_visible id: ActivityRecord{3a394c5 u0 com.BHG.sharechat/.PostDetailActivity t1159} time:35312019
06-30 00:02:16.834  1958  1997 I Timeline: Timeline: App_transition_stopped time:35312021
06-30 00:02:17.078  1958  2647 W BaseMiuiPhoneWindowManager: keyCode:4 down:true eventTime:35312264 downTime:35312264 policyFlags:2b000002 flags:48 deviceId:-1 isScreenOn:true keyguardActive:false repeatCount:0
06-30 00:02:17.161  1958  2647 W BaseMiuiPhoneWindowManager: keyCode:4 down:false eventTime:35312348 downTime:35312264 policyFlags:2b000002 flags:48 deviceId:-1 isScreenOn:true keyguardActive:false repeatCount:0
06-30 00:02:17.167  8785  8785 W ActivityThread: SCHED: com.BHG.sharechat/.PostDetailActivity [81, r=18ms, a=4ms, w=611ms]
06-30 00:02:17.173  1958  5258 I Timeline: Timeline: App_transition_ready time:35312360
06-30 00:02:17.187  1958  5258 I Timeline: Timeline: App_transition_ready time:35312374
06-30 00:02:17.206  1958  1997 I Timeline: Timeline: App_transition_ready time:35312393
06-30 00:02:17.466  1958  1997 I Timeline: Timeline: Activity_windows_visible id: ActivityRecord{21a6f63 u0 com.BHG.sharechat/.MainActivity t1159} time:35312653
06-30 00:02:17.469  1958  1997 I Timeline: Timeline: App_transition_stopped time:35312656
06-30 00:02:18.262  8785  8785 I Timeline: Timeline: Activity_launch_request time:35313449
06-30 00:02:18.263  1958  2647 I ActivityTaskManager: START u0 {cmp=com.BHG.sharechat/.PostDetailActivity (has extras)}from uid 10768
06-30 00:02:18.272  8785  8785 W ActivityThread: SCHED: com.BHG.sharechat/.MainActivity [58, r=21ms, a=15ms, w=1095ms]
06-30 00:02:18.275  1958  4597 I ActivityTaskManager: The Process com.BHG.sharechat Already Exists in BG. So sending its PID: 8785
06-30 00:02:18.279  1958  4597 I Timeline: Timeline: App_transition_ready time:35313467
06-30 00:02:18.330  1958  2647 E WindowManager: App trying to use insecure INPUT_FEATURE_NO_INPUT_CHANNEL flag. Ignoring
06-30 00:02:18.335 13482 13482 E ActivityThread: Service com.google.android.gms.chimera.GmsApiService has leaked ServiceConnection bofe@a27cdbe that was originally bound here
06-30 00:02:18.335 13482 13482 E ActivityThread: android.app.ServiceConnectionLeaked: Service com.google.android.gms.chimera.GmsApiService has leaked ServiceConnection bofe@a27cdbe that was originally bound here
06-30 00:02:18.335 13482 13482 E ActivityThread:        at android.app.LoadedApk$ServiceDispatcher.<init>(LoadedApk.java:1815)
06-30 00:02:18.335 13482 13482 E ActivityThread:        at android.app.LoadedApk.getServiceDispatcherCommon(LoadedApk.java:1687)
06-30 00:02:18.335 13482 13482 E ActivityThread:        at android.app.LoadedApk.getServiceDispatcher(LoadedApk.java:1666)
06-30 00:02:18.335 13482 13482 E ActivityThread:        at android.app.ContextImpl.bindServiceCommon(ContextImpl.java:1731)
06-30 00:02:18.335 13482 13482 E ActivityThread:        at android.app.ContextImpl.bindService(ContextImpl.java:1660)
06-30 00:02:18.335 13482 13482 E ActivityThread:        at android.content.ContextWrapper.bindService(ContextWrapper.java:715)
06-30 00:02:18.335 13482 13482 E ActivityThread:        at android.content.ContextWrapper.bindService(ContextWrapper.java:715)
06-30 00:02:18.335 13482 13482 E ActivityThread:        at android.content.ContextWrapper.bindService(ContextWrapper.java:715)
06-30 00:02:18.335 13482 13482 E ActivityThread:        at boej.bindService(:com.google.android.gms@252431013@25.24.31 (100400-772615181):10)
06-30 00:02:18.335 13482 13482 E ActivityThread:        at android.content.ContextWrapper.bindService(ContextWrapper.java:715)
06-30 00:02:18.335 13482 13482 E ActivityThread:        at android.content.ContextWrapper.bindService(ContextWrapper.java:715)
06-30 00:02:18.335 13482 13482 E ActivityThread:        at android.content.ContextWrapper.bindService(ContextWrapper.java:715)
06-30 00:02:18.335 13482 13482 E ActivityThread:        at android.content.ContextWrapper.bindService(ContextWrapper.java:715)
06-30 00:02:18.335 13482 13482 E ActivityThread:        at ayei.i(:com.google.android.gms@252431013@25.24.31 (100400-772615181):17)
06-30 00:02:18.335 13482 13482 E ActivityThread:        at ayei.f(:com.google.android.gms@252431013@25.24.31 (100400-772615181):97)
06-30 00:02:18.335 13482 13482 E ActivityThread:        at ayei.e(:com.google.android.gms@252431013@25.24.31 (100400-772615181):8)
06-30 00:02:18.335 13482 13482 E ActivityThread:        at zqs.a(:com.google.android.gms@252431013@25.24.31 (100400-772615181):47)
06-30 00:02:18.335 13482 13482 E ActivityThread:        at iqu.a(:com.google.android.gms@252431013@25.24.31 (100400-772615181):19)
06-30 00:02:18.335 13482 13482 E ActivityThread:        at zqx.<init>(:com.google.android.gms@252431013@25.24.31 (100400-772615181):11)
06-30 00:02:18.335 13482 13482 E ActivityThread:        at zrx.call(:com.google.android.gms@252431013@25.24.31 (100400-772615181):18)
06-30 00:02:18.335 13482 13482 E ActivityThread:        at java.util.concurrent.FutureTask.run(FutureTask.java:266)
06-30 00:02:18.335 13482 13482 E ActivityThread:        at ayhu.c(:com.google.android.gms@252431013@25.24.31 (100400-772615181):50)
06-30 00:02:18.335 13482 13482 E ActivityThread:        at ayhu.run(:com.google.android.gms@252431013@25.24.31 (100400-772615181):70)
06-30 00:02:18.335 13482 13482 E ActivityThread:        at java.util.concurrent.ThreadPoolExecutor.runWorker(ThreadPoolExecutor.java:1167)
06-30 00:02:18.335 13482 13482 E ActivityThread:        at java.util.concurrent.ThreadPoolExecutor$Worker.run(ThreadPoolExecutor.java:641)
06-30 00:02:18.335 13482 13482 E ActivityThread:        at aynj.run(:com.google.android.gms@252431013@25.24.31 (100400-772615181):8)
06-30 00:02:18.335 13482 13482 E ActivityThread:        at java.lang.Thread.run(Thread.java:919)
06-30 00:02:18.347  1958  3853 I Timeline: Timeline: App_transition_ready time:35313534
06-30 00:02:18.348  1958  3853 I Timeline: Timeline: App_transition_ready time:35313535
06-30 00:02:18.350  1958  4597 I ActivityManager: Killing 5425:com.xiaomi.misettings/1000 (adj 955): empty #17
06-30 00:02:18.358  1958  4597 I ActivityManager: Killing 5286:com.android.soundrecorder/u0a82 (adj 965): empty #18
06-30 00:02:18.375  1958  1997 I Timeline: Timeline: App_transition_ready time:35313563
06-30 00:02:18.616  1958  1997 I Timeline: Timeline: Activity_windows_visible id: ActivityRecord{9293f73 u0 com.BHG.sharechat/.PostDetailActivity t1159} time:35313803
06-30 00:02:18.617  1958  1997 I Timeline: Timeline: App_transition_stopped time:35313804
06-30 00:02:20.405  8785  8785 I Timeline: Timeline: Activity_launch_request time:35315592
06-30 00:02:20.406  1958  4526 I ActivityTaskManager: START u0 {cmp=com.BHG.sharechat/.UserProfileActivity (has extras)} from uid 10768
06-30 00:02:20.415  8785  8785 W ActivityThread: SCHED: com.BHG.sharechat/.PostDetailActivity [75, r=47ms, a=15ms, w=2091ms]
06-30 00:02:20.417  1958  5271 I ActivityTaskManager: The Process com.BHG.sharechat Already Exists in BG. So sending its PID: 8785
06-30 00:02:20.421  1958  5271 I Timeline: Timeline: App_transition_ready time:35315608
06-30 00:02:20.475  1958  2647 E WindowManager: App trying to use insecure INPUT_FEATURE_NO_INPUT_CHANNEL flag. Ignoring
06-30 00:02:20.492  1958  5271 I Timeline: Timeline: App_transition_ready time:35315679
06-30 00:02:20.494  1958  5271 I Timeline: Timeline: App_transition_ready time:35315681
06-30 00:02:20.519  1958  1997 I Timeline: Timeline: App_transition_ready time:35315706
06-30 00:02:20.766  1958  1997 I Timeline: Timeline: Activity_windows_visible id: ActivityRecord{2937353 u0 com.BHG.sharechat/.UserProfileActivity t1159} time:35315954
06-30 00:02:20.768  1958  1997 I Timeline: Timeline: App_transition_stopped time:35315955
06-30 00:02:27.405  8785  8785 I Timeline: Timeline: Activity_launch_request time:35322592
06-30 00:02:27.406  1958  3906 I ActivityTaskManager: START u0 {cmp=com.BHG.sharechat/.PostDetailActivity (has extras)}from uid 10768
06-30 00:02:27.417  8785  8785 W ActivityThread: SCHED: com.BHG.sharechat/.UserProfileActivity [68, r=100ms, a=46ms, w=6947ms]
06-30 00:02:27.419  1958  5258 I ActivityTaskManager: The Process com.BHG.sharechat Already Exists in BG. So sending its PID: 8785
06-30 00:02:27.425  1958  5258 I Timeline: Timeline: App_transition_ready time:35322612
06-30 00:02:27.429  1958  1996 I ActivityManager: Killing 5262:com.xiaomi.calendar/u0a63 (adj 955): empty #17
06-30 00:02:27.475  1958  5271 E WindowManager: App trying to use insecure INPUT_FEATURE_NO_INPUT_CHANNEL flag. Ignoring
06-30 00:02:27.492  1958  5271 I Timeline: Timeline: App_transition_ready time:35322679
06-30 00:02:27.495  1958  5271 I Timeline: Timeline: App_transition_ready time:35322682
06-30 00:02:27.517  1958  1997 I Timeline: Timeline: App_transition_ready time:35322704
06-30 00:02:27.769  1958  1997 I Timeline: Timeline: Activity_windows_visible id: ActivityRecord{d3eb9ec u0 com.BHG.sharechat/.PostDetailActivity t1159} time:35322956
06-30 00:02:27.771  1958  1997 I Timeline: Timeline: App_transition_stopped time:35322958
06-30 00:02:29.458  1958  3851 W BaseMiuiPhoneWindowManager: keyCode:4 down:true eventTime:35324644 downTime:35324644 policyFlags:2b000002 flags:48 deviceId:-1 isScreenOn:true keyguardActive:false repeatCount:0
06-30 00:02:29.540  1958  3851 W BaseMiuiPhoneWindowManager: keyCode:4 down:false eventTime:35324726 downTime:35324644 policyFlags:2b000002 flags:48 deviceId:-1 isScreenOn:true keyguardActive:false repeatCount:0
06-30 00:02:29.547  8785  8785 W ActivityThread: SCHED: com.BHG.sharechat/.PostDetailActivity [84, r=64ms, a=12ms, w=2076ms]
06-30 00:02:29.558  1958  3851 I Timeline: Timeline: App_transition_ready time:35324745
06-30 00:02:29.570  1958  3853 I Timeline: Timeline: App_transition_ready time:35324757
06-30 00:02:29.588  1958  3853 I Timeline: Timeline: App_transition_ready time:35324776
06-30 00:02:29.609  1958  1997 I Timeline: Timeline: App_transition_ready time:35324796
06-30 00:02:29.853  1958  1997 I Timeline: Timeline: Activity_windows_visible id: ActivityRecord{2937353 u0 com.BHG.sharechat/.UserProfileActivity t1159} time:35325040
06-30 00:02:29.856  1958  1997 I Timeline: Timeline: App_transition_stopped time:35325043
06-30 00:02:30.881  1958  3906 W BaseMiuiPhoneWindowManager: keyCode:4 down:true eventTime:35326068 downTime:35326068 policyFlags:2b000002 flags:48 deviceId:-1 isScreenOn:true keyguardActive:false repeatCount:0
06-30 00:02:30.983  1958  3906 W BaseMiuiPhoneWindowManager: keyCode:4 down:false eventTime:35326169 downTime:35326068 policyFlags:2b000002 flags:48 deviceId:-1 isScreenOn:true keyguardActive:false repeatCount:0
06-30 00:02:30.989  8785  8785 W ActivityThread: SCHED: com.BHG.sharechat/.UserProfileActivity [82, r=14ms, a=3ms, w=1418ms]
06-30 00:02:30.996  1958  3853 I Timeline: Timeline: App_transition_ready time:35326183
06-30 00:02:31.010  1958  5271 I Timeline: Timeline: App_transition_ready time:35326197
06-30 00:02:31.027  1958  1997 I Timeline: Timeline: App_transition_ready time:35326214
06-30 00:02:31.283  1958  1997 I Timeline: Timeline: Activity_windows_visible id: ActivityRecord{9293f73 u0 com.BHG.sharechat/.PostDetailActivity t1159} time:35326471
06-30 00:02:31.285  1958  1997 I Timeline: Timeline: App_transition_stopped time:35326473
06-30 00:02:31.299  1958  3851 W BaseMiuiPhoneWindowManager: keyCode:4 down:true eventTime:35326485 downTime:35326485 policyFlags:2b000002 flags:48 deviceId:-1 isScreenOn:true keyguardActive:false repeatCount:0
06-30 00:02:31.366  1958  3853 W BaseMiuiPhoneWindowManager: keyCode:4 down:false eventTime:35326553 downTime:35326485 policyFlags:2b000002 flags:48 deviceId:-1 isScreenOn:true keyguardActive:false repeatCount:0
06-30 00:02:31.371  8785  8785 W ActivityThread: SCHED: com.BHG.sharechat/.PostDetailActivity [61, r=21ms, a=13ms, w=371ms]
06-30 00:02:31.375  1958  3906 I Timeline: Timeline: App_transition_ready time:35326563
06-30 00:02:31.389  1958  3853 I Timeline: Timeline: App_transition_ready time:35326577
06-30 00:02:31.407  1958  3906 I Timeline: Timeline: App_transition_ready time:35326594
06-30 00:02:31.418   788   903 W EventThreadInspector: slow VSync-sf on display(19260784713820289), count=1, avg=30 ms,max=30 ms.
06-30 00:02:31.425  1958  1997 I Timeline: Timeline: App_transition_ready time:35326612
06-30 00:02:31.670  1958  1997 I Timeline: Timeline: Activity_windows_visible id: ActivityRecord{21a6f63 u0 com.BHG.sharechat/.MainActivity t1159} time:35326857
06-30 00:02:31.672  1958  1997 I Timeline: Timeline: App_transition_stopped time:35326859
06-30 00:02:32.621  8785  8785 I Timeline: Timeline: Activity_launch_request time:35327808
06-30 00:02:32.622  1958  4597 I ActivityTaskManager: START u0 {cmp=com.BHG.sharechat/.PostDetailActivity (has extras)}from uid 10768
06-30 00:02:32.658  8785  8785 W ActivityThread: SCHED: com.BHG.sharechat/.MainActivity [78, r=55ms, a=15ms, w=1266ms]
06-30 00:02:32.660  1958  4597 I ActivityTaskManager: The Process com.BHG.sharechat Already Exists in BG. So sending its PID: 8785
06-30 00:02:32.664  1958  4597 I Timeline: Timeline: App_transition_ready time:35327851
06-30 00:02:32.705  1958  3853 E WindowManager: App trying to use insecure INPUT_FEATURE_NO_INPUT_CHANNEL flag. Ignoring
06-30 00:02:32.717  1958  4597 I Timeline: Timeline: App_transition_ready time:35327904
06-30 00:02:32.720  1958  4597 I Timeline: Timeline: App_transition_ready time:35327908
06-30 00:02:32.746  1958  1997 I Timeline: Timeline: App_transition_ready time:35327933
06-30 00:02:33.004  1958  1997 I Timeline: Timeline: Activity_windows_visible id: ActivityRecord{ab0a8fe u0 com.BHG.sharechat/.PostDetailActivity t1159} time:35328191
06-30 00:02:33.006  1958  1997 I Timeline: Timeline: App_transition_stopped time:35328193
06-30 00:02:34.362  1958  3906 W BaseMiuiPhoneWindowManager: keyCode:4 down:true eventTime:35329548 downTime:35329548 policyFlags:2b000002 flags:48 deviceId:-1 isScreenOn:true keyguardActive:false repeatCount:0
06-30 00:02:34.433  1958  3906 W BaseMiuiPhoneWindowManager: keyCode:4 down:false eventTime:35329620 downTime:35329548 policyFlags:2b000002 flags:48 deviceId:-1 isScreenOn:true keyguardActive:false repeatCount:0
06-30 00:02:34.441  8785  8785 W ActivityThread: SCHED: com.BHG.sharechat/.PostDetailActivity [82, r=48ms, a=10ms, w=1742ms]
06-30 00:02:34.449  1958  3906 I Timeline: Timeline: App_transition_ready time:35329636
06-30 00:02:34.474  1958  2646 I Timeline: Timeline: App_transition_ready time:35329662
06-30 00:02:34.491  1958  1997 I Timeline: Timeline: App_transition_ready time:35329679
06-30 00:02:34.754  1958  1997 I Timeline: Timeline: Activity_windows_visible id: ActivityRecord{21a6f63 u0 com.BHG.sharechat/.MainActivity t1159} time:35329941
06-30 00:02:34.755  1958  1997 I Timeline: Timeline: App_transition_stopped time:35329942
06-30 00:02:37.144  8785  8785 I Timeline: Timeline: Activity_launch_request time:35332331
06-30 00:02:37.145  1958  3853 I ActivityTaskManager: START u0 {cmp=com.BHG.sharechat/.PostDetailActivity (has extras)}from uid 10768
06-30 00:02:37.157  8785  8785 W ActivityThread: SCHED: com.BHG.sharechat/.MainActivity [80, r=115ms, a=28ms, w=2699ms]
06-30 00:02:37.159  1958  5271 I ActivityTaskManager: The Process com.BHG.sharechat Already Exists in BG. So sending its PID: 8785
06-30 00:02:37.163  1958  5271 I Timeline: Timeline: App_transition_ready time:35332351
06-30 00:02:37.215  1958  5271 E WindowManager: App trying to use insecure INPUT_FEATURE_NO_INPUT_CHANNEL flag. Ignoring
06-30 00:02:37.229  1958  5271 I Timeline: Timeline: App_transition_ready time:35332416
06-30 00:02:37.231  1958  5271 I Timeline: Timeline: App_transition_ready time:35332418
