06-29 20:12:49.334  1958  2022 I PackageManager: Un-granting permission android.permission.SET_DEBUG_APP from package com.tiqiaa.remote (protectionLevel=50 flags=0x30c8be44)
06-29 20:12:49.334  1958  2022 I PackageManager: Un-granting permission android.permission.WRITE_SETTINGS from package com.tiqiaa.remote (protectionLevel=1218 flags=0x30c8be44)
06-29 20:12:49.334  1958  2022 I PackageManager: Un-granting permission android.permission.DEVICE_POWER from package com.tiqiaa.remote (protectionLevel=2 flags=0x30c8be44)
06-29 20:12:49.334  1958  2022 I PackageManager: Un-granting permission com.android.launcher.permission.READ_SETTINGS from package com.tiqiaa.remote (protectionLevel=18 flags=0x30c8be44)
06-29 20:12:49.334  1958  2022 I PackageManager: Un-granting permission android.permission.INTERACT_ACROSS_USERS_FULL from package com.tiqiaa.remote (protectionLevel=258 flags=0x30c8be44)
06-29 20:12:49.334  1958  2022 I PackageManager: Un-granting permission android.permission.SYSTEM_ALERT_WINDOW from package com.tiqiaa.remote (protectionLevel=1250 flags=0x30c8be44)
06-29 20:12:49.334  1958  2022 I PackageManager: Un-granting permission android.permission.SEND_DOWNLOAD_COMPLETED_INTENTS from package com.tiqiaa.remote (protectionLevel=2 flags=0x30c8be44)
06-29 20:12:49.334  1958  2022 I PackageManager: Un-granting permission android.permission.DUMP from package com.digibites.accubattery (protectionLevel=50 flags=0x20c83e44)
06-29 20:12:49.334  1958  2022 I PackageManager: Un-granting permission android.permission.PACKAGE_USAGE_STATS from package com.digibites.accubattery (protectionLevel=114 flags=0x20c83e44)
06-29 20:12:49.334  1958  2022 I PackageManager: Un-granting permission android.permission.SYSTEM_ALERT_WINDOW from package com.digibites.accubattery (protectionLevel=1250 flags=0x20c83e44)
06-29 20:12:49.335  1958  2022 I PackageManager: Un-granting permission android.permission.START_ACTIVITIES_FROM_BACKGROUND from package com.android.mms (protectionLevel=49682 flags=0x38c9bee5)
06-29 20:12:49.335  1958  2022 I PackageManager: Un-granting permission com.xiaomi.simactivate.service.ACTIVATE_SIM from package com.android.mms (protectionLevel=2 flags=0x38c9bee5)
06-29 20:12:49.335  1958  2022 I PackageManager: Un-granting permission android.permission.WRITE_APN_SETTINGS from package com.android.mms (protectionLevel=18 flags=0x38c9bee5)
06-29 20:12:49.335  1958  2022 I PackageManager: Un-granting permission miui.permission.JOYOSE from package com.android.mms (protectionLevel=2 flags=0x38c9bee5)
06-29 20:12:49.335  1958  2022 I PackageManager: Un-granting permission com.miui.systemAdSolution.LOCAL_AD_PROVIDER from package com.android.mms (protectionLevel=2 flags=0x38c9bee5)
06-29 20:12:49.335  1958  2022 I PackageManager: Un-granting permission com.android.settings.permission.CLOUD_SETTINGS_PROVIDER from package com.android.mms (protectionLevel=18 flags=0x38c9bee5)
06-29 20:12:49.335  1958  2022 I PackageManager: Un-granting permission android.permission.ACCESS_DOWNLOAD_MANAGER frompackage com.microsoft.rdc.android (protectionLevel=18 flags=0x3098be44)
06-29 20:12:49.335  1958  2022 I PackageManager: Un-granting permission android.permission.REQUEST_INSTALL_PACKAGES from package com.apk.editor (protectionLevel=66 flags=0x20c8be44)
06-29 20:12:49.336  1958  2022 I PackageManager: Un-granting permission android.permission.REQUEST_INSTALL_PACKAGES from package com.google.android.gm (protectionLevel=66 flags=0x28dbbec5)
06-29 20:12:49.337  1958  2022 I PackageManager: Un-granting permission com.google.android.providers.gsf.permission.WRITE_GSERVICES from package com.google.android.apps.playconsole (protectionLevel=2 flags=0x2088be44)
06-29 20:12:49.338  1958  2022 I PackageManager: Un-granting permission android.permission.WRITE_SECURE_SETTINGS from package com.android.printspooler (protectionLevel=50 flags=0x38c8be45)
06-29 20:12:49.338  1958  2022 I PackageManager: Un-granting permission android.permission.CHANGE_CONFIGURATION from package com.duokan.phone.remotecontroller (protectionLevel=50 flags=0x20983e44)
06-29 20:12:49.338  1958  2022 I PackageManager: Un-granting permission android.permission.CAPTURE_AUDIO_OUTPUT from package com.duokan.phone.remotecontroller (protectionLevel=18 flags=0x20983e44)
06-29 20:12:49.338  1958  2022 I PackageManager: Un-granting permission com.xiaomi.permission.CLOUD_MANAGER from package com.duokan.phone.remotecontroller (protectionLevel=18 flags=0x20983e44)
06-29 20:12:49.338  1958  2022 I PackageManager: Un-granting permission com.android.launcher.permission.READ_SETTINGS from package com.duokan.phone.remotecontroller (protectionLevel=18 flags=0x20983e44)
06-29 20:12:49.338  1958  2022 I PackageManager: Un-granting permission android.permission.WRITE_SETTINGS from package com.duokan.phone.remotecontroller (protectionLevel=1218 flags=0x20983e44)
06-29 20:12:49.339  1958  2022 I PackageManager: Un-granting permission com.miui.securitycenter.permission.SYSTEM_PERMISSION_DECLARE from package com.duokan.phone.remotecontroller (protectionLevel=18 flags=0x20983e44)
06-29 20:12:49.339  1958  2022 I PackageManager: Un-granting permission android.permission.MOUNT_UNMOUNT_FILESYSTEMS from package com.duokan.phone.remotecontroller (protectionLevel=18 flags=0x20983e44)
06-29 20:12:49.339  1958  2022 I PackageManager: Un-granting permission android.permission.REAL_GET_TASKS from package com.google.android.apps.wellbeing (protectionLevel=18 flags=0x20cbbec5)
06-29 20:12:49.339  1958  2022 I PackageManager: Un-granting permission android.permission.START_TASKS_FROM_RECENTS from package com.google.android.apps.wellbeing (protectionLevel=18 flags=0x20cbbec5)
06-29 20:12:49.339  1958  2022 I PackageManager: Un-granting permission android.permission.MODIFY_DAY_NIGHT_MODE from package com.google.android.apps.wellbeing (protectionLevel=18 flags=0x20cbbec5)
06-29 20:12:49.340  1958  2022 I PackageManager: Un-granting permission android.permission.REQUEST_INSTALL_PACKAGES from package com.google.android.apps.docs (protectionLevel=66 flags=0x28cbbe44)
06-29 20:12:49.340  1958  2022 I PackageManager: Un-granting permission android.permission.SYSTEM_ALERT_WINDOW from package com.frontrow.vlog (protectionLevel=1250 flags=0x38983c44)
06-29 20:12:49.341  1958  2022 I PackageManager: Un-granting permission android.permission.ACCESS_MTP from package com.miui.cloudbackup (protectionLevel=18 flags=0x20d83ec5)
06-29 20:12:49.341  1958  2022 I PackageManager: Un-granting permission android.permission.SYSTEM_ALERT_WINDOW from package com.opera.browser (protectionLevel=1250 flags=0xa4c9be44)
06-29 20:12:49.341  1958  2022 I PackageManager: Un-granting permission android.permission.REQUEST_INSTALL_PACKAGES from package com.opera.browser (protectionLevel=66 flags=0xa4c9be44)
06-29 20:12:49.341  1958  2022 I PackageManager: Un-granting permission android.permission.INTERACT_ACROSS_USERS from package com.google.android.syncadapters.contacts (protectionLevel=50 flags=0x20883e45)
06-29 20:12:49.342  1958  2022 I PackageManager: Un-granting permission android.permission.REQUEST_INSTALL_PACKAGES from package com.android.chrome (protectionLevel=66 flags=0xa0cbbec5)
06-29 20:12:49.342  1958  2022 I PackageManager: Un-granting permission android.permission.SYSTEM_ALERT_WINDOW from package com.teamsmart.videomanager.tv (protectionLevel=1250 flags=0x38d83e44)
06-29 20:12:49.342  1958  2022 I PackageManager: Un-granting permission android.permission.READ_PRIVILEGED_PHONE_STATE from package com.teamsmart.videomanager.tv (protectionLevel=18 flags=0x38d83e44)
06-29 20:12:49.342  1958  2022 I PackageManager: Un-granting permission android.permission.REQUEST_INSTALL_PACKAGES from package com.teamsmart.videomanager.tv (protectionLevel=66 flags=0x38d83e44)
06-29 20:12:49.342  1958  2022 I PackageManager: Un-granting permission android.permission.WRITE_EMBEDDED_SUBSCRIPTIONSfrom package com.google.android.gms (protectionLevel=50 flags=0xa0cabec5)
06-29 20:12:49.342  1958  2022 I PackageManager: Un-granting permission android.permission.CAPTURE_VIDEO_OUTPUT from package com.google.android.gms (protectionLevel=2 flags=0xa0cabec5)
06-29 20:12:49.342  1958  2022 I PackageManager: Un-granting permission android.permission.FORCE_STOP_PACKAGES from package com.google.android.gms (protectionLevel=18 flags=0xa0cabec5)
06-29 20:12:49.343  1958  2022 I PackageManager: Un-granting permission android.permission.MODIFY_DEFAULT_AUDIO_EFFECTSfrom package com.google.android.gms (protectionLevel=18 flags=0xa0cabec5)
06-29 20:12:49.343  1958  2022 I PackageManager: Un-granting permission android.permission.MANAGE_DEVICE_ADMINS from package com.google.android.gms (protectionLevel=2 flags=0xa0cabec5)
06-29 20:12:49.343  1958  2022 I PackageManager: Un-granting permission android.permission.MANAGE_ACTIVITY_STACKS from package com.google.android.gms (protectionLevel=2 flags=0xa0cabec5)
06-29 20:12:49.343  1958  2022 I PackageManager: Un-granting permission android.permission.CAPTURE_SECURE_VIDEO_OUTPUT from package com.google.android.gms (protectionLevel=2 flags=0xa0cabec5)
06-29 20:12:49.343  1958  2022 I PackageManager: Un-granting permission android.permission.MANAGE_ROLLBACKS from package com.google.android.gms (protectionLevel=514 flags=0xa0cabec5)
06-29 20:12:49.343  1958  2022 I PackageManager: Un-granting permission android.permission.MEDIA_CONTENT_CONTROL from package com.google.android.gms (protectionLevel=18 flags=0xa0cabec5)
06-29 20:12:49.343  1958  2022 I PackageManager: Un-granting permission android.permission.HIDE_NON_SYSTEM_OVERLAY_WINDOWS from package com.google.android.gms (protectionLevel=258 flags=0xa0cabec5)
06-29 20:12:49.344  1958  2022 I PackageManager: Un-granting permission android.permission.UPDATE_APP_OPS_STATS from package com.google.android.tts (protectionLevel=274 flags=0x34cbbec5)
06-29 20:12:49.344  1958  2022 I PackageManager: Un-granting permission android.permission.START_ACTIVITIES_FROM_BACKGROUND from package com.google.android.tts (protectionLevel=49682 flags=0x34cbbec5)
06-29 20:12:49.344  1958  2022 I PackageManager: Un-granting permission android.permission.CHANGE_DEVICE_IDLE_TEMP_WHITELIST from package app.revanced.android.gms (protectionLevel=18 flags=0xb088be44)
06-29 20:12:49.344  1958  2022 I PackageManager: Un-granting permission android.permission.UPDATE_APP_OPS_STATS from package app.revanced.android.gms (protectionLevel=274 flags=0xb088be44)
06-29 20:12:49.344  1958  2022 I PackageManager: Un-granting permission android.permission.LOCATION_HARDWARE from package app.revanced.android.gms (protectionLevel=18 flags=0xb088be44)
06-29 20:12:49.344  1958  2022 I PackageManager: Un-granting permission android.permission.INSTALL_LOCATION_PROVIDER from package app.revanced.android.gms (protectionLevel=18 flags=0xb088be44)
06-29 20:12:49.344  1958  2022 I PackageManager: Un-granting permission android.permission.NETWORK_SCAN from package app.revanced.android.gms (protectionLevel=18 flags=0xb088be44)
06-29 20:12:49.344  1958  2022 I PackageManager: Un-granting permission android.permission.MODIFY_PHONE_STATE from package app.revanced.android.gms (protectionLevel=18 flags=0xb088be44)
06-29 20:12:49.344  1958  2022 I PackageManager: Un-granting permission android.permission.SYSTEM_ALERT_WINDOW from package app.revanced.android.gms (protectionLevel=1250 flags=0xb088be44)
06-29 20:12:49.344  1958  2022 I PackageManager: Un-granting permission android.permission.MANAGE_USB from package app.revanced.android.gms (protectionLevel=18 flags=0xb088be44)
06-29 20:12:49.344  1958  2022 I PackageManager: Un-granting permission android.permission.START_ACTIVITIES_FROM_BACKGROUND from package app.revanced.android.gms (protectionLevel=49682 flags=0xb088be44)
06-29 20:12:49.344  1958  2022 I PackageManager: Un-granting permission android.permission.UPDATE_DEVICE_STATS from package app.revanced.android.gms (protectionLevel=18 flags=0xb088be44)
06-29 20:12:49.344  1958  2022 I PackageManager: Un-granting permission android.permission.WATCH_APPOPS from package app.revanced.android.gms (protectionLevel=18 flags=0xb088be44)
06-29 20:12:49.345  1958  2022 I PackageManager: Un-granting permission android.permission.SYSTEM_ALERT_WINDOW from package com.gmail.heagoo.apkeditor.pro (protectionLevel=1250 flags=0x3898be44)
06-29 20:12:49.345  1958  2022 I PackageManager: Un-granting permission android.permission.PACKAGE_USAGE_STATS from package com.gmail.heagoo.apkeditor.pro (protectionLevel=114 flags=0x3898be44)
06-29 20:12:49.345  1958  2022 I PackageManager: Un-granting permission android.permission.REQUEST_INSTALL_PACKAGES from package com.gmail.heagoo.apkeditor.pro (protectionLevel=66 flags=0x3898be44)
06-29 20:12:49.347  1958  2022 I PackageManager: Un-granting permission android.permission.WRITE_SETTINGS from package com.jio.myjio (protectionLevel=1218 flags=0x38d83e44)
06-29 20:12:49.347  1958  2022 I PackageManager: Un-granting permission android.permission.INTERACT_ACROSS_USERS from package com.jio.myjio (protectionLevel=50 flags=0x38d83e44)
06-29 20:12:49.347  1958  2022 I PackageManager: Un-granting permission android.permission.READ_PRIVILEGED_PHONE_STATE from package com.jio.myjio (protectionLevel=18 flags=0x38d83e44)
06-29 20:12:49.347  1958  2022 I PackageManager: Un-granting permission android.permission.CAPTURE_VIDEO_OUTPUT from package com.jio.myjio (protectionLevel=2 flags=0x38d83e44)
06-29 20:12:49.347  1958  2022 I PackageManager: Un-granting permission android.permission.BROADCAST_SMS from package com.jio.myjio (protectionLevel=2 flags=0x38d83e44)
06-29 20:12:49.347  1958  2022 I PackageManager: Un-granting permission android.permission.SYSTEM_ALERT_WINDOW from package com.google.android.apps.photos (protectionLevel=1250 flags=0x38dbbe44)
06-29 20:12:49.347  1958  2022 I PackageManager: Un-granting permission android.permission.WRITE_SETTINGS from package com.google.android.apps.photos (protectionLevel=1218 flags=0x38dbbe44)
06-29 20:12:49.347  1958  2022 I PackageManager: Un-granting permission android.permission.WRITE_MEDIA_STORAGE from package com.google.android.apps.photos (protectionLevel=18 flags=0x38dbbe44)
06-29 20:12:49.348  1958  2022 I PackageManager: Un-granting permission android.permission.SYSTEM_ALERT_WINDOW from package com.wondershare.filmorago (protectionLevel=1250 flags=0x38d83e44)
06-29 20:12:49.348  1958  2022 I PackageManager: Un-granting permission com.android.launcher.permission.READ_SETTINGS from package com.wondershare.filmorago (protectionLevel=18 flags=0x38d83e44)
06-29 20:12:49.349  1958  2022 I PackageManager: Un-granting permission com.android.launcher.permission.WRITE_SETTINGS from package com.wondershare.filmorago (protectionLevel=18 flags=0x38d83e44)
06-29 20:12:49.349  1958  2022 I PackageManager: Un-granting permission android.permission.SYSTEM_ALERT_WINDOW from package com.dv.adm (protectionLevel=1250 flags=0x2888be44)
06-29 20:12:49.349  1958  2022 I PackageManager: Un-granting permission android.permission.WRITE_SETTINGS from package com.valvesoftware.android.steam.community (protectionLevel=1218 flags=0x20883e44)
06-29 20:12:49.349  1958  2022 I PackageManager: Un-granting permission android.permission.REQUEST_INSTALL_PACKAGES from package com.yablio.sendfilestotv (protectionLevel=66 flags=0x30c8be44)
06-29 20:12:49.350  1958  2022 I PackageManager: Un-granting permission android.permission.REQUEST_INSTALL_PACKAGES from package org.mozilla.firefox (protectionLevel=66 flags=0x38c83e44)
06-29 20:12:49.350  1958  2022 I PackageManager: Un-granting permission android.permission.SYSTEM_ALERT_WINDOW from package com.google.android.apps.translate (protectionLevel=1250 flags=0x34c9be44)
06-29 20:12:49.352  1958  2022 I PackageManager: Un-granting permission miui.permission.EXTRA_NETWORK from package com.miui.weather2 (protectionLevel=18 flags=0x30c9bec5)
06-29 20:12:49.352  1958  2022 I PackageManager: Un-granting permission com.miui.securitycenter.permission.SYSTEM_PERMISSION_DECLARE from package com.miui.weather2 (protectionLevel=18 flags=0x30c9bec5)
06-29 20:12:49.352  1958  2022 I PackageManager: Un-granting permission com.miui.bugreport.permission.DUMP_CACHED_LOG from package com.miui.weather2 (protectionLevel=2 flags=0x30c9bec5)
06-29 20:12:49.352  1958  2022 I PackageManager: Un-granting permission com.google.android.finsky.permission.GEARHEAD_SERVICE from package com.google.android.projection.gearhead (protectionLevel=18 flags=0x2888bec5)
06-29 20:12:49.352  1958  2022 I PackageManager: Un-granting permission android.permission.CHANGE_COMPONENT_ENABLED_STATE from package com.google.android.projection.gearhead (protectionLevel=18 flags=0x2888bec5)
06-29 20:12:49.352  1958  2022 I PackageManager: Un-granting permission android.permission.UPDATE_APP_OPS_STATS from package com.google.android.projection.gearhead (protectionLevel=274 flags=0x2888bec5)
06-29 20:12:49.352  1958  2022 I PackageManager: Un-granting permission android.permission.POWER_SAVER from package com.google.android.projection.gearhead (protectionLevel=18 flags=0x2888bec5)
06-29 20:12:49.352  1958  2022 I PackageManager: Un-granting permission android.permission.TETHER_PRIVILEGED from package com.google.android.projection.gearhead (protectionLevel=18 flags=0x2888bec5)
06-29 20:12:49.352  1958  2022 I PackageManager: Un-granting permission android.permission.INTERACT_ACROSS_PROFILES from package com.google.android.projection.gearhead (protectionLevel=18 flags=0x2888bec5)
06-29 20:12:49.352  1958  2022 I PackageManager: Un-granting permission android.permission.CAPTURE_SECURE_VIDEO_OUTPUT from package com.google.android.projection.gearhead (protectionLevel=2 flags=0x2888bec5)
06-29 20:12:49.353  1958  2022 I PackageManager: Un-granting permission android.permission.MANAGE_DOCUMENTS from package cn.xender (protectionLevel=262146 flags=0x30d83e44)
06-29 20:12:49.353  1958  2022 I PackageManager: Un-granting permission android.permission.MOUNT_UNMOUNT_FILESYSTEMS from package cn.xender (protectionLevel=18 flags=0x30d83e44)
06-29 20:12:49.353  1958  2022 I PackageManager: Un-granting permission android.permission.NETWORK_STACK from package cn.xender (protectionLevel=2 flags=0x30d83e44)
06-29 20:12:49.353  1958  2022 I PackageManager: Un-granting permission android.permission.SYSTEM_ALERT_WINDOW from package cn.xender (protectionLevel=1250 flags=0x30d83e44)
06-29 20:12:49.353  1958  2022 I PackageManager: Un-granting permission android.permission.WRITE_SETTINGS from package cn.xender (protectionLevel=1218 flags=0x30d83e44)
06-29 20:12:49.353  1958  2022 I PackageManager: Un-granting permission android.permission.CHANGE_CONFIGURATION from package cn.xender (protectionLevel=50 flags=0x30d83e44)
06-29 20:12:49.353  1958  2022 I PackageManager: Un-granting permission android.permission.REQUEST_INSTALL_PACKAGES from package cn.xender (protectionLevel=66 flags=0x30d83e44)
06-29 20:12:49.353  1958  2022 I PackageManager: Un-granting permission com.android.launcher.permission.READ_SETTINGS from package cn.xender (protectionLevel=18 flags=0x30d83e44)
06-29 20:12:49.353  1958  2022 I PackageManager: Un-granting permission com.android.launcher.permission.WRITE_SETTINGS from package cn.xender (protectionLevel=18 flags=0x30d83e44)
06-29 20:12:49.353  1958  2022 I PackageManager: Un-granting permission com.google.android.googleapps.permission.GOOGLE_AUTH.mail from package com.xiaomi.calendar (protectionLevel=2 flags=0x38c9bec5)
06-29 20:12:49.356  1958  2022 I PackageManager: Un-granting permission android.permission.SYSTEM_ALERT_WINDOW from package com.iprototypes.volume (protectionLevel=1250 flags=0x3088be44)
06-29 20:12:49.356  1958  2022 I PackageManager: Un-granting permission android.permission.REQUEST_INSTALL_PACKAGES from package com.wondershare.drfone.link (protectionLevel=66 flags=0x30c8be44)
06-29 20:12:49.356  1958  2022 I PackageManager: Un-granting permission android.permission.ACCESS_MOCK_LOCATION from package com.wondershare.drfone.link (protectionLevel=2 flags=0x30c8be44)
06-29 20:12:49.356  1958  2022 I PackageManager: Un-granting permission android.permission.WRITE_SETTINGS from package com.wondershare.drfone.link (protectionLevel=1218 flags=0x30c8be44)
06-29 20:12:49.356  1958  2022 I PackageManager: Un-granting permission android.permission.DEVICE_POWER from package com.wondershare.drfone.link (protectionLevel=2 flags=0x30c8be44)
06-29 20:12:49.356  1958  2022 I PackageManager: Un-granting permission android.permission.MOUNT_UNMOUNT_FILESYSTEMS from package com.wondershare.drfone.link (protectionLevel=18 flags=0x30c8be44)
06-29 20:12:49.356  1958  2022 I PackageManager: Un-granting permission android.permission.INSTALL_PACKAGES from package com.wondershare.drfone.link (protectionLevel=18 flags=0x30c8be44)
06-29 20:12:49.356  1958  2022 I PackageManager: Un-granting permission android.permission.DELETE_PACKAGES from packagecom.wondershare.drfone.link (protectionLevel=18 flags=0x30c8be44)
06-29 20:12:49.356  1958  2022 I PackageManager: Un-granting permission android.permission.CLEAR_APP_CACHE from packagecom.wondershare.drfone.link (protectionLevel=18 flags=0x30c8be44)
06-29 20:12:49.356  1958  2022 I PackageManager: Un-granting permission com.android.launcher.permission.READ_SETTINGS from package com.wondershare.drfone.link (protectionLevel=18 flags=0x30c8be44)
06-29 20:12:49.356  1958  2022 I PackageManager: Un-granting permission android.permission.UPDATE_DEVICE_STATS from package com.wondershare.drfone.link (protectionLevel=18 flags=0x30c8be44)
06-29 20:12:49.356  1958  2022 I PackageManager: Un-granting permission android.permission.MODIFY_PHONE_STATE from package com.wondershare.drfone.link (protectionLevel=18 flags=0x30c8be44)
06-29 20:12:49.357  1958  2022 I PackageManager: Un-granting permission android.permission.SYSTEM_ALERT_WINDOW from package info.kfsoft.force.rotation (protectionLevel=1250 flags=0x20883e44)
06-29 20:12:49.357  1958  2022 I PackageManager: Un-granting permission android.permission.PACKAGE_USAGE_STATS from package info.kfsoft.force.rotation (protectionLevel=114 flags=0x20883e44)
06-29 20:12:49.358  1958  2022 I PackageManager: Un-granting permission com.xiaomi.permission.CLOUD_MANAGER from package com.mipay.wallet.in (protectionLevel=18 flags=0x38c83e45)
06-29 20:12:49.358  1958  2022 I PackageManager: Un-granting permission android.permission.REQUEST_INSTALL_PACKAGES from package com.mipay.wallet.in (protectionLevel=66 flags=0x38c83e45)
06-29 20:12:49.359  1958  2022 I PackageManager: Un-granting permission android.permission.READ_PRIVILEGED_PHONE_STATE from package com.miui.core (protectionLevel=18 flags=0x28883e05)
06-29 20:12:49.359  1958  2022 I PackageManager: Un-granting permission android.permission.INTERACT_ACROSS_PROFILES from package com.google.android.inputmethod.latin (protectionLevel=18 flags=0x20cabec5)
06-29 20:12:49.502  1958  2022 W FileUtils: Slow Operation: fsync took 108ms
06-29 20:12:49.769  1958  2022 W FileUtils: Slow Operation: fsync took 236ms
06-29 20:12:49.811 25324 30771 W BpBinder: Slow Binder: BpBinder transact took 691ms, interface=android.app.IActivityManager, code=113 oneway=false
06-29 20:12:56.840  1958  2022 W BpBinder: Slow Binder: BpBinder transact took 6986ms, interface=android.os.IInstalld, code=14 oneway=false
06-29 20:12:56.842  1958  2022 W Looper  : Slow Looper PackageManager: Long Msg: seq=763 plan=20:12:49.105  late=0ms wall=7737ms running=184ms runnable=5ms io=493ms h=com.android.server.pm.PackageManagerService$PackageHandler c=com.android.server.pm.-$$Lambda$PackageManagerService$6_Yp7BSB4TgtrWSoFlODKgHIvZY
06-29 20:12:56.844  1958  2022 I InstallationStatistic: com.BHG.sharechat|null|9627|814|125|953|0|6993
06-29 20:12:56.844  1958  2022 W PackageManager: Cannot whitelist unknown permission: android.permission.ACCESS_ADSERVICES_ATTRIBUTION
06-29 20:12:56.844  1958  2022 W PackageManager: Cannot whitelist unknown permission: android.permission.ACCESS_ADSERVICES_AD_ID
06-29 20:12:56.900  1958  2022 I ActivityManager: Force stopping com.BHG.sharechat appid=10768 user=0: pkg removed
06-29 20:12:56.901 15712  3270 W BpBinder: Slow Binder: BpBinder transact took 10522ms, interface=android.content.pm.IPackageManager, code=1598246212 oneway=false
06-29 20:12:56.902  1958  2022 I AutoStartManagerService: MIUILOG- Reject RestartService packageName :com.BHG.sharechatuid : 10768
06-29 20:12:56.935  1958  2010 W BroadcastQueue: Background execution not allowed: receiving Intent { act=android.intent.action.PACKAGE_REMOVED dat=package:com.BHG.sharechat flg=0x4000010 (has extras) } to com.lbe.security.miui/com.lbe.security.service.BootReceiver
06-29 20:12:56.938  1958  2010 W BroadcastQueue: Background execution not allowed: receiving Intent { act=android.intent.action.PACKAGE_REMOVED dat=package:com.BHG.sharechat flg=0x4000010 (has extras) } to com.android.settings/.search.provider.UpdateReceiver
06-29 20:12:56.964  1958  2010 W BroadcastQueue: Background execution not allowed: receiving Intent { act=android.intent.action.PACKAGE_REMOVED dat=package:com.BHG.sharechat flg=0x4000010 (has extras) } to com.android.vending/com.google.android.finsky.packagemonitor.impl.PackageMonitorReceiverImpl$RegisteredReceiver
06-29 20:12:56.977  1958  2010 W BroadcastQueue: Background execution not allowed: receiving Intent { act=android.intent.action.PACKAGE_REMOVED dat=package:com.BHG.sharechat flg=0x4000010 (has extras) } to com.android.vending/com.google.android.finsky.packagemonitor.backgroundimpl.BackgroundPackageMonitorReceiverImpl$RegisteredReceiver
06-29 20:12:56.979  1958  2010 W BroadcastQueue: Background execution not allowed: receiving Intent { act=android.intent.action.PACKAGE_REMOVED dat=package:com.BHG.sharechat flg=0x4000010 (has extras) } to com.android.vending/com.google.android.finsky.instantapps.appmanagement.InstantAppRemoveMonitor
06-29 20:12:57.003  1958  2132 I MiuiCompatModePackages: package com.BHG.sharechat updated, removing config
06-29 20:12:57.023  1958  5090 W LocationProviderProxy: Odd, no component found for service com.android.location.service.v3.NetworkLocationProvider
06-29 20:12:57.028  1958  2010 W BroadcastQueue: Background execution not allowed: receiving Intent { act=android.intent.action.PACKAGE_REMOVED dat=package:com.BHG.sharechat flg=0x4000010 (has extras) } to com.google.android.apps.maps/com.google.android.libraries.social.peoplekit.thirdparty.viewcontrollers.ThirdPartyReceiver
06-29 20:12:57.028  1958  2010 W BroadcastQueue: Background execution not allowed: receiving Intent { act=android.intent.action.PACKAGE_REMOVED dat=package:com.BHG.sharechat flg=0x4000010 (has extras) } to com.google.android.gms/.chimera.GmsIntentOperationService$PersistentTrustedReceiver
06-29 20:12:57.028  1958  2010 W BroadcastQueue: Background execution not allowed: receiving Intent { act=android.intent.action.PACKAGE_REMOVED dat=package:com.BHG.sharechat flg=0x4000010 (has extras) } to com.google.android.gms/.games.chimera.GamesSystemBroadcastReceiverProxy
06-29 20:12:57.028  1958  2010 W BroadcastQueue: Background execution not allowed: receiving Intent { act=android.intent.action.PACKAGE_REMOVED dat=package:com.BHG.sharechat flg=0x4000010 (has extras) } to com.miui.audioeffect/com.android.musicfx.Compatibility$Receiver
06-29 20:12:57.029  1958  2010 W BroadcastQueue: Background execution not allowed: receiving Intent { act=android.intent.action.PACKAGE_REMOVED dat=package:com.BHG.sharechat flg=0x4000010 (has extras) } to com.xiaomi.discover/com.xiaomi.market.data.MyPackageMonitor
06-29 20:12:57.029  1958  2010 W BroadcastQueue: Background execution not allowed: receiving Intent { act=android.intent.action.PACKAGE_REMOVED dat=package:com.BHG.sharechat flg=0x4000010 (has extras) } to com.xiaomi.mipicks/com.xiaomi.market.data.MyPackageMonitor
06-29 20:12:57.031  1958  2010 W BroadcastQueue: Background execution not allowed: receiving Intent { act=android.intent.action.PACKAGE_REMOVED dat=package:com.BHG.sharechat flg=0x4000010 (has extras) } to com.xiaomi.misettings/.usagestats.AppTimerReceiver
06-29 20:12:57.052  1958  3906 W ActivityManager: Slow operation: 113ms so far, now at startProcess: done updating battery stats
06-29 20:12:57.053  1958  3906 W ActivityManager: Slow operation: 113ms so far, now at startProcess: building log message
06-29 20:12:57.053  1958  3906 I ActivityManager: Start proc 3360:com.android.keychain/1000 for service {com.android.keychain/com.android.keychain.KeyChainService} caller=android
06-29 20:12:57.053  1958  3906 W ActivityManager: Slow operation: 113ms so far, now at startProcess: starting to updatepids map
06-29 20:12:57.053  1958  3906 W ActivityManager: Slow operation: 113ms so far, now at startProcess: done updating pidsmap
06-29 20:12:57.069  1958  2010 W BroadcastQueue: Background execution not allowed: receiving Intent { act=android.intent.action.PACKAGE_REMOVED dat=package:com.BHG.sharechat flg=0x4000010 (has extras) } to app.revanced.android.gms/org.microg.gms.gcm.UnregisterReceiver
06-29 20:12:57.116  1958  2010 W BroadcastQueue: Background execution not allowed: receiving Intent { act=android.intent.action.PACKAGE_REMOVED dat=package:com.BHG.sharechat flg=0x4000010 (has extras) } to com.google.android.apps.photos/com.google.android.libraries.social.peoplekit.thirdparty.viewcontrollers.ThirdPartyReceiver
06-29 20:12:57.121  1958  2011 I ActivityManager: Start proc 3397:com.miui.global.packageinstaller/u0a162 for service {com.miui.global.packageinstaller/com.miui.global.packageinstaller.service.ScanDispatchService} caller=com.miui.securitycenter
06-29 20:12:57.123  1958  2010 W BroadcastQueue: Background execution not allowed: receiving Intent { act=android.intent.action.PACKAGE_REMOVED dat=package:com.BHG.sharechat flg=0x4000010 (has extras) } to com.jio.myjio/com.inn.passivesdk.receiver.PackageReceiver
06-29 20:12:57.123  1958  2010 W BroadcastQueue: Background execution not allowed: receiving Intent { act=android.intent.action.PACKAGE_ADDED dat=package:com.BHG.sharechat flg=0x4000010 (has extras) } to com.lbe.security.miui/com.lbe.security.service.BootReceiver
06-29 20:12:57.123  1958  2010 W BroadcastQueue: Background execution not allowed: receiving Intent { act=android.intent.action.PACKAGE_ADDED dat=package:com.BHG.sharechat flg=0x4000010 (has extras) } to com.msf.kbank.mobile/com.cv.sdk.receiver.EventReceiver
06-29 20:12:57.124  1958  2010 W BroadcastQueue: Background execution not allowed: receiving Intent { act=android.intent.action.PACKAGE_ADDED dat=package:com.BHG.sharechat flg=0x4000010 (has extras) } to com.google.android.packageinstaller/com.android.packageinstaller.PackageInstalledReceiver
06-29 20:12:57.124  1958  2010 W BroadcastQueue: Background execution not allowed: receiving Intent { act=android.intent.action.PACKAGE_ADDED dat=package:com.BHG.sharechat flg=0x4000010 (has extras) } to com.android.settings/.search.provider.UpdateReceiver
06-29 20:12:57.124  1958  2010 W BroadcastQueue: Background execution not allowed: receiving Intent { act=android.intent.action.PACKAGE_ADDED dat=package:com.BHG.sharechat flg=0x4000010 (has extras) } to com.android.vending/com.google.android.finsky.packagemonitor.impl.PackageMonitorReceiverImpl$RegisteredReceiver
06-29 20:12:57.124  1958  2010 W BroadcastQueue: Background execution not allowed: receiving Intent { act=android.intent.action.PACKAGE_ADDED dat=package:com.BHG.sharechat flg=0x4000010 (has extras) } to com.android.vending/com.google.android.finsky.packagemonitor.backgroundimpl.BackgroundPackageMonitorReceiverImpl$RegisteredReceiver
06-29 20:12:57.124  1958  2010 W BroadcastQueue: Background execution not allowed: receiving Intent { act=android.intent.action.PACKAGE_ADDED dat=package:com.BHG.sharechat flg=0x4000010 (has extras) } to com.facebook.appmanager/com.facebook.oxygen.common.packages.event.manifest.ManifestPackageEventReceiver
06-29 20:12:57.124  1958  2010 W BroadcastQueue: Background execution not allowed: receiving Intent { act=android.intent.action.PACKAGE_ADDED dat=package:com.BHG.sharechat flg=0x4000010 (has extras) } to com.google.android.gms/.chimera.GmsIntentOperationService$PersistentTrustedReceiver
06-29 20:12:57.124  1958  2010 W BroadcastQueue: Background execution not allowed: receiving Intent { act=android.intent.action.PACKAGE_ADDED dat=package:com.BHG.sharechat flg=0x4000010 (has extras) } to com.google.android.gms/.games.chimera.GamesSystemBroadcastReceiverProxy
06-29 20:12:57.124  1958  2010 W BroadcastQueue: Background execution not allowed: receiving Intent { act=android.intent.action.PACKAGE_ADDED dat=package:com.BHG.sharechat flg=0x4000010 (has extras) } to com.google.android.gms/.gass.chimera.PackageChangeBroadcastReceiver
06-29 20:12:57.125  1958  2010 W BroadcastQueue: Background execution not allowed: receiving Intent { act=android.intent.action.PACKAGE_ADDED dat=package:com.BHG.sharechat flg=0x4000010 (has extras) } to com.miui.audioeffect/com.android.musicfx.Compatibility$Receiver
06-29 20:12:57.125  1958  2010 W BroadcastQueue: Background execution not allowed: receiving Intent { act=android.intent.action.PACKAGE_ADDED dat=package:com.BHG.sharechat flg=0x4000010 (has extras) } to com.xiaomi.discover/com.xiaomi.market.data.MyPackageMonitor
06-29 20:12:57.126  1958  2010 W BroadcastQueue: Background execution not allowed: receiving Intent { act=android.intent.action.PACKAGE_ADDED dat=package:com.BHG.sharechat flg=0x4000010 (has extras) } to com.xiaomi.mipicks/com.xiaomi.market.data.MyPackageMonitor
06-29 20:12:57.126  1958  2010 W BroadcastQueue: Background execution not allowed: receiving Intent { act=android.intent.action.PACKAGE_ADDED dat=package:com.BHG.sharechat flg=0x4000010 (has extras) } to com.xiaomi.misettings/.usagestats.AppTimerReceiver
06-29 20:12:57.126  1958  2010 W BroadcastQueue: Background execution not allowed: receiving Intent { act=android.intent.action.PACKAGE_ADDED dat=package:com.BHG.sharechat flg=0x4000010 (has extras) } to com.dv.adm/com.appodeal.ads.AppodealPackageAddedReceiver
06-29 20:12:57.127  1958  2010 W BroadcastQueue: Background execution not allowed: receiving Intent { act=android.intent.action.PACKAGE_ADDED dat=package:com.BHG.sharechat flg=0x4000010 (has extras) } to com.jio.myjio/com.inn.passivesdk.receiver.PackageReceiver
06-29 20:12:57.756  1958  4526 W BroadcastQueue: Background execution not allowed: receiving Intent { act=android.intent.action.PACKAGE_REPLACED dat=package:com.BHG.sharechat flg=0x4000010 (has extras) } to com.facebook.appmanager/com.facebook.oxygen.common.packages.event.manifest.ManifestPackageEventReceiver
06-29 20:12:57.759  1958  2010 W BroadcastQueue: Background execution not allowed: receiving Intent { act=android.intent.action.PACKAGE_REPLACED dat=package:com.BHG.sharechat flg=0x4000010 (has extras) } to com.google.android.gms/.chimera.GmsIntentOperationService$PersistentTrustedReceiver
06-29 20:12:57.759  1958  2010 W BroadcastQueue: Background execution not allowed: receiving Intent { act=android.intent.action.PACKAGE_REPLACED dat=package:com.BHG.sharechat flg=0x4000010 (has extras) } to com.google.android.gms/.gass.chimera.PackageChangeBroadcastReceiver
06-29 20:12:57.759  1958  2010 W BroadcastQueue: Background execution not allowed: receiving Intent { act=android.intent.action.PACKAGE_REPLACED dat=package:com.BHG.sharechat flg=0x4000010 (has extras) } to com.miui.audioeffect/com.android.musicfx.Compatibility$Receiver
06-29 20:12:57.759  1958  2010 W BroadcastQueue: Background execution not allowed: receiving Intent { act=android.intent.action.PACKAGE_REPLACED dat=package:com.BHG.sharechat flg=0x4000010 (has extras) } to com.miui.notes/com.miui.floatwindow.BootBroadcastReceiver
06-29 20:12:57.765  1958  2010 W BroadcastQueue: Background execution not allowed: receiving Intent { act=android.intent.action.PACKAGE_REPLACED dat=package:com.BHG.sharechat flg=0x4000010 (has extras) } to com.google.android.apps.photos/.account.full.FetchAccountPropertiesAppUpgradeBroadcastReceiver
06-29 20:12:57.765  1958  2010 W BroadcastQueue: Background execution not allowed: receiving Intent { act=android.intent.action.PACKAGE_REPLACED dat=package:com.BHG.sharechat flg=0x4000010 (has extras) } to com.google.android.apps.photos/.account.full.SyncAccountsForLoginBroadcastReceiver
06-29 20:12:57.766  1958  2010 W BroadcastQueue: Background execution not allowed: receiving Intent { act=android.intent.action.PACKAGE_REPLACED dat=package:com.BHG.sharechat flg=0x4000010 (has extras) } to com.google.android.apps.photos/.notificationchannels.AppUpdateBroadcastReceiver
06-29 20:12:57.766  1958  2010 W BroadcastQueue: Background execution not allowed: receiving Intent { act=android.intent.action.PACKAGE_REPLACED dat=package:com.BHG.sharechat flg=0x4000010 (has extras) } to com.jio.myjio/com.inn.passivesdk.receiver.PackageReceiver
06-29 20:12:57.901  3397  3489 I Ad      : isPersonalizedAdEnabled getAdSettings: 3
06-29 20:12:58.603  1958  1958 W Looper  : Slow Looper main: Long Msg: seq=147653 plan=20:12:56.998  late=1ms wall=1604ms running=109ms runnable=11ms io=742ms h=android.app.ActivityThread$H c=android.app.-$$Lambda$LoadedApk$ReceiverDispatcher$Args$_BumDX2UKsnxLVrE6UJsJZkotuA
06-29 20:12:58.603  1958  1958 W Looper  : Slow dispatch took 1604ms main h=android.app.ActivityThread$H c=android.app.-$$Lambda$LoadedApk$ReceiverDispatcher$Args$_BumDX2UKsnxLVrE6UJsJZkotuA@6695a92 m=0
06-29 20:12:58.604  1958  1958 W Looper  : Slow delivery took 1606ms main h=android.app.ActivityThread$H c=android.app.-$$Lambda$LoadedApk$ReceiverDispatcher$Args$_BumDX2UKsnxLVrE6UJsJZkotuA@3603c63 m=0
06-29 20:12:58.663  3397  3509 W BpBinder: Slow Binder: BpBinder transact took 686ms, interface=android.content.IContentProvider, code=1 oneway=false
06-29 20:12:59.352  1958  1958 W Looper  : Slow dispatch took 746ms main h=android.app.ActivityThread$H c=android.app.-$$Lambda$LoadedApk$ReceiverDispatcher$Args$_BumDX2UKsnxLVrE6UJsJZkotuA@5bf9f77 m=0
06-29 20:12:59.353  1958  1958 I Telecom : DefaultDialerCache: Refreshing default dialer for user 0: now com.android.contacts: DDC.oR@AuM
06-29 20:12:59.741  1958  2011 I ActivityManager: Start proc 3778:com.google.android.webview:sandboxed_process0:org.chromium.content.app.SandboxedProcessService0:0/u0i57 for  {com.miui.global.packageinstaller/org.chromium.content.app.SandboxedProcessService0:0} caller=com.miui.global.packageinstaller
06-29 20:12:59.775  1958  1958 W Looper  : Drained
06-29 20:13:00.242 25324 25324 I Timeline: Timeline: Activity_launch_request time:28736073
06-29 20:13:00.244  1958  2066 I ActivityTaskManager: START u0 {act=android.intent.action.MAIN cat=[android.intent.category.LAUNCHER] flg=0x10200000 cmp=com.BHG.sharechat/.SplashActivity bnds=[75,762][251,938] (has extras)} from uid 10094
06-29 20:13:00.270 25324 25324 W ActivityThread: SCHED: com.miui.home/.launcher.Launcher [73, r=76ms, a=28ms, w=11252ms]
06-29 20:13:00.359  1958  2011 I ActivityManager: Start proc 3835:com.BHG.sharechat/u0a768 for activity {com.BHG.sharechat/com.BHG.sharechat.SplashActivity} caller=com.miui.home
06-29 20:13:00.390  1958  2011 I ActivityManager: Start proc 3857:com.google.android.webview:webview_service/u0a192 forservice {com.google.android.webview/org.chromium.android_webview.services.ComponentsProviderService} caller=com.miui.global.packageinstaller
06-29 20:13:00.391  1958  1997 I Timeline: Timeline: App_transition_ready time:28736221
06-29 20:13:00.586  1958  1997 I Timeline: Timeline: App_transition_stopped time:28736416
06-29 20:13:00.595  3397  3397 W Looper  : Slow Looper main: Long Msg: seq=22 plan=20:12:58.926  late=1ms wall=1668ms running=466ms runnable=51ms io=952ms h=com.google.android.gms.ads.internal.util.f c=com.google.android.gms.ads.internal.js.r
06-29 20:13:00.646  1958  4807 E WindowManager: App trying to use insecure INPUT_FEATURE_NO_INPUT_CHANNEL flag. Ignoring
06-29 20:13:00.889  3397  3481 W FileUtils: Slow Operation: fsync took 108ms
06-29 20:13:00.965  1958  1997 I Timeline: Timeline: Activity_windows_visible id: ActivityRecord{3b56c0a u0 com.BHG.sharechat/.SplashActivity t1115} time:28736795
06-29 20:13:03.638  3835  3835 I Timeline: Timeline: Activity_launch_request time:28739468
06-29 20:13:03.642  1958  4807 I ActivityTaskManager: START u0 {cmp=com.BHG.sharechat/.AuthActivity} from uid 10768
06-29 20:13:03.680  3835  3835 W ActivityThread: SCHED: com.BHG.sharechat/.SplashActivity [72, r=34ms, a=13ms, w=3042ms]
06-29 20:13:03.689  1958  4807 I ActivityTaskManager: The Process com.BHG.sharechat Already Exists in BG. So sending its PID: 3835
06-29 20:13:03.693  1958  4807 I Timeline: Timeline: App_transition_ready time:28739523
06-29 20:13:03.873  3835  3835 I Timeline: Timeline: Activity_launch_request time:28739703
06-29 20:13:03.873  1958  2066 I ActivityTaskManager: START u0 {cmp=com.BHG.sharechat/.MainActivity} from uid 10768
06-29 20:13:03.887  1958  3906 I ActivityTaskManager: The Process com.BHG.sharechat Already Exists in BG. So sending its PID: 3835
06-29 20:13:03.895  1958  3906 I Timeline: Timeline: App_transition_ready time:28739725
06-29 20:13:03.897  1958  1997 I Timeline: Timeline: App_transition_ready time:28739727
06-29 20:13:04.045  1958  3906 E WindowManager: App trying to use insecure INPUT_FEATURE_NO_INPUT_CHANNEL flag. Ignoring
06-29 20:13:04.074  1958  3906 I Timeline: Timeline: App_transition_ready time:28739904
06-29 20:13:04.077  1958  3906 I Timeline: Timeline: App_transition_ready time:28739907
06-29 20:13:04.115  1958  1997 I Timeline: Timeline: App_transition_ready time:28739945
06-29 20:13:04.350  1958  1997 I Timeline: Timeline: Activity_windows_visible id: ActivityRecord{d032f1d u0 com.BHG.sharechat/.MainActivity t1115} time:28740180
06-29 20:13:04.353  1958  1997 I Timeline: Timeline: App_transition_stopped time:28740183
06-29 20:13:05.855  3835  3835 I Timeline: Timeline: Activity_launch_request time:28741685
06-29 20:13:05.856  1958  2066 W ActivityTaskManager: aInfo is null for resolve intent: Intent { cmp=com.BHG.sharechat/.PostDetailActivity (has extras) }
06-29 20:13:05.856  1958  2066 W ActivityTaskManagerServiceInjector: Intent or aInfo is null!
06-29 20:13:05.856  1958  2066 I ActivityTaskManager: START u0 {cmp=com.BHG.sharechat/.PostDetailActivity (has extras)}from uid 10768
06-29 20:13:05.881  3835  3835 E AndroidRuntime: FATAL EXCEPTION: main
06-29 20:13:05.881  3835  3835 E AndroidRuntime: Process: com.BHG.sharechat, PID: 3835
06-29 20:13:05.881  3835  3835 E AndroidRuntime: android.content.ActivityNotFoundException: Unable to find explicit activity class {com.BHG.sharechat/com.BHG.sharechat.PostDetailActivity}; have you declared this activity in your AndroidManifest.xml?
06-29 20:13:05.881  3835  3835 E AndroidRuntime:        at android.app.Instrumentation.checkStartActivityResult(Instrumentation.java:2064)
06-29 20:13:05.881  3835  3835 E AndroidRuntime:        at android.app.Instrumentation.execStartActivity(Instrumentation.java:1720)
06-29 20:13:05.881  3835  3835 E AndroidRuntime:        at android.app.Activity.startActivityForResult(Activity.java:5258)
06-29 20:13:05.881  3835  3835 E AndroidRuntime:        at androidx.activity.ComponentActivity.startActivityForResult(ComponentActivity.java:780)
06-29 20:13:05.881  3835  3835 E AndroidRuntime:        at android.app.Activity.startActivityForResult(Activity.java:5216)
06-29 20:13:05.881  3835  3835 E AndroidRuntime:        at androidx.activity.ComponentActivity.startActivityForResult(ComponentActivity.java:761)
06-29 20:13:05.881  3835  3835 E AndroidRuntime:        at android.app.Activity.startActivity(Activity.java:5587)
06-29 20:13:05.881  3835  3835 E AndroidRuntime:        at android.app.Activity.startActivity(Activity.java:5555)
06-29 20:13:05.881  3835  3835 E AndroidRuntime:        at com.BHG.sharechat.PostAdapter$PostViewHolder._init_$lambda$0(PostAdapter.kt:24)
06-29 20:13:05.881  3835  3835 E AndroidRuntime:        at com.BHG.sharechat.PostAdapter$PostViewHolder.$r8$lambda$2AnpZyr_KejYCXTzRs6dtN8zzG4(Unknown Source:0)
06-29 20:13:05.881  3835  3835 E AndroidRuntime:        at com.BHG.sharechat.PostAdapter$PostViewHolder$$ExternalSyntheticLambda0.onClick(D8$$SyntheticClass:0)
06-29 20:13:05.881  3835  3835 E AndroidRuntime:        at android.view.View.performClick(View.java:7189)
06-29 20:13:05.881  3835  3835 E AndroidRuntime:        at android.view.View.performClickInternal(View.java:7166)
06-29 20:13:05.881  3835  3835 E AndroidRuntime:        at android.view.View.access$3500(View.java:819)
06-29 20:13:05.881  3835  3835 E AndroidRuntime:        at android.view.View$PerformClick.run(View.java:27682)
06-29 20:13:05.881  3835  3835 E AndroidRuntime:        at android.os.Handler.handleCallback(Handler.java:883)
06-29 20:13:05.881  3835  3835 E AndroidRuntime:        at android.os.Handler.dispatchMessage(Handler.java:100)
06-29 20:13:05.881  3835  3835 E AndroidRuntime:        at android.os.Looper.loop(Looper.java:224)
06-29 20:13:05.881  3835  3835 E AndroidRuntime:        at android.app.ActivityThread.main(ActivityThread.java:7592)
06-29 20:13:05.881  3835  3835 E AndroidRuntime:        at java.lang.reflect.Method.invoke(Native Method)
06-29 20:13:05.881  3835  3835 E AndroidRuntime:        at com.android.internal.os.RuntimeInit$MethodAndArgsCaller.run(RuntimeInit.java:539)
06-29 20:13:05.881  3835  3835 E AndroidRuntime:        at com.android.internal.os.ZygoteInit.main(ZygoteInit.java:950)
06-29 20:13:05.883  1958  2066 W ActivityTaskManager:   Force finishing activity com.BHG.sharechat/.MainActivity
06-29 20:13:05.890  1958  4146 I DropBoxManagerService: add tag=data_app_crash isTagEnabled=true flags=0x2
06-29 20:13:05.925  1958  2010 W BroadcastQueue: Background execution not allowed: receiving Intent { act=android.intent.action.DROPBOX_ENTRY_ADDED flg=0x10 (has extras) } to com.google.android.gms/.stats.service.DropBoxEntryAddedReceiver
06-29 20:13:05.944  1958  2066 I WindowManager: WIN DEATH: Window{804b58c u0 com.BHG.sharechat/com.BHG.sharechat.MainActivity}
06-29 20:13:05.946  1958  5258 I ActivityManager: Process com.BHG.sharechat (pid 3835) has died: vis+99 TOP
06-29 20:13:05.969  1958  5258 I Timeline: Timeline: App_transition_ready time:28741799
06-29 20:13:05.974  1958  2066 I Timeline: Timeline: App_transition_ready time:28741804
06-29 20:13:05.986  1958  1997 I Timeline: Timeline: App_transition_ready time:28741816
06-29 20:13:05.987  1958  1996 W ActivityManager: setHasOverlayUi called on unknown pid: 3835
06-29 20:13:05.992  1958  3417 I Timeline: Timeline: App_transition_ready time:28741823
06-29 20:13:06.013  1958  1997 I Timeline: Timeline: App_transition_ready time:28741843
06-29 20:13:06.016  1958  1997 I Timeline: Timeline: App_transition_ready time:28741846
06-29 20:13:06.016  1958  1997 I Timeline: Timeline: Activity_windows_visible id: ActivityRecord{ddb1799 u0 com.miui.home/.launcher.Launcher t1} time:28741846
06-29 20:13:06.016  1958  1997 I Timeline: Timeline: App_transition_stopped time:28741846
06-29 20:13:06.386  1958  1996 W ActivityTaskManager: Activity top resumed state loss timeout for ActivityRecord{d032f1d u0 com.BHG.sharechat/.MainActivity t-1 f}
06-29 20:13:06.742 25324 25324 I Timeline: Timeline: Activity_launch_request time:28742572
06-29 20:13:06.744  1958  2646 I ActivityTaskManager: START u0 {act=android.intent.action.MAIN cat=[android.intent.category.LAUNCHER] flg=0x10200000 cmp=com.BHG.sharechat/.SplashActivity bnds=[73,760][249,936] (has extras)} from uid 10094
06-29 20:13:06.770 25324 25324 W ActivityThread: SCHED: com.miui.home/.launcher.Launcher [86, r=45ms, a=7ms, w=790ms]
06-29 20:13:06.815  1958  2011 I ActivityManager: Start proc 4158:com.BHG.sharechat/u0a768 for activity {com.BHG.sharechat/com.BHG.sharechat.SplashActivity} caller=com.miui.home
06-29 20:13:06.843  1958  1997 I Timeline: Timeline: App_transition_ready time:28742673
06-29 20:13:07.015  1958  2646 E WindowManager: App trying to use insecure INPUT_FEATURE_NO_INPUT_CHANNEL flag. Ignoring
06-29 20:13:07.021  1958  1997 I Timeline: Timeline: App_transition_stopped time:28742851
06-29 20:13:07.068  1958  1997 I Timeline: Timeline: Activity_windows_visible id: ActivityRecord{28bc0dd u0 com.BHG.sharechat/.SplashActivity t1116} time:28742898
06-29 20:13:10.011  4158  4158 I Timeline: Timeline: Activity_launch_request time:28745841
06-29 20:13:10.014  1958  2646 I ActivityTaskManager: START u0 {cmp=com.BHG.sharechat/.AuthActivity} from uid 10768
06-29 20:13:10.044  4158  4158 W ActivityThread: SCHED: com.BHG.sharechat/.SplashActivity [68, r=33ms, a=15ms, w=3037ms]
06-29 20:13:10.050  1958  2646 I ActivityTaskManager: The Process com.BHG.sharechat Already Exists in BG. So sending its PID: 4158
06-29 20:13:10.059  1958  2646 I Timeline: Timeline: App_transition_ready time:28745889
06-29 20:13:10.186  4158  4158 I Timeline: Timeline: Activity_launch_request time:28746016
06-29 20:13:10.186  1958  2646 I ActivityTaskManager: START u0 {cmp=com.BHG.sharechat/.MainActivity} from uid 10768
06-29 20:13:10.197  1958  2646 I ActivityTaskManager: The Process com.BHG.sharechat Already Exists in BG. So sending its PID: 4158
06-29 20:13:10.200  1958  2646 I Timeline: Timeline: App_transition_ready time:28746030
06-29 20:13:10.201  1958  1997 I Timeline: Timeline: App_transition_ready time:28746031
06-29 20:13:10.276  1958  2646 E WindowManager: App trying to use insecure INPUT_FEATURE_NO_INPUT_CHANNEL flag. Ignoring
06-29 20:13:10.295  1958  2646 I Timeline: Timeline: App_transition_ready time:28746125
06-29 20:13:10.296  1958  2646 I Timeline: Timeline: App_transition_ready time:28746126
06-29 20:13:10.326  1958  1997 I Timeline: Timeline: App_transition_ready time:28746157
06-29 20:13:10.571  1958  1997 I Timeline: Timeline: Activity_windows_visible id: ActivityRecord{a40e5ed u0 com.BHG.sharechat/.MainActivity t1116} time:28746401
06-29 20:13:10.576  1958  1997 I Timeline: Timeline: App_transition_stopped time:28746406
