07-03 21:18:24.738  1958  4415 W NotificationService: Toast already killed. pkg=com.miui.home callback=android.app.ITransientNotification$Stub$Proxy@94009c7
07-03 21:18:24.743   788   903 W EventThreadInspector: slow VSync-sf on display(19260784713820289), count=1, avg=107 ms, max=107 ms.
07-03 21:18:31.720   996   996 W wificond: Scan aborted
07-03 21:19:22.708   996   996 I chatty  : uid=1010 wificond identical 3 lines
07-03 21:19:44.708   996   996 W wificond: Scan aborted
07-03 21:21:50.142  1958  1958 W Looper  : Slow dispatch took 209ms main h=com.android.server.job.controllers.ConnectivityController$CcHandler c=null m=1
07-03 21:21:50.149  1958  1958 W Looper  : Slow delivery took 256ms main h=com.android.server.job.controllers.ConnectivityController$CcHandler c=null m=1
07-03 21:21:50.169  1958  1958 W Looper  : Drained
07-03 21:21:50.177  1958  2011 W ActivityManager: Slow operation: 274ms so far, now at startProcess: returned from zygote!
07-03 21:21:50.177  1958  2011 W ActivityManager: Slow operation: 274ms so far, now at startProcess: done updating battery stats
07-03 21:21:50.177  1958  2011 W ActivityManager: Slow operation: 275ms so far, now at startProcess: building log message
07-03 21:21:50.178  1958  2011 I ActivityManager: Start proc 3492:com.xiaomi.mipicks/u0a127 for service {com.xiaomi.mipicks/androidx.work.impl.background.systemjob.SystemJobService} caller=android
07-03 21:21:50.178  1958  2011 W ActivityManager: Slow operation: 275ms so far, now at startProcess: starting to updatepids map
07-03 21:21:50.178  1958  2011 W ActivityManager: Slow operation: 276ms so far, now at startProcess: done updating pidsmap
07-03 21:21:50.178  1958  2011 W ActivityManager: Slow operation: 257ms so far, now at startProcess: asking zygote to start proc
07-03 21:21:50.208  1958  2011 W ActivityManager: Slow operation: 287ms so far, now at startProcess: returned from zygote!
07-03 21:21:50.208  1958  2011 W ActivityManager: Slow operation: 287ms so far, now at startProcess: done updating battery stats
07-03 21:21:50.209  1958  2011 W ActivityManager: Slow operation: 287ms so far, now at startProcess: building log message
07-03 21:21:50.209  1958  2011 I ActivityManager: Start proc 3504:com.whatsapp/u0a762 for service {com.whatsapp/androidx.work.impl.background.systemjob.SystemJobService} caller=android
07-03 21:21:50.209  1958  2011 W ActivityManager: Slow operation: 287ms so far, now at startProcess: starting to updatepids map
07-03 21:21:50.209  1958  2011 W ActivityManager: Slow operation: 288ms so far, now at startProcess: done updating pidsmap
07-03 21:22:01.149  3504  3504 W Looper  : Slow Looper main: Long Msg: seq=2 plan=21:21:50.255  late=2ms wall=1162ms running=309ms runnable=18ms io=514ms h=android.app.ActivityThread$H w=110
07-03 21:22:01.172  1958  2011 I ActivityManager: Start proc 3583:com.miui.msa.global/u0a123 for content provider {com.miui.msa.global/com.zeus.gmc.sdk.mobileads.msa.odi.provider.OnDeviceIntelligenceContentProvider} caller=com.xiaomi.mipicks
07-03 21:22:01.258  3492  3492 W Looper  : Slow Looper main: Long Msg: seq=2 plan=21:21:50.241  late=3ms wall=1280ms running=233ms runnable=37ms io=545ms h=android.app.ActivityThread$H w=110
07-03 21:22:01.330  1958  2011 I ActivityManager: Start proc 3668:com.miui.analytics/u0a105 for service {com.miui.analytics/com.miui.analytics.onetrack.OneTrackService} caller=com.xiaomi.mipicks
07-03 21:22:52.792  1958  2011 I ActivityManager: Start proc 3733:com.qualcomm.qti.workloadclassifier/1000 for service {com.qualcomm.qti.workloadclassifier/com.qualcomm.qti.workloadclassifier.WLCService} caller=com.qualcomm.qti.workloadclassifier
07-03 21:22:52.864  3492  3551 W BpBinder: Slow Binder: BpBinder transact took 596ms, interface=android.app.IActivityManager, code=20 oneway=false
07-03 21:22:53.817  1958  4415 I DropBoxManagerService: add tag=keymaster isTagEnabled=true flags=0x0
07-03 21:22:53.946  1958  4415 W BluetoothManagerService: bindBluetoothProfileService:Trying to bind to profile: 1, while Bluetooth is disabled
07-03 21:22:54.033  1958  2011 I ActivityManager: Start proc 4078:com.facebook.services/u0a100 for service {com.facebook.services/com.facebook.oxygen.services.fbns.PreloadedFbnsService} caller=com.whatsapp
07-03 21:22:54.117  3492  3551 W BpBinder: Slow Binder: BpBinder transact took 1253ms, interface=android.content.IContentProvider, code=1 oneway=false
07-03 21:23:55.466  1958  2010 E NotificationService: Suppressing notification from package by user request.
07-03 21:25:21.709  1958  1958 W WindowManager: removeWindowToken: Attempted to remove non-existing token: android.os.Binder@a57ea4b
07-03 21:25:22.168  1958  2010 W BroadcastQueue: Background execution not allowed: receiving Intent { act=android.intent.action.DROPBOX_ENTRY_ADDED flg=0x10 (has extras) } to com.google.android.gms/.stats.service.DropBoxEntryAddedReceiver
07-03 21:26:00.606  1958  4415 W ActivityManager: Receiver with filter android.content.IntentFilter@588b11b already registered for pid 3583, callerPackage is com.miui.msa.global
07-03 21:26:00.610  1958  4415 W ActivityManager: Receiver with filter android.content.IntentFilter@ce833f6 already registered for pid 3583, callerPackage is com.miui.msa.global
07-03 21:28:03.824  1958  5256 I ProcessManager: Kill reason LockScreenClean from pid=25666
07-03 21:28:03.828  1958  5256 I ProcessManager: LockScreenClean: kill-background com.whatsapp Adj=500 State=11
07-03 21:28:03.831  1958  5256 I ActivityManager: Killing 3504:com.whatsapp/u0a762 (adj 500): LockScreenClean
07-03 21:28:03.835  1958  5256 W ActivityManager: Scheduling restart of crashed service com.whatsapp/.messaging.MessageService in 44656ms
07-03 21:29:23.842  1958  2011 I ActivityManager: Start proc 4436:com.whatsapp/u0a762 for service {com.whatsapp/androidx.work.impl.background.systemjob.SystemJobService} caller=android
07-03 21:29:24.735  1958  4522 W BluetoothManagerService: bindBluetoothProfileService:Trying to bind to profile: 1, while Bluetooth is disabled
07-03 21:29:27.193  1958  2011 I ActivityManager: Start proc 4539:com.qti.diagservices/1000 for service {com.qti.diagservices/com.qti.diagservices.QTIDiagServices} caller=com.qti.diagservices
07-03 21:32:21.193  1958  2010 I ActivityManager: Waited long enough for: ServiceRecord{5c047ab u0 com.whatsapp/.messaging.MessageService}
07-03 21:34:31.773  1958  2014 E BatteryExternalStatsWorker: no controller energy info supplied for bluetooth
07-03 21:34:31.883  1958  2014 E BatteryExternalStatsWorker: no controller energy info supplied for bluetooth
07-03 21:34:32.274  2513  2513 W BpBinder: Slow Binder: BpBinder transact took 209ms, interface=android.os.IPowerManager, code=1 oneway=false
07-03 21:34:32.313 25666 26024 W BpBinder: Slow Binder: BpBinder transact took 271ms, interface=com.android.internal.app.IBatteryStats, code=16 oneway=false
07-03 21:36:13.462  2181  2181 I MiuiChargeManager: notifyBatteryStatusChanged:  status: 4 isPlugged: 0 level: 100 wireState: -1 chargeSpeed: 0 mWiredChargeType: 0 mWirelessChargeType: 0 chargeDeviceType: -1
07-03 21:36:13.564  1958  2011 I ActivityManager: Start proc 4604:com.qualcomm.telephony/u0a195 for service {com.qualcomm.atfwd/com.qualcomm.atfwd.AtFwdService} caller=com.qualcomm.atfwd
07-03 21:36:13.804  1958  2764 I UsbPortManager: ClientCallback V1_0: otg_default
07-03 21:36:13.805  1958  1993 I UsbPortManager: USB port changed: port=UsbPort{id=otg_default, supportedModes=dualsupportedContaminantProtectionModes=0supportsEnableContaminantPresenceProtection=falsesupportsEnableContaminantPresenceDetection=false, status=UsbPortStatus{connected=true, currentMode=ufp, currentPowerRole=sink, currentDataRole=device, supportedRoleCombinations=[source:host, sink:device], contaminantDetectionStatus=0, contaminantProtectionStatus=0}, canChangeMode=true, canChangePowerRole=false, canChangeDataRole=false, connectedAtMillis=466659766, lastConnectDurationMillis=0
07-03 21:36:13.807  1958  1995 I EntropyMixer: Writing entropy...
07-03 21:36:13.816  1958  2010 W BroadcastQueue: Background execution not allowed: receiving Intent { act=android.intent.action.ACTION_POWER_CONNECTED flg=0x4000010 (has extras) } to com.teamsmart.videomanager.tv/com.liskovsoft.smartyoutubetv2.common.misc.RemoteControlReceiver
07-03 21:36:13.845  1958  2014 E BatteryExternalStatsWorker: no controller energy info supplied for bluetooth
07-03 21:36:13.855  2181  2181 I MiuiChargeManager: notifyBatteryStatusChanged:  status: 4 isPlugged: 2 level: 100 wireState: 11 chargeSpeed: 0 mWiredChargeType: 0 mWirelessChargeType: 0 chargeDeviceType: -1
07-03 21:36:13.858  1958  2017 I PowerManagerService: Waking up from Asleep (uid=1000, reason=WAKE_REASON_PLUGGED_IN, details=android.server.power:PLUGGED:true)...
07-03 21:36:13.860  1958  2010 W BroadcastQueue: Background execution not allowed: receiving Intent { act=android.intent.action.ACTION_POWER_CONNECTED flg=0x4000010 (has extras) } to com.google.android.apps.turbo/.nudges.broadcasts.BatteryStatusChangedReceiver
07-03 21:36:13.868  1958  2017 I DisplayPowerController: Blocking screen on until initial contents have been drawn.
07-03 21:36:13.868  1958  2017 I WindowManager: Screen turning on...
07-03 21:36:13.869  2181 22876 W KeyguardViewMediator: notifyScreenOn
07-03 21:36:13.872  1958  1996 I DisplayManagerService: Display device changed state: "Built-in Screen", ON
07-03 21:36:13.901  1958  1958 W UsageStatsService: Event reported without a package name, eventType:15
07-03 21:36:13.903  1958  1958 I WindowManager: Started waking up... (why=ON_BECAUSE_OF_USER)
07-03 21:36:13.911  1958  2010 W BroadcastQueue: Background execution not allowed: receiving Intent { act=android.intent.action.ACTION_POWER_CONNECTED flg=0x4000010 (has extras) } to com.google.android.gms/.chimera.GmsIntentOperationService$PersistentTrustedReceiver
07-03 21:36:13.911  1958  2010 W BroadcastQueue: Background execution not allowed: receiving Intent { act=android.intent.action.ACTION_POWER_CONNECTED flg=0x4000010 (has extras) } to com.google.android.gms/.gcm.nts.SchedulerReceiver
07-03 21:36:13.911  1958  2010 W BroadcastQueue: Background execution not allowed: receiving Intent { act=android.intent.action.ACTION_POWER_CONNECTED flg=0x4000010 (has extras) } to com.google.android.projection.gearhead/com.google.android.apps.auto.components.connectivity.impl.ConnectivityEventHandlerImpl$ConnectivityEventBroadcastReceiver
07-03 21:36:13.912  1958  2010 W BroadcastQueue: Background execution not allowed: receiving Intent { act=android.intent.action.ACTION_POWER_CONNECTED flg=0x4000010 (has extras) } to com.lbe.security.miui/xm.dt.rs.PowerChangeReceiver
07-03 21:36:13.912  1958  2010 W BroadcastQueue: Background execution not allowed: receiving Intent { act=android.intent.action.ACTION_POWER_CONNECTED flg=0x4000010 (has extras) } to com.miui.msa.global/com.xiaomi.ad.server.AdReceiver
07-03 21:36:13.917  1958  2010 W BroadcastQueue: Background execution not allowed: receiving Intent { act=android.intent.action.ACTION_POWER_CONNECTED flg=0x4000010 (has extras) } to com.digibites.accubattery/com.digibites.powerlib.receiver.PowerStateWatcher$Receiver
07-03 21:36:13.917  1958  2010 W BroadcastQueue: Background execution not allowed: receiving Intent { act=android.intent.action.ACTION_POWER_CONNECTED flg=0x4000010 (has extras) } to com.jio.myjio/com.inn.passivesdk.receiver.ServiceStarterReceiver
07-03 21:36:13.917  1958  2010 W BroadcastQueue: Background execution not allowed: receiving Intent { act=android.intent.action.ACTION_POWER_CONNECTED flg=0x4000010 (has extras) } to com.opera.browser/com.opera.android.news.newsfeed.internal.NewsFeedSystemReceiver
07-03 21:36:13.965  1958  2011 I ActivityManager: Start proc 4638:com.google.android.apps.turbo/u0a184 for broadcast {com.google.android.apps.turbo/com.google.android.apps.turbo.nudges.broadcasts.BatteryStatusChangedReceiver} caller=android
07-03 21:36:14.089  2181  2181 W KeyguardViewMediator: handleNotifyScreenTurningOn
07-03 21:36:14.089  2181  2181 W KeyguardViewMediator: notifyDrawn
07-03 21:36:14.091  1958  2646 I WindowManager: mKeyguardDelegate.ShowListener.onDrawn.
07-03 21:36:14.091  1958  1994 W WindowManager: Setting mKeyguardDrawComplete
07-03 21:36:14.093  1958  1994 I WindowManager: All windows ready for display!
07-03 21:36:14.093  1958  1994 W WindowManager: Setting mWindowManagerDrawComplete
07-03 21:36:14.093  1958  1994 I WindowManager: Finished screen turning on...
07-03 21:36:14.094  1958  2017 I DisplayPowerController: Unblocked screen on after 225 ms
07-03 21:36:14.096  1958  2017 W PowerManagerService: Screen on took 239 ms
07-03 21:36:14.097  1958  1958 I WindowManager: Finished waking up... (why=ON_BECAUSE_OF_USER)
07-03 21:36:14.106  2181  2181 E miui_face: start face unlock  fail:;mChargeAnimationWindowShowing=true;mSwitchingUser=false;mFaceAuthStarted=false;isSlideCoverOpened=true;isKeyguardHide=false;isSimPinSecure=false
07-03 21:36:14.125  2181  2181 I MiuiChargeManager: notifyBatteryStatusChanged:  status: 2 isPlugged: 2 level: 100 wireState: 11 chargeSpeed: 0 mWiredChargeType: 0 mWirelessChargeType: 0 chargeDeviceType: -1
07-03 21:36:14.241  1958  2011 I ActivityManager: Start proc 4679:com.google.process.gservices/u0a185 for content provider {com.google.android.gsf/com.google.android.gsf.gservices.GservicesProvider} caller=com.google.android.apps.turbo
07-03 21:36:14.414  1958  2011 I ActivityManager: Start proc 4713:com.android.settings/1000 for broadcast {com.android.settings/com.android.settings.connecteddevice.usb.UsbModeChooserReceiver} caller=android
07-03 21:36:14.529  4638  4638 W BpBinder: Slow Binder: BpBinder transact took 377ms, interface=android.app.IActivityManager, code=20 oneway=false
07-03 21:36:14.649  1958  2011 I ActivityManager: Start proc 4759:in.mohalla.sharechat/u0a763 for broadcast {in.mohalla.sharechat/com.google.firebase.iid.FirebaseInstanceIdReceiver} caller=com.google.android.gms
07-03 21:36:14.675  1958  2014 E BatteryExternalStatsWorker: no controller energy info supplied for bluetooth
07-03 21:36:15.639  2181  2181 I miui_face: start face unlock
07-03 21:36:15.640  2181  2924 I miui_face: start verify time=1
07-03 21:36:15.664  1958  2014 E BatteryExternalStatsWorker: no controller energy info supplied for bluetooth
07-03 21:36:16.095  1958  2014 E BatteryExternalStatsWorker: no controller energy info supplied for bluetooth
07-03 21:36:16.221  2181  2181 E miui_face: start face unlock fail ,faceDetectTypeForCamera=1
07-03 21:36:16.753  1958  2014 E BatteryExternalStatsWorker: no controller energy info supplied for bluetooth
07-03 21:36:16.771  1958  2014 E KernelCpuUidUserSysTimeReader: Negative user/sys time delta for UID=2000
07-03 21:36:16.771  1958  2014 E KernelCpuUidUserSysTimeReader: Prev times: u=172962 s=713972 Curr times: u=172956 s=713960
07-03 21:36:17.039  1958  2011 I ActivityManager: Start proc 4865:com.miui.gallery/u0a103 for service {com.miui.gallery/androidx.work.impl.background.systemjob.SystemJobService} caller=android
07-03 21:36:17.039  1958  2132 I AutoStartManagerService: MIUILOG- Reject service :Intent { cmp=app.revanced.android.youtube/androidx.work.impl.background.systemjob.SystemJobService } userId : 0 uid : 10296
07-03 21:36:17.040  1958  2132 I JobServiceContext: MIUILOG- Reject Start Job, cancelJob uid : 10296 jobId :5552
07-03 21:36:17.069  1958  2011 I ActivityManager: Start proc 4879:com.google.android.youtube/u0a204 for service {com.google.android.youtube/androidx.work.impl.background.systemjob.SystemJobService} caller=android
07-03 21:36:17.279   788   903 W EventThreadInspector: slow VSync-sf on display(19260784713820289), count=2, avg=31 ms,max=31 ms.
07-03 21:36:17.279   788   902 W EventThreadInspector: slow VSync-app on display(19260784713820289), count=4, avg=32 ms, max=33 ms.
07-03 21:36:17.369  2181  2181 I miui_keyguard_password: password unlock duration 83
07-03 21:36:17.371  1958  5269 W FingerprintService: Ignoring lockout reset, no templates enrolled
07-03 21:36:17.371  2181  2181 W miui_keyguard: unlock keyguard by pw
07-03 21:36:17.427  1958  2645 I LockSettingsService: Unlocking user 0 with secret only, length 32
07-03 21:36:17.427  1958  2645 I LockSettingsService: Disabling escrow token on user 0
07-03 21:36:17.429  1958  2645 I LockSettingsService: Caching SP for user 0
07-03 21:36:17.429  1958  1958 I LockSettingsService: Removing SP from cache for user 0
07-03 21:36:17.534  2181  2181 I miui_face: stop face unlock
07-03 21:36:17.536  2181  2924 I miui_face: authenCallback, onAuthenticationError code:2000 msg:取消成功
07-03 21:36:17.539  1958  2645 I Timeline: Timeline: App_transition_ready time:120920928
07-03 21:36:17.540  2181  3626 I KeyguardViewMediator: call fw keyguardGoingAway: flags = 8
07-03 21:36:17.541  1958  1997 I Timeline: Timeline: App_transition_ready time:120920929
07-03 21:36:17.556  1958  2645 I Timeline: Timeline: App_transition_ready time:120920944
07-03 21:36:17.564  1958  1997 I Timeline: Timeline: App_transition_ready time:120920953
07-03 21:36:17.578  1958  2645 I Timeline: Timeline: App_transition_ready time:120920966
07-03 21:36:17.581  1958  1997 I Timeline: Timeline: App_transition_ready time:120920970
07-03 21:36:17.607  1958  1997 I Timeline: Timeline: App_transition_ready time:120920996
07-03 21:36:17.608  2181  2181 I KeyguardViewMediator: handleStartKeyguardExitAnimation startTime=120920996 fadeoutDuration=150
07-03 21:36:17.625  1958  1996 W UsageStatsService: Event reported without a package name, eventType:18
07-03 21:36:17.625  1958  1996 I WindowManager: updateContrastOverlay, darkmode: true isContrastEnabled: false alpha: 0.0
07-03 21:36:17.626  1958  1993 I UsbDeviceManager: Setting USB config to mtp,adb
07-03 21:36:17.668  2181  2181 I miui_face: face unlock success time=2029
07-03 21:36:17.694  1958  3133 W AdbDebuggingManager: Read failed with count -1
07-03 21:36:17.695  1958  3133 E AdbDebuggingManager: Caught an exception opening the socket: java.io.IOException: Connection refused
07-03 21:36:17.746  4713  4713 I Timeline: Timeline: Activity_launch_request time:120921134
07-03 21:36:17.763  1958  3851 I ActivityTaskManager: START u0 {flg=0x10000000 cmp=com.android.settings/.Settings$UsbDetailsActivity} from uid 1000
07-03 21:36:17.794  1958  1997 I Timeline: Timeline: Activity_windows_visible id: ActivityRecord{ddb1799 u0 com.miui.home/.launcher.Launcher t1} time:120921183
07-03 21:36:17.794 25324 25324 W ActivityThread: SCHED: com.miui.home/.launcher.Launcher [66, r=35ms, a=18ms, w=225ms]
07-03 21:36:17.798  1958  1997 I Timeline: Timeline: App_transition_stopped time:120921187
07-03 21:36:17.804  1958  2645 I ActivityTaskManager: The Process com.android.settings Already Exists in BG. So sendingits PID: 4713
07-03 21:36:17.808  1958  2645 I Timeline: Timeline: App_transition_ready time:120921197
07-03 21:36:17.882  1958  3851 I Timeline: Timeline: App_transition_ready time:120921271
07-03 21:36:17.884  1958  3851 I Timeline: Timeline: App_transition_ready time:120921272
07-03 21:36:17.953  1958  1958 W Looper  : Slow dispatch took 275ms main h=android.app.ActivityThread$H c=android.app.-$$Lambda$LoadedApk$ReceiverDispatcher$Args$_BumDX2UKsnxLVrE6UJsJZkotuA@42cc9fd m=0
07-03 21:36:17.953  1958  1958 W Looper  : Slow delivery took 276ms main h=android.app.ActivityThread$H c=android.app.-$$Lambda$LoadedApk$ReceiverDispatcher$Args$_BumDX2UKsnxLVrE6UJsJZkotuA@34b46f2 m=0
07-03 21:36:18.038  1958  1958 W Looper  : Drained
07-03 21:36:18.150 29274 29274 W Looper  : Slow Looper main: Long Msg: seq=732 plan=21:36:17.075  late=0ms wall=1074ms running=101ms runnable=76ms io=635ms h=android.app.ActivityThread$H w=114
07-03 21:36:18.155  1958  1958 I TransportClient: BackupTransportService#4137: Notifying [BH/MSG_RUN_BACKUP] transport = IBackupTransport
07-03 21:36:18.174  1958  2014 E BatteryExternalStatsWorker: no controller energy info supplied for bluetooth
07-03 21:36:18.186  4865  4865 W Looper  : Slow Looper main: Long Msg: seq=2 plan=21:36:17.093  late=1ms wall=1091ms running=102ms runnable=63ms io=802ms h=android.app.ActivityThread$H w=110
07-03 21:36:18.463  1958  1993 W Looper  : Slow dispatch took 836ms android.fg h=com.android.server.usb.UsbDeviceManager$UsbHandlerLegacy c=null m=13
07-03 21:36:18.463  1958  1993 W Looper  : Slow delivery took 833ms android.fg h=com.android.server.adb.AdbDebuggingManager$AdbDebuggingHandler c=null m=7
07-03 21:36:18.557  1958  1993 W Looper  : Drained
07-03 21:36:18.753  1958  2011 I ActivityManager: Start proc 4987:com.google.process.gapps/u0a185 for content provider {com.google.android.gsf/com.google.android.gsf.settings.GoogleSettingsProvider} caller=com.google.android.gms
07-03 21:36:18.834  4713  4713 W Activity: Slow Operation: Activity com.android.settings/.Settings$UsbDetailsActivity onCreate took 725ms
07-03 21:36:18.853  4713  4713 W Looper  : Slow Looper main: Long Msg: seq=16 plan=21:36:17.806  late=0ms wall=1046ms running=84ms runnable=23ms io=870ms h=android.app.ActivityThread$H w=159
07-03 21:36:18.853  4713  4713 W Looper  : Slow Looper main: Activity com.android.settings/.Settings$UsbDetailsActivityis 1047ms late (wall=0ms running=0ms ClientTransaction{ callbacks=[android.app.servertransaction.TopResumedActivityChangeItem] }) because of 1 msg, msg 1 took 1046ms (seq=16 running=84ms runnable=23ms io=870ms h=android.app.ActivityThread$H w=159)
07-03 21:36:18.875  1958  4522 I Timeline: Timeline: App_transition_ready time:120922263
07-03 21:36:18.876  1958  4522 I Timeline: Timeline: App_transition_ready time:120922265
07-03 21:36:18.898  1958  4963 W BpBinder: Slow Binder: BpBinder transact took 412ms, interface=com.android.internal.backup.IBackupTransport, code=27 oneway=false
07-03 21:36:18.918  1958  4963 I BackupRestoreController: Getting widget state for user: 0
07-03 21:36:18.971  4879  4879 W Looper  : Slow Looper main: Long Msg: seq=2 plan=21:36:17.117  late=5ms wall=1848ms running=147ms runnable=98ms io=1474ms h=android.app.ActivityThread$H w=110
07-03 21:36:18.980  1958  4522 I Timeline: Timeline: App_transition_ready time:120922368
07-03 21:36:18.986  1958  1997 I Timeline: Timeline: App_transition_ready time:120922374
07-03 21:36:18.993  1958  1997 I Timeline: Timeline: App_transition_ready time:120922381
07-03 21:36:19.148  1958  1997 I Timeline: Timeline: Activity_windows_visible id: ActivityRecord{86d278c u0 com.android.settings/.Settings$UsbDetailsActivity t1687} time:120922536
07-03 21:36:19.149  1958  1997 I Timeline: Timeline: App_transition_stopped time:120922538
07-03 21:36:19.799  4879  4972 W BpBinder: Slow Binder: BpBinder transact took 307ms, interface=com.google.android.auth.IAuthManagerService, code=5 oneway=false
07-03 21:36:20.239  1958  2010 W BroadcastQueue: Permission Denial: broadcasting Intent { act=android.net.conn.CONNECTIVITY_CHANGE flg=0x4200010 (has extras) } from null (pid=-1, uid=-1) requires com.google.android.youtube.DYNAMIC_RECEIVER_NOT_EXPORTED_PERMISSION due to registered receiver BroadcastFilter{4ac4ba2 10204/u0 ReceiverList{1f1336d 4879 com.google.android.youtube/10204/u0 remote:a9aff84}}
07-03 21:36:20.488  4759  4759 W Looper  : Slow Looper main: Long Msg: seq=2 plan=21:36:14.685  late=7ms wall=5796ms running=2093ms runnable=126ms io=2596ms h=android.app.ActivityThread$H w=110
07-03 21:36:20.490  4759  4759 W Looper  : Slow Looper main: doFrame is 944ms late because of 3 msg, msg 1 took 5796ms (seq=2 running=2093ms runnable=126ms io=2596ms late=7ms h=android.app.ActivityThread$H w=110)
07-03 21:36:20.973  1958  4963 W BpBinder: Slow Binder: BpBinder transact took 2053ms, interface=com.android.internal.backup.IBackupTransport, code=9 oneway=false
07-03 21:36:21.052  1958  2011 I ActivityManager: Start proc 5218:com.google.android.apps.maps/u0a191 for backup {com.google.android.apps.maps/com.google.android.apps.gmm.backup.GmmPersistentBackupAgentHelper} caller=Backup
07-03 21:36:21.236  1958  2011 I ActivityManager: Start proc 5244:com.android.vending/u0a175 for service {com.android.vending/com.google.android.finsky.splitinstallservice.SplitInstallService} caller=in.mohalla.sharechat
07-03 21:36:21.337  4027  4215 W BpBinder: Slow Binder: BpBinder transact took 5646ms, interface=android.hardware.camera2.ICameraDeviceUser, code=6 oneway=false
07-03 21:36:21.494  1958  2011 I ActivityManager: Start proc 5280:com.android.chrome/u0a193 for service {com.android.chrome/org.chromium.chrome.browser.customtabs.CustomTabsConnectionService} caller=com.google.android.youtube
07-03 21:36:21.861  4759  4759 W Looper  : Slow Looper main: Long Msg: seq=12 plan=21:36:20.228  late=319ms wall=1315msrunning=20ms runnable=1ms io=640ms h=android.os.Handler c=kt.j
07-03 21:36:21.983  1958  2645 W BroadcastQueue: Background execution not allowed: receiving Intent { act=android.intent.action.USER_PRESENT flg=0x24200010 } to com.jio.myjio/com.jio.clickstream.tbn.PowerConnectionReceiver
07-03 21:36:21.984  1958  2010 W BroadcastQueue: Background execution not allowed: receiving Intent { act=android.intent.action.USER_PRESENT flg=0x24200010 } to com.android.chrome/org.chromium.chrome.browser.sharing.click_to_call.ClickToCallMessageHandler$PhoneUnlockedReceiver
07-03 21:36:21.984  1958  2010 W BroadcastQueue: Background execution not allowed: receiving Intent { act=android.intent.action.USER_PRESENT flg=0x24200010 } to com.google.android.gms/.auth.setup.devicesignals.LockScreenReceiver
07-03 21:36:21.984  1958  2010 W BroadcastQueue: Background execution not allowed: receiving Intent { act=android.intent.action.USER_PRESENT flg=0x24200010 } to com.google.android.gms/.chimera.GmsIntentOperationService$PersistentTrustedReceiver
07-03 21:36:21.985  1958  2010 W BroadcastQueue: Background execution not allowed: receiving Intent { act=android.intent.action.USER_PRESENT flg=0x24200010 } to info.kfsoft.force.rotation/.RestartReceiver
07-03 21:36:22.397  1958  2011 I ActivityManager: Start proc 5364:com.xiaomi.account/u0a112 for service {com.xiaomi.account/com.xiaomi.account.XiaomiAccountService} caller=com.miui.gallery
07-03 21:36:22.647  4713  4713 W ActivityThread: SCHED: com.android.settings/.Settings$UsbDetailsActivity [65, r=51ms, a=27ms, w=3806ms]
07-03 21:36:22.661  1958  2645 I Timeline: Timeline: App_transition_ready time:120926049
07-03 21:36:22.664  1958  1997 I Timeline: Timeline: App_transition_ready time:120926052
07-03 21:36:22.668  1958  3851 W ActivityTaskManager: Finishing task with all activities already finished
07-03 21:36:22.668  1958  3851 W ActivityTaskManager: Duplicate finish request for ActivityRecord{86d278c u0 com.android.settings/.Settings$UsbDetailsActivity t1687 f}
07-03 21:36:22.676  1958  3851 I Timeline: Timeline: App_transition_ready time:120926064
07-03 21:36:22.731  1958  1997 I Timeline: Timeline: App_transition_ready time:120926119
07-03 21:36:22.751  1958  1997 I Timeline: Timeline: App_transition_stopped time:120926139
07-03 21:36:23.052  1958  2011 I ActivityManager: Start proc 5395:android.process.acore/u0a64 for content provider {com.android.providers.contacts/com.android.providers.contacts.ContactsProvider2} caller=com.google.android.gms
07-03 21:36:23.241  4759  5107 W FileUtils: Slow Operation: fsync took 329ms
07-03 21:36:23.506 29274 29514 W BpBinder: Slow Binder: BpBinder transact took 484ms, interface=android.app.IActivityManager, code=20 oneway=false
07-03 21:36:23.567  1958  2011 I ActivityManager: Start proc 5434:com.android.smspush/u0a155 for service {com.android.smspush/com.android.smspush.WapPushManager} caller=com.android.phone
07-03 21:36:23.729 29274 29514 W BpBinder: Slow Binder: BpBinder transact took 223ms, interface=android.content.IContentProvider, code=1 oneway=false
07-03 21:36:23.963  5280  5280 W Looper  : Slow Looper main: Long Msg: seq=2 plan=21:36:21.531  late=1ms wall=2431ms running=143ms runnable=20ms io=1603ms h=android.app.ActivityThread$H w=110
07-03 21:36:24.500  5364  5364 W Looper  : Slow Looper main: Long Msg: seq=2 plan=21:36:22.416  late=6ms wall=2077ms running=230ms runnable=15ms io=1435ms h=android.app.ActivityThread$H w=110
07-03 21:36:24.506  5364  5364 W Looper  : Slow Looper main: doFrame is 442ms late because of 3 msg, msg 1 took 2077ms (seq=2 running=230ms runnable=15ms io=1435ms late=6ms h=android.app.ActivityThread$H w=110)
07-03 21:36:25.026  1958  2011 I ActivityManager: Start proc 5583:com.miui.cloudservice:galleryproxy/u0a126 for contentprovider {com.miui.cloudservice/com.miui.cloudservice.provider.GalleryProxySecurityDeviceCredentialProvider} caller=com.miui.gallery
07-03 21:36:25.103  4713  4785 W FileUtils: Slow Operation: fsync took 126ms
07-03 21:36:25.524  5218  5218 W Looper  : Slow Looper main: Long Msg: seq=2 plan=21:36:21.067  late=6ms wall=4450ms running=348ms runnable=38ms io=3758ms h=android.app.ActivityThread$H w=110
07-03 21:36:25.550  5244  5244 W Looper  : Slow Looper main: Long Msg: seq=2 plan=21:36:21.279  late=4ms wall=4267ms running=238ms runnable=24ms io=3119ms h=android.app.ActivityThread$H w=110
07-03 21:36:25.714  1958  4963 I BackupManagerService: got agent android.app.IBackupAgent$Stub$Proxy@54bc5e6
07-03 21:36:25.861  4865  4956 W BpBinder: Slow Binder: BpBinder transact took 873ms, interface=android.app.IActivityManager, code=20 oneway=false
07-03 21:36:25.927  1958  4963 W KeyValueBackupTask: Agent com.google.android.apps.maps error in onBackup()
07-03 21:36:25.943  5244  5631 W FileUtils: Slow Operation: fsync took 310ms
07-03 21:36:26.037  1958  4963 I BackupManagerService: got agent android.app.IBackupAgent$Stub$Proxy@906b000
07-03 21:36:26.150  1958  2011 I ActivityManager: Start proc 5712:com.xiaomi.simactivate.service/u0a163 for service {com.xiaomi.simactivate.service/com.xiaomi.activate.ActivateService} caller=com.miui.cloudservice
07-03 21:36:26.530  1958  2011 I ActivityManager: Start proc 5745:com.google.android.projection.gearhead:car/u0a179 forservice {com.google.android.projection.gearhead/com.google.android.apps.auto.carservice.service.impl.GearheadCarStartupService} caller=com.google.android.apps.maps
07-03 21:36:26.663  1958  4963 I BackupRestoreController: Getting widget state for user: 0
07-03 21:36:26.733  1958  2011 I ActivityManager: Start proc 5770:com.android.chrome:privileged_process0/u0a193 for service {com.android.chrome/org.chromium.content.app.PrivilegedProcessService0} caller=com.android.chrome
07-03 21:36:27.513  5583  5583 W Looper  : Slow Looper main: Long Msg: seq=2 plan=21:36:25.037  late=2ms wall=2474ms running=180ms runnable=36ms io=898ms h=android.app.ActivityThread$H w=110
07-03 21:36:27.667  5218  5632 W FileUtils: Slow Operation: fsync took 113ms
07-03 21:36:28.040  5712  5712 W Looper  : Slow Looper main: Long Msg: seq=2 plan=21:36:26.186  late=3ms wall=1850ms running=128ms runnable=25ms io=1579ms h=android.app.ActivityThread$H w=110
07-03 21:36:28.183  1958  4415 I ActivityManager: Killing 4638:com.google.android.apps.turbo/u0a184 (adj 965): empty #17
07-03 21:36:28.198  1958  4963 I BackupManagerService: got agent android.app.IBackupAgent$Stub$Proxy@104c2e9
07-03 21:36:28.202  3447  3447 W Looper  : Slow Looper main: Long Msg: seq=26 plan=21:36:26.675  late=0ms wall=1526ms running=84ms runnable=30ms io=1325ms h=android.app.ActivityThread$H w=128
07-03 21:36:28.324  5280  5280 W Looper  : Slow Looper main: Long Msg: seq=16 plan=21:36:24.057  late=0ms wall=4266ms running=474ms runnable=36ms io=2780ms h=android.os.Handler c=W96
07-03 21:36:28.611  5280  5674 W FileUtils: Slow Operation: fsync took 345ms
07-03 21:36:28.797  4759  4979 W BpBinder: Slow Binder: BpBinder transact took 2843ms, interface=com.google.android.finsky.externalreferrer.IGetInstallReferrerService, code=1 oneway=false
07-03 21:36:28.957  1958  2011 W ActivityManager: Slow operation: 629ms so far, now at startProcess: returned from zygote!
07-03 21:36:28.957  1958  2011 W ActivityManager: Slow operation: 629ms so far, now at startProcess: done updating battery stats
07-03 21:36:28.958  1958  2011 W ActivityManager: Slow operation: 629ms so far, now at startProcess: building log message
07-03 21:36:28.958  1958  2011 I ActivityManager: Start proc 5844:com.android.chrome:sandboxed_process0:org.chromium.content.app.SandboxedProcessService0:0/u0ai0 for  {com.android.chrome/org.chromium.content.app.SandboxedProcessService0:0}caller=com.android.chrome
07-03 21:36:28.958  1958  2011 W ActivityManager: Slow operation: 629ms so far, now at startProcess: starting to updatepids map
07-03 21:36:28.958  1958  2011 W ActivityManager: Slow operation: 630ms so far, now at startProcess: done updating pidsmap
07-03 21:36:29.168  1958  3851 I ActivityManager: Killing 3668:com.miui.analytics/u0a105 (adj 965): empty #17
07-03 21:36:29.234  1958  3853 W ActivityManager: Scheduling restart of crashed service com.miui.analytics/.onetrack.OneTrackService in 14286ms
07-03 21:36:29.773  5745  5745 W Looper  : Slow Looper main: Long Msg: seq=2 plan=21:36:26.557  late=3ms wall=3210ms running=222ms runnable=63ms io=2677ms h=android.app.ActivityThread$H w=110
07-03 21:36:29.805  1958  4963 I BackupRestoreController: Getting widget state for user: 0
07-03 21:36:29.929  1958  4963 I BackupManagerService: got agent android.app.backup.BackupAgent$BackupServiceBinder@6f2dab4
07-03 21:36:29.933  1958  2010 I ActivityManager: Waited long enough for: ServiceRecord{dd83318 u0 com.android.settings/.connecteddevice.usb.MiUsbService}
07-03 21:36:29.980  1958  2011 I ActivityManager: Start proc 5892:com.google.android.permissioncontroller/u0a95 for service {com.google.android.permissioncontroller/com.android.packageinstaller.permission.service.PermissionControllerServiceImpl} caller=android
07-03 21:36:33.552  1958  2011 I ActivityManager: Start proc 5934:com.android.settings:remote/1000 for service {com.android.settings/com.android.settings.dangerousoptions.DangerousOptionsWarningService} caller=com.android.settings
07-03 21:36:34.880  5218  5218 W Looper  : Slow Looper main: Long Msg: seq=54 plan=21:36:33.826  late=0ms wall=1054ms running=1ms runnable=1ms io=514ms h=bcxo c=bckw
07-03 21:36:35.185  5218  5912 W BpBinder: Slow Binder: BpBinder transact took 5165ms, interface=com.google.android.gms.car.startup.IStartup, code=13 oneway=false
07-03 21:36:35.503  5280  5924 W BpBinder: Slow Binder: BpBinder transact took 794ms, interface=android.content.IContentProvider, code=1 oneway=false
07-03 21:36:37.933  5280  5645 W BpBinder: Slow Binder: BpBinder transact took 887ms, interface=com.android.vending.setup.IDseService, code=6 oneway=false
07-03 21:36:38.033  5280  5647 W BpBinder: Slow Binder: BpBinder transact took 232ms, interface=android.content.IContentProvider, code=23 oneway=false
07-03 21:36:39.096 17291 17291 W Looper  : Slow Looper main: Long Msg: seq=1512 plan=21:36:37.886  late=18ms wall=1192ms running=9ms runnable=1ms io=1122ms h=android.os.Handler c=dphz
07-03 21:36:40.325  1958  4963 I BackupRestoreController: Getting widget state for user: 0
07-03 21:36:40.527  1958  4963 W BpBinder: Slow Binder: BpBinder transact took 202ms, interface=com.android.internal.backup.IBackupTransport, code=9 oneway=false
07-03 21:36:40.527  1958  4963 I KeyValueBackupTask: Transport lost data, retrying package
07-03 21:36:40.565  1958  4963 I BackupManagerService: got agent android.app.backup.BackupAgent$BackupServiceBinder@1b8e69b
07-03 21:36:41.061  5280  5645 W BpBinder: Slow Binder: BpBinder transact took 467ms, interface=com.google.android.auth.IAuthManagerService, code=5 oneway=false
07-03 21:36:41.890  5934  5934 W Looper  : Slow Looper main: Long Msg: seq=2 plan=21:36:33.570  late=4ms wall=8250ms running=297ms runnable=9ms io=7504ms h=android.app.ActivityThread$H w=110
07-03 21:36:43.560  1958  2011 I ActivityManager: Start proc 6000:com.miui.analytics/u0a105 for service {com.miui.analytics/com.miui.analytics.onetrack.OneTrackService} caller=com.xiaomi.mipicks
07-03 21:36:44.976  1958  2202 I ActivityManager: Killing 3492:com.xiaomi.mipicks/u0a127 (adj 985): empty #17
07-03 21:36:44.982  1958  2202 I ActivityManager: Killing 3447:com.google.android.apps.wellbeing/u0a189 (adj 995): empty #18
07-03 21:36:45.011  1958  2011 I ActivityManager: Start proc 6024:com.android.vending:background/u0a175 for service {com.android.vending/com.google.frameworks.client.data.android.server.play.BackgroundProcessEndpointService} caller=com.android.vending
07-03 21:36:45.180  6000  6000 W Looper  : Slow Looper main: Long Msg: seq=2 plan=21:36:43.587  late=1ms wall=1591ms running=73ms runnable=2ms io=1415ms h=android.app.ActivityThread$H w=110
07-03 21:36:45.185  1958  2645 I ActivityManager: Killing 4078:com.facebook.services/u0a100 (adj 985): empty #17
07-03 21:36:47.505  6024  6024 W Looper  : Slow Looper main: Long Msg: seq=2 plan=21:36:45.052  late=1ms wall=2451ms running=244ms runnable=9ms io=1583ms h=android.app.ActivityThread$H w=110
07-03 21:36:47.639  1958  5270 I ActivityManager: Killing 31734:com.miui.securitycenter/1000 (adj 985): empty #17
07-03 21:36:47.706  1958  1996 W ActivityManager: setHasOverlayUi called on unknown pid: 31734
07-03 21:36:48.848  1958  4963 I BackupRestoreController: Getting widget state for user: 0
07-03 21:36:48.899  1958  2011 I ActivityManager: Start proc 6113:com.google.android.apps.youtube.creator/u0a252 for backup {com.google.android.apps.youtube.creator/com.google.android.apps.youtube.creator.backup.CreatorStudioBackupAgentHelper} caller=Backup
07-03 21:36:49.066  1958  2011 I ActivityManager: Start proc 6181:com.google.android.webview:webview_service/u0a192 forservice {com.google.android.webview/org.chromium.android_webview.services.VariationsSeedServer} caller=com.google.android.googlequicksearchbox
07-03 21:36:49.368  1958  2011 I ActivityManager: Start proc 6209:com.google.android.webview:sandboxed_process0:org.chromium.content.app.SandboxedProcessService0:0/u0i294 for  {com.google.android.googlequicksearchbox/org.chromium.content.app.SandboxedProcessService0:0} caller=com.google.android.googlequicksearchbox
07-03 21:36:50.059  1958  2010 W BroadcastQueue: Permission Denial: broadcasting Intent { act=android.net.conn.CONNECTIVITY_CHANGE flg=0x4200010 (has extras) } from null (pid=-1, uid=-1) requires com.google.android.apps.youtube.creator.DYNAMIC_RECEIVER_NOT_EXPORTED_PERMISSION due to registered receiver BroadcastFilter{87acb7b 10252/u0 ReceiverList{396d70a 6113 com.google.android.apps.youtube.creator/10252/u0 remote:9aab75}}
07-03 21:36:50.204  6108  6108 W Looper  : Slow Looper main: Long Msg: seq=647 plan=21:36:49.023  late=0ms wall=1181ms running=204ms runnable=21ms io=798ms h=android.os.Handler c=WV.v70
07-03 21:36:50.266  1958  2645 I ActivityManager: Killing 5218:com.google.android.apps.maps/u0a191 (adj 995): empty #17
07-03 21:36:50.383  6181  6197 W FileUtils: Slow Operation: fsync took 140ms
07-03 21:36:50.393  6113  6113 W Looper  : Slow Looper main: Long Msg: seq=2 plan=21:36:48.916  late=1ms wall=1472ms running=334ms runnable=26ms io=791ms h=android.app.ActivityThread$H w=110
07-03 21:36:50.404  1958  4963 I BackupManagerService: got agent android.app.IBackupAgent$Stub$Proxy@899cf28
07-03 21:36:50.628  1958  4963 I BackupRestoreController: Getting widget state for user: 0
07-03 21:36:50.659  1958  2011 I ActivityManager: Start proc 6316:com.android.cellbroadcastreceiver/u0a90 for backup {com.android.cellbroadcastreceiver/com.android.cellbroadcastreceiver.CellBroadcastBackupAgent} caller=Backup
07-03 21:36:50.676  1958  2348 I ActivityManager: Killing 5280:com.android.chrome/u0a193 (adj 995): empty #17
07-03 21:36:50.744  1958  5270 I ActivityManager: Killing 5844:com.android.chrome:sandboxed_process0:org.chromium.content.app.SandboxedProcessService0:0/u0a193i-9000 (adj 0): isolated not needed
07-03 21:36:50.749  1958  5270 W ActivityManager: Scheduling restart of crashed service com.android.chrome/org.chromium.chrome.browser.customtabs.CustomTabsConnectionService in 1000ms
07-03 21:36:50.778  1958  5236 I ActivityManager: Process com.android.chrome:privileged_process0 (pid 5770) has died: fore SVC
07-03 21:36:51.018  1958  4963 I BackupManagerService: got agent android.app.IBackupAgent$Stub$Proxy@55fc43a
07-03 21:36:51.035  1958  4963 I BackupRestoreController: Getting widget state for user: 0
07-03 21:36:51.086  1958  4963 I BackupManagerService: got agent android.app.IBackupAgent$Stub$Proxy@676a092
07-03 21:36:51.097  1958  4963 I BackupRestoreController: Getting widget state for user: 0
07-03 21:36:51.134  1958  2011 I ActivityManager: Start proc 6340:com.miui.notes/u0a117 for backup {com.miui.notes/com.miui.notes.backup.NoteBackupAgent} caller=Backup
07-03 21:36:51.166  6108  6081 W BpBinder: Slow Binder: BpBinder transact took 780ms, interface=com.google.android.auth.IAuthManagerService, code=5 oneway=false
07-03 21:36:51.788  1958  2348 I ActivityManager: Killing 5364:com.xiaomi.account/u0a112 (adj 965): empty #17
07-03 21:36:51.790  1958  2348 I ActivityManager: Killing 4879:com.google.android.youtube/u0a204 (adj 975): empty #18
07-03 21:36:52.246  6340  6340 W Looper  : Slow Looper main: Long Msg: seq=2 plan=21:36:51.149  late=1ms wall=1094ms running=155ms runnable=13ms io=680ms h=android.app.ActivityThread$H w=110
07-03 21:36:52.255  1958  4963 I BackupManagerService: got agent android.app.IBackupAgent$Stub$Proxy@afeed7f
07-03 21:36:52.268  1958  4963 I BackupRestoreController: Getting widget state for user: 0
07-03 21:36:52.310  1958  4963 I BackupManagerService: got agent android.app.IBackupAgent$Stub$Proxy@94d0a13
07-03 21:36:52.333  1958  4963 I BackupRestoreController: Getting widget state for user: 0
07-03 21:36:52.342  1958  4963 I BackupManagerService: got agent android.app.backup.BackupAgent$BackupServiceBinder@e61be5a
07-03 21:36:52.380  1958  4963 I BackupRestoreController: Getting widget state for user: 0
07-03 21:36:52.395  6340  6383 E ActivityThread: Failed to find provider info for com.miui.personalassistant.widget.external
07-03 21:36:52.415  1958  2011 I ActivityManager: Start proc 6393:com.google.android.marvin.talkback/u0a213 for backup {com.google.android.marvin.talkback/com.google.android.accessibility.talkback.TalkBackBackupAgent} caller=Backup
07-03 21:36:52.431  1958  5256 I ActivityManager: Killing 5395:android.process.acore/u0a64 (adj 965): empty #17
07-03 21:36:52.764  1958  4963 I BackupManagerService: got agent android.app.IBackupAgent$Stub$Proxy@2f79fc8
07-03 21:36:52.781  1958  4963 I BackupRestoreController: Getting widget state for user: 0
07-03 21:36:52.808  1958  2011 I ActivityManager: Start proc 6421:com.android.calllogbackup/u0a64 for backup {com.android.calllogbackup/com.android.calllogbackup.CallLogBackupAgent} caller=Backup
07-03 21:36:52.826  1958  5256 I ActivityManager: Killing 4865:com.miui.gallery/u0a103 (adj 965): empty #17
07-03 21:36:52.895  1958  4963 I BackupManagerService: got agent android.app.IBackupAgent$Stub$Proxy@d9db13f
07-03 21:36:52.936  1958  2011 I ActivityManager: Start proc 6447:android.process.acore/u0a64 for content provider {com.android.providers.contacts/com.android.providers.contacts.CallLogProvider} caller=com.android.calllogbackup
07-03 21:36:53.423  6421  6442 W BpBinder: Slow Binder: BpBinder transact took 514ms, interface=android.app.IActivityManager, code=20 oneway=false
07-03 21:36:53.500  1958  4963 I BackupRestoreController: Getting widget state for user: 0
07-03 21:36:53.528  1958  2011 I ActivityManager: Start proc 6477:org.pocketworkstation.pckeyboard/u0a324 for backup {org.pocketworkstation.pckeyboard/org.pocketworkstation.pckeyboard.LatinIMEBackupAgent} caller=Backup
07-03 21:36:53.837  1958  1981 I ActivityManager: Killing 4759:in.mohalla.sharechat/u0a763 (adj 965): empty #17
07-03 21:36:53.838  1958  1981 I ActivityManager: Killing 5583:com.miui.cloudservice:galleryproxy/u0a126 (adj 975): empty #18
07-03 21:36:53.978  1958  4963 I BackupManagerService: got agent android.app.IBackupAgent$Stub$Proxy@692e558
07-03 21:36:54.005  1958  4963 I BackupRestoreController: Getting widget state for user: 0
07-03 21:36:54.033  1958  2011 I ActivityManager: Start proc 6500:org.telegram.messenger/u0a695 for backup {org.telegram.messenger/org.telegram.messenger.BackupAgent} caller=Backup
07-03 21:36:54.050  1958  3132 I ActivityManager: Killing 5745:com.google.android.projection.gearhead:car/u0a179 (adj 965): empty #17
07-03 21:36:54.657  1958  4963 I BackupManagerService: got agent android.app.IBackupAgent$Stub$Proxy@bfcc80b
07-03 21:36:54.717  1958  1981 W ActivityManager: Background start not allowed: service Intent { cmp=org.telegram.messenger/.NotificationsService } to org.telegram.messenger/.NotificationsService from pid=6500 uid=10695 pkg=org.telegram.messenger startFg?=false
07-03 21:36:54.718  1958  4963 I BackupRestoreController: Getting widget state for user: 0
07-03 21:36:54.747  1958  2011 I ActivityManager: Start proc 6565:com.android.contacts/u0a87 for backup {com.android.contacts/com.android.contacts.backup.ContactBackupAgent} caller=Backup
07-03 21:36:54.765  1958  1981 I ActivityManager: Killing 4679:com.google.process.gservices/u0a185 (adj 935): empty #17
07-03 21:36:54.799  6024  6024 I ActivityThread: Removing dead content provider:android.content.ContentProviderProxy@682ffab
07-03 21:36:55.067  1958  2011 I ActivityManager: Start proc 6592:com.google.process.gservices/u0a185 for content provider {com.google.android.gsf/com.google.android.gsf.gservices.GservicesProvider} caller=com.google.android.googlequicksearchbox
07-03 21:36:55.083  1958  5258 I ActivityManager: Killing 5244:com.android.vending/u0a175 (adj 965): empty #17
07-03 21:36:55.272 17291 17349 W BpBinder: Slow Binder: BpBinder transact took 238ms, interface=android.app.IActivityManager, code=20 oneway=false
07-03 21:36:55.326  1958  4963 I BackupManagerService: got agent android.app.IBackupAgent$Stub$Proxy@9c682d5
07-03 21:36:55.337  1958  4963 I BackupRestoreController: Getting widget state for user: 0
07-03 21:36:55.399  1958  4963 I BackupManagerService: got agent android.app.IBackupAgent$Stub$Proxy@a6cb153
07-03 21:36:55.409  1958  4963 I BackupRestoreController: Getting widget state for user: 0
07-03 21:36:55.437  1958  2011 I ActivityManager: Start proc 6633:com.android.deskclock/u0a113 for backup {com.android.deskclock/com.android.deskclock.addition.backup.DeskClockBackupAgent} caller=Backup
07-03 21:36:55.456  1958  5258 I ActivityManager: Killing 5712:com.xiaomi.simactivate.service/u0a163 (adj 965): empty #17
07-03 21:36:55.776  1958  2133 W ContextImpl: Calling a method in the system process without a qualified user: android.app.ContextImpl.sendBroadcast:1055 miui.security.SecurityManagerCompat.sendCancelBootAlarm:149 miui.security.SecurityManagerCompat.writeQcomBootTime:116 miui.security.SecurityManagerCompat.writeBootTime:75 com.miui.server.SecurityManagerService$SecurityWriteHandler.handleMessage:362
07-03 21:36:55.776  1958  2133 W ContextImpl: Calling a method in the system process without a qualified user: android.app.ContextImpl.sendBroadcast:1055 miui.security.SecurityManagerCompat.sendSetBootAlarm:158 miui.security.SecurityManagerCompat.writeQcomBootTime:117 miui.security.SecurityManagerCompat.writeBootTime:75 com.miui.server.SecurityManagerService$SecurityWriteHandler.handleMessage:362
07-03 21:36:55.801  1958  2011 I ActivityManager: Start proc 6662:com.qualcomm.qti.poweroffalarm/1000 for broadcast {com.qualcomm.qti.poweroffalarm/com.qualcomm.qti.poweroffalarm.PowerOffAlarmBroadcastReceiver} caller=android
07-03 21:36:55.806  1958  4963 I BackupManagerService: got agent android.app.IBackupAgent$Stub$Proxy@ee93c1c
07-03 21:36:55.816  1958  4963 I BackupRestoreController: Getting widget state for user: 0
07-03 21:36:55.851  1958  2011 I ActivityManager: Start proc 6683:com.miui.securitycenter/1000 for backup {com.miui.securitycenter/com.miui.antispam.service.backup.SecurityCenterBackupAgent} caller=Backup
07-03 21:36:55.875  1958  5255 I ActivityManager: Killing 6024:com.android.vending:background/u0a175 (adj 965): empty #17
07-03 21:36:55.924  1958  5255 I ActivityManager: Killing 6000:com.miui.analytics/u0a105 (adj 965): empty #17
07-03 21:36:56.646  1958  4963 I BackupManagerService: got agent android.app.IBackupAgent$Stub$Proxy@fc8257
07-03 21:36:56.661  1958  4963 I BackupRestoreController: Getting widget state for user: 0
07-03 21:36:56.684  1958  4963 I BackupManagerService: got agent android.app.IBackupAgent$Stub$Proxy@dc2f2c8
07-03 21:36:56.716  1958  4963 I BackupRestoreController: Getting widget state for user: 0
07-03 21:36:56.754  1958  2011 I ActivityManager: Start proc 6744:com.miui.cleaner/u0a102 for backup {com.miui.cleaner/com.miui.optimizecenter.cloudbackup.SettingsLocalBackupAgent} caller=Backup
07-03 21:36:56.766  1958  2645 I ActivityManager: Killing 6209:com.google.android.webview:sandboxed_process0:org.chromium.content.app.SandboxedProcessService0:0/u0a186i294 (adj 955): empty #17
07-03 21:36:56.804  1958  5271 W ActivityManager: Scheduling restart of crashed service com.google.android.googlequicksearchbox/org.chromium.content.app.SandboxedProcessService0:0 in 1000ms
07-03 21:36:57.276  1958  4963 I BackupManagerService: got agent android.app.IBackupAgent$Stub$Proxy@267adc1
07-03 21:36:57.288  1958  4963 I BackupRestoreController: Getting widget state for user: 0
07-03 21:36:57.318  1958  2011 I ActivityManager: Start proc 6799:com.miui.weather2/u0a142 for backup {com.miui.weather2/com.miui.weather2.backup.local.WeatherBackupAgent} caller=Backup
07-03 21:36:57.342  1958  5255 I ActivityManager: Killing 6181:com.google.android.webview:webview_service/u0a192 (adj 955): empty #17
07-03 21:36:57.683  1958  4963 I BackupManagerService: got agent android.app.IBackupAgent$Stub$Proxy@59642d9
07-03 21:36:57.694  1958  4963 I BackupRestoreController: Getting widget state for user: 0
