07-03 21:45:15.538  1958  2360 W BaseMiuiPhoneWindowManager: keyCode:3 down:false eventTime:121458925 downTime:121458845 policyFlags:2b000002 flags:48 deviceId:-1 isScreenOn:true keyguardActive:false repeatCount:0
07-03 21:45:15.544  1958  2089 I ActivityTaskManager: START u0 {act=android.intent.action.MAIN cat=[android.intent.category.HOME] flg=0x10000100 cmp=com.miui.home/.launcher.Launcher (has extras)} from uid 0
07-03 21:45:15.562  1958  2089 I Timeline: Timeline: App_transition_ready time:121458950
07-03 21:45:15.563 12309 12309 W ActivityThread: SCHED: com.BHG.gurbani/.MainActivity [80, r=229ms, a=57ms, w=3743ms]
07-03 21:45:15.566  1958  1997 I Timeline: Timeline: App_transition_ready time:121458955
07-03 21:45:15.570  1958  5255 I Timeline: Timeline: App_transition_ready time:121458958
07-03 21:45:15.598  1958  3851 I Timeline: Timeline: App_transition_ready time:121458986
07-03 21:45:15.606  1958  1997 I Timeline: Timeline: App_transition_ready time:121458994
07-03 21:45:15.639  1958  1997 I Timeline: Timeline: App_transition_ready time:121459027
07-03 21:45:16.082  1958  3851 W BaseMiuiPhoneWindowManager: keyCode:82 down:true eventTime:121459469 downTime:121459469 policyFlags:2b000002 flags:48 deviceId:-1 isScreenOn:true keyguardActive:false repeatCount:0
07-03 21:45:16.118  1958  3417 I Timeline: Timeline: Activity_windows_visible id: ActivityRecord{ddb1799 u0 com.miui.home/.launcher.Launcher t1} time:121459506
07-03 21:45:16.121  1958  1997 I Timeline: Timeline: App_transition_stopped time:121459509
07-03 21:45:16.148  1958  3417 W BaseMiuiPhoneWindowManager: keyCode:82 down:false eventTime:121459533 downTime:121459469 policyFlags:2b000002 flags:48 deviceId:-1 isScreenOn:true keyguardActive:false repeatCount:0
07-03 21:45:16.177  1958  1996 W WindowManager: setLauncherState= 2
07-03 21:45:16.664  1958  4597 I ProcessManager: Kill reason OneKeyClean from pid=25324
07-03 21:45:16.674  1958  4597 I ProcessManager: mLruProcesses size=47
07-03 21:45:16.675  1958  4597 I ProcessManager: OneKeyClean: kill com.BHG.gurbani Adj=805 State=20
07-03 21:45:16.676  1958  4597 I ActivityManager: Killing 12309:com.BHG.gurbani/u0a776 (adj 805): OneKeyClean
07-03 21:45:16.678  1958  4597 I ProcessManager: OneKeyClean: kill com.android.settings Adj=500 State=11
07-03 21:45:16.678  1958  4597 I ActivityManager: Killing 12386:com.android.settings/1000 (adj 500): OneKeyClean
07-03 21:45:16.679  1958  4597 I ProcessManager: OneKeyClean: kill com.google.android.documentsui Adj=815 State=20
07-03 21:45:16.680  1958  4597 I ActivityManager: Killing 12039:com.google.android.documentsui/u0a66 (adj 815): OneKeyClean
07-03 21:45:16.681  1958  4597 I ProcessManager: OneKeyClean: kill com.google.process.gservices Adj=700 State=16
07-03 21:45:16.682  1958  4597 I ActivityManager: Killing 12152:com.google.process.gservices/u0a185 (adj 700): OneKeyClean
07-03 21:45:16.686  1958  4597 I ProcessManager: OneKeyClean: kill com.google.android.apps.docs Adj=700 State=16
07-03 21:45:16.686  1958  4597 I ActivityManager: Killing 12069:com.google.android.apps.docs/u0a221 (adj 700): OneKeyClean
07-03 21:45:16.688  1958  4597 I ProcessManager: OneKeyClean: kill com.android.smspush Adj=100 State=7
07-03 21:45:16.688  1958  4597 I ActivityManager: Killing 11853:com.android.smspush/u0a155 (adj 100): OneKeyClean
07-03 21:45:16.689  1958  4597 I ProcessManager: OneKeyClean: kill com.qti.diagservices Adj=500 State=11
07-03 21:45:16.689  1958  4597 I ActivityManager: Killing 10863:com.qti.diagservices/1000 (adj 500): OneKeyClean
07-03 21:45:16.690  1958  4597 I ProcessManager: OneKeyClean: kill com.miui.msa.global Adj=100 State=9
07-03 21:45:16.691  1958  4597 I ActivityManager: Killing 10644:com.miui.msa.global/u0a123 (adj 100): OneKeyClean
07-03 21:45:16.692  1958  4597 I ProcessManager: OneKeyClean: kill com.android.settings:remote Adj=800 State=11
07-03 21:45:16.693  1958  4597 I ActivityManager: Killing 10606:com.android.settings:remote/1000 (adj 800): OneKeyClean
07-03 21:45:16.694  1958  4597 I ProcessManager: OneKeyClean: kill com.qualcomm.telephony Adj=800 State=11
07-03 21:45:16.695  1958  4597 I ActivityManager: Killing 10581:com.qualcomm.telephony/u0a195 (adj 800): OneKeyClean
07-03 21:45:16.695  1958  4597 I ProcessManager: OneKeyClean: kill com.qualcomm.qti.workloadclassifier Adj=800 State=11
07-03 21:45:16.696  1958  4597 I ActivityManager: Killing 10551:com.qualcomm.qti.workloadclassifier/1000 (adj 800): OneKeyClean
07-03 21:45:16.734  1958  5270 W ActivityManager: Scheduling restart of crashed service com.android.smspush/.WapPushManager in 203820ms
07-03 21:45:16.744  1958  4525 W ActivityManager: Scheduling restart of crashed service com.qualcomm.atfwd/.AtFwdService in 83864ms
07-03 21:45:16.748  1958  3417 W ActivityManager: Scheduling restart of crashed service com.qti.diagservices/.QTIDiagServices in 163832ms
07-03 21:45:16.754  1958  4522 W ActivityManager: Scheduling restart of crashed service com.qualcomm.qti.workloadclassifier/.WLCService in 1000ms
07-03 21:45:16.775  1958  2066 W ActivityManager: Scheduling restart of crashed service com.android.settings/.dangerousoptions.DangerousOptionsWarningService in 123844ms
07-03 21:45:16.785  1958  1958 W ActivityManager: Exception when unbinding service com.miui.msa.global/com.miui.systemAdSolution.splashscreen.SplashScreenService
07-03 21:45:16.785  1958  1958 W ActivityManager: android.os.DeadObjectException
07-03 21:45:16.785  1958  1958 W ActivityManager:       at android.os.BinderProxy.transactNative(Native Method)
07-03 21:45:16.785  1958  1958 W ActivityManager:       at android.os.BinderProxy.transact(BinderProxy.java:511)
07-03 21:45:16.785  1958  1958 W ActivityManager:       at android.app.IApplicationThread$Stub$Proxy.scheduleUnbindService(IApplicationThread.java:1627)
07-03 21:45:16.785  1958  1958 W ActivityManager:       at com.android.server.am.ActiveServices.removeConnectionLocked(ActiveServices.java:3440)
07-03 21:45:16.785  1958  1958 W ActivityManager:       at com.android.server.am.ActiveServices.unbindServiceLocked(ActiveServices.java:2091)
07-03 21:45:16.785  1958  1958 W ActivityManager:       at com.android.server.am.ActivityManagerService.unbindService(ActivityManagerService.java:14480)
07-03 21:45:16.785  1958  1958 W ActivityManager:       at android.app.ContextImpl.unbindService(ContextImpl.java:1789)
07-03 21:45:16.785  1958  1958 W ActivityManager:       at com.miui.server.SplashScreenServiceDelegate$2.onServiceDisconnected(SplashScreenServiceDelegate.java:185)
07-03 21:45:16.785  1958  1958 W ActivityManager:       at android.app.LoadedApk$ServiceDispatcher.doDeath(LoadedApk.java:1977)
07-03 21:45:16.785  1958  1958 W ActivityManager:       at android.app.LoadedApk$ServiceDispatcher$RunConnection.run(LoadedApk.java:1992)
07-03 21:45:16.785  1958  1958 W ActivityManager:       at android.os.Handler.handleCallback(Handler.java:883)
07-03 21:45:16.785  1958  1958 W ActivityManager:       at android.os.Handler.dispatchMessage(Handler.java:100)
07-03 21:45:16.785  1958  1958 W ActivityManager:       at android.os.Looper.loop(Looper.java:224)
07-03 21:45:16.785  1958  1958 W ActivityManager:       at com.android.server.SystemServer.run(SystemServer.java:563)
07-03 21:45:16.785  1958  1958 W ActivityManager:       at com.android.server.SystemServer.main(SystemServer.java:367)
07-03 21:45:16.785  1958  1958 W ActivityManager:       at java.lang.reflect.Method.invoke(Native Method)
07-03 21:45:16.785  1958  1958 W ActivityManager:       at com.android.internal.os.RuntimeInit$MethodAndArgsCaller.run(RuntimeInit.java:539)
07-03 21:45:16.785  1958  1958 W ActivityManager:       at com.android.internal.os.ZygoteInit.main(ZygoteInit.java:928)
07-03 21:45:16.789  1958  4522 W ActivityManager: Scheduling restart of crashed service com.miui.msa.global/com.zeus.gmc.sdk.mobileads.msa.odi.service.OnDeviceIntelligenceService in 243604ms
07-03 21:45:16.795  1958  3132 I WindowManager: WIN DEATH: Window{a8e3d6d u0 com.BHG.gurbani/com.BHG.gurbani.MainActivity}
07-03 21:45:16.810  1958  1996 W ActivityManager: setHasOverlayUi called on unknown pid: 12309
07-03 21:45:16.812  1958  3851 W ActivityManager: Scheduling restart of crashed service com.android.settings/.connecteddevice.usb.MiUsbService in 283584ms
07-03 21:45:16.978  1958  1996 W WindowManager: setLauncherState= 1
07-03 21:45:17.279  1958  3853 E WindowManager: App trying to use insecure INPUT_FEATURE_NO_INPUT_CHANNEL flag. Ignoring
07-03 21:45:17.781  1958  2011 I ActivityManager: Start proc 12429:com.qualcomm.qti.workloadclassifier/1000 for service{com.qualcomm.qti.workloadclassifier/com.qualcomm.qti.workloadclassifier.WLCService} caller=com.qualcomm.qti.workloadclassifier
07-03 21:45:19.289  1958  3853 W NotificationService: Toast already killed. pkg=com.miui.home callback=android.app.ITransientNotification$Stub$Proxy@aa09f8c
07-03 21:45:20.781  1958  1996 W WindowManager: Unable to start animation, surface is null or no children.
07-03 21:45:26.812  1958  2011 I ActivityManager: Start proc 12456:com.miui.msa.global/u0a123 for service {com.miui.msa.global/com.miui.systemAdSolution.splashscreen.SplashScreenService} caller=android
07-03 21:45:28.434  1958  3851 W ActivityManager: Receiver with filter android.content.IntentFilter@de84b50 already registered for pid 12456, callerPackage is com.miui.msa.global
07-03 21:45:28.437  1958  3851 W ActivityManager: Receiver with filter android.content.IntentFilter@9a0276f already registered for pid 12456, callerPackage is com.miui.msa.global
07-03 21:45:30.284  1958  1958 W WindowManager: removeWindowToken: Attempted to remove non-existing token: android.os.Binder@91329e2
07-03 21:46:39.348  2181  2181 I MiuiChargeManager: notifyBatteryStatusChanged:  status: 5 isPlugged: 2 level: 100 wireState: 11 chargeSpeed: 0 mWiredChargeType: 0 mWirelessChargeType: 0 chargeDeviceType: -1
07-03 21:46:40.637  1958  2011 I ActivityManager: Start proc 12938:com.qualcomm.telephony/u0a195 for service {com.qualcomm.atfwd/com.qualcomm.atfwd.AtFwdService} caller=com.qualcomm.atfwd
07-03 21:47:19.477  1958  2017 I PowerManagerService: Going to sleep due to timeout (uid 1000)...
07-03 21:47:19.477  1958  1958 W UsageStatsService: Event reported without a package name, eventType:16
07-03 21:47:19.478  1958  1958 I WindowManager: Started going to sleep... (why=OFF_BECAUSE_OF_TIMEOUT)
07-03 21:47:19.707  1958  2017 I DisplayPowerController: Blocking screen off
07-03 21:47:19.713  1958  2017 I DisplayPowerController: Unblocked screen off after 6 ms
07-03 21:47:19.713  1958  2017 I WindowManager: Screen turned off...
07-03 21:47:19.716  1958  2014 E KernelCpuUidUserSysTimeReader: Negative user/sys time delta for UID=10175
07-03 21:47:19.716  1958  2014 E KernelCpuUidUserSysTimeReader: Prev times: u=2583137 s=817575 Curr times: u=2582535 s=817268
07-03 21:47:19.716  1958  2014 E KernelCpuUidUserSysTimeReader: Negative user/sys time delta for UID=10162
07-03 21:47:19.716  1958  2014 E KernelCpuUidUserSysTimeReader: Prev times: u=416494 s=201282 Curr times: u=416014 s=200861
07-03 21:47:19.716  1958  2014 E KernelCpuUidUserSysTimeReader: Negative user/sys time delta for UID=10126
07-03 21:47:19.716  1958  2014 E KernelCpuUidUserSysTimeReader: Prev times: u=79767 s=28440 Curr times: u=79624 s=28401
07-03 21:47:19.716  1958  2014 E KernelCpuUidUserSysTimeReader: Negative user/sys time delta for UID=10189
07-03 21:47:19.716  1958  2014 E KernelCpuUidUserSysTimeReader: Prev times: u=204549 s=77521 Curr times: u=204454 s=77413
07-03 21:47:19.716  1958  2014 E KernelCpuUidUserSysTimeReader: Negative user/sys time delta for UID=10155
07-03 21:47:19.716  1958  2014 E KernelCpuUidUserSysTimeReader: Prev times: u=11370 s=7762 Curr times: u=11399 s=7736
07-03 21:47:19.716  1958  2014 E KernelCpuUidUserSysTimeReader: Negative user/sys time delta for UID=10066
07-03 21:47:19.716  1958  2014 E KernelCpuUidUserSysTimeReader: Prev times: u=100309 s=28301 Curr times: u=100305 s=28362
07-03 21:47:19.725  1958  2017 W ActivityManager: Unable to start service Intent { act=miui.action.CAMERA_EMPTY_SERVICEpkg=com.android.camera } U=0: not found
07-03 21:47:19.727 25324 25324 W ActivityThread: SCHED: com.miui.home/.launcher.Launcher [70, r=105ms, a=45ms, w=124147ms]
07-03 21:47:19.736  1958  1996 I DisplayManagerService: Display device changed state: "Built-in Screen", OFF
07-03 21:47:20.030  1958  2168 W BpBinder: Slow Binder: BpBinder transact took 299ms, interface=android.ui.ISurfaceComposer, code=19 oneway=false
07-03 21:47:20.047  1958  2017 W DreamManagerService: Dream ComponentInfo{com.android.systemui/com.android.systemui.doze.DozeService} does not exist
07-03 21:47:20.048  1958  2017 I PowerManagerService: Sleeping (uid 1000)...
07-03 21:47:20.051  1958  1958 I WindowManager: Finished going to sleep... (why=OFF_BECAUSE_OF_TIMEOUT)
07-03 21:47:20.067  2181  2882 W KeyguardViewMediator: doKeyguard: showing the lock screen
07-03 21:47:20.105  1958  1996 W UsageStatsService: Event reported without a package name, eventType:17
07-03 21:47:20.105  1958  1996 I WindowManager: updateContrastOverlay, darkmode: true isContrastEnabled: false alpha: 0.0
07-03 21:47:20.313  1958  2011 I ActivityManager: Start proc 12974:com.google.android.apps.wellbeing/u0a189 for broadcast {com.google.android.apps.wellbeing/com.google.android.apps.wellbeing.alarm.NextAlarmClockChangedReceiver_Receiver} caller=android
07-03 21:47:20.415  1958  2011 I ActivityManager: Start proc 12994:com.miui.msa.global:ui/u0a123 for service {com.miui.msa.global/com.xiaomi.ad.internal.splash.uiprocess.SplashUIService} caller=com.miui.msa.global
07-03 21:47:20.666  1958  2011 I ActivityManager: Start proc 13052:com.android.settings:remote/1000 for service {com.android.settings/com.android.settings.dangerousoptions.DangerousOptionsWarningService} caller=com.android.settings
07-03 21:47:20.810  1958  2014 E BatteryExternalStatsWorker: no controller energy info supplied for bluetooth
07-03 21:48:00.650  1958  2011 I ActivityManager: Start proc 13115:com.qti.diagservices/1000 for service {com.qti.diagservices/com.qti.diagservices.QTIDiagServices} caller=com.qti.diagservices
07-03 21:48:13.840  1958  2011 I ActivityManager: Start proc 13139:com.google.android.googlequicksearchbox:googleapp/u0a186 for service {com.google.android.googlequicksearchbox/com.google.android.libraries.search.integrations.tiktok.RemoteWorkerService_googleapp} caller=com.google.android.googlequicksearchbox
07-03 21:48:14.590  1958  2011 I ActivityManager: Start proc 13178:com.google.process.gservices/u0a185 for content provider {com.google.android.gsf/com.google.android.gsf.gservices.GservicesProvider} caller=com.google.android.googlequicksearchbox
07-03 21:48:34.588  1958  2014 E BatteryExternalStatsWorker: no controller energy info supplied for bluetooth
07-03 21:48:40.636  1958  2011 I ActivityManager: Start proc 13239:com.android.smspush/u0a155 for service {com.android.smspush/com.android.smspush.WapPushManager} caller=com.android.phone
07-03 21:49:44.850  1958  3853 W BpBinder: Slow Binder: BpBinder transact took 962ms, interface=android.os.IInstalld, code=10 oneway=false
07-03 21:49:44.851  1958  3853 I InstallationStatistic: beginInstallSession: 1525673975
07-03 21:49:45.890  1958  2065 W BpBinder: Slow Binder: BpBinder transact took 255ms, interface=com.miui.server.ISplashScreenService, code=1 oneway=false
07-03 21:49:45.891  1958  2065 I ActivityTaskManager: START u0 {act=android.intent.action.VIEW dat=file:///data/app/vmdl1525673975.tmp typ=application/vnd.android.package-archive flg=0x18000000 cmp=com.miui.securitycenter/com.miui.permcenter.install.AdbInstallActivity (has extras)} from uid 1000
07-03 21:49:46.093 12456 12503 W FileUtils: Slow Operation: fsync took 162ms
07-03 21:49:46.110  1958  2065 I ActivityTaskManager: The Process com.miui.securitycenter Already Exists in BG. So sending its PID: 8838
07-03 21:49:46.118  1958  2065 I Timeline: Timeline: App_transition_ready time:121729506
07-03 21:49:46.129  1958  1996 W ProcessStats: Tracking association SourceState{a71b43c com.miui.securitycenter/1000 Top #528573} whose proc state 1 is better than process ProcessState{8cb3600 com.miui.securitycenter.remote/1000 pkg=com.miui.securitycenter} proc state 2 (20 skipped)
07-03 21:49:46.136  1958  1997 I Timeline: Timeline: App_transition_ready time:121729525
07-03 21:49:46.140  1958  1997 I Timeline: Timeline: App_transition_ready time:121729529
07-03 21:49:46.308  1958  2011 I ActivityManager: Start proc 13311:com.miui.guardprovider/u0a115 for content provider {com.miui.guardprovider/com.miui.guardprovider.GuardProvider} caller=com.miui.securitycenter
07-03 21:49:46.534  8838  8838 W BpBinder: Slow Binder: BpBinder transact took 273ms, interface=android.app.IActivityManager, code=20 oneway=false
07-03 21:49:46.617  1958  1996 W ActivityTaskManager: Activity top resumed state loss timeout for ActivityRecord{63a3986 u0 com.miui.securitycenter/com.miui.permcenter.install.AdbInstallActivity t1691}
07-03 21:49:46.618  1958  1996 W ActivityTaskManager: Activity pause timeout for ActivityRecord{63a3986 u0 com.miui.securitycenter/com.miui.permcenter.install.AdbInstallActivity t1691}
07-03 21:49:46.621  1958  1996 I Timeline: Timeline: App_transition_ready time:121730009
07-03 21:49:46.694 13311 13329 W SystemConfig: No directory /product_services/etc/sysconfig, skipping
07-03 21:49:46.694 13311 13329 W SystemConfig: No directory /product_services/etc/permissions, skipping
07-03 21:49:46.750  1958  5256 I Timeline: Timeline: App_transition_ready time:121730138
07-03 21:49:46.754  1958  1997 I Timeline: Timeline: App_transition_ready time:121730143
07-03 21:49:46.878  8838  8838 W Activity: Slow Operation: Activity com.miui.securitycenter/com.miui.permcenter.install.AdbInstallActivity onCreate took 716ms
07-03 21:49:46.880  8838  8838 W Looper  : Slow Looper main: Activity com.miui.securitycenter/com.miui.permcenter.install.AdbInstallActivity is 759ms late (wall=0ms running=0ms ClientTransaction{ callbacks=[android.app.servertransaction.TopResumedActivityChangeItem] }) because of 2 msg, msg 1 took 759ms (seq=62 running=144ms runnable=25ms io=102ms h=android.app.ActivityThread$H w=159)
07-03 21:49:46.882  8838  8838 W Looper  : Slow Looper main: Activity com.miui.securitycenter/com.miui.permcenter.install.AdbInstallActivity is 759ms late (wall=2ms running=0ms ClientTransaction{ callbacks=[android.app.servertransaction.TopResumedActivityChangeItem] }) because of 3 msg, msg 1 took 759ms (seq=62 running=144ms runnable=25ms io=102ms h=android.app.ActivityThread$H w=159)
07-03 21:49:46.883  8838  8838 W Looper  : Slow Looper main: Activity com.miui.securitycenter/com.miui.permcenter.install.AdbInstallActivity is 760ms late (wall=1ms running=0ms ClientTransaction{ lifecycleRequest=android.app.servertransaction.PauseActivityItem }) because of 4 msg, msg 1 took 759ms (seq=62 running=144ms runnable=25ms io=102ms h=android.app.ActivityThread$H w=159)
07-03 21:49:46.893  1958  5256 I Timeline: Timeline: App_transition_ready time:121730282
07-03 21:49:46.893  1958  5256 I Timeline: Timeline: App_transition_stopped time:121730282
07-03 21:49:46.908  1958  4415 W WindowManager: Failed looking up window callers=com.android.server.wm.WindowManagerService.windowForClientLocked:5864 com.android.server.wm.WindowManagerService.relayoutWindow:2244 com.android.server.wm.Session.relayout:194
07-03 21:49:46.923  1958  4415 W WindowManager: Failed looking up window callers=com.android.server.wm.WindowManagerService.windowForClientLocked:5864 com.android.server.wm.WindowManagerService.removeWindow:2014 com.android.server.wm.Session.remove:176
07-03 21:49:46.984  1958  2010 I ActivityManager: Force stopping com.BHG.gurbani appid=10776 user=-1: installPackageLI
07-03 21:49:46.984  1958  2022 I PackageManager: Update package com.BHG.gurbani code path from /data/app/com.BHG.gurbani-CAIGYy1o5wKAjeVUqACE0g== to /data/app/com.BHG.gurbani-R9FpinCQzRl8YzKDP4I_Zw==; Retain data and using new
07-03 21:49:46.984  1958  2022 I PackageManager: Update package com.BHG.gurbani resource path from /data/app/com.BHG.gurbani-CAIGYy1o5wKAjeVUqACE0g== to /data/app/com.BHG.gurbani-R9FpinCQzRl8YzKDP4I_Zw==; Retain data and using new
07-03 21:49:47.226  1958  2022 W FileUtils: Slow Operation: fsync took 169ms
07-03 21:49:47.296  1958  2022 I PackageManager: Un-granting permission android.permission.WRITE_MEDIA_STORAGE from package com.jio.media.jiobeats (protectionLevel=18 flags=0x20d83e44)
07-03 21:49:47.297  1958  2022 I PackageManager: Un-granting permission android.permission.WRITE_SETTINGS from package com.jio.media.jiobeats (protectionLevel=1218 flags=0x20d83e44)
07-03 21:49:47.297  1958  2022 I PackageManager: Un-granting permission android.permission.MANAGE_DOCUMENTS from package com.google.android.youtube (protectionLevel=262146 flags=0x20dbbec5)
07-03 21:49:47.297  1958  2022 I PackageManager: Un-granting permission android.permission.REQUEST_INSTALL_PACKAGES from package com.revanced.net.revancedmanager (protectionLevel=66 flags=0x20c8be44)
07-03 21:49:47.298  1958  2022 I PackageManager: Un-granting permission android.permission.CAPTURE_AUDIO_OUTPUT from package com.google.android.googlequicksearchbox (protectionLevel=18 flags=0xa8dbbec5)
07-03 21:49:47.298  1958  2022 I PackageManager: Un-granting permission android.permission.SUBSTITUTE_SHARE_TARGET_APP_NAME_AND_ICON from package com.google.android.googlequicksearchbox (protectionLevel=18 flags=0xa8dbbec5)
07-03 21:49:47.299  1958  2022 I PackageManager: Un-granting permission android.permission.CAPTURE_MEDIA_OUTPUT from package com.google.android.googlequicksearchbox (protectionLevel=18 flags=0xa8dbbec5)
07-03 21:49:47.299  1958  2022 I PackageManager: Un-granting permission android.permission.MODIFY_AUDIO_ROUTING from package com.google.android.googlequicksearchbox (protectionLevel=18 flags=0xa8dbbec5)
07-03 21:49:47.299  1958  2022 I PackageManager: Un-granting permission com.google.android.googleapps.permission.GOOGLE_AUTH from package com.android.providers.calendar (protectionLevel=2 flags=0x20883e45)
07-03 21:49:47.299  1958  2022 I PackageManager: Un-granting permission com.google.android.googleapps.permission.GOOGLE_AUTH.cl from package com.android.providers.calendar (protectionLevel=2 flags=0x20883e45)
07-03 21:49:47.299  1958  2022 I PackageManager: Un-granting permission android.permission.SYSTEM_ALERT_WINDOW from package org.telegram.messenger (protectionLevel=1250 flags=0x289bbe44)
07-03 21:49:47.299  1958  2022 I PackageManager: Un-granting permission android.permission.REQUEST_INSTALL_PACKAGES from package org.telegram.messenger (protectionLevel=66 flags=0x289bbe44)
07-03 21:49:47.300  1958  2022 I PackageManager: Un-granting permission android.permission.MANAGE_DOCUMENTS from package app.revanced.android.youtube (protectionLevel=262146 flags=0x30dbbe44)
07-03 21:49:47.301  1958  2022 I PackageManager: Un-granting permission android.permission.SYSTEM_ALERT_WINDOW from package app.revanced.android.youtube (protectionLevel=1250 flags=0x30dbbe44)
07-03 21:49:47.301  1958  2022 I PackageManager: Un-granting permission android.permission.WRITE_SECURE_SETTINGS from package com.antutu.ABenchMark (protectionLevel=50 flags=0x2288be46)
07-03 21:49:47.302  1958  2022 I PackageManager: Un-granting permission android.permission.REQUEST_INSTALL_PACKAGES from package com.whatsapp (protectionLevel=66 flags=0x20cbbe44)
07-03 21:49:47.302  1958  2022 I PackageManager: Un-granting permission android.permission.HIDE_NON_SYSTEM_OVERLAY_WINDOWS from package com.android.companiondevicemanager (protectionLevel=258 flags=0x30c83e45)
07-03 21:49:47.303  1958  2022 I PackageManager: Un-granting permission android.permission.MANAGE_USERS from package com.miui.securitycenter (protectionLevel=18 flags=0x20c9bec5)
07-03 21:49:47.303  1958  2022 I PackageManager: Un-granting permission android.permission.INTERACT_ACROSS_USERS from package com.miui.securitycenter (protectionLevel=50 flags=0x20c9bec5)
07-03 21:49:47.303  1958  2022 I PackageManager: Un-granting permission android.permission.READ_PRIVILEGED_PHONE_STATE from package com.miui.securitycenter (protectionLevel=18 flags=0x20c9bec5)
07-03 21:49:47.303  1958  2022 I PackageManager: Un-granting permission android.permission.WRITE_MEDIA_STORAGE from package ru.zdevs.zarchiver (protectionLevel=18 flags=0x30d8be44)
07-03 21:49:47.303  1958  2022 I PackageManager: Un-granting permission android.permission.REQUEST_INSTALL_PACKAGES from package ru.zdevs.zarchiver (protectionLevel=66 flags=0x30d8be44)
07-03 21:49:47.304  1958  2022 I PackageManager: Un-granting permission android.permission.SYSTEM_ALERT_WINDOW from package com.glgjing.captain (protectionLevel=1250 flags=0x3088be44)
07-03 21:49:47.304  1958  2022 I PackageManager: Un-granting permission android.permission.PACKAGE_USAGE_STATS from package com.glgjing.captain (protectionLevel=114 flags=0x3088be44)
07-03 21:49:47.304  1958  2022 I PackageManager: Un-granting permission android.permission.START_ACTIVITIES_FROM_BACKGROUND from package com.android.soundrecorder (protectionLevel=49682 flags=0x30c83e85)
07-03 21:49:47.304  1958  2022 I PackageManager: Un-granting permission android.permission.WRITE_SETTINGS from package in.mohalla.sharechat (protectionLevel=1218 flags=0x30d8be44)
07-03 21:49:47.304  1958  2022 I PackageManager: Un-granting permission android.permission.SYSTEM_ALERT_WINDOW from package in.mohalla.sharechat (protectionLevel=1250 flags=0x30d8be44)
07-03 21:49:47.305  1958  2022 I PackageManager: Un-granting permission android.permission.REQUEST_INSTALL_PACKAGES from package com.android.providers.downloads.ui (protectionLevel=66 flags=0x30c8be45)
07-03 21:49:47.305  1958  2022 I PackageManager: Un-granting permission android.permission.HIDE_NON_SYSTEM_OVERLAY_WINDOWS from package com.android.vending (protectionLevel=258 flags=0x28cabec5)
07-03 21:49:47.305  1958  2022 I PackageManager: Un-granting permission android.permission.SEND_DOWNLOAD_COMPLETED_INTENTS from package com.android.vending (protectionLevel=2 flags=0x28cabec5)
07-03 21:49:47.307  1958  2022 I PackageManager: Un-granting permission android.permission.SYSTEM_ALERT_WINDOW from package com.hecorat.screenrecorder.free (protectionLevel=1250 flags=0x20c8be44)
07-03 21:49:47.307  1958  2022 I PackageManager: Un-granting permission com.google.android.googleapps.permission.GOOGLE_AUTH.mail from package com.android.contacts (protectionLevel=2 flags=0x38c9be45)
07-03 21:49:47.308  1958  2022 I PackageManager: Un-granting permission android.permission.CHANGE_CONFIGURATION from package com.tiqiaa.remote (protectionLevel=50 flags=0x30c8be44)
07-03 21:49:47.308  1958  2022 I PackageManager: Un-granting permission android.permission.SET_DEBUG_APP from package com.tiqiaa.remote (protectionLevel=50 flags=0x30c8be44)
07-03 21:49:47.308  1958  2022 I PackageManager: Un-granting permission android.permission.WRITE_SETTINGS from package com.tiqiaa.remote (protectionLevel=1218 flags=0x30c8be44)
07-03 21:49:47.308  1958  2022 I PackageManager: Un-granting permission android.permission.DEVICE_POWER from package com.tiqiaa.remote (protectionLevel=2 flags=0x30c8be44)
07-03 21:49:47.308  1958  2022 I PackageManager: Un-granting permission com.android.launcher.permission.READ_SETTINGS from package com.tiqiaa.remote (protectionLevel=18 flags=0x30c8be44)
07-03 21:49:47.308  1958  2022 I PackageManager: Un-granting permission android.permission.INTERACT_ACROSS_USERS_FULL from package com.tiqiaa.remote (protectionLevel=258 flags=0x30c8be44)
07-03 21:49:47.308  1958  2022 I PackageManager: Un-granting permission android.permission.SYSTEM_ALERT_WINDOW from package com.tiqiaa.remote (protectionLevel=1250 flags=0x30c8be44)
07-03 21:49:47.308  1958  2022 I PackageManager: Un-granting permission android.permission.SEND_DOWNLOAD_COMPLETED_INTENTS from package com.tiqiaa.remote (protectionLevel=2 flags=0x30c8be44)
07-03 21:49:47.308  1958  2022 I PackageManager: Un-granting permission android.permission.DUMP from package com.digibites.accubattery (protectionLevel=50 flags=0x20c83e44)
07-03 21:49:47.308  1958  2022 I PackageManager: Un-granting permission android.permission.PACKAGE_USAGE_STATS from package com.digibites.accubattery (protectionLevel=114 flags=0x20c83e44)
07-03 21:49:47.308  1958  2022 I PackageManager: Un-granting permission android.permission.SYSTEM_ALERT_WINDOW from package com.digibites.accubattery (protectionLevel=1250 flags=0x20c83e44)
07-03 21:49:47.308  1958  2022 I PackageManager: Un-granting permission android.permission.START_ACTIVITIES_FROM_BACKGROUND from package com.android.mms (protectionLevel=49682 flags=0x38c9bee5)
07-03 21:49:47.308  1958  2022 I PackageManager: Un-granting permission com.xiaomi.simactivate.service.ACTIVATE_SIM from package com.android.mms (protectionLevel=2 flags=0x38c9bee5)
07-03 21:49:47.308  1958  2022 I PackageManager: Un-granting permission android.permission.WRITE_APN_SETTINGS from package com.android.mms (protectionLevel=18 flags=0x38c9bee5)
07-03 21:49:47.308  1958  2022 I PackageManager: Un-granting permission miui.permission.JOYOSE from package com.android.mms (protectionLevel=2 flags=0x38c9bee5)
07-03 21:49:47.308  1958  2022 I PackageManager: Un-granting permission com.miui.systemAdSolution.LOCAL_AD_PROVIDER from package com.android.mms (protectionLevel=2 flags=0x38c9bee5)
07-03 21:49:47.308  1958  2022 I PackageManager: Un-granting permission com.android.settings.permission.CLOUD_SETTINGS_PROVIDER from package com.android.mms (protectionLevel=18 flags=0x38c9bee5)
07-03 21:49:47.309  1958  2022 I PackageManager: Un-granting permission android.permission.ACCESS_DOWNLOAD_MANAGER frompackage com.microsoft.rdc.android (protectionLevel=18 flags=0x3098be44)
07-03 21:49:47.309  1958  2022 I PackageManager: Un-granting permission android.permission.REQUEST_INSTALL_PACKAGES from package com.apk.editor (protectionLevel=66 flags=0x20c8be44)
07-03 21:49:47.310  1958  2022 I PackageManager: Un-granting permission android.permission.REQUEST_INSTALL_PACKAGES from package com.google.android.gm (protectionLevel=66 flags=0x28dbbec5)
07-03 21:49:47.310  1958  2022 I PackageManager: Un-granting permission com.google.android.providers.gsf.permission.WRITE_GSERVICES from package com.google.android.apps.playconsole (protectionLevel=2 flags=0x2088be44)
07-03 21:49:47.311  1958  2022 I PackageManager: Un-granting permission android.permission.WRITE_SECURE_SETTINGS from package com.android.printspooler (protectionLevel=50 flags=0x38c8be45)
07-03 21:49:47.312  1958  2022 I PackageManager: Un-granting permission android.permission.CHANGE_CONFIGURATION from package com.duokan.phone.remotecontroller (protectionLevel=50 flags=0x20983e44)
07-03 21:49:47.312  1958  2022 I PackageManager: Un-granting permission android.permission.CAPTURE_AUDIO_OUTPUT from package com.duokan.phone.remotecontroller (protectionLevel=18 flags=0x20983e44)
07-03 21:49:47.312  1958  2022 I PackageManager: Un-granting permission com.xiaomi.permission.CLOUD_MANAGER from package com.duokan.phone.remotecontroller (protectionLevel=18 flags=0x20983e44)
07-03 21:49:47.312  1958  2022 I PackageManager: Un-granting permission com.android.launcher.permission.READ_SETTINGS from package com.duokan.phone.remotecontroller (protectionLevel=18 flags=0x20983e44)
07-03 21:49:47.312  1958  2022 I PackageManager: Un-granting permission android.permission.WRITE_SETTINGS from package com.duokan.phone.remotecontroller (protectionLevel=1218 flags=0x20983e44)
07-03 21:49:47.312  1958  2022 I PackageManager: Un-granting permission com.miui.securitycenter.permission.SYSTEM_PERMISSION_DECLARE from package com.duokan.phone.remotecontroller (protectionLevel=18 flags=0x20983e44)
07-03 21:49:47.312  1958  2022 I PackageManager: Un-granting permission android.permission.MOUNT_UNMOUNT_FILESYSTEMS from package com.duokan.phone.remotecontroller (protectionLevel=18 flags=0x20983e44)
07-03 21:49:47.312  1958  2022 I PackageManager: Un-granting permission android.permission.REAL_GET_TASKS from package com.google.android.apps.wellbeing (protectionLevel=18 flags=0x20cbbec5)
07-03 21:49:47.312  1958  2022 I PackageManager: Un-granting permission android.permission.START_TASKS_FROM_RECENTS from package com.google.android.apps.wellbeing (protectionLevel=18 flags=0x20cbbec5)
07-03 21:49:47.312  1958  2022 I PackageManager: Un-granting permission android.permission.MODIFY_DAY_NIGHT_MODE from package com.google.android.apps.wellbeing (protectionLevel=18 flags=0x20cbbec5)
07-03 21:49:47.313  1958  2022 I PackageManager: Un-granting permission android.permission.REQUEST_INSTALL_PACKAGES from package com.google.android.apps.docs (protectionLevel=66 flags=0x28cbbe44)
07-03 21:49:47.314  1958  2022 I PackageManager: Un-granting permission android.permission.SYSTEM_ALERT_WINDOW from package com.frontrow.vlog (protectionLevel=1250 flags=0x38983c44)
07-03 21:49:47.314  1958  2022 I PackageManager: Un-granting permission android.permission.ACCESS_MTP from package com.miui.cloudbackup (protectionLevel=18 flags=0x20d83ec5)
07-03 21:49:47.314  1958  2022 I PackageManager: Un-granting permission android.permission.SYSTEM_ALERT_WINDOW from package com.opera.browser (protectionLevel=1250 flags=0xa4c9be44)
07-03 21:49:47.314  1958  2022 I PackageManager: Un-granting permission android.permission.REQUEST_INSTALL_PACKAGES from package com.opera.browser (protectionLevel=66 flags=0xa4c9be44)
07-03 21:49:47.314  1958  2022 I PackageManager: Un-granting permission android.permission.INTERACT_ACROSS_USERS from package com.google.android.syncadapters.contacts (protectionLevel=50 flags=0x20883e45)
07-03 21:49:47.315  1958  2022 I PackageManager: Un-granting permission android.permission.REQUEST_INSTALL_PACKAGES from package com.android.chrome (protectionLevel=66 flags=0xa0cbbec5)
07-03 21:49:47.315  1958  2022 I PackageManager: Un-granting permission android.permission.SYSTEM_ALERT_WINDOW from package com.teamsmart.videomanager.tv (protectionLevel=1250 flags=0x38d83e44)
07-03 21:49:47.315  1958  2022 I PackageManager: Un-granting permission android.permission.READ_PRIVILEGED_PHONE_STATE from package com.teamsmart.videomanager.tv (protectionLevel=18 flags=0x38d83e44)
07-03 21:49:47.315  1958  2022 I PackageManager: Un-granting permission android.permission.REQUEST_INSTALL_PACKAGES from package com.teamsmart.videomanager.tv (protectionLevel=66 flags=0x38d83e44)
07-03 21:49:47.315  1958  2022 I PackageManager: Un-granting permission android.permission.WRITE_EMBEDDED_SUBSCRIPTIONSfrom package com.google.android.gms (protectionLevel=50 flags=0xa0cabec5)
07-03 21:49:47.315  1958  2022 I PackageManager: Un-granting permission android.permission.CAPTURE_VIDEO_OUTPUT from package com.google.android.gms (protectionLevel=2 flags=0xa0cabec5)
07-03 21:49:47.315  1958  2022 I PackageManager: Un-granting permission android.permission.FORCE_STOP_PACKAGES from package com.google.android.gms (protectionLevel=18 flags=0xa0cabec5)
07-03 21:49:47.316  1958  2022 I PackageManager: Un-granting permission android.permission.MODIFY_DEFAULT_AUDIO_EFFECTSfrom package com.google.android.gms (protectionLevel=18 flags=0xa0cabec5)
07-03 21:49:47.316  1958  2022 I PackageManager: Un-granting permission android.permission.MANAGE_DEVICE_ADMINS from package com.google.android.gms (protectionLevel=2 flags=0xa0cabec5)
07-03 21:49:47.316  1958  2022 I PackageManager: Un-granting permission android.permission.MANAGE_ACTIVITY_STACKS from package com.google.android.gms (protectionLevel=2 flags=0xa0cabec5)
07-03 21:49:47.316  1958  2022 I PackageManager: Un-granting permission android.permission.CAPTURE_SECURE_VIDEO_OUTPUT from package com.google.android.gms (protectionLevel=2 flags=0xa0cabec5)
07-03 21:49:47.316  1958  2022 I PackageManager: Un-granting permission android.permission.MANAGE_ROLLBACKS from package com.google.android.gms (protectionLevel=514 flags=0xa0cabec5)
07-03 21:49:47.316  1958  2022 I PackageManager: Un-granting permission android.permission.MEDIA_CONTENT_CONTROL from package com.google.android.gms (protectionLevel=18 flags=0xa0cabec5)
07-03 21:49:47.316  1958  2022 I PackageManager: Un-granting permission android.permission.HIDE_NON_SYSTEM_OVERLAY_WINDOWS from package com.google.android.gms (protectionLevel=258 flags=0xa0cabec5)
07-03 21:49:47.316  1958  2022 I PackageManager: Un-granting permission android.permission.UPDATE_APP_OPS_STATS from package com.google.android.tts (protectionLevel=274 flags=0x34cbbec5)
07-03 21:49:47.316  1958  2022 I PackageManager: Un-granting permission android.permission.START_ACTIVITIES_FROM_BACKGROUND from package com.google.android.tts (protectionLevel=49682 flags=0x34cbbec5)
07-03 21:49:47.317  1958  2022 I PackageManager: Un-granting permission android.permission.CHANGE_DEVICE_IDLE_TEMP_WHITELIST from package app.revanced.android.gms (protectionLevel=18 flags=0xb088be44)
07-03 21:49:47.317  1958  2022 I PackageManager: Un-granting permission android.permission.UPDATE_APP_OPS_STATS from package app.revanced.android.gms (protectionLevel=274 flags=0xb088be44)
07-03 21:49:47.317  1958  2022 I PackageManager: Un-granting permission android.permission.LOCATION_HARDWARE from package app.revanced.android.gms (protectionLevel=18 flags=0xb088be44)
07-03 21:49:47.317  1958  2022 I PackageManager: Un-granting permission android.permission.INSTALL_LOCATION_PROVIDER from package app.revanced.android.gms (protectionLevel=18 flags=0xb088be44)
07-03 21:49:47.317  1958  2022 I PackageManager: Un-granting permission android.permission.NETWORK_SCAN from package app.revanced.android.gms (protectionLevel=18 flags=0xb088be44)
07-03 21:49:47.317  1958  2022 I PackageManager: Un-granting permission android.permission.MODIFY_PHONE_STATE from package app.revanced.android.gms (protectionLevel=18 flags=0xb088be44)
07-03 21:49:47.317  1958  2022 I PackageManager: Un-granting permission android.permission.SYSTEM_ALERT_WINDOW from package app.revanced.android.gms (protectionLevel=1250 flags=0xb088be44)
07-03 21:49:47.317  1958  2022 I PackageManager: Un-granting permission android.permission.MANAGE_USB from package app.revanced.android.gms (protectionLevel=18 flags=0xb088be44)
07-03 21:49:47.317  1958  2022 I PackageManager: Un-granting permission android.permission.START_ACTIVITIES_FROM_BACKGROUND from package app.revanced.android.gms (protectionLevel=49682 flags=0xb088be44)
07-03 21:49:47.317  1958  2022 I PackageManager: Un-granting permission android.permission.UPDATE_DEVICE_STATS from package app.revanced.android.gms (protectionLevel=18 flags=0xb088be44)
07-03 21:49:47.317  1958  2022 I PackageManager: Un-granting permission android.permission.WATCH_APPOPS from package app.revanced.android.gms (protectionLevel=18 flags=0xb088be44)
07-03 21:49:47.318  1958  2022 I PackageManager: Un-granting permission android.permission.SYSTEM_ALERT_WINDOW from package com.gmail.heagoo.apkeditor.pro (protectionLevel=1250 flags=0x3898be44)
07-03 21:49:47.318  1958  2022 I PackageManager: Un-granting permission android.permission.PACKAGE_USAGE_STATS from package com.gmail.heagoo.apkeditor.pro (protectionLevel=114 flags=0x3898be44)
07-03 21:49:47.318  1958  2022 I PackageManager: Un-granting permission android.permission.REQUEST_INSTALL_PACKAGES from package com.gmail.heagoo.apkeditor.pro (protectionLevel=66 flags=0x3898be44)
07-03 21:49:47.319  1958  2022 I PackageManager: Un-granting permission android.permission.WRITE_SETTINGS from package com.jio.myjio (protectionLevel=1218 flags=0x38d83e44)
07-03 21:49:47.319  1958  2022 I PackageManager: Un-granting permission android.permission.INTERACT_ACROSS_USERS from package com.jio.myjio (protectionLevel=50 flags=0x38d83e44)
07-03 21:49:47.319  1958  2022 I PackageManager: Un-granting permission android.permission.READ_PRIVILEGED_PHONE_STATE from package com.jio.myjio (protectionLevel=18 flags=0x38d83e44)
07-03 21:49:47.319  1958  2022 I PackageManager: Un-granting permission android.permission.CAPTURE_VIDEO_OUTPUT from package com.jio.myjio (protectionLevel=2 flags=0x38d83e44)
07-03 21:49:47.319  1958  2022 I PackageManager: Un-granting permission android.permission.BROADCAST_SMS from package com.jio.myjio (protectionLevel=2 flags=0x38d83e44)
07-03 21:49:47.319  1958  2022 I PackageManager: Un-granting permission android.permission.SYSTEM_ALERT_WINDOW from package com.google.android.apps.photos (protectionLevel=1250 flags=0x38dbbe44)
07-03 21:49:47.320  1958  2022 I PackageManager: Un-granting permission android.permission.WRITE_SETTINGS from package com.google.android.apps.photos (protectionLevel=1218 flags=0x38dbbe44)
07-03 21:49:47.320  1958  2022 I PackageManager: Un-granting permission android.permission.WRITE_MEDIA_STORAGE from package com.google.android.apps.photos (protectionLevel=18 flags=0x38dbbe44)
07-03 21:49:47.321  1958  2022 I PackageManager: Un-granting permission android.permission.SYSTEM_ALERT_WINDOW from package com.wondershare.filmorago (protectionLevel=1250 flags=0x38d83e44)
07-03 21:49:47.321  1958  2022 I PackageManager: Un-granting permission com.android.launcher.permission.READ_SETTINGS from package com.wondershare.filmorago (protectionLevel=18 flags=0x38d83e44)
07-03 21:49:47.321  1958  2022 I PackageManager: Un-granting permission com.android.launcher.permission.WRITE_SETTINGS from package com.wondershare.filmorago (protectionLevel=18 flags=0x38d83e44)
07-03 21:49:47.321  1958  2022 I PackageManager: Un-granting permission android.permission.SYSTEM_ALERT_WINDOW from package com.dv.adm (protectionLevel=1250 flags=0x2888be44)
07-03 21:49:47.321  1958  2022 I PackageManager: Un-granting permission android.permission.WRITE_SETTINGS from package com.valvesoftware.android.steam.community (protectionLevel=1218 flags=0x20883e44)
07-03 21:49:47.321  1958  2022 I PackageManager: Un-granting permission android.permission.REQUEST_INSTALL_PACKAGES from package com.yablio.sendfilestotv (protectionLevel=66 flags=0x30c8be44)
07-03 21:49:47.322  1958  2022 I PackageManager: Un-granting permission android.permission.REQUEST_INSTALL_PACKAGES from package org.mozilla.firefox (protectionLevel=66 flags=0x38c83e44)
07-03 21:49:47.322  1958  2022 I PackageManager: Un-granting permission android.permission.SYSTEM_ALERT_WINDOW from package com.google.android.apps.translate (protectionLevel=1250 flags=0x34c9be44)
07-03 21:49:47.323  1958  2022 I PackageManager: Un-granting permission miui.permission.EXTRA_NETWORK from package com.miui.weather2 (protectionLevel=18 flags=0x30c9bec5)
07-03 21:49:47.324  1958  2022 I PackageManager: Un-granting permission com.miui.securitycenter.permission.SYSTEM_PERMISSION_DECLARE from package com.miui.weather2 (protectionLevel=18 flags=0x30c9bec5)
07-03 21:49:47.324  1958  2022 I PackageManager: Un-granting permission com.miui.bugreport.permission.DUMP_CACHED_LOG from package com.miui.weather2 (protectionLevel=2 flags=0x30c9bec5)
07-03 21:49:47.324  1958  2022 I PackageManager: Un-granting permission com.google.android.finsky.permission.GEARHEAD_SERVICE from package com.google.android.projection.gearhead (protectionLevel=18 flags=0x2888bec5)
07-03 21:49:47.324  1958  2022 I PackageManager: Un-granting permission android.permission.CHANGE_COMPONENT_ENABLED_STATE from package com.google.android.projection.gearhead (protectionLevel=18 flags=0x2888bec5)
07-03 21:49:47.324  1958  2022 I PackageManager: Un-granting permission android.permission.UPDATE_APP_OPS_STATS from package com.google.android.projection.gearhead (protectionLevel=274 flags=0x2888bec5)
07-03 21:49:47.324  1958  2022 I PackageManager: Un-granting permission android.permission.POWER_SAVER from package com.google.android.projection.gearhead (protectionLevel=18 flags=0x2888bec5)
07-03 21:49:47.324  1958  2022 I PackageManager: Un-granting permission android.permission.TETHER_PRIVILEGED from package com.google.android.projection.gearhead (protectionLevel=18 flags=0x2888bec5)
07-03 21:49:47.324  1958  2022 I PackageManager: Un-granting permission android.permission.INTERACT_ACROSS_PROFILES from package com.google.android.projection.gearhead (protectionLevel=18 flags=0x2888bec5)
07-03 21:49:47.324  1958  2022 I PackageManager: Un-granting permission android.permission.CAPTURE_SECURE_VIDEO_OUTPUT from package com.google.android.projection.gearhead (protectionLevel=2 flags=0x2888bec5)
07-03 21:49:47.324  1958  2022 I PackageManager: Un-granting permission android.permission.MANAGE_DOCUMENTS from package cn.xender (protectionLevel=262146 flags=0x30d83e44)
07-03 21:49:47.324  1958  2022 I PackageManager: Un-granting permission android.permission.MOUNT_UNMOUNT_FILESYSTEMS from package cn.xender (protectionLevel=18 flags=0x30d83e44)
07-03 21:49:47.324  1958  2022 I PackageManager: Un-granting permission android.permission.NETWORK_STACK from package cn.xender (protectionLevel=2 flags=0x30d83e44)
07-03 21:49:47.324  1958  2022 I PackageManager: Un-granting permission android.permission.SYSTEM_ALERT_WINDOW from package cn.xender (protectionLevel=1250 flags=0x30d83e44)
07-03 21:49:47.324  1958  2022 I PackageManager: Un-granting permission android.permission.WRITE_SETTINGS from package cn.xender (protectionLevel=1218 flags=0x30d83e44)
07-03 21:49:47.325  1958  2022 I PackageManager: Un-granting permission android.permission.CHANGE_CONFIGURATION from package cn.xender (protectionLevel=50 flags=0x30d83e44)
07-03 21:49:47.325  1958  2022 I PackageManager: Un-granting permission android.permission.REQUEST_INSTALL_PACKAGES from package cn.xender (protectionLevel=66 flags=0x30d83e44)
07-03 21:49:47.325  1958  2022 I PackageManager: Un-granting permission com.android.launcher.permission.READ_SETTINGS from package cn.xender (protectionLevel=18 flags=0x30d83e44)
07-03 21:49:47.325  1958  2022 I PackageManager: Un-granting permission com.android.launcher.permission.WRITE_SETTINGS from package cn.xender (protectionLevel=18 flags=0x30d83e44)
07-03 21:49:47.325  1958  2022 I PackageManager: Un-granting permission com.google.android.googleapps.permission.GOOGLE_AUTH.mail from package com.xiaomi.calendar (protectionLevel=2 flags=0x38c9bec5)
07-03 21:49:47.327  1958  2022 I PackageManager: Un-granting permission android.permission.SYSTEM_ALERT_WINDOW from package com.iprototypes.volume (protectionLevel=1250 flags=0x3088be44)
07-03 21:49:47.327  1958  2022 I PackageManager: Un-granting permission android.permission.REQUEST_INSTALL_PACKAGES from package com.wondershare.drfone.link (protectionLevel=66 flags=0x30c8be44)
07-03 21:49:47.327  1958  2022 I PackageManager: Un-granting permission android.permission.ACCESS_MOCK_LOCATION from package com.wondershare.drfone.link (protectionLevel=2 flags=0x30c8be44)
07-03 21:49:47.327  1958  2022 I PackageManager: Un-granting permission android.permission.WRITE_SETTINGS from package com.wondershare.drfone.link (protectionLevel=1218 flags=0x30c8be44)
07-03 21:49:47.327  1958  2022 I PackageManager: Un-granting permission android.permission.DEVICE_POWER from package com.wondershare.drfone.link (protectionLevel=2 flags=0x30c8be44)
07-03 21:49:47.327  1958  2022 I PackageManager: Un-granting permission android.permission.MOUNT_UNMOUNT_FILESYSTEMS from package com.wondershare.drfone.link (protectionLevel=18 flags=0x30c8be44)
07-03 21:49:47.327  1958  2022 I PackageManager: Un-granting permission android.permission.INSTALL_PACKAGES from package com.wondershare.drfone.link (protectionLevel=18 flags=0x30c8be44)
07-03 21:49:47.327  1958  2022 I PackageManager: Un-granting permission android.permission.DELETE_PACKAGES from packagecom.wondershare.drfone.link (protectionLevel=18 flags=0x30c8be44)
07-03 21:49:47.327  1958  2022 I PackageManager: Un-granting permission android.permission.CLEAR_APP_CACHE from packagecom.wondershare.drfone.link (protectionLevel=18 flags=0x30c8be44)
07-03 21:49:47.327  1958  2022 I PackageManager: Un-granting permission com.android.launcher.permission.READ_SETTINGS from package com.wondershare.drfone.link (protectionLevel=18 flags=0x30c8be44)
07-03 21:49:47.327  1958  2022 I PackageManager: Un-granting permission android.permission.UPDATE_DEVICE_STATS from package com.wondershare.drfone.link (protectionLevel=18 flags=0x30c8be44)
07-03 21:49:47.327  1958  2022 I PackageManager: Un-granting permission android.permission.MODIFY_PHONE_STATE from package com.wondershare.drfone.link (protectionLevel=18 flags=0x30c8be44)
07-03 21:49:47.329  1958  2022 I PackageManager: Un-granting permission android.permission.SYSTEM_ALERT_WINDOW from package info.kfsoft.force.rotation (protectionLevel=1250 flags=0x20883e44)
07-03 21:49:47.329  1958  2022 I PackageManager: Un-granting permission android.permission.PACKAGE_USAGE_STATS from package info.kfsoft.force.rotation (protectionLevel=114 flags=0x20883e44)
07-03 21:49:47.329  1958  2022 I PackageManager: Un-granting permission com.xiaomi.permission.CLOUD_MANAGER from package com.mipay.wallet.in (protectionLevel=18 flags=0x38c83e45)
07-03 21:49:47.329  1958  2022 I PackageManager: Un-granting permission android.permission.REQUEST_INSTALL_PACKAGES from package com.mipay.wallet.in (protectionLevel=66 flags=0x38c83e45)
07-03 21:49:47.330  1958  2022 I PackageManager: Un-granting permission android.permission.READ_PRIVILEGED_PHONE_STATE from package com.miui.core (protectionLevel=18 flags=0x28883e05)
07-03 21:49:47.330  1958  2022 I PackageManager: Un-granting permission android.permission.INTERACT_ACROSS_PROFILES from package com.google.android.inputmethod.latin (protectionLevel=18 flags=0x20cabec5)
07-03 21:49:47.474  1958  2022 W FileUtils: Slow Operation: fsync took 110ms
07-03 21:49:55.483  1958  2022 W BpBinder: Slow Binder: BpBinder transact took 7962ms, interface=android.os.IInstalld, code=14 oneway=false
