07-03 21:36:57.731  1958  2011 I ActivityManager: Start proc 6836:com.android.mms/u0a86 for backup {com.android.mms/com.android.mms.backup.MmsBackupAgent} caller=Backup
07-03 21:36:57.742  1958  5258 I ActivityManager: Killing 6316:com.android.cellbroadcastreceiver/u0a90 (adj 955): empty#17
07-03 21:36:57.812  1958  5258 I ActivityManager: Killing 6340:com.miui.notes/u0a117 (adj 955): empty #17
07-03 21:36:58.297  1958  4963 I BackupManagerService: got agent android.app.IBackupAgent$Stub$Proxy@31427ba
07-03 21:36:58.317  1958  4963 I BackupRestoreController: Getting widget state for user: 0
07-03 21:36:58.325  1958  5258 I ActivityManager: Killing 6108:com.google.android.googlequicksearchbox:googleapp/u0a186(adj 965): empty #17
07-03 21:36:58.361  1958  2011 I ActivityManager: Start proc 6971:com.android.chrome/u0a193 for backup {com.android.chrome/org.chromium.chrome.browser.backup.ChromeBackupAgent} caller=Backup
07-03 21:36:58.371  6836  6950 I Ad      : isPersonalizedAdEnabled getAdSettings: 3
07-03 21:36:58.372  6836  6950 I Ad      : isPersonalizedAdEnabled getAdSettings: 3
07-03 21:36:58.392  6836  6960 I Ad      : isPersonalizedAdEnabled getAdSettings: 3
07-03 21:36:58.520  1958  2645 W ActivityManager: Scheduling restart of crashed service com.google.android.googlequicksearchbox/com.google.android.libraries.search.integrations.tiktok.RemoteWorkerService_googleapp in 1000ms
07-03 21:36:58.525  1958  1996 W ActivityManager: setHasOverlayUi called on unknown pid: 6108
07-03 21:36:58.598  1958  2011 I ActivityManager: Start proc 7039:com.xiaomi.simactivate.service/u0a163 for service {com.xiaomi.simactivate.service/com.xiaomi.activate.ActivateService} caller=com.android.mms
07-03 21:36:58.612  6836  6959 W BpBinder: Slow Binder: BpBinder transact took 291ms, interface=android.content.IContentProvider, code=1 oneway=false
07-03 21:36:58.634  6836  6962 W BpBinder: Slow Binder: BpBinder transact took 252ms, interface=android.content.IContentProvider, code=1 oneway=false
07-03 21:36:58.803  1958  4963 I BackupManagerService: got agent android.app.IBackupAgent$Stub$Proxy@6560b58
07-03 21:36:59.147  1958  5271 I ActivityManager: Killing 6113:com.google.android.apps.youtube.creator/u0a252 (adj 955): empty #17
07-03 21:36:59.546  1958  2011 I ActivityManager: Start proc 7109:com.google.android.googlequicksearchbox:googleapp/u0a186 for service {com.google.android.googlequicksearchbox/com.google.android.libraries.search.integrations.tiktok.RemoteWorkerService_googleapp} caller=com.google.android.googlequicksearchbox
07-03 21:36:59.777  1958  2011 I ActivityManager: Start proc 7139:com.android.vending/u0a175 for service {com.android.vending/com.google.android.finsky.installservice.DevTriggeredUpdateService} caller=com.android.chrome
07-03 21:37:00.897  6971  6971 W Looper  : Slow Looper main: Long Msg: seq=9 plan=21:36:58.816  late=0ms wall=2080ms running=413ms runnable=34ms io=1197ms h=android.os.Handler c=W96
07-03 21:37:01.083  1958  4963 I BackupRestoreController: Getting widget state for user: 0
07-03 21:37:01.120  1958  2011 I ActivityManager: Start proc 7168:com.android.thememanager/9801 for backup {com.android.thememanager/com.android.thememanager.util.ThemeBackupAgent} caller=Backup
07-03 21:37:01.143  1958  5236 I ActivityManager: Killing 17291:com.google.android.googlequicksearchbox:search/u0a186 (adj 965): empty #17
07-03 21:37:01.951  7139  7139 W Looper  : Slow Looper main: Long Msg: seq=2 plan=21:36:59.807  late=4ms wall=2138ms running=215ms runnable=56ms io=1416ms h=android.app.ActivityThread$H w=110
07-03 21:37:02.142  1958  4597 I ActivityManager: Killing 6393:com.google.android.marvin.talkback/u0a213 (adj 965): empty #17
07-03 21:37:02.296  7109  7109 W Looper  : Slow Looper main: Long Msg: seq=2 plan=21:36:59.567  late=1ms wall=2727ms running=340ms runnable=60ms io=2134ms h=android.app.ActivityThread$H w=110
07-03 21:37:02.462  1958  2360 I ActivityManager: Killing 6421:com.android.calllogbackup/u0a64 (adj 955): empty #17
07-03 21:37:03.027  1958  2011 I ActivityManager: Start proc 7372:com.android.vending:background/u0a175 for service {com.android.vending/com.google.frameworks.client.data.android.server.play.BackgroundProcessEndpointService} caller=com.android.vending
07-03 21:37:03.349  7168  7168 W Looper  : Slow Looper main: Long Msg: seq=2 plan=21:37:01.151  late=1ms wall=2197ms running=334ms runnable=122ms io=1156ms h=android.app.ActivityThread$H w=110
07-03 21:37:03.355  1958  4963 I BackupManagerService: got agent android.app.IBackupAgent$Stub$Proxy@431050
07-03 21:37:03.356  7168  7168 W Looper  : Slow Looper main: doFrame is 1162ms late because of 2 msg, msg 1 took 2197ms(seq=2 running=334ms runnable=122ms io=1156ms late=1ms h=android.app.ActivityThread$H w=110)
07-03 21:37:03.379  1958  4963 I BackupRestoreController: Getting widget state for user: 0
07-03 21:37:03.388  1958  4415 I ActivityManager: Killing 6447:android.process.acore/u0a64 (adj 965): empty #17
07-03 21:37:03.405  1958  5258 I ActivityManager: Killing 6477:org.pocketworkstation.pckeyboard/u0a324 (adj 965): empty#17
07-03 21:37:03.422  1958  2011 I ActivityManager: Start proc 7432:android.process.acore/u0a64 for backup {com.android.providers.blockednumber/com.android.providers.blockednumber.BlockedNumberBackupAgent} caller=Backup
07-03 21:37:03.683  1958  2011 I ActivityManager: Start proc 7471:com.google.android.webview:sandboxed_process0:org.chromium.content.app.SandboxedProcessService0:0/u0i295 for  {com.android.thememanager/org.chromium.content.app.SandboxedProcessService0:0} caller=com.android.thememanager
07-03 21:37:03.803  1958  4522 I ActivityManager: Killing 6500:org.telegram.messenger/u0a695 (adj 965): empty #17
07-03 21:37:03.841  1958  2011 I ActivityManager: Start proc 7512:com.google.android.webview:webview_service/u0a192 forservice {com.google.android.webview/org.chromium.android_webview.services.VariationsSeedServer} caller=com.android.thememanager
07-03 21:37:04.029  1958  4522 I ActivityManager: Killing 6565:com.android.contacts/u0a87 (adj 965): empty #17
07-03 21:37:04.085  1958  4963 I BackupManagerService: got agent android.app.IBackupAgent$Stub$Proxy@15ac741
07-03 21:37:04.170  1958  4963 I BackupRestoreController: Getting widget state for user: 0
07-03 21:37:04.197  1958  4522 I ActivityManager: Killing 6633:com.android.deskclock/u0a113 (adj 965): empty #17
07-03 21:37:04.210  1958  2011 I ActivityManager: Start proc 7578:com.miui.touchassistant/1000 for backup {com.miui.touchassistant/com.miui.touchassistant.localbackup.LocalBackupAgent} caller=Backup
07-03 21:37:04.433  1958  4963 I BackupManagerService: got agent android.app.IBackupAgent$Stub$Proxy@b135f5c
07-03 21:37:04.445  1958  4963 I BackupRestoreController: Getting widget state for user: 0
07-03 21:37:04.475  1958  2011 I ActivityManager: Start proc 7604:com.android.camera/u0a76 for backup {com.android.camera/com.android.camera.backup.CameraBackupAgent} caller=Backup
07-03 21:37:04.492  1958  4522 I ActivityManager: Killing 6683:com.miui.securitycenter/1000 (adj 965): empty #17
07-03 21:37:05.259  6971  7132 W FileUtils: Slow Operation: fsync took 123ms
07-03 21:37:05.649  7604  7604 W Looper  : Slow Looper main: Long Msg: seq=2 plan=21:37:04.494  late=1ms wall=1153ms running=441ms runnable=10ms io=556ms h=android.app.ActivityThread$H w=110
07-03 21:37:05.654  1958  4963 I BackupManagerService: got agent android.app.IBackupAgent$Stub$Proxy@ec30c24
07-03 21:37:05.665  1958  4963 I BackupRestoreController: Getting widget state for user: 0
07-03 21:37:05.695  1958  2011 I ActivityManager: Start proc 7639:com.google.android.apps.docs/u0a221 for backup {com.google.android.apps.docs/com.google.android.apps.docs.drive.app.backup.DriveBackupAgent} caller=Backup
07-03 21:37:05.713  1958  4525 I ActivityManager: Killing 6662:com.qualcomm.qti.poweroffalarm/1000 (adj 965): empty #17
07-03 21:37:06.299  1958  4963 I BackupManagerService: got agent android.app.IBackupAgent$Stub$Proxy@eb35029
07-03 21:37:06.385  1958  4963 I BackupRestoreController: Getting widget state for user: 0
07-03 21:37:06.444  1958  4522 I ActivityManager: Killing 6744:com.miui.cleaner/u0a102 (adj 955): empty #17
07-03 21:37:06.479  1958  4963 I BackupManagerService: got agent android.app.IBackupAgent$Stub$Proxy@19df388
07-03 21:37:06.965  6842 11984 W BpBinder: Slow Binder: BpBinder transact took 403ms, interface=android.accounts.IAccountManager, code=16 oneway=false
07-03 21:37:06.966 28084 28162 W FileUtils: Slow Operation: fsync took 295ms
07-03 21:37:07.016  1958  2101 W FileUtils: Slow Operation: fsync took 132ms
07-03 21:37:07.203  1958  4963 I BackupRestoreController: Getting widget state for user: 0
07-03 21:37:07.241  1958  2011 I ActivityManager: Start proc 7731:com.miui.gallery/u0a103 for backup {com.miui.gallery/com.miui.gallery.backup.GalleryBackupAgent} caller=Backup
07-03 21:37:07.294  1958  5090 W LocationProviderProxy: Odd, no component found for service com.android.location.service.v3.NetworkLocationProvider
07-03 21:37:07.947  1958  1958 W Looper  : Slow dispatch took 660ms main h=android.app.ActivityThread$H c=android.app.-$$Lambda$LoadedApk$ReceiverDispatcher$Args$_BumDX2UKsnxLVrE6UJsJZkotuA@97c3a8c m=0
07-03 21:37:07.948  1958  1958 W Looper  : Slow delivery took 660ms main h=android.app.ActivityThread$H c=android.app.-$$Lambda$LoadedApk$ReceiverDispatcher$Args$_BumDX2UKsnxLVrE6UJsJZkotuA@803c5d5 m=0
07-03 21:37:08.458  1958  1958 W Looper  : Slow dispatch took 455ms main h=android.app.ActivityThread$H c=android.app.-$$Lambda$LoadedApk$ReceiverDispatcher$Args$_BumDX2UKsnxLVrE6UJsJZkotuA@3c7049 m=0
07-03 21:37:08.458  1958  1958 I Telecom : DefaultDialerCache: Refreshing default dialer for user 0: now com.android.contacts: DDC.oR@CaE
07-03 21:37:08.463  1958  1958 W Looper  : Drained
07-03 21:37:08.810  7731  7731 W Looper  : Slow Looper main: Long Msg: seq=2 plan=21:37:07.271  late=1ms wall=1538ms running=158ms runnable=2ms io=1284ms h=android.app.ActivityThread$H w=110
07-03 21:37:08.816  1958  4963 I BackupManagerService: got agent android.app.IBackupAgent$Stub$Proxy@d84fdb9
07-03 21:37:08.833  1958  4963 I BackupRestoreController: Getting widget state for user: 0
07-03 21:37:08.837  1958  4963 I ActivityManager: Killing 6799:com.miui.weather2/u0a142 (adj 955): empty #17
07-03 21:37:08.905  1958  4963 I BackupManagerService: got agent android.app.IBackupAgent$Stub$Proxy@96c2d57
07-03 21:37:08.913  1958  4963 I BackupRestoreController: Getting widget state for user: 0
07-03 21:37:08.920  1958  4963 I BackupManagerService: got agent android.app.IBackupAgent$Stub$Proxy@4f91c8
07-03 21:37:09.056  1958  4963 I BackupRestoreController: Getting widget state for user: 0
07-03 21:37:09.090  1958  2011 I ActivityManager: Start proc 7811:com.miui.yellowpage/u0a73 for backup {com.miui.yellowpage/com.miui.yellowpage.backup.localbackup.YellowPageBackupAgent} caller=Backup
07-03 21:37:10.358  7811  7811 W SystemConfig: No directory /product_services/etc/sysconfig, skipping
07-03 21:37:10.359  7811  7811 W SystemConfig: No directory /product_services/etc/permissions, skipping
07-03 21:37:10.451  7811  7811 W Looper  : Slow Looper main: Long Msg: seq=2 plan=21:37:09.113  late=1ms wall=1336ms running=416ms runnable=11ms io=816ms h=android.app.ActivityThread$H w=110
07-03 21:37:10.456  1958  4963 I BackupManagerService: got agent android.app.IBackupAgent$Stub$Proxy@e308678
07-03 21:37:10.488  1958  4963 I BackupRestoreController: Getting widget state for user: 0
07-03 21:37:10.500  1958  2011 I ActivityManager: Start proc 7869:com.xiaomi.account/u0a112 for service {com.xiaomi.account/com.xiaomi.account.XiaomiAccountService} caller=com.miui.gallery
07-03 21:37:10.506  1958  4963 I KeyValueBackupTask: K/V backup pass finished
07-03 21:37:10.512  1958  4963 I ActivityManager: Killing 5892:com.google.android.permissioncontroller/u0a95 (adj 965):empty #17
07-03 21:37:11.054  1958  2360 I ActivityManager: Killing 6971:com.android.chrome/u0a193 (adj 955): empty #17
07-03 21:37:11.224  1958  2011 I ActivityManager: Start proc 7940:com.miui.cloudservice:galleryproxy/u0a126 for contentprovider {com.miui.cloudservice/com.miui.cloudservice.provider.GalleryProxySecurityDeviceCredentialProvider} caller=com.miui.gallery
07-03 21:37:11.242  1958  1981 I ActivityManager: Killing 7039:com.xiaomi.simactivate.service/u0a163 (adj 955): empty #17
07-03 21:37:11.439  7731  7805 W BpBinder: Slow Binder: BpBinder transact took 249ms, interface=android.app.IActivityManager, code=20 oneway=false
07-03 21:37:11.779  1958  2011 I ActivityManager: Start proc 7973:com.xiaomi.simactivate.service/u0a163 for service {com.xiaomi.simactivate.service/com.xiaomi.activate.ActivateService} caller=com.miui.cloudservice
07-03 21:37:11.959  1958  2360 I ActivityManager: Killing 6836:com.android.mms/u0a86 (adj 965): empty #17
07-03 21:37:22.030  1958  2011 I ActivityManager: Start proc 8030:com.google.android.youtube/u0a204 for service {com.google.android.youtube/androidx.work.impl.background.systemjob.SystemJobService} caller=android
07-03 21:37:22.935  1958  2351 I ActivityManager: Killing 7168:com.android.thememanager/9801 (adj 955): empty #17
07-03 21:37:23.007  1958  4008 I ActivityManager: Killing 7471:com.google.android.webview:sandboxed_process0:org.chromium.content.app.SandboxedProcessService0:0/99295 (adj 0): isolated not needed
07-03 21:37:23.417  1958  2010 W BroadcastQueue: Permission Denial: broadcasting Intent { act=android.net.conn.CONNECTIVITY_CHANGE flg=0x4200010 (has extras) } from null (pid=-1, uid=-1) requires com.google.android.youtube.DYNAMIC_RECEIVER_NOT_EXPORTED_PERMISSION due to registered receiver BroadcastFilter{582008c 10204/u0 ReceiverList{c6e61bf 8030 com.google.android.youtube/10204/u0 remote:cc58bde}}
07-03 21:37:24.633  1958  2011 I ActivityManager: Start proc 8149:com.android.chrome/u0a193 for service {com.android.chrome/org.chromium.chrome.browser.customtabs.CustomTabsConnectionService} caller=com.google.android.youtube
07-03 21:37:24.834  1958  2132 I AutoStartManagerService: MIUILOG- Reject service :Intent { cmp=org.telegram.messenger/com.google.android.datatransport.runtime.scheduling.jobscheduling.JobInfoSchedulerService } userId : 0 uid : 10695
07-03 21:37:24.836  1958  2132 I JobServiceContext: MIUILOG- Reject Start Job, cancelJob uid : 10695 jobId :-1341184476
07-03 21:37:25.337  1958  2011 I ActivityManager: Start proc 8220:com.android.chrome:privileged_process0/u0a193 for service {com.android.chrome/org.chromium.content.app.PrivilegedProcessService0} caller=com.android.chrome
07-03 21:37:25.427  1958  2646 I ActivityManager: Killing 7109:com.google.android.googlequicksearchbox:googleapp/u0a186(adj 955): empty #17
07-03 21:37:25.845  8149  8212 W FileUtils: Slow Operation: fsync took 158ms
07-03 21:37:25.985  8149  8212 W FileUtils: Slow Operation: fsync took 135ms
07-03 21:37:26.243  1958  2011 W ActivityManager: Slow operation: 627ms so far, now at startProcess: returned from zygote!
07-03 21:37:26.243  1958  2011 W ActivityManager: Slow operation: 627ms so far, now at startProcess: done updating battery stats
07-03 21:37:26.243  1958  2011 W ActivityManager: Slow operation: 628ms so far, now at startProcess: building log message
07-03 21:37:26.243  1958  2011 I ActivityManager: Start proc 8271:com.android.chrome:sandboxed_process0:org.chromium.content.app.SandboxedProcessService0:0/u0ai0 for  {com.android.chrome/org.chromium.content.app.SandboxedProcessService0:0}caller=com.android.chrome
07-03 21:37:26.243  1958  2011 W ActivityManager: Slow operation: 628ms so far, now at startProcess: starting to updatepids map
07-03 21:37:26.243  1958  2011 W ActivityManager: Slow operation: 628ms so far, now at startProcess: done updating pidsmap
07-03 21:37:26.387  1958  4692 I ActivityManager: Killing 7432:android.process.acore/u0a64 (adj 955): empty #17
07-03 21:37:32.719  1958  5255 I ActivityManager: Killing 7512:com.google.android.webview:webview_service/u0a192 (adj 955): empty #17
07-03 21:37:53.085  1958  2011 I ActivityManager: Start proc 8327:com.xiaomi.mipicks/u0a127 for service {com.xiaomi.mipicks/androidx.work.impl.background.systemjob.SystemJobService} caller=android
07-03 21:37:53.610  1958  2011 I ActivityManager: Start proc 8433:com.miui.analytics/u0a105 for service {com.miui.analytics/com.miui.analytics.onetrack.OneTrackService} caller=com.xiaomi.mipicks
07-03 21:37:53.633  1958  4692 I ActivityManager: Killing 7578:com.miui.touchassistant/1000 (adj 955): empty #17
07-03 21:37:53.708  1958  4008 I ActivityManager: Killing 7604:com.android.camera/u0a76 (adj 955): empty #17
07-03 21:37:54.154  8327  8351 W BpBinder: Slow Binder: BpBinder transact took 707ms, interface=android.content.IContentProvider, code=1 oneway=false
07-03 21:37:55.719  1958  2010 E NotificationService: Suppressing notification from package by user request.
07-03 21:38:14.709  1958  2764 I UsbPortManager: ClientCallback V1_0: otg_default
07-03 21:38:23.122  1958  2017 I PowerManagerService: Going to sleep due to timeout (uid 1000)...
07-03 21:38:23.123  1958  1958 W UsageStatsService: Event reported without a package name, eventType:16
07-03 21:38:23.133  1958  1958 I WindowManager: Started going to sleep... (why=OFF_BECAUSE_OF_TIMEOUT)
07-03 21:38:23.424  1958  2017 I DisplayPowerController: Blocking screen off
07-03 21:38:23.434  1958  2017 I DisplayPowerController: Unblocked screen off after 10 ms
07-03 21:38:23.434  1958  2017 I WindowManager: Screen turned off...
07-03 21:38:23.448  1958  2017 W ActivityManager: Unable to start service Intent { act=miui.action.CAMERA_EMPTY_SERVICEpkg=com.android.camera } U=0: not found
07-03 21:38:23.449 25324 25324 W ActivityThread: SCHED: com.miui.home/.launcher.Launcher [83, r=275ms, a=55ms, w=120788ms]
07-03 21:38:23.471  1958  1996 I DisplayManagerService: Display device changed state: "Built-in Screen", OFF
07-03 21:38:23.543 25324 25324 W Activity: Slow Operation: Activity com.miui.home/.launcher.Launcher onPause took 84ms
07-03 21:38:23.763  1958  2168 W BpBinder: Slow Binder: BpBinder transact took 311ms, interface=android.ui.ISurfaceComposer, code=19 oneway=false
07-03 21:38:23.795  1958  2017 W DreamManagerService: Dream ComponentInfo{com.android.systemui/com.android.systemui.doze.DozeService} does not exist
07-03 21:38:23.796  1958  2017 I PowerManagerService: Sleeping (uid 1000)...
07-03 21:38:23.800  1958  1958 I WindowManager: Finished going to sleep... (why=OFF_BECAUSE_OF_TIMEOUT)
07-03 21:38:23.809  2181  2887 W KeyguardViewMediator: doKeyguard: showing the lock screen
07-03 21:38:23.919  1958  1996 W UsageStatsService: Event reported without a package name, eventType:17
07-03 21:38:23.920  1958  1996 I WindowManager: updateContrastOverlay, darkmode: true isContrastEnabled: false alpha: 0.0
07-03 21:38:24.138  1958  2011 I ActivityManager: Start proc 8667:com.google.android.apps.wellbeing/u0a189 for broadcast {com.google.android.apps.wellbeing/com.google.android.apps.wellbeing.alarm.NextAlarmClockChangedReceiver_Receiver} caller=android
07-03 21:38:24.427  1958  2011 I ActivityManager: Start proc 8689:com.miui.msa.global:ui/u0a123 for service {com.miui.msa.global/com.xiaomi.ad.internal.splash.uiprocess.SplashUIService} caller=com.miui.msa.global
07-03 21:38:24.600  1958  2014 E BatteryExternalStatsWorker: no controller energy info supplied for bluetooth
07-03 21:38:24.646  1958  3906 I ActivityManager: Killing 7639:com.google.android.apps.docs/u0a221 (adj 955): empty #17
07-03 21:38:24.830 25666 27552 W BpBinder: Slow Binder: BpBinder transact took 262ms, interface=com.android.internal.app.IBatteryStats, code=16 oneway=false
07-03 21:38:24.903  2181  4697 W BpBinder: Slow Binder: BpBinder transact took 351ms, interface=android.content.IContentProvider, code=21 oneway=false
07-03 21:38:25.288  1958  4692 I ActivityManager: Killing 7811:com.miui.yellowpage/u0a73 (adj 955): empty #17
07-03 21:39:33.201  1958  2014 E BatteryExternalStatsWorker: no controller energy info supplied for bluetooth
07-03 21:39:33.500  1958  1981 I ActivityManager: Killing 4436:com.whatsapp/u0a762 (adj 965): empty #17
07-03 21:40:46.259  1958  1958 I ActivityManager: Idle maintenance over +1h21m3s524ms low RAM for +17m24s632ms
07-03 21:40:46.746  1958  2014 E BatteryExternalStatsWorker: no controller energy info supplied for bluetooth
07-03 21:42:33.256  1958  4597 W BpBinder: Slow Binder: BpBinder transact took 1006ms, interface=android.os.IInstalld, code=10 oneway=false
07-03 21:42:33.257  1958  4597 I InstallationStatistic: beginInstallSession: 1245240744
07-03 21:42:34.265  1958  2065 I ActivityTaskManager: START u0 {act=android.intent.action.VIEW dat=file:///data/app/vmdl1245240744.tmp typ=application/vnd.android.package-archive flg=0x18000000 cmp=com.miui.securitycenter/com.miui.permcenter.install.AdbInstallActivity (has extras)} from uid 1000
07-03 21:42:34.461  1958  2011 I ActivityManager: Start proc 8838:com.miui.securitycenter/1000 for activity {com.miui.securitycenter/com.miui.permcenter.install.AdbInstallActivity} caller=pm
07-03 21:42:34.531  1958  4008 W ActivityTaskManager: Request to remove task ignored for non-existent task 1687
07-03 21:42:34.541  1958  1997 I Timeline: Timeline: App_transition_ready time:121297930
07-03 21:42:35.038  1958  1996 W ActivityTaskManager: Activity top resumed state loss timeout for ActivityRecord{a74c24c u0 com.miui.securitycenter/com.miui.permcenter.install.AdbInstallActivity t1688}
07-03 21:42:35.039  1958  1996 W ActivityTaskManager: Activity pause timeout for ActivityRecord{a74c24c u0 com.miui.securitycenter/com.miui.permcenter.install.AdbInstallActivity t1688}
07-03 21:42:35.043  1958  1996 I Timeline: Timeline: App_transition_ready time:121298431
07-03 21:42:35.054  1958  1996 W ProcessStats: Tracking association SourceState{124faa5 com.miui.securitycenter/1000 Top #526840} whose proc state 1 is better than process ProcessState{1c1639c com.google.android.gms.persistent/10185 pkg=com.google.android.gms} proc state 2 (11 skipped)
07-03 21:42:35.289  1958  2011 I ActivityManager: Start proc 8896:com.miui.guardprovider/u0a115 for content provider {com.miui.guardprovider/com.miui.guardprovider.GuardProvider} caller=com.miui.securitycenter
07-03 21:42:35.468  8838  8838 W BpBinder: Slow Binder: BpBinder transact took 222ms, interface=android.app.IActivityManager, code=20 oneway=false
07-03 21:42:35.645  8896  8915 W SystemConfig: No directory /product_services/etc/sysconfig, skipping
07-03 21:42:35.646  8896  8915 W SystemConfig: No directory /product_services/etc/permissions, skipping
07-03 21:42:35.700  8838  8838 W BpBinder: Slow Binder: BpBinder transact took 230ms, interface=android.content.IContentProvider, code=21 oneway=false
07-03 21:42:35.723  1958  2646 I Timeline: Timeline: App_transition_ready time:121299112
07-03 21:42:35.727  1958  1997 I Timeline: Timeline: App_transition_ready time:121299116
07-03 21:42:35.731  1958  1996 I ActivityManager: Killing 7869:com.xiaomi.account/u0a112 (adj 945): empty #17
07-03 21:42:35.734  1958  1996 I ActivityManager: Killing 4987:com.google.process.gapps/u0a185 (adj 955): empty #18
07-03 21:42:35.948  8838  8838 W Activity: Slow Operation: Activity com.miui.securitycenter/com.miui.permcenter.install.AdbInstallActivity onCreate took 798ms
07-03 21:42:35.954  8838  8838 W Looper  : Slow Looper main: Activity com.miui.securitycenter/com.miui.permcenter.install.AdbInstallActivity is 557ms late (wall=864ms running=243ms ClientTransaction{ callbacks=[android.app.servertransaction.LaunchActivityItem] lifecycleRequest=android.app.servertransaction.ResumeActivityItem }) because of 2 msg, msg 2 took 544ms (seq=2 running=299ms runnable=27ms io=161ms late=27ms h=android.app.ActivityThread$H w=110)
07-03 21:42:35.954  8838  8838 W Looper  : Slow Looper main: Activity com.miui.securitycenter/com.miui.permcenter.install.AdbInstallActivity is 1421ms late (wall=0ms running=0ms ClientTransaction{ callbacks=[android.app.servertransaction.TopResumedActivityChangeItem] }) because of 3 msg, msg 2 took 544ms (seq=2 running=299ms runnable=27ms io=161ms late=27msh=android.app.ActivityThread$H w=110), msg 3 took 864ms (seq=3 running=243ms runnable=30ms io=97ms late=557ms h=android.app.ActivityThread$H w=159)
07-03 21:42:35.954  8838  8838 W Looper  : Slow Looper main: Activity com.miui.securitycenter/com.miui.permcenter.install.AdbInstallActivity is 1418ms late (wall=0ms running=0ms ClientTransaction{ callbacks=[android.app.servertransaction.TopResumedActivityChangeItem] }) because of 4 msg, msg 2 took 544ms (seq=2 running=299ms runnable=27ms io=161ms late=27msh=android.app.ActivityThread$H w=110), msg 3 took 864ms (seq=3 running=243ms runnable=30ms io=97ms late=557ms h=android.app.ActivityThread$H w=159)
07-03 21:42:35.955  8838  8838 W Looper  : Slow Looper main: Activity com.miui.securitycenter/com.miui.permcenter.install.AdbInstallActivity is 1417ms late (wall=1ms running=0ms ClientTransaction{ lifecycleRequest=android.app.servertransaction.PauseActivityItem }) because of 5 msg, msg 2 took 544ms (seq=2 running=299ms runnable=27ms io=161ms late=27ms h=android.app.ActivityThread$H w=110), msg 3 took 864ms (seq=3 running=243ms runnable=30ms io=97ms late=557ms h=android.app.ActivityThread$H w=159)
07-03 21:42:35.956  8838  8838 W Looper  : Slow Looper main: Activity com.miui.securitycenter/com.miui.permcenter.install.AdbInstallActivity is 910ms late (wall=0ms running=1ms ClientTransaction{ lifecycleRequest=android.app.servertransaction.StopActivityItem }) because of 8 msg, msg 1 took 544ms (seq=2 running=299ms runnable=27ms io=161ms late=27ms h=android.app.ActivityThread$H w=110), msg 2 took 864ms (seq=3 running=243ms runnable=30ms io=97ms late=557ms h=android.app.ActivityThread$H w=159)
07-03 21:42:35.968  1958  4522 I Timeline: Timeline: App_transition_ready time:121299356
07-03 21:42:35.968  1958  4522 I Timeline: Timeline: App_transition_stopped time:121299356
07-03 21:42:36.011  1958  3853 W WindowManager: Failed looking up window callers=com.android.server.wm.WindowManagerService.windowForClientLocked:5864 com.android.server.wm.WindowManagerService.relayoutWindow:2244 com.android.server.wm.Session.relayout:194
07-03 21:42:36.042  1958  3853 W WindowManager: Failed looking up window callers=com.android.server.wm.WindowManagerService.windowForClientLocked:5864 com.android.server.wm.WindowManagerService.removeWindow:2014 com.android.server.wm.Session.remove:176
07-03 21:42:36.086  1958  2022 I PackageManager: Update package com.BHG.gurbani code path from /data/app/com.BHG.gurbani-POP56QqNONb65Z37sZY1eQ== to /data/app/com.BHG.gurbani-CAIGYy1o5wKAjeVUqACE0g==; Retain data and using new
07-03 21:42:36.086  1958  2010 I ActivityManager: Force stopping com.BHG.gurbani appid=10776 user=-1: installPackageLI
07-03 21:42:36.086  1958  2022 I PackageManager: Update package com.BHG.gurbani resource path from /data/app/com.BHG.gurbani-POP56QqNONb65Z37sZY1eQ== to /data/app/com.BHG.gurbani-CAIGYy1o5wKAjeVUqACE0g==; Retain data and using new
07-03 21:42:36.319  1958  2022 W FileUtils: Slow Operation: fsync took 145ms
07-03 21:42:36.393  1958  2022 I PackageManager: Un-granting permission android.permission.WRITE_MEDIA_STORAGE from package com.jio.media.jiobeats (protectionLevel=18 flags=0x20d83e44)
07-03 21:42:36.393  1958  2022 I PackageManager: Un-granting permission android.permission.WRITE_SETTINGS from package com.jio.media.jiobeats (protectionLevel=1218 flags=0x20d83e44)
07-03 21:42:36.394  1958  2022 I PackageManager: Un-granting permission android.permission.MANAGE_DOCUMENTS from package com.google.android.youtube (protectionLevel=262146 flags=0x20dbbec5)
07-03 21:42:36.394  1958  2022 I PackageManager: Un-granting permission android.permission.REQUEST_INSTALL_PACKAGES from package com.revanced.net.revancedmanager (protectionLevel=66 flags=0x20c8be44)
07-03 21:42:36.396  1958  2022 I PackageManager: Un-granting permission android.permission.CAPTURE_AUDIO_OUTPUT from package com.google.android.googlequicksearchbox (protectionLevel=18 flags=0xa8dbbec5)
07-03 21:42:36.396  1958  2022 I PackageManager: Un-granting permission android.permission.SUBSTITUTE_SHARE_TARGET_APP_NAME_AND_ICON from package com.google.android.googlequicksearchbox (protectionLevel=18 flags=0xa8dbbec5)
07-03 21:42:36.396  1958  2022 I PackageManager: Un-granting permission android.permission.CAPTURE_MEDIA_OUTPUT from package com.google.android.googlequicksearchbox (protectionLevel=18 flags=0xa8dbbec5)
07-03 21:42:36.396  1958  2022 I PackageManager: Un-granting permission android.permission.MODIFY_AUDIO_ROUTING from package com.google.android.googlequicksearchbox (protectionLevel=18 flags=0xa8dbbec5)
07-03 21:42:36.396  1958  2022 I PackageManager: Un-granting permission com.google.android.googleapps.permission.GOOGLE_AUTH from package com.android.providers.calendar (protectionLevel=2 flags=0x20883e45)
07-03 21:42:36.396  1958  2022 I PackageManager: Un-granting permission com.google.android.googleapps.permission.GOOGLE_AUTH.cl from package com.android.providers.calendar (protectionLevel=2 flags=0x20883e45)
07-03 21:42:36.396  1958  2022 I PackageManager: Un-granting permission android.permission.SYSTEM_ALERT_WINDOW from package org.telegram.messenger (protectionLevel=1250 flags=0x289bbe44)
07-03 21:42:36.397  1958  2022 I PackageManager: Un-granting permission android.permission.REQUEST_INSTALL_PACKAGES from package org.telegram.messenger (protectionLevel=66 flags=0x289bbe44)
07-03 21:42:36.398  1958  2022 I PackageManager: Un-granting permission android.permission.MANAGE_DOCUMENTS from package app.revanced.android.youtube (protectionLevel=262146 flags=0x30dbbe44)
07-03 21:42:36.398  1958  2022 I PackageManager: Un-granting permission android.permission.SYSTEM_ALERT_WINDOW from package app.revanced.android.youtube (protectionLevel=1250 flags=0x30dbbe44)
07-03 21:42:36.399  1958  2022 I PackageManager: Un-granting permission android.permission.WRITE_SECURE_SETTINGS from package com.antutu.ABenchMark (protectionLevel=50 flags=0x2288be46)
07-03 21:42:36.400  1958  2022 I PackageManager: Un-granting permission android.permission.REQUEST_INSTALL_PACKAGES from package com.whatsapp (protectionLevel=66 flags=0x20cbbe44)
07-03 21:42:36.400  1958  2022 I PackageManager: Un-granting permission android.permission.HIDE_NON_SYSTEM_OVERLAY_WINDOWS from package com.android.companiondevicemanager (protectionLevel=258 flags=0x30c83e45)
07-03 21:42:36.401  1958  2022 I PackageManager: Un-granting permission android.permission.MANAGE_USERS from package com.miui.securitycenter (protectionLevel=18 flags=0x20c9bec5)
07-03 21:42:36.401  1958  2022 I PackageManager: Un-granting permission android.permission.INTERACT_ACROSS_USERS from package com.miui.securitycenter (protectionLevel=50 flags=0x20c9bec5)
07-03 21:42:36.402  1958  2022 I PackageManager: Un-granting permission android.permission.READ_PRIVILEGED_PHONE_STATE from package com.miui.securitycenter (protectionLevel=18 flags=0x20c9bec5)
07-03 21:42:36.402  1958  2022 I PackageManager: Un-granting permission android.permission.WRITE_MEDIA_STORAGE from package ru.zdevs.zarchiver (protectionLevel=18 flags=0x30d8be44)
07-03 21:42:36.402  1958  2022 I PackageManager: Un-granting permission android.permission.REQUEST_INSTALL_PACKAGES from package ru.zdevs.zarchiver (protectionLevel=66 flags=0x30d8be44)
07-03 21:42:36.403  1958  2022 I PackageManager: Un-granting permission android.permission.SYSTEM_ALERT_WINDOW from package com.glgjing.captain (protectionLevel=1250 flags=0x3088be44)
07-03 21:42:36.403  1958  2022 I PackageManager: Un-granting permission android.permission.PACKAGE_USAGE_STATS from package com.glgjing.captain (protectionLevel=114 flags=0x3088be44)
07-03 21:42:36.403  1958  2022 I PackageManager: Un-granting permission android.permission.START_ACTIVITIES_FROM_BACKGROUND from package com.android.soundrecorder (protectionLevel=49682 flags=0x30c83e85)
07-03 21:42:36.404  1958  2022 I PackageManager: Un-granting permission android.permission.WRITE_SETTINGS from package in.mohalla.sharechat (protectionLevel=1218 flags=0x30d8be44)
07-03 21:42:36.404  1958  2022 I PackageManager: Un-granting permission android.permission.SYSTEM_ALERT_WINDOW from package in.mohalla.sharechat (protectionLevel=1250 flags=0x30d8be44)
07-03 21:42:36.404  1958  2022 I PackageManager: Un-granting permission android.permission.REQUEST_INSTALL_PACKAGES from package com.android.providers.downloads.ui (protectionLevel=66 flags=0x30c8be45)
07-03 21:42:36.405  1958  2022 I PackageManager: Un-granting permission android.permission.HIDE_NON_SYSTEM_OVERLAY_WINDOWS from package com.android.vending (protectionLevel=258 flags=0x28cabec5)
07-03 21:42:36.405  1958  2022 I PackageManager: Un-granting permission android.permission.SEND_DOWNLOAD_COMPLETED_INTENTS from package com.android.vending (protectionLevel=2 flags=0x28cabec5)
07-03 21:42:36.407  1958  2022 I PackageManager: Un-granting permission android.permission.SYSTEM_ALERT_WINDOW from package com.hecorat.screenrecorder.free (protectionLevel=1250 flags=0x20c8be44)
07-03 21:42:36.408  1958  2022 I PackageManager: Un-granting permission com.google.android.googleapps.permission.GOOGLE_AUTH.mail from package com.android.contacts (protectionLevel=2 flags=0x38c9be45)
07-03 21:42:36.409  1958  2022 I PackageManager: Un-granting permission android.permission.CHANGE_CONFIGURATION from package com.tiqiaa.remote (protectionLevel=50 flags=0x30c8be44)
07-03 21:42:36.409  1958  2022 I PackageManager: Un-granting permission android.permission.SET_DEBUG_APP from package com.tiqiaa.remote (protectionLevel=50 flags=0x30c8be44)
07-03 21:42:36.409  1958  2022 I PackageManager: Un-granting permission android.permission.WRITE_SETTINGS from package com.tiqiaa.remote (protectionLevel=1218 flags=0x30c8be44)
07-03 21:42:36.409  1958  2022 I PackageManager: Un-granting permission android.permission.DEVICE_POWER from package com.tiqiaa.remote (protectionLevel=2 flags=0x30c8be44)
07-03 21:42:36.409  1958  2022 I PackageManager: Un-granting permission com.android.launcher.permission.READ_SETTINGS from package com.tiqiaa.remote (protectionLevel=18 flags=0x30c8be44)
07-03 21:42:36.409  1958  2022 I PackageManager: Un-granting permission android.permission.INTERACT_ACROSS_USERS_FULL from package com.tiqiaa.remote (protectionLevel=258 flags=0x30c8be44)
07-03 21:42:36.409  1958  2022 I PackageManager: Un-granting permission android.permission.SYSTEM_ALERT_WINDOW from package com.tiqiaa.remote (protectionLevel=1250 flags=0x30c8be44)
07-03 21:42:36.409  1958  2022 I PackageManager: Un-granting permission android.permission.SEND_DOWNLOAD_COMPLETED_INTENTS from package com.tiqiaa.remote (protectionLevel=2 flags=0x30c8be44)
07-03 21:42:36.409  1958  2022 I PackageManager: Un-granting permission android.permission.DUMP from package com.digibites.accubattery (protectionLevel=50 flags=0x20c83e44)
07-03 21:42:36.409  1958  2022 I PackageManager: Un-granting permission android.permission.PACKAGE_USAGE_STATS from package com.digibites.accubattery (protectionLevel=114 flags=0x20c83e44)
07-03 21:42:36.409  1958  2022 I PackageManager: Un-granting permission android.permission.SYSTEM_ALERT_WINDOW from package com.digibites.accubattery (protectionLevel=1250 flags=0x20c83e44)
07-03 21:42:36.410  1958  2022 I PackageManager: Un-granting permission android.permission.START_ACTIVITIES_FROM_BACKGROUND from package com.android.mms (protectionLevel=49682 flags=0x38c9bee5)
07-03 21:42:36.410  1958  2022 I PackageManager: Un-granting permission com.xiaomi.simactivate.service.ACTIVATE_SIM from package com.android.mms (protectionLevel=2 flags=0x38c9bee5)
07-03 21:42:36.410  1958  2022 I PackageManager: Un-granting permission android.permission.WRITE_APN_SETTINGS from package com.android.mms (protectionLevel=18 flags=0x38c9bee5)
07-03 21:42:36.410  1958  2022 I PackageManager: Un-granting permission miui.permission.JOYOSE from package com.android.mms (protectionLevel=2 flags=0x38c9bee5)
07-03 21:42:36.410  1958  2022 I PackageManager: Un-granting permission com.miui.systemAdSolution.LOCAL_AD_PROVIDER from package com.android.mms (protectionLevel=2 flags=0x38c9bee5)
07-03 21:42:36.410  1958  2022 I PackageManager: Un-granting permission com.android.settings.permission.CLOUD_SETTINGS_PROVIDER from package com.android.mms (protectionLevel=18 flags=0x38c9bee5)
07-03 21:42:36.411  1958  2022 I PackageManager: Un-granting permission android.permission.ACCESS_DOWNLOAD_MANAGER frompackage com.microsoft.rdc.android (protectionLevel=18 flags=0x3098be44)
07-03 21:42:36.411  1958  2022 I PackageManager: Un-granting permission android.permission.REQUEST_INSTALL_PACKAGES from package com.apk.editor (protectionLevel=66 flags=0x20c8be44)
07-03 21:42:36.412  1958  2022 I PackageManager: Un-granting permission android.permission.REQUEST_INSTALL_PACKAGES from package com.google.android.gm (protectionLevel=66 flags=0x28dbbec5)
07-03 21:42:36.413  1958  2022 I PackageManager: Un-granting permission com.google.android.providers.gsf.permission.WRITE_GSERVICES from package com.google.android.apps.playconsole (protectionLevel=2 flags=0x2088be44)
07-03 21:42:36.414  1958  2022 I PackageManager: Un-granting permission android.permission.WRITE_SECURE_SETTINGS from package com.android.printspooler (protectionLevel=50 flags=0x38c8be45)
07-03 21:42:36.415  1958  2022 I PackageManager: Un-granting permission android.permission.CHANGE_CONFIGURATION from package com.duokan.phone.remotecontroller (protectionLevel=50 flags=0x20983e44)
07-03 21:42:36.415  1958  2022 I PackageManager: Un-granting permission android.permission.CAPTURE_AUDIO_OUTPUT from package com.duokan.phone.remotecontroller (protectionLevel=18 flags=0x20983e44)
07-03 21:42:36.415  1958  2022 I PackageManager: Un-granting permission com.xiaomi.permission.CLOUD_MANAGER from package com.duokan.phone.remotecontroller (protectionLevel=18 flags=0x20983e44)
07-03 21:42:36.415  1958  2022 I PackageManager: Un-granting permission com.android.launcher.permission.READ_SETTINGS from package com.duokan.phone.remotecontroller (protectionLevel=18 flags=0x20983e44)
07-03 21:42:36.415  1958  2022 I PackageManager: Un-granting permission android.permission.WRITE_SETTINGS from package com.duokan.phone.remotecontroller (protectionLevel=1218 flags=0x20983e44)
07-03 21:42:36.415  1958  2022 I PackageManager: Un-granting permission com.miui.securitycenter.permission.SYSTEM_PERMISSION_DECLARE from package com.duokan.phone.remotecontroller (protectionLevel=18 flags=0x20983e44)
07-03 21:42:36.415  1958  2022 I PackageManager: Un-granting permission android.permission.MOUNT_UNMOUNT_FILESYSTEMS from package com.duokan.phone.remotecontroller (protectionLevel=18 flags=0x20983e44)
07-03 21:42:36.415  1958  2022 I PackageManager: Un-granting permission android.permission.REAL_GET_TASKS from package com.google.android.apps.wellbeing (protectionLevel=18 flags=0x20cbbec5)
07-03 21:42:36.415  1958  2022 I PackageManager: Un-granting permission android.permission.START_TASKS_FROM_RECENTS from package com.google.android.apps.wellbeing (protectionLevel=18 flags=0x20cbbec5)
07-03 21:42:36.415  1958  2022 I PackageManager: Un-granting permission android.permission.MODIFY_DAY_NIGHT_MODE from package com.google.android.apps.wellbeing (protectionLevel=18 flags=0x20cbbec5)
07-03 21:42:36.416  1958  2022 I PackageManager: Un-granting permission android.permission.REQUEST_INSTALL_PACKAGES from package com.google.android.apps.docs (protectionLevel=66 flags=0x28cbbe44)
07-03 21:42:36.417  1958  2022 I PackageManager: Un-granting permission android.permission.SYSTEM_ALERT_WINDOW from package com.frontrow.vlog (protectionLevel=1250 flags=0x38983c44)
07-03 21:42:36.417  1958  2022 I PackageManager: Un-granting permission android.permission.ACCESS_MTP from package com.miui.cloudbackup (protectionLevel=18 flags=0x20d83ec5)
07-03 21:42:36.417  1958  2022 I PackageManager: Un-granting permission android.permission.SYSTEM_ALERT_WINDOW from package com.opera.browser (protectionLevel=1250 flags=0xa4c9be44)
07-03 21:42:36.417  1958  2022 I PackageManager: Un-granting permission android.permission.REQUEST_INSTALL_PACKAGES from package com.opera.browser (protectionLevel=66 flags=0xa4c9be44)
07-03 21:42:36.418  1958  2022 I PackageManager: Un-granting permission android.permission.INTERACT_ACROSS_USERS from package com.google.android.syncadapters.contacts (protectionLevel=50 flags=0x20883e45)
07-03 21:42:36.418  1958  2022 I PackageManager: Un-granting permission android.permission.REQUEST_INSTALL_PACKAGES from package com.android.chrome (protectionLevel=66 flags=0xa0cbbec5)
07-03 21:42:36.419  1958  2022 I PackageManager: Un-granting permission android.permission.SYSTEM_ALERT_WINDOW from package com.teamsmart.videomanager.tv (protectionLevel=1250 flags=0x38d83e44)
07-03 21:42:36.419  1958  2022 I PackageManager: Un-granting permission android.permission.READ_PRIVILEGED_PHONE_STATE from package com.teamsmart.videomanager.tv (protectionLevel=18 flags=0x38d83e44)
07-03 21:42:36.419  1958  2022 I PackageManager: Un-granting permission android.permission.REQUEST_INSTALL_PACKAGES from package com.teamsmart.videomanager.tv (protectionLevel=66 flags=0x38d83e44)
07-03 21:42:36.419  1958  2022 I PackageManager: Un-granting permission android.permission.WRITE_EMBEDDED_SUBSCRIPTIONSfrom package com.google.android.gms (protectionLevel=50 flags=0xa0cabec5)
07-03 21:42:36.419  1958  2022 I PackageManager: Un-granting permission android.permission.CAPTURE_VIDEO_OUTPUT from package com.google.android.gms (protectionLevel=2 flags=0xa0cabec5)
07-03 21:42:36.419  1958  2022 I PackageManager: Un-granting permission android.permission.FORCE_STOP_PACKAGES from package com.google.android.gms (protectionLevel=18 flags=0xa0cabec5)
07-03 21:42:36.419  1958  2022 I PackageManager: Un-granting permission android.permission.MODIFY_DEFAULT_AUDIO_EFFECTSfrom package com.google.android.gms (protectionLevel=18 flags=0xa0cabec5)
07-03 21:42:36.420  1958  2022 I PackageManager: Un-granting permission android.permission.MANAGE_DEVICE_ADMINS from package com.google.android.gms (protectionLevel=2 flags=0xa0cabec5)
07-03 21:42:36.420  1958  2022 I PackageManager: Un-granting permission android.permission.MANAGE_ACTIVITY_STACKS from package com.google.android.gms (protectionLevel=2 flags=0xa0cabec5)
07-03 21:42:36.420  1958  2022 I PackageManager: Un-granting permission android.permission.CAPTURE_SECURE_VIDEO_OUTPUT from package com.google.android.gms (protectionLevel=2 flags=0xa0cabec5)
07-03 21:42:36.420  1958  2022 I PackageManager: Un-granting permission android.permission.MANAGE_ROLLBACKS from package com.google.android.gms (protectionLevel=514 flags=0xa0cabec5)
07-03 21:42:36.420  1958  2022 I PackageManager: Un-granting permission android.permission.MEDIA_CONTENT_CONTROL from package com.google.android.gms (protectionLevel=18 flags=0xa0cabec5)
07-03 21:42:36.420  1958  2022 I PackageManager: Un-granting permission android.permission.HIDE_NON_SYSTEM_OVERLAY_WINDOWS from package com.google.android.gms (protectionLevel=258 flags=0xa0cabec5)
07-03 21:42:36.421  1958  2022 I PackageManager: Un-granting permission android.permission.UPDATE_APP_OPS_STATS from package com.google.android.tts (protectionLevel=274 flags=0x34cbbec5)
07-03 21:42:36.421  1958  2022 I PackageManager: Un-granting permission android.permission.START_ACTIVITIES_FROM_BACKGROUND from package com.google.android.tts (protectionLevel=49682 flags=0x34cbbec5)
07-03 21:42:36.421  1958  2022 I PackageManager: Un-granting permission android.permission.CHANGE_DEVICE_IDLE_TEMP_WHITELIST from package app.revanced.android.gms (protectionLevel=18 flags=0xb088be44)
07-03 21:42:36.421  1958  2022 I PackageManager: Un-granting permission android.permission.UPDATE_APP_OPS_STATS from package app.revanced.android.gms (protectionLevel=274 flags=0xb088be44)
07-03 21:42:36.421  1958  2022 I PackageManager: Un-granting permission android.permission.LOCATION_HARDWARE from package app.revanced.android.gms (protectionLevel=18 flags=0xb088be44)
07-03 21:42:36.421  1958  2022 I PackageManager: Un-granting permission android.permission.INSTALL_LOCATION_PROVIDER from package app.revanced.android.gms (protectionLevel=18 flags=0xb088be44)
07-03 21:42:36.421  1958  2022 I PackageManager: Un-granting permission android.permission.NETWORK_SCAN from package app.revanced.android.gms (protectionLevel=18 flags=0xb088be44)
07-03 21:42:36.421  1958  2022 I PackageManager: Un-granting permission android.permission.MODIFY_PHONE_STATE from package app.revanced.android.gms (protectionLevel=18 flags=0xb088be44)
07-03 21:42:36.421  1958  2022 I PackageManager: Un-granting permission android.permission.SYSTEM_ALERT_WINDOW from package app.revanced.android.gms (protectionLevel=1250 flags=0xb088be44)
07-03 21:42:36.421  1958  2022 I PackageManager: Un-granting permission android.permission.MANAGE_USB from package app.revanced.android.gms (protectionLevel=18 flags=0xb088be44)
07-03 21:42:36.421  1958  2022 I PackageManager: Un-granting permission android.permission.START_ACTIVITIES_FROM_BACKGROUND from package app.revanced.android.gms (protectionLevel=49682 flags=0xb088be44)
07-03 21:42:36.421  1958  2022 I PackageManager: Un-granting permission android.permission.UPDATE_DEVICE_STATS from package app.revanced.android.gms (protectionLevel=18 flags=0xb088be44)
07-03 21:42:36.421  1958  2022 I PackageManager: Un-granting permission android.permission.WATCH_APPOPS from package app.revanced.android.gms (protectionLevel=18 flags=0xb088be44)
07-03 21:42:36.423  1958  2022 I PackageManager: Un-granting permission android.permission.SYSTEM_ALERT_WINDOW from package com.gmail.heagoo.apkeditor.pro (protectionLevel=1250 flags=0x3898be44)
07-03 21:42:36.423  1958  2022 I PackageManager: Un-granting permission android.permission.PACKAGE_USAGE_STATS from package com.gmail.heagoo.apkeditor.pro (protectionLevel=114 flags=0x3898be44)
07-03 21:42:36.423  1958  2022 I PackageManager: Un-granting permission android.permission.REQUEST_INSTALL_PACKAGES from package com.gmail.heagoo.apkeditor.pro (protectionLevel=66 flags=0x3898be44)
07-03 21:42:36.424  1958  2022 I PackageManager: Un-granting permission android.permission.WRITE_SETTINGS from package com.jio.myjio (protectionLevel=1218 flags=0x38d83e44)
07-03 21:42:36.424  1958  2022 I PackageManager: Un-granting permission android.permission.INTERACT_ACROSS_USERS from package com.jio.myjio (protectionLevel=50 flags=0x38d83e44)
07-03 21:42:36.424  1958  2022 I PackageManager: Un-granting permission android.permission.READ_PRIVILEGED_PHONE_STATE from package com.jio.myjio (protectionLevel=18 flags=0x38d83e44)
07-03 21:42:36.424  1958  2022 I PackageManager: Un-granting permission android.permission.CAPTURE_VIDEO_OUTPUT from package com.jio.myjio (protectionLevel=2 flags=0x38d83e44)
07-03 21:42:36.424  1958  2022 I PackageManager: Un-granting permission android.permission.BROADCAST_SMS from package com.jio.myjio (protectionLevel=2 flags=0x38d83e44)
07-03 21:42:36.424  1958  2022 I PackageManager: Un-granting permission android.permission.SYSTEM_ALERT_WINDOW from package com.google.android.apps.photos (protectionLevel=1250 flags=0x38dbbe44)
07-03 21:42:36.424  1958  2022 I PackageManager: Un-granting permission android.permission.WRITE_SETTINGS from package com.google.android.apps.photos (protectionLevel=1218 flags=0x38dbbe44)
07-03 21:42:36.424  1958  2022 I PackageManager: Un-granting permission android.permission.WRITE_MEDIA_STORAGE from package com.google.android.apps.photos (protectionLevel=18 flags=0x38dbbe44)
07-03 21:42:36.426  1958  2022 I PackageManager: Un-granting permission android.permission.SYSTEM_ALERT_WINDOW from package com.wondershare.filmorago (protectionLevel=1250 flags=0x38d83e44)
07-03 21:42:36.426  1958  2022 I PackageManager: Un-granting permission com.android.launcher.permission.READ_SETTINGS from package com.wondershare.filmorago (protectionLevel=18 flags=0x38d83e44)
07-03 21:42:36.426  1958  2022 I PackageManager: Un-granting permission com.android.launcher.permission.WRITE_SETTINGS from package com.wondershare.filmorago (protectionLevel=18 flags=0x38d83e44)
07-03 21:42:36.426  1958  2022 I PackageManager: Un-granting permission android.permission.SYSTEM_ALERT_WINDOW from package com.dv.adm (protectionLevel=1250 flags=0x2888be44)
07-03 21:42:36.426  1958  2022 I PackageManager: Un-granting permission android.permission.WRITE_SETTINGS from package com.valvesoftware.android.steam.community (protectionLevel=1218 flags=0x20883e44)
07-03 21:42:36.426  1958  2022 I PackageManager: Un-granting permission android.permission.REQUEST_INSTALL_PACKAGES from package com.yablio.sendfilestotv (protectionLevel=66 flags=0x30c8be44)
07-03 21:42:36.427  1958  2022 I PackageManager: Un-granting permission android.permission.REQUEST_INSTALL_PACKAGES from package org.mozilla.firefox (protectionLevel=66 flags=0x38c83e44)
07-03 21:42:36.427  1958  2022 I PackageManager: Un-granting permission android.permission.SYSTEM_ALERT_WINDOW from package com.google.android.apps.translate (protectionLevel=1250 flags=0x34c9be44)
07-03 21:42:36.429  1958  2022 I PackageManager: Un-granting permission miui.permission.EXTRA_NETWORK from package com.miui.weather2 (protectionLevel=18 flags=0x30c9bec5)
07-03 21:42:36.429  1958  2022 I PackageManager: Un-granting permission com.miui.securitycenter.permission.SYSTEM_PERMISSION_DECLARE from package com.miui.weather2 (protectionLevel=18 flags=0x30c9bec5)
07-03 21:42:36.429  1958  2022 I PackageManager: Un-granting permission com.miui.bugreport.permission.DUMP_CACHED_LOG from package com.miui.weather2 (protectionLevel=2 flags=0x30c9bec5)
07-03 21:42:36.430  1958  2022 I PackageManager: Un-granting permission com.google.android.finsky.permission.GEARHEAD_SERVICE from package com.google.android.projection.gearhead (protectionLevel=18 flags=0x2888bec5)
