07-03 21:50:30.382 25324 25324 W ActivityThread: SCHED: com.miui.home/.launcher.Launcher [73, r=50ms, a=18ms, w=770ms]
07-03 21:50:30.389  1958  4008 I Timeline: Timeline: App_transition_ready time:121773777
07-03 21:50:30.393  1958  1997 I Timeline: Timeline: App_transition_ready time:121773781
07-03 21:50:30.394  1958  1997 I Timeline: Timeline: App_transition_ready time:121773783
07-03 21:50:30.404  1958  1997 I Timeline: Timeline: App_transition_ready time:121773793
07-03 21:50:30.817  1958  2066 I Timeline: Timeline: Activity_windows_visible id: ActivityRecord{6bfa5fb u0 com.BHG.gurbani/.MainActivity t1692} time:121774205
07-03 21:50:30.826  1958  1997 I Timeline: Timeline: App_transition_stopped time:121774214
07-03 21:50:30.835  1958  1996 W WindowManager: setLauncherState= 1
07-03 21:50:31.203  1958  2066 W BaseMiuiPhoneWindowManager: keyCode:82 down:true eventTime:121774590 downTime:121774590 policyFlags:2b000002 flags:48 deviceId:-1 isScreenOn:true keyguardActive:false repeatCount:0
07-03 21:50:31.271  1958  2066 W BaseMiuiPhoneWindowManager: keyCode:82 down:false eventTime:121774659 downTime:121774590 policyFlags:2b000002 flags:48 deviceId:-1 isScreenOn:true keyguardActive:false repeatCount:0
07-03 21:50:31.290  1958  1996 W WindowManager: setLauncherState= 2
07-03 21:50:31.293 25324 25324 I Timeline: Timeline: Activity_launch_request time:121774681
07-03 21:50:31.295  1958  2066 I ActivityTaskManager: START u0 {act=android.intent.action.MAIN cat=[android.intent.category.HOME] flg=0x10000000 cmp=com.miui.home/.launcher.Launcher (has extras)} from uid 10094
07-03 21:50:31.308  1958  2066 I Timeline: Timeline: App_transition_ready time:121774697
07-03 21:50:31.310 14727 14727 W ActivityThread: SCHED: com.BHG.gurbani/.MainActivity [78, r=11ms, a=3ms, w=894ms]
07-03 21:50:31.314  1958  2066 I Timeline: Timeline: App_transition_ready time:121774703
07-03 21:50:31.318  1958  4415 I Timeline: Timeline: App_transition_ready time:121774707
07-03 21:50:31.321  1958  1997 I Timeline: Timeline: App_transition_ready time:121774709
07-03 21:50:31.341  1958  4597 I Timeline: Timeline: App_transition_ready time:121774730
07-03 21:50:31.353  1958  1997 I Timeline: Timeline: App_transition_ready time:121774741
07-03 21:50:31.373  1958  1997 I Timeline: Timeline: App_transition_ready time:121774761
07-03 21:50:31.700  1958  2066 I Timeline: Timeline: Activity_windows_visible id: ActivityRecord{ddb1799 u0 com.miui.home/.launcher.Launcher t1} time:121775089
07-03 21:50:31.705  1958  1997 I Timeline: Timeline: App_transition_stopped time:121775093
07-03 21:50:32.592 25324 25324 W ActivityThread: SCHED: com.miui.home/.launcher.Launcher [69, r=37ms, a=16ms, w=1260ms]
07-03 21:50:32.608  1958  4597 I Timeline: Timeline: App_transition_ready time:121775997
07-03 21:50:32.616  1958  1997 I Timeline: Timeline: App_transition_ready time:121776004
07-03 21:50:33.034  1958  5269 I Timeline: Timeline: Activity_windows_visible id: ActivityRecord{6bfa5fb u0 com.BHG.gurbani/.MainActivity t1692} time:121776423
07-03 21:50:33.043  1958  1997 I Timeline: Timeline: App_transition_stopped time:121776432
07-03 21:50:33.053  1958  1996 W WindowManager: setLauncherState= 1
07-03 21:50:33.107 14727 14727 I Timeline: Timeline: Activity_launch_request time:121776495
07-03 21:50:33.108  1958  4008 I ActivityTaskManager: START u0 {cmp=com.BHG.gurbani/.UploadActivity} from uid 10776
07-03 21:50:33.115 14727 14727 W ActivityThread: SCHED: com.BHG.gurbani/.MainActivity [60, r=24ms, a=16ms, w=486ms]
07-03 21:50:33.117  1958  5269 I ActivityTaskManager: The Process com.BHG.gurbani Already Exists in BG. So sending its PID: 14727
07-03 21:50:33.122  1958  5269 I Timeline: Timeline: App_transition_ready time:121776510
07-03 21:50:33.157  1958  2066 E WindowManager: App trying to use insecure INPUT_FEATURE_NO_INPUT_CHANNEL flag. Ignoring
07-03 21:50:33.167  1958  2066 I Timeline: Timeline: App_transition_ready time:121776556
07-03 21:50:33.168  1958  2066 I Timeline: Timeline: App_transition_ready time:121776557
07-03 21:50:33.193  1958  1997 I Timeline: Timeline: App_transition_ready time:121776582
07-03 21:50:33.434  1958  1997 I Timeline: Timeline: Activity_windows_visible id: ActivityRecord{5af5c2e u0 com.BHG.gurbani/.UploadActivity t1692} time:121776822
07-03 21:50:33.436  1958  1997 I Timeline: Timeline: App_transition_stopped time:121776825
07-03 21:50:33.921 14727 14727 I Timeline: Timeline: Activity_launch_request time:121777310
07-03 21:50:33.923  1958  4008 I ActivityTaskManager: START u0 {act=android.intent.action.GET_CONTENT typ=image/* cmp=com.google.android.documentsui/com.android.documentsui.picker.PickActivity} from uid 10776
07-03 21:50:33.935 14727 14727 W ActivityThread: SCHED: com.BHG.gurbani/.UploadActivity [82, r=32ms, a=7ms, w=780ms]
07-03 21:50:33.937  1958  5269 I ActivityTaskManager: The Process com.google.android.documentsui Already Exists in BG. So sending its PID: 14411
07-03 21:50:33.941  1958  5269 I Timeline: Timeline: App_transition_ready time:121777329
07-03 21:50:33.990  1958  4008 E WindowManager: App trying to use insecure INPUT_FEATURE_NO_INPUT_CHANNEL flag. Ignoring
07-03 21:50:34.077  1958  5269 I Timeline: Timeline: App_transition_ready time:121777465
07-03 21:50:34.079  1958  5269 I Timeline: Timeline: App_transition_ready time:121777467
07-03 21:50:34.164  1958  1997 I Timeline: Timeline: App_transition_ready time:121777552
07-03 21:50:34.434  1958  1997 I Timeline: Timeline: Activity_windows_visible id: ActivityRecord{c7f5d8d u0 com.google.android.documentsui/com.android.documentsui.picker.PickActivity t1692} time:121777823
07-03 21:50:34.436  1958  1997 I Timeline: Timeline: App_transition_stopped time:121777825
07-03 21:50:34.875  1958  1958 W WindowManager: removeWindowToken: Attempted to remove non-existing token: android.os.Binder@4bebeda
07-03 21:50:34.954  1958  5269 W BaseMiuiPhoneWindowManager: keyCode:82 down:true eventTime:121778342 downTime:121778342 policyFlags:2b000002 flags:48 deviceId:-1 isScreenOn:true keyguardActive:false repeatCount:0
07-03 21:50:35.014  1958  5269 W BaseMiuiPhoneWindowManager: keyCode:82 down:false eventTime:121778402 downTime:121778342 policyFlags:2b000002 flags:48 deviceId:-1 isScreenOn:true keyguardActive:false repeatCount:0
07-03 21:50:35.033  1958  1996 W WindowManager: setLauncherState= 2
07-03 21:50:35.036 25324 25324 I Timeline: Timeline: Activity_launch_request time:121778425
07-03 21:50:35.038  1958  2066 I ActivityTaskManager: START u0 {act=android.intent.action.MAIN cat=[android.intent.category.HOME] flg=0x10000000 cmp=com.miui.home/.launcher.Launcher (has extras)} from uid 10094
07-03 21:50:35.049  1958  2066 I Timeline: Timeline: App_transition_ready time:121778438
07-03 21:50:35.052 14411 14411 W ActivityThread: SCHED: com.google.android.documentsui/com.android.documentsui.picker.PickActivity [85, r=272ms, a=47ms, w=1065ms]
07-03 21:50:35.053  1958  5269 I Timeline: Timeline: App_transition_ready time:121778442
07-03 21:50:35.055  1958  1997 I Timeline: Timeline: App_transition_ready time:121778444
07-03 21:50:35.057  1958  2645 I Timeline: Timeline: App_transition_ready time:121778445
07-03 21:50:35.083  1958  3851 I Timeline: Timeline: App_transition_ready time:121778471
07-03 21:50:35.088  1958  1997 I Timeline: Timeline: App_transition_ready time:121778476
07-03 21:50:35.121  1958  1997 I Timeline: Timeline: App_transition_ready time:121778509
07-03 21:50:35.436  1958  5269 I Timeline: Timeline: Activity_windows_visible id: ActivityRecord{ddb1799 u0 com.miui.home/.launcher.Launcher t1} time:121778825
07-03 21:50:35.442  1958  1997 I Timeline: Timeline: App_transition_stopped time:121778830
07-03 21:50:35.925 25324 25324 W ActivityThread: SCHED: com.miui.home/.launcher.Launcher [81, r=43ms, a=10ms, w=850ms]
07-03 21:50:35.935  1958  4526 I Timeline: Timeline: App_transition_ready time:121779323
07-03 21:50:35.942  1958  1997 I Timeline: Timeline: App_transition_ready time:121779331
07-03 21:50:36.369  1958  4526 I Timeline: Timeline: Activity_windows_visible id: ActivityRecord{c7f5d8d u0 com.google.android.documentsui/com.android.documentsui.picker.PickActivity t1692} time:121779758
07-03 21:50:36.375  1958  1997 I Timeline: Timeline: App_transition_stopped time:121779763
07-03 21:50:36.385  1958  1996 W WindowManager: setLauncherState= 1
07-03 21:50:36.549 14411 14411 W ActivityThread: SCHED: com.google.android.documentsui/com.android.documentsui.picker.PickActivity [89, r=164ms, a=19ms, w=559ms]
07-03 21:50:36.555  1958  4597 I Timeline: Timeline: App_transition_ready time:121779944
07-03 21:50:36.574  1958  2066 I Timeline: Timeline: App_transition_ready time:121779962
07-03 21:50:36.719  1958  2066 I Timeline: Timeline: App_transition_ready time:121780107
07-03 21:50:37.484  1958  2066 W BaseMiuiPhoneWindowManager: keyCode:82 down:true eventTime:121780872 downTime:121780872 policyFlags:2b000002 flags:48 deviceId:-1 isScreenOn:true keyguardActive:false repeatCount:0
07-03 21:50:37.486  1958  2089 W WindowManager: Failed looking up window callers=com.android.server.wm.InputManagerCallback.interceptKeyBeforeDispatching:191 com.android.server.input.InputManagerService.interceptKeyBeforeDispatching:1920 <bottom of call stack>
07-03 21:50:37.571  1958  2066 W BaseMiuiPhoneWindowManager: keyCode:82 down:false eventTime:121780960 downTime:121780872 policyFlags:2b000002 flags:48 deviceId:-1 isScreenOn:true keyguardActive:false repeatCount:0
07-03 21:50:37.572  1958  2089 W WindowManager: Failed looking up window callers=com.android.server.wm.InputManagerCallback.interceptKeyBeforeDispatching:191 com.android.server.input.InputManagerService.interceptKeyBeforeDispatching:1920 <bottom of call stack>
07-03 21:50:37.592  1958  1996 W WindowManager: setLauncherState= 2
07-03 21:50:37.597 25324 25324 I Timeline: Timeline: Activity_launch_request time:121780985
07-03 21:50:37.598  1958  4526 I ActivityTaskManager: START u0 {act=android.intent.action.MAIN cat=[android.intent.category.HOME] flg=0x10000000 cmp=com.miui.home/.launcher.Launcher (has extras)} from uid 10094
07-03 21:50:37.615  1958  4526 I Timeline: Timeline: App_transition_ready time:121781003
07-03 21:50:37.619  1958  4526 I Timeline: Timeline: App_transition_ready time:121781007
07-03 21:50:37.621  1958  1997 I Timeline: Timeline: App_transition_ready time:121781010
07-03 21:50:37.659  1958  4526 I Timeline: Timeline: App_transition_ready time:121781048
07-03 21:50:37.671  1958  1997 I Timeline: Timeline: App_transition_ready time:121781059
07-03 21:50:37.703  1958  1997 I Timeline: Timeline: App_transition_ready time:121781092
07-03 21:50:38.035  1958  5269 I Timeline: Timeline: Activity_windows_visible id: ActivityRecord{ddb1799 u0 com.miui.home/.launcher.Launcher t1} time:121781424
07-03 21:50:38.040  1958  1997 I Timeline: Timeline: App_transition_stopped time:121781428
07-03 21:50:38.102  1958  1996 W ActivityTaskManager: Activity top resumed state loss timeout for ActivityRecord{5af5c2e u0 com.BHG.gurbani/.UploadActivity t1692}
07-03 21:50:38.106  1958  1996 W ActivityTaskManager: Activity pause timeout for ActivityRecord{5af5c2e u0 com.BHG.gurbani/.UploadActivity t1692}
07-03 21:50:38.346 25324 25324 W ActivityThread: SCHED: com.miui.home/.launcher.Launcher [68, r=47ms, a=22ms, w=700ms]
07-03 21:50:38.353  1958  2066 I Timeline: Timeline: App_transition_ready time:121781741
07-03 21:50:39.448 14727 14727 W Activity: Slow Operation: Activity com.BHG.gurbani/.UploadActivity onActivityResult took 2874ms
07-03 21:50:39.451 14727 14727 W Looper  : Slow Looper main: Long Msg: seq=178 plan=21:50:36.554  late=21ms wall=2876msrunning=2515ms runnable=7ms io=192ms h=android.app.ActivityThread$H w=159
07-03 21:50:39.451 14727 14727 W Looper  : Slow Looper main: Activity com.BHG.gurbani/.UploadActivity is 1848ms late (wall=0ms running=0ms ClientTransaction{ callbacks=[android.app.servertransaction.TopResumedActivityChangeItem] }) becauseof 2 msg, msg 1 took 2876ms (seq=178 running=2515ms runnable=7ms io=192ms late=21ms h=android.app.ActivityThread$H w=159)
07-03 21:50:39.451 14727 14727 W ActivityThread: SCHED: com.BHG.gurbani/.UploadActivity [100, r=2ms, a=0ms, w=2ms]
07-03 21:50:39.452 14727 14727 W Looper  : Slow Looper main: Activity com.BHG.gurbani/.UploadActivity is 1844ms late (wall=1ms running=1ms ClientTransaction{ lifecycleRequest=android.app.servertransaction.PauseActivityItem }) because of 3 msg, msg 1 took 2876ms (seq=178 running=2515ms runnable=7ms io=192ms late=21ms h=android.app.ActivityThread$H w=159)
07-03 21:50:39.459 14727 14727 W Looper  : Slow Looper main: Activity com.BHG.gurbani/.UploadActivity is 1343ms late (wall=7ms running=2ms ClientTransaction{ lifecycleRequest=android.app.servertransaction.StopActivityItem }) because of 5 msg, msg 1 took 2876ms (seq=178 running=2515ms runnable=7ms io=192ms late=21ms h=android.app.ActivityThread$H w=159)
07-03 21:50:39.459 14727 14727 W Looper  : Slow Looper main: Activity com.BHG.gurbani/.UploadActivity is 1110ms late (wall=0ms running=0ms ClientTransaction{ callbacks=[android.app.servertransaction.TopResumedActivityChangeItem] }) becauseof 7 msg, msg 1 took 2876ms (seq=178 running=2515ms runnable=7ms io=192ms late=21ms h=android.app.ActivityThread$H w=159)
07-03 21:50:39.462 14727 14727 W Looper  : Slow Looper main: Activity com.BHG.gurbani/.UploadActivity is 1108ms late (wall=2ms running=2ms ClientTransaction{ lifecycleRequest=android.app.servertransaction.ResumeActivityItem }) because of 8msg, msg 1 took 2876ms (seq=178 running=2515ms runnable=7ms io=192ms late=21ms h=android.app.ActivityThread$H w=159)
07-03 21:50:39.472  1958  3851 I Timeline: Timeline: App_transition_ready time:121782860
07-03 21:50:39.478 14727 14727 E AndroidRuntime: FATAL EXCEPTION: main
07-03 21:50:39.478 14727 14727 E AndroidRuntime: Process: com.BHG.gurbani, PID: 14727
07-03 21:50:39.478 14727 14727 E AndroidRuntime: java.lang.RuntimeException: Canvas: trying to draw too large(192000000bytes) bitmap.
07-03 21:50:39.478 14727 14727 E AndroidRuntime:        at android.graphics.RecordingCanvas.throwIfCannotDraw(RecordingCanvas.java:280)
07-03 21:50:39.478 14727 14727 E AndroidRuntime:        at android.graphics.BaseRecordingCanvas.drawBitmap(BaseRecordingCanvas.java:88)
07-03 21:50:39.478 14727 14727 E AndroidRuntime:        at android.graphics.drawable.BitmapDrawable.draw(BitmapDrawable.java:548)
07-03 21:50:39.478 14727 14727 E AndroidRuntime:        at android.widget.ImageView.onDraw(ImageView.java:1434)
07-03 21:50:39.478 14727 14727 E AndroidRuntime:        at android.view.View.draw(View.java:21551)
07-03 21:50:39.478 14727 14727 E AndroidRuntime:        at android.view.View.updateDisplayListIfDirty(View.java:20420)
07-03 21:50:39.478 14727 14727 E AndroidRuntime:        at android.view.View.draw(View.java:21280)
07-03 21:50:39.478 14727 14727 E AndroidRuntime:        at android.view.ViewGroup.drawChild(ViewGroup.java:4417)
07-03 21:50:39.478 14727 14727 E AndroidRuntime:        at android.view.ViewGroup.dispatchDraw(ViewGroup.java:4177)
07-03 21:50:39.478 14727 14727 E AndroidRuntime:        at android.view.View.draw(View.java:21554)
07-03 21:50:39.478 14727 14727 E AndroidRuntime:        at android.view.View.updateDisplayListIfDirty(View.java:20420)
07-03 21:50:39.478 14727 14727 E AndroidRuntime:        at android.view.View.draw(View.java:21280)
07-03 21:50:39.478 14727 14727 E AndroidRuntime:        at android.view.ViewGroup.drawChild(ViewGroup.java:4417)
07-03 21:50:39.478 14727 14727 E AndroidRuntime:        at android.view.ViewGroup.dispatchDraw(ViewGroup.java:4177)
07-03 21:50:39.478 14727 14727 E AndroidRuntime:        at android.view.View.updateDisplayListIfDirty(View.java:20411)
07-03 21:50:39.478 14727 14727 E AndroidRuntime:        at android.view.View.draw(View.java:21280)
07-03 21:50:39.478 14727 14727 E AndroidRuntime:        at android.view.ViewGroup.drawChild(ViewGroup.java:4417)
07-03 21:50:39.478 14727 14727 E AndroidRuntime:        at android.view.ViewGroup.dispatchDraw(ViewGroup.java:4177)
07-03 21:50:39.478 14727 14727 E AndroidRuntime:        at android.view.View.updateDisplayListIfDirty(View.java:20411)
07-03 21:50:39.478 14727 14727 E AndroidRuntime:        at android.view.View.draw(View.java:21280)
07-03 21:50:39.478 14727 14727 E AndroidRuntime:        at android.view.ViewGroup.drawChild(ViewGroup.java:4417)
07-03 21:50:39.478 14727 14727 E AndroidRuntime:        at android.view.ViewGroup.dispatchDraw(ViewGroup.java:4177)
07-03 21:50:39.478 14727 14727 E AndroidRuntime:        at android.view.View.updateDisplayListIfDirty(View.java:20411)
07-03 21:50:39.478 14727 14727 E AndroidRuntime:        at android.view.View.draw(View.java:21280)
07-03 21:50:39.478 14727 14727 E AndroidRuntime:        at android.view.ViewGroup.drawChild(ViewGroup.java:4417)
07-03 21:50:39.478 14727 14727 E AndroidRuntime:        at android.view.ViewGroup.dispatchDraw(ViewGroup.java:4177)
07-03 21:50:39.478 14727 14727 E AndroidRuntime:        at android.view.View.updateDisplayListIfDirty(View.java:20411)
07-03 21:50:39.478 14727 14727 E AndroidRuntime:        at android.view.View.draw(View.java:21280)
07-03 21:50:39.478 14727 14727 E AndroidRuntime:        at android.view.ViewGroup.drawChild(ViewGroup.java:4417)
07-03 21:50:39.478 14727 14727 E AndroidRuntime:        at android.view.ViewGroup.dispatchDraw(ViewGroup.java:4177)
07-03 21:50:39.478 14727 14727 E AndroidRuntime:        at android.view.View.draw(View.java:21554)
07-03 21:50:39.478 14727 14727 E AndroidRuntime:        at com.android.internal.policy.DecorView.draw(DecorView.java:842)
07-03 21:50:39.478 14727 14727 E AndroidRuntime:        at android.view.View.updateDisplayListIfDirty(View.java:20420)
07-03 21:50:39.478 14727 14727 E AndroidRuntime:        at android.view.ThreadedRenderer.updateViewTreeDisplayList(ThreadedRenderer.java:575)
07-03 21:50:39.478 14727 14727 E AndroidRuntime:        at android.view.ThreadedRenderer.updateRootDisplayList(ThreadedRenderer.java:581)
07-03 21:50:39.478 14727 14727 E AndroidRuntime:        at android.view.ThreadedRenderer.draw(ThreadedRenderer.java:654)
07-03 21:50:39.478 14727 14727 E AndroidRuntime:        at android.view.ViewRootImpl.draw(ViewRootImpl.java:3715)
07-03 21:50:39.478 14727 14727 E AndroidRuntime:        at android.view.ViewRootImpl.performDraw(ViewRootImpl.java:3510)
07-03 21:50:39.478 14727 14727 E AndroidRuntime:        at android.view.ViewRootImpl.performTraversals(ViewRootImpl.java:2847)
07-03 21:50:39.478 14727 14727 E AndroidRuntime:        at android.view.ViewRootImpl.doTraversal(ViewRootImpl.java:1800)
07-03 21:50:39.478 14727 14727 E AndroidRuntime:        at android.view.ViewRootImpl$TraversalRunnable.run(ViewRootImpl.java:7762)
07-03 21:50:39.478 14727 14727 E AndroidRuntime:        at android.view.Choreographer$CallbackRecord.run(Choreographer.java:1031)
07-03 21:50:39.478 14727 14727 E AndroidRuntime:        at android.view.Choreographer.doCallbacks(Choreographer.java:854)
07-03 21:50:39.478 14727 14727 E AndroidRuntime:        at android.view.Choreographer.doFrame(Choreographer.java:789)
07-03 21:50:39.478 14727 14727 E AndroidRuntime:        at android.view.Choreographer$FrameDisplayEventReceiver.run(Choreographer.java:1016)
07-03 21:50:39.478 14727 14727 E AndroidRuntime:        at android.os.Handler.handleCallback(Handler.java:883)
07-03 21:50:39.478 14727 14727 E AndroidRuntime:        at android.os.Handler.dispatchMessage(Handler.java:100)
07-03 21:50:39.478 14727 14727 E AndroidRuntime:        at android.os.Looper.loop(Looper.java:224)
07-03 21:50:39.478 14727 14727 E AndroidRuntime:        at android.app.ActivityThread.main(ActivityThread.java:7592)
07-03 21:50:39.478 14727 14727 E AndroidRuntime:        at java.lang.reflect.Method.invoke(Native Method)
07-03 21:50:39.478 14727 14727 E AndroidRuntime:        at com.android.internal.os.RuntimeInit$MethodAndArgsCaller.run(RuntimeInit.java:539)
07-03 21:50:39.478 14727 14727 E AndroidRuntime:        at com.android.internal.os.ZygoteInit.main(ZygoteInit.java:950)
07-03 21:50:39.480  1958  3851 W ActivityTaskManager:   Force finishing activity com.BHG.gurbani/.UploadActivity
07-03 21:50:39.486  1958 15010 I DropBoxManagerService: add tag=data_app_crash isTagEnabled=true flags=0x2
07-03 21:50:39.489  1958  2010 W BroadcastQueue: Background execution not allowed: receiving Intent { act=android.intent.action.DROPBOX_ENTRY_ADDED flg=0x10 (has extras) } to com.google.android.gms/.stats.service.DropBoxEntryAddedReceiver
07-03 21:50:39.552  1958  4692 I WindowManager: WIN DEATH: Window{7fe6e74 u0 com.BHG.gurbani/com.BHG.gurbani.MainActivity}
07-03 21:50:39.552  1958  4525 I ActivityManager: Process com.BHG.gurbani (pid 14727) has died: fore TOP
07-03 21:50:39.555  1958  2645 I WindowManager: WIN DEATH: Window{693aff4 u0 com.BHG.gurbani/com.BHG.gurbani.UploadActivity}
07-03 21:50:39.567  1958  1996 W ActivityManager: setHasOverlayUi called on unknown pid: 14727
07-03 21:50:39.623  1958  2011 I ActivityManager: Start proc 15014:com.BHG.gurbani/u0a776 for activity {com.BHG.gurbani/com.BHG.gurbani.MainActivity} caller=com.BHG.gurbani
07-03 21:50:39.649  1958  1997 I Timeline: Timeline: App_transition_ready time:121783037
07-03 21:50:39.967  1958  2647 E WindowManager: App trying to use insecure INPUT_FEATURE_NO_INPUT_CHANNEL flag. Ignoring
07-03 21:50:39.982  1958  1996 W ActivityTaskManager: Activity top resumed state loss timeout for ActivityRecord{5af5c2e u0 com.BHG.gurbani/.UploadActivity t-1 f}
07-03 21:50:40.070  1958  2647 I Timeline: Timeline: Activity_windows_visible id: ActivityRecord{6bfa5fb u0 com.BHG.gurbani/.MainActivity t1692} time:121783459
07-03 21:50:40.077  1958  1997 I Timeline: Timeline: App_transition_stopped time:121783466
07-03 21:50:40.087  1958  1996 W WindowManager: setLauncherState= 1
07-03 21:50:40.237  1958  4692 W BaseMiuiPhoneWindowManager: keyCode:82 down:true eventTime:121783624 downTime:121783624 policyFlags:2b000002 flags:48 deviceId:-1 isScreenOn:true keyguardActive:false repeatCount:0
07-03 21:50:40.323  1958  4692 W BaseMiuiPhoneWindowManager: keyCode:82 down:false eventTime:121783711 downTime:121783624 policyFlags:2b000002 flags:48 deviceId:-1 isScreenOn:true keyguardActive:false repeatCount:0
07-03 21:50:40.385  1958  1996 W WindowManager: setLauncherState= 2
07-03 21:50:40.395 25324 25324 I Timeline: Timeline: Activity_launch_request time:121783784
07-03 21:50:40.396  1958  2066 I ActivityTaskManager: START u0 {act=android.intent.action.MAIN cat=[android.intent.category.HOME] flg=0x10000000 cmp=com.miui.home/.launcher.Launcher (has extras)} from uid 10094
07-03 21:50:40.412  1958  2066 I Timeline: Timeline: App_transition_ready time:121783801
07-03 21:50:40.414 15014 15014 W ActivityThread: SCHED: com.BHG.gurbani/.MainActivity [75, r=50ms, a=16ms, w=455ms]
07-03 21:50:40.416  1958  1997 I Timeline: Timeline: App_transition_ready time:121783805
07-03 21:50:40.419  1958  2066 I Timeline: Timeline: App_transition_ready time:121783808
07-03 21:50:40.421  1958  2360 I Timeline: Timeline: App_transition_ready time:121783809
07-03 21:50:40.494  1958  5255 I Timeline: Timeline: App_transition_ready time:121783883
07-03 21:50:40.507  1958  5271 I Timeline: Timeline: App_transition_ready time:121783896
07-03 21:50:40.521  1958  1997 I Timeline: Timeline: App_transition_ready time:121783909
07-03 21:50:40.553  1958  1997 I Timeline: Timeline: App_transition_ready time:121783941
07-03 21:50:40.870  1958  2645 I Timeline: Timeline: Activity_windows_visible id: ActivityRecord{ddb1799 u0 com.miui.home/.launcher.Launcher t1} time:121784258
07-03 21:50:40.873  1958  1997 I Timeline: Timeline: App_transition_stopped time:121784261
07-03 21:50:41.135 25324 25324 W ActivityThread: SCHED: com.miui.home/.launcher.Launcher [74, r=47ms, a=16ms, w=642ms]
07-03 21:50:41.148  1958  5255 I Timeline: Timeline: App_transition_ready time:121784536
07-03 21:50:41.159  1958  1997 I Timeline: Timeline: App_transition_ready time:121784547
07-03 21:50:41.588  1958  4692 I Timeline: Timeline: Activity_windows_visible id: ActivityRecord{6bfa5fb u0 com.BHG.gurbani/.MainActivity t1692} time:121784977
07-03 21:50:41.595  1958  1997 I Timeline: Timeline: App_transition_stopped time:121784983
07-03 21:50:41.602  1958  1996 W WindowManager: setLauncherState= 1
07-03 21:50:42.117 15014 15014 I Timeline: Timeline: Activity_launch_request time:121785505
07-03 21:50:42.118  1958  2645 I ActivityTaskManager: START u0 {cmp=com.BHG.gurbani/.UploadActivity} from uid 10776
07-03 21:50:42.128 15014 15014 W ActivityThread: SCHED: com.BHG.gurbani/.MainActivity [82, r=37ms, a=8ms, w=964ms]
07-03 21:50:42.131  1958  2645 I ActivityTaskManager: The Process com.BHG.gurbani Already Exists in BG. So sending its PID: 15014
07-03 21:50:42.135  1958  2645 I Timeline: Timeline: App_transition_ready time:121785523
07-03 21:50:42.169  1958  4692 E WindowManager: App trying to use insecure INPUT_FEATURE_NO_INPUT_CHANNEL flag. Ignoring
07-03 21:50:42.178  1958  4692 I Timeline: Timeline: App_transition_ready time:121785567
07-03 21:50:42.179  1958  4692 I Timeline: Timeline: App_transition_ready time:121785568
07-03 21:50:42.199  1958  1997 I Timeline: Timeline: App_transition_ready time:121785588
07-03 21:50:42.454  1958  1997 I Timeline: Timeline: Activity_windows_visible id: ActivityRecord{41f4578 u0 com.BHG.gurbani/.UploadActivity t1692} time:121785842
07-03 21:50:42.458  1958  1997 I Timeline: Timeline: App_transition_stopped time:121785846
07-03 21:50:43.146  1958  5270 W BaseMiuiPhoneWindowManager: keyCode:3 down:true eventTime:121786534 downTime:121786534policyFlags:2b000002 flags:48 deviceId:-1 isScreenOn:true keyguardActive:false repeatCount:0
07-03 21:50:43.207  1958  5270 W BaseMiuiPhoneWindowManager: keyCode:3 down:false eventTime:121786595 downTime:121786534 policyFlags:2b000002 flags:48 deviceId:-1 isScreenOn:true keyguardActive:false repeatCount:0
07-03 21:50:43.210  1958  2089 I ActivityTaskManager: START u0 {act=android.intent.action.MAIN cat=[android.intent.category.HOME] flg=0x10000100 cmp=com.miui.home/.launcher.Launcher (has extras)} from uid 0
07-03 21:50:43.224  1958  2089 I Timeline: Timeline: App_transition_ready time:121786612
07-03 21:50:43.233  1958  1997 I Timeline: Timeline: App_transition_ready time:121786621
07-03 21:50:43.234 15014 15014 W ActivityThread: SCHED: com.BHG.gurbani/.UploadActivity [74, r=23ms, a=8ms, w=1068ms]
07-03 21:50:43.237  1958  2066 I Timeline: Timeline: App_transition_ready time:121786625
07-03 21:50:43.238  1958  1997 I Timeline: Timeline: App_transition_ready time:121786627
07-03 21:50:43.239  1958  5270 I Timeline: Timeline: App_transition_ready time:121786628
07-03 21:50:43.244  1958  1997 I Timeline: Timeline: App_transition_ready time:121786633
07-03 21:50:43.262  1958  5271 I Timeline: Timeline: App_transition_ready time:121786650
07-03 21:50:43.271  1958  1997 I Timeline: Timeline: App_transition_ready time:121786660
07-03 21:50:43.298  1958  1997 I Timeline: Timeline: App_transition_ready time:121786686
07-03 21:50:43.410  1958  5271 W BaseMiuiPhoneWindowManager: keyCode:82 down:true eventTime:121786798 downTime:121786798 policyFlags:2b000002 flags:48 deviceId:-1 isScreenOn:true keyguardActive:false repeatCount:0
07-03 21:50:43.483  1958  5271 W BaseMiuiPhoneWindowManager: keyCode:82 down:false eventTime:121786871 downTime:121786798 policyFlags:2b000002 flags:48 deviceId:-1 isScreenOn:true keyguardActive:false repeatCount:0
07-03 21:50:43.497  1958  4692 I Timeline: Timeline: Activity_windows_visible id: ActivityRecord{ddb1799 u0 com.miui.home/.launcher.Launcher t1} time:121786886
07-03 21:50:43.502  1958  1997 I Timeline: Timeline: App_transition_stopped time:121786891
07-03 21:50:43.518  1958  1996 W WindowManager: setLauncherState= 2
07-03 21:50:43.976  1958  2645 I ProcessManager: Kill reason OneKeyClean from pid=25324
07-03 21:50:44.000  1958  2645 I ProcessManager: mLruProcesses size=59
07-03 21:50:44.005  1958  1996 I ActivityManager: Killing 12994:com.miui.msa.global:ui/u0a123 (adj 955): empty #17
07-03 21:50:44.007  1958  2645 I ProcessManager: OneKeyClean: kill com.BHG.gurbani Adj=805 State=20
07-03 21:50:44.008  1958  2645 I ActivityManager: Killing 15014:com.BHG.gurbani/u0a776 (adj 805): OneKeyClean
07-03 21:50:44.011  1958  2645 I ProcessManager: OneKeyClean: kill com.google.android.documentsui Adj=815 State=20
07-03 21:50:44.012  1958  2645 I ActivityManager: Killing 14411:com.google.android.documentsui/u0a66 (adj 815): OneKeyClean
07-03 21:50:44.013  1958  2645 I ProcessManager: OneKeyClean: kill com.android.vending Adj=825 State=20
07-03 21:50:44.013  1958  2645 I ActivityManager: Killing 13401:com.android.vending/u0a175 (adj 825): OneKeyClean
07-03 21:50:44.015  1958  2645 I ProcessManager: OneKeyClean: kill com.android.vending:background Adj=825 State=20
07-03 21:50:44.015  1958  2645 I ActivityManager: Killing 13830:com.android.vending:background/u0a175 (adj 825): OneKeyClean
07-03 21:50:44.016  1958  2645 I ProcessManager: OneKeyClean: kill com.google.process.gservices Adj=835 State=20
07-03 21:50:44.016  1958  2645 I ActivityManager: Killing 13178:com.google.process.gservices/u0a185 (adj 835): OneKeyClean
07-03 21:50:44.017  1958  2645 I ProcessManager: OneKeyClean: kill com.google.android.apps.docs Adj=845 State=20
07-03 21:50:44.017  1958  2645 I ActivityManager: Killing 14442:com.google.android.apps.docs/u0a221 (adj 845): OneKeyClean
07-03 21:50:44.019  1958  2645 I ProcessManager: OneKeyClean: kill com.android.settings Adj=500 State=11
07-03 21:50:44.019  1958  2645 I ActivityManager: Killing 14182:com.android.settings/1000 (adj 500): OneKeyClean
07-03 21:50:44.021  1958  2645 I ProcessManager: OneKeyClean: kill com.android.chrome Adj=865 State=20
07-03 21:50:44.021  1958  2645 I ActivityManager: Killing 14035:com.android.chrome/u0a193 (adj 865): OneKeyClean
07-03 21:50:44.022  1958  2645 I ProcessManager: OneKeyClean: kill com.google.android.apps.wellbeing Adj=875 State=20
07-03 21:50:44.022  1958  2645 I ActivityManager: Killing 12974:com.google.android.apps.wellbeing/u0a189 (adj 875): OneKeyClean
07-03 21:50:44.023  1958  2645 I ProcessManager: OneKeyClean: kill com.google.android.webview:webview_service Adj=885 State=20
07-03 21:50:44.023  1958  2645 I ActivityManager: Killing 13879:com.google.android.webview:webview_service/u0a192 (adj 885): OneKeyClean
07-03 21:50:44.024  1958  2645 I ProcessManager: OneKeyClean: kill com.google.process.gapps Adj=895 State=20
07-03 21:50:44.024  1958  2645 I ActivityManager: Killing 13738:com.google.process.gapps/u0a185 (adj 895): OneKeyClean
07-03 21:50:44.025  1958  2645 I ProcessManager: OneKeyClean: kill com.google.android.webview:sandboxed_process0:org.chromium.content.app.SandboxedProcessService0:0 Adj=905 State=20
07-03 21:50:44.026  1958  2645 I ActivityManager: Killing 13812:com.google.android.webview:sandboxed_process0:org.chromium.content.app.SandboxedProcessService0:0/u0a162i298 (adj 905): OneKeyClean
07-03 21:50:44.026  1958  2645 I ProcessManager: OneKeyClean: kill com.miui.global.packageinstaller Adj=915 State=20
07-03 21:50:44.027  1958  2645 I ActivityManager: Killing 13364:com.miui.global.packageinstaller/u0a162 (adj 915): OneKeyClean
07-03 21:50:44.028  1958  2645 I ProcessManager: OneKeyClean: kill com.miui.msa.global Adj=100 State=9
07-03 21:50:44.028  1958  2645 I ActivityManager: Killing 12456:com.miui.msa.global/u0a123 (adj 100): OneKeyClean
07-03 21:50:44.029  1958  2645 I ProcessManager: OneKeyClean: kill com.android.keychain Adj=925 State=20
07-03 21:50:44.029  1958  2645 I ActivityManager: Killing 13346:com.android.keychain/1000 (adj 925): OneKeyClean
07-03 21:50:44.030  1958  2645 I ProcessManager: OneKeyClean: kill com.miui.guardprovider Adj=100 State=5
07-03 21:50:44.030  1958  2645 I ActivityManager: Killing 13311:com.miui.guardprovider/u0a115 (adj 100): OneKeyClean
07-03 21:50:44.031  1958  2645 I ProcessManager: OneKeyClean: kill com.android.smspush Adj=100 State=7
07-03 21:50:44.032  1958  2645 I ActivityManager: Killing 13239:com.android.smspush/u0a155 (adj 100): OneKeyClean
07-03 21:50:44.033  1958  2645 I ProcessManager: OneKeyClean: kill com.qti.diagservices Adj=500 State=11
07-03 21:50:44.033  1958  2645 I ActivityManager: Killing 13115:com.qti.diagservices/1000 (adj 500): OneKeyClean
07-03 21:50:44.034  1958  2645 I ProcessManager: OneKeyClean: kill com.android.settings:remote Adj=800 State=11
07-03 21:50:44.034  1958  2645 I ActivityManager: Killing 13052:com.android.settings:remote/1000 (adj 800): OneKeyClean
07-03 21:50:44.035  1958  2645 I ProcessManager: OneKeyClean: kill com.qualcomm.telephony Adj=800 State=11
07-03 21:50:44.035  1958  2645 I ActivityManager: Killing 12938:com.qualcomm.telephony/u0a195 (adj 800): OneKeyClean
07-03 21:50:44.036  1958  2645 I ProcessManager: OneKeyClean: kill com.qualcomm.qti.workloadclassifier Adj=800 State=11
07-03 21:50:44.036  1958  2645 I ActivityManager: Killing 12429:com.qualcomm.qti.workloadclassifier/1000 (adj 800): OneKeyClean
07-03 21:50:44.071  1958  5271 I WindowManager: WIN DEATH: Window{ba593cc u0 com.BHG.gurbani/com.BHG.gurbani.MainActivity}
07-03 21:50:44.074  1958  2647 I WindowManager: WIN DEATH: Window{238b48e u0 com.BHG.gurbani/com.BHG.gurbani.UploadActivity}
07-03 21:50:44.100  1958  1996 W ActivityManager: setHasOverlayUi called on unknown pid: 15014
07-03 21:50:44.113  1958  4415 W ActivityManager: Scheduling restart of crashed service com.miui.global.packageinstaller/org.chromium.content.app.SandboxedProcessService0:0 in 1000ms
07-03 21:50:44.145  1958  4415 W ActivityManager: Scheduling restart of crashed service com.android.smspush/.WapPushManager in 10968ms
07-03 21:50:44.148  1958  4807 I AutoStartManagerService: MIUILOG- Reject RestartService packageName :com.miui.guardprovider uid : 10115
07-03 21:50:44.151  1958  4526 W ActivityManager: Scheduling restart of crashed service com.qualcomm.atfwd/.AtFwdService in 20963ms
07-03 21:50:44.156  1958  4525 W ActivityManager: Scheduling restart of crashed service com.qti.diagservices/.QTIDiagServices in 30958ms
07-03 21:50:44.161  1958  3132 W ActivityManager: Scheduling restart of crashed service com.qualcomm.qti.workloadclassifier/.WLCService in 40953ms
07-03 21:50:44.178  1958  1996 W ActivityManager: setHasOverlayUi called on unknown pid: 14411
07-03 21:50:44.205  1958  4807 W ActivityManager: Scheduling restart of crashed service com.android.settings/.dangerousoptions.DangerousOptionsWarningService in 50908ms
07-03 21:50:44.244  1958  2645 W ActivityManager: Exception when unbinding service com.android.vending/com.google.frameworks.client.data.android.server.play.BackgroundProcessEndpointService
07-03 21:50:44.244  1958  2645 W ActivityManager: android.os.DeadObjectException
07-03 21:50:44.244  1958  2645 W ActivityManager:       at android.os.BinderProxy.transactNative(Native Method)
07-03 21:50:44.244  1958  2645 W ActivityManager:       at android.os.BinderProxy.transact(BinderProxy.java:511)
07-03 21:50:44.244  1958  2645 W ActivityManager:       at android.app.IApplicationThread$Stub$Proxy.scheduleUnbindService(IApplicationThread.java:1627)
07-03 21:50:44.244  1958  2645 W ActivityManager:       at com.android.server.am.ActiveServices.removeConnectionLocked(ActiveServices.java:3440)
07-03 21:50:44.244  1958  2645 W ActivityManager:       at com.android.server.am.ActiveServices.killServicesLocked(ActiveServices.java:3859)
07-03 21:50:44.244  1958  2645 W ActivityManager:       at com.android.server.am.ActivityManagerService.cleanUpApplicationRecordLocked(ActivityManagerService.java:14080)
07-03 21:50:44.244  1958  2645 W ActivityManager:       at com.android.server.am.ActivityManagerService.handleAppDiedLocked(ActivityManagerService.java:3716)
07-03 21:50:44.244  1958  2645 W ActivityManager:       at com.android.server.am.ActivityManagerService.appDiedLocked(ActivityManagerService.java:3889)
07-03 21:50:44.244  1958  2645 W ActivityManager:       at com.android.server.am.ActivityManagerService$AppDeathRecipient.binderDied(ActivityManagerService.java:1537)
07-03 21:50:44.244  1958  2645 W ActivityManager:       at android.os.BinderProxy.sendDeathNotice(BinderProxy.java:621)
07-03 21:50:44.276  1958  4692 W ActivityManager: Scheduling restart of crashed service com.miui.msa.global/com.zeus.gmc.sdk.mobileads.msa.odi.service.OnDeviceIntelligenceService in 60837ms
07-03 21:50:44.276  1958  4692 W ActivityManager: Scheduling restart of crashed service com.miui.msa.global/com.miui.systemAdSolution.splashscreen.SplashScreenService in 70837ms
07-03 21:50:44.281  1958  5256 W ActivityManager: Scheduling restart of crashed service com.android.settings/.connecteddevice.usb.MiUsbService in 1134336ms
07-03 21:50:44.310  1958  1996 W WindowManager: setLauncherState= 1
07-03 21:50:44.613  1958  2645 E WindowManager: App trying to use insecure INPUT_FEATURE_NO_INPUT_CHANNEL flag. Ignoring
07-03 21:50:46.621  1958  4525 W NotificationService: Toast already killed. pkg=com.miui.home callback=android.app.ITransientNotification$Stub$Proxy@47519ac
07-03 21:50:48.116  1958  1996 W WindowManager: Unable to start animation, surface is null or no children.
07-03 21:50:54.301  1958  2011 I ActivityManager: Start proc 15139:com.miui.msa.global/u0a123 for service {com.miui.msa.global/com.miui.systemAdSolution.splashscreen.SplashScreenService} caller=android
07-03 21:50:55.146  1958  2011 I ActivityManager: Start proc 15343:com.android.smspush/u0a155 for service {com.android.smspush/com.android.smspush.WapPushManager} caller=com.android.phone
07-03 21:50:55.987  1958  4525 W ActivityManager: Receiver with filter android.content.IntentFilter@83090a5 already registered for pid 15139, callerPackage is com.miui.msa.global
07-03 21:50:55.989  1958  4525 W ActivityManager: Receiver with filter android.content.IntentFilter@c249888 already registered for pid 15139, callerPackage is com.miui.msa.global
07-03 21:50:57.470  1958  2011 I ActivityManager: Start proc 15623:com.miui.phrase/u0a150 for service {com.miui.phrase/com.miui.cloudsync.PhraseSyncService} caller=android
07-03 21:50:57.617  1958  1958 W WindowManager: removeWindowToken: Attempted to remove non-existing token: android.os.Binder@eedc86f
07-03 21:50:57.650  1958  2011 I ActivityManager: Start proc 15647:com.miui.cloudservice/u0a126 for content provider {com.miui.cloudservice/com.miui.cloudservice.stat.StatProvider} caller=com.miui.phrase
07-03 21:50:57.899 15623 15646 W BpBinder: Slow Binder: BpBinder transact took 271ms, interface=android.app.IActivityManager, code=20 oneway=false
07-03 21:50:58.014  1958  2011 I ActivityManager: Start proc 15692:com.xiaomi.simactivate.service/u0a163 for service {com.xiaomi.simactivate.service/com.xiaomi.activate.ActivateService} caller=com.miui.cloudservice
07-03 21:50:58.106  1958  2011 I ActivityManager: Start proc 15717:com.xiaomi.account/u0a112 for service {com.xiaomi.account/com.xiaomi.account.XiaomiAccountService} caller=com.miui.cloudservice
07-03 21:51:05.145  1958  2011 I ActivityManager: Start proc 15796:com.qualcomm.telephony/u0a195 for service {com.qualcomm.atfwd/com.qualcomm.atfwd.AtFwdService} caller=com.qualcomm.atfwd
07-03 21:51:15.141  1958  2011 I ActivityManager: Start proc 15821:com.qti.diagservices/1000 for service {com.qti.diagservices/com.qti.diagservices.QTIDiagServices} caller=com.qti.diagservices
07-03 21:51:25.141  1958  2011 I ActivityManager: Start proc 15846:com.qualcomm.qti.workloadclassifier/1000 for service{com.qualcomm.qti.workloadclassifier/com.qualcomm.qti.workloadclassifier.WLCService} caller=com.qualcomm.qti.workloadclassifier
07-03 21:51:27.228  1958  2011 I ActivityManager: Start proc 15868:com.google.android.youtube/u0a204 for service {com.google.android.youtube/androidx.work.impl.background.systemjob.SystemJobService} caller=android
07-03 21:51:27.828  1958  2011 I ActivityManager: Start proc 15929:com.google.process.gservices/u0a185 for content provider {com.google.android.gsf/com.google.android.gsf.gservices.GservicesProvider} caller=com.google.android.youtube
07-03 21:51:28.022 15868 15897 W BpBinder: Slow Binder: BpBinder transact took 227ms, interface=android.app.IActivityManager, code=20 oneway=false
07-03 21:51:28.499  1958  2010 W BroadcastQueue: Permission Denial: broadcasting Intent { act=android.net.conn.CONNECTIVITY_CHANGE flg=0x4200010 (has extras) } from null (pid=-1, uid=-1) requires com.google.android.youtube.DYNAMIC_RECEIVER_NOT_EXPORTED_PERMISSION due to registered receiver BroadcastFilter{f15d41a 10204/u0 ReceiverList{c9232c5 15868 com.google.android.youtube/10204/u0 remote:d1d853c}}
07-03 21:51:29.827  1958  2011 I ActivityManager: Start proc 16000:com.android.chrome/u0a193 for service {com.android.chrome/org.chromium.chrome.browser.customtabs.CustomTabsConnectionService} caller=com.google.android.youtube
07-03 21:51:30.904  1958  2011 I ActivityManager: Start proc 16077:com.android.chrome:privileged_process0/u0a193 for service {com.android.chrome/org.chromium.content.app.PrivilegedProcessService0} caller=com.android.chrome
07-03 21:51:30.940  1958  2011 I ActivityManager: Start proc 16096:com.android.vending/u0a175 for service {com.android.vending/com.google.android.finsky.installservice.DevTriggeredUpdateService} caller=com.android.chrome
07-03 21:51:31.463 16000 16000 W Looper  : Slow Looper main: Long Msg: seq=17 plan=21:51:30.171  late=0ms wall=1291ms running=436ms runnable=13ms io=680ms h=android.os.Handler c=W96
07-03 21:51:31.734  1958  2011 W ActivityManager: Slow operation: 267ms so far, now at startProcess: returned from zygote!
07-03 21:51:31.734  1958  2011 W ActivityManager: Slow operation: 267ms so far, now at startProcess: done updating battery stats
07-03 21:51:31.735  1958  2011 W ActivityManager: Slow operation: 267ms so far, now at startProcess: building log message
07-03 21:51:31.735  1958  2011 I ActivityManager: Start proc 16148:com.android.chrome:sandboxed_process0:org.chromium.content.app.SandboxedProcessService0:0/u0ai0 for  {com.android.chrome/org.chromium.content.app.SandboxedProcessService0:0} caller=com.android.chrome
07-03 21:51:31.735  1958  2011 W ActivityManager: Slow operation: 268ms so far, now at startProcess: starting to updatepids map
07-03 21:51:31.735  1958  2011 W ActivityManager: Slow operation: 268ms so far, now at startProcess: done updating pidsmap
07-03 21:51:32.480 16096 16096 W Looper  : Slow Looper main: Long Msg: seq=2 plan=21:51:30.966  late=2ms wall=1512ms running=204ms runnable=62ms io=861ms h=android.app.ActivityThread$H w=110
07-03 21:51:32.664  1958  2011 I ActivityManager: Start proc 16242:com.google.process.gapps/u0a185 for content provider{com.google.android.gsf/com.google.android.gsf.settings.GoogleSettingsProvider} caller=com.android.vending
07-03 21:51:32.911 16096 16188 W BpBinder: Slow Binder: BpBinder transact took 286ms, interface=android.app.IActivityManager, code=20 oneway=false
07-03 21:51:33.150  1958  2011 I ActivityManager: Start proc 16289:com.android.vending:background/u0a175 for service {com.android.vending/com.google.frameworks.client.data.android.server.play.BackgroundProcessEndpointService} caller=com.android.vending
07-03 21:51:35.144  1958  2011 I ActivityManager: Start proc 16366:com.android.settings:remote/1000 for service {com.android.settings/com.android.settings.dangerousoptions.DangerousOptionsWarningService} caller=com.android.settings
07-03 21:51:41.605 16000 16061 W BpBinder: Slow Binder: BpBinder transact took 452ms, interface=com.google.android.auth.IAuthManagerService, code=5 oneway=false
07-03 21:52:46.791  1958  2017 I PowerManagerService: Going to sleep due to timeout (uid 1000)...
07-03 21:52:46.792  1958  1958 W UsageStatsService: Event reported without a package name, eventType:16
07-03 21:52:46.794  1958  1958 I WindowManager: Started going to sleep... (why=OFF_BECAUSE_OF_TIMEOUT)
07-03 21:52:47.029  1958  2017 I DisplayPowerController: Blocking screen off
07-03 21:52:47.041  1958  2017 I DisplayPowerController: Unblocked screen off after 12 ms
07-03 21:52:47.042  1958  2017 I WindowManager: Screen turned off...
07-03 21:52:47.045  1958  2014 E KernelCpuUidUserSysTimeReader: Negative user/sys time delta for UID=10221
07-03 21:52:47.045  1958  2014 E KernelCpuUidUserSysTimeReader: Prev times: u=150684 s=53406 Curr times: u=150573 s=53350
07-03 21:52:47.045  1958  2014 E KernelCpuUidUserSysTimeReader: Negative user/sys time delta for UID=10162
07-03 21:52:47.045  1958  2014 E KernelCpuUidUserSysTimeReader: Prev times: u=419773 s=202594 Curr times: u=419352 s=202365
07-03 21:52:47.045  1958  2014 E KernelCpuUidUserSysTimeReader: Negative user/sys time delta for UID=10115
07-03 21:52:47.045  1958  2014 E KernelCpuUidUserSysTimeReader: Prev times: u=99356 s=15695 Curr times: u=99258 s=15608
07-03 21:52:47.045  1958  2014 E KernelCpuUidUserSysTimeReader: Negative user/sys time delta for UID=10189
07-03 21:52:47.045  1958  2014 E KernelCpuUidUserSysTimeReader: Prev times: u=205264 s=77807 Curr times: u=205154 s=77709
07-03 21:52:47.045  1958  2014 E KernelCpuUidUserSysTimeReader: Negative user/sys time delta for UID=10155
07-03 21:52:47.045  1958  2014 E KernelCpuUidUserSysTimeReader: Prev times: u=11506 s=7855 Curr times: u=11507 s=7836
07-03 21:52:47.045  1958  2014 E KernelCpuUidUserSysTimeReader: Negative user/sys time delta for UID=10066
07-03 21:52:47.045  1958  2014 E KernelCpuUidUserSysTimeReader: Prev times: u=103382 s=29427 Curr times: u=102260 s=29031
07-03 21:52:47.053 25324 25324 W ActivityThread: SCHED: com.miui.home/.launcher.Launcher [80, r=109ms, a=26ms, w=123804ms]
07-03 21:52:47.053  1958  2017 W ActivityManager: Unable to start service Intent { act=miui.action.CAMERA_EMPTY_SERVICEpkg=com.android.camera } U=0: not found
07-03 21:52:47.067  1958  1996 I DisplayManagerService: Display device changed state: "Built-in Screen", OFF
07-03 21:52:47.381  1958  2168 W BpBinder: Slow Binder: BpBinder transact took 315ms, interface=android.ui.ISurfaceComposer, code=19 oneway=false
07-03 21:52:47.405  1958  2017 W DreamManagerService: Dream ComponentInfo{com.android.systemui/com.android.systemui.doze.DozeService} does not exist
07-03 21:52:47.405  1958  2017 I PowerManagerService: Sleeping (uid 1000)...
07-03 21:52:47.410  1958  1958 I WindowManager: Finished going to sleep... (why=OFF_BECAUSE_OF_TIMEOUT)
07-03 21:52:47.418  2181 20794 W KeyguardViewMediator: doKeyguard: showing the lock screen
07-03 21:52:47.467  1958  1996 W UsageStatsService: Event reported without a package name, eventType:17
07-03 21:52:47.467  1958  1996 I WindowManager: updateContrastOverlay, darkmode: true isContrastEnabled: false alpha: 0.0
07-03 21:52:47.555  1958  1958 W Looper  : Slow dispatch took 121ms main h=android.app.ActivityThread$H c=android.app.-$$Lambda$LoadedApk$ReceiverDispatcher$Args$_BumDX2UKsnxLVrE6UJsJZkotuA@34bba3b m=0
07-03 21:52:47.698  1958  2011 I ActivityManager: Start proc 16436:com.google.android.apps.wellbeing/u0a189 for broadcast {com.google.android.apps.wellbeing/com.google.android.apps.wellbeing.alarm.NextAlarmClockChangedReceiver_Receiver} caller=android
07-03 21:52:47.862  1958  2011 I ActivityManager: Start proc 16462:com.miui.msa.global:ui/u0a123 for service {com.miui.msa.global/com.xiaomi.ad.internal.splash.uiprocess.SplashUIService} caller=com.miui.msa.global
07-03 21:52:48.188  1958  2014 E BatteryExternalStatsWorker: no controller energy info supplied for bluetooth
07-03 21:52:48.420  2181  4697 W BpBinder: Slow Binder: BpBinder transact took 260ms, interface=android.content.IContentProvider, code=21 oneway=false
07-03 21:52:48.630  1958  4692 I ActivityManager: Killing 13139:com.google.android.googlequicksearchbox:googleapp/u0a186 (adj 965): empty #17
07-03 21:53:06.994  1071  1071 E TLOC    : [TLOCChannel]"Can't receive message due to timeout"
07-03 21:53:07.007  1071  1071 I TLOC    : [ModemComm  ]"Request succeeded for gps engine lock"
07-03 21:53:07.007  1071  1372 I TLOC    : [Modem      ]"Sending location turned on status to the daemon"
07-03 21:53:07.007  1071  1071 I TLOC    : [TLOCDaemon ]"timeout passed - start periodic warm-up"
07-03 21:53:07.007  1071  1071 I TLOC    : [ModemComm  ]"Start a session successfully"
07-03 21:53:07.008  1071  1372 I TLOC    : [Modem      ]"Received event indication of position report with status ENGINE_LOCKED"
07-03 21:53:27.009  1071  1071 E TLOC    : [TLOCChannel]"Can't receive message due to timeout"
07-03 21:53:27.009  1071  1071 I TLOC    : [TLOCDaemon ]"timeout passed with no location fix - close the session"
07-03 21:53:27.011  1071  1071 I TLOC    : [ModemComm  ]"Stopped the session successfully"
07-03 21:55:28.772  1958  2646 W BpBinder: Slow Binder: BpBinder transact took 828ms, interface=android.os.IInstalld, code=10 oneway=false
07-03 21:55:28.772  1958  2646 I InstallationStatistic: beginInstallSession: 1179368694
07-03 21:55:29.934  1958  2065 W BpBinder: Slow Binder: BpBinder transact took 239ms, interface=com.miui.server.ISplashScreenService, code=1 oneway=false
07-03 21:55:29.934  1958  2065 I ActivityTaskManager: START u0 {act=android.intent.action.VIEW dat=file:///data/app/vmdl1179368694.tmp typ=application/vnd.android.package-archive flg=0x18000000 cmp=com.miui.securitycenter/com.miui.permcenter.install.AdbInstallActivity (has extras)} from uid 1000
07-03 21:55:30.079 15139 15188 W FileUtils: Slow Operation: fsync took 113ms
07-03 21:55:30.096  1958  2065 I ActivityTaskManager: The Process com.miui.securitycenter Already Exists in BG. So sending its PID: 8838
07-03 21:55:30.102  1958  2065 I Timeline: Timeline: App_transition_ready time:122073490
07-03 21:55:30.113  1958  1996 W ProcessStats: Tracking association SourceState{a71b43c com.miui.securitycenter/1000 Top #530225} whose proc state 1 is better than process ProcessState{8cb3600 com.miui.securitycenter.remote/1000 pkg=com.miui.securitycenter} proc state 2 (20 skipped)
