06-29 19:15:27.847  1958  2014 E BatteryExternalStatsWorker: no controller energy info supplied for bluetooth
06-29 19:15:27.854  2181  2924 I miui_face:  authenCallback, onAuthenticationHelp helpCode:14 helpString:
06-29 19:15:27.891  2181  2924 I miui_face:  authenCallback, onAuthenticationHelp helpCode:5 helpString:
06-29 19:15:27.945  3855  4381 W MiuiPerfServiceClient: interceptAndQueuing:2181|com.android.systemui|239|101|unknown|null|StatusBar|25282571489104|Slow issue draw commands|9
06-29 19:15:27.945  3855  4381 W MiuiPerfServiceClient: interceptAndQueuing:2181|com.android.systemui|474|120|unknown|null|StatusBar|25283505677332|Slow swap buffers|15
06-29 19:15:27.960  2181  2924 I miui_face:  authenCallback, onAuthenticationHelp helpCode:14 helpString:
06-29 19:15:28.040  2181  2924 I chatty  : uid=1000(system) face_unlock identical 1 line
06-29 19:15:28.109  2181  2924 I miui_face:  authenCallback, onAuthenticationHelp helpCode:14 helpString:
06-29 19:15:28.142  2181  2181 E miui_face: start face unlock fail ,faceDetectTypeForCamera=1
06-29 19:15:28.183  2181  2924 I miui_face:  authenCallback, onAuthenticationHelp helpCode:14 helpString:
06-29 19:15:28.262  2181  2924 I chatty  : uid=1000(system) face_unlock identical 1 line
06-29 19:15:28.346  2181  2924 I miui_face:  authenCallback, onAuthenticationHelp helpCode:14 helpString:
06-29 19:15:28.368   788   788 W SurfaceFlingerInspector: Slow frame composition: nt36672a vide doComposition took 63 ms
06-29 19:15:28.427  2181  2924 I miui_face:  authenCallback, onAuthenticationHelp helpCode:14 helpString:
06-29 19:15:28.451   788   788 W SurfaceFlingerInspector: Slow frame composition: nt36672a vide doComposition took 64 ms
06-29 19:15:28.473  2181  2924 I miui_face:  authenCallback, onAuthenticationHelp helpCode:5 helpString:
06-29 19:15:28.666  2181  2924 I chatty  : uid=1000(system) face_unlock identical 6 lines
06-29 19:15:28.673  2181  2924 I miui_face:  authenCallback, onAuthenticationHelp helpCode:5 helpString:
06-29 19:15:28.713  1958  2014 E BatteryExternalStatsWorker: no controller energy info supplied for bluetooth
06-29 19:15:28.769  2181  2924 I miui_face:  authenCallback, onAuthenticationHelp helpCode:14 helpString:
06-29 19:15:28.801  2181  2924 I miui_face:  authenCallback, onAuthenticationHelp helpCode:5 helpString:
06-29 19:15:28.864  2181  2924 I miui_face:  authenCallback, onAuthenticationHelp helpCode:14 helpString:
06-29 19:15:28.949  2181  2924 I chatty  : uid=1000(system) face_unlock identical 1 line
06-29 19:15:29.047  2181  2924 I miui_face:  authenCallback, onAuthenticationHelp helpCode:14 helpString:
06-29 19:15:29.095  2181  2924 I miui_face:  authenCallback, onAuthenticationHelp helpCode:5 helpString:
06-29 19:15:29.141  2181  2924 I miui_face:  authenCallback, onAuthenticationHelp helpCode:5 helpString:
06-29 19:15:29.224  2181  2924 I miui_face:  authenCallback, onAuthenticationHelp helpCode:14 helpString:
06-29 19:15:29.272  2181  2924 I miui_face:  authenCallback, onAuthenticationHelp helpCode:5 helpString:
06-29 19:15:29.404  2181  2924 I chatty  : uid=1000(system) face_unlock identical 3 lines
06-29 19:15:29.450  2181  2924 I miui_face:  authenCallback, onAuthenticationHelp helpCode:5 helpString:
06-29 19:15:29.585  2181  2924 I miui_face:  authenCallback, onAuthenticationHelp helpCode:14 helpString:
06-29 19:15:29.633  2181  2924 I miui_face:  authenCallback, onAuthenticationHelp helpCode:5 helpString:
06-29 19:15:29.679  2181  2924 I miui_face:  authenCallback, onAuthenticationHelp helpCode:5 helpString:
06-29 19:15:29.685   788   902 W EventThreadInspector: slow VSync-app on display(19260784713820289), count=2, avg=31 ms, max=32 ms.
06-29 19:15:29.725  2181  2181 I miui_keyguard_password: password unlock duration 103
06-29 19:15:29.729  1958  5258 W FingerprintService: Ignoring lockout reset, no templates enrolled
06-29 19:15:29.729  2181  2181 W miui_keyguard: unlock keyguard by pw
06-29 19:15:29.774  2181  2924 I miui_face:  authenCallback, onAuthenticationHelp helpCode:14 helpString:
06-29 19:15:29.818  2181  2924 I miui_face:  authenCallback, onAuthenticationHelp helpCode:5 helpString:
06-29 19:15:29.821  1958  4692 I LockSettingsService: Unlocking user 0 with secret only, length 32
06-29 19:15:29.821  1958  4692 I LockSettingsService: Disabling escrow token on user 0
06-29 19:15:29.827  1958  4692 I LockSettingsService: Caching SP for user 0
06-29 19:15:29.828  2181 16025 W BpBinder: Slow Binder: BpBinder transact took 204ms, interface=com.android.internal.widget.ILockSettings, code=10 oneway=false
06-29 19:15:29.828  1958  1958 I LockSettingsService: Removing SP from cache for user 0
06-29 19:15:29.863  2181  2924 I miui_face:  authenCallback, onAuthenticationHelp helpCode:5 helpString:
06-29 19:15:29.903  2181  2924 I miui_face:  authenCallback, onAuthenticationHelp helpCode:5 helpString:
06-29 19:15:29.911  2181  2181 I miui_face: stop face unlock
06-29 19:15:29.919  2181  2924 I miui_face: authenCallback, onAuthenticationError code:2000 msg:
06-29 19:15:29.923  1958  4692 I Timeline: Timeline: App_transition_ready time:25285753
06-29 19:15:29.924  2181  3626 I KeyguardViewMediator: call fw keyguardGoingAway: flags = 8
06-29 19:15:29.925  1958  1997 I Timeline: Timeline: App_transition_ready time:25285755
06-29 19:15:29.934  1958  4692 I Timeline: Timeline: App_transition_ready time:25285764
06-29 19:15:29.939  1958  1997 I Timeline: Timeline: App_transition_ready time:25285769
06-29 19:15:29.965  1958  2647 I Timeline: Timeline: App_transition_ready time:25285795
06-29 19:15:29.971  1958  1997 I Timeline: Timeline: App_transition_ready time:25285801
06-29 19:15:29.989  1958  1997 I Timeline: Timeline: App_transition_ready time:25285819
06-29 19:15:29.990  2181  2181 I KeyguardViewMediator: handleStartKeyguardExitAnimation startTime=25285818 fadeoutDuration=150
06-29 19:15:29.997  1958  1996 W UsageStatsService: Event reported without a package name, eventType:18
06-29 19:15:29.997  1958  1996 I WindowManager: updateContrastOverlay, darkmode: true isContrastEnabled: true alpha: 0.071400575
06-29 19:15:30.033  2181  2181 I miui_face: face unlock success time=3610
06-29 19:15:30.038  1958  2010 W BroadcastQueue: Background execution not allowed: receiving Intent { act=android.intent.action.USER_PRESENT flg=0x24200010 } to com.jio.myjio/com.jio.clickstream.tbn.PowerConnectionReceiver
06-29 19:15:30.039  1958  2010 W BroadcastQueue: Background execution not allowed: receiving Intent { act=android.intent.action.USER_PRESENT flg=0x24200010 } to com.android.chrome/org.chromium.chrome.browser.sharing.click_to_call.ClickToCallMessageHandler$PhoneUnlockedReceiver
06-29 19:15:30.039  1958  2010 W BroadcastQueue: Background execution not allowed: receiving Intent { act=android.intent.action.USER_PRESENT flg=0x24200010 } to com.google.android.gms/.auth.setup.devicesignals.LockScreenReceiver
06-29 19:15:30.039  1958  2010 W BroadcastQueue: Background execution not allowed: receiving Intent { act=android.intent.action.USER_PRESENT flg=0x24200010 } to com.google.android.gms/.chimera.GmsIntentOperationService$PersistentTrustedReceiver
06-29 19:15:30.039  1958  2010 W BroadcastQueue: Background execution not allowed: receiving Intent { act=android.intent.action.USER_PRESENT flg=0x24200010 } to info.kfsoft.force.rotation/.RestartReceiver
06-29 19:15:30.058 15489 15489 I Timeline: Timeline: Activity_launch_request time:25285888
06-29 19:15:30.064  1958  5258 I ActivityTaskManager: START u0 {flg=0x10000000 cmp=com.android.settings/.Settings$UsbDetailsActivity} from uid 1000
06-29 19:15:30.066  3855  4381 W MiuiPerfServiceClient: interceptAndQueuing:2181|com.android.systemui|526|85|unknown|null|StatusBar|25284424573061|Slow swap buffers|20
06-29 19:15:30.130 25324 25324 W ActivityThread: SCHED: com.miui.home/.launcher.Launcher [72, r=26ms, a=10ms, w=174ms]
06-29 19:15:30.136  1958  4692 I ActivityTaskManager: The Process com.android.settings Already Exists in BG. So sendingits PID: 15489
06-29 19:15:30.145  1958  4692 I Timeline: Timeline: App_transition_ready time:25285975
06-29 19:15:30.154  1958  1997 I Timeline: Timeline: Activity_windows_visible id: ActivityRecord{ddb1799 u0 com.miui.home/.launcher.Launcher t1} time:25285984
06-29 19:15:30.156  1958  1997 I Timeline: Timeline: App_transition_ready time:25285986
06-29 19:15:30.175  1958  1994 W Looper  : Slow dispatch took 119ms android.ui h=com.android.server.am.ActivityManagerService$UiHandler c=null m=53
06-29 19:15:30.177  1958  5270 I Timeline: Timeline: App_transition_ready time:25286007
06-29 19:15:30.265  1958  1958 W Looper  : Slow dispatch took 226ms main h=android.app.ActivityThread$H c=android.app.-$$Lambda$LoadedApk$ReceiverDispatcher$Args$_BumDX2UKsnxLVrE6UJsJZkotuA@cbaa385 m=0
06-29 19:15:30.266  1958  1958 W Looper  : Slow delivery took 229ms main h=android.app.ActivityThread$H c=android.app.-$$Lambda$LoadedApk$ReceiverDispatcher$Args$_BumDX2UKsnxLVrE6UJsJZkotuA@6f12a0b m=0
06-29 19:15:30.267  1958  1958 W Looper  : Drained
06-29 19:15:30.291  1958  4806 I Timeline: Timeline: App_transition_ready time:25286121
06-29 19:15:30.292  1958  4806 I Timeline: Timeline: App_transition_ready time:25286123
06-29 19:15:30.359  1958  5236 I Timeline: Timeline: App_transition_ready time:25286189
06-29 19:15:30.360  1958  5236 I Timeline: Timeline: App_transition_ready time:25286190
06-29 19:15:30.395  1958  5236 I Timeline: Timeline: App_transition_ready time:25286225
06-29 19:15:30.398  1958  1997 I Timeline: Timeline: App_transition_ready time:25286229
06-29 19:15:30.407  1958  1997 I Timeline: Timeline: App_transition_ready time:25286237
06-29 19:15:30.540  1958  2014 E BatteryExternalStatsWorker: no controller energy info supplied for bluetooth
06-29 19:15:30.571  1958  1997 I Timeline: Timeline: Activity_windows_visible id: ActivityRecord{eba5717 u0 com.android.settings/.Settings$UsbDetailsActivity t1083} time:25286402
06-29 19:15:30.573  1958  1997 I Timeline: Timeline: App_transition_stopped time:25286403
06-29 19:15:33.205 15489 15489 W ActivityThread: SCHED: com.android.settings/.Settings$UsbDetailsActivity [75, r=108ms,a=36ms, w=2864ms]
06-29 19:15:33.239  1958  5270 I Timeline: Timeline: App_transition_ready time:25289069
06-29 19:15:33.246  1958  2647 W ActivityTaskManager: Finishing task with all activities already finished
06-29 19:15:33.247  1958  2647 W ActivityTaskManager: Duplicate finish request for ActivityRecord{eba5717 u0 com.android.settings/.Settings$UsbDetailsActivity t1083 f}
06-29 19:15:33.275  1958  1997 I Timeline: Timeline: App_transition_stopped time:25289105
06-29 19:15:33.935  1958  2011 I ActivityManager: Start proc 15659:com.miui.weather2/u0a142 for content provider {com.miui.weather2/com.miui.weather2.providers.WeatherProvider} caller=com.miui.home
06-29 19:15:34.289 25324 25874 W BpBinder: Slow Binder: BpBinder transact took 400ms, interface=android.app.IActivityManager, code=20 oneway=false
06-29 19:15:43.293  1958  4806 W BaseMiuiPhoneWindowManager: keyCode:82 down:true eventTime:25299121 downTime:25299121 policyFlags:2b000002 flags:48 deviceId:-1 isScreenOn:true keyguardActive:false repeatCount:0
06-29 19:15:43.406  1958  4806 W BaseMiuiPhoneWindowManager: keyCode:82 down:false eventTime:25299235 downTime:25299121policyFlags:2b000002 flags:48 deviceId:-1 isScreenOn:true keyguardActive:false repeatCount:0
06-29 19:15:43.448  1958  1996 W WindowManager: setLauncherState= 2
06-29 19:15:43.862  1958  4806 W BaseMiuiPhoneWindowManager: keyCode:3 down:true eventTime:25299691 downTime:25299691 policyFlags:2b000002 flags:48 deviceId:-1 isScreenOn:true keyguardActive:false repeatCount:0
06-29 19:15:43.923  1958  4806 W BaseMiuiPhoneWindowManager: keyCode:3 down:false eventTime:25299752 downTime:25299691 policyFlags:2b000002 flags:48 deviceId:-1 isScreenOn:true keyguardActive:false repeatCount:0
06-29 19:15:43.932  1958  2089 I ActivityTaskManager: START u0 {act=android.intent.action.MAIN cat=[android.intent.category.HOME] flg=0x10000100 cmp=com.miui.home/.launcher.Launcher (has extras)} from uid 0
06-29 19:15:43.936 25324 25324 W ActivityThread: SCHED: com.miui.home/.launcher.Launcher [77, r=303ms, a=87ms, w=10720ms]
06-29 19:15:43.995  1958  1996 W WindowManager: setLauncherState= 1
06-29 19:15:59.878  1958  5270 W BpBinder: Slow Binder: BpBinder transact took 862ms, interface=android.os.IInstalld, code=10 oneway=false
06-29 19:15:59.879  1958  5270 I InstallationStatistic: beginInstallSession: 1111012232
06-29 19:16:00.999  1958  4692 W ActivityManager: Permission Denial: getStackInfo() from pid=14781, uid=10123 requires android.permission.MANAGE_ACTIVITY_STACKS
06-29 19:16:01.078  1958  2065 W BpBinder: Slow Binder: BpBinder transact took 307ms, interface=com.miui.server.ISplashScreenService, code=1 oneway=false
06-29 19:16:01.078  1958  2065 I ActivityTaskManager: START u0 {act=android.intent.action.VIEW dat=file:///data/app/vmdl1111012232.tmp typ=application/vnd.android.package-archive flg=0x18000000 cmp=com.miui.securitycenter/com.miui.permcenter.install.AdbInstallActivity (has extras)} from uid 1000
06-29 19:16:01.108 25324 25324 W ActivityThread: SCHED: com.miui.home/.launcher.Launcher [68, r=47ms, a=22ms, w=17163ms]
06-29 19:16:01.156  1958  2011 I ActivityManager: Start proc 15754:com.miui.securitycenter/1000 for activity {com.miui.securitycenter/com.miui.permcenter.install.AdbInstallActivity} caller=pm
06-29 19:16:01.184  1958  4692 W ActivityTaskManager: Request to remove task ignored for non-existent task 1083
06-29 19:16:01.186  1958  1997 I Timeline: Timeline: App_transition_ready time:25317016
06-29 19:16:01.694  1958  2011 I ActivityManager: Start proc 15811:com.miui.guardprovider/u0a115 for content provider {com.miui.guardprovider/com.miui.guardprovider.GuardProvider} caller=com.miui.securitycenter
06-29 19:16:01.948 15811 15829 W SystemConfig: No directory /product_services/etc/sysconfig, skipping
06-29 19:16:01.949 15811 15829 W SystemConfig: No directory /product_services/etc/permissions, skipping
06-29 19:16:02.089 15754 15754 W Looper  : Slow Looper main: Activity com.miui.securitycenter/com.miui.permcenter.install.AdbInstallActivity is 381ms late (wall=522ms running=106ms ClientTransaction{ callbacks=[android.app.servertransaction.LaunchActivityItem] lifecycleRequest=android.app.servertransaction.ResumeActivityItem }) because of 2 msg, msg 2 took 378ms (seq=2 running=120ms runnable=12ms io=208ms late=4ms h=android.app.ActivityThread$H w=110)
06-29 19:16:02.090 15754 15754 W Looper  : Slow Looper main: Activity com.miui.securitycenter/com.miui.permcenter.install.AdbInstallActivity is 904ms late (wall=0ms running=0ms ClientTransaction{ callbacks=[android.app.servertransaction.TopResumedActivityChangeItem] }) because of 3 msg, msg 2 took 378ms (seq=2 running=120ms runnable=12ms io=208ms late=4ms h=android.app.ActivityThread$H w=110), msg 3 took 522ms (seq=3 running=106ms runnable=14ms io=77ms late=381ms h=android.app.ActivityThread$H w=159)
06-29 19:16:02.102  1958  4692 I Timeline: Timeline: App_transition_ready time:25317932
06-29 19:16:02.102  1958  4692 I Timeline: Timeline: App_transition_stopped time:25317932
06-29 19:16:02.232  1958  2010 I ActivityManager: Force stopping com.BHG.sharechat appid=10768 user=-1: installPackageLI
06-29 19:16:02.232  1958  2022 I PackageManager: Update package com.BHG.sharechat code path from /data/app/com.BHG.sharechat-mADsWNHWlsNNLtEMEkWTMg== to /data/app/com.BHG.sharechat-ICCVHhVWJAfw26SdsfMFCw==; Retain data and using new
06-29 19:16:02.232  1958  2022 I PackageManager: Update package com.BHG.sharechat resource path from /data/app/com.BHG.sharechat-mADsWNHWlsNNLtEMEkWTMg== to /data/app/com.BHG.sharechat-ICCVHhVWJAfw26SdsfMFCw==; Retain data and using new
06-29 19:16:02.398  1958  2022 W FileUtils: Slow Operation: fsync took 130ms
06-29 19:16:02.468  1958  2022 I PackageManager: Un-granting permission android.permission.WRITE_MEDIA_STORAGE from package com.jio.media.jiobeats (protectionLevel=18 flags=0x20d83e44)
06-29 19:16:02.469  1958  2022 I PackageManager: Un-granting permission android.permission.WRITE_SETTINGS from package com.jio.media.jiobeats (protectionLevel=1218 flags=0x20d83e44)
06-29 19:16:02.469  1958  2022 I PackageManager: Un-granting permission android.permission.MANAGE_DOCUMENTS from package com.google.android.youtube (protectionLevel=262146 flags=0x20dbbec5)
06-29 19:16:02.469  1958  2022 I PackageManager: Un-granting permission android.permission.REQUEST_INSTALL_PACKAGES from package com.revanced.net.revancedmanager (protectionLevel=66 flags=0x20c8be44)
06-29 19:16:02.470  1958  2022 I PackageManager: Un-granting permission android.permission.CAPTURE_AUDIO_OUTPUT from package com.google.android.googlequicksearchbox (protectionLevel=18 flags=0xa8dbbec5)
06-29 19:16:02.471  1958  2022 I PackageManager: Un-granting permission android.permission.SUBSTITUTE_SHARE_TARGET_APP_NAME_AND_ICON from package com.google.android.googlequicksearchbox (protectionLevel=18 flags=0xa8dbbec5)
06-29 19:16:02.471  1958  2022 I PackageManager: Un-granting permission android.permission.CAPTURE_MEDIA_OUTPUT from package com.google.android.googlequicksearchbox (protectionLevel=18 flags=0xa8dbbec5)
06-29 19:16:02.471  1958  2022 I PackageManager: Un-granting permission android.permission.MODIFY_AUDIO_ROUTING from package com.google.android.googlequicksearchbox (protectionLevel=18 flags=0xa8dbbec5)
06-29 19:16:02.471  1958  2022 I PackageManager: Un-granting permission com.google.android.googleapps.permission.GOOGLE_AUTH from package com.android.providers.calendar (protectionLevel=2 flags=0x20883e45)
06-29 19:16:02.471  1958  2022 I PackageManager: Un-granting permission com.google.android.googleapps.permission.GOOGLE_AUTH.cl from package com.android.providers.calendar (protectionLevel=2 flags=0x20883e45)
06-29 19:16:02.471  1958  2022 I PackageManager: Un-granting permission android.permission.SYSTEM_ALERT_WINDOW from package org.telegram.messenger (protectionLevel=1250 flags=0x289bbe44)
06-29 19:16:02.471  1958  2022 I PackageManager: Un-granting permission android.permission.REQUEST_INSTALL_PACKAGES from package org.telegram.messenger (protectionLevel=66 flags=0x289bbe44)
06-29 19:16:02.472  1958  2022 I PackageManager: Un-granting permission android.permission.MANAGE_DOCUMENTS from package app.revanced.android.youtube (protectionLevel=262146 flags=0x30dbbe44)
06-29 19:16:02.472  1958  2022 I PackageManager: Un-granting permission android.permission.SYSTEM_ALERT_WINDOW from package app.revanced.android.youtube (protectionLevel=1250 flags=0x30dbbe44)
06-29 19:16:02.473  1958  2022 I PackageManager: Un-granting permission android.permission.WRITE_SECURE_SETTINGS from package com.antutu.ABenchMark (protectionLevel=50 flags=0x2288be46)
06-29 19:16:02.473  1958  2022 I PackageManager: Un-granting permission android.permission.REQUEST_INSTALL_PACKAGES from package com.whatsapp (protectionLevel=66 flags=0x20cbbe44)
06-29 19:16:02.473  1958  2022 I PackageManager: Un-granting permission android.permission.HIDE_NON_SYSTEM_OVERLAY_WINDOWS from package com.android.companiondevicemanager (protectionLevel=258 flags=0x30c83e45)
06-29 19:16:02.474  1958  2022 I PackageManager: Un-granting permission android.permission.MANAGE_USERS from package com.miui.securitycenter (protectionLevel=18 flags=0x20c9bec5)
06-29 19:16:02.474  1958  2022 I PackageManager: Un-granting permission android.permission.INTERACT_ACROSS_USERS from package com.miui.securitycenter (protectionLevel=50 flags=0x20c9bec5)
06-29 19:16:02.474  1958  2022 I PackageManager: Un-granting permission android.permission.READ_PRIVILEGED_PHONE_STATE from package com.miui.securitycenter (protectionLevel=18 flags=0x20c9bec5)
06-29 19:16:02.475  1958  2022 I PackageManager: Un-granting permission android.permission.WRITE_MEDIA_STORAGE from package ru.zdevs.zarchiver (protectionLevel=18 flags=0x30d8be44)
06-29 19:16:02.475  1958  2022 I PackageManager: Un-granting permission android.permission.REQUEST_INSTALL_PACKAGES from package ru.zdevs.zarchiver (protectionLevel=66 flags=0x30d8be44)
06-29 19:16:02.475  1958  2022 I PackageManager: Un-granting permission android.permission.SYSTEM_ALERT_WINDOW from package com.glgjing.captain (protectionLevel=1250 flags=0x3088be44)
06-29 19:16:02.475  1958  2022 I PackageManager: Un-granting permission android.permission.PACKAGE_USAGE_STATS from package com.glgjing.captain (protectionLevel=114 flags=0x3088be44)
06-29 19:16:02.476  1958  2022 I PackageManager: Un-granting permission android.permission.START_ACTIVITIES_FROM_BACKGROUND from package com.android.soundrecorder (protectionLevel=49682 flags=0x30c83e85)
06-29 19:16:02.476  1958  2022 I PackageManager: Un-granting permission android.permission.WRITE_SETTINGS from package in.mohalla.sharechat (protectionLevel=1218 flags=0x30d8be44)
06-29 19:16:02.476  1958  2022 I PackageManager: Un-granting permission android.permission.SYSTEM_ALERT_WINDOW from package in.mohalla.sharechat (protectionLevel=1250 flags=0x30d8be44)
06-29 19:16:02.476  1958  2022 I PackageManager: Un-granting permission android.permission.REQUEST_INSTALL_PACKAGES from package com.android.providers.downloads.ui (protectionLevel=66 flags=0x30c8be45)
06-29 19:16:02.476  1958  2022 I PackageManager: Un-granting permission android.permission.HIDE_NON_SYSTEM_OVERLAY_WINDOWS from package com.android.vending (protectionLevel=258 flags=0x28cabec5)
06-29 19:16:02.477  1958  2022 I PackageManager: Un-granting permission android.permission.SEND_DOWNLOAD_COMPLETED_INTENTS from package com.android.vending (protectionLevel=2 flags=0x28cabec5)
06-29 19:16:02.478  1958  2022 I PackageManager: Un-granting permission android.permission.SYSTEM_ALERT_WINDOW from package com.hecorat.screenrecorder.free (protectionLevel=1250 flags=0x20c8be44)
06-29 19:16:02.478  1958  2022 I PackageManager: Un-granting permission com.google.android.googleapps.permission.GOOGLE_AUTH.mail from package com.android.contacts (protectionLevel=2 flags=0x38c9be45)
06-29 19:16:02.479  1958  2022 I PackageManager: Un-granting permission android.permission.CHANGE_CONFIGURATION from package com.tiqiaa.remote (protectionLevel=50 flags=0x30c8be44)
06-29 19:16:02.479  1958  2022 I PackageManager: Un-granting permission android.permission.SET_DEBUG_APP from package com.tiqiaa.remote (protectionLevel=50 flags=0x30c8be44)
06-29 19:16:02.479  1958  2022 I PackageManager: Un-granting permission android.permission.WRITE_SETTINGS from package com.tiqiaa.remote (protectionLevel=1218 flags=0x30c8be44)
06-29 19:16:02.479  1958  2022 I PackageManager: Un-granting permission android.permission.DEVICE_POWER from package com.tiqiaa.remote (protectionLevel=2 flags=0x30c8be44)
06-29 19:16:02.479  1958  2022 I PackageManager: Un-granting permission com.android.launcher.permission.READ_SETTINGS from package com.tiqiaa.remote (protectionLevel=18 flags=0x30c8be44)
06-29 19:16:02.479  1958  2022 I PackageManager: Un-granting permission android.permission.INTERACT_ACROSS_USERS_FULL from package com.tiqiaa.remote (protectionLevel=258 flags=0x30c8be44)
06-29 19:16:02.479  1958  2022 I PackageManager: Un-granting permission android.permission.SYSTEM_ALERT_WINDOW from package com.tiqiaa.remote (protectionLevel=1250 flags=0x30c8be44)
06-29 19:16:02.479  1958  2022 I PackageManager: Un-granting permission android.permission.SEND_DOWNLOAD_COMPLETED_INTENTS from package com.tiqiaa.remote (protectionLevel=2 flags=0x30c8be44)
06-29 19:16:02.480  1958  2022 I PackageManager: Un-granting permission android.permission.DUMP from package com.digibites.accubattery (protectionLevel=50 flags=0x20c83e44)
06-29 19:16:02.480  1958  2022 I PackageManager: Un-granting permission android.permission.PACKAGE_USAGE_STATS from package com.digibites.accubattery (protectionLevel=114 flags=0x20c83e44)
06-29 19:16:02.480  1958  2022 I PackageManager: Un-granting permission android.permission.SYSTEM_ALERT_WINDOW from package com.digibites.accubattery (protectionLevel=1250 flags=0x20c83e44)
06-29 19:16:02.480  1958  2022 I PackageManager: Un-granting permission android.permission.START_ACTIVITIES_FROM_BACKGROUND from package com.android.mms (protectionLevel=49682 flags=0x38c9bee5)
06-29 19:16:02.480  1958  2022 I PackageManager: Un-granting permission com.xiaomi.simactivate.service.ACTIVATE_SIM from package com.android.mms (protectionLevel=2 flags=0x38c9bee5)
06-29 19:16:02.480  1958  2022 I PackageManager: Un-granting permission android.permission.WRITE_APN_SETTINGS from package com.android.mms (protectionLevel=18 flags=0x38c9bee5)
06-29 19:16:02.480  1958  2022 I PackageManager: Un-granting permission miui.permission.JOYOSE from package com.android.mms (protectionLevel=2 flags=0x38c9bee5)
06-29 19:16:02.480  1958  2022 I PackageManager: Un-granting permission com.miui.systemAdSolution.LOCAL_AD_PROVIDER from package com.android.mms (protectionLevel=2 flags=0x38c9bee5)
06-29 19:16:02.480  1958  2022 I PackageManager: Un-granting permission com.android.settings.permission.CLOUD_SETTINGS_PROVIDER from package com.android.mms (protectionLevel=18 flags=0x38c9bee5)
06-29 19:16:02.481  1958  2022 I PackageManager: Un-granting permission android.permission.ACCESS_DOWNLOAD_MANAGER frompackage com.microsoft.rdc.android (protectionLevel=18 flags=0x3098be44)
06-29 19:16:02.481  1958  2022 I PackageManager: Un-granting permission android.permission.REQUEST_INSTALL_PACKAGES from package com.apk.editor (protectionLevel=66 flags=0x20c8be44)
06-29 19:16:02.482  1958  2022 I PackageManager: Un-granting permission android.permission.REQUEST_INSTALL_PACKAGES from package com.google.android.gm (protectionLevel=66 flags=0x28dbbec5)
06-29 19:16:02.482  1958  2022 I PackageManager: Un-granting permission com.google.android.providers.gsf.permission.WRITE_GSERVICES from package com.google.android.apps.playconsole (protectionLevel=2 flags=0x2088be44)
06-29 19:16:02.483  1958  2022 I PackageManager: Un-granting permission android.permission.WRITE_SECURE_SETTINGS from package com.android.printspooler (protectionLevel=50 flags=0x38c8be45)
06-29 19:16:02.483  1958  2022 I PackageManager: Un-granting permission android.permission.CHANGE_CONFIGURATION from package com.duokan.phone.remotecontroller (protectionLevel=50 flags=0x20983e44)
06-29 19:16:02.483  1958  2022 I PackageManager: Un-granting permission android.permission.CAPTURE_AUDIO_OUTPUT from package com.duokan.phone.remotecontroller (protectionLevel=18 flags=0x20983e44)
06-29 19:16:02.483  1958  2022 I PackageManager: Un-granting permission com.xiaomi.permission.CLOUD_MANAGER from package com.duokan.phone.remotecontroller (protectionLevel=18 flags=0x20983e44)
06-29 19:16:02.484  1958  2022 I PackageManager: Un-granting permission com.android.launcher.permission.READ_SETTINGS from package com.duokan.phone.remotecontroller (protectionLevel=18 flags=0x20983e44)
06-29 19:16:02.484  1958  2022 I PackageManager: Un-granting permission android.permission.WRITE_SETTINGS from package com.duokan.phone.remotecontroller (protectionLevel=1218 flags=0x20983e44)
06-29 19:16:02.484  1958  2022 I PackageManager: Un-granting permission com.miui.securitycenter.permission.SYSTEM_PERMISSION_DECLARE from package com.duokan.phone.remotecontroller (protectionLevel=18 flags=0x20983e44)
06-29 19:16:02.484  1958  2022 I PackageManager: Un-granting permission android.permission.MOUNT_UNMOUNT_FILESYSTEMS from package com.duokan.phone.remotecontroller (protectionLevel=18 flags=0x20983e44)
06-29 19:16:02.484  1958  2022 I PackageManager: Un-granting permission android.permission.REAL_GET_TASKS from package com.google.android.apps.wellbeing (protectionLevel=18 flags=0x20cbbec5)
06-29 19:16:02.484  1958  2022 I PackageManager: Un-granting permission android.permission.START_TASKS_FROM_RECENTS from package com.google.android.apps.wellbeing (protectionLevel=18 flags=0x20cbbec5)
06-29 19:16:02.484  1958  2022 I PackageManager: Un-granting permission android.permission.MODIFY_DAY_NIGHT_MODE from package com.google.android.apps.wellbeing (protectionLevel=18 flags=0x20cbbec5)
06-29 19:16:02.485  1958  2022 I PackageManager: Un-granting permission android.permission.REQUEST_INSTALL_PACKAGES from package com.google.android.apps.docs (protectionLevel=66 flags=0x28cbbe44)
06-29 19:16:02.485  1958  2022 I PackageManager: Un-granting permission android.permission.SYSTEM_ALERT_WINDOW from package com.frontrow.vlog (protectionLevel=1250 flags=0x38983c44)
06-29 19:16:02.485  1958  2022 I PackageManager: Un-granting permission android.permission.ACCESS_MTP from package com.miui.cloudbackup (protectionLevel=18 flags=0x20d83ec5)
06-29 19:16:02.485  1958  2022 I PackageManager: Un-granting permission android.permission.SYSTEM_ALERT_WINDOW from package com.opera.browser (protectionLevel=1250 flags=0xa4c9be44)
06-29 19:16:02.485  1958  2022 I PackageManager: Un-granting permission android.permission.REQUEST_INSTALL_PACKAGES from package com.opera.browser (protectionLevel=66 flags=0xa4c9be44)
06-29 19:16:02.486  1958  2022 I PackageManager: Un-granting permission android.permission.INTERACT_ACROSS_USERS from package com.google.android.syncadapters.contacts (protectionLevel=50 flags=0x20883e45)
06-29 19:16:02.486  1958  2022 I PackageManager: Un-granting permission android.permission.REQUEST_INSTALL_PACKAGES from package com.android.chrome (protectionLevel=66 flags=0xa0cbbec5)
06-29 19:16:02.486  1958  2022 I PackageManager: Un-granting permission android.permission.SYSTEM_ALERT_WINDOW from package com.teamsmart.videomanager.tv (protectionLevel=1250 flags=0x38d83e44)
06-29 19:16:02.487  1958  2022 I PackageManager: Un-granting permission android.permission.READ_PRIVILEGED_PHONE_STATE from package com.teamsmart.videomanager.tv (protectionLevel=18 flags=0x38d83e44)
06-29 19:16:02.487  1958  2022 I PackageManager: Un-granting permission android.permission.REQUEST_INSTALL_PACKAGES from package com.teamsmart.videomanager.tv (protectionLevel=66 flags=0x38d83e44)
06-29 19:16:02.487  1958  2022 I PackageManager: Un-granting permission android.permission.WRITE_EMBEDDED_SUBSCRIPTIONSfrom package com.google.android.gms (protectionLevel=50 flags=0xa0cabec5)
06-29 19:16:02.487  1958  2022 I PackageManager: Un-granting permission android.permission.CAPTURE_VIDEO_OUTPUT from package com.google.android.gms (protectionLevel=2 flags=0xa0cabec5)
06-29 19:16:02.487  1958  2022 I PackageManager: Un-granting permission android.permission.FORCE_STOP_PACKAGES from package com.google.android.gms (protectionLevel=18 flags=0xa0cabec5)
06-29 19:16:02.487  1958  2022 I PackageManager: Un-granting permission android.permission.MODIFY_DEFAULT_AUDIO_EFFECTSfrom package com.google.android.gms (protectionLevel=18 flags=0xa0cabec5)
06-29 19:16:02.487  1958  2022 I PackageManager: Un-granting permission android.permission.MANAGE_DEVICE_ADMINS from package com.google.android.gms (protectionLevel=2 flags=0xa0cabec5)
06-29 19:16:02.487  1958  2022 I PackageManager: Un-granting permission android.permission.MANAGE_ACTIVITY_STACKS from package com.google.android.gms (protectionLevel=2 flags=0xa0cabec5)
06-29 19:16:02.487  1958  2022 I PackageManager: Un-granting permission android.permission.CAPTURE_SECURE_VIDEO_OUTPUT from package com.google.android.gms (protectionLevel=2 flags=0xa0cabec5)
06-29 19:16:02.487  1958  2022 I PackageManager: Un-granting permission android.permission.MANAGE_ROLLBACKS from package com.google.android.gms (protectionLevel=514 flags=0xa0cabec5)
06-29 19:16:02.487  1958  2022 I PackageManager: Un-granting permission android.permission.MEDIA_CONTENT_CONTROL from package com.google.android.gms (protectionLevel=18 flags=0xa0cabec5)
06-29 19:16:02.487  1958  2022 I PackageManager: Un-granting permission android.permission.HIDE_NON_SYSTEM_OVERLAY_WINDOWS from package com.google.android.gms (protectionLevel=258 flags=0xa0cabec5)
06-29 19:16:02.488  1958  2022 I PackageManager: Un-granting permission android.permission.UPDATE_APP_OPS_STATS from package com.google.android.tts (protectionLevel=274 flags=0x34cbbec5)
06-29 19:16:02.488  1958  2022 I PackageManager: Un-granting permission android.permission.START_ACTIVITIES_FROM_BACKGROUND from package com.google.android.tts (protectionLevel=49682 flags=0x34cbbec5)
06-29 19:16:02.488  1958  2022 I PackageManager: Un-granting permission android.permission.CHANGE_DEVICE_IDLE_TEMP_WHITELIST from package app.revanced.android.gms (protectionLevel=18 flags=0xb088be44)
06-29 19:16:02.488  1958  2022 I PackageManager: Un-granting permission android.permission.UPDATE_APP_OPS_STATS from package app.revanced.android.gms (protectionLevel=274 flags=0xb088be44)
06-29 19:16:02.488  1958  2022 I PackageManager: Un-granting permission android.permission.LOCATION_HARDWARE from package app.revanced.android.gms (protectionLevel=18 flags=0xb088be44)
06-29 19:16:02.488  1958  2022 I PackageManager: Un-granting permission android.permission.INSTALL_LOCATION_PROVIDER from package app.revanced.android.gms (protectionLevel=18 flags=0xb088be44)
06-29 19:16:02.488  1958  2022 I PackageManager: Un-granting permission android.permission.NETWORK_SCAN from package app.revanced.android.gms (protectionLevel=18 flags=0xb088be44)
06-29 19:16:02.488  1958  2022 I PackageManager: Un-granting permission android.permission.MODIFY_PHONE_STATE from package app.revanced.android.gms (protectionLevel=18 flags=0xb088be44)
06-29 19:16:02.488  1958  2022 I PackageManager: Un-granting permission android.permission.SYSTEM_ALERT_WINDOW from package app.revanced.android.gms (protectionLevel=1250 flags=0xb088be44)
06-29 19:16:02.488  1958  2022 I PackageManager: Un-granting permission android.permission.MANAGE_USB from package app.revanced.android.gms (protectionLevel=18 flags=0xb088be44)
06-29 19:16:02.488  1958  2022 I PackageManager: Un-granting permission android.permission.START_ACTIVITIES_FROM_BACKGROUND from package app.revanced.android.gms (protectionLevel=49682 flags=0xb088be44)
06-29 19:16:02.488  1958  2022 I PackageManager: Un-granting permission android.permission.UPDATE_DEVICE_STATS from package app.revanced.android.gms (protectionLevel=18 flags=0xb088be44)
06-29 19:16:02.488  1958  2022 I PackageManager: Un-granting permission android.permission.WATCH_APPOPS from package app.revanced.android.gms (protectionLevel=18 flags=0xb088be44)
06-29 19:16:02.489  1958  2022 I PackageManager: Un-granting permission android.permission.SYSTEM_ALERT_WINDOW from package com.gmail.heagoo.apkeditor.pro (protectionLevel=1250 flags=0x3898be44)
06-29 19:16:02.489  1958  2022 I PackageManager: Un-granting permission android.permission.PACKAGE_USAGE_STATS from package com.gmail.heagoo.apkeditor.pro (protectionLevel=114 flags=0x3898be44)
06-29 19:16:02.489  1958  2022 I PackageManager: Un-granting permission android.permission.REQUEST_INSTALL_PACKAGES from package com.gmail.heagoo.apkeditor.pro (protectionLevel=66 flags=0x3898be44)
06-29 19:16:02.491  1958  2022 I PackageManager: Un-granting permission android.permission.WRITE_SETTINGS from package com.jio.myjio (protectionLevel=1218 flags=0x38d83e44)
06-29 19:16:02.491  1958  2022 I PackageManager: Un-granting permission android.permission.INTERACT_ACROSS_USERS from package com.jio.myjio (protectionLevel=50 flags=0x38d83e44)
06-29 19:16:02.491  1958  2022 I PackageManager: Un-granting permission android.permission.READ_PRIVILEGED_PHONE_STATE from package com.jio.myjio (protectionLevel=18 flags=0x38d83e44)
06-29 19:16:02.491  1958  2022 I PackageManager: Un-granting permission android.permission.CAPTURE_VIDEO_OUTPUT from package com.jio.myjio (protectionLevel=2 flags=0x38d83e44)
06-29 19:16:02.491  1958  2022 I PackageManager: Un-granting permission android.permission.BROADCAST_SMS from package com.jio.myjio (protectionLevel=2 flags=0x38d83e44)
06-29 19:16:02.491  1958  2022 I PackageManager: Un-granting permission android.permission.SYSTEM_ALERT_WINDOW from package com.google.android.apps.photos (protectionLevel=1250 flags=0x38dbbe44)
06-29 19:16:02.491  1958  2022 I PackageManager: Un-granting permission android.permission.WRITE_SETTINGS from package com.google.android.apps.photos (protectionLevel=1218 flags=0x38dbbe44)
06-29 19:16:02.491  1958  2022 I PackageManager: Un-granting permission android.permission.WRITE_MEDIA_STORAGE from package com.google.android.apps.photos (protectionLevel=18 flags=0x38dbbe44)
06-29 19:16:02.492  1958  2022 I PackageManager: Un-granting permission android.permission.SYSTEM_ALERT_WINDOW from package com.wondershare.filmorago (protectionLevel=1250 flags=0x38d83e44)
06-29 19:16:02.492  1958  2022 I PackageManager: Un-granting permission com.android.launcher.permission.READ_SETTINGS from package com.wondershare.filmorago (protectionLevel=18 flags=0x38d83e44)
06-29 19:16:02.492  1958  2022 I PackageManager: Un-granting permission com.android.launcher.permission.WRITE_SETTINGS from package com.wondershare.filmorago (protectionLevel=18 flags=0x38d83e44)
06-29 19:16:02.492  1958  2022 I PackageManager: Un-granting permission android.permission.SYSTEM_ALERT_WINDOW from package com.dv.adm (protectionLevel=1250 flags=0x2888be44)
06-29 19:16:02.492  1958  2022 I PackageManager: Un-granting permission android.permission.WRITE_SETTINGS from package com.valvesoftware.android.steam.community (protectionLevel=1218 flags=0x20883e44)
06-29 19:16:02.493  1958  2022 I PackageManager: Un-granting permission android.permission.REQUEST_INSTALL_PACKAGES from package com.yablio.sendfilestotv (protectionLevel=66 flags=0x30c8be44)
06-29 19:16:02.493  1958  2022 I PackageManager: Un-granting permission android.permission.REQUEST_INSTALL_PACKAGES from package org.mozilla.firefox (protectionLevel=66 flags=0x38c83e44)
06-29 19:16:02.493  1958  2022 I PackageManager: Un-granting permission android.permission.SYSTEM_ALERT_WINDOW from package com.google.android.apps.translate (protectionLevel=1250 flags=0x34c9be44)
06-29 19:16:02.495  1958  2022 I PackageManager: Un-granting permission miui.permission.EXTRA_NETWORK from package com.miui.weather2 (protectionLevel=18 flags=0x30c9bec5)
06-29 19:16:02.495  1958  2022 I PackageManager: Un-granting permission com.miui.securitycenter.permission.SYSTEM_PERMISSION_DECLARE from package com.miui.weather2 (protectionLevel=18 flags=0x30c9bec5)
06-29 19:16:02.495  1958  2022 I PackageManager: Un-granting permission com.miui.bugreport.permission.DUMP_CACHED_LOG from package com.miui.weather2 (protectionLevel=2 flags=0x30c9bec5)
06-29 19:16:02.495  1958  2022 I PackageManager: Un-granting permission com.google.android.finsky.permission.GEARHEAD_SERVICE from package com.google.android.projection.gearhead (protectionLevel=18 flags=0x2888bec5)
06-29 19:16:02.495  1958  2022 I PackageManager: Un-granting permission android.permission.CHANGE_COMPONENT_ENABLED_STATE from package com.google.android.projection.gearhead (protectionLevel=18 flags=0x2888bec5)
06-29 19:16:02.495  1958  2022 I PackageManager: Un-granting permission android.permission.UPDATE_APP_OPS_STATS from package com.google.android.projection.gearhead (protectionLevel=274 flags=0x2888bec5)
06-29 19:16:02.495  1958  2022 I PackageManager: Un-granting permission android.permission.POWER_SAVER from package com.google.android.projection.gearhead (protectionLevel=18 flags=0x2888bec5)
06-29 19:16:02.495  1958  2022 I PackageManager: Un-granting permission android.permission.TETHER_PRIVILEGED from package com.google.android.projection.gearhead (protectionLevel=18 flags=0x2888bec5)
06-29 19:16:02.495  1958  2022 I PackageManager: Un-granting permission android.permission.INTERACT_ACROSS_PROFILES from package com.google.android.projection.gearhead (protectionLevel=18 flags=0x2888bec5)
06-29 19:16:02.495  1958  2022 I PackageManager: Un-granting permission android.permission.CAPTURE_SECURE_VIDEO_OUTPUT from package com.google.android.projection.gearhead (protectionLevel=2 flags=0x2888bec5)
06-29 19:16:02.496  1958  2022 I PackageManager: Un-granting permission android.permission.MANAGE_DOCUMENTS from package cn.xender (protectionLevel=262146 flags=0x30d83e44)
06-29 19:16:02.496  1958  2022 I PackageManager: Un-granting permission android.permission.MOUNT_UNMOUNT_FILESYSTEMS from package cn.xender (protectionLevel=18 flags=0x30d83e44)
06-29 19:16:02.496  1958  2022 I PackageManager: Un-granting permission android.permission.NETWORK_STACK from package cn.xender (protectionLevel=2 flags=0x30d83e44)
06-29 19:16:02.496  1958  2022 I PackageManager: Un-granting permission android.permission.SYSTEM_ALERT_WINDOW from package cn.xender (protectionLevel=1250 flags=0x30d83e44)
06-29 19:16:02.496  1958  2022 I PackageManager: Un-granting permission android.permission.WRITE_SETTINGS from package cn.xender (protectionLevel=1218 flags=0x30d83e44)
06-29 19:16:02.496  1958  2022 I PackageManager: Un-granting permission android.permission.CHANGE_CONFIGURATION from package cn.xender (protectionLevel=50 flags=0x30d83e44)
06-29 19:16:02.496  1958  2022 I PackageManager: Un-granting permission android.permission.REQUEST_INSTALL_PACKAGES from package cn.xender (protectionLevel=66 flags=0x30d83e44)
06-29 19:16:02.496  1958  2022 I PackageManager: Un-granting permission com.android.launcher.permission.READ_SETTINGS from package cn.xender (protectionLevel=18 flags=0x30d83e44)
06-29 19:16:02.496  1958  2022 I PackageManager: Un-granting permission com.android.launcher.permission.WRITE_SETTINGS from package cn.xender (protectionLevel=18 flags=0x30d83e44)
06-29 19:16:02.496  1958  2022 I PackageManager: Un-granting permission com.google.android.googleapps.permission.GOOGLE_AUTH.mail from package com.xiaomi.calendar (protectionLevel=2 flags=0x38c9bec5)
06-29 19:16:02.498  1958  2022 I PackageManager: Un-granting permission android.permission.SYSTEM_ALERT_WINDOW from package com.iprototypes.volume (protectionLevel=1250 flags=0x3088be44)
06-29 19:16:02.498  1958  2022 I PackageManager: Un-granting permission android.permission.REQUEST_INSTALL_PACKAGES from package com.wondershare.drfone.link (protectionLevel=66 flags=0x30c8be44)
06-29 19:16:02.498  1958  2022 I PackageManager: Un-granting permission android.permission.ACCESS_MOCK_LOCATION from package com.wondershare.drfone.link (protectionLevel=2 flags=0x30c8be44)
06-29 19:16:02.498  1958  2022 I PackageManager: Un-granting permission android.permission.WRITE_SETTINGS from package com.wondershare.drfone.link (protectionLevel=1218 flags=0x30c8be44)
06-29 19:16:02.498  1958  2022 I PackageManager: Un-granting permission android.permission.DEVICE_POWER from package com.wondershare.drfone.link (protectionLevel=2 flags=0x30c8be44)
06-29 19:16:02.498  1958  2022 I PackageManager: Un-granting permission android.permission.MOUNT_UNMOUNT_FILESYSTEMS from package com.wondershare.drfone.link (protectionLevel=18 flags=0x30c8be44)
06-29 19:16:02.498  1958  2022 I PackageManager: Un-granting permission android.permission.INSTALL_PACKAGES from package com.wondershare.drfone.link (protectionLevel=18 flags=0x30c8be44)
06-29 19:16:02.498  1958  2022 I PackageManager: Un-granting permission android.permission.DELETE_PACKAGES from packagecom.wondershare.drfone.link (protectionLevel=18 flags=0x30c8be44)
06-29 19:16:02.498  1958  2022 I PackageManager: Un-granting permission android.permission.CLEAR_APP_CACHE from packagecom.wondershare.drfone.link (protectionLevel=18 flags=0x30c8be44)
06-29 19:16:02.498  1958  2022 I PackageManager: Un-granting permission com.android.launcher.permission.READ_SETTINGS from package com.wondershare.drfone.link (protectionLevel=18 flags=0x30c8be44)
06-29 19:16:02.498  1958  2022 I PackageManager: Un-granting permission android.permission.UPDATE_DEVICE_STATS from package com.wondershare.drfone.link (protectionLevel=18 flags=0x30c8be44)
06-29 19:16:02.498  1958  2022 I PackageManager: Un-granting permission android.permission.MODIFY_PHONE_STATE from package com.wondershare.drfone.link (protectionLevel=18 flags=0x30c8be44)
06-29 19:16:02.500  1958  2022 I PackageManager: Un-granting permission android.permission.SYSTEM_ALERT_WINDOW from package info.kfsoft.force.rotation (protectionLevel=1250 flags=0x20883e44)
06-29 19:16:02.500  1958  2022 I PackageManager: Un-granting permission android.permission.PACKAGE_USAGE_STATS from package info.kfsoft.force.rotation (protectionLevel=114 flags=0x20883e44)
06-29 19:16:02.500  1958  2022 I PackageManager: Un-granting permission com.xiaomi.permission.CLOUD_MANAGER from package com.mipay.wallet.in (protectionLevel=18 flags=0x38c83e45)
06-29 19:16:02.500  1958  2022 I PackageManager: Un-granting permission android.permission.REQUEST_INSTALL_PACKAGES from package com.mipay.wallet.in (protectionLevel=66 flags=0x38c83e45)
06-29 19:16:02.501  1958  2022 I PackageManager: Un-granting permission android.permission.READ_PRIVILEGED_PHONE_STATE from package com.miui.core (protectionLevel=18 flags=0x28883e05)
06-29 19:16:02.501  1958  2022 I PackageManager: Un-granting permission android.permission.INTERACT_ACROSS_PROFILES from package com.google.android.inputmethod.latin (protectionLevel=18 flags=0x20cabec5)
06-29 19:16:02.641  1958  2022 W FileUtils: Slow Operation: fsync took 106ms
06-29 19:16:10.143  1958  2022 W BpBinder: Slow Binder: BpBinder transact took 7449ms, interface=android.os.IInstalld, code=14 oneway=false
06-29 19:16:10.145  1958  2022 W Looper  : Slow Looper PackageManager: Long Msg: seq=715 plan=19:16:02.225  late=0ms wall=7920ms running=175ms runnable=5ms io=261ms h=com.android.server.pm.PackageManagerService$PackageHandler c=com.android.server.pm.-$$Lambda$PackageManagerService$6_Yp7BSB4TgtrWSoFlODKgHIvZY
06-29 19:16:10.145  1958  2022 I InstallationStatistic: com.BHG.sharechat|null|10266|762|117|1472|0|7458
06-29 19:16:10.145  1958  2022 W PackageManager: Cannot whitelist unknown permission: android.permission.ACCESS_ADSERVICES_ATTRIBUTION
06-29 19:16:10.145  1958  2022 W PackageManager: Cannot whitelist unknown permission: android.permission.ACCESS_ADSERVICES_AD_ID
06-29 19:16:10.190  1958  2022 I ActivityManager: Force stopping com.BHG.sharechat appid=10768 user=0: pkg removed
06-29 19:16:10.191  1958  2022 I AutoStartManagerService: MIUILOG- Reject RestartService packageName :com.BHG.sharechatuid : 10768
06-29 19:16:10.193 15712 15718 W BpBinder: Slow Binder: BpBinder transact took 11187ms, interface=android.content.pm.IPackageManager, code=1598246212 oneway=false
06-29 19:16:10.223  1958  2132 I MiuiCompatModePackages: package com.BHG.sharechat updated, removing config
06-29 19:16:10.249  1958  5090 W LocationProviderProxy: Odd, no component found for service com.android.location.service.v3.NetworkLocationProvider
06-29 19:16:10.250  1958  2010 W BroadcastQueue: Background execution not allowed: receiving Intent { act=android.intent.action.PACKAGE_REMOVED dat=package:com.BHG.sharechat flg=0x4000010 (has extras) } to com.lbe.security.miui/com.lbe.security.service.BootReceiver
06-29 19:16:10.270  1958  2010 W BroadcastQueue: Background execution not allowed: receiving Intent { act=android.intent.action.PACKAGE_REMOVED dat=package:com.BHG.sharechat flg=0x4000010 (has extras) } to com.android.settings/.search.provider.UpdateReceiver
06-29 19:16:10.327  1958  2010 W BroadcastQueue: Background execution not allowed: receiving Intent { act=android.intent.action.PACKAGE_REMOVED dat=package:com.BHG.sharechat flg=0x4000010 (has extras) } to com.android.vending/com.google.android.finsky.packagemonitor.impl.PackageMonitorReceiverImpl$RegisteredReceiver
06-29 19:16:10.328  1958  2010 W BroadcastQueue: Background execution not allowed: receiving Intent { act=android.intent.action.PACKAGE_REMOVED dat=package:com.BHG.sharechat flg=0x4000010 (has extras) } to com.android.vending/com.google.android.finsky.packagemonitor.backgroundimpl.BackgroundPackageMonitorReceiverImpl$RegisteredReceiver
06-29 19:16:10.347  1958  2010 W BroadcastQueue: Background execution not allowed: receiving Intent { act=android.intent.action.PACKAGE_REMOVED dat=package:com.BHG.sharechat flg=0x4000010 (has extras) } to com.android.vending/com.google.android.finsky.instantapps.appmanagement.InstantAppRemoveMonitor
06-29 19:16:10.348  1958  2011 I ActivityManager: Start proc 15861:com.miui.global.packageinstaller/u0a162 for service {com.miui.global.packageinstaller/com.miui.global.packageinstaller.service.ScanDispatchService} caller=com.miui.securitycenter
06-29 19:16:10.355  1958  1958 W Looper  : Slow dispatch took 143ms main h=android.app.ActivityThread$H c=android.app.-$$Lambda$LoadedApk$ReceiverDispatcher$Args$_BumDX2UKsnxLVrE6UJsJZkotuA@38e4f53 m=0
06-29 19:16:10.383  1958  2010 W BroadcastQueue: Background execution not allowed: receiving Intent { act=android.intent.action.PACKAGE_REMOVED dat=package:com.BHG.sharechat flg=0x4000010 (has extras) } to com.google.android.apps.maps/com.google.android.libraries.social.peoplekit.thirdparty.viewcontrollers.ThirdPartyReceiver
06-29 19:16:10.423  1958  2010 W BroadcastQueue: Background execution not allowed: receiving Intent { act=android.intent.action.PACKAGE_REMOVED dat=package:com.BHG.sharechat flg=0x4000010 (has extras) } to com.google.android.gms/.chimera.GmsIntentOperationService$PersistentTrustedReceiver
06-29 19:16:10.423  1958  2010 W BroadcastQueue: Background execution not allowed: receiving Intent { act=android.intent.action.PACKAGE_REMOVED dat=package:com.BHG.sharechat flg=0x4000010 (has extras) } to com.google.android.gms/.games.chimera.GamesSystemBroadcastReceiverProxy
06-29 19:16:10.442  1958  3851 I ActivityManager: Start proc 15882:com.android.keychain/1000 for service {com.android.keychain/com.android.keychain.KeyChainService} caller=android
06-29 19:16:10.453  1958  2010 W BroadcastQueue: Background execution not allowed: receiving Intent { act=android.intent.action.PACKAGE_REMOVED dat=package:com.BHG.sharechat flg=0x4000010 (has extras) } to com.miui.audioeffect/com.android.musicfx.Compatibility$Receiver
