06-29 19:01:44.941 25324 30771 W BpBinder: Slow Binder: BpBinder transact took 448ms, interface=android.app.IActivityManager, code=113 oneway=false
06-29 19:01:51.687  1958  2022 W BpBinder: Slow Binder: BpBinder transact took 6738ms, interface=android.os.IInstalld, code=14 oneway=false
06-29 19:01:51.688  1958  2022 W Looper  : Slow Looper PackageManager: Long Msg: seq=704 plan=19:01:44.475  late=0ms wall=7212ms running=180ms runnable=5ms io=263ms h=com.android.server.pm.PackageManagerService$PackageHandler c=com.android.server.pm.-$$Lambda$PackageManagerService$6_Yp7BSB4TgtrWSoFlODKgHIvZY
06-29 19:01:51.688  1958  2022 I InstallationStatistic: com.BHG.sharechat|null|8525|515|42|719|0|6742
06-29 19:01:51.688  1958  2022 W PackageManager: Cannot whitelist unknown permission: android.permission.ACCESS_ADSERVICES_ATTRIBUTION
06-29 19:01:51.688  1958  2022 W PackageManager: Cannot whitelist unknown permission: android.permission.ACCESS_ADSERVICES_AD_ID
06-29 19:01:51.702 32236  8114 W BpBinder: Slow Binder: BpBinder transact took 8873ms, interface=android.content.pm.IPackageManager, code=1598246212 oneway=false
06-29 19:01:51.702  1958  2022 I ActivityManager: Force stopping com.BHG.sharechat appid=10768 user=0: pkg removed
06-29 19:01:51.703  1958  2022 I AutoStartManagerService: MIUILOG- Reject RestartService packageName :com.BHG.sharechatuid : 10768
06-29 19:01:51.727  1958  2010 W BroadcastQueue: Background execution not allowed: receiving Intent { act=android.intent.action.PACKAGE_REMOVED dat=package:com.BHG.sharechat flg=0x4000010 (has extras) } to com.lbe.security.miui/com.lbe.security.service.BootReceiver
06-29 19:01:51.756  1958  2132 I MiuiCompatModePackages: package com.BHG.sharechat updated, removing config
06-29 19:01:51.775  1958  2010 W BroadcastQueue: Background execution not allowed: receiving Intent { act=android.intent.action.PACKAGE_REMOVED dat=package:com.BHG.sharechat flg=0x4000010 (has extras) } to com.android.settings/.search.provider.UpdateReceiver
06-29 19:01:51.778  1958  2010 W BroadcastQueue: Background execution not allowed: receiving Intent { act=android.intent.action.PACKAGE_REMOVED dat=package:com.BHG.sharechat flg=0x4000010 (has extras) } to com.android.vending/com.google.android.finsky.packagemonitor.impl.PackageMonitorReceiverImpl$RegisteredReceiver
06-29 19:01:51.781  1958  5090 W LocationProviderProxy: Odd, no component found for service com.android.location.service.v3.NetworkLocationProvider
06-29 19:01:51.800  1958  2010 W BroadcastQueue: Background execution not allowed: receiving Intent { act=android.intent.action.PACKAGE_REMOVED dat=package:com.BHG.sharechat flg=0x4000010 (has extras) } to com.android.vending/com.google.android.finsky.packagemonitor.backgroundimpl.BackgroundPackageMonitorReceiverImpl$RegisteredReceiver
06-29 19:01:51.805  1958  2010 W BroadcastQueue: Background execution not allowed: receiving Intent { act=android.intent.action.PACKAGE_REMOVED dat=package:com.BHG.sharechat flg=0x4000010 (has extras) } to com.android.vending/com.google.android.finsky.instantapps.appmanagement.InstantAppRemoveMonitor
06-29 19:01:51.805  1958  2010 W BroadcastQueue: Background execution not allowed: receiving Intent { act=android.intent.action.PACKAGE_REMOVED dat=package:com.BHG.sharechat flg=0x4000010 (has extras) } to com.google.android.apps.maps/com.google.android.libraries.social.peoplekit.thirdparty.viewcontrollers.ThirdPartyReceiver
06-29 19:01:51.845  1958  1958 W Looper  : Slow dispatch took 131ms main h=android.app.ActivityThread$H c=android.app.-$$Lambda$LoadedApk$ReceiverDispatcher$Args$_BumDX2UKsnxLVrE6UJsJZkotuA@58df7cb m=0
06-29 19:01:51.900  1958  2010 W BroadcastQueue: Background execution not allowed: receiving Intent { act=android.intent.action.PACKAGE_REMOVED dat=package:com.BHG.sharechat flg=0x4000010 (has extras) } to com.google.android.gms/.chimera.GmsIntentOperationService$PersistentTrustedReceiver
06-29 19:01:51.908  1958  2011 W ActivityManager: Slow operation: 104ms so far, now at startProcess: building log message
06-29 19:01:51.908  1958  2011 I ActivityManager: Start proc 8194:com.miui.global.packageinstaller/u0a162 for service {com.miui.global.packageinstaller/com.miui.global.packageinstaller.service.ScanDispatchService} caller=com.miui.securitycenter
06-29 19:01:51.908  1958  2011 W ActivityManager: Slow operation: 104ms so far, now at startProcess: starting to updatepids map
06-29 19:01:51.908  1958  2011 W ActivityManager: Slow operation: 104ms so far, now at startProcess: done updating pidsmap
06-29 19:01:51.950  1958  2010 W BroadcastQueue: Background execution not allowed: receiving Intent { act=android.intent.action.PACKAGE_REMOVED dat=package:com.BHG.sharechat flg=0x4000010 (has extras) } to com.google.android.gms/.games.chimera.GamesSystemBroadcastReceiverProxy
06-29 19:01:51.951  1958  2011 W ActivityManager: Slow operation: 119ms so far, now at startProcess: returned from zygote!
06-29 19:01:51.961  1958  1993 W Looper  : Slow dispatch took 155ms android.fg h=android.os.Handler c=<recycled PooledLambda@dc0429f> m=0
06-29 19:01:51.980  1958  2010 W BroadcastQueue: Background execution not allowed: receiving Intent { act=android.intent.action.PACKAGE_REMOVED dat=package:com.BHG.sharechat flg=0x4000010 (has extras) } to com.miui.audioeffect/com.android.musicfx.Compatibility$Receiver
06-29 19:01:51.982  1958  2010 W BroadcastQueue: Background execution not allowed: receiving Intent { act=android.intent.action.PACKAGE_REMOVED dat=package:com.BHG.sharechat flg=0x4000010 (has extras) } to com.xiaomi.discover/com.xiaomi.market.data.MyPackageMonitor
06-29 19:01:51.982  1958  2010 W BroadcastQueue: Background execution not allowed: receiving Intent { act=android.intent.action.PACKAGE_REMOVED dat=package:com.BHG.sharechat flg=0x4000010 (has extras) } to com.xiaomi.mipicks/com.xiaomi.market.data.MyPackageMonitor
06-29 19:01:51.982  1958  2010 W BroadcastQueue: Background execution not allowed: receiving Intent { act=android.intent.action.PACKAGE_REMOVED dat=package:com.BHG.sharechat flg=0x4000010 (has extras) } to com.xiaomi.misettings/.usagestats.AppTimerReceiver
06-29 19:01:51.984  1958  2010 W BroadcastQueue: Background execution not allowed: receiving Intent { act=android.intent.action.PACKAGE_REMOVED dat=package:com.BHG.sharechat flg=0x4000010 (has extras) } to app.revanced.android.gms/org.microg.gms.gcm.UnregisterReceiver
06-29 19:01:51.984  1958  2010 W BroadcastQueue: Background execution not allowed: receiving Intent { act=android.intent.action.PACKAGE_REMOVED dat=package:com.BHG.sharechat flg=0x4000010 (has extras) } to com.google.android.apps.photos/com.google.android.libraries.social.peoplekit.thirdparty.viewcontrollers.ThirdPartyReceiver
06-29 19:01:51.989  1958  2011 W ActivityManager: Slow operation: 157ms so far, now at startProcess: done updating battery stats
06-29 19:01:51.991  1958  2011 W ActivityManager: Slow operation: 159ms so far, now at startProcess: building log message
06-29 19:01:51.991  1958  2011 I ActivityManager: Start proc 8214:com.android.keychain/1000 for service {com.android.keychain/com.android.keychain.KeyChainService} caller=android
06-29 19:01:51.991  1958  2011 W ActivityManager: Slow operation: 159ms so far, now at startProcess: starting to updatepids map
06-29 19:01:51.992  1958  2011 W ActivityManager: Slow operation: 160ms so far, now at startProcess: done updating pidsmap
06-29 19:01:52.000  1958  2010 W BroadcastQueue: Background execution not allowed: receiving Intent { act=android.intent.action.PACKAGE_REMOVED dat=package:com.BHG.sharechat flg=0x4000010 (has extras) } to com.jio.myjio/com.inn.passivesdk.receiver.PackageReceiver
06-29 19:01:52.001  1958  2010 W BroadcastQueue: Background execution not allowed: receiving Intent { act=android.intent.action.PACKAGE_ADDED dat=package:com.BHG.sharechat flg=0x4000010 (has extras) } to com.lbe.security.miui/com.lbe.security.service.BootReceiver
06-29 19:01:52.004  1958  2010 W BroadcastQueue: Background execution not allowed: receiving Intent { act=android.intent.action.PACKAGE_ADDED dat=package:com.BHG.sharechat flg=0x4000010 (has extras) } to com.msf.kbank.mobile/com.cv.sdk.receiver.EventReceiver
06-29 19:01:52.004  1958  2010 W BroadcastQueue: Background execution not allowed: receiving Intent { act=android.intent.action.PACKAGE_ADDED dat=package:com.BHG.sharechat flg=0x4000010 (has extras) } to com.google.android.packageinstaller/com.android.packageinstaller.PackageInstalledReceiver
06-29 19:01:52.005  1958  2010 W BroadcastQueue: Background execution not allowed: receiving Intent { act=android.intent.action.PACKAGE_ADDED dat=package:com.BHG.sharechat flg=0x4000010 (has extras) } to com.android.settings/.search.provider.UpdateReceiver
06-29 19:01:52.005  1958  2010 W BroadcastQueue: Background execution not allowed: receiving Intent { act=android.intent.action.PACKAGE_ADDED dat=package:com.BHG.sharechat flg=0x4000010 (has extras) } to com.android.vending/com.google.android.finsky.packagemonitor.impl.PackageMonitorReceiverImpl$RegisteredReceiver
06-29 19:01:52.006  1958  2010 W BroadcastQueue: Background execution not allowed: receiving Intent { act=android.intent.action.PACKAGE_ADDED dat=package:com.BHG.sharechat flg=0x4000010 (has extras) } to com.android.vending/com.google.android.finsky.packagemonitor.backgroundimpl.BackgroundPackageMonitorReceiverImpl$RegisteredReceiver
06-29 19:01:52.009  1958  2010 W BroadcastQueue: Background execution not allowed: receiving Intent { act=android.intent.action.PACKAGE_ADDED dat=package:com.BHG.sharechat flg=0x4000010 (has extras) } to com.facebook.appmanager/com.facebook.oxygen.common.packages.event.manifest.ManifestPackageEventReceiver
06-29 19:01:52.012  1958  2010 W BroadcastQueue: Background execution not allowed: receiving Intent { act=android.intent.action.PACKAGE_ADDED dat=package:com.BHG.sharechat flg=0x4000010 (has extras) } to com.google.android.gms/.chimera.GmsIntentOperationService$PersistentTrustedReceiver
06-29 19:01:52.014  1958  2010 W BroadcastQueue: Background execution not allowed: receiving Intent { act=android.intent.action.PACKAGE_ADDED dat=package:com.BHG.sharechat flg=0x4000010 (has extras) } to com.google.android.gms/.games.chimera.GamesSystemBroadcastReceiverProxy
06-29 19:01:52.020  1958  2010 W BroadcastQueue: Background execution not allowed: receiving Intent { act=android.intent.action.PACKAGE_ADDED dat=package:com.BHG.sharechat flg=0x4000010 (has extras) } to com.google.android.gms/.gass.chimera.PackageChangeBroadcastReceiver
06-29 19:01:52.020  1958  2010 W BroadcastQueue: Background execution not allowed: receiving Intent { act=android.intent.action.PACKAGE_ADDED dat=package:com.BHG.sharechat flg=0x4000010 (has extras) } to com.miui.audioeffect/com.android.musicfx.Compatibility$Receiver
06-29 19:01:52.021  1958  2010 W BroadcastQueue: Background execution not allowed: receiving Intent { act=android.intent.action.PACKAGE_ADDED dat=package:com.BHG.sharechat flg=0x4000010 (has extras) } to com.xiaomi.discover/com.xiaomi.market.data.MyPackageMonitor
06-29 19:01:52.021  1958  2010 W BroadcastQueue: Background execution not allowed: receiving Intent { act=android.intent.action.PACKAGE_ADDED dat=package:com.BHG.sharechat flg=0x4000010 (has extras) } to com.xiaomi.mipicks/com.xiaomi.market.data.MyPackageMonitor
06-29 19:01:52.022  1958  2010 W BroadcastQueue: Background execution not allowed: receiving Intent { act=android.intent.action.PACKAGE_ADDED dat=package:com.BHG.sharechat flg=0x4000010 (has extras) } to com.xiaomi.misettings/.usagestats.AppTimerReceiver
06-29 19:01:52.023  1958  2010 W BroadcastQueue: Background execution not allowed: receiving Intent { act=android.intent.action.PACKAGE_ADDED dat=package:com.BHG.sharechat flg=0x4000010 (has extras) } to com.dv.adm/com.appodeal.ads.AppodealPackageAddedReceiver
06-29 19:01:52.024  1958  2010 W BroadcastQueue: Background execution not allowed: receiving Intent { act=android.intent.action.PACKAGE_ADDED dat=package:com.BHG.sharechat flg=0x4000010 (has extras) } to com.jio.myjio/com.inn.passivesdk.receiver.PackageReceiver
06-29 19:01:52.030  1958  1993 W Looper  : Slow delivery took 219ms android.fg h=android.os.Handler c=<recycled PooledLambda@5c5118f> m=0
06-29 19:01:52.065  1958  2011 I ActivityManager: Start proc 8239:com.android.vending/u0a175 for broadcast {com.android.vending/com.google.android.finsky.packagemonitor.impl.PackageMonitorReceiverImpl$RegisteredReceiver} caller=null
06-29 19:01:52.144  1958  1958 W Looper  : Slow dispatch took 262ms main h=android.app.ActivityThread$H c=android.app.-$$Lambda$LoadedApk$ReceiverDispatcher$Args$_BumDX2UKsnxLVrE6UJsJZkotuA@4d37c7f m=0
06-29 19:01:52.144  1958  1958 W Looper  : Slow delivery took 390ms main h=android.app.ActivityThread$H c=android.app.-$$Lambda$LoadedApk$ReceiverDispatcher$Args$_BumDX2UKsnxLVrE6UJsJZkotuA@734e44c m=0
06-29 19:01:52.303  1958  1993 W Looper  : Drained
06-29 19:01:52.345  1958  1958 W Looper  : Slow dispatch took 200ms main h=android.app.ActivityThread$H c=android.app.-$$Lambda$LoadedApk$ReceiverDispatcher$Args$_BumDX2UKsnxLVrE6UJsJZkotuA@f0b1136 m=0
06-29 19:01:52.345  1958  1958 I Telecom : DefaultDialerCache: Refreshing default dialer for user 0: now com.android.contacts: DDC.oR@Ao0
06-29 19:01:52.513 25324 25324 I Timeline: Timeline: Activity_launch_request time:24468343
06-29 19:01:52.514  1958  4008 I ActivityTaskManager: START u0 {act=android.search.action.GLOBAL_SEARCH flg=0x10000000 cmp=com.google.android.googlequicksearchbox/.GoogleAppGlobalSearchImplicitGatewayInternal (has extras)} from uid 10094
06-29 19:01:52.579  8194  8315 I Ad      : isPersonalizedAdEnabled getAdSettings: 3
06-29 19:01:52.608 25324 25324 W ActivityThread: SCHED: com.miui.home/.launcher.Launcher [64, r=80ms, a=45ms, w=8220ms]
06-29 19:01:52.618  1958  4526 I ActivityTaskManager: The Process com.google.android.googlequicksearchbox:googleapp Already Exists in BG. So sending its PID: 1340
06-29 19:01:52.622  1958  4526 I Timeline: Timeline: App_transition_ready time:24468452
06-29 19:01:52.848  1958  1958 W Looper  : Drained
06-29 19:01:52.950  1958  4008 I Timeline: Timeline: App_transition_ready time:24468780
06-29 19:01:52.957  8194  8194 W QueuedWork: Slow Operation: QueueWork waitToFinish took 109ms
06-29 19:01:53.105  1958  2360 W BaseMiuiPhoneWindowManager: keyCode:3 down:true eventTime:24468935 downTime:24468935 policyFlags:2b000002 flags:48 deviceId:-1 isScreenOn:true keyguardActive:false repeatCount:0
06-29 19:01:53.123  1958  2089 W WindowManager: Failed looking up window callers=com.android.server.wm.InputManagerCallback.interceptKeyBeforeDispatching:191 com.android.server.input.InputManagerService.interceptKeyBeforeDispatching:1920 <bottom of call stack>
06-29 19:01:53.187  1958  4526 W BaseMiuiPhoneWindowManager: keyCode:3 down:false eventTime:24469017 downTime:24468935 policyFlags:2b000002 flags:48 deviceId:-1 isScreenOn:true keyguardActive:false repeatCount:0
06-29 19:01:53.188  1958  2089 W WindowManager: Failed looking up window callers=com.android.server.wm.InputManagerCallback.interceptKeyBeforeDispatching:191 com.android.server.input.InputManagerService.interceptKeyBeforeDispatching:1920 <bottom of call stack>
06-29 19:01:53.193  1958  2089 I ActivityTaskManager: START u0 {act=android.intent.action.MAIN cat=[android.intent.category.HOME] flg=0x10000100 cmp=com.miui.home/.launcher.Launcher (has extras)} from uid 0
06-29 19:01:53.201  1958  2089 I Timeline: Timeline: App_transition_ready time:24469032
06-29 19:01:53.210  1958  1997 I Timeline: Timeline: App_transition_ready time:24469040
06-29 19:01:53.210  1958  1997 I Timeline: Timeline: App_transition_stopped time:24469040
06-29 19:01:53.340  8239  8239 W Looper  : Slow Looper main: Long Msg: seq=2 plan=19:01:52.131  late=2ms wall=1207ms running=215ms runnable=78ms io=364ms h=android.app.ActivityThread$H w=110
06-29 19:01:53.402  1958  2011 I ActivityManager: Start proc 8503:com.google.process.gservices/u0a185 for content provider {com.google.android.gsf/com.google.android.gsf.gservices.GservicesProvider} caller=com.android.vending
06-29 19:01:53.577  8194  8339 W BpBinder: Slow Binder: BpBinder transact took 702ms, interface=android.content.IContentProvider, code=1 oneway=false
06-29 19:01:53.636  3855  4381 W MiuiPerfServiceClient: interceptAndQueuing:25324|com.miui.home|255|221|unknown|null|com.miui.home/com.miui.home.launcher.Launcher|24468466596185|Slow handle animation|3
06-29 19:01:53.696  1958  1996 W ActivityTaskManager: Activity top resumed state loss timeout for ActivityRecord{c531222 u0 com.google.android.googlequicksearchbox/.GoogleAppGlobalSearchImplicitGatewayInternal t1073}
06-29 19:01:53.698  1958  1996 W ActivityTaskManager: Activity pause timeout for ActivityRecord{c531222 u0 com.google.android.googlequicksearchbox/.GoogleAppGlobalSearchImplicitGatewayInternal t1073}
06-29 19:01:53.839  1958  2011 I ActivityManager: Start proc 8616:com.google.process.gapps/u0a185 for content provider {com.google.android.gsf/com.google.android.gsf.settings.GoogleSettingsProvider} caller=com.android.vending
06-29 19:01:53.897  8239  8358 W BpBinder: Slow Binder: BpBinder transact took 536ms, interface=android.app.IActivityManager, code=20 oneway=false
06-29 19:01:54.057  8239  8602 W BpBinder: Slow Binder: BpBinder transact took 254ms, interface=android.app.IActivityManager, code=20 oneway=false
06-29 19:01:54.290  1958  2011 I ActivityManager: Start proc 8688:com.android.vending:background/u0a175 for broadcast {com.android.vending/com.google.android.finsky.packagemonitor.backgroundimpl.BackgroundPackageMonitorReceiverImpl$RegisteredReceiver} caller=null
06-29 19:01:54.292 25324 25324 I Timeline: Timeline: Activity_launch_request time:24470122
06-29 19:01:54.295  1958  2360 I ActivityTaskManager: START u0 {act=android.intent.action.MAIN cat=[android.intent.category.LAUNCHER] flg=0x10200000 cmp=com.BHG.sharechat/.SplashActivity bnds=[73,760][249,936] (has extras)} from uid 10094
06-29 19:01:54.321 25324 25324 W ActivityThread: SCHED: com.miui.home/.launcher.Launcher [75, r=59ms, a=19ms, w=1117ms]
06-29 19:01:54.386  1958  2011 I ActivityManager: Start proc 8712:com.BHG.sharechat/u0a768 for activity {com.BHG.sharechat/com.BHG.sharechat.SplashActivity} caller=com.miui.home
06-29 19:01:54.445  1958  1997 I Timeline: Timeline: App_transition_ready time:24470275
06-29 19:01:54.537  1958  4526 E WindowManager: App trying to use insecure INPUT_FEATURE_NO_INPUT_CHANNEL flag. Ignoring
06-29 19:01:54.547  1340  1340 W Looper  : Slow Looper main: Long Msg: seq=142 plan=19:01:52.621  late=0ms wall=1925ms running=479ms runnable=173ms io=1089ms h=android.app.ActivityThread$H w=159
06-29 19:01:54.548  1340  1340 W Looper  : Slow Looper main: Activity com.google.android.googlequicksearchbox/.GoogleAppGlobalSearchImplicitGatewayInternal is 1926ms late (wall=0ms running=0ms ClientTransaction{ callbacks=[android.app.servertransaction.TopResumedActivityChangeItem] }) because of 2 msg, msg 1 took 1925ms (seq=142 running=479ms runnable=173msio=1089ms h=android.app.ActivityThread$H w=159)
06-29 19:01:54.551  1340  1340 W Looper  : Slow Looper main: Activity com.google.android.googlequicksearchbox/.GoogleAppGlobalSearchImplicitGatewayInternal is 1353ms late (wall=1ms running=0ms ClientTransaction{ callbacks=[android.app.servertransaction.TopResumedActivityChangeItem] }) because of 6 msg, msg 1 took 1925ms (seq=142 running=479ms runnable=173msio=1089ms h=android.app.ActivityThread$H w=159)
06-29 19:01:54.552  1340  1340 W ActivityThread: SCHED: com.google.android.googlequicksearchbox/.GoogleAppGlobalSearchImplicitGatewayInternal [71, r=20ms, a=8ms, w=70ms]
06-29 19:01:54.569  1340  1340 W Looper  : Slow Looper main: Activity com.google.android.googlequicksearchbox/.GoogleAppGlobalSearchImplicitGatewayInternal is 1354ms late (wall=17ms running=8ms ClientTransaction{ lifecycleRequest=android.app.servertransaction.PauseActivityItem }) because of 7 msg, msg 1 took 1925ms (seq=142 running=479ms runnable=173ms io=1089ms h=android.app.ActivityThread$H w=159)
06-29 19:01:54.685  1958  1997 I Timeline: Timeline: App_transition_stopped time:24470516
06-29 19:01:54.700  1958  2011 I ActivityManager: Start proc 8795:com.google.android.webview:sandboxed_process0:org.chromium.content.app.SandboxedProcessService0:0/u0i50 for  {com.miui.global.packageinstaller/org.chromium.content.app.SandboxedProcessService0:0} caller=com.miui.global.packageinstaller
06-29 19:01:54.742  1340  1340 W Looper  : Slow Looper main: Activity com.google.android.googlequicksearchbox/.GoogleAppGlobalSearchImplicitGatewayInternal is 864ms late (wall=170ms running=42ms ClientTransaction{ lifecycleRequest=android.app.servertransaction.StopActivityItem }) because of 33 msg, msg 1 took 1925ms (seq=142 running=479ms runnable=173ms io=1089ms h=android.app.ActivityThread$H w=159)
06-29 19:01:54.789  1958  2066 W BroadcastQueue: Background execution not allowed: receiving Intent { act=android.intent.action.PACKAGE_REPLACED dat=package:com.BHG.sharechat flg=0x4000010 (has extras) } to com.facebook.appmanager/com.facebook.oxygen.common.packages.event.manifest.ManifestPackageEventReceiver
06-29 19:01:54.792  1958  2010 W BroadcastQueue: Background execution not allowed: receiving Intent { act=android.intent.action.PACKAGE_REPLACED dat=package:com.BHG.sharechat flg=0x4000010 (has extras) } to com.google.android.gms/.chimera.GmsIntentOperationService$PersistentTrustedReceiver
06-29 19:01:54.792  1958  2010 W BroadcastQueue: Background execution not allowed: receiving Intent { act=android.intent.action.PACKAGE_REPLACED dat=package:com.BHG.sharechat flg=0x4000010 (has extras) } to com.google.android.gms/.gass.chimera.PackageChangeBroadcastReceiver
06-29 19:01:54.792  1958  2010 W BroadcastQueue: Background execution not allowed: receiving Intent { act=android.intent.action.PACKAGE_REPLACED dat=package:com.BHG.sharechat flg=0x4000010 (has extras) } to com.miui.audioeffect/com.android.musicfx.Compatibility$Receiver
06-29 19:01:54.792  1958  2010 W BroadcastQueue: Background execution not allowed: receiving Intent { act=android.intent.action.PACKAGE_REPLACED dat=package:com.BHG.sharechat flg=0x4000010 (has extras) } to com.miui.notes/com.miui.floatwindow.BootBroadcastReceiver
06-29 19:01:54.792  1958  2010 W BroadcastQueue: Background execution not allowed: receiving Intent { act=android.intent.action.PACKAGE_REPLACED dat=package:com.BHG.sharechat flg=0x4000010 (has extras) } to com.google.android.apps.photos/.account.full.FetchAccountPropertiesAppUpgradeBroadcastReceiver
06-29 19:01:54.792  1958  2010 W BroadcastQueue: Background execution not allowed: receiving Intent { act=android.intent.action.PACKAGE_REPLACED dat=package:com.BHG.sharechat flg=0x4000010 (has extras) } to com.google.android.apps.photos/.account.full.SyncAccountsForLoginBroadcastReceiver
06-29 19:01:54.793  1958  2010 W BroadcastQueue: Background execution not allowed: receiving Intent { act=android.intent.action.PACKAGE_REPLACED dat=package:com.BHG.sharechat flg=0x4000010 (has extras) } to com.google.android.apps.photos/.notificationchannels.AppUpdateBroadcastReceiver
06-29 19:01:54.793  1958  2010 W BroadcastQueue: Background execution not allowed: receiving Intent { act=android.intent.action.PACKAGE_REPLACED dat=package:com.BHG.sharechat flg=0x4000010 (has extras) } to com.jio.myjio/com.inn.passivesdk.receiver.PackageReceiver
06-29 19:01:54.843  1958  2202 E WindowManager: App trying to use insecure INPUT_FEATURE_NO_INPUT_CHANNEL flag. Ignoring
06-29 19:01:54.847  8712  8712 W Looper  : Slow Looper main: Activity com.BHG.sharechat/.SplashActivity is 391ms late (wall=0ms running=0ms ClientTransaction{ callbacks=[android.app.servertransaction.TopResumedActivityChangeItem] }) because of 3 msg, msg 2 took 110ms (seq=2 running=65ms runnable=26ms io=2ms late=52ms h=android.app.ActivityThread$H w=110), msg 3 took 234ms (seq=3 running=148ms runnable=34ms io=6ms late=157ms h=android.app.ActivityThread$H w=159)
06-29 19:01:55.094  1958  1997 I Timeline: Timeline: Activity_windows_visible id: ActivityRecord{8b84ef1 u0 com.BHG.sharechat/.SplashActivity t1074} time:24470924
06-29 19:01:55.299  1958  2011 I ActivityManager: Start proc 8916:com.google.android.webview:webview_service/u0a192 forservice {com.google.android.webview/org.chromium.android_webview.services.ComponentsProviderService} caller=com.miui.global.packageinstaller
06-29 19:01:55.473  8194  8194 W Looper  : Slow Looper main: Long Msg: seq=24 plan=19:01:53.895  late=0ms wall=1577ms running=379ms runnable=122ms io=863ms h=com.google.android.gms.ads.internal.util.f c=com.google.android.gms.ads.internal.js.r
06-29 19:01:55.704  1958  2011 I ActivityManager: Start proc 8975:com.android.chrome/u0a193 for service {com.android.chrome/org.chromium.chrome.browser.customtabs.CustomTabsConnectionService} caller=com.miui.global.packageinstaller
06-29 19:01:56.853  8194  8305 W FileUtils: Slow Operation: fsync took 150ms
06-29 19:01:57.810  8712  8712 I Timeline: Timeline: Activity_launch_request time:24473640
06-29 19:01:57.811  1958  2066 I ActivityTaskManager: START u0 {cmp=com.BHG.sharechat/.AuthActivity} from uid 10768
06-29 19:01:57.829  8712  8712 W ActivityThread: SCHED: com.BHG.sharechat/.SplashActivity [80, r=38ms, a=9ms, w=3013ms]
06-29 19:01:57.833  1958  2645 I ActivityTaskManager: The Process com.BHG.sharechat Already Exists in BG. So sending its PID: 8712
06-29 19:01:57.863  1958  2645 I Timeline: Timeline: App_transition_ready time:24473693
06-29 19:01:58.016  8712  8712 I Timeline: Timeline: Activity_launch_request time:24473846
06-29 19:01:58.017  1958  2645 I ActivityTaskManager: START u0 {cmp=com.BHG.sharechat/.MainActivity} from uid 10768
06-29 19:01:58.027  1958  2645 I ActivityTaskManager: The Process com.BHG.sharechat Already Exists in BG. So sending its PID: 8712
06-29 19:01:58.031  1958  2645 I Timeline: Timeline: App_transition_ready time:24473861
06-29 19:01:58.032  1958  1997 I Timeline: Timeline: App_transition_ready time:24473862
06-29 19:01:58.154  1958  2645 E WindowManager: App trying to use insecure INPUT_FEATURE_NO_INPUT_CHANNEL flag. Ignoring
06-29 19:01:58.176  1958  2645 I Timeline: Timeline: App_transition_ready time:24474007
06-29 19:01:58.179  1958  2645 I Timeline: Timeline: App_transition_ready time:24474009
06-29 19:01:58.236  1958  1997 I Timeline: Timeline: App_transition_ready time:24474066
06-29 19:01:58.500  1958  1997 I Timeline: Timeline: Activity_windows_visible id: ActivityRecord{5dc8b11 u0 com.BHG.sharechat/.MainActivity t1074} time:24474331
06-29 19:01:58.502  1958  1997 I Timeline: Timeline: App_transition_stopped time:24474332
06-29 19:02:00.524  8712  8712 I Timeline: Timeline: Activity_launch_request time:24476355
06-29 19:02:00.527  1958  5256 W ActivityTaskManager: aInfo is null for resolve intent: Intent { cmp=com.BHG.sharechat/.PostDetailActivity (has extras) }
06-29 19:02:00.527  1958  5256 W ActivityTaskManagerServiceInjector: Intent or aInfo is null!
06-29 19:02:00.528  1958  5256 I ActivityTaskManager: START u0 {cmp=com.BHG.sharechat/.PostDetailActivity (has extras)}from uid 10768
06-29 19:02:00.536  8712  8712 E AndroidRuntime: FATAL EXCEPTION: main
06-29 19:02:00.536  8712  8712 E AndroidRuntime: Process: com.BHG.sharechat, PID: 8712
06-29 19:02:00.536  8712  8712 E AndroidRuntime: android.content.ActivityNotFoundException: Unable to find explicit activity class {com.BHG.sharechat/com.BHG.sharechat.PostDetailActivity}; have you declared this activity in your AndroidManifest.xml?
06-29 19:02:00.536  8712  8712 E AndroidRuntime:        at android.app.Instrumentation.checkStartActivityResult(Instrumentation.java:2064)
06-29 19:02:00.536  8712  8712 E AndroidRuntime:        at android.app.Instrumentation.execStartActivity(Instrumentation.java:1720)
06-29 19:02:00.536  8712  8712 E AndroidRuntime:        at android.app.Activity.startActivityForResult(Activity.java:5258)
06-29 19:02:00.536  8712  8712 E AndroidRuntime:        at androidx.activity.ComponentActivity.startActivityForResult(ComponentActivity.java:780)
06-29 19:02:00.536  8712  8712 E AndroidRuntime:        at android.app.Activity.startActivityForResult(Activity.java:5216)
06-29 19:02:00.536  8712  8712 E AndroidRuntime:        at androidx.activity.ComponentActivity.startActivityForResult(ComponentActivity.java:761)
06-29 19:02:00.536  8712  8712 E AndroidRuntime:        at android.app.Activity.startActivity(Activity.java:5587)
06-29 19:02:00.536  8712  8712 E AndroidRuntime:        at android.app.Activity.startActivity(Activity.java:5555)
06-29 19:02:00.536  8712  8712 E AndroidRuntime:        at com.BHG.sharechat.PostAdapter.onBindViewHolder$lambda$0(PostAdapter.kt:35)
06-29 19:02:00.536  8712  8712 E AndroidRuntime:        at com.BHG.sharechat.PostAdapter.$r8$lambda$on2uuh6KTdxV616d9hoEZE1fOXc(Unknown Source:0)
06-29 19:02:00.536  8712  8712 E AndroidRuntime:        at com.BHG.sharechat.PostAdapter$$ExternalSyntheticLambda0.onClick(D8$$SyntheticClass:0)
06-29 19:02:00.536  8712  8712 E AndroidRuntime:        at android.view.View.performClick(View.java:7189)
06-29 19:02:00.536  8712  8712 E AndroidRuntime:        at android.view.View.performClickInternal(View.java:7166)
06-29 19:02:00.536  8712  8712 E AndroidRuntime:        at android.view.View.access$3500(View.java:819)
06-29 19:02:00.536  8712  8712 E AndroidRuntime:        at android.view.View$PerformClick.run(View.java:27682)
06-29 19:02:00.536  8712  8712 E AndroidRuntime:        at android.os.Handler.handleCallback(Handler.java:883)
06-29 19:02:00.536  8712  8712 E AndroidRuntime:        at android.os.Handler.dispatchMessage(Handler.java:100)
06-29 19:02:00.536  8712  8712 E AndroidRuntime:        at android.os.Looper.loop(Looper.java:224)
06-29 19:02:00.536  8712  8712 E AndroidRuntime:        at android.app.ActivityThread.main(ActivityThread.java:7592)
06-29 19:02:00.536  8712  8712 E AndroidRuntime:        at java.lang.reflect.Method.invoke(Native Method)
06-29 19:02:00.536  8712  8712 E AndroidRuntime:        at com.android.internal.os.RuntimeInit$MethodAndArgsCaller.run(RuntimeInit.java:539)
06-29 19:02:00.536  8712  8712 E AndroidRuntime:        at com.android.internal.os.ZygoteInit.main(ZygoteInit.java:950)
06-29 19:02:00.541  1958  9079 I DropBoxManagerService: add tag=data_app_crash isTagEnabled=true flags=0x2
06-29 19:02:00.549  1958  5256 W ActivityTaskManager:   Force finishing activity com.BHG.sharechat/.MainActivity
06-29 19:02:00.570  1958  2010 W BroadcastQueue: Background execution not allowed: receiving Intent { act=android.intent.action.DROPBOX_ENTRY_ADDED flg=0x10 (has extras) } to com.google.android.gms/.stats.service.DropBoxEntryAddedReceiver
06-29 19:02:00.614  1958  2645 I ActivityManager: Process com.BHG.sharechat (pid 8712) has died: vis+99 TOP
06-29 19:02:00.614  1958  5256 I WindowManager: WIN DEATH: Window{e812713 u0 com.BHG.sharechat/com.BHG.sharechat.MainActivity}
06-29 19:02:00.630  1958  2645 I Timeline: Timeline: App_transition_ready time:24476460
06-29 19:02:00.633  1958  1996 W ActivityManager: setHasOverlayUi called on unknown pid: 8712
06-29 19:02:00.637  1958  2645 I Timeline: Timeline: App_transition_ready time:24476467
06-29 19:02:00.652  1958  1997 I Timeline: Timeline: App_transition_ready time:24476482
06-29 19:02:00.660  1958  5269 I Timeline: Timeline: App_transition_ready time:24476491
06-29 19:02:00.669  1958  1997 I Timeline: Timeline: App_transition_ready time:24476499
06-29 19:02:00.681  1958  1997 I Timeline: Timeline: App_transition_ready time:24476512
06-29 19:02:00.682  1958  1997 I Timeline: Timeline: Activity_windows_visible id: ActivityRecord{ddb1799 u0 com.miui.home/.launcher.Launcher t1} time:24476512
06-29 19:02:00.682  1958  1997 I Timeline: Timeline: App_transition_stopped time:24476512
06-29 19:02:01.052  1958  1996 W ActivityTaskManager: Activity top resumed state loss timeout for ActivityRecord{5dc8b11 u0 com.BHG.sharechat/.MainActivity t-1 f}
06-29 19:02:01.607 25324 25324 I Timeline: Timeline: Activity_launch_request time:24477437
06-29 19:02:01.609  1958  5256 I ActivityTaskManager: START u0 {act=android.intent.action.MAIN cat=[android.intent.category.LAUNCHER] flg=0x10200000 cmp=com.BHG.sharechat/.SplashActivity bnds=[72,758][248,934] (has extras)} from uid 10094
06-29 19:02:01.626 25324 25324 W ActivityThread: SCHED: com.miui.home/.launcher.Launcher [67, r=33ms, a=16ms, w=979ms]
06-29 19:02:01.681  1958  2011 I ActivityManager: Start proc 9090:com.BHG.sharechat/u0a768 for activity {com.BHG.sharechat/com.BHG.sharechat.SplashActivity} caller=com.miui.home
06-29 19:02:01.704  1958  1997 I Timeline: Timeline: App_transition_ready time:24477534
06-29 19:02:01.888  1958  1997 I Timeline: Timeline: App_transition_stopped time:24477718
06-29 19:02:01.948  1958  3132 E WindowManager: App trying to use insecure INPUT_FEATURE_NO_INPUT_CHANNEL flag. Ignoring
06-29 19:02:01.991  1958  1997 I Timeline: Timeline: Activity_windows_visible id: ActivityRecord{a1c30d1 u0 com.BHG.sharechat/.SplashActivity t1075} time:24477821
06-29 19:02:02.017   788   903 W EventThreadInspector: slow VSync-sf on display(19260784713820289), count=1, avg=40 ms,max=40 ms.
06-29 19:02:04.939  9090  9090 I Timeline: Timeline: Activity_launch_request time:24480769
06-29 19:02:04.939  1958  2647 I ActivityTaskManager: START u0 {cmp=com.BHG.sharechat/.AuthActivity} from uid 10768
06-29 19:02:04.951  9090  9090 W ActivityThread: SCHED: com.BHG.sharechat/.SplashActivity [74, r=26ms, a=9ms, w=3012ms]
06-29 19:02:04.956  1958  3132 I ActivityTaskManager: The Process com.BHG.sharechat Already Exists in BG. So sending its PID: 9090
06-29 19:02:04.961  1958  3132 I Timeline: Timeline: App_transition_ready time:24480791
06-29 19:02:05.003  1958  4807 I Timeline: Timeline: App_transition_ready time:24480833
06-29 19:02:05.110  9090  9090 I Timeline: Timeline: Activity_launch_request time:24480940
06-29 19:02:05.110  1958  3851 I ActivityTaskManager: START u0 {cmp=com.BHG.sharechat/.MainActivity} from uid 10768
06-29 19:02:05.124  1958  3851 I ActivityTaskManager: The Process com.BHG.sharechat Already Exists in BG. So sending its PID: 9090
06-29 19:02:05.127  1958  3851 I Timeline: Timeline: App_transition_ready time:24480957
06-29 19:02:05.128  1958  1997 I Timeline: Timeline: App_transition_ready time:24480958
06-29 19:02:05.219  1958  5256 E WindowManager: App trying to use insecure INPUT_FEATURE_NO_INPUT_CHANNEL flag. Ignoring
06-29 19:02:05.245  1958  4807 I Timeline: Timeline: App_transition_ready time:24481075
06-29 19:02:05.246  1958  4807 I Timeline: Timeline: App_transition_ready time:24481077
06-29 19:02:05.266  1958  1997 I Timeline: Timeline: App_transition_ready time:24481096
06-29 19:02:05.520  1958  1997 I Timeline: Timeline: Activity_windows_visible id: ActivityRecord{a6e6f9f u0 com.BHG.sharechat/.MainActivity t1075} time:24481350
06-29 19:02:05.524  1958  1997 I Timeline: Timeline: App_transition_stopped time:24481354
06-29 19:02:12.323  1958  2647 W BpBinder: Slow Binder: BpBinder transact took 563ms, interface=android.os.IInstalld, code=9 oneway=false
06-29 19:02:12.323  8239  8684 W BpBinder: Slow Binder: BpBinder transact took 564ms, interface=android.app.usage.IStorageStatsManager, code=7 oneway=false
06-29 19:02:18.840 13482 13482 E ActivityThread: Service com.google.android.gms.chimera.GmsApiService has leaked ServiceConnection bofe@5cc3445 that was originally bound here
06-29 19:02:18.840 13482 13482 E ActivityThread: android.app.ServiceConnectionLeaked: Service com.google.android.gms.chimera.GmsApiService has leaked ServiceConnection bofe@5cc3445 that was originally bound here
06-29 19:02:18.840 13482 13482 E ActivityThread:        at android.app.LoadedApk$ServiceDispatcher.<init>(LoadedApk.java:1815)
06-29 19:02:18.840 13482 13482 E ActivityThread:        at android.app.LoadedApk.getServiceDispatcherCommon(LoadedApk.java:1687)
06-29 19:02:18.840 13482 13482 E ActivityThread:        at android.app.LoadedApk.getServiceDispatcher(LoadedApk.java:1666)
06-29 19:02:18.840 13482 13482 E ActivityThread:        at android.app.ContextImpl.bindServiceCommon(ContextImpl.java:1731)
06-29 19:02:18.840 13482 13482 E ActivityThread:        at android.app.ContextImpl.bindService(ContextImpl.java:1660)
06-29 19:02:18.840 13482 13482 E ActivityThread:        at android.content.ContextWrapper.bindService(ContextWrapper.java:715)
06-29 19:02:18.840 13482 13482 E ActivityThread:        at android.content.ContextWrapper.bindService(ContextWrapper.java:715)
06-29 19:02:18.840 13482 13482 E ActivityThread:        at android.content.ContextWrapper.bindService(ContextWrapper.java:715)
06-29 19:02:18.840 13482 13482 E ActivityThread:        at boej.bindService(:com.google.android.gms@252431013@25.24.31 (100400-772615181):10)
06-29 19:02:18.840 13482 13482 E ActivityThread:        at android.content.ContextWrapper.bindService(ContextWrapper.java:715)
06-29 19:02:18.840 13482 13482 E ActivityThread:        at android.content.ContextWrapper.bindService(ContextWrapper.java:715)
06-29 19:02:18.840 13482 13482 E ActivityThread:        at android.content.ContextWrapper.bindService(ContextWrapper.java:715)
06-29 19:02:18.840 13482 13482 E ActivityThread:        at android.content.ContextWrapper.bindService(ContextWrapper.java:715)
06-29 19:02:18.840 13482 13482 E ActivityThread:        at ayei.i(:com.google.android.gms@252431013@25.24.31 (100400-772615181):17)
06-29 19:02:18.840 13482 13482 E ActivityThread:        at ayei.f(:com.google.android.gms@252431013@25.24.31 (100400-772615181):97)
06-29 19:02:18.840 13482 13482 E ActivityThread:        at ayei.e(:com.google.android.gms@252431013@25.24.31 (100400-772615181):8)
06-29 19:02:18.840 13482 13482 E ActivityThread:        at zqs.a(:com.google.android.gms@252431013@25.24.31 (100400-772615181):47)
06-29 19:02:18.840 13482 13482 E ActivityThread:        at iqu.a(:com.google.android.gms@252431013@25.24.31 (100400-772615181):19)
06-29 19:02:18.840 13482 13482 E ActivityThread:        at zqx.<init>(:com.google.android.gms@252431013@25.24.31 (100400-772615181):11)
06-29 19:02:18.840 13482 13482 E ActivityThread:        at zrx.call(:com.google.android.gms@252431013@25.24.31 (100400-772615181):18)
06-29 19:02:18.840 13482 13482 E ActivityThread:        at java.util.concurrent.FutureTask.run(FutureTask.java:266)
06-29 19:02:18.840 13482 13482 E ActivityThread:        at ayhu.c(:com.google.android.gms@252431013@25.24.31 (100400-772615181):50)
06-29 19:02:18.840 13482 13482 E ActivityThread:        at ayhu.run(:com.google.android.gms@252431013@25.24.31 (100400-772615181):70)
06-29 19:02:18.840 13482 13482 E ActivityThread:        at java.util.concurrent.ThreadPoolExecutor.runWorker(ThreadPoolExecutor.java:1167)
06-29 19:02:18.840 13482 13482 E ActivityThread:        at java.util.concurrent.ThreadPoolExecutor$Worker.run(ThreadPoolExecutor.java:641)
06-29 19:02:18.840 13482 13482 E ActivityThread:        at aynj.run(:com.google.android.gms@252431013@25.24.31 (100400-772615181):8)
06-29 19:02:18.840 13482 13482 E ActivityThread:        at java.lang.Thread.run(Thread.java:919)
06-29 19:02:20.344  9090  9090 I Timeline: Timeline: Activity_launch_request time:24496175
06-29 19:02:20.347  1958  2647 W ActivityTaskManager: aInfo is null for resolve intent: Intent { cmp=com.BHG.sharechat/.PostDetailActivity (has extras) }
06-29 19:02:20.347  1958  2647 W ActivityTaskManagerServiceInjector: Intent or aInfo is null!
06-29 19:02:20.347  1958  2647 I ActivityTaskManager: START u0 {cmp=com.BHG.sharechat/.PostDetailActivity (has extras)}from uid 10768
06-29 19:02:20.348  9090  9090 E AndroidRuntime: FATAL EXCEPTION: main
06-29 19:02:20.348  9090  9090 E AndroidRuntime: Process: com.BHG.sharechat, PID: 9090
06-29 19:02:20.348  9090  9090 E AndroidRuntime: android.content.ActivityNotFoundException: Unable to find explicit activity class {com.BHG.sharechat/com.BHG.sharechat.PostDetailActivity}; have you declared this activity in your AndroidManifest.xml?
06-29 19:02:20.348  9090  9090 E AndroidRuntime:        at android.app.Instrumentation.checkStartActivityResult(Instrumentation.java:2064)
06-29 19:02:20.348  9090  9090 E AndroidRuntime:        at android.app.Instrumentation.execStartActivity(Instrumentation.java:1720)
06-29 19:02:20.348  9090  9090 E AndroidRuntime:        at android.app.Activity.startActivityForResult(Activity.java:5258)
06-29 19:02:20.348  9090  9090 E AndroidRuntime:        at androidx.activity.ComponentActivity.startActivityForResult(ComponentActivity.java:780)
06-29 19:02:20.348  9090  9090 E AndroidRuntime:        at android.app.Activity.startActivityForResult(Activity.java:5216)
06-29 19:02:20.348  9090  9090 E AndroidRuntime:        at androidx.activity.ComponentActivity.startActivityForResult(ComponentActivity.java:761)
06-29 19:02:20.348  9090  9090 E AndroidRuntime:        at android.app.Activity.startActivity(Activity.java:5587)
06-29 19:02:20.348  9090  9090 E AndroidRuntime:        at android.app.Activity.startActivity(Activity.java:5555)
06-29 19:02:20.348  9090  9090 E AndroidRuntime:        at com.BHG.sharechat.PostAdapter.onBindViewHolder$lambda$0(PostAdapter.kt:35)
06-29 19:02:20.348  9090  9090 E AndroidRuntime:        at com.BHG.sharechat.PostAdapter.$r8$lambda$on2uuh6KTdxV616d9hoEZE1fOXc(Unknown Source:0)
06-29 19:02:20.348  9090  9090 E AndroidRuntime:        at com.BHG.sharechat.PostAdapter$$ExternalSyntheticLambda0.onClick(D8$$SyntheticClass:0)
06-29 19:02:20.348  9090  9090 E AndroidRuntime:        at android.view.View.performClick(View.java:7189)
06-29 19:02:20.348  9090  9090 E AndroidRuntime:        at android.view.View.performClickInternal(View.java:7166)
06-29 19:02:20.348  9090  9090 E AndroidRuntime:        at android.view.View.access$3500(View.java:819)
06-29 19:02:20.348  9090  9090 E AndroidRuntime:        at android.view.View$PerformClick.run(View.java:27682)
06-29 19:02:20.348  9090  9090 E AndroidRuntime:        at android.os.Handler.handleCallback(Handler.java:883)
06-29 19:02:20.348  9090  9090 E AndroidRuntime:        at android.os.Handler.dispatchMessage(Handler.java:100)
06-29 19:02:20.348  9090  9090 E AndroidRuntime:        at android.os.Looper.loop(Looper.java:224)
06-29 19:02:20.348  9090  9090 E AndroidRuntime:        at android.app.ActivityThread.main(ActivityThread.java:7592)
06-29 19:02:20.348  9090  9090 E AndroidRuntime:        at java.lang.reflect.Method.invoke(Native Method)
06-29 19:02:20.348  9090  9090 E AndroidRuntime:        at com.android.internal.os.RuntimeInit$MethodAndArgsCaller.run(RuntimeInit.java:539)
06-29 19:02:20.348  9090  9090 E AndroidRuntime:        at com.android.internal.os.ZygoteInit.main(ZygoteInit.java:950)
06-29 19:02:20.354  1958  2647 W ActivityTaskManager:   Force finishing activity com.BHG.sharechat/.MainActivity
06-29 19:02:20.360  1958  9303 I DropBoxManagerService: add tag=data_app_crash isTagEnabled=true flags=0x2
06-29 19:02:20.365  1958  2010 W BroadcastQueue: Background execution not allowed: receiving Intent { act=android.intent.action.DROPBOX_ENTRY_ADDED flg=0x10 (has extras) } to com.google.android.gms/.stats.service.DropBoxEntryAddedReceiver
06-29 19:02:20.461  1958  2645 I WindowManager: WIN DEATH: Window{5d8b397 u0 com.BHG.sharechat/com.BHG.sharechat.MainActivity}
06-29 19:02:20.461  1958  4806 I ActivityManager: Process com.BHG.sharechat (pid 9090) has died: vis+99 TOP
06-29 19:02:20.476  1958  4806 I Timeline: Timeline: App_transition_ready time:24496306
06-29 19:02:20.485  1958  1996 W ActivityManager: setHasOverlayUi called on unknown pid: 9090
06-29 19:02:20.491  1958  2645 I Timeline: Timeline: App_transition_ready time:24496321
06-29 19:02:20.508  1958  1997 I Timeline: Timeline: App_transition_ready time:24496338
06-29 19:02:20.511  1958  4806 I Timeline: Timeline: App_transition_ready time:24496341
06-29 19:02:20.525  1958  1997 I Timeline: Timeline: App_transition_ready time:24496355
06-29 19:02:20.537  1958  1997 I Timeline: Timeline: App_transition_ready time:24496367
06-29 19:02:20.538  1958  1997 I Timeline: Timeline: Activity_windows_visible id: ActivityRecord{ddb1799 u0 com.miui.home/.launcher.Launcher t1} time:24496368
06-29 19:02:20.538  1958  1997 I Timeline: Timeline: App_transition_stopped time:24496368
06-29 19:02:20.856  1958  1996 W ActivityTaskManager: Activity top resumed state loss timeout for ActivityRecord{a6e6f9f u0 com.BHG.sharechat/.MainActivity t-1 f}
06-29 19:02:21.380 25324 25324 I Timeline: Timeline: Activity_launch_request time:24497210
06-29 19:02:21.381  1958  4806 I ActivityTaskManager: START u0 {act=android.intent.action.MAIN cat=[android.intent.category.LAUNCHER] flg=0x10200000 cmp=com.BHG.sharechat/.SplashActivity bnds=[76,764][252,940] (has extras)} from uid 10094
06-29 19:02:21.398 25324 25324 W ActivityThread: SCHED: com.miui.home/.launcher.Launcher [76, r=33ms, a=10ms, w=901ms]
06-29 19:02:21.449  1958  2011 I ActivityManager: Start proc 9312:com.BHG.sharechat/u0a768 for activity {com.BHG.sharechat/com.BHG.sharechat.SplashActivity} caller=com.miui.home
06-29 19:02:21.472  1958  1997 I Timeline: Timeline: App_transition_ready time:24497302
06-29 19:02:21.663  1958  1997 I Timeline: Timeline: App_transition_stopped time:24497493
06-29 19:02:21.721  1958  4807 E WindowManager: App trying to use insecure INPUT_FEATURE_NO_INPUT_CHANNEL flag. Ignoring
06-29 19:02:21.761  1958  1997 I Timeline: Timeline: Activity_windows_visible id: ActivityRecord{59e36dc u0 com.BHG.sharechat/.SplashActivity t1076} time:24497591
06-29 19:02:23.937  1958  2011 I ActivityManager: Start proc 9422:com.xiaomi.mipicks/u0a127 for service {com.xiaomi.mipicks/androidx.work.impl.background.systemjob.SystemJobService} caller=android
06-29 19:02:24.397  1958  2011 I ActivityManager: Start proc 9522:com.miui.analytics/u0a105 for service {com.miui.analytics/com.miui.analytics.onetrack.OneTrackService} caller=com.xiaomi.mipicks
06-29 19:02:24.702  9312  9312 I Timeline: Timeline: Activity_launch_request time:24500532
06-29 19:02:24.705  1958  5269 I ActivityTaskManager: START u0 {cmp=com.BHG.sharechat/.AuthActivity} from uid 10768
06-29 19:02:24.721  9312  9312 W ActivityThread: SCHED: com.BHG.sharechat/.SplashActivity [80, r=55ms, a=13ms, w=3016ms]
06-29 19:02:24.723  1958  3906 I ActivityTaskManager: The Process com.BHG.sharechat Already Exists in BG. So sending its PID: 9312
06-29 19:02:24.733  1958  3906 I Timeline: Timeline: App_transition_ready time:24500564
06-29 19:02:24.932  9312  9312 I Timeline: Timeline: Activity_launch_request time:24500762
06-29 19:02:24.933  1958  5255 I ActivityTaskManager: START u0 {cmp=com.BHG.sharechat/.MainActivity} from uid 10768
06-29 19:02:24.948  1958  2647 I ActivityTaskManager: The Process com.BHG.sharechat Already Exists in BG. So sending its PID: 9312
06-29 19:02:24.952  1958  2647 I Timeline: Timeline: App_transition_ready time:24500782
06-29 19:02:24.954  1958  1997 I Timeline: Timeline: App_transition_ready time:24500784
06-29 19:02:25.063  1958  5255 E WindowManager: App trying to use insecure INPUT_FEATURE_NO_INPUT_CHANNEL flag. Ignoring
06-29 19:02:25.084  1958  5269 I Timeline: Timeline: App_transition_ready time:24500915
06-29 19:02:25.087  1958  5269 I Timeline: Timeline: App_transition_ready time:24500918
06-29 19:02:25.115  1958  1997 I Timeline: Timeline: App_transition_ready time:24500945
06-29 19:02:25.225  9422  9446 W BpBinder: Slow Binder: BpBinder transact took 957ms, interface=android.content.IContentProvider, code=1 oneway=false
06-29 19:02:25.375  1958  1997 I Timeline: Timeline: Activity_windows_visible id: ActivityRecord{b405adb u0 com.BHG.sharechat/.MainActivity t1076} time:24501205
06-29 19:02:25.377  1958  1997 I Timeline: Timeline: App_transition_stopped time:24501207
06-29 19:02:26.504  1958  2010 E NotificationService: Suppressing notification from package by user request.
06-29 19:02:28.842  9312  9312 I Timeline: Timeline: Activity_launch_request time:24504672
06-29 19:02:28.844  1958  5255 W ActivityTaskManager: aInfo is null for resolve intent: Intent { cmp=com.BHG.sharechat/.PostDetailActivity (has extras) }
06-29 19:02:28.844  1958  5255 W ActivityTaskManagerServiceInjector: Intent or aInfo is null!
06-29 19:02:28.844  1958  5255 I ActivityTaskManager: START u0 {cmp=com.BHG.sharechat/.PostDetailActivity (has extras)}from uid 10768
06-29 19:02:28.845  9312  9312 E AndroidRuntime: FATAL EXCEPTION: main
06-29 19:02:28.845  9312  9312 E AndroidRuntime: Process: com.BHG.sharechat, PID: 9312
06-29 19:02:28.845  9312  9312 E AndroidRuntime: android.content.ActivityNotFoundException: Unable to find explicit activity class {com.BHG.sharechat/com.BHG.sharechat.PostDetailActivity}; have you declared this activity in your AndroidManifest.xml?
06-29 19:02:28.845  9312  9312 E AndroidRuntime:        at android.app.Instrumentation.checkStartActivityResult(Instrumentation.java:2064)
06-29 19:02:28.845  9312  9312 E AndroidRuntime:        at android.app.Instrumentation.execStartActivity(Instrumentation.java:1720)
06-29 19:02:28.845  9312  9312 E AndroidRuntime:        at android.app.Activity.startActivityForResult(Activity.java:5258)
06-29 19:02:28.845  9312  9312 E AndroidRuntime:        at androidx.activity.ComponentActivity.startActivityForResult(ComponentActivity.java:780)
06-29 19:02:28.845  9312  9312 E AndroidRuntime:        at android.app.Activity.startActivityForResult(Activity.java:5216)
06-29 19:02:28.845  9312  9312 E AndroidRuntime:        at androidx.activity.ComponentActivity.startActivityForResult(ComponentActivity.java:761)
06-29 19:02:28.845  9312  9312 E AndroidRuntime:        at android.app.Activity.startActivity(Activity.java:5587)
06-29 19:02:28.845  9312  9312 E AndroidRuntime:        at android.app.Activity.startActivity(Activity.java:5555)
06-29 19:02:28.845  9312  9312 E AndroidRuntime:        at com.BHG.sharechat.PostAdapter.onBindViewHolder$lambda$0(PostAdapter.kt:35)
