06-29 18:57:34.700  1958  2022 I PackageManager: Un-granting permission android.permission.REQUEST_INSTALL_PACKAGES from package com.yablio.sendfilestotv (protectionLevel=66 flags=0x30c8be44)
06-29 18:57:34.700  1958  2022 I PackageManager: Un-granting permission android.permission.REQUEST_INSTALL_PACKAGES from package org.mozilla.firefox (protectionLevel=66 flags=0x38c83e44)
06-29 18:57:34.701  1958  2022 I PackageManager: Un-granting permission android.permission.SYSTEM_ALERT_WINDOW from package com.google.android.apps.translate (protectionLevel=1250 flags=0x34c9be44)
06-29 18:57:34.702  1958  2022 I PackageManager: Un-granting permission miui.permission.EXTRA_NETWORK from package com.miui.weather2 (protectionLevel=18 flags=0x30c9bec5)
06-29 18:57:34.702  1958  2022 I PackageManager: Un-granting permission com.miui.securitycenter.permission.SYSTEM_PERMISSION_DECLARE from package com.miui.weather2 (protectionLevel=18 flags=0x30c9bec5)
06-29 18:57:34.702  1958  2022 I PackageManager: Un-granting permission com.miui.bugreport.permission.DUMP_CACHED_LOG from package com.miui.weather2 (protectionLevel=2 flags=0x30c9bec5)
06-29 18:57:34.703  1958  2022 I PackageManager: Un-granting permission com.google.android.finsky.permission.GEARHEAD_SERVICE from package com.google.android.projection.gearhead (protectionLevel=18 flags=0x2888bec5)
06-29 18:57:34.703  1958  2022 I PackageManager: Un-granting permission android.permission.CHANGE_COMPONENT_ENABLED_STATE from package com.google.android.projection.gearhead (protectionLevel=18 flags=0x2888bec5)
06-29 18:57:34.703  1958  2022 I PackageManager: Un-granting permission android.permission.UPDATE_APP_OPS_STATS from package com.google.android.projection.gearhead (protectionLevel=274 flags=0x2888bec5)
06-29 18:57:34.703  1958  2022 I PackageManager: Un-granting permission android.permission.POWER_SAVER from package com.google.android.projection.gearhead (protectionLevel=18 flags=0x2888bec5)
06-29 18:57:34.703  1958  2022 I PackageManager: Un-granting permission android.permission.TETHER_PRIVILEGED from package com.google.android.projection.gearhead (protectionLevel=18 flags=0x2888bec5)
06-29 18:57:34.703  1958  2022 I PackageManager: Un-granting permission android.permission.INTERACT_ACROSS_PROFILES from package com.google.android.projection.gearhead (protectionLevel=18 flags=0x2888bec5)
06-29 18:57:34.703  1958  2022 I PackageManager: Un-granting permission android.permission.CAPTURE_SECURE_VIDEO_OUTPUT from package com.google.android.projection.gearhead (protectionLevel=2 flags=0x2888bec5)
06-29 18:57:34.703  1958  2022 I PackageManager: Un-granting permission android.permission.MANAGE_DOCUMENTS from package cn.xender (protectionLevel=262146 flags=0x30d83e44)
06-29 18:57:34.703  1958  2022 I PackageManager: Un-granting permission android.permission.MOUNT_UNMOUNT_FILESYSTEMS from package cn.xender (protectionLevel=18 flags=0x30d83e44)
06-29 18:57:34.703  1958  2022 I PackageManager: Un-granting permission android.permission.NETWORK_STACK from package cn.xender (protectionLevel=2 flags=0x30d83e44)
06-29 18:57:34.703  1958  2022 I PackageManager: Un-granting permission android.permission.SYSTEM_ALERT_WINDOW from package cn.xender (protectionLevel=1250 flags=0x30d83e44)
06-29 18:57:34.703  1958  2022 I PackageManager: Un-granting permission android.permission.WRITE_SETTINGS from package cn.xender (protectionLevel=1218 flags=0x30d83e44)
06-29 18:57:34.704  1958  2022 I PackageManager: Un-granting permission android.permission.CHANGE_CONFIGURATION from package cn.xender (protectionLevel=50 flags=0x30d83e44)
06-29 18:57:34.704  1958  2022 I PackageManager: Un-granting permission android.permission.REQUEST_INSTALL_PACKAGES from package cn.xender (protectionLevel=66 flags=0x30d83e44)
06-29 18:57:34.704  1958  2022 I PackageManager: Un-granting permission com.android.launcher.permission.READ_SETTINGS from package cn.xender (protectionLevel=18 flags=0x30d83e44)
06-29 18:57:34.704  1958  2022 I PackageManager: Un-granting permission com.android.launcher.permission.WRITE_SETTINGS from package cn.xender (protectionLevel=18 flags=0x30d83e44)
06-29 18:57:34.704  1958  2022 I PackageManager: Un-granting permission com.google.android.googleapps.permission.GOOGLE_AUTH.mail from package com.xiaomi.calendar (protectionLevel=2 flags=0x38c9bec5)
06-29 18:57:34.706  1958  2022 I PackageManager: Un-granting permission android.permission.SYSTEM_ALERT_WINDOW from package com.iprototypes.volume (protectionLevel=1250 flags=0x3088be44)
06-29 18:57:34.706  1958  2022 I PackageManager: Un-granting permission android.permission.REQUEST_INSTALL_PACKAGES from package com.wondershare.drfone.link (protectionLevel=66 flags=0x30c8be44)
06-29 18:57:34.706  1958  2022 I PackageManager: Un-granting permission android.permission.ACCESS_MOCK_LOCATION from package com.wondershare.drfone.link (protectionLevel=2 flags=0x30c8be44)
06-29 18:57:34.707  1958  2022 I PackageManager: Un-granting permission android.permission.WRITE_SETTINGS from package com.wondershare.drfone.link (protectionLevel=1218 flags=0x30c8be44)
06-29 18:57:34.707  1958  2022 I PackageManager: Un-granting permission android.permission.DEVICE_POWER from package com.wondershare.drfone.link (protectionLevel=2 flags=0x30c8be44)
06-29 18:57:34.707  1958  2022 I PackageManager: Un-granting permission android.permission.MOUNT_UNMOUNT_FILESYSTEMS from package com.wondershare.drfone.link (protectionLevel=18 flags=0x30c8be44)
06-29 18:57:34.707  1958  2022 I PackageManager: Un-granting permission android.permission.INSTALL_PACKAGES from package com.wondershare.drfone.link (protectionLevel=18 flags=0x30c8be44)
06-29 18:57:34.707  1958  2022 I PackageManager: Un-granting permission android.permission.DELETE_PACKAGES from packagecom.wondershare.drfone.link (protectionLevel=18 flags=0x30c8be44)
06-29 18:57:34.707  1958  2022 I PackageManager: Un-granting permission android.permission.CLEAR_APP_CACHE from packagecom.wondershare.drfone.link (protectionLevel=18 flags=0x30c8be44)
06-29 18:57:34.707  1958  2022 I PackageManager: Un-granting permission com.android.launcher.permission.READ_SETTINGS from package com.wondershare.drfone.link (protectionLevel=18 flags=0x30c8be44)
06-29 18:57:34.707  1958  2022 I PackageManager: Un-granting permission android.permission.UPDATE_DEVICE_STATS from package com.wondershare.drfone.link (protectionLevel=18 flags=0x30c8be44)
06-29 18:57:34.707  1958  2022 I PackageManager: Un-granting permission android.permission.MODIFY_PHONE_STATE from package com.wondershare.drfone.link (protectionLevel=18 flags=0x30c8be44)
06-29 18:57:34.708  1958  2022 I PackageManager: Un-granting permission android.permission.SYSTEM_ALERT_WINDOW from package info.kfsoft.force.rotation (protectionLevel=1250 flags=0x20883e44)
06-29 18:57:34.708  1958  2022 I PackageManager: Un-granting permission android.permission.PACKAGE_USAGE_STATS from package info.kfsoft.force.rotation (protectionLevel=114 flags=0x20883e44)
06-29 18:57:34.709  1958  2022 I PackageManager: Un-granting permission com.xiaomi.permission.CLOUD_MANAGER from package com.mipay.wallet.in (protectionLevel=18 flags=0x38c83e45)
06-29 18:57:34.709  1958  2022 I PackageManager: Un-granting permission android.permission.REQUEST_INSTALL_PACKAGES from package com.mipay.wallet.in (protectionLevel=66 flags=0x38c83e45)
06-29 18:57:34.710  1958  2022 I PackageManager: Un-granting permission android.permission.READ_PRIVILEGED_PHONE_STATE from package com.miui.core (protectionLevel=18 flags=0x28883e05)
06-29 18:57:34.710  1958  2022 I PackageManager: Un-granting permission android.permission.INTERACT_ACROSS_PROFILES from package com.google.android.inputmethod.latin (protectionLevel=18 flags=0x20cabec5)
06-29 18:57:34.848  1958  2022 W FileUtils: Slow Operation: fsync took 104ms
06-29 18:57:34.884  5140  5301 W BpBinder: Slow Binder: BpBinder transact took 484ms, interface=android.content.pm.IPackageManager, code=37 oneway=false
06-29 18:57:34.885 25324 30771 W BpBinder: Slow Binder: BpBinder transact took 379ms, interface=android.app.IActivityManager, code=113 oneway=false
06-29 18:57:34.886   780   780 W BpBinder: Slow Binder: BpBinder transact took 471ms, interface=android.app.IActivityManager, code=4 oneway=false
06-29 18:57:34.933  1958  2011 I ActivityManager: Start proc 4023:com.miui.yellowpage/u0a73 for service {com.miui.yellowpage/com.miui.yellowpage.job.YellowPageJobService} caller=android
06-29 18:57:35.441  4023  4023 W SystemConfig: No directory /product_services/etc/sysconfig, skipping
06-29 18:57:35.442  4023  4023 W SystemConfig: No directory /product_services/etc/permissions, skipping
06-29 18:57:35.526  1958  5255 I ActivityManager: Killing 679:com.google.android.webview:webview_service/u0a192 (adj 955): empty #17
06-29 18:57:41.415  1958  2022 W BpBinder: Slow Binder: BpBinder transact took 6516ms, interface=android.os.IInstalld, code=14 oneway=false
06-29 18:57:41.416  1958  2022 W Looper  : Slow Looper PackageManager: Long Msg: seq=693 plan=18:57:34.393  late=0ms wall=7023ms running=179ms runnable=10ms io=282ms h=com.android.server.pm.PackageManagerService$PackageHandler c=com.android.server.pm.-$$Lambda$PackageManagerService$6_Yp7BSB4TgtrWSoFlODKgHIvZY
06-29 18:57:41.416  1958  2022 I InstallationStatistic: com.BHG.sharechat|null|8385|497|37|781|0|6520
06-29 18:57:41.416  1958  2022 W PackageManager: Cannot whitelist unknown permission: android.permission.ACCESS_ADSERVICES_ATTRIBUTION
06-29 18:57:41.416  1958  2022 W PackageManager: Cannot whitelist unknown permission: android.permission.ACCESS_ADSERVICES_AD_ID
06-29 18:57:41.450  1958  2022 I ActivityManager: Force stopping com.BHG.sharechat appid=10768 user=0: pkg removed
06-29 18:57:41.451  1958  2022 I AutoStartManagerService: MIUILOG- Reject RestartService packageName :com.BHG.sharechatuid : 10768
06-29 18:57:41.452 32236  3882 W BpBinder: Slow Binder: BpBinder transact took 9027ms, interface=android.content.pm.IPackageManager, code=1598246212 oneway=false
06-29 18:57:41.482  1958  2010 W BroadcastQueue: Background execution not allowed: receiving Intent { act=android.intent.action.PACKAGE_REMOVED dat=package:com.BHG.sharechat flg=0x4000010 (has extras) } to com.lbe.security.miui/com.lbe.security.service.BootReceiver
06-29 18:57:41.510  1958  5090 W LocationProviderProxy: Odd, no component found for service com.android.location.service.v3.NetworkLocationProvider
06-29 18:57:41.518  1958  2010 W BroadcastQueue: Background execution not allowed: receiving Intent { act=android.intent.action.PACKAGE_REMOVED dat=package:com.BHG.sharechat flg=0x4000010 (has extras) } to com.android.settings/.search.provider.UpdateReceiver
06-29 18:57:41.518  1958  2132 I MiuiCompatModePackages: package com.BHG.sharechat updated, removing config
06-29 18:57:41.541  1958  2010 W BroadcastQueue: Background execution not allowed: receiving Intent { act=android.intent.action.PACKAGE_REMOVED dat=package:com.BHG.sharechat flg=0x4000010 (has extras) } to com.android.vending/com.google.android.finsky.packagemonitor.impl.PackageMonitorReceiverImpl$RegisteredReceiver
06-29 18:57:41.542  1958  2011 I ActivityManager: Start proc 4088:com.android.keychain/1000 for service {com.android.keychain/com.android.keychain.KeyChainService} caller=android
06-29 18:57:41.554  1958  2010 W BroadcastQueue: Background execution not allowed: receiving Intent { act=android.intent.action.PACKAGE_REMOVED dat=package:com.BHG.sharechat flg=0x4000010 (has extras) } to com.android.vending/com.google.android.finsky.packagemonitor.backgroundimpl.BackgroundPackageMonitorReceiverImpl$RegisteredReceiver
06-29 18:57:41.555  1958  2010 W BroadcastQueue: Background execution not allowed: receiving Intent { act=android.intent.action.PACKAGE_REMOVED dat=package:com.BHG.sharechat flg=0x4000010 (has extras) } to com.android.vending/com.google.android.finsky.instantapps.appmanagement.InstantAppRemoveMonitor
06-29 18:57:41.559  1958  2010 W BroadcastQueue: Background execution not allowed: receiving Intent { act=android.intent.action.PACKAGE_REMOVED dat=package:com.BHG.sharechat flg=0x4000010 (has extras) } to com.google.android.apps.maps/com.google.android.libraries.social.peoplekit.thirdparty.viewcontrollers.ThirdPartyReceiver
06-29 18:57:41.559  1958  2010 W BroadcastQueue: Background execution not allowed: receiving Intent { act=android.intent.action.PACKAGE_REMOVED dat=package:com.BHG.sharechat flg=0x4000010 (has extras) } to com.google.android.gms/.chimera.GmsIntentOperationService$PersistentTrustedReceiver
06-29 18:57:41.559  1958  2010 W BroadcastQueue: Background execution not allowed: receiving Intent { act=android.intent.action.PACKAGE_REMOVED dat=package:com.BHG.sharechat flg=0x4000010 (has extras) } to com.google.android.gms/.games.chimera.GamesSystemBroadcastReceiverProxy
06-29 18:57:41.560  1958  2010 W BroadcastQueue: Background execution not allowed: receiving Intent { act=android.intent.action.PACKAGE_REMOVED dat=package:com.BHG.sharechat flg=0x4000010 (has extras) } to com.miui.audioeffect/com.android.musicfx.Compatibility$Receiver
06-29 18:57:41.565  1958  2010 W BroadcastQueue: Background execution not allowed: receiving Intent { act=android.intent.action.PACKAGE_REMOVED dat=package:com.BHG.sharechat flg=0x4000010 (has extras) } to com.xiaomi.discover/com.xiaomi.market.data.MyPackageMonitor
06-29 18:57:41.565  1958  2010 W BroadcastQueue: Background execution not allowed: receiving Intent { act=android.intent.action.PACKAGE_REMOVED dat=package:com.BHG.sharechat flg=0x4000010 (has extras) } to com.xiaomi.mipicks/com.xiaomi.market.data.MyPackageMonitor
06-29 18:57:41.566  1958  2010 W BroadcastQueue: Background execution not allowed: receiving Intent { act=android.intent.action.PACKAGE_REMOVED dat=package:com.BHG.sharechat flg=0x4000010 (has extras) } to com.xiaomi.misettings/.usagestats.AppTimerReceiver
06-29 18:57:41.566  1958  2010 W BroadcastQueue: Background execution not allowed: receiving Intent { act=android.intent.action.PACKAGE_REMOVED dat=package:com.BHG.sharechat flg=0x4000010 (has extras) } to app.revanced.android.gms/org.microg.gms.gcm.UnregisterReceiver
06-29 18:57:41.567  1958  2010 W BroadcastQueue: Background execution not allowed: receiving Intent { act=android.intent.action.PACKAGE_REMOVED dat=package:com.BHG.sharechat flg=0x4000010 (has extras) } to com.google.android.apps.photos/com.google.android.libraries.social.peoplekit.thirdparty.viewcontrollers.ThirdPartyReceiver
06-29 18:57:41.567  1958  2010 W BroadcastQueue: Background execution not allowed: receiving Intent { act=android.intent.action.PACKAGE_REMOVED dat=package:com.BHG.sharechat flg=0x4000010 (has extras) } to com.jio.myjio/com.inn.passivesdk.receiver.PackageReceiver
06-29 18:57:41.567  1958  2010 W BroadcastQueue: Background execution not allowed: receiving Intent { act=android.intent.action.PACKAGE_ADDED dat=package:com.BHG.sharechat flg=0x4000010 (has extras) } to com.lbe.security.miui/com.lbe.security.service.BootReceiver
06-29 18:57:41.568  1958  2010 W BroadcastQueue: Background execution not allowed: receiving Intent { act=android.intent.action.PACKAGE_ADDED dat=package:com.BHG.sharechat flg=0x4000010 (has extras) } to com.msf.kbank.mobile/com.cv.sdk.receiver.EventReceiver
06-29 18:57:41.568  1958  2010 W BroadcastQueue: Background execution not allowed: receiving Intent { act=android.intent.action.PACKAGE_ADDED dat=package:com.BHG.sharechat flg=0x4000010 (has extras) } to com.google.android.packageinstaller/com.android.packageinstaller.PackageInstalledReceiver
06-29 18:57:41.568  1958  2010 W BroadcastQueue: Background execution not allowed: receiving Intent { act=android.intent.action.PACKAGE_ADDED dat=package:com.BHG.sharechat flg=0x4000010 (has extras) } to com.android.settings/.search.provider.UpdateReceiver
06-29 18:57:41.569  1958  2010 W BroadcastQueue: Background execution not allowed: receiving Intent { act=android.intent.action.PACKAGE_ADDED dat=package:com.BHG.sharechat flg=0x4000010 (has extras) } to com.android.vending/com.google.android.finsky.packagemonitor.impl.PackageMonitorReceiverImpl$RegisteredReceiver
06-29 18:57:41.569  1958  2010 W BroadcastQueue: Background execution not allowed: receiving Intent { act=android.intent.action.PACKAGE_ADDED dat=package:com.BHG.sharechat flg=0x4000010 (has extras) } to com.android.vending/com.google.android.finsky.packagemonitor.backgroundimpl.BackgroundPackageMonitorReceiverImpl$RegisteredReceiver
06-29 18:57:41.572  1958  2010 W BroadcastQueue: Background execution not allowed: receiving Intent { act=android.intent.action.PACKAGE_ADDED dat=package:com.BHG.sharechat flg=0x4000010 (has extras) } to com.facebook.appmanager/com.facebook.oxygen.common.packages.event.manifest.ManifestPackageEventReceiver
06-29 18:57:41.572  1958  2010 W BroadcastQueue: Background execution not allowed: receiving Intent { act=android.intent.action.PACKAGE_ADDED dat=package:com.BHG.sharechat flg=0x4000010 (has extras) } to com.google.android.gms/.chimera.GmsIntentOperationService$PersistentTrustedReceiver
06-29 18:57:41.574  1958  2010 W BroadcastQueue: Background execution not allowed: receiving Intent { act=android.intent.action.PACKAGE_ADDED dat=package:com.BHG.sharechat flg=0x4000010 (has extras) } to com.google.android.gms/.games.chimera.GamesSystemBroadcastReceiverProxy
06-29 18:57:41.581  1958  2010 W BroadcastQueue: Background execution not allowed: receiving Intent { act=android.intent.action.PACKAGE_ADDED dat=package:com.BHG.sharechat flg=0x4000010 (has extras) } to com.google.android.gms/.gass.chimera.PackageChangeBroadcastReceiver
06-29 18:57:41.582  1958  2010 W BroadcastQueue: Background execution not allowed: receiving Intent { act=android.intent.action.PACKAGE_ADDED dat=package:com.BHG.sharechat flg=0x4000010 (has extras) } to com.miui.audioeffect/com.android.musicfx.Compatibility$Receiver
06-29 18:57:41.582  1958  2010 W BroadcastQueue: Background execution not allowed: receiving Intent { act=android.intent.action.PACKAGE_ADDED dat=package:com.BHG.sharechat flg=0x4000010 (has extras) } to com.xiaomi.discover/com.xiaomi.market.data.MyPackageMonitor
06-29 18:57:41.583  1958  2010 W BroadcastQueue: Background execution not allowed: receiving Intent { act=android.intent.action.PACKAGE_ADDED dat=package:com.BHG.sharechat flg=0x4000010 (has extras) } to com.xiaomi.mipicks/com.xiaomi.market.data.MyPackageMonitor
06-29 18:57:41.583  1958  2010 W BroadcastQueue: Background execution not allowed: receiving Intent { act=android.intent.action.PACKAGE_ADDED dat=package:com.BHG.sharechat flg=0x4000010 (has extras) } to com.xiaomi.misettings/.usagestats.AppTimerReceiver
06-29 18:57:41.584  1958  2010 W BroadcastQueue: Background execution not allowed: receiving Intent { act=android.intent.action.PACKAGE_ADDED dat=package:com.BHG.sharechat flg=0x4000010 (has extras) } to com.dv.adm/com.appodeal.ads.AppodealPackageAddedReceiver
06-29 18:57:41.584  1958  2010 W BroadcastQueue: Background execution not allowed: receiving Intent { act=android.intent.action.PACKAGE_ADDED dat=package:com.BHG.sharechat flg=0x4000010 (has extras) } to com.jio.myjio/com.inn.passivesdk.receiver.PackageReceiver
06-29 18:57:41.645  1958  2011 I ActivityManager: Start proc 4114:com.miui.global.packageinstaller/u0a162 for service {com.miui.global.packageinstaller/com.miui.global.packageinstaller.service.ScanDispatchService} caller=com.miui.securitycenter
06-29 18:57:42.217  1503  1559 I Ad      : isPersonalizedAdEnabled getAdSettings: 3
06-29 18:57:42.237  1958  5270 I ActivityManager: Killing 32145:com.android.chrome/u0a193 (adj 955): empty #17
06-29 18:57:42.265  1958  2011 I ActivityManager: Start proc 4171:com.android.vending:background/u0a175 for broadcast {com.android.vending/com.google.android.finsky.packagemonitor.backgroundimpl.BackgroundPackageMonitorReceiverImpl$RegisteredReceiver} caller=null
06-29 18:57:42.639  1958  1996 W Looper  : Slow Looper android.display: Long Msg: seq=116318 plan=18:57:41.470  late=13ms wall=1155ms running=18ms runnable=13ms io=698ms h=com.android.server.input.InputManagerService$InputManagerHandler c=android.app.-$$Lambda$LoadedApk$ReceiverDispatcher$Args$_BumDX2UKsnxLVrE6UJsJZkotuA
06-29 18:57:42.759  4114  4238 I Ad      : isPersonalizedAdEnabled getAdSettings: 3
06-29 18:57:42.764  4114  4114 W Looper  : Slow Looper main: Long Msg: seq=2 plan=18:57:41.676  late=3ms wall=1083ms running=68ms runnable=31ms io=843ms h=android.app.ActivityThread$H w=110
06-29 18:57:42.948  1958  2066 I ActivityManager: Killing 2339:com.miui.msa.global:ui/u0a123 (adj 955): empty #17
06-29 18:57:42.972 25324 25324 I Timeline: Timeline: Activity_launch_request time:24218802
06-29 18:57:42.974  1958  2348 I ActivityTaskManager: START u0 {act=android.intent.action.MAIN cat=[android.intent.category.LAUNCHER] flg=0x10200000 cmp=com.BHG.sharechat/.SplashActivity bnds=[71,757][247,933] (has extras)} from uid 10094
06-29 18:57:43.057  1958  1994 W InputEventReceiver: App Input: Dispatching InputEvent took 156ms in main thread! (MotionEvent: event_seq=109276, seq=115905, action=ACTION_DOWN)
06-29 18:57:43.058  1958  1994 W InputEventReceiver: App Input: 329ms before dispatchInputEvent (MotionEvent: event_seq=109281, seq=115937, action=ACTION_UP)
06-29 18:57:43.238  4114  4307 W FileUtils: Slow Operation: fsync took 118ms
06-29 18:57:43.269 25324 25324 W BpBinder: Slow Binder: BpBinder transact took 297ms, interface=android.app.IActivityTaskManager, code=1 oneway=false
06-29 18:57:43.273 25324 25324 W InputEventReceiver: App Input: Dispatching InputEvent took 318ms in main thread! (MotionEvent: event_seq=10190, seq=115934, action=ACTION_UP)
06-29 18:57:43.274 25324 25324 W Looper  : Slow Looper main: doFrame is 370ms late
06-29 18:57:43.275 25324 25324 W ActivityThread: SCHED: com.miui.home/.launcher.Launcher [59, r=16ms, a=11ms, w=8990ms]
06-29 18:57:43.293  4114  4283 W BpBinder: Slow Binder: BpBinder transact took 296ms, interface=android.app.IActivityManager, code=22 oneway=false
06-29 18:57:43.293 13482 32013 W BpBinder: Slow Binder: BpBinder transact took 286ms, interface=android.app.IActivityManager, code=10 oneway=false
06-29 18:57:43.294  1958  1994 W Looper  : Slow dispatch took 236ms android.ui h=com.android.server.am.ActivityManagerService$UiHandler c=null m=53
06-29 18:57:43.294  1958  1994 W Looper  : Slow delivery took 223ms android.ui h=com.android.server.wm.BarController$BarHandler c=com.android.server.wm.-$$Lambda$StatusBarController$1$x4q7e0Eysf0ynMSdT1A-JN_ucuI@ab8a170 m=0
06-29 18:57:43.300  1958  1994 W Looper  : Drained
06-29 18:57:43.342  1958  1958 W Looper  : Slow Looper main: Long Msg: seq=139684 plan=18:57:41.492  late=74ms wall=1776ms running=66ms runnable=19ms io=735ms h=android.app.ActivityThread$H c=android.app.-$$Lambda$LoadedApk$ReceiverDispatcher$Args$_BumDX2UKsnxLVrE6UJsJZkotuA
06-29 18:57:43.342  1958  1958 W Looper  : Slow dispatch took 1776ms main h=android.app.ActivityThread$H c=android.app.-$$Lambda$LoadedApk$ReceiverDispatcher$Args$_BumDX2UKsnxLVrE6UJsJZkotuA@152a493 m=0
06-29 18:57:43.342  1958  1958 W Looper  : Slow delivery took 1851ms main h=android.app.ActivityThread$H c=android.app.-$$Lambda$LoadedApk$ReceiverDispatcher$Args$_BumDX2UKsnxLVrE6UJsJZkotuA@b070cd0 m=0
06-29 18:57:43.343  1958  2011 I ActivityManager: Start proc 4452:com.BHG.sharechat/u0a768 for activity {com.BHG.sharechat/com.BHG.sharechat.SplashActivity} caller=com.miui.home
06-29 18:57:43.489  1958  1997 I Timeline: Timeline: App_transition_ready time:24219319
06-29 18:57:43.693  1958  1997 I Timeline: Timeline: App_transition_stopped time:24219523
06-29 18:57:43.707  4114  4259 W BpBinder: Slow Binder: BpBinder transact took 873ms, interface=android.content.IContentProvider, code=1 oneway=false
06-29 18:57:43.796  1958  5269 E WindowManager: App trying to use insecure INPUT_FEATURE_NO_INPUT_CHANNEL flag. Ignoring
06-29 18:57:43.801  4452  4452 W Looper  : Slow Looper main: Activity com.BHG.sharechat/.SplashActivity is 424ms late (wall=0ms running=0ms ClientTransaction{ callbacks=[android.app.servertransaction.TopResumedActivityChangeItem] }) because of 3 msg, msg 2 took 139ms (seq=2 running=65ms runnable=13ms io=30ms late=2ms h=android.app.ActivityThread$H w=110), msg 3 took 283ms (seq=3 running=147ms runnable=32ms io=54ms late=140ms h=android.app.ActivityThread$H w=159)
06-29 18:57:43.990  4171  4171 W Looper  : Slow Looper main: Long Msg: seq=2 plan=18:57:42.301  late=1ms wall=1688ms running=259ms runnable=40ms io=863ms h=android.app.ActivityThread$H w=110
06-29 18:57:44.228  1958  1997 I Timeline: Timeline: Activity_windows_visible id: ActivityRecord{a054707 u0 com.BHG.sharechat/.SplashActivity t1070} time:24220058
06-29 18:57:44.243  1958  1958 W Looper  : Slow dispatch took 900ms main h=android.app.ActivityThread$H c=android.app.-$$Lambda$LoadedApk$ReceiverDispatcher$Args$_BumDX2UKsnxLVrE6UJsJZkotuA@d4db777 m=0
06-29 18:57:44.243  1958  1958 I Telecom : DefaultDialerCache: Refreshing default dialer for user 0: now com.android.contacts: DDC.oR@AoU
06-29 18:57:44.255  1958  1958 E LoadedApk: Unable to instantiate appComponentFactory
06-29 18:57:44.255  1958  1958 E LoadedApk: java.lang.ClassNotFoundException: Didn't find class "androidx.core.app.CoreComponentFactory" on path: DexPathList[[],nativeLibraryDirectories=[/data/app/com.android.chrome-_g7rPM_rJ9cVwzpzpXei3w==/lib/arm64, /data/app/com.android.chrome-_g7rPM_rJ9cVwzpzpXei3w==/base.apk!/lib/arm64-v8a, /data/app/com.google.android.trichromelibrary_715111533-WEgYwDsFSJMAb08rwT3INg==/base.apk!/lib/arm64-v8a, /system/lib64, /system/product/lib64]]
06-29 18:57:44.255  1958  1958 E LoadedApk:     at dalvik.system.BaseDexClassLoader.findClass(BaseDexClassLoader.java:230)
06-29 18:57:44.255  1958  1958 E LoadedApk:     at java.lang.ClassLoader.loadClass(ClassLoader.java:379)
06-29 18:57:44.255  1958  1958 E LoadedApk:     at java.lang.ClassLoader.loadClass(ClassLoader.java:312)
06-29 18:57:44.255  1958  1958 E LoadedApk:     at android.app.LoadedApk.createAppFactory(LoadedApk.java:258)
06-29 18:57:44.255  1958  1958 E LoadedApk:     at android.app.LoadedApk.updateApplicationInfo(LoadedApk.java:372)
06-29 18:57:44.255  1958  1958 E LoadedApk:     at android.app.ActivityThread.handleDispatchPackageBroadcast(ActivityThread.java:6072)
06-29 18:57:44.255  1958  1958 E LoadedApk:     at android.app.ActivityThread$H.handleMessage(ActivityThread.java:1972)
06-29 18:57:44.255  1958  1958 E LoadedApk:     at android.os.Handler.dispatchMessage(Handler.java:107)
06-29 18:57:44.255  1958  1958 E LoadedApk:     at android.os.Looper.loop(Looper.java:224)
06-29 18:57:44.255  1958  1958 E LoadedApk:     at com.android.server.SystemServer.run(SystemServer.java:563)
06-29 18:57:44.255  1958  1958 E LoadedApk:     at com.android.server.SystemServer.main(SystemServer.java:367)
06-29 18:57:44.255  1958  1958 E LoadedApk:     at java.lang.reflect.Method.invoke(Native Method)
06-29 18:57:44.255  1958  1958 E LoadedApk:     at com.android.internal.os.RuntimeInit$MethodAndArgsCaller.run(RuntimeInit.java:539)
06-29 18:57:44.255  1958  1958 E LoadedApk:     at com.android.internal.os.ZygoteInit.main(ZygoteInit.java:928)
06-29 18:57:44.257  1958  1958 E LoadedApk: Unable to instantiate appComponentFactory
06-29 18:57:44.257  1958  1958 E LoadedApk: java.lang.ClassNotFoundException: Didn't find class "androidx.core.app.CoreComponentFactory" on path: DexPathList[[],nativeLibraryDirectories=[/data/app/com.android.chrome-_g7rPM_rJ9cVwzpzpXei3w==/lib/arm64, /data/app/com.android.chrome-_g7rPM_rJ9cVwzpzpXei3w==/base.apk!/lib/arm64-v8a, /data/app/com.google.android.trichromelibrary_715111533-WEgYwDsFSJMAb08rwT3INg==/base.apk!/lib/arm64-v8a, /system/lib64, /system/product/lib64]]
06-29 18:57:44.257  1958  1958 E LoadedApk:     at dalvik.system.BaseDexClassLoader.findClass(BaseDexClassLoader.java:230)
06-29 18:57:44.257  1958  1958 E LoadedApk:     at java.lang.ClassLoader.loadClass(ClassLoader.java:379)
06-29 18:57:44.257  1958  1958 E LoadedApk:     at java.lang.ClassLoader.loadClass(ClassLoader.java:312)
06-29 18:57:44.257  1958  1958 E LoadedApk:     at android.app.LoadedApk.createAppFactory(LoadedApk.java:258)
06-29 18:57:44.257  1958  1958 E LoadedApk:     at android.app.LoadedApk.updateApplicationInfo(LoadedApk.java:372)
06-29 18:57:44.257  1958  1958 E LoadedApk:     at android.app.ActivityThread.handleDispatchPackageBroadcast(ActivityThread.java:6072)
06-29 18:57:44.257  1958  1958 E LoadedApk:     at android.app.ActivityThread$H.handleMessage(ActivityThread.java:1972)
06-29 18:57:44.257  1958  1958 E LoadedApk:     at android.os.Handler.dispatchMessage(Handler.java:107)
06-29 18:57:44.257  1958  1958 E LoadedApk:     at android.os.Looper.loop(Looper.java:224)
06-29 18:57:44.257  1958  1958 E LoadedApk:     at com.android.server.SystemServer.run(SystemServer.java:563)
06-29 18:57:44.257  1958  1958 E LoadedApk:     at com.android.server.SystemServer.main(SystemServer.java:367)
06-29 18:57:44.257  1958  1958 E LoadedApk:     at java.lang.reflect.Method.invoke(Native Method)
06-29 18:57:44.257  1958  1958 E LoadedApk:     at com.android.internal.os.RuntimeInit$MethodAndArgsCaller.run(RuntimeInit.java:539)
06-29 18:57:44.257  1958  1958 E LoadedApk:     at com.android.internal.os.ZygoteInit.main(ZygoteInit.java:928)
06-29 18:57:44.292  1958  1958 W Looper  : Drained
06-29 18:57:44.625  1958  2348 W BroadcastQueue: Background execution not allowed: receiving Intent { act=android.intent.action.PACKAGE_REPLACED dat=package:com.BHG.sharechat flg=0x4000010 (has extras) } to com.facebook.appmanager/com.facebook.oxygen.common.packages.event.manifest.ManifestPackageEventReceiver
06-29 18:57:44.627  1958  2010 W BroadcastQueue: Background execution not allowed: receiving Intent { act=android.intent.action.PACKAGE_REPLACED dat=package:com.BHG.sharechat flg=0x4000010 (has extras) } to com.google.android.gms/.chimera.GmsIntentOperationService$PersistentTrustedReceiver
06-29 18:57:44.627  1958  2010 W BroadcastQueue: Background execution not allowed: receiving Intent { act=android.intent.action.PACKAGE_REPLACED dat=package:com.BHG.sharechat flg=0x4000010 (has extras) } to com.google.android.gms/.gass.chimera.PackageChangeBroadcastReceiver
06-29 18:57:44.627  1958  2010 W BroadcastQueue: Background execution not allowed: receiving Intent { act=android.intent.action.PACKAGE_REPLACED dat=package:com.BHG.sharechat flg=0x4000010 (has extras) } to com.miui.audioeffect/com.android.musicfx.Compatibility$Receiver
06-29 18:57:44.627  1958  2010 W BroadcastQueue: Background execution not allowed: receiving Intent { act=android.intent.action.PACKAGE_REPLACED dat=package:com.BHG.sharechat flg=0x4000010 (has extras) } to com.miui.notes/com.miui.floatwindow.BootBroadcastReceiver
06-29 18:57:44.627  1958  2010 W BroadcastQueue: Background execution not allowed: receiving Intent { act=android.intent.action.PACKAGE_REPLACED dat=package:com.BHG.sharechat flg=0x4000010 (has extras) } to com.google.android.apps.photos/.account.full.FetchAccountPropertiesAppUpgradeBroadcastReceiver
06-29 18:57:44.627  1958  2010 W BroadcastQueue: Background execution not allowed: receiving Intent { act=android.intent.action.PACKAGE_REPLACED dat=package:com.BHG.sharechat flg=0x4000010 (has extras) } to com.google.android.apps.photos/.account.full.SyncAccountsForLoginBroadcastReceiver
06-29 18:57:44.628  1958  2010 W BroadcastQueue: Background execution not allowed: receiving Intent { act=android.intent.action.PACKAGE_REPLACED dat=package:com.BHG.sharechat flg=0x4000010 (has extras) } to com.google.android.apps.photos/.notificationchannels.AppUpdateBroadcastReceiver
06-29 18:57:44.628  1958  2010 W BroadcastQueue: Background execution not allowed: receiving Intent { act=android.intent.action.PACKAGE_REPLACED dat=package:com.BHG.sharechat flg=0x4000010 (has extras) } to com.jio.myjio/com.inn.passivesdk.receiver.PackageReceiver
06-29 18:57:44.998  1958  2011 I ActivityManager: Start proc 4729:com.google.android.webview:sandboxed_process0:org.chromium.content.app.SandboxedProcessService0:0/u0i49 for  {com.miui.global.packageinstaller/org.chromium.content.app.SandboxedProcessService0:0} caller=com.miui.global.packageinstaller
06-29 18:57:45.066  1958  5269 I ActivityManager: Killing 29666:com.google.process.gservices/u0a185 (adj 955): empty #17
06-29 18:57:45.469  1958  2011 I ActivityManager: Start proc 4892:com.google.android.webview:webview_service/u0a192 forservice {com.google.android.webview/org.chromium.android_webview.services.ComponentsProviderService} caller=com.miui.global.packageinstaller
06-29 18:57:45.653  1958  2645 I ActivityManager: Killing 1671:com.miui.analytics/u0a105 (adj 955): empty #17
06-29 18:57:45.668  4114  4114 W Looper  : Slow Looper main: Long Msg: seq=20 plan=18:57:44.054  late=0ms wall=1613ms running=457ms runnable=10ms io=996ms h=com.google.android.gms.ads.internal.util.f c=com.google.android.gms.ads.internal.js.r
06-29 18:57:45.693  1958  2645 W ActivityManager: Scheduling restart of crashed service com.miui.analytics/.onetrack.OneTrackService in 1000ms
06-29 18:57:46.095  1958  2011 I ActivityManager: Start proc 5103:com.android.chrome/u0a193 for service {com.android.chrome/org.chromium.chrome.browser.customtabs.CustomTabsConnectionService} caller=com.miui.global.packageinstaller
06-29 18:57:46.592  1958  5269 I ActivityManager: Killing 1503:com.xiaomi.mipicks/u0a127 (adj 965): empty #17
06-29 18:57:46.777  4452  4452 I Timeline: Timeline: Activity_launch_request time:24222607
06-29 18:57:46.778  1958  5269 I ActivityTaskManager: START u0 {cmp=com.BHG.sharechat/.AuthActivity} from uid 10768
06-29 18:57:46.795  4452  4452 W ActivityThread: SCHED: com.BHG.sharechat/.SplashActivity [67, r=37ms, a=18ms, w=3012ms]
06-29 18:57:46.798  1958  1979 I ActivityTaskManager: The Process com.BHG.sharechat Already Exists in BG. So sending its PID: 4452
06-29 18:57:46.805  1958  1979 I Timeline: Timeline: App_transition_ready time:24222635
06-29 18:57:46.946  1958  2645 I Timeline: Timeline: App_transition_ready time:24222776
06-29 18:57:47.024  4452  4452 I Timeline: Timeline: Activity_launch_request time:24222854
06-29 18:57:47.025  1958  2645 I ActivityTaskManager: START u0 {cmp=com.BHG.sharechat/.MainActivity} from uid 10768
06-29 18:57:47.036  1958  2645 I ActivityTaskManager: The Process com.BHG.sharechat Already Exists in BG. So sending its PID: 4452
06-29 18:57:47.040  1958  2645 I Timeline: Timeline: App_transition_ready time:24222870
06-29 18:57:47.234  1958  2645 E WindowManager: App trying to use insecure INPUT_FEATURE_NO_INPUT_CHANNEL flag. Ignoring
06-29 18:57:47.246  1958  2645 I Timeline: Timeline: App_transition_ready time:24223076
06-29 18:57:47.247  1958  2645 I Timeline: Timeline: App_transition_ready time:24223078
06-29 18:57:47.321  1958  1997 I Timeline: Timeline: App_transition_ready time:24223151
06-29 18:57:47.587  1958  1997 I Timeline: Timeline: Activity_windows_visible id: ActivityRecord{d726224 u0 com.BHG.sharechat/.MainActivity t1070} time:24223417
06-29 18:57:47.588  1958  1997 I Timeline: Timeline: App_transition_stopped time:24223419
06-29 18:57:51.094  1958  2011 I ActivityManager: Start proc 6250:com.google.process.gservices/u0a185 for content provider {com.google.android.gsf/com.google.android.gsf.gservices.GservicesProvider} caller=com.android.vending
06-29 18:57:51.117  1958  2645 I ActivityManager: Killing 2630:com.whatsapp/u0a762 (adj 965): empty #17
06-29 18:57:51.202  1958  1996 W ActivityManager: setHasOverlayUi called on unknown pid: 2630
06-29 18:57:51.335  4171  6215 W BpBinder: Slow Binder: BpBinder transact took 290ms, interface=android.app.IActivityManager, code=20 oneway=false
06-29 18:57:55.302  1958  2645 I ActivityManager: Killing 31445:com.google.android.apps.photos/u0a214 (adj 965): empty #17
06-29 18:57:58.899  1958  4692 W BpBinder: Slow Binder: BpBinder transact took 615ms, interface=android.os.IInstalld, code=9 oneway=false
06-29 18:57:58.900 30137 32533 W BpBinder: Slow Binder: BpBinder transact took 616ms, interface=android.app.usage.IStorageStatsManager, code=7 oneway=false
06-29 18:58:01.272  1958  4008 I ActivityManager: Killing 2514:com.google.android.apps.turbo/u0a184 (adj 975): empty #17
06-29 18:58:08.107  1958  4807 W BaseMiuiPhoneWindowManager: keyCode:3 down:true eventTime:24243899 downTime:24243899 policyFlags:2b000002 flags:48 deviceId:-1 isScreenOn:true keyguardActive:false repeatCount:0
06-29 18:58:08.138  1958  4807 W BaseMiuiPhoneWindowManager: keyCode:3 down:false eventTime:24243968 downTime:24243899 policyFlags:2b000002 flags:48 deviceId:-1 isScreenOn:true keyguardActive:false repeatCount:0
06-29 18:58:08.166  1958  2089 I ActivityTaskManager: START u0 {act=android.intent.action.MAIN cat=[android.intent.category.HOME] flg=0x10000100 cmp=com.miui.home/.launcher.Launcher (has extras)} from uid 0
06-29 18:58:08.175  1958  2089 I Timeline: Timeline: App_transition_ready time:24244005
06-29 18:58:08.180  4452  4452 W ActivityThread: SCHED: com.BHG.sharechat/.MainActivity [78, r=1259ms, a=355ms, w=20949ms]
06-29 18:58:08.186  1958  1979 I Timeline: Timeline: App_transition_ready time:24244017
06-29 18:58:08.188  1958  1997 I Timeline: Timeline: App_transition_ready time:24244018
06-29 18:58:08.190  1958  1997 I Timeline: Timeline: App_transition_ready time:24244021
06-29 18:58:08.196  1958  4807 I Timeline: Timeline: App_transition_ready time:24244026
06-29 18:58:08.210  1958  1997 I Timeline: Timeline: App_transition_ready time:24244040
06-29 18:58:08.227  1958  4692 I Timeline: Timeline: App_transition_ready time:24244057
06-29 18:58:08.232  1958  1997 I Timeline: Timeline: App_transition_ready time:24244062
06-29 18:58:08.281  1958  1997 I Timeline: Timeline: App_transition_ready time:24244111
06-29 18:58:08.428  1958  4806 W BaseMiuiPhoneWindowManager: keyCode:82 down:true eventTime:24244257 downTime:24244257 policyFlags:2b000002 flags:48 deviceId:-1 isScreenOn:true keyguardActive:false repeatCount:0
06-29 18:58:08.490  1958  4806 W BaseMiuiPhoneWindowManager: keyCode:82 down:false eventTime:24244320 downTime:24244257policyFlags:2b000002 flags:48 deviceId:-1 isScreenOn:true keyguardActive:false repeatCount:0
06-29 18:58:08.506  1958  1979 I Timeline: Timeline: Activity_windows_visible id: ActivityRecord{ddb1799 u0 com.miui.home/.launcher.Launcher t1} time:24244336
06-29 18:58:08.509  1958  1997 I Timeline: Timeline: App_transition_stopped time:24244339
06-29 18:58:08.541  1958  1996 W WindowManager: setLauncherState= 2
06-29 18:58:08.973  1958  4597 I ProcessManager: Kill reason OneKeyClean from pid=25324
06-29 18:58:08.990  1958  1996 I ActivityManager: Killing 2240:app.revanced.android.gms/u0a687 (adj 965): empty #17
06-29 18:58:08.992  1958  4597 I ProcessManager: mLruProcesses size=62
06-29 18:58:08.996  1958  4597 I ProcessManager: OneKeyClean: kill com.BHG.sharechat Adj=805 State=20
06-29 18:58:08.996  1958  4597 I ActivityManager: Killing 4452:com.BHG.sharechat/u0a768 (adj 805): OneKeyClean
06-29 18:58:09.001  1958  4597 I ProcessManager: OneKeyClean: kill com.android.vending Adj=815 State=20
06-29 18:58:09.001  1958  4597 I ActivityManager: Killing 30137:com.android.vending/u0a175 (adj 815): OneKeyClean
06-29 18:58:09.004  1958  4597 I ProcessManager: OneKeyClean: kill com.google.process.gservices Adj=825 State=20
06-29 18:58:09.004  1958  4597 I ActivityManager: Killing 6250:com.google.process.gservices/u0a185 (adj 825): OneKeyClean
06-29 18:58:09.005  1958  4597 I ProcessManager: OneKeyClean: kill com.android.chrome Adj=835 State=20
06-29 18:58:09.006  1958  4597 I ActivityManager: Killing 5103:com.android.chrome/u0a193 (adj 835): OneKeyClean
06-29 18:58:09.007  1958  4597 I ProcessManager: OneKeyClean: kill com.google.android.webview:webview_service Adj=845 State=20
06-29 18:58:09.007  1958  4597 I ActivityManager: Killing 4892:com.google.android.webview:webview_service/u0a192 (adj 845): OneKeyClean
06-29 18:58:09.008  1958  4597 I ProcessManager: OneKeyClean: kill com.google.android.webview:sandboxed_process0:org.chromium.content.app.SandboxedProcessService0:0 Adj=855 State=20
06-29 18:58:09.009  1958  4597 I ActivityManager: Killing 4729:com.google.android.webview:sandboxed_process0:org.chromium.content.app.SandboxedProcessService0:0/u0a162i49 (adj 855): OneKeyClean
06-29 18:58:09.016  1958  4597 I ProcessManager: OneKeyClean: kill com.miui.global.packageinstaller Adj=865 State=20
06-29 18:58:09.016  1958  4597 I ActivityManager: Killing 4114:com.miui.global.packageinstaller/u0a162 (adj 865): OneKeyClean
06-29 18:58:09.017  1958  4597 I ProcessManager: OneKeyClean: kill com.miui.msa.global Adj=100 State=9
06-29 18:58:09.018  1958  4597 I ActivityManager: Killing 29337:com.miui.msa.global/u0a123 (adj 100): OneKeyClean
06-29 18:58:09.019  1958  4597 I ProcessManager: OneKeyClean: kill com.android.vending:background Adj=875 State=20
06-29 18:58:09.019  1958  4597 I ActivityManager: Killing 4171:com.android.vending:background/u0a175 (adj 875): OneKeyClean
06-29 18:58:09.020  1958  4597 I ProcessManager: OneKeyClean: kill com.android.keychain Adj=885 State=20
06-29 18:58:09.020  1958  4597 I ActivityManager: Killing 4088:com.android.keychain/1000 (adj 885): OneKeyClean
06-29 18:58:09.022  1958  4597 I ProcessManager: OneKeyClean: kill com.miui.yellowpage Adj=895 State=20
06-29 18:58:09.022  1958  4597 I ActivityManager: Killing 4023:com.miui.yellowpage/u0a73 (adj 895): OneKeyClean
06-29 18:58:09.023  1958  4597 I ProcessManager: OneKeyClean: kill com.miui.guardprovider Adj=100 State=5
06-29 18:58:09.024  1958  4597 I ActivityManager: Killing 32331:com.miui.guardprovider/u0a115 (adj 100): OneKeyClean
06-29 18:58:09.025  1958  4597 I ProcessManager: OneKeyClean: kill com.android.settings:remote Adj=915 State=20
06-29 18:58:09.025  1958  4597 I ActivityManager: Killing 3037:com.android.settings:remote/1000 (adj 915): OneKeyClean
06-29 18:58:09.029  1958  4597 I ProcessManager: OneKeyClean: kill in.mohalla.sharechat Adj=925 State=20
06-29 18:58:09.030  1958  4597 I ActivityManager: Killing 3698:in.mohalla.sharechat/u0a763 (adj 925): OneKeyClean
06-29 18:58:09.035  1958  4597 I ProcessManager: OneKeyClean: kill com.facebook.services Adj=815 State=20
06-29 18:58:09.036  1958  4597 I ActivityManager: Killing 2782:com.facebook.services/u0a100 (adj 815): OneKeyClean
06-29 18:58:09.036  1958  4597 I ProcessManager: OneKeyClean: kill com.google.android.apps.wellbeing Adj=825 State=20
06-29 18:58:09.037  1958  4597 I ActivityManager: Killing 2318:com.google.android.apps.wellbeing/u0a189 (adj 825): OneKeyClean
06-29 18:58:09.038  1958  4597 I ProcessManager: OneKeyClean: kill app.revanced.android.gms:persistent Adj=500 State=11
06-29 18:58:09.038  1958  4597 I ActivityManager: Killing 30583:app.revanced.android.gms:persistent/u0a687 (adj 500): OneKeyClean
06-29 18:58:09.040  1958  4597 I ProcessManager: OneKeyClean: kill com.qualcomm.telephony Adj=500 State=11
06-29 18:58:09.040  1958  4597 I ActivityManager: Killing 1235:com.qualcomm.telephony/u0a195 (adj 500): OneKeyClean
06-29 18:58:09.041  1958  4597 I ProcessManager: OneKeyClean: kill com.qti.diagservices Adj=800 State=11
06-29 18:58:09.041  1958  4597 I ActivityManager: Killing 927:com.qti.diagservices/1000 (adj 800): OneKeyClean
06-29 18:58:09.042  1958  4597 I ProcessManager: OneKeyClean: kill com.qualcomm.qti.workloadclassifier Adj=800 State=11
06-29 18:58:09.042  1958  4597 I ActivityManager: Killing 32196:com.qualcomm.qti.workloadclassifier/1000 (adj 800): OneKeyClean
06-29 18:58:09.043  1958  4597 I ProcessManager: OneKeyClean: kill com.android.settings Adj=845 State=11
06-29 18:58:09.043  1958  4597 I ActivityManager: Killing 31476:com.android.settings/1000 (adj 845): OneKeyClean
06-29 18:58:09.044  1958  4597 I ProcessManager: OneKeyClean: kill com.android.smspush Adj=100 State=7
06-29 18:58:09.045  1958  4597 I ActivityManager: Killing 29276:com.android.smspush/u0a155 (adj 100): OneKeyClean
06-29 18:58:09.091  1958  4806 W ActivityManager: Scheduling restart of crashed service com.miui.global.packageinstaller/org.chromium.content.app.SandboxedProcessService0:0 in 1000ms
06-29 18:58:09.117  1958  4806 I AutoStartManagerService: MIUILOG- Reject RestartService packageName :app.revanced.android.gms uid : 10687
06-29 18:58:09.127  1958  3901 W ActivityManager: Scheduling restart of crashed service com.qualcomm.atfwd/.AtFwdService in 10965ms
06-29 18:58:09.131  1958  2066 W ActivityManager: Scheduling restart of crashed service com.qualcomm.qti.workloadclassifier/.WLCService in 20961ms
06-29 18:58:09.134  1958  4807 W ActivityManager: Scheduling restart of crashed service com.qti.diagservices/.QTIDiagServices in 30958ms
06-29 18:58:09.148  1958  1979 W ActivityManager: Scheduling restart of crashed service com.android.smspush/.WapPushManager in 40944ms
06-29 18:58:09.152  1958  4807 I AutoStartManagerService: MIUILOG- Reject RestartService packageName :com.miui.guardprovider uid : 10115
06-29 18:58:09.236  1958  3901 W ActivityManager: Scheduling restart of crashed service com.miui.msa.global/com.zeus.gmc.sdk.mobileads.msa.odi.service.OnDeviceIntelligenceService in 50857ms
06-29 18:58:09.236  1958  3901 W ActivityManager: Scheduling restart of crashed service com.miui.msa.global/com.miui.systemAdSolution.splashscreen.SplashScreenService in 60856ms
06-29 18:58:09.246  1958  2647 W ActivityManager: Scheduling restart of crashed service com.android.settings/.connecteddevice.usb.MiUsbService in 60847ms
06-29 18:58:09.247  1958  1996 W ActivityManager: setHasOverlayUi called on unknown pid: 31476
06-29 18:58:09.278  1958  4525 I WindowManager: WIN DEATH: Window{511c545 u0 com.BHG.sharechat/com.BHG.sharechat.MainActivity}
06-29 18:58:09.288  1958  1996 W ActivityManager: setHasOverlayUi called on unknown pid: 4452
06-29 18:58:09.332  1958  1996 W WindowManager: setLauncherState= 1
06-29 18:58:09.624  1958  4807 E WindowManager: App trying to use insecure INPUT_FEATURE_NO_INPUT_CHANNEL flag. Ignoring
06-29 18:58:11.631  1958  3901 W NotificationService: Toast already killed. pkg=com.miui.home callback=android.app.ITransientNotification$Stub$Proxy@3cf077e
06-29 18:58:13.127  1958  1996 W WindowManager: Unable to start animation, surface is null or no children.
06-29 18:58:19.260  1958  2011 I ActivityManager: Start proc 7181:com.miui.msa.global/u0a123 for service {com.miui.msa.global/com.miui.systemAdSolution.splashscreen.SplashScreenService} caller=android
06-29 18:58:20.120  1958  2011 I ActivityManager: Start proc 7390:com.qualcomm.telephony/u0a195 for service {com.qualcomm.atfwd/com.qualcomm.atfwd.AtFwdService} caller=com.qualcomm.atfwd
06-29 18:58:21.053  1958  3901 W ActivityManager: Receiver with filter android.content.IntentFilter@4b1b33 already registered for pid 7181, callerPackage is com.miui.msa.global
06-29 18:58:21.054  1958  3901 W ActivityManager: Receiver with filter android.content.IntentFilter@eb64ef0 already registered for pid 7181, callerPackage is com.miui.msa.global
06-29 18:58:22.628  1958  1958 W WindowManager: removeWindowToken: Attempted to remove non-existing token: android.os.Binder@9a2d7c9
06-29 18:58:30.123  1958  2011 I ActivityManager: Start proc 7676:com.qualcomm.qti.workloadclassifier/1000 for service {com.qualcomm.qti.workloadclassifier/com.qualcomm.qti.workloadclassifier.WLCService} caller=com.qualcomm.qti.workloadclassifier
06-29 18:58:40.120  1958  2011 I ActivityManager: Start proc 7701:com.qti.diagservices/1000 for service {com.qti.diagservices/com.qti.diagservices.QTIDiagServices} caller=com.qti.diagservices
06-29 18:58:50.119  1958  2011 I ActivityManager: Start proc 7725:com.android.smspush/u0a155 for service {com.android.smspush/com.android.smspush.WapPushManager} caller=com.android.phone
06-29 18:59:08.718  2181  2181 I MiuiChargeManager: notifyBatteryStatusChanged:  status: 5 isPlugged: 2 level: 100 wireState: 11 chargeSpeed: 0 mWiredChargeType: 0 mWirelessChargeType: 0 chargeDeviceType: -1
06-29 18:59:10.123  1958  2011 I ActivityManager: Start proc 7748:com.android.settings/1000 for service {com.android.settings/com.android.settings.connecteddevice.usb.MiUsbService} caller=com.android.settings
06-29 18:59:11.267  7748  7748 W Looper  : Slow Looper main: Long Msg: seq=2 plan=18:59:10.147  late=2ms wall=1116ms running=345ms runnable=9ms io=685ms h=android.app.ActivityThread$H w=110
06-29 19:00:00.031  1958  2011 I ActivityManager: Start proc 7799:com.android.settings:remote/1000 for broadcast {com.android.settings/com.android.settings.display.DarkModeTimeReceiver} caller=com.android.settings
06-29 19:00:00.302  1958  1996 I WindowManager: updateContrastOverlay, darkmode: true isContrastEnabled: true alpha: 0.071400575
06-29 19:00:11.818  1958  2017 I PowerManagerService: Going to sleep due to timeout (uid 1000)...
06-29 19:00:11.819  1958  1958 W UsageStatsService: Event reported without a package name, eventType:16
06-29 19:00:11.820  1958  1958 I WindowManager: Started going to sleep... (why=OFF_BECAUSE_OF_TIMEOUT)
06-29 19:00:12.051  1958  2017 I DisplayPowerController: Blocking screen off
06-29 19:00:12.051  1958  2017 I DisplayPowerController: Unblocked screen off after 0 ms
06-29 19:00:12.051  1958  2017 I WindowManager: Screen turned off...
06-29 19:00:12.055  1958  2014 E KernelCpuUidUserSysTimeReader: Negative user/sys time delta for UID=10768
06-29 19:00:12.055  1958  2014 E KernelCpuUidUserSysTimeReader: Prev times: u=84110 s=22962 Curr times: u=82675 s=22599
06-29 19:00:12.056  1958  2014 E KernelCpuUidUserSysTimeReader: Negative user/sys time delta for UID=10763
06-29 19:00:12.056  1958  2014 E KernelCpuUidUserSysTimeReader: Prev times: u=505984 s=148626 Curr times: u=504078 s=148305
06-29 19:00:12.056  1958  2014 E KernelCpuUidUserSysTimeReader: Negative user/sys time delta for UID=10175
06-29 19:00:12.056  1958  2014 E KernelCpuUidUserSysTimeReader: Prev times: u=834238 s=242751 Curr times: u=833581 s=242370
