06-29 19:00:12.056  1958  2014 E KernelCpuUidUserSysTimeReader: Negative user/sys time delta for UID=10162
06-29 19:00:12.056  1958  2014 E KernelCpuUidUserSysTimeReader: Prev times: u=107176 s=48603 Curr times: u=106621 s=48379
06-29 19:00:12.056  1958  2014 E KernelCpuUidUserSysTimeReader: Negative user/sys time delta for UID=10073
06-29 19:00:12.056  1958  2014 E KernelCpuUidUserSysTimeReader: Prev times: u=4161 s=2053 Curr times: u=3997 s=2016
06-29 19:00:12.056  1958  2014 E KernelCpuUidUserSysTimeReader: Negative user/sys time delta for UID=10115
06-29 19:00:12.056  1958  2014 E KernelCpuUidUserSysTimeReader: Prev times: u=4974 s=2229 Curr times: u=4916 s=2205
06-29 19:00:12.056  1958  2014 E KernelCpuUidUserSysTimeReader: Negative user/sys time delta for UID=10189
06-29 19:00:12.056  1958  2014 E KernelCpuUidUserSysTimeReader: Prev times: u=51934 s=19621 Curr times: u=51803 s=19540
06-29 19:00:12.056  1958  2014 E KernelCpuUidUserSysTimeReader: Negative user/sys time delta for UID=10100
06-29 19:00:12.056  1958  2014 E KernelCpuUidUserSysTimeReader: Prev times: u=6354 s=3200 Curr times: u=6228 s=3099
06-29 19:00:12.056  1958  2014 E KernelCpuUidUserSysTimeReader: Negative user/sys time delta for UID=10155
06-29 19:00:12.056  1958  2014 E KernelCpuUidUserSysTimeReader: Prev times: u=2378 s=1398 Curr times: u=2407 s=1354
06-29 19:00:12.065  1958  2017 W ActivityManager: Unable to start service Intent { act=miui.action.CAMERA_EMPTY_SERVICEpkg=com.android.camera } U=0: not found
06-29 19:00:12.066 25324 25324 W ActivityThread: SCHED: com.miui.home/.launcher.Launcher [73, r=109ms, a=40ms, w=123856ms]
06-29 19:00:12.083  1958  1996 I DisplayManagerService: Display device changed state: "Built-in Screen", OFF
06-29 19:00:12.366  1958  2168 W BpBinder: Slow Binder: BpBinder transact took 298ms, interface=android.ui.ISurfaceComposer, code=19 oneway=false
06-29 19:00:12.391  1958  2017 W DreamManagerService: Dream ComponentInfo{com.android.systemui/com.android.systemui.doze.DozeService} does not exist
06-29 19:00:12.391  1958  2017 I PowerManagerService: Sleeping (uid 1000)...
06-29 19:00:12.395  1958  1958 I WindowManager: Finished going to sleep... (why=OFF_BECAUSE_OF_TIMEOUT)
06-29 19:00:12.404  2181  2887 W KeyguardViewMediator: doKeyguard: showing the lock screen
06-29 19:00:12.446  1958  1996 W UsageStatsService: Event reported without a package name, eventType:17
06-29 19:00:12.447  1958  1996 I WindowManager: updateContrastOverlay, darkmode: true isContrastEnabled: true alpha: 0.071400575
06-29 19:00:12.581  1958  2360 I ActivityTaskManager: Config changes=200 {1.0 ?mcc?mnc [en_IN] ldltr sw400dp w400dp h790dp 432dpi nrml long port night finger -keyb/v/h -nav/h winConfig={ mBounds=Rect(0, 0 - 1080, 2340) mAppBounds=Rect(0, 79 - 1080, 2213) mWindowingMode=fullscreen mDisplayWindowingMode=fullscreen mActivityType=undefined mAlwaysOnTop=undefined mRotation=ROTATION_0} s.173 themeChanged=0 themeChangedFlags=0 extraData = Bundle[{}]}
06-29 19:00:12.965  1958  2360 I ActivityTaskManager: Override config changes=200 {1.0 ?mcc?mnc [en_IN] ldltr sw400dp w400dp h790dp 432dpi nrml long port night finger -keyb/v/h -nav/h winConfig={ mBounds=Rect(0, 0 - 1080, 2340) mAppBounds=Rect(0, 79 - 1080, 2213) mWindowingMode=fullscreen mDisplayWindowingMode=fullscreen mActivityType=undefined mAlwaysOnTop=undefined mRotation=ROTATION_0} s.173 themeChanged=0 themeChangedFlags=0 extraData = Bundle[{}]} for displayId=0
06-29 19:00:12.995  2181  2181 W BpBinder: Slow Binder: BpBinder transact took 549ms, interface=android.app.IActivityTaskManager, code=98 oneway=false
06-29 19:00:13.134  1958  1958 W Looper  : Slow dispatch took 718ms main h=android.app.ActivityThread$H c=android.app.-$$Lambda$LoadedApk$ReceiverDispatcher$Args$_BumDX2UKsnxLVrE6UJsJZkotuA@bea4cb5 m=0
06-29 19:00:13.134  1958  1958 W Looper  : Slow delivery took 711ms main h=com.android.server.AlarmManagerService$AlarmHandler c=null m=8
06-29 19:00:13.242  1958  1996 I WindowManager: updateContrastOverlay, darkmode: true isContrastEnabled: true alpha: 0.071400575
06-29 19:00:13.300  1958  1958 W Looper  : Slow dispatch took 140ms main h=android.app.ActivityThread$H c=null m=159
06-29 19:00:13.340  2181  2663 W BpBinder: Slow Binder: BpBinder transact took 343ms, interface=android.app.trust.ITrustManager, code=6 oneway=false
06-29 19:00:13.351  1958  1958 W Looper  : Drained
06-29 19:00:13.379  1958  2645 I ActivityManager: Process com.mi.android.globalminusscreen (pid 19634) has died: cch CACC
06-29 19:00:13.384  1958  2645 W ActivityManager: Scheduling restart of crashed service com.mi.android.globalminusscreen/com.google.mi.apps.gsa.nowoverlayservice.DrawerOverlayService in 1000ms
06-29 19:00:13.456  2181  2181 W Looper  : Slow Looper main: Long Msg: seq=204396 plan=19:00:12.407  late=23ms wall=1025ms running=64ms runnable=43ms io=207ms h=com.android.systemui.keyguard.KeyguardViewMediator$6 w=1
06-29 19:00:13.763  1958  2011 I ActivityManager: Start proc 7850:com.google.android.apps.wellbeing/u0a189 for broadcast {com.google.android.apps.wellbeing/com.google.android.apps.wellbeing.alarm.NextAlarmClockChangedReceiver_Receiver} caller=android
06-29 19:00:13.822  2181  2181 W Looper  : Slow Looper main: doFrame is 1033ms late because of 6 msg, msg 3 took 1025ms(seq=204396 running=64ms runnable=43ms io=207ms late=23ms h=com.android.systemui.keyguard.KeyguardViewMediator$6 w=1)
06-29 19:00:13.895  1958  2011 I ActivityManager: Start proc 7871:com.miui.msa.global:ui/u0a123 for service {com.miui.msa.global/com.xiaomi.ad.internal.splash.uiprocess.SplashUIService} caller=com.miui.msa.global
06-29 19:00:14.011  2181  2181 W Looper  : Slow Looper main: doFrame is 497ms late because of 46 msg, msg 1 took 360ms (seq=204400 running=72ms runnable=16ms io=244ms late=1033ms h=android.view.Choreographer$FrameHandler c=android.view.Choreographer$FrameDisplayEventReceiver), msg 6 took 132ms (seq=204405 running=58ms runnable=15ms io=43ms late=859ms h=android.app.ActivityThread$H w=159)
06-29 19:00:14.198  1958  2014 E BatteryExternalStatsWorker: no controller energy info supplied for bluetooth
06-29 19:00:14.319  2181  2181 W Looper  : Slow Looper main: doFrame is 319ms late because of 74 msg, msg 11 took 60ms (seq=204456 running=40ms runnable=7ms io=10ms late=187ms h=android.os.Handler c=com.android.systemui.fragments.FragmentService$FragmentHostState$1), msg 12 took 76ms (seq=204457 running=63ms runnable=1ms io=5ms late=247ms h=android.os.Handler c=com.android.systemui.fragments.FragmentService$FragmentHostState$1), msg 58 took 129ms (seq=204503 running=29ms runnable=1ms io=89ms late=209ms h=android.os.AsyncTask$InternalHandler w=1)
06-29 19:00:14.467 25666 27552 W BpBinder: Slow Binder: BpBinder transact took 277ms, interface=com.android.internal.app.IBatteryStats, code=16 oneway=false
06-29 19:00:14.521  2181 16025 W BpBinder: Slow Binder: BpBinder transact took 372ms, interface=android.content.IContentProvider, code=21 oneway=false
06-29 19:00:19.402  1958  2014 E BatteryExternalStatsWorker: no controller energy info supplied for bluetooth
06-29 19:00:19.520  1958  2014 E BatteryExternalStatsWorker: no controller energy info supplied for bluetooth
06-29 19:01:10.570  1958  2090 W BaseMiuiPhoneWindowManager: keyCode:23 down:true eventTime:24426399 downTime:24426399 policyFlags:2000000 flags:8 deviceId:0 isScreenOn:false keyguardActive:true repeatCount:0
06-29 19:01:10.571  1958  2090 I PowerManagerService: Waking up from Asleep (uid=1000, reason=WAKE_REASON_UNKNOWN, details=miui.policy:FINGERPRINT_DPAD_CENTER)...
06-29 19:01:10.573  1958  1958 W UsageStatsService: Event reported without a package name, eventType:15
06-29 19:01:10.582  1958  2017 I DisplayPowerController: Blocking screen on until initial contents have been drawn.
06-29 19:01:10.583  1958  2017 I WindowManager: Screen turning on...
06-29 19:01:10.588  1958  1958 I WindowManager: Started waking up... (why=ON_BECAUSE_OF_UNKNOWN)
06-29 19:01:10.590  2181  2882 W KeyguardViewMediator: notifyScreenOn
06-29 19:01:10.598  2181  2181 W KeyguardViewMediator: handleNotifyScreenTurningOn
06-29 19:01:10.598  2181  2181 W KeyguardViewMediator: notifyDrawn
06-29 19:01:10.603  1958  4526 I WindowManager: mKeyguardDelegate.ShowListener.onDrawn.
06-29 19:01:10.621  1958  1996 I DisplayManagerService: Display device changed state: "Built-in Screen", ON
06-29 19:01:10.629  2181  2181 I miui_face: start face unlock
06-29 19:01:10.630  2181  2924 I miui_face: start verify time=1
06-29 19:01:10.646  1958  1994 W WindowManager: Setting mKeyguardDrawComplete
06-29 19:01:10.647  1958  1994 I WindowManager: All windows ready for display!
06-29 19:01:10.702  1958  2014 E BatteryExternalStatsWorker: no controller energy info supplied for bluetooth
06-29 19:01:10.717  1958  1994 W WindowManager: Setting mWindowManagerDrawComplete
06-29 19:01:10.719  1958  1994 I WindowManager: Finished screen turning on...
06-29 19:01:10.719  1958  2017 I DisplayPowerController: Unblocked screen on after 137 ms
06-29 19:01:10.772  1958  2017 W PowerManagerService: Screen on took 201 ms
06-29 19:01:10.772  1958  1958 I WindowManager: Finished waking up... (why=ON_BECAUSE_OF_UNKNOWN)
06-29 19:01:11.104  1958  2090 W BaseMiuiPhoneWindowManager: keyCode:23 down:false eventTime:24426934 downTime:24426399policyFlags:22000000 flags:8 deviceId:0 isScreenOn:true keyguardActive:true repeatCount:0
06-29 19:01:11.142  1958  2014 E BatteryExternalStatsWorker: no controller energy info supplied for bluetooth
06-29 19:01:11.300  4027  4215 W BpBinder: Slow Binder: BpBinder transact took 399ms, interface=android.hardware.camera2.ICameraDeviceUser, code=6 oneway=false
06-29 19:01:11.582  2181  2924 I miui_face:  authenCallback, onAuthenticationHelp helpCode:5 helpString:
06-29 19:01:11.700  2181  2924 I chatty  : uid=1000(system) face_unlock identical 2 lines
06-29 19:01:11.793  2181  2924 I miui_face:  authenCallback, onAuthenticationHelp helpCode:5 helpString:
06-29 19:01:11.823  2181  2181 E miui_face: start face unlock fail ,faceDetectTypeForCamera=1
06-29 19:01:11.896  2181  2924 I miui_face:  authenCallback, onAuthenticationHelp helpCode:5 helpString:
06-29 19:01:12.193  2181  2924 I chatty  : uid=1000(system) face_unlock identical 3 lines
06-29 19:01:12.299  2181  2924 I miui_face:  authenCallback, onAuthenticationHelp helpCode:5 helpString:
06-29 19:01:12.345  1958  2014 E BatteryExternalStatsWorker: no controller energy info supplied for bluetooth
06-29 19:01:12.392  2181  2924 I miui_face:  authenCallback, onAuthenticationHelp helpCode:5 helpString:
06-29 19:01:13.502  2181  2924 I chatty  : uid=1000(system) face_unlock identical 11 lines
06-29 19:01:13.599  2181  2924 I miui_face:  authenCallback, onAuthenticationHelp helpCode:5 helpString:
06-29 19:01:13.648  2181  2181 I miui_keyguard_password: password unlock duration 82
06-29 19:01:13.650  1958  4008 W FingerprintService: Ignoring lockout reset, no templates enrolled
06-29 19:01:13.651  2181  2181 W miui_keyguard: unlock keyguard by pw
06-29 19:01:13.700  2181  2924 I miui_face:  authenCallback, onAuthenticationHelp helpCode:5 helpString:
06-29 19:01:13.731  1958  4522 I LockSettingsService: Unlocking user 0 with secret only, length 32
06-29 19:01:13.732  1958  4522 I LockSettingsService: Disabling escrow token on user 0
06-29 19:01:13.735  1958  4522 I LockSettingsService: Caching SP for user 0
06-29 19:01:13.740  1958  1958 I LockSettingsService: Removing SP from cache for user 0
06-29 19:01:13.797  2181  2924 I miui_face:  authenCallback, onAuthenticationHelp helpCode:5 helpString:
06-29 19:01:13.804  2181  2181 I miui_face: stop face unlock
06-29 19:01:13.811  1958  4008 I Timeline: Timeline: App_transition_ready time:24429642
06-29 19:01:13.812  2181  3626 I KeyguardViewMediator: call fw keyguardGoingAway: flags = 8
06-29 19:01:13.813  1958  1997 I Timeline: Timeline: App_transition_ready time:24429643
06-29 19:01:13.814  2181  2924 I miui_face: authenCallback, onAuthenticationError code:2000 msg:
06-29 19:01:13.888  1958  1997 I Timeline: Timeline: App_transition_ready time:24429718
06-29 19:01:14.066  1958  4522 I Timeline: Timeline: App_transition_ready time:24429896
06-29 19:01:14.074  1958  1997 I Timeline: Timeline: App_transition_ready time:24429904
06-29 19:01:14.077  1958  2011 I ActivityManager: Start proc 7985:com.mi.android.globalminusscreen/1000 for service {com.mi.android.globalminusscreen/com.google.mi.apps.gsa.nowoverlayservice.DrawerOverlayService} caller=com.miui.home
06-29 19:01:14.115  2181  2181 I KeyguardViewMediator: handleStartKeyguardExitAnimation startTime=24429945 fadeoutDuration=150
06-29 19:01:14.115  1958  1997 I Timeline: Timeline: App_transition_ready time:24429945
06-29 19:01:14.126  1958  1996 W UsageStatsService: Event reported without a package name, eventType:18
06-29 19:01:14.126  1958  1996 I WindowManager: updateContrastOverlay, darkmode: true isContrastEnabled: true alpha: 0.071400575
06-29 19:01:14.182  2181  2181 I miui_face: face unlock success time=3553
06-29 19:01:14.197  1958  2010 W BroadcastQueue: Background execution not allowed: receiving Intent { act=android.intent.action.USER_PRESENT flg=0x24200010 } to com.jio.myjio/com.jio.clickstream.tbn.PowerConnectionReceiver
06-29 19:01:14.197  1958  2010 W BroadcastQueue: Background execution not allowed: receiving Intent { act=android.intent.action.USER_PRESENT flg=0x24200010 } to com.android.chrome/org.chromium.chrome.browser.sharing.click_to_call.ClickToCallMessageHandler$PhoneUnlockedReceiver
06-29 19:01:14.197  1958  2010 W BroadcastQueue: Background execution not allowed: receiving Intent { act=android.intent.action.USER_PRESENT flg=0x24200010 } to com.google.android.gms/.auth.setup.devicesignals.LockScreenReceiver
06-29 19:01:14.197  1958  2010 W BroadcastQueue: Background execution not allowed: receiving Intent { act=android.intent.action.USER_PRESENT flg=0x24200010 } to com.google.android.gms/.chimera.GmsIntentOperationService$PersistentTrustedReceiver
06-29 19:01:14.198  1958  2010 W BroadcastQueue: Background execution not allowed: receiving Intent { act=android.intent.action.USER_PRESENT flg=0x24200010 } to info.kfsoft.force.rotation/.RestartReceiver
06-29 19:01:14.216  7748  7748 I Timeline: Timeline: Activity_launch_request time:24430046
06-29 19:01:14.217  4027  4215 W BpBinder: Slow Binder: BpBinder transact took 349ms, interface=android.hardware.camera2.ICameraDeviceUser, code=1 oneway=false
06-29 19:01:14.219  1958  5269 I ActivityTaskManager: START u0 {flg=0x10000000 cmp=com.android.settings/.Settings$UsbDetailsActivity} from uid 1000
06-29 19:01:14.266 25324 25324 W ActivityThread: SCHED: com.miui.home/.launcher.Launcher [77, r=79ms, a=23ms, w=237ms]
06-29 19:01:14.268  1958  2645 I ActivityTaskManager: The Process com.android.settings Already Exists in BG. So sendingits PID: 7748
06-29 19:01:14.278  1958  2645 I Timeline: Timeline: App_transition_ready time:24430108
06-29 19:01:14.281  1958  4525 I Timeline: Timeline: App_transition_ready time:24430111
06-29 19:01:14.290  1958  1997 I Timeline: Timeline: Activity_windows_visible id: ActivityRecord{ddb1799 u0 com.miui.home/.launcher.Launcher t1} time:24430120
06-29 19:01:14.292  1958  1997 I Timeline: Timeline: App_transition_ready time:24430122
06-29 19:01:14.342  1958  1958 W Looper  : Slow dispatch took 147ms main h=android.app.ActivityThread$H c=android.app.-$$Lambda$LoadedApk$ReceiverDispatcher$Args$_BumDX2UKsnxLVrE6UJsJZkotuA@fa5475c m=0
06-29 19:01:14.423  1958  4525 I Timeline: Timeline: App_transition_ready time:24430253
06-29 19:01:14.424  1958  4525 I Timeline: Timeline: App_transition_ready time:24430254
06-29 19:01:14.477  3855  4502 W MiuiPerfServiceClient: interceptAndQueuing:2181|com.android.systemui|194|89|unknown|null|StatusBar|24430143354220|Slow handle traversal|3
06-29 19:01:14.629  7748  7748 W Looper  : Slow Looper main: Activity com.android.settings/.Settings$UsbDetailsActivityis 353ms late (wall=1ms running=0ms ClientTransaction{ callbacks=[android.app.servertransaction.TopResumedActivityChangeItem] }) because of 1 msg, msg 1 took 353ms (seq=19 running=84ms runnable=30ms io=188ms late=1ms h=android.app.ActivityThread$H w=159)
06-29 19:01:14.653  1958  5269 I Timeline: Timeline: App_transition_ready time:24430483
06-29 19:01:14.658  1958  5269 I Timeline: Timeline: App_transition_ready time:24430488
06-29 19:01:14.697  1958  2014 E BatteryExternalStatsWorker: no controller energy info supplied for bluetooth
06-29 19:01:14.804  1958  5269 I Timeline: Timeline: App_transition_ready time:24430635
06-29 19:01:14.810  1958  1997 I Timeline: Timeline: App_transition_ready time:24430640
06-29 19:01:14.821  1958  1997 I Timeline: Timeline: App_transition_ready time:24430651
06-29 19:01:14.886  7985  8045 E ActivityThread: Failed to find provider info for com.mi.globalminusscreen.provider
06-29 19:01:14.986  1958  1997 I Timeline: Timeline: Activity_windows_visible id: ActivityRecord{1ef538a u0 com.android.settings/.Settings$UsbDetailsActivity t1071} time:24430816
06-29 19:01:14.988  1958  1997 I Timeline: Timeline: App_transition_stopped time:24430818
06-29 19:01:16.533  7748  7748 W ActivityThread: SCHED: com.android.settings/.Settings$UsbDetailsActivity [75, r=65ms, a=21ms, w=1913ms]
06-29 19:01:16.559  1958  5256 I Timeline: Timeline: App_transition_ready time:24432389
06-29 19:01:16.564  1958  4806 W ActivityTaskManager: Finishing task with all activities already finished
06-29 19:01:16.564  1958  4806 W ActivityTaskManager: Duplicate finish request for ActivityRecord{1ef538a u0 com.android.settings/.Settings$UsbDetailsActivity t1071 f}
06-29 19:01:16.595  1958  1997 I Timeline: Timeline: App_transition_stopped time:24432425
06-29 19:01:43.163  1958  4522 W BpBinder: Slow Binder: BpBinder transact took 310ms, interface=android.os.IInstalld, code=10 oneway=false
06-29 19:01:43.163  1958  4522 I InstallationStatistic: beginInstallSession: 572473440
06-29 19:01:43.895  1958  2645 W ActivityManager: Permission Denial: getStackInfo() from pid=7181, uid=10123 requires android.permission.MANAGE_ACTIVITY_STACKS
06-29 19:01:43.922  1958  2065 I ActivityTaskManager: START u0 {act=android.intent.action.VIEW dat=file:///data/app/vmdl572473440.tmp typ=application/vnd.android.package-archive flg=0x18000000 cmp=com.miui.securitycenter/com.miui.permcenter.install.AdbInstallActivity (has extras)} from uid 1000
06-29 19:01:43.962 25324 25324 W ActivityThread: SCHED: com.miui.home/.launcher.Launcher [90, r=9ms, a=1ms, w=27399ms]
06-29 19:01:43.964  1958  5255 I ActivityTaskManager: The Process com.miui.securitycenter Already Exists in BG. So sending its PID: 3908
06-29 19:01:43.966  1958  5255 W ActivityTaskManager: Request to remove task ignored for non-existent task 1071
06-29 19:01:43.969  1958  5255 I Timeline: Timeline: App_transition_ready time:24459799
06-29 19:01:44.081  1958  2011 I ActivityManager: Start proc 8155:com.miui.guardprovider/u0a115 for content provider {com.miui.guardprovider/com.miui.guardprovider.GuardProvider} caller=com.miui.securitycenter
06-29 19:01:44.275  8155  8172 W SystemConfig: No directory /product_services/etc/sysconfig, skipping
06-29 19:01:44.275  8155  8172 W SystemConfig: No directory /product_services/etc/permissions, skipping
06-29 19:01:44.384  3908  3908 W Looper  : Slow Looper main: Activity com.miui.securitycenter/com.miui.permcenter.install.AdbInstallActivity is 417ms late (wall=0ms running=0ms ClientTransaction{ callbacks=[android.app.servertransaction.TopResumedActivityChangeItem] }) because of 1 msg, msg 1 took 417ms (seq=51 running=63ms runnable=14ms io=88ms h=android.app.ActivityThread$H w=159)
06-29 19:01:44.392  1958  2645 I Timeline: Timeline: App_transition_ready time:24460223
06-29 19:01:44.393  1958  2645 I Timeline: Timeline: App_transition_stopped time:24460223
06-29 19:01:44.483  1958  2010 I ActivityManager: Force stopping com.BHG.sharechat appid=10768 user=-1: installPackageLI
06-29 19:01:44.483  1958  2022 I PackageManager: Update package com.BHG.sharechat code path from /data/app/com.BHG.sharechat-2R6GZOxGSb0lBJQCmoplUg== to /data/app/com.BHG.sharechat-mADsWNHWlsNNLtEMEkWTMg==; Retain data and using new
06-29 19:01:44.483  1958  2022 I PackageManager: Update package com.BHG.sharechat resource path from /data/app/com.BHG.sharechat-2R6GZOxGSb0lBJQCmoplUg== to /data/app/com.BHG.sharechat-mADsWNHWlsNNLtEMEkWTMg==; Retain data and using new
06-29 19:01:44.661  1958  2022 W FileUtils: Slow Operation: fsync took 119ms
06-29 19:01:44.729  1958  2022 I PackageManager: Un-granting permission android.permission.WRITE_MEDIA_STORAGE from package com.jio.media.jiobeats (protectionLevel=18 flags=0x20d83e44)
06-29 19:01:44.729  1958  2022 I PackageManager: Un-granting permission android.permission.WRITE_SETTINGS from package com.jio.media.jiobeats (protectionLevel=1218 flags=0x20d83e44)
06-29 19:01:44.730  1958  2022 I PackageManager: Un-granting permission android.permission.MANAGE_DOCUMENTS from package com.google.android.youtube (protectionLevel=262146 flags=0x20dbbec5)
06-29 19:01:44.730  1958  2022 I PackageManager: Un-granting permission android.permission.REQUEST_INSTALL_PACKAGES from package com.revanced.net.revancedmanager (protectionLevel=66 flags=0x20c8be44)
06-29 19:01:44.731  1958  2022 I PackageManager: Un-granting permission android.permission.CAPTURE_AUDIO_OUTPUT from package com.google.android.googlequicksearchbox (protectionLevel=18 flags=0xa8dbbec5)
06-29 19:01:44.731  1958  2022 I PackageManager: Un-granting permission android.permission.SUBSTITUTE_SHARE_TARGET_APP_NAME_AND_ICON from package com.google.android.googlequicksearchbox (protectionLevel=18 flags=0xa8dbbec5)
06-29 19:01:44.731  1958  2022 I PackageManager: Un-granting permission android.permission.CAPTURE_MEDIA_OUTPUT from package com.google.android.googlequicksearchbox (protectionLevel=18 flags=0xa8dbbec5)
06-29 19:01:44.731  1958  2022 I PackageManager: Un-granting permission android.permission.MODIFY_AUDIO_ROUTING from package com.google.android.googlequicksearchbox (protectionLevel=18 flags=0xa8dbbec5)
06-29 19:01:44.732  1958  2022 I PackageManager: Un-granting permission com.google.android.googleapps.permission.GOOGLE_AUTH from package com.android.providers.calendar (protectionLevel=2 flags=0x20883e45)
06-29 19:01:44.732  1958  2022 I PackageManager: Un-granting permission com.google.android.googleapps.permission.GOOGLE_AUTH.cl from package com.android.providers.calendar (protectionLevel=2 flags=0x20883e45)
06-29 19:01:44.732  1958  2022 I PackageManager: Un-granting permission android.permission.SYSTEM_ALERT_WINDOW from package org.telegram.messenger (protectionLevel=1250 flags=0x289bbe44)
06-29 19:01:44.732  1958  2022 I PackageManager: Un-granting permission android.permission.REQUEST_INSTALL_PACKAGES from package org.telegram.messenger (protectionLevel=66 flags=0x289bbe44)
06-29 19:01:44.733  1958  2022 I PackageManager: Un-granting permission android.permission.MANAGE_DOCUMENTS from package app.revanced.android.youtube (protectionLevel=262146 flags=0x30dbbe44)
06-29 19:01:44.733  1958  2022 I PackageManager: Un-granting permission android.permission.SYSTEM_ALERT_WINDOW from package app.revanced.android.youtube (protectionLevel=1250 flags=0x30dbbe44)
06-29 19:01:44.734  1958  2022 I PackageManager: Un-granting permission android.permission.WRITE_SECURE_SETTINGS from package com.antutu.ABenchMark (protectionLevel=50 flags=0x2288be46)
06-29 19:01:44.734  1958  2022 I PackageManager: Un-granting permission android.permission.REQUEST_INSTALL_PACKAGES from package com.whatsapp (protectionLevel=66 flags=0x20cbbe44)
06-29 19:01:44.735  1958  2022 I PackageManager: Un-granting permission android.permission.HIDE_NON_SYSTEM_OVERLAY_WINDOWS from package com.android.companiondevicemanager (protectionLevel=258 flags=0x30c83e45)
06-29 19:01:44.735  1958  2022 I PackageManager: Un-granting permission android.permission.MANAGE_USERS from package com.miui.securitycenter (protectionLevel=18 flags=0x20c9bec5)
06-29 19:01:44.736  1958  2022 I PackageManager: Un-granting permission android.permission.INTERACT_ACROSS_USERS from package com.miui.securitycenter (protectionLevel=50 flags=0x20c9bec5)
06-29 19:01:44.736  1958  2022 I PackageManager: Un-granting permission android.permission.READ_PRIVILEGED_PHONE_STATE from package com.miui.securitycenter (protectionLevel=18 flags=0x20c9bec5)
06-29 19:01:44.736  1958  2022 I PackageManager: Un-granting permission android.permission.WRITE_MEDIA_STORAGE from package ru.zdevs.zarchiver (protectionLevel=18 flags=0x30d8be44)
06-29 19:01:44.736  1958  2022 I PackageManager: Un-granting permission android.permission.REQUEST_INSTALL_PACKAGES from package ru.zdevs.zarchiver (protectionLevel=66 flags=0x30d8be44)
06-29 19:01:44.737  1958  2022 I PackageManager: Un-granting permission android.permission.SYSTEM_ALERT_WINDOW from package com.glgjing.captain (protectionLevel=1250 flags=0x3088be44)
06-29 19:01:44.737  1958  2022 I PackageManager: Un-granting permission android.permission.PACKAGE_USAGE_STATS from package com.glgjing.captain (protectionLevel=114 flags=0x3088be44)
06-29 19:01:44.737  1958  2022 I PackageManager: Un-granting permission android.permission.START_ACTIVITIES_FROM_BACKGROUND from package com.android.soundrecorder (protectionLevel=49682 flags=0x30c83e85)
06-29 19:01:44.737  1958  2022 I PackageManager: Un-granting permission android.permission.WRITE_SETTINGS from package in.mohalla.sharechat (protectionLevel=1218 flags=0x30d8be44)
06-29 19:01:44.737  1958  2022 I PackageManager: Un-granting permission android.permission.SYSTEM_ALERT_WINDOW from package in.mohalla.sharechat (protectionLevel=1250 flags=0x30d8be44)
06-29 19:01:44.738  1958  2022 I PackageManager: Un-granting permission android.permission.REQUEST_INSTALL_PACKAGES from package com.android.providers.downloads.ui (protectionLevel=66 flags=0x30c8be45)
06-29 19:01:44.738  1958  2022 I PackageManager: Un-granting permission android.permission.HIDE_NON_SYSTEM_OVERLAY_WINDOWS from package com.android.vending (protectionLevel=258 flags=0x28cabec5)
06-29 19:01:44.738  1958  2022 I PackageManager: Un-granting permission android.permission.SEND_DOWNLOAD_COMPLETED_INTENTS from package com.android.vending (protectionLevel=2 flags=0x28cabec5)
06-29 19:01:44.740  1958  2022 I PackageManager: Un-granting permission android.permission.SYSTEM_ALERT_WINDOW from package com.hecorat.screenrecorder.free (protectionLevel=1250 flags=0x20c8be44)
06-29 19:01:44.740  1958  2022 I PackageManager: Un-granting permission com.google.android.googleapps.permission.GOOGLE_AUTH.mail from package com.android.contacts (protectionLevel=2 flags=0x38c9be45)
06-29 19:01:44.741  1958  2022 I PackageManager: Un-granting permission android.permission.CHANGE_CONFIGURATION from package com.tiqiaa.remote (protectionLevel=50 flags=0x30c8be44)
06-29 19:01:44.741  1958  2022 I PackageManager: Un-granting permission android.permission.SET_DEBUG_APP from package com.tiqiaa.remote (protectionLevel=50 flags=0x30c8be44)
06-29 19:01:44.741  1958  2022 I PackageManager: Un-granting permission android.permission.WRITE_SETTINGS from package com.tiqiaa.remote (protectionLevel=1218 flags=0x30c8be44)
06-29 19:01:44.741  1958  2022 I PackageManager: Un-granting permission android.permission.DEVICE_POWER from package com.tiqiaa.remote (protectionLevel=2 flags=0x30c8be44)
06-29 19:01:44.741  1958  2022 I PackageManager: Un-granting permission com.android.launcher.permission.READ_SETTINGS from package com.tiqiaa.remote (protectionLevel=18 flags=0x30c8be44)
06-29 19:01:44.741  1958  2022 I PackageManager: Un-granting permission android.permission.INTERACT_ACROSS_USERS_FULL from package com.tiqiaa.remote (protectionLevel=258 flags=0x30c8be44)
06-29 19:01:44.741  1958  2022 I PackageManager: Un-granting permission android.permission.SYSTEM_ALERT_WINDOW from package com.tiqiaa.remote (protectionLevel=1250 flags=0x30c8be44)
06-29 19:01:44.741  1958  2022 I PackageManager: Un-granting permission android.permission.SEND_DOWNLOAD_COMPLETED_INTENTS from package com.tiqiaa.remote (protectionLevel=2 flags=0x30c8be44)
06-29 19:01:44.742  1958  2022 I PackageManager: Un-granting permission android.permission.DUMP from package com.digibites.accubattery (protectionLevel=50 flags=0x20c83e44)
06-29 19:01:44.742  1958  2022 I PackageManager: Un-granting permission android.permission.PACKAGE_USAGE_STATS from package com.digibites.accubattery (protectionLevel=114 flags=0x20c83e44)
06-29 19:01:44.742  1958  2022 I PackageManager: Un-granting permission android.permission.SYSTEM_ALERT_WINDOW from package com.digibites.accubattery (protectionLevel=1250 flags=0x20c83e44)
06-29 19:01:44.742  1958  2022 I PackageManager: Un-granting permission android.permission.START_ACTIVITIES_FROM_BACKGROUND from package com.android.mms (protectionLevel=49682 flags=0x38c9bee5)
06-29 19:01:44.742  1958  2022 I PackageManager: Un-granting permission com.xiaomi.simactivate.service.ACTIVATE_SIM from package com.android.mms (protectionLevel=2 flags=0x38c9bee5)
06-29 19:01:44.742  1958  2022 I PackageManager: Un-granting permission android.permission.WRITE_APN_SETTINGS from package com.android.mms (protectionLevel=18 flags=0x38c9bee5)
06-29 19:01:44.742  1958  2022 I PackageManager: Un-granting permission miui.permission.JOYOSE from package com.android.mms (protectionLevel=2 flags=0x38c9bee5)
06-29 19:01:44.742  1958  2022 I PackageManager: Un-granting permission com.miui.systemAdSolution.LOCAL_AD_PROVIDER from package com.android.mms (protectionLevel=2 flags=0x38c9bee5)
06-29 19:01:44.742  1958  2022 I PackageManager: Un-granting permission com.android.settings.permission.CLOUD_SETTINGS_PROVIDER from package com.android.mms (protectionLevel=18 flags=0x38c9bee5)
06-29 19:01:44.743  1958  2022 I PackageManager: Un-granting permission android.permission.ACCESS_DOWNLOAD_MANAGER frompackage com.microsoft.rdc.android (protectionLevel=18 flags=0x3098be44)
06-29 19:01:44.743  1958  2022 I PackageManager: Un-granting permission android.permission.REQUEST_INSTALL_PACKAGES from package com.apk.editor (protectionLevel=66 flags=0x20c8be44)
06-29 19:01:44.744  1958  2022 I PackageManager: Un-granting permission android.permission.REQUEST_INSTALL_PACKAGES from package com.google.android.gm (protectionLevel=66 flags=0x28dbbec5)
06-29 19:01:44.744  1958  2022 I PackageManager: Un-granting permission com.google.android.providers.gsf.permission.WRITE_GSERVICES from package com.google.android.apps.playconsole (protectionLevel=2 flags=0x2088be44)
06-29 19:01:44.745  1958  2022 I PackageManager: Un-granting permission android.permission.WRITE_SECURE_SETTINGS from package com.android.printspooler (protectionLevel=50 flags=0x38c8be45)
06-29 19:01:44.746  1958  2022 I PackageManager: Un-granting permission android.permission.CHANGE_CONFIGURATION from package com.duokan.phone.remotecontroller (protectionLevel=50 flags=0x20983e44)
06-29 19:01:44.746  1958  2022 I PackageManager: Un-granting permission android.permission.CAPTURE_AUDIO_OUTPUT from package com.duokan.phone.remotecontroller (protectionLevel=18 flags=0x20983e44)
06-29 19:01:44.746  1958  2022 I PackageManager: Un-granting permission com.xiaomi.permission.CLOUD_MANAGER from package com.duokan.phone.remotecontroller (protectionLevel=18 flags=0x20983e44)
06-29 19:01:44.746  1958  2022 I PackageManager: Un-granting permission com.android.launcher.permission.READ_SETTINGS from package com.duokan.phone.remotecontroller (protectionLevel=18 flags=0x20983e44)
06-29 19:01:44.746  1958  2022 I PackageManager: Un-granting permission android.permission.WRITE_SETTINGS from package com.duokan.phone.remotecontroller (protectionLevel=1218 flags=0x20983e44)
06-29 19:01:44.746  1958  2022 I PackageManager: Un-granting permission com.miui.securitycenter.permission.SYSTEM_PERMISSION_DECLARE from package com.duokan.phone.remotecontroller (protectionLevel=18 flags=0x20983e44)
06-29 19:01:44.746  1958  2022 I PackageManager: Un-granting permission android.permission.MOUNT_UNMOUNT_FILESYSTEMS from package com.duokan.phone.remotecontroller (protectionLevel=18 flags=0x20983e44)
06-29 19:01:44.747  1958  2022 I PackageManager: Un-granting permission android.permission.REAL_GET_TASKS from package com.google.android.apps.wellbeing (protectionLevel=18 flags=0x20cbbec5)
06-29 19:01:44.747  1958  2022 I PackageManager: Un-granting permission android.permission.START_TASKS_FROM_RECENTS from package com.google.android.apps.wellbeing (protectionLevel=18 flags=0x20cbbec5)
06-29 19:01:44.747  1958  2022 I PackageManager: Un-granting permission android.permission.MODIFY_DAY_NIGHT_MODE from package com.google.android.apps.wellbeing (protectionLevel=18 flags=0x20cbbec5)
06-29 19:01:44.747  1958  2022 I PackageManager: Un-granting permission android.permission.REQUEST_INSTALL_PACKAGES from package com.google.android.apps.docs (protectionLevel=66 flags=0x28cbbe44)
06-29 19:01:44.748  1958  2022 I PackageManager: Un-granting permission android.permission.SYSTEM_ALERT_WINDOW from package com.frontrow.vlog (protectionLevel=1250 flags=0x38983c44)
06-29 19:01:44.748  1958  2022 I PackageManager: Un-granting permission android.permission.ACCESS_MTP from package com.miui.cloudbackup (protectionLevel=18 flags=0x20d83ec5)
06-29 19:01:44.748  1958  2022 I PackageManager: Un-granting permission android.permission.SYSTEM_ALERT_WINDOW from package com.opera.browser (protectionLevel=1250 flags=0xa4c9be44)
06-29 19:01:44.748  1958  2022 I PackageManager: Un-granting permission android.permission.REQUEST_INSTALL_PACKAGES from package com.opera.browser (protectionLevel=66 flags=0xa4c9be44)
06-29 19:01:44.748  1958  2022 I PackageManager: Un-granting permission android.permission.INTERACT_ACROSS_USERS from package com.google.android.syncadapters.contacts (protectionLevel=50 flags=0x20883e45)
06-29 19:01:44.749  1958  2022 I PackageManager: Un-granting permission android.permission.REQUEST_INSTALL_PACKAGES from package com.android.chrome (protectionLevel=66 flags=0xa0cbbec5)
06-29 19:01:44.749  1958  2022 I PackageManager: Un-granting permission android.permission.SYSTEM_ALERT_WINDOW from package com.teamsmart.videomanager.tv (protectionLevel=1250 flags=0x38d83e44)
06-29 19:01:44.749  1958  2022 I PackageManager: Un-granting permission android.permission.READ_PRIVILEGED_PHONE_STATE from package com.teamsmart.videomanager.tv (protectionLevel=18 flags=0x38d83e44)
06-29 19:01:44.749  1958  2022 I PackageManager: Un-granting permission android.permission.REQUEST_INSTALL_PACKAGES from package com.teamsmart.videomanager.tv (protectionLevel=66 flags=0x38d83e44)
06-29 19:01:44.750  1958  2022 I PackageManager: Un-granting permission android.permission.WRITE_EMBEDDED_SUBSCRIPTIONSfrom package com.google.android.gms (protectionLevel=50 flags=0xa0cabec5)
06-29 19:01:44.750  1958  2022 I PackageManager: Un-granting permission android.permission.CAPTURE_VIDEO_OUTPUT from package com.google.android.gms (protectionLevel=2 flags=0xa0cabec5)
06-29 19:01:44.750  1958  2022 I PackageManager: Un-granting permission android.permission.FORCE_STOP_PACKAGES from package com.google.android.gms (protectionLevel=18 flags=0xa0cabec5)
06-29 19:01:44.750  1958  2022 I PackageManager: Un-granting permission android.permission.MODIFY_DEFAULT_AUDIO_EFFECTSfrom package com.google.android.gms (protectionLevel=18 flags=0xa0cabec5)
06-29 19:01:44.750  1958  2022 I PackageManager: Un-granting permission android.permission.MANAGE_DEVICE_ADMINS from package com.google.android.gms (protectionLevel=2 flags=0xa0cabec5)
06-29 19:01:44.750  1958  2022 I PackageManager: Un-granting permission android.permission.MANAGE_ACTIVITY_STACKS from package com.google.android.gms (protectionLevel=2 flags=0xa0cabec5)
06-29 19:01:44.750  1958  2022 I PackageManager: Un-granting permission android.permission.CAPTURE_SECURE_VIDEO_OUTPUT from package com.google.android.gms (protectionLevel=2 flags=0xa0cabec5)
06-29 19:01:44.751  1958  2022 I PackageManager: Un-granting permission android.permission.MANAGE_ROLLBACKS from package com.google.android.gms (protectionLevel=514 flags=0xa0cabec5)
06-29 19:01:44.751  1958  2022 I PackageManager: Un-granting permission android.permission.MEDIA_CONTENT_CONTROL from package com.google.android.gms (protectionLevel=18 flags=0xa0cabec5)
06-29 19:01:44.751  1958  2022 I PackageManager: Un-granting permission android.permission.HIDE_NON_SYSTEM_OVERLAY_WINDOWS from package com.google.android.gms (protectionLevel=258 flags=0xa0cabec5)
06-29 19:01:44.751  1958  2022 I PackageManager: Un-granting permission android.permission.UPDATE_APP_OPS_STATS from package com.google.android.tts (protectionLevel=274 flags=0x34cbbec5)
06-29 19:01:44.751  1958  2022 I PackageManager: Un-granting permission android.permission.START_ACTIVITIES_FROM_BACKGROUND from package com.google.android.tts (protectionLevel=49682 flags=0x34cbbec5)
06-29 19:01:44.751  1958  2022 I PackageManager: Un-granting permission android.permission.CHANGE_DEVICE_IDLE_TEMP_WHITELIST from package app.revanced.android.gms (protectionLevel=18 flags=0xb088be44)
06-29 19:01:44.751  1958  2022 I PackageManager: Un-granting permission android.permission.UPDATE_APP_OPS_STATS from package app.revanced.android.gms (protectionLevel=274 flags=0xb088be44)
06-29 19:01:44.751  1958  2022 I PackageManager: Un-granting permission android.permission.LOCATION_HARDWARE from package app.revanced.android.gms (protectionLevel=18 flags=0xb088be44)
06-29 19:01:44.751  1958  2022 I PackageManager: Un-granting permission android.permission.INSTALL_LOCATION_PROVIDER from package app.revanced.android.gms (protectionLevel=18 flags=0xb088be44)
06-29 19:01:44.751  1958  2022 I PackageManager: Un-granting permission android.permission.NETWORK_SCAN from package app.revanced.android.gms (protectionLevel=18 flags=0xb088be44)
06-29 19:01:44.751  1958  2022 I PackageManager: Un-granting permission android.permission.MODIFY_PHONE_STATE from package app.revanced.android.gms (protectionLevel=18 flags=0xb088be44)
06-29 19:01:44.751  1958  2022 I PackageManager: Un-granting permission android.permission.SYSTEM_ALERT_WINDOW from package app.revanced.android.gms (protectionLevel=1250 flags=0xb088be44)
06-29 19:01:44.751  1958  2022 I PackageManager: Un-granting permission android.permission.MANAGE_USB from package app.revanced.android.gms (protectionLevel=18 flags=0xb088be44)
06-29 19:01:44.752  1958  2022 I PackageManager: Un-granting permission android.permission.START_ACTIVITIES_FROM_BACKGROUND from package app.revanced.android.gms (protectionLevel=49682 flags=0xb088be44)
06-29 19:01:44.752  1958  2022 I PackageManager: Un-granting permission android.permission.UPDATE_DEVICE_STATS from package app.revanced.android.gms (protectionLevel=18 flags=0xb088be44)
06-29 19:01:44.752  1958  2022 I PackageManager: Un-granting permission android.permission.WATCH_APPOPS from package app.revanced.android.gms (protectionLevel=18 flags=0xb088be44)
06-29 19:01:44.753  1958  2022 I PackageManager: Un-granting permission android.permission.SYSTEM_ALERT_WINDOW from package com.gmail.heagoo.apkeditor.pro (protectionLevel=1250 flags=0x3898be44)
06-29 19:01:44.753  1958  2022 I PackageManager: Un-granting permission android.permission.PACKAGE_USAGE_STATS from package com.gmail.heagoo.apkeditor.pro (protectionLevel=114 flags=0x3898be44)
06-29 19:01:44.753  1958  2022 I PackageManager: Un-granting permission android.permission.REQUEST_INSTALL_PACKAGES from package com.gmail.heagoo.apkeditor.pro (protectionLevel=66 flags=0x3898be44)
06-29 19:01:44.754  1958  2022 I PackageManager: Un-granting permission android.permission.WRITE_SETTINGS from package com.jio.myjio (protectionLevel=1218 flags=0x38d83e44)
06-29 19:01:44.754  1958  2022 I PackageManager: Un-granting permission android.permission.INTERACT_ACROSS_USERS from package com.jio.myjio (protectionLevel=50 flags=0x38d83e44)
06-29 19:01:44.754  1958  2022 I PackageManager: Un-granting permission android.permission.READ_PRIVILEGED_PHONE_STATE from package com.jio.myjio (protectionLevel=18 flags=0x38d83e44)
06-29 19:01:44.754  1958  2022 I PackageManager: Un-granting permission android.permission.CAPTURE_VIDEO_OUTPUT from package com.jio.myjio (protectionLevel=2 flags=0x38d83e44)
06-29 19:01:44.754  1958  2022 I PackageManager: Un-granting permission android.permission.BROADCAST_SMS from package com.jio.myjio (protectionLevel=2 flags=0x38d83e44)
06-29 19:01:44.755  1958  2022 I PackageManager: Un-granting permission android.permission.SYSTEM_ALERT_WINDOW from package com.google.android.apps.photos (protectionLevel=1250 flags=0x38dbbe44)
06-29 19:01:44.755  1958  2022 I PackageManager: Un-granting permission android.permission.WRITE_SETTINGS from package com.google.android.apps.photos (protectionLevel=1218 flags=0x38dbbe44)
06-29 19:01:44.755  1958  2022 I PackageManager: Un-granting permission android.permission.WRITE_MEDIA_STORAGE from package com.google.android.apps.photos (protectionLevel=18 flags=0x38dbbe44)
06-29 19:01:44.756  1958  2022 I PackageManager: Un-granting permission android.permission.SYSTEM_ALERT_WINDOW from package com.wondershare.filmorago (protectionLevel=1250 flags=0x38d83e44)
06-29 19:01:44.756  1958  2022 I PackageManager: Un-granting permission com.android.launcher.permission.READ_SETTINGS from package com.wondershare.filmorago (protectionLevel=18 flags=0x38d83e44)
06-29 19:01:44.756  1958  2022 I PackageManager: Un-granting permission com.android.launcher.permission.WRITE_SETTINGS from package com.wondershare.filmorago (protectionLevel=18 flags=0x38d83e44)
06-29 19:01:44.756  1958  2022 I PackageManager: Un-granting permission android.permission.SYSTEM_ALERT_WINDOW from package com.dv.adm (protectionLevel=1250 flags=0x2888be44)
06-29 19:01:44.756  1958  2022 I PackageManager: Un-granting permission android.permission.WRITE_SETTINGS from package com.valvesoftware.android.steam.community (protectionLevel=1218 flags=0x20883e44)
06-29 19:01:44.756  1958  2022 I PackageManager: Un-granting permission android.permission.REQUEST_INSTALL_PACKAGES from package com.yablio.sendfilestotv (protectionLevel=66 flags=0x30c8be44)
06-29 19:01:44.757  1958  2022 I PackageManager: Un-granting permission android.permission.REQUEST_INSTALL_PACKAGES from package org.mozilla.firefox (protectionLevel=66 flags=0x38c83e44)
06-29 19:01:44.757  1958  2022 I PackageManager: Un-granting permission android.permission.SYSTEM_ALERT_WINDOW from package com.google.android.apps.translate (protectionLevel=1250 flags=0x34c9be44)
06-29 19:01:44.759  1958  2022 I PackageManager: Un-granting permission miui.permission.EXTRA_NETWORK from package com.miui.weather2 (protectionLevel=18 flags=0x30c9bec5)
06-29 19:01:44.759  1958  2022 I PackageManager: Un-granting permission com.miui.securitycenter.permission.SYSTEM_PERMISSION_DECLARE from package com.miui.weather2 (protectionLevel=18 flags=0x30c9bec5)
06-29 19:01:44.759  1958  2022 I PackageManager: Un-granting permission com.miui.bugreport.permission.DUMP_CACHED_LOG from package com.miui.weather2 (protectionLevel=2 flags=0x30c9bec5)
06-29 19:01:44.759  1958  2022 I PackageManager: Un-granting permission com.google.android.finsky.permission.GEARHEAD_SERVICE from package com.google.android.projection.gearhead (protectionLevel=18 flags=0x2888bec5)
06-29 19:01:44.759  1958  2022 I PackageManager: Un-granting permission android.permission.CHANGE_COMPONENT_ENABLED_STATE from package com.google.android.projection.gearhead (protectionLevel=18 flags=0x2888bec5)
06-29 19:01:44.759  1958  2022 I PackageManager: Un-granting permission android.permission.UPDATE_APP_OPS_STATS from package com.google.android.projection.gearhead (protectionLevel=274 flags=0x2888bec5)
06-29 19:01:44.759  1958  2022 I PackageManager: Un-granting permission android.permission.POWER_SAVER from package com.google.android.projection.gearhead (protectionLevel=18 flags=0x2888bec5)
06-29 19:01:44.759  1958  2022 I PackageManager: Un-granting permission android.permission.TETHER_PRIVILEGED from package com.google.android.projection.gearhead (protectionLevel=18 flags=0x2888bec5)
06-29 19:01:44.759  1958  2022 I PackageManager: Un-granting permission android.permission.INTERACT_ACROSS_PROFILES from package com.google.android.projection.gearhead (protectionLevel=18 flags=0x2888bec5)
06-29 19:01:44.760  1958  2022 I PackageManager: Un-granting permission android.permission.CAPTURE_SECURE_VIDEO_OUTPUT from package com.google.android.projection.gearhead (protectionLevel=2 flags=0x2888bec5)
06-29 19:01:44.760  1958  2022 I PackageManager: Un-granting permission android.permission.MANAGE_DOCUMENTS from package cn.xender (protectionLevel=262146 flags=0x30d83e44)
06-29 19:01:44.760  1958  2022 I PackageManager: Un-granting permission android.permission.MOUNT_UNMOUNT_FILESYSTEMS from package cn.xender (protectionLevel=18 flags=0x30d83e44)
06-29 19:01:44.760  1958  2022 I PackageManager: Un-granting permission android.permission.NETWORK_STACK from package cn.xender (protectionLevel=2 flags=0x30d83e44)
06-29 19:01:44.760  1958  2022 I PackageManager: Un-granting permission android.permission.SYSTEM_ALERT_WINDOW from package cn.xender (protectionLevel=1250 flags=0x30d83e44)
06-29 19:01:44.760  1958  2022 I PackageManager: Un-granting permission android.permission.WRITE_SETTINGS from package cn.xender (protectionLevel=1218 flags=0x30d83e44)
06-29 19:01:44.760  1958  2022 I PackageManager: Un-granting permission android.permission.CHANGE_CONFIGURATION from package cn.xender (protectionLevel=50 flags=0x30d83e44)
06-29 19:01:44.760  1958  2022 I PackageManager: Un-granting permission android.permission.REQUEST_INSTALL_PACKAGES from package cn.xender (protectionLevel=66 flags=0x30d83e44)
06-29 19:01:44.760  1958  2022 I PackageManager: Un-granting permission com.android.launcher.permission.READ_SETTINGS from package cn.xender (protectionLevel=18 flags=0x30d83e44)
06-29 19:01:44.760  1958  2022 I PackageManager: Un-granting permission com.android.launcher.permission.WRITE_SETTINGS from package cn.xender (protectionLevel=18 flags=0x30d83e44)
06-29 19:01:44.760  1958  2022 I PackageManager: Un-granting permission com.google.android.googleapps.permission.GOOGLE_AUTH.mail from package com.xiaomi.calendar (protectionLevel=2 flags=0x38c9bec5)
06-29 19:01:44.763  1958  2022 I PackageManager: Un-granting permission android.permission.SYSTEM_ALERT_WINDOW from package com.iprototypes.volume (protectionLevel=1250 flags=0x3088be44)
06-29 19:01:44.763  1958  2022 I PackageManager: Un-granting permission android.permission.REQUEST_INSTALL_PACKAGES from package com.wondershare.drfone.link (protectionLevel=66 flags=0x30c8be44)
06-29 19:01:44.763  1958  2022 I PackageManager: Un-granting permission android.permission.ACCESS_MOCK_LOCATION from package com.wondershare.drfone.link (protectionLevel=2 flags=0x30c8be44)
06-29 19:01:44.763  1958  2022 I PackageManager: Un-granting permission android.permission.WRITE_SETTINGS from package com.wondershare.drfone.link (protectionLevel=1218 flags=0x30c8be44)
06-29 19:01:44.763  1958  2022 I PackageManager: Un-granting permission android.permission.DEVICE_POWER from package com.wondershare.drfone.link (protectionLevel=2 flags=0x30c8be44)
06-29 19:01:44.763  1958  2022 I PackageManager: Un-granting permission android.permission.MOUNT_UNMOUNT_FILESYSTEMS from package com.wondershare.drfone.link (protectionLevel=18 flags=0x30c8be44)
06-29 19:01:44.763  1958  2022 I PackageManager: Un-granting permission android.permission.INSTALL_PACKAGES from package com.wondershare.drfone.link (protectionLevel=18 flags=0x30c8be44)
06-29 19:01:44.763  1958  2022 I PackageManager: Un-granting permission android.permission.DELETE_PACKAGES from packagecom.wondershare.drfone.link (protectionLevel=18 flags=0x30c8be44)
06-29 19:01:44.763  1958  2022 I PackageManager: Un-granting permission android.permission.CLEAR_APP_CACHE from packagecom.wondershare.drfone.link (protectionLevel=18 flags=0x30c8be44)
06-29 19:01:44.763  1958  2022 I PackageManager: Un-granting permission com.android.launcher.permission.READ_SETTINGS from package com.wondershare.drfone.link (protectionLevel=18 flags=0x30c8be44)
06-29 19:01:44.763  1958  2022 I PackageManager: Un-granting permission android.permission.UPDATE_DEVICE_STATS from package com.wondershare.drfone.link (protectionLevel=18 flags=0x30c8be44)
06-29 19:01:44.763  1958  2022 I PackageManager: Un-granting permission android.permission.MODIFY_PHONE_STATE from package com.wondershare.drfone.link (protectionLevel=18 flags=0x30c8be44)
06-29 19:01:44.765  1958  2022 I PackageManager: Un-granting permission android.permission.SYSTEM_ALERT_WINDOW from package info.kfsoft.force.rotation (protectionLevel=1250 flags=0x20883e44)
06-29 19:01:44.765  1958  2022 I PackageManager: Un-granting permission android.permission.PACKAGE_USAGE_STATS from package info.kfsoft.force.rotation (protectionLevel=114 flags=0x20883e44)
06-29 19:01:44.765  1958  2022 I PackageManager: Un-granting permission com.xiaomi.permission.CLOUD_MANAGER from package com.mipay.wallet.in (protectionLevel=18 flags=0x38c83e45)
06-29 19:01:44.765  1958  2022 I PackageManager: Un-granting permission android.permission.REQUEST_INSTALL_PACKAGES from package com.mipay.wallet.in (protectionLevel=66 flags=0x38c83e45)
06-29 19:01:44.766  1958  2022 I PackageManager: Un-granting permission android.permission.READ_PRIVILEGED_PHONE_STATE from package com.miui.core (protectionLevel=18 flags=0x28883e05)
06-29 19:01:44.767  1958  2022 I PackageManager: Un-granting permission android.permission.INTERACT_ACROSS_PROFILES from package com.google.android.inputmethod.latin (protectionLevel=18 flags=0x20cabec5)
06-29 19:01:44.904  1958  2022 W FileUtils: Slow Operation: fsync took 104ms
