07-03 20:47:34.941   613  2254 D OemNetd : setLimit: disable, rate=0
07-03 20:47:35.154  1958  3906 W ActivityManager: Receiver with filter android.content.IntentFilter@fa2fb25 already registered for pid 19092, callerPackage is com.miui.msa.global
07-03 20:47:35.155  1958  3906 W ActivityManager: Receiver with filter android.content.IntentFilter@48864fa already registered for pid 19092, callerPackage is com.miui.msa.global
07-03 20:47:35.156   511   511 I hwservicemanager: getTransport: Cannot find entry vendor.qti.hardware.servicetracker@1.0::IServicetracker/default in either framework or device manifest.
07-03 20:47:35.158 19092 19204 W AD-PLUGIN-FirebaseReportHelper: user_experienceFlag == false
07-03 20:47:35.161 19092 19204 W FirebaseRemoteConfig: No value of type 'Boolean' exists for parameter key 'report_ad_info'.
07-03 20:47:35.458  1958  1996 W WindowManager: Unable to start animation, surface is null or no children.
07-03 20:47:36.487   511   511 I hwservicemanager: getTransport: Cannot find entry vendor.qti.hardware.servicetracker@1.0::IServicetracker/default in either framework or device manifest.
07-03 20:47:36.664  3633  3633 I CNSS    : Failed to send nl message
07-03 20:47:36.674  3633  3633 I chatty  : uid=1000(system) /system/vendor/bin/cnss_diag identical 14 lines
07-03 20:47:36.675  3633  3633 I CNSS    : Failed to send nl message
07-03 20:47:36.695   511   511 I hwservicemanager: getTransport: Cannot find entry vendor.qti.hardware.servicetracker@1.0::IServicetracker/default in either framework or device manifest.
07-03 20:47:36.904  1958  1958 W WindowManager: removeWindowToken: Attempted to remove non-existing token: android.os.Binder@7fa5db8
07-03 20:47:36.959   511   511 I chatty  : uid=1000(system) hwservicemanage identical 3 lines
07-03 20:47:36.962   511   511 I hwservicemanager: getTransport: Cannot find entry vendor.qti.hardware.servicetracker@1.0::IServicetracker/default in either framework or device manifest.
07-03 20:47:37.208  1958  2104 I MiuiNetworkPolicy: updateUidState uid = 1000, uidState = 0
07-03 20:47:37.304   511   511 I hwservicemanager: getTransport: Cannot find entry vendor.qti.hardware.servicetracker@1.0::IServicetracker/default in either framework or device manifest.
07-03 20:47:38.403  3633  3633 I CNSS    : Failed to send nl message
07-03 20:47:38.423  3633  3633 I chatty  : uid=1000(system) /system/vendor/bin/cnss_diag identical 12 lines
07-03 20:47:38.423  3633  3633 I CNSS    : Failed to send nl message
07-03 20:47:38.461 19092 19104 I miui.msa.globa: WaitForGcToComplete blocked CollectorTransition on ProfileSaver for 8.148ms
07-03 20:47:38.613  3633  3633 I CNSS    : Failed to send nl message
07-03 20:47:38.631  3633  3633 I chatty  : uid=1000(system) /system/vendor/bin/cnss_diag identical 3 lines
07-03 20:47:38.633  3633  3633 I CNSS    : Failed to send nl message
07-03 20:47:38.641 17291 17362 I adva    : dispose()
07-03 20:47:39.253  2181  2181 D KeyguardUpdateMonitor: received broadcast android.intent.action.BATTERY_CHANGED
07-03 20:47:39.256 25666 25666 I BatteryInfoReceiver: ACTION_BATTERY_CHANGED
07-03 20:47:39.256 25666 25666 I PowerSaveService: onReceive: android.intent.action.BATTERY_CHANGED
07-03 20:47:39.256  5413  5606 D PowerCheckerService: onBatteryChanged, mBatteryLevel = 98, status = 2, level = 98, plug = 2, scale = 100
07-03 20:47:39.257  2513  2513 D QtiCarrierConfigHelper: WARNING, no carrier configs on phone Id: 0
07-03 20:47:39.258 25666 25666 I PowerNoticeUI: handleBatteryChanged oldPlugType 2 mPlugType 2 oldBatteryLevel 98 mBatteryLevel 98 temperature 341
07-03 20:47:39.408  3633  3633 I CNSS    : Failed to send nl message
07-03 20:47:39.695  3633  3633 I chatty  : uid=1000(system) /system/vendor/bin/cnss_diag identical 15 lines
07-03 20:47:39.695  3633  3633 I CNSS    : Failed to send nl message
07-03 20:47:39.944   613  2254 D OemNetd : setLimit: enable, rate=0
07-03 20:47:40.408  3633  3633 I CNSS    : Failed to send nl message
07-03 20:47:40.459   511   511 I hwservicemanager: getTransport: Cannot find entry vendor.qti.hardware.servicetracker@1.0::IServicetracker/default in either framework or device manifest.
07-03 20:47:40.464  1958  2104 I MiuiNetworkPolicy: updateUidState uid = 99262, uidState = 9
07-03 20:47:40.464  1958  2104 I MiuiNetworkPolicy: updateUidState uid = 10185, uidState = 3
07-03 20:47:40.715  3633  3633 I CNSS    : Failed to send nl message
07-03 20:47:42.006 25324 25324 D EventBus: No subscribers registered for event class com.miui.home.launcher.common.messages.EndSpringAnimatorMessage
07-03 20:47:42.006 25324 25324 D EventBus: No subscribers registered for event class org.greenrobot.eventbus.NoSubscriberEvent
07-03 20:47:42.007 25324 25324 D FeedSwipeController: touchState : 0 scrolling : false normalEditing : false WidgetThumbnailViewShowing : false UninstallDialogShowing : false isMinusScreenShowing: false
07-03 20:47:42.007 25324 25324 D FeedSwipeController: can not use
07-03 20:47:42.007 25324 25324 D Launcher.StatusBarController: try intercept touch, isProxySurvive=true
07-03 20:47:42.008 25324 25324 D Launcher.Workspace: Workspace touch down
07-03 20:47:42.008 25324 25324 D ScreenView_Workspace: onIntercept:0.0
07-03 20:47:42.008 25324 25324 D ScreenView_Workspace: not intercept
07-03 20:47:42.008 25324 25324 D Launcher.CellLayout: touch item:ShortcutInfo, id=552, itemType=0, user=UserHandle{0}, mIconType=0, pkgName=com.BHG.gurbani, className=com.BHG.gurbani.SplashActivity, screenId=5, container=-100, cellX=2, cellY=2, spanX=1, spanY=1, isLandscapePos=false
07-03 20:47:42.009 25324 25324 D Launcher.itemIcon: folmeDown
07-03 20:47:42.022 25324 30753 D Launcher_dispatchTouchEvent_View: [motionEvent view:]
07-03 20:47:42.022 25324 30753 D Launcher_dispatchTouchEvent_View: 47:42.011 View=com.miui.home.launcher.ShortcutMenuLayer{93f4c09 V.E...... ........ 0,0-1080,2340 #7f0a022b app:id/shortcut_menu_layer}
07-03 20:47:42.022 25324 30753 D Launcher_dispatchTouchEvent_View: 47:42.011 View=com.miui.home.launcher.DragLayer{c477341 V.E...... ........ 0,0-1080,2340 #7f0a00e7 app:id/drag_layer}
07-03 20:47:42.022 25324 30753 D Launcher_dispatchTouchEvent_View: 47:42.011 View=com.miui.home.launcher.search.SearchEdgeLayout{4d010e6 V.ED..... ........ 0,0-1080,2340 #7f0a01e7 app:id/screen}
07-03 20:47:42.022 25324 30753 D Launcher_dispatchTouchEvent_View: 47:42.011 View=com.miui.home.launcher.FitSystemWindowView{9a17627 V.E...... ........ 0,0-1080,2340 #7f0a01e8 app:id/screen_content}
07-03 20:47:42.022 25324 30753 D Launcher_dispatchTouchEvent_View: 47:42.011 View=com.miui.home.launcher.Workspace{4e960d4 V.E...... ........ 0,0-1080,2213 #7f0a02c8 app:id/workspace}
07-03 20:47:42.022 25324 30753 D Launcher_dispatchTouchEvent_View: 47:42.019 View=com.miui.home.launcher.CellScreen{bdc2782 V.E...... ........ 4320,78-5400,2213}
07-03 20:47:42.022 25324 30753 D Launcher_dispatchTouchEvent_View: 47:42.022 View= mHCells=4 mVCells=6 mTotalCells=24 mCellXY[0]=3 mCellXY[1]=5 childCount=11 EmptyCellsNum=13   [ tag 0 =com.miui.home.launcher.ShortcutIcon{9de32cc VFE...CL......... 32,82-286,368}(Telegram)| childWidth 0 =254| childHeight 0 =286| childTranslationX 0 =0.0| childTranslationY 0=0.0| childX 0 =32.0|  childY 0 =82.0|  childAlpha 0 =1.0] [ tag 1 =com.miui.home.launcher.ShortcutIcon{c876bda VFE...CL. ........ 286,82-540,368}(Dr.Fone Link)| childWidth 1 =254| childHeight 1 =286| childTranslationX 1 =0.0| childTranslationY 1 =0.0| childX 1 =286.0|  childY 1 =82.0|  childAlpha 1 =1.0] [ tag 2 =com.miui.home.launcher.ShortcutIcon{d027f8aVFE...CL. ........ 540,82-794,368}(Winlator)| childWidth 2 =254| childHeight 2 =286| childTranslationX 2 =0.0| childTranslationY 2 =0.0| childX 2 =540.0|  childY 2 =82.0|  childAlpha 2 =1.0] [ tag 3 =com.miui.home.launcher.ShortcutIcon{a08f665 VFE...CL. ........ 794,82-1048,368}(Horizon Emu)| childWidth 3 =254| childHeight 3 =286| childTranslationX 3 =0.0| childTranslationY 3 =0.0| childX 3 =794.0|  childY 3 =82.0|  childAlpha 3 =1.0] [ tag 4 =com.miui.home.launcher.ShortcutIcon{d308aea VFE...CL. ........ 32,373-286,659}(Gangster Open World Online)| childWidth 4 =254| childHeight 4 =286| childTranslationX 4 =0.0| childTranslationY 4 =0.0| childX 4 =32.0|  childY 4 =373.0|  childAlpha 4 =1.0] [ tag 5 =com.miui.home.launcher.ShortcutIcon{cf9829a VFE...CL. ........ 286,373-540,659}(Dead Zone: Zombie Shooter 3D)| childWidth 5 =254|childHeight 5 =286| childTranslationX 5 =0.0| childTranslationY 5 =0.0| childX 5 =286.0|  childY 5 =373.0|  childAlpha 5 =1.0] [ tag 6 =com.miui.home.launcher.ShortcutIcon{887c64a VFE...CL. ........ 540,373-794,659}(Street Parking)| childWidth 6 =254| childHeight 6 =286| childTranslationX 6 =0.0| childTranslationY 6 =0.0| childX 6 =540.0|  childY 6 =373.0|childAlpha 6 =1.0] [ tag 7 =com.miui.home.launcher.ShortcutIcon{125101e VFE...CL. ........ 794,373-1048,659}(WhatsApp)|childWidth 7 =254| childHeight 7 =286| childTranslationX 7 =0.0| childTranslationY 7 =0.0| childX 7 =794.0|  childY 7 =373.0|  childAlpha 7 =1.0] [ tag 8 =com.miui.home.launcher.ShortcutIcon{4428877 VFE...CL. ........ 32,664-286,950}(Shidull)| childWidth 8 =254| childHeight 8 =286| childTranslationX 8 =0.0| childTranslationY 8 =0.0| childX 8 =32.0|  childY 8 =664.0|  childAlpha 8 =1.0] [ tag 9 =com.miui.home.launcher.ShortcutIcon{1f9f568 VFE...CL. ........ 286,664-540,950}(GurbaniStatus)| childWidth 9 =254| childHeight 9 =286| childTranslationX 9 =0.0| childTranslationY 9 =0.0| childX 9 =286.0|  childY 9 =664.0|  childAlpha 9 =1.0] [ tag 10 =com.miui.home.launcher.ShortcutIcon{217dec4 VFE...CL. ...P.... 540,664-794,950}(Gurbani Status)| childWidth 10 =254| childHeight 10 =286| childTranslationX 10 =0.0| childTranslationY 10 =0.0| childX 10 =540.0|  childY 10 =664.0|  childAlpha 10 =1.0]
07-03 20:47:42.022 25324 30753 D Launcher_dispatchTouchEvent_View: 47:42.022 View=com.miui.home.launcher.ShortcutIcon{217dec4 VFE...CL. ...P.... 540,664-794,950}(Gurbani Status)
07-03 20:47:42.326 25324 25324 D Launcher.CellLayout: updateCellOccupiedMarks, remove, ShortcutInfo, id=552, itemType=0, user=UserHandle{0}, mIconType=0, pkgName=com.BHG.gurbani, className=com.BHG.gurbani.SplashActivity, screenId=5, container=-100, cellX=2, cellY=2, spanX=1, spanY=1, isLandscapePos=false
07-03 20:47:42.326 25324 25324 D EventBus: No subscribers registered for event class com.miui.home.launcher.common.messages.CellLayoutMessage
07-03 20:47:42.326 25324 25324 D EventBus: No subscribers registered for event class org.greenrobot.eventbus.NoSubscriberEvent
07-03 20:47:42.326 25324 25324 D Launcher.itemIcon: folmeUp
07-03 20:47:42.327 25324 25324 D ForceDarkHelper: updateByCheckExcludeList: pkg: com.miui.home activity: com.miui.home.launcher.Launcher@e938a99
07-03 20:47:42.327 25324 25324 D Launcher_DragView: new DragView:ShortcutInfo, id=552, itemType=0, user=UserHandle{0}, mIconType=0, pkgName=com.BHG.gurbani, className=com.BHG.gurbani.SplashActivity
07-03 20:47:42.330 25324 25324 D Launcher.DragController: action_drag_on
07-03 20:47:42.332 25324 25324 D Launcher: edit state changed from 7 to 17
07-03 20:47:42.332 25324 25324 D Launcher.MultiSelectMonitor: EditStateChangedMessageHandler, state=17
07-03 20:47:42.332 25324 25324 D Launcher.DropTargetBar: update uninstall active when NO drag, active=false (edit=17, isUninstallDialogShowing=false, isWidgetPreviewShowing=false, isDefaultScreenPreviewShowing=false, isMenuVisible=false)
07-03 20:47:42.332 25324 25324 D Launcher.MultiSelectMonitor: needShowGroupContainerOrFinishContainer, mEditModeState=17, mIsWidgetsPreviewLayoutVisible=false, mIsDefaultScreenPreviewVisible=false, mIsMenuVisible=false, isUninstallDialogShowing=false, mIsDragging=true
07-03 20:47:42.332 25324 25324 D Launcher.MultiSelectMonitor: needShowGroupContainerOrFinishContainer, mEditModeState=17, mIsWidgetsPreviewLayoutVisible=false, mIsDefaultScreenPreviewVisible=false, mIsMenuVisible=false, isUninstallDialogShowing=false, mIsDragging=true
07-03 20:47:42.334 25324 25324 D EventBus: No subscribers registered for event class com.miui.home.launcher.common.messages.CellLayoutMessage
07-03 20:47:42.334 25324 25324 D EventBus: No subscribers registered for event class org.greenrobot.eventbus.NoSubscriberEvent
07-03 20:47:42.334 25324 25324 D EventBus: No subscribers registered for event class com.miui.home.launcher.common.messages.DragMessage
07-03 20:47:42.334 25324 25324 D EventBus: No subscribers registered for event class org.greenrobot.eventbus.NoSubscriberEvent
07-03 20:47:42.335 25324 25324 D Launcher.CellLayout: updateCellOccupiedMarks, remove, ShortcutInfo, id=552, itemType=0, user=UserHandle{0}, mIconType=0, pkgName=com.BHG.gurbani, className=com.BHG.gurbani.SplashActivity, screenId=5, container=-100, cellX=2, cellY=2, spanX=1, spanY=1, isLandscapePos=false
07-03 20:47:42.335 25324 25324 D Launcher.DragLayer: findActiveController, com.miui.home.launcher.WidgetResizeDragController@b9d864b
07-03 20:47:42.335 25324 25324 D Launcher.Workspace: Workspace touch up or cancel
07-03 20:47:42.335 25324 26142 I RenderThread: RenderThread resumed
07-03 20:47:42.335 25324 26142 I RenderThread: All controllers paused.
07-03 20:47:42.335 25324 26142 I RenderThread: RenderThread paused, waiting for signal
07-03 20:47:42.336 25324 25623 D Launcher.ShortcutMenuManager: show systemMenuItem, title=Share
07-03 20:47:42.337 25324 25623 D Launcher.ShortcutMenuManager: show systemMenuItem, title=App info
07-03 20:47:42.338 25324 25623 D Launcher.ShortcutMenuManager: show systemMenuItem, title=Uninstall
07-03 20:47:42.362 25324 25324 D Launcher.ShortcutMenu: show ShortcutMenu
07-03 20:47:42.403  3633  3633 I CNSS    : Failed to send nl message
07-03 20:47:42.616  3633  3633 I chatty  : uid=1000(system) /system/vendor/bin/cnss_diag identical 8 lines
07-03 20:47:42.618  3633  3633 I CNSS    : Failed to send nl message
07-03 20:47:42.635 25324 25324 D Launcher.DragController: drop, from=ShortcutInfo, id=552, itemType=0, user=UserHandle{0}, mIconType=0, pkgName=com.BHG.gurbani, className=com.BHG.gurbani.SplashActivity, screenId=5, container=-100, cellX=2,cellY=2, spanX=1, spanY=1, isLandscapePos=false
07-03 20:47:42.635 25324 25324 D Launcher.CellLayout: updateCellOccupiedMarks, update, ShortcutInfo, id=552, itemType=0, user=UserHandle{0}, mIconType=0, pkgName=com.BHG.gurbani, className=com.BHG.gurbani.SplashActivity, screenId=5, container=-100, cellX=2, cellY=2, spanX=1, spanY=1, isLandscapePos=false
07-03 20:47:42.635 25324 30753 D Launcher_dispatchTouchEvent: [motionEvent action:(rawX,rawY)]  47:42.023[0(685.0,836.0)] 47:42.027[2(685.0,836.0)] 47:42.049[2(685.0,836.0)] 47:42.072[2(685.0,836.0)] 47:42.082[2(685.0,836.0)] 47:42.099[2(685.0,836.0)] 47:42.123[2(685.0,836.0)] 47:42.132[2(685.0,836.0)] 47:42.149[2(685.0,836.0)] 47:42.171[2(685.0,836.0)] 47:42.182[2(685.0,836.0)] 47:42.203[2(685.0,836.0)] 47:42.250[2(685.0,836.0)] 47:42.266[2(685.0,836.0)] 47:42.283[2(685.0,836.0)] 47:42.299[2(685.0,836.0)] 47:42.316[2(685.0,836.0)] 47:42.345[2(685.0,836.0)] 47:42.350[2(685.0,836.0)] 47:42.369[2(685.0,836.0)] 47:42.383[2(685.0,836.0)] 47:42.400[2(685.0,836.0)] 47:42.417[2(685.0,836.0)] 47:42.439[2(685.0,836.0)]47:42.452[2(685.0,836.0)] 47:42.467[2(685.0,836.0)] 47:42.483[2(685.0,836.0)] 47:42.500[2(685.0,836.0)] 47:42.516[2(685.0,836.0)] 47:42.533[2(685.0,836.0)] 47:42.549[2(685.0,836.0)] 47:42.566[2(685.0,836.0)] 47:42.583[2(685.0,836.0)] 47:42.600[2(685.0,836.0)] 47:42.616[2(685.0,836.0)] 47:42.634[2(685.0,836.0)] 47:42.635[1(685.0,836.0)]
07-03 20:47:42.636 25324 30753 D Launcher_Scrollto: [(rawX,rawY)|scrollX]
07-03 20:47:42.636 25324 25324 D EventBus: No subscribers registered for event class com.miui.home.launcher.common.messages.CellLayoutMessage
07-03 20:47:42.636 25324 25324 D EventBus: No subscribers registered for event class org.greenrobot.eventbus.NoSubscriberEvent
07-03 20:47:42.636 25324 25324 D Launcher.DragController: drop succeed, to ShortcutInfo, id=552, itemType=0, user=UserHandle{0}, mIconType=0, pkgName=com.BHG.gurbani, className=com.BHG.gurbani.SplashActivity, screenId=5, container=-100, cellX=2, cellY=2, spanX=1, spanY=1, isLandscapePos=false
07-03 20:47:42.638 25324 25324 D Launcher.CellLayout: saveCurrentLayout, info=ShortcutInfo, id=552, itemType=0, user=UserHandle{0}, mIconType=0, pkgName=com.BHG.gurbani, className=com.BHG.gurbani.SplashActivity, screenId=5, container=-100,cellX=2, cellY=2, spanX=1, spanY=1, isLandscapePos=false
07-03 20:47:42.638 25324 25324 D EventBus: No subscribers registered for event class com.miui.home.launcher.common.messages.CellLayoutMessage
07-03 20:47:42.638 25324 25324 D EventBus: No subscribers registered for event class org.greenrobot.eventbus.NoSubscriberEvent
07-03 20:47:42.638 25324 25324 D EventBus: No subscribers registered for event class com.miui.home.launcher.common.messages.DragMessage
07-03 20:47:42.638 25324 25324 D EventBus: No subscribers registered for event class org.greenrobot.eventbus.NoSubscriberEvent
07-03 20:47:42.638 25324 25324 D Launcher.DragController: action_drag_off
07-03 20:47:42.638 25324 25324 D Launcher.DropTargetBar: update uninstall active when NO drag, active=false (edit=17, isUninstallDialogShowing=false, isWidgetPreviewShowing=false, isDefaultScreenPreviewShowing=false, isMenuVisible=false)
07-03 20:47:42.639 25324 25324 D Launcher.ShortcutMenu: show shortcut menu when drop, pkgName=com.BHG.gurbani
07-03 20:47:42.639 25324 25324 D Launcher.MultiSelectMonitor: needShowGroupContainerOrFinishContainer, mEditModeState=17, mIsWidgetsPreviewLayoutVisible=false, mIsDefaultScreenPreviewVisible=false, mIsMenuVisible=false, isUninstallDialogShowing=false, mIsDragging=false
07-03 20:47:42.639 25324 25324 D Launcher.MultiSelectMonitor: needShowGroupContainerOrFinishContainer, mEditModeState=17, mIsWidgetsPreviewLayoutVisible=false, mIsDefaultScreenPreviewVisible=false, mIsMenuVisible=false, isUninstallDialogShowing=false, mIsDragging=false
07-03 20:47:42.639 25324 30753 D Launcher_dispatchTouchEvent: [motionEvent action:(rawX,rawY)]  47:42.639[1(685.0,836.0)]
07-03 20:47:42.639 25324 30753 D Launcher_Scrollto: [(rawX,rawY)|scrollX]
07-03 20:47:42.669 25324 25324 D Launcher.UserPresentAnimation: checkMissingIcon
07-03 20:47:42.707  3633  3633 I CNSS    : Failed to send nl message
07-03 20:47:42.714  3633  3633 I chatty  : uid=1000(system) /system/vendor/bin/cnss_diag identical 16 lines
07-03 20:47:42.714  3633  3633 I CNSS    : Failed to send nl message
07-03 20:47:42.827   511   511 I hwservicemanager: getTransport: Cannot find entry vendor.qti.hardware.servicetracker@1.0::IServicetracker/default in either framework or device manifest.
07-03 20:47:42.830  1958  2104 I MiuiNetworkPolicy: updateUidState uid = 99262, uidState = 5
07-03 20:47:42.838 25324 25324 D EventBus: No subscribers registered for event class com.miui.home.launcher.common.messages.EndSpringAnimatorMessage
07-03 20:47:42.838 25324 25324 D EventBus: No subscribers registered for event class org.greenrobot.eventbus.NoSubscriberEvent
07-03 20:47:42.841 25324 30753 D Launcher_dispatchTouchEvent_View: [motionEvent view:]
07-03 20:47:42.841 25324 30753 D Launcher_dispatchTouchEvent_View: 47:42.840 View=com.miui.home.launcher.ShortcutMenuLayer{93f4c09 V.E...... .......D 0,0-1080,2340 #7f0a022b app:id/shortcut_menu_layer}
07-03 20:47:42.841 25324 30753 D Launcher_dispatchTouchEvent_View: 47:42.841 View=com.miui.home.launcher.shortcuts.ShortcutMenu{6f8612e V.E...... .......D 0,0-643,242 #7f0a022a app:id/shortcut_menu}
07-03 20:47:42.841 25324 30753 D Launcher_dispatchTouchEvent_View: 47:42.841 View=com.miui.home.launcher.shortcuts.SystemShortcutMenu{af7deb6 V.E...... .......D 27,27-616,200 #7f0a0257 app:id/system_shortcut_menu}
07-03 20:47:42.841 25324 30753 D Launcher_dispatchTouchEvent_View: 47:42.841 View=com.miui.home.launcher.shortcuts.IconAndTitleShortcutMenuItemContainer{3d3d853 VFE...C.. ...P..ID 196,0-392,173}
07-03 20:47:42.885   511   511 I hwservicemanager: getTransport: Cannot find entry vendor.qti.hardware.servicetracker@1.0::IServicetracker/default in either framework or device manifest.
07-03 20:47:42.887  6842  6842 D BoundBrokerSvc: onUnbind: Intent { act=com.google.android.gms.auth.aang.events.services.START dat=chimera-action: cmp=com.google.android.gms/.chimera.PersistentApiService }
07-03 20:47:42.888 25324 25324 D Launcher.ShortcutMenu: click shortcut menu app details info, pkg=com.BHG.gurbani
07-03 20:47:42.889   511   511 I hwservicemanager: getTransport: Cannot find entry vendor.qti.hardware.servicetracker@1.0::IServicetracker/default in either framework or device manifest.
07-03 20:47:42.889  1958  1981 I ActivityTaskManager: START u0 {act=android.settings.APPLICATION_DETAILS_SETTINGS dat=package:com.BHG.gurbani flg=0x10008000 cmp=com.android.settings/.applications.InstalledAppDetails} from uid 10094
07-03 20:47:42.890  1958  1981 D MiuiMultiWindowAdapter: MiuiMultiWindowAdapter::getFreeformBlackList::sSmallWindowBlackList = [com.miui.securitycenter, com.miui.weather2, com.miui.miservice, com.android.calendar, com.xiaomi.calendar, com.android.contacts, com.miui.mishare.connectivity, com.android.settings, com.android.printspooler, com.miui.backup, com.miui.huanji, com.miui.calculator, com.android.deskclock, com.android.thememanager, com.mfashiongallery.emag, com.miui.virtualsim, com.miui.smarttravel, com.mi.health, com.android.camera, com.lbe.security.miui, com.miui.cleanmaster, com.miui.newhome, com.miui.voiceassist, com.android.phone, com.miui.yellowpage, com.android.updater, com.miui.tsmclient, com.miui.securitycore, com.xiaomi.account, com.xiaomi.shop, com.mipay.wallet, com.xiaomi.youpin, com.xiaomi.hm.health, com.miui.bugreport, com.xiaomi.mibrain.speech, com.xiaomi.mimoji, com.xiaomi.scanner, com.duokan.phone.remotecontroller, com.miui.hybrid, com.android.incallui, com.miui.video, com.miui.videoplayer, com.miui.player, com.miui.fm, com.miui.packageinstaller, com.mi.android.globallauncher, com.google.android.dialer, com.google.android.apps.magazines, com.miui.compass, com.miui.greenguard, com.kiteguard, com.google.android.apps.prodcasts, com.google.ar.lens, com.xiangkan.android, com.android.bankabc, com.sohu.inputmethod.sogou, com.tencent.mtt, com.shyz.toutiao, com.netease.mc.mi, com.outfit7.talkingtomgoldrun.mi, com.doudz.mi, com.wepie.snake.new.mi, cn.jj, com.standddz002.mi, com.miHoYo.bh3.mi, com.qqgame.hlddz, com.happyelements.AndroidAnimal, com.minitech.miniworld.TMobile.mi, com.mfp.jelly.xiaomi, com.lilithgames.afk.mi, com.tencent.peng, com.teenpatti.hd.gold, blockpuzzle.jewelgames.jewelslegend, com.playgendary.tanks, com.chillingo.robberybobfree.android.row, com.episodeinteractive.android.catalog, com.playrix.township, com.ansangha.drdriving, com.google.android.youtube, com.gbits.atm.mi]
07-03 20:47:42.890 25324 30753 D Launcher_dispatchTouchEvent: [motionEvent action:(rawX,rawY)]  47:42.841[0(505.0,677.0)] 47:42.850[2(505.0,677.0)] 47:42.867[2(505.0,677.0)] 47:42.884[2(505.0,677.0)] 47:42.889[1(505.0,677.0)]
07-03 20:47:42.890 25324 30753 D Launcher_Scrollto: [(rawX,rawY)|scrollX]
07-03 20:47:42.890 25324 30753 D Launcher_dispatchTouchEvent: [motionEvent action:(rawX,rawY)]  47:42.890[1(505.0,677.0)]
07-03 20:47:42.890 25324 30753 D Launcher_Scrollto: [(rawX,rawY)|scrollX]
07-03 20:47:42.894  1958  1981 E ANDR-PERF-JNI: com_qualcomm_qtiperformance_native_perf_io_prefetch_start
07-03 20:47:42.896   734   871 E ANDR-PERF-UTIL: Failed to read /proc/sys/kernel/sched_busy_hyst_ns
07-03 20:47:42.896   734   871 E ANDR-PERF-OPTSHANDLER: Failed to read /proc/sys/kernel/sched_busy_hyst_ns
07-03 20:47:42.896   734   871 E ANDR-PERF-RESOURCEQS: Failed to apply optimization [1, 2]
07-03 20:47:42.898  1550  1567 E ANDR-IOP: io prefetch is disabled
07-03 20:47:42.901  1958  1981 D CompatibilityInfo: mCompatibilityFlags - 0
07-03 20:47:42.901  1958  1981 D CompatibilityInfo: applicationDensity - 432
07-03 20:47:42.901  1958  1981 D CompatibilityInfo: applicationScale - 1.0
07-03 20:47:42.903  1958  1981 D ActivityTrigger: ActivityTrigger activityPauseTrigger
07-03 20:47:42.910 25324 25324 W ActivityThread: SCHED: com.miui.home/.launcher.Launcher [77, r=185ms, a=53ms, w=12469ms]
07-03 20:47:42.911 25324 25324 D Launcher.Lifecycle: onPause:UserHandle{0},e938a99,true
07-03 20:47:42.911 25324 25324 D Launcher_UnlockAnimationStateMachine: setState:PAUSE_WAIT
07-03 20:47:42.919 25324 25324 I RenderVsyncUpdater: All controllers paused.
07-03 20:47:42.921 25324 25393 D StatusBarController: handleMessage: flag 800000  disable false
07-03 20:47:42.928  1958  1997 E system_server: Invalid ID 0x00000000.
07-03 20:47:42.934 25324 25324 D Launcher_WallpaperUtils: changeStatusBarMode:false
07-03 20:47:42.934 25324 25324 I RenderVsyncUpdater: All controllers paused.
07-03 20:47:42.940   511   511 I hwservicemanager: getTransport: Cannot find entry vendor.qti.hardware.servicetracker@1.0::IServicetracker/default in either framework or device manifest.
07-03 20:47:42.948  1958  2104 I MiuiNetworkPolicy: updateUidState uid = 99262, uidState = 4
07-03 20:47:42.948  1958  2104 I MiuiNetworkPolicy: updateUidState uid = 10185, uidState = 2
07-03 20:47:42.951   614   614 D Zygote  : Forked child process 19572
07-03 20:47:42.953   613  2254 D OemNetd : setPidForPackage: packageName=com.android.settings, pid=19572, pid=1000
07-03 20:47:42.953  1958  2011 I ActivityManager: Start proc 19572:com.android.settings/1000 for activity {com.android.settings/com.android.settings.applications.InstalledAppDetails} caller=com.miui.home
07-03 20:47:42.956 25324 25324 D Launcher.Lifecycle: onWindowFocusChanged:false,UserHandle{0},e938a99,true
07-03 20:47:42.958 25324 25324 D ScreenView_Workspace: setCurrentScreenInner:4
07-03 20:47:42.959 25324 25324 D Launcher: edit state changed from 17 to 7
07-03 20:47:42.959 25324 25324 D Launcher.MultiSelectMonitor: EditStateChangedMessageHandler, state=7
07-03 20:47:42.959 25324 25324 D Launcher.MultiSelectMonitor: needShowGroupContainerOrFinishContainer, mEditModeState=7, mIsWidgetsPreviewLayoutVisible=false, mIsDefaultScreenPreviewVisible=false, mIsMenuVisible=false, isUninstallDialogShowing=false, mIsDragging=false
07-03 20:47:42.959 25324 26142 I RenderThread: RenderThread resumed
07-03 20:47:42.959 25324 26142 I RenderThread: All controllers paused.
07-03 20:47:42.959 25324 25324 D Launcher.MultiSelectMonitor: needShowGroupContainerOrFinishContainer, mEditModeState=7, mIsWidgetsPreviewLayoutVisible=false, mIsDefaultScreenPreviewVisible=false, mIsMenuVisible=false, isUninstallDialogShowing=false, mIsDragging=false
07-03 20:47:42.959 25324 26142 I RenderThread: RenderThread paused, waiting for signal
07-03 20:47:42.959 25324 25324 D Launcher.DropTargetBar: update uninstall active when NO drag, active=false (edit=7, isUninstallDialogShowing=false, isWidgetPreviewShowing=false, isDefaultScreenPreviewShowing=false, isMenuVisible=false)
07-03 20:47:42.959 25324 25324 D Launcher.ShortcutMenu: hide ShortcutMenu, pkgName=com.BHG.gurbani, reason=null
07-03 20:47:42.963 25324 25324 I RenderVsyncUpdater: All controllers paused.
07-03 20:47:42.973 19572 19572 E ndroid.setting: Not starting debugger since process cannot load the jdwp agent.
07-03 20:47:42.979  1958  3906 D CompatibilityInfo: mCompatibilityFlags - 0
07-03 20:47:42.979  1958  3906 D CompatibilityInfo: applicationDensity - 432
07-03 20:47:42.979  1958  3906 D CompatibilityInfo: applicationScale - 1.0
07-03 20:47:42.982  1958  3906 D CompatibilityInfo: mCompatibilityFlags - 0
07-03 20:47:42.982  1958  3906 D CompatibilityInfo: applicationDensity - 432
07-03 20:47:42.982  1958  3906 D CompatibilityInfo: applicationScale - 1.0
07-03 20:47:42.984 25666 29068 I ProcessMonitor: onForegroundInfoChanged: ForegroundInfo{mForegroundPackageName='com.android.settings', mForegroundUid=1000, mForegroundPid=19572, mLastForegroundPackageName='com.miui.home', mLastForegroundUid=10094, mLastForegroundPid=25324, mMultiWindowForegroundPackageName='null', mMultiWindowForegroundUid=-1, mFlags=1}
07-03 20:47:42.984  5413  8053 D PerfEngineController: ForegroundInfo{mForegroundPackageName='com.android.settings', mForegroundUid=1000, mForegroundPid=19572, mLastForegroundPackageName='com.miui.home', mLastForegroundUid=10094, mLastForegroundPid=25324, mMultiWindowForegroundPackageName='null', mMultiWindowForegroundUid=-1, mFlags=1}
07-03 20:47:42.984 19092 19108 I ProcessMonitor: onForegroundInfoChanged: ForegroundInfo{mForegroundPackageName='com.android.settings', mForegroundUid=1000, mForegroundPid=19572, mLastForegroundPackageName='com.miui.home', mLastForegroundUid=10094, mLastForegroundPid=25324, mMultiWindowForegroundPackageName='null', mMultiWindowForegroundUid=-1, mFlags=1}
07-03 20:47:42.984  5428  5447 I GST     : forePkg: com.android.settings, preForePkg: com.miui.home
07-03 20:47:42.992 25666 29068 I GameBoosterService: onForegroundInfoChanged: Cur=com.android.settings   last=com.miui.home
07-03 20:47:42.993 25666 29068 D GameBoosterService: onGameStatusChange foreground:ForegroundInfo{mForegroundPackageName='com.android.settings', mForegroundUid=1000, mForegroundPid=19572, mLastForegroundPackageName='com.miui.home', mLastForegroundUid=10094, mLastForegroundPid=25324, mMultiWindowForegroundPackageName='null', mMultiWindowForegroundUid=-1, mFlags=1}
07-03 20:47:42.993 25666 29068 I VideoBoxUtils: isSupportVideoBox: false
07-03 20:47:42.993 25666 29068 I VideoToolBoxService: vtb is closed!!!
07-03 20:47:42.995  1958  3906 I qspmsvc-client: inside perf_hint_qspm
07-03 20:47:43.003  1958  1997 I Timeline: Timeline: App_transition_ready time:119185248
07-03 20:47:43.004  2181  2181 D StatusBar: disable<e i a s b h r c s > disable2<q i n g r >
07-03 20:47:43.006  2181  2181 D PhoneStatusBar/NavigationBarView: setDisabledFlags back:false home:false recent:false
07-03 20:47:43.006  2181  2181 D StatusBarClock:  isNormalMode= true clock visible=true
07-03 20:47:43.007  1958  2010 D CompatibilityInfo: mCompatibilityFlags - 0
07-03 20:47:43.007  1958  2010 D CompatibilityInfo: applicationDensity - 432
07-03 20:47:43.007  1958  2010 D CompatibilityInfo: applicationScale - 1.0
07-03 20:47:43.008   511   511 I hwservicemanager: getTransport: Cannot find entry vendor.qti.hardware.servicetracker@1.0::IServicetracker/default in either framework or device manifest.
07-03 20:47:43.008 25359  2617 D PMonitor:  onForegroundActivitiesChanged:pid = 19572,activity-uid=1000,foregroundActivities=true
07-03 20:47:43.015  2181  2181 D PhoneStatusBar/NavigationBarView: onDraw
07-03 20:47:43.017 25666 26956 I SCTaskStackListener: onTaskStackChanged! inSplit = false
07-03 20:47:43.018 25666 29068 I SCTaskStackListener: onTaskStackChanged! inSplit = false
07-03 20:47:43.134 25666 25666 D SecurityCenter: ImageLoader clear memory info
07-03 20:47:43.142 19572 19572 I Perf    : Connecting to perf service.
07-03 20:47:43.201  2181  2181 D EventBus: [2181, u0] send(AppTransitionFinishedEvent)
07-03 20:47:43.201  1958  1997 I Timeline: Timeline: App_transition_stopped time:119185447
07-03 20:47:43.203  2181  2181 D EventBus: [2181, u0]  -> ForcedResizableInfoActivityController [0xd8e5e6, P1] onBusEvent(AppTransitionFinishedEvent)
07-03 20:47:43.203  2181  2181 D EventBus: [2181, u0] onBusEvent(AppTransitionFinishedEvent) duration: 19 microseconds,avg: 224
07-03 20:47:43.205  3633  3633 I CNSS    : Failed to send nl message
07-03 20:47:43.205  2181  2181 D EventBus: [2181, u0] send(AppTransitionFinishedEvent)
07-03 20:47:43.205  2181  2181 D EventBus: [2181, u0]  -> ForcedResizableInfoActivityController [0xd8e5e6, P1] onBusEvent(AppTransitionFinishedEvent)
07-03 20:47:43.205  2181  2181 D EventBus: [2181, u0] onBusEvent(AppTransitionFinishedEvent) duration: 16 microseconds,avg: 224
07-03 20:47:43.213 19572 19572 E libc    : Access denied finding property "ro.vendor.display.type"
07-03 20:47:43.196 19572 19572 W ndroid.settings: type=1400 audit(0.0:47286): avc: denied { read } for name="u:object_r:vendor_display_prop:s0" dev="tmpfs" ino=24809 scontext=u:r:system_app:s0 tcontext=u:object_r:vendor_display_prop:s0 tclass=file permissive=0
07-03 20:47:43.215 17706 17706 D SecurityCenter: ImageLoader clear memory info
07-03 20:47:43.227 25324 25324 D Launcher_UnlockAnimationStateMachine: mResetIdleStateRunnable
07-03 20:47:43.228 19572 19572 D miuisdk : current sdk level is 24
07-03 20:47:43.229 19572 19572 I miuisdk : initialize without hook
07-03 20:47:43.246 19572 19572 W Linkify.v16: reflect applyLink failed:
07-03 20:47:43.246 19572 19572 W Linkify.v16: miui.reflect.NoSuchMethodException: Couldn't find method android/text/util/Linkify.applyLink(Ljava/lang/String;IILandroid/text/Spannable;)V
07-03 20:47:43.246 19572 19572 W Linkify.v16:   at com.miui.internal.os.Native.getMethod(Native Method)
07-03 20:47:43.246 19572 19572 W Linkify.v16:   at miui.reflect.Method.of(Method.java:35)
07-03 20:47:43.246 19572 19572 W Linkify.v16:   at com.miui.internal.variable.v16.Android_Text_Util_Linkify_class.<clinit>(Android_Text_Util_Linkify_class.java:70)
07-03 20:47:43.246 19572 19572 W Linkify.v16:   at java.lang.Class.classForName(Native Method)
07-03 20:47:43.246 19572 19572 W Linkify.v16:   at java.lang.Class.forName(Class.java:454)
07-03 20:47:43.246 19572 19572 W Linkify.v16:   at java.lang.Class.forName(Class.java:379)
07-03 20:47:43.246 19572 19572 W Linkify.v16:   at com.miui.internal.variable.AbsClassFactory.create(AbsClassFactory.java:24)
07-03 20:47:43.246 19572 19572 W Linkify.v16:   at com.miui.internal.variable.Android_Text_Util_Linkify_class$Factory.<init>(Android_Text_Util_Linkify_class.java:40)
07-03 20:47:43.246 19572 19572 W Linkify.v16:   at com.miui.internal.variable.Android_Text_Util_Linkify_class$Factory.<init>(Android_Text_Util_Linkify_class.java:26)
07-03 20:47:43.246 19572 19572 W Linkify.v16:   at com.miui.internal.variable.Android_Text_Util_Linkify_class$Factory$1.createInstance(Android_Text_Util_Linkify_class.java:32)
07-03 20:47:43.246 19572 19572 W Linkify.v16:   at com.miui.internal.variable.Android_Text_Util_Linkify_class$Factory$1.createInstance(Android_Text_Util_Linkify_class.java:29)
07-03 20:47:43.246 19572 19572 W Linkify.v16:   at miui.util.SoftReferenceSingleton.get(SoftReferenceSingleton.java:25)
07-03 20:47:43.246 19572 19572 W Linkify.v16:   at com.miui.internal.variable.Android_Text_Util_Linkify_class$Factory.getInstance(Android_Text_Util_Linkify_class.java:44)
07-03 20:47:43.246 19572 19572 W Linkify.v16:   at com.miui.internal.initialization.OverrideHelper.doInitialize(OverrideHelper.java:37)
07-03 20:47:43.246 19572 19572 W Linkify.v16:   at miui.core.SdkManager.initialize(SdkManager.java:99)
07-03 20:47:43.246 19572 19572 W Linkify.v16:   at java.lang.reflect.Method.invoke(Native Method)
07-03 20:47:43.246 19572 19572 W Linkify.v16:   at miui.external.Application.initializeSdk(Application.java:4)
07-03 20:47:43.246 19572 19572 W Linkify.v16:   at miui.external.Application.<init>(Application.java:3)
07-03 20:47:43.246 19572 19572 W Linkify.v16:   at com.android.settings.Application.<init>(Application.java:1)
07-03 20:47:43.246 19572 19572 W Linkify.v16:   at java.lang.Class.newInstance(Native Method)
07-03 20:47:43.246 19572 19572 W Linkify.v16:   at android.app.AppComponentFactory.instantiateApplication(AppComponentFactory.java:76)
07-03 20:47:43.246 19572 19572 W Linkify.v16:   at androidx.core.app.CoreComponentFactory.instantiateApplication(CoreComponentFactory.java:1)
07-03 20:47:43.246 19572 19572 W Linkify.v16:   at android.app.Instrumentation.newApplication(Instrumentation.java:1156)
07-03 20:47:43.246 19572 19572 W Linkify.v16:   at android.app.LoadedApk.makeApplication(LoadedApk.java:1224)
07-03 20:47:43.246 19572 19572 W Linkify.v16:   at android.app.ActivityThread.handleBindApplication(ActivityThread.java:6583)
07-03 20:47:43.246 19572 19572 W Linkify.v16:   at android.app.ActivityThread.access$1400(ActivityThread.java:227)
07-03 20:47:43.246 19572 19572 W Linkify.v16:   at android.app.ActivityThread$H.handleMessage(ActivityThread.java:1890)
07-03 20:47:43.246 19572 19572 W Linkify.v16:   at android.os.Handler.dispatchMessage(Handler.java:107)
07-03 20:47:43.246 19572 19572 W Linkify.v16:   at android.os.Looper.loop(Looper.java:224)
07-03 20:47:43.246 19572 19572 W Linkify.v16:   at android.app.ActivityThread.main(ActivityThread.java:7592)
07-03 20:47:43.246 19572 19572 W Linkify.v16:   at java.lang.reflect.Method.invoke(Native Method)
07-03 20:47:43.246 19572 19572 W Linkify.v16:   at com.android.internal.os.RuntimeInit$MethodAndArgsCaller.run(RuntimeInit.java:539)
07-03 20:47:43.246 19572 19572 W Linkify.v16:   at com.android.internal.os.ZygoteInit.main(ZygoteInit.java:950)
07-03 20:47:43.286   511   511 I hwservicemanager: getTransport: Cannot find entry vendor.qti.hardware.servicetracker@1.0::IServicetracker/default in either framework or device manifest.
07-03 20:47:43.349 19572 19572 W ComponentDiscovery: Class com.google.firebase.dynamicloading.DynamicLoadingRegistrar is not an found.
07-03 20:47:43.351 19572 19572 I FirebaseApp: Device unlocked: initializing all Firebase APIs for app [DEFAULT]
07-03 20:47:43.360 19572 19572 I FirebaseInitProvider: FirebaseApp initialization successful
07-03 20:47:43.369 19572 19593 W ndroid.setting: Unsupported class loader
07-03 20:47:43.373   511   511 I hwservicemanager: getTransport: Cannot find entry vendor.qti.hardware.servicetracker@1.0::IServicetracker/default in either framework or device manifest.
07-03 20:47:43.378 19572 19593 I DynamiteModule: Considering local module com.google.android.gms.measurement.dynamite:46 and remote module com.google.android.gms.measurement.dynamite:151
07-03 20:47:43.378 19572 19593 I DynamiteModule: Selected remote version of com.google.android.gms.measurement.dynamite, version >= 151
07-03 20:47:43.378 19572 19593 V DynamiteModule: Dynamite loader version >= 2, using loadModule2NoCrashUtils
07-03 20:47:43.402 19572 19572 I FeatureParser: can't find violet.xml in assets/device_features/,it may be in /system/etc/device_features
07-03 20:47:43.409 19572 19598 E Perf    : Fail to get file list com.android.settings
07-03 20:47:43.410 19572 19598 E Perf    : getFolderSize() : Exception_1 = java.lang.NullPointerException: Attempt to get length of null array
07-03 20:47:43.410 19572 19598 E Perf    : Fail to get file list com.android.settings
07-03 20:47:43.410 19572 19598 E Perf    : getFolderSize() : Exception_1 = java.lang.NullPointerException: Attempt to get length of null array
07-03 20:47:43.413  1958  1996 D ActivityManager: thread tid=25324, priority is set to -10
07-03 20:47:43.413  1958  1996 D ActivityManager: thread tid=25523, priority is set to -10
07-03 20:47:43.484 19572 19572 D ForceDarkHelper: updateByCheckExcludeList: pkg: com.android.settings activity: com.android.settings.applications.InstalledAppDetailsTop@b1e63d7
07-03 20:47:43.498 19572 19572 I chatty  : uid=1000(system) com.android.settings identical 17 lines
07-03 20:47:43.498 19572 19572 D ForceDarkHelper: updateByCheckExcludeList: pkg: com.android.settings activity: com.android.settings.applications.InstalledAppDetailsTop@b1e63d7
07-03 20:47:43.506 19572 19608 D miuisdk_anim: logLevel =
07-03 20:47:43.506 19572 19597 D Settings:international:cloud:Utils: network changed type:1
07-03 20:47:43.508 19572 19611 D Settings:international:cloud:Utils: network changed type:1
07-03 20:47:43.519 19572 19611 D NetworkSecurityConfig: No Network Security Config specified, using platform default
07-03 20:47:43.520 19572 19611 I DpmTcmClient: RegisterTcmMonitor from: $Proxy0
07-03 20:47:43.523 19572 19572 D ForceDarkHelper: updateByCheckExcludeList: pkg: com.android.settings activity: com.android.settings.applications.InstalledAppDetailsTop@b1e63d7
07-03 20:47:43.524 19572 19572 I chatty  : uid=1000(system) com.android.settings identical 1 line
07-03 20:47:43.524 19572 19572 D ForceDarkHelper: updateByCheckExcludeList: pkg: com.android.settings activity: com.android.settings.applications.InstalledAppDetailsTop@b1e63d7
07-03 20:47:43.529 19572 19597 E MiuiUtils: Cannot find package: com.android.quicksearchbox
07-03 20:47:43.529 19572 19597 E MiuiUtils: android.content.pm.PackageManager$NameNotFoundException: com.android.quicksearchbox
07-03 20:47:43.529 19572 19597 E MiuiUtils:     at android.app.ApplicationPackageManager.getPackageInfoAsUser(ApplicationPackageManager.java:192)
07-03 20:47:43.529 19572 19597 E MiuiUtils:     at android.app.ApplicationPackageManager.getPackageInfo(ApplicationPackageManager.java:161)
07-03 20:47:43.529 19572 19597 E MiuiUtils:     at com.android.settings.Og.F(MiuiUtils.java:2)
07-03 20:47:43.529 19572 19597 E MiuiUtils:     at com.android.settings.personal.FullScreenDisplayController.quickSearchBoxTooOld(FullScreenDisplayController.java:1)
07-03 20:47:43.529 19572 19597 E MiuiUtils:     at com.android.settings.personal.FullScreenDisplayController.isRemoveEntryFromSettings(FullScreenDisplayController.java:1)
07-03 20:47:43.529 19572 19597 E MiuiUtils:     at com.android.settings.personal.FullScreenDisplayController.initInfinityDisplaySettings(FullScreenDisplayController.java:2)
07-03 20:47:43.529 19572 19597 E MiuiUtils:     at com.android.settings.SettingsApplication$a.doInBackground(SettingsApplication.java:6)
07-03 20:47:43.529 19572 19597 E MiuiUtils:     at com.android.settings.SettingsApplication$a.doInBackground(SettingsApplication.java:1)
07-03 20:47:43.529 19572 19597 E MiuiUtils:     at android.os.AsyncTask$3.call(AsyncTask.java:378)
07-03 20:47:43.529 19572 19597 E MiuiUtils:     at java.util.concurrent.FutureTask.run(FutureTask.java:266)
07-03 20:47:43.529 19572 19597 E MiuiUtils:     at java.util.concurrent.ThreadPoolExecutor.runWorker(ThreadPoolExecutor.java:1167)
07-03 20:47:43.529 19572 19597 E MiuiUtils:     at java.util.concurrent.ThreadPoolExecutor$Worker.run(ThreadPoolExecutor.java:641)
07-03 20:47:43.529 19572 19597 E MiuiUtils:     at java.lang.Thread.run(Thread.java:919)
07-03 20:47:43.531 19572 19572 D ForceDarkHelper: updateByCheckExcludeList: pkg: com.android.settings activity: com.android.settings.applications.InstalledAppDetailsTop@b1e63d7
07-03 20:47:43.532 19572 19572 D SettingsActivity: Starting onCreate
07-03 20:47:43.534  3633  3633 I CNSS    : Failed to send nl message
07-03 20:47:43.535  3633  3633 I CNSS    : Failed to send nl message
07-03 20:47:43.538 19572 19572 D ForceDarkHelper: updateByCheckExcludeList: pkg: com.android.settings activity: com.android.settings.applications.InstalledAppDetailsTop@b1e63d7
07-03 20:47:43.539  3633  3633 I CNSS    : Failed to send nl message
07-03 20:47:43.539 19572 19572 D ForceDarkHelper: updateByCheckExcludeList: pkg: com.android.settings activity: com.android.settings.applications.InstalledAppDetailsTop@b1e63d7
07-03 20:47:43.540 19572 19572 D ForceDarkHelper: updateByCheckExcludeList: pkg: com.android.settings activity: com.android.settings.applications.InstalledAppDetailsTop@b1e63d7
07-03 20:47:43.541  3633  3633 I CNSS    : Failed to send nl message
07-03 20:47:43.542  3633  3633 I CNSS    : Failed to send nl message
07-03 20:47:43.545   613 19613 E ResolverController: No valid NAT64 prefix (109, <unspecified>/0)
07-03 20:47:43.552  3633  3633 I CNSS    : Failed to send nl message
07-03 20:47:43.566   614   614 D Zygote  : Forked child process 19621
07-03 20:47:43.568   613  2254 D OemNetd : setPidForPackage: packageName=com.qualcomm.qti.smq, pid=19621, pid=1000
07-03 20:47:43.569  1958  2011 I ActivityManager: Start proc 19621:com.qualcomm.qti.smq/1000 for content provider {com.qualcomm.qti.smq/com.qualcomm.qti.smq.providers.SMQContentProvider} caller=com.android.settings
07-03 20:47:43.578 19621 19621 E ualcomm.qti.sm: Not starting debugger since process cannot load the jdwp agent.
07-03 20:47:43.589  1958  2647 D CompatibilityInfo: mCompatibilityFlags - 0
07-03 20:47:43.589  1958  2647 D CompatibilityInfo: applicationDensity - 432
07-03 20:47:43.589  1958  2647 D CompatibilityInfo: applicationScale - 1.0
07-03 20:47:43.599 19572 19604 I FA      : App measurement initialized, version: 129011
07-03 20:47:43.599 19572 19604 I FA      : To enable debug logging run: adb shell setprop log.tag.FA VERBOSE
07-03 20:47:43.599 19572 19604 I FA      : To enable faster debug mode event logging run:
07-03 20:47:43.599 19572 19604 I FA      :   adb shell setprop debug.firebase.analytics.app com.android.settings
07-03 20:47:43.605 19572 19572 D ForceDarkHelper: updateByCheckExcludeList: pkg: com.android.settings activity: com.android.settings.applications.InstalledAppDetailsTop@b1e63d7
07-03 20:47:43.606 19572 19572 I chatty  : uid=1000(system) com.android.settings identical 4 lines
07-03 20:47:43.606 19572 19572 D ForceDarkHelper: updateByCheckExcludeList: pkg: com.android.settings activity: com.android.settings.applications.InstalledAppDetailsTop@b1e63d7
07-03 20:47:43.621 19572 19597 D RecommendHelper: Load end, total time76ms
07-03 20:47:43.623 19572 19604 W FA      : Failed to retrieve Firebase Instance Id
07-03 20:47:43.627 19572 19572 D SettingsActivity: Starting to set activity title
07-03 20:47:43.627 19572 19572 D SettingsActivity: Done setting title
07-03 20:47:43.627 19572 19572 I SettingsActivity: settings_start_fragment: com.android.settings.applications.InstalledAppDetailsFragment
07-03 20:47:43.629  3633  3633 I CNSS    : Failed to send nl message
07-03 20:47:43.638 19621 19621 D libnativeloader: classloader namespace configured for unbundled vendor apk. library_path=/vendor/app/QDMA-UI/lib/arm64:/vendor/app/QDMA-UI/QDMA-UI.apk!/lib/arm64-v8a:/vendor/lib64
07-03 20:47:43.639   511   511 I hwservicemanager: getTransport: Cannot find entry vendor.qti.hardware.servicetracker@1.0::IServicetracker/default in either framework or device manifest.
07-03 20:47:43.643 19572 19604 W FA      : Failed to retrieve Firebase Instance Id
07-03 20:47:43.648 19572 19604 W FA      : Failed to retrieve Firebase Instance Id
07-03 20:47:43.652  1958  3906 W Binder  : Outgoing transactions from this process must be FLAG_ONEWAY
07-03 20:47:43.652  1958  3906 W Binder  : java.lang.Throwable
07-03 20:47:43.652  1958  3906 W Binder  :      at android.os.BinderProxy.transact(BinderProxy.java:481)
07-03 20:47:43.652  1958  3906 W Binder  :      at com.miui.server.ISplashScreenService$Stub$Proxy.requestSplashScreen(ISplashScreenService.java:205)
07-03 20:47:43.652  1958  3906 W Binder  :      at com.miui.server.SplashScreenServiceDelegate.requestSplashScreen(SplashScreenServiceDelegate.java:334)
07-03 20:47:43.652  1958  3906 W Binder  :      at com.android.server.wm.ActivityTaskManagerServiceInjector.requestSplashScreen(ActivityTaskManagerServiceInjector.java:218)
07-03 20:47:43.652  1958  3906 W Binder  :      at com.android.server.wm.ActivityStarter.startActivityMayWait(ActivityStarter.java:1307)
07-03 20:47:43.652  1958  3906 W Binder  :      at com.android.server.wm.ActivityStarter.execute(ActivityStarter.java:519)
07-03 20:47:43.652  1958  3906 W Binder  :      at com.android.server.wm.ActivityTaskManagerService.startActivityAsUser(ActivityTaskManagerService.java:1106)
07-03 20:47:43.652  1958  3906 W Binder  :      at com.android.server.wm.ActivityTaskManagerService.startActivityAsUser(ActivityTaskManagerService.java:1078)
07-03 20:47:43.652  1958  3906 W Binder  :      at android.app.IActivityTaskManager$Stub.onTransact(IActivityTaskManager.java:1606)
07-03 20:47:43.652  1958  3906 W Binder  :      at android.os.Binder.execTransactInternal(Binder.java:1021)
07-03 20:47:43.652  1958  3906 W Binder  :      at android.os.Binder.execTransact(Binder.java:994)
07-03 20:47:43.652 19621 19621 I Perf    : Connecting to perf service.
07-03 20:47:43.655 19092 19249 W AD-PLUGIN-SplashAdEventTracker: Events filtered action: SPLASH_START
07-03 20:47:43.665 19621 19621 D QDMA_UI : SMQContentProvider onCreate
07-03 20:47:43.667 19621 19639 D QDMA_UI : SMQContentProvider query
07-03 20:47:43.668 19621 19621 I FeatureParser: can't find violet.xml in assets/device_features/,it may be in /system/etc/device_features
07-03 20:47:43.673 19621 19647 E Perf    : Fail to get file list com.qualcomm.qti.smq
07-03 20:47:43.673 19621 19647 E Perf    : getFolderSize() : Exception_1 = java.lang.NullPointerException: Attempt to get length of null array
07-03 20:47:43.674 19621 19647 E Perf    : Fail to get file list com.qualcomm.qti.smq
07-03 20:47:43.674 19621 19647 E Perf    : getFolderSize() : Exception_1 = java.lang.NullPointerException: Attempt to get length of null array
07-03 20:47:43.701   511   511 I hwservicemanager: getTransport: Cannot find entry vendor.qti.hardware.servicetracker@1.0::IServicetracker/default in either framework or device manifest.
07-03 20:47:43.703   511   511 I chatty  : uid=1000(system) hwservicemanage identical 1 line
07-03 20:47:43.704   511   511 I hwservicemanager: getTransport: Cannot find entry vendor.qti.hardware.servicetracker@1.0::IServicetracker/default in either framework or device manifest.
07-03 20:47:43.704  6305  6305 D BoundBrokerSvc: onUnbind: Intent { act=com.google.android.gms.feedback.internal.IFeedbackService dat=chimera-action: cmp=com.google.android.gms/.chimera.GmsBoundBrokerService }
07-03 20:47:43.707   511   511 I hwservicemanager: getTransport: Cannot find entry vendor.qti.hardware.servicetracker@1.0::IServicetracker/default in either framework or device manifest.
07-03 20:47:43.711   511   511 I chatty  : uid=1000(system) hwservicemanage identical 2 lines
07-03 20:47:43.712   511   511 I hwservicemanager: getTransport: Cannot find entry vendor.qti.hardware.servicetracker@1.0::IServicetracker/default in either framework or device manifest.
07-03 20:47:43.730 12116 12191 I bboe    : (REDACTED) getHotwordActive::active query: %s, watch: %s, devices connected:%s
07-03 20:47:43.731  3633  3633 I CNSS    : Failed to send nl message
07-03 20:47:43.739 19572 19611 I RequestUtils: RequestUtils setValidRatioAnalytics: true
07-03 20:47:43.740 19572 19611 I RequestUtils: RequestUtils isValidRatioAnalytics: true
