07-03 20:47:48.873 19764 19790 I MMKV    : <MemoryFile.cpp:97::open> open fd[0x4b], /data/user/0/com.xiaomi.mipicks/files/mmkv/overseas_100009
07-03 20:47:48.878 19764 19790 I MMKV    : <MemoryFile.cpp:97::open> open fd[0x4c], /data/user/0/com.xiaomi.mipicks/files/mmkv/overseas_100009.crc
07-03 20:47:48.880 19764 19804 D DeviceProtocol: i getPrefInfoFetcherValueisMatchType:String ,defVal String
07-03 20:47:48.880 19764 19804 D DeviceProtocol: i getPrefInfoFetcherValue KEY:mcc ,end value  405872
07-03 20:47:48.885 19764 19814 D OT-PubSub-Sdk: updateDebugSwitch sEnable: false sDebugModefalse sDebugPropertyfalse
07-03 20:47:48.885 19764 19814 D OT-PubSub-Sdk: log on: false, quick upload on: false
07-03 20:47:48.885 19764 19814 D BroadcastExecutor: initIfNeeded : 42520
07-03 20:47:48.887 19764 19815 D MarketSdk-MarketManager: currVersionValue: 12050100
07-03 20:47:48.888 19764 19815 D MarketSdk-MarketManager: targetVersionValue: 10000000
07-03 20:47:48.889 19764 19790 I MMKV    : <MMKV_IO.cpp:81::loadFromFile> loading [overseas_100009] with 0 actual size,file size 4096, InterProcess 1, meta info version:1
07-03 20:47:48.893 19764 19790 I MMKV    : <MMKV_IO.cpp:130::loadFromFile> loaded [overseas_100009] with 0 key-values
07-03 20:47:48.905 19764 19809 E DeviceUtils: static init(): Load Class Exception:java.lang.NoSuchMethodException: com.miui.performance.DeviceLevelUtils.getMiuiLiteVersion []
07-03 20:47:48.905 19764 19809 E DeviceUtils: static init(): Load MiuiMiddle Class Exception:java.lang.NoSuchMethodException: com.miui.performance.DeviceLevelUtils.getMiuiMiddleVersion []
07-03 20:47:48.906 19764 19790 D OT-PubSub-Sdk: updateDebugSwitch sEnable: false sDebugModefalse sDebugPropertyfalse
07-03 20:47:48.918 19764 19835 I MMKV    : <MemoryFile.cpp:97::open> open fd[0x55], /data/user/0/com.xiaomi.mipicks/files/mmkv/multi_proc_shared
07-03 20:47:48.923 19764 19835 I MMKV    : <MemoryFile.cpp:97::open> open fd[0x56], /data/user/0/com.xiaomi.mipicks/files/mmkv/multi_proc_shared.crc
07-03 20:47:48.926 19764 19835 I MMKV    : <MMKV_IO.cpp:81::loadFromFile> loading [multi_proc_shared] with 2692 actual size, file size 4096, InterProcess 1, meta info version:3
07-03 20:47:48.926 19764 19835 I MMKV    : <MMKV_IO.cpp:86::loadFromFile> loading [multi_proc_shared] with crc 419172058 sequence 8 version 3
07-03 20:47:48.927 19764 19835 I MMKV    : <MMKV_IO.cpp:130::loadFromFile> loaded [multi_proc_shared] with 1 key-values
07-03 20:47:48.927 19764 19835 I SecurityDevice: getService: sService == null.
07-03 20:47:48.927 19764 19835 W SecurityDevice: getService: binder not alive.
07-03 20:47:48.938 25324 25324 D Launcher.Model: onReceive intent=Intent { act=com.xiaomi.market.ACTION_HD_ICON_UPDATE flg=0x10 (has extras) }
07-03 20:47:48.938 25324 25504 D Launcher.Model: Got broadcast:Intent { act=com.xiaomi.market.ACTION_HD_ICON_UPDATE flg=0x10 (has extras) }
07-03 20:47:48.959 19764 19854 D DeviceProtocol: i getPrefInfoFetcherValueisMatchType:String ,defVal String
07-03 20:47:48.960   511   511 I hwservicemanager: getTransport: Cannot find entry vendor.qti.hardware.servicetracker@1.0::IServicetracker/default in either framework or device manifest.
07-03 20:47:48.962 19764 19854 D DeviceProtocol: i getPrefInfoFetcherValue KEY:gpId ,end value 
07-03 20:47:48.965 19764 19803 D BaseOneTrackImp: OneTrackImp init : Configuration{appId='31*******61'projectId='mi****ks'pKeyId='f0************************************af', pluginId='null', channel='null', international=true, region='null', overrideMiuiRegionSetting=false, mode=APP, GAIDEnable=true, IMSIEnable=true, IMEIEnable=true, ExceptionCatcherEnable=false, instanceId=null}
07-03 20:47:48.965 19764 19803 D BaseOneTrackImp: OneTrackImp sdk ver : 3.1.2
07-03 20:47:48.968 19764 19861 D OneTrackSdk: updateDebugSwitch sEnable: false sDebugModefalse sDebugPropertyfalse
07-03 20:47:48.968 19764 19861 D OneTrackSdk: updateTestSwitch sTestEnable: false sTestModefalse sTestPropertyfalse
07-03 20:47:48.968 19764 19861 D OneTrackSdk: log on: false, quick upload on: false
07-03 20:47:48.984 19764 19814 D OT-PubSub-Sdk: updateDebugSwitch sEnable: false sDebugModefalse sDebugPropertyfalse
07-03 20:47:48.984 19764 19814 D OT-PubSub-Sdk: log on: false, quick upload on: false
07-03 20:47:48.992 25324 25324 D ForceDarkHelper: updateByCheckExcludeList: pkg: com.miui.home activity: com.miui.home.launcher.Launcher@e938a99
07-03 20:47:48.995 25324 25324 I chatty  : uid=10094(com.miui.home) identical 8 lines
07-03 20:47:48.995 25324 25324 D ForceDarkHelper: updateByCheckExcludeList: pkg: com.miui.home activity: com.miui.home.launcher.Launcher@e938a99
07-03 20:47:48.999   614   614 D Zygote  : Forked child process 19872
07-03 20:47:49.002   613  2254 D OemNetd : setPidForPackage: packageName=com.miui.analytics, pid=19872, pid=10105
07-03 20:47:49.002  1958  2011 I ActivityManager: Start proc 19872:com.miui.analytics/u0a105 for service {com.miui.analytics/com.miui.analytics.onetrack.OneTrackService} caller=com.xiaomi.mipicks
07-03 20:47:49.013 19764 19789 D FirebaseSessions: Initializing Firebase Sessions SDK.
07-03 20:47:49.027 19872 19872 E .miui.analytic: Not starting debugger since process cannot load the jdwp agent.
07-03 20:47:49.027 19764 19800 W .xiaomi.mipick: Long monitor contention with owner P2-AsyncTask3 (19789) at java.lang.Object java.lang.reflect.Constructor.newInstance0(java.lang.Object[])(Constructor.java:-2) waiters=0 in void com.xiaomi.market.util.FirebaseManager.setFirebaseEnable(android.content.Context) for 203ms
07-03 20:47:49.028 19764 19881 D FirebaseSessions: No Sessions subscribers. Not listening to lifecycle events.
07-03 20:47:49.032  1958  5236 D CompatibilityInfo: mCompatibilityFlags - 0
07-03 20:47:49.032  1958  5236 D CompatibilityInfo: applicationDensity - 432
07-03 20:47:49.032  1958  5236 D CompatibilityInfo: applicationScale - 1.0
07-03 20:47:49.032   511   511 I hwservicemanager: getTransport: Cannot find entry vendor.qti.hardware.servicetracker@1.0::IServicetracker/default in either framework or device manifest.
07-03 20:47:49.034  1958  2647 D CompatibilityInfo: mCompatibilityFlags - 0
07-03 20:47:49.035  1958  2647 D CompatibilityInfo: applicationDensity - 432
07-03 20:47:49.035  1958  2647 D CompatibilityInfo: applicationScale - 1.0
07-03 20:47:49.036  1958  2647 D CompatibilityInfo: mCompatibilityFlags - 0
07-03 20:47:49.036  1958  2647 D CompatibilityInfo: applicationDensity - 432
07-03 20:47:49.036  1958  2647 D CompatibilityInfo: applicationScale - 1.0
07-03 20:47:49.037   511   511 I hwservicemanager: getTransport: Cannot find entry vendor.qti.hardware.servicetracker@1.0::IServicetracker/default in either framework or device manifest.
07-03 20:47:49.040 19764 19799 I FirebaseCrashlytics: No version control information found
07-03 20:47:49.044  1958  2104 I MiuiNetworkPolicy: updateUidState uid = 10105, uidState = 9
07-03 20:47:49.045  1958  1972 I system_server: Background concurrent copying GC freed 436124(22MB) AllocSpace objects,69(2636KB) LOS objects, 35% free, 42MB/66MB, paused 118us total 263.193ms
07-03 20:47:49.061  1958  1974 W System  : A resource failed to call release.
07-03 20:47:49.070   511   511 I hwservicemanager: getTransport: Cannot find entry vendor.qti.hardware.servicetracker@1.0::IServicetracker/default in either framework or device manifest.
07-03 20:47:49.077 19764 19764 W FirebaseRemoteConfig: No value of type 'FirebaseRemoteConfigValue' exists for parameter key 'abKeyList'.
07-03 20:47:49.078 19764 19764 W FirebaseRemoteConfig: No value of type 'FirebaseRemoteConfigValue' exists for parameter key 'sid'.
07-03 20:47:49.083 19872 19872 I Perf    : Connecting to perf service.
07-03 20:47:49.100 19872 19872 I FeatureParser: can't find violet.xml in assets/device_features/,it may be in /system/etc/device_features
07-03 20:47:49.102 19872 19872 D Analytics-Core-AnalyticsApp: onCreate pid:19872, tid:19872
07-03 20:47:49.103 19872 19872 D OneTrack: log on: false, quick upload on: false
07-03 20:47:49.124 19764 19846 E Perf    : Fail to get file list com.xiaomi.mipicks
07-03 20:47:49.134 19764 19846 E Perf    : getFolderSize() : Exception_1 = java.lang.NullPointerException: Attempt to get length of null array
07-03 20:47:49.135 19764 19846 E Perf    : Fail to get file list oat
07-03 20:47:49.135 19764 19846 E Perf    : getFolderSize() : Exception_1 = java.lang.NullPointerException: Attempt to get length of null array
07-03 20:47:49.143   511   511 I hwservicemanager: getTransport: Cannot find entry vendor.qti.hardware.servicetracker@1.0::IServicetracker/default in either framework or device manifest.
07-03 20:47:49.156   511   511 I chatty  : uid=1000(system) hwservicemanage identical 2 lines
07-03 20:47:49.163   511   511 I hwservicemanager: getTransport: Cannot find entry vendor.qti.hardware.servicetracker@1.0::IServicetracker/default in either framework or device manifest.
07-03 20:47:49.164 19764 19791 W FirebaseRemoteConfig: No value of type 'FirebaseRemoteConfigValue' exists for parameter key 'maxDownTaskNum'.
07-03 20:47:49.165 19764 19791 W FirebaseRemoteConfig: No value of type 'FirebaseRemoteConfigValue' exists for parameter key 'parallelDownNum'.
07-03 20:47:49.172 19764 19764 D FCMPushManager: recordToken success token:c1uPqUx4TMqLndJl2h42Q6:APA91bFK8rfkk_Si2BnSDps-qbzQPiPulbEkOfxTW2Hi1FN1fdlgkAxEi4KvqzrKaId3u864sAmfa9YvL34Zeo2tLhibCAeDyVYO38nnTqX9jXF0kkCuDeo
07-03 20:47:49.172 19764 19791 W FirebaseRemoteConfig: No value of type 'FirebaseRemoteConfigValue' exists for parameter key 'taskThreadNum'.
07-03 20:47:49.186 19872 19936 E Perf    : Fail to get file list com.miui.analytics
07-03 20:47:49.188 19764 19801 W FirebaseRemoteConfig: No value of type 'FirebaseRemoteConfigValue' exists for parameter key 'maxCacheSizeForAppInfo'.
07-03 20:47:49.191 19764 19791 W FirebaseRemoteConfig: No value of type 'FirebaseRemoteConfigValue' exists for parameter key 'minRefragmentSize'.
07-03 20:47:49.192 19872 19936 E Perf    : getFolderSize() : Exception_1 = java.lang.NullPointerException: Attempt to get length of null array
07-03 20:47:49.192 19872 19936 E Perf    : Fail to get file list oat
07-03 20:47:49.193 19872 19936 E Perf    : getFolderSize() : Exception_1 = java.lang.NullPointerException: Attempt to get length of null array
07-03 20:47:49.203 19872 19932 D miuisdk : current sdk level is 24
07-03 20:47:49.212 19872 19932 I Analytics-Core-AnalyticsApp: startJobScheduler goes with code 1
07-03 20:47:49.217   511   511 I hwservicemanager: getTransport: Cannot find entry vendor.qti.hardware.servicetracker@1.0::IServicetracker/default in either framework or device manifest.
07-03 20:47:49.218  1958  2202 D CompatibilityInfo: mCompatibilityFlags - 0
07-03 20:47:49.219  1958  2202 D CompatibilityInfo: applicationDensity - 432
07-03 20:47:49.219  1958  2202 D CompatibilityInfo: applicationScale - 1.0
07-03 20:47:49.219   511   511 I hwservicemanager: getTransport: Cannot find entry vendor.qti.hardware.servicetracker@1.0::IServicetracker/default in either framework or device manifest.
07-03 20:47:49.226 19764 19801 I MMKV    : <MemoryFile.cpp:97::open> open fd[0x77], /data/user/0/com.xiaomi.mipicks/files/mmkv/app_update
07-03 20:47:49.227 19764 19801 I MMKV    : <MemoryFile.cpp:97::open> open fd[0x79], /data/user/0/com.xiaomi.mipicks/files/mmkv/app_update.crc
07-03 20:47:49.229 19764 19801 I MMKV    : <MMKV_IO.cpp:81::loadFromFile> loading [app_update] with 13046 actual size, file size 65536, InterProcess 1, meta info version:3
07-03 20:47:49.229 19764 19801 I MMKV    : <MMKV_IO.cpp:86::loadFromFile> loading [app_update] with crc 779907335 sequence 2 version 3
07-03 20:47:49.230 19764 19801 I MMKV    : <MMKV_IO.cpp:130::loadFromFile> loaded [app_update] with 4 key-values
07-03 20:47:49.234 25666 25666 D AppUpdateReceiver: receive broadcast
07-03 20:47:49.259 19764 19964 I FA      : App measurement disabled by setAnalyticsCollectionEnabled(false)
07-03 20:47:49.261 19764 19972 I WM-WorkerWrapper: Worker result SUCCESS for Work [ id=7dc41988-8ef2-40d0-a1d8-8fafae1124a2, tags={ com.xiaomi.market.push.timedPush.RetryPushWorker, start_retry_push_period_work } ]
07-03 20:47:49.263 19764 19964 I FA      : App measurement initialized, version: 129011
07-03 20:47:49.263 19764 19964 I FA      : To enable debug logging run: adb shell setprop log.tag.FA VERBOSE
07-03 20:47:49.263 19764 19964 I FA      : To enable faster debug mode event logging run:
07-03 20:47:49.263 19764 19964 I FA      :   adb shell setprop debug.firebase.analytics.app com.xiaomi.mipicks
07-03 20:47:49.265  3633  3633 I CNSS    : Failed to send nl message
07-03 20:47:49.266  3633  3633 I chatty  : uid=1000(system) /system/vendor/bin/cnss_diag identical 1 line
07-03 20:47:49.269  3633  3633 I CNSS    : Failed to send nl message
07-03 20:47:49.269   511   511 I hwservicemanager: getTransport: Cannot find entry vendor.qti.hardware.servicetracker@1.0::IServicetracker/default in either framework or device manifest.
07-03 20:47:49.270  3633  3633 I CNSS    : Failed to send nl message
07-03 20:47:49.270   511   511 I hwservicemanager: getTransport: Cannot find entry vendor.qti.hardware.servicetracker@1.0::IServicetracker/default in either framework or device manifest.
07-03 20:47:49.272  3633  3633 I CNSS    : Failed to send nl message
07-03 20:47:49.272  3633  3633 I CNSS    : Failed to send nl message
07-03 20:47:49.274  1958  2104 I MiuiNetworkPolicy: updateUidState uid = 10127, uidState = 11
07-03 20:47:49.274  1958  2104 I MiuiNetworkPolicy: updateUidState uid = 10105, uidState = 11
07-03 20:47:49.274  3633  3633 I CNSS    : Failed to send nl message
07-03 20:47:49.277  3633  3633 I chatty  : uid=1000(system) /system/vendor/bin/cnss_diag identical 2 lines
07-03 20:47:49.277  3633  3633 I CNSS    : Failed to send nl message
07-03 20:47:49.277   511   511 I hwservicemanager: getTransport: Cannot find entry vendor.qti.hardware.servicetracker@1.0::IServicetracker/default in either framework or device manifest.
07-03 20:47:49.278  3633  3633 I CNSS    : Failed to send nl message
07-03 20:47:49.280  3633  3633 I chatty  : uid=1000(system) /system/vendor/bin/cnss_diag identical 2 lines
07-03 20:47:49.281  3633  3633 I CNSS    : Failed to send nl message
07-03 20:47:49.282  1958  2132 D CompatibilityInfo: mCompatibilityFlags - 0
07-03 20:47:49.282  1958  2132 D CompatibilityInfo: applicationDensity - 432
07-03 20:47:49.282  1958  2132 D CompatibilityInfo: applicationScale - 1.0
07-03 20:47:49.284   511   511 I hwservicemanager: getTransport: Cannot find entry vendor.qti.hardware.servicetracker@1.0::IServicetracker/default in either framework or device manifest.
07-03 20:47:49.287  1958  2104 I MiuiNetworkPolicy: updateUidState uid = 10105, uidState = 9
07-03 20:47:49.289  1958  2104 I MiuiNetworkPolicy: updateUidState uid = 10127, uidState = 20
07-03 20:47:49.294 19872 19872 I Analytics-Core-JobSchedulerService: onStartJob
07-03 20:47:49.296   511   511 I hwservicemanager: getTransport: Cannot find entry vendor.qti.hardware.servicetracker@1.0::IServicetracker/default in either framework or device manifest.
07-03 20:47:49.297   511   511 I hwservicemanager: getTransport: Cannot find entry vendor.qti.hardware.servicetracker@1.0::IServicetracker/default in either framework or device manifest.
07-03 20:47:49.299  1958  2104 I MiuiNetworkPolicy: updateUidState uid = 10105, uidState = 11
07-03 20:47:49.312  1958  2104 I MiuiNetworkPolicy: updateUidState uid = 10105, uidState = 20
07-03 20:47:49.320   511   511 I hwservicemanager: getTransport: Cannot find entry vendor.qti.hardware.servicetracker@1.0::IServicetracker/default in either framework or device manifest.
07-03 20:47:49.365  3633  3633 I CNSS    : Failed to send nl message
07-03 20:47:49.454 19764 19788 W BpBinder: Slow Binder: BpBinder transact took 613ms, interface=android.content.IContentProvider, code=1 oneway=false
07-03 20:47:49.463   511   511 I hwservicemanager: getTransport: Cannot find entry vendor.qti.hardware.servicetracker@1.0::IServicetracker/default in either framework or device manifest.
07-03 20:47:49.465   511   511 I hwservicemanager: getTransport: Cannot find entry vendor.qti.hardware.servicetracker@1.0::IServicetracker/default in either framework or device manifest.
07-03 20:47:49.467 19764 19883 E FirebaseMessaging: Failed to sync topics. Won't retry sync. TOO_MANY_SUBSCRIBERS
07-03 20:47:49.568  3633  3633 I CNSS    : Failed to send nl message
07-03 20:47:49.693  3633  3633 I chatty  : uid=1000(system) /system/vendor/bin/cnss_diag identical 4 lines
07-03 20:47:49.696  3633  3633 I CNSS    : Failed to send nl message
07-03 20:47:49.932  1069  1335 D fpc_tac : fpc_irq_wait: poll status: 1, revents [0]: 10, [1]: 0
07-03 20:47:50.071  1069  1335 I chatty  : uid=1000(system) fingerprint@2.1 identical 4 lines
07-03 20:47:50.107  1069  1335 D fpc_tac : fpc_irq_wait: poll status: 1, revents [0]: 10, [1]: 0
07-03 20:47:50.135 17706 17706 W View    : requestLayout() improperly called by android.widget.FrameLayout{1c06c5 V.E...... ......I. 0,230-1080,2041 #1020002 android:id/content} during layout: running second layout pass
07-03 20:47:50.146  1069  1335 D fpc_tac : fpc_irq_wait: poll status: 1, revents [0]: 10, [1]: 0
07-03 20:47:50.182  1069  1335 D fpc_tac : fpc_irq_wait: poll status: 1, revents [0]: 10, [1]: 0
07-03 20:47:50.202 17706 17706 W View    : requestLayout() improperly called by android.widget.FrameLayout{1c06c5 V.E...... ......ID 0,230-1080,2041 #1020002 android:id/content} during layout: running second layout pass
07-03 20:47:50.205 17706 17706 I Timeline: Timeline: Activity_launch_request time:119192450
07-03 20:47:50.209 19092 19225 W AD-PLUGIN-SplashAdEventTracker: Events filtered action: SPLASH_START
07-03 20:47:50.210 19092 19139 E AD-PLUGIN-SplashController: This package is fore ground , skip splash : com.miui.securitycenter
07-03 20:47:50.211 19092 19223 W AD-PLUGIN-SplashAdEventTracker: Events filtered action: SPLASH_INTERRUPT
07-03 20:47:50.211  1958  5236 I ActivityTaskManager: START u0 {cmp=com.miui.securitycenter/com.miui.permcenter.settings.OtherPermissionsActivity (has extras)} from uid 1000
07-03 20:47:50.211  1958  5236 D MiuiMultiWindowAdapter: MiuiMultiWindowAdapter::getFreeformBlackList::sSmallWindowBlackList = [com.miui.securitycenter, com.miui.weather2, com.miui.miservice, com.android.calendar, com.xiaomi.calendar, com.android.contacts, com.miui.mishare.connectivity, com.android.settings, com.android.printspooler, com.miui.backup, com.miui.huanji, com.miui.calculator, com.android.deskclock, com.android.thememanager, com.mfashiongallery.emag, com.miui.virtualsim, com.miui.smarttravel, com.mi.health, com.android.camera, com.lbe.security.miui, com.miui.cleanmaster, com.miui.newhome, com.miui.voiceassist, com.android.phone, com.miui.yellowpage, com.android.updater, com.miui.tsmclient, com.miui.securitycore, com.xiaomi.account, com.xiaomi.shop, com.mipay.wallet, com.xiaomi.youpin, com.xiaomi.hm.health, com.miui.bugreport, com.xiaomi.mibrain.speech, com.xiaomi.mimoji, com.xiaomi.scanner, com.duokan.phone.remotecontroller, com.miui.hybrid, com.android.incallui, com.miui.video, com.miui.videoplayer, com.miui.player, com.miui.fm, com.miui.packageinstaller, com.mi.android.globallauncher, com.google.android.dialer, com.google.android.apps.magazines, com.miui.compass, com.miui.greenguard, com.kiteguard, com.google.android.apps.prodcasts, com.google.ar.lens, com.xiangkan.android, com.android.bankabc, com.sohu.inputmethod.sogou, com.tencent.mtt, com.shyz.toutiao, com.netease.mc.mi, com.outfit7.talkingtomgoldrun.mi, com.doudz.mi, com.wepie.snake.new.mi, cn.jj, com.standddz002.mi, com.miHoYo.bh3.mi, com.qqgame.hlddz, com.happyelements.AndroidAnimal, com.minitech.miniworld.TMobile.mi, com.mfp.jelly.xiaomi, com.lilithgames.afk.mi, com.tencent.peng, com.teenpatti.hd.gold, blockpuzzle.jewelgames.jewelslegend, com.playgendary.tanks, com.chillingo.robberybobfree.android.row, com.episodeinteractive.android.catalog, com.playrix.township, com.ansangha.drdriving, com.google.android.youtube, com.gbits.atm.mi]
07-03 20:47:50.216  1069  1335 D fpc_tac : fpc_irq_wait: poll status: 1, revents [0]: 10, [1]: 0
07-03 20:47:50.217  1958  5236 D CompatibilityInfo: mCompatibilityFlags - 0
07-03 20:47:50.217  1958  5236 D CompatibilityInfo: applicationDensity - 432
07-03 20:47:50.217  1958  5236 D CompatibilityInfo: applicationScale - 1.0
07-03 20:47:50.219  1958  5236 D ActivityTrigger: ActivityTrigger activityPauseTrigger
07-03 20:47:50.224 17706 17706 W ActivityThread: SCHED: com.miui.securitycenter/com.miui.appmanager.ApplicationsDetailsActivity [74, r=60ms, a=21ms, w=2495ms]
07-03 20:47:50.229  1958  5236 I ActivityTaskManager: The Process com.miui.securitycenter Already Exists in BG. So sending its PID: 17706
07-03 20:47:50.230  1958  5236 D CompatibilityInfo: mCompatibilityFlags - 0
07-03 20:47:50.230  1958  5236 D CompatibilityInfo: applicationDensity - 432
07-03 20:47:50.230  1958  5236 D CompatibilityInfo: applicationScale - 1.0
07-03 20:47:50.233  1958  5236 I Timeline: Timeline: App_transition_ready time:119192479
07-03 20:47:50.235 17706 17706 W ActivityThread: handleWindowVisibility: no activity for token android.os.BinderProxy@4642e2f
07-03 20:47:50.247 17706 17706 D ForceDarkHelper: updateByCheckExcludeList: pkg: com.miui.securitycenter activity: com.miui.permcenter.settings.OtherPermissionsActivity@a742b72
07-03 20:47:50.251 17706 17706 I chatty  : uid=1000(system) com.miui.securitycenter identical 11 lines
07-03 20:47:50.251 17706 17706 D ForceDarkHelper: updateByCheckExcludeList: pkg: com.miui.securitycenter activity: com.miui.permcenter.settings.OtherPermissionsActivity@a742b72
07-03 20:47:50.252  1069  1335 D fpc_tac : fpc_irq_wait: poll status: 1, revents [0]: 10, [1]: 0
07-03 20:47:50.252 17706 17706 D ForceDarkHelper: updateByCheckExcludeList: pkg: com.miui.securitycenter activity: com.miui.permcenter.settings.OtherPermissionsActivity@a742b72
07-03 20:47:50.282 17706 17706 I chatty  : uid=1000(system) com.miui.securitycenter identical 13 lines
07-03 20:47:50.283 17706 17706 D ForceDarkHelper: updateByCheckExcludeList: pkg: com.miui.securitycenter activity: com.miui.permcenter.settings.OtherPermissionsActivity@a742b72
07-03 20:47:50.286  1069  1335 D fpc_tac : fpc_irq_wait: poll status: 1, revents [0]: 10, [1]: 0
07-03 20:47:50.293 25324 25324 D RecentsImpl: mActivityStateObserver com.miui.permcenter.settings.OtherPermissionsActivity
07-03 20:47:50.293 25324 25324 W RecentsImpl: onResumed className=com.miui.permcenter.settings.OtherPermissionsActivity  mIsInAnotherPro=false
07-03 20:47:50.305  1958  2360 I Timeline: Timeline: App_transition_ready time:119192551
07-03 20:47:50.307  1958  2360 I Timeline: Timeline: App_transition_ready time:119192552
07-03 20:47:50.317  1069  1335 D fpc_tac : fpc_irq_wait: poll status: 1, revents [0]: 10, [1]: 0
07-03 20:47:50.321 17706 17706 D ForceDarkHelper: updateByCheckExcludeList: pkg: com.miui.securitycenter activity: com.miui.permcenter.settings.OtherPermissionsActivity@a742b72
07-03 20:47:50.331 17706 17706 I chatty  : uid=1000(system) com.miui.securitycenter identical 4 lines
07-03 20:47:50.331 17706 17706 D ForceDarkHelper: updateByCheckExcludeList: pkg: com.miui.securitycenter activity: com.miui.permcenter.settings.OtherPermissionsActivity@a742b72
07-03 20:47:50.333 25666 25951 I SCTaskStackListener: onTaskStackChanged! inSplit = false
07-03 20:47:50.334 25666  7125 I SCTaskStackListener: onTaskStackChanged! inSplit = false
07-03 20:47:50.337 17706 17706 D ForceDarkHelper: updateByCheckExcludeList: pkg: com.miui.securitycenter activity: com.miui.permcenter.settings.OtherPermissionsActivity@a742b72
07-03 20:47:50.340 17706 17706 I chatty  : uid=1000(system) com.miui.securitycenter identical 6 lines
07-03 20:47:50.340 17706 17706 D ForceDarkHelper: updateByCheckExcludeList: pkg: com.miui.securitycenter activity: com.miui.permcenter.settings.OtherPermissionsActivity@a742b72
07-03 20:47:50.354 17706 17706 E         : setFeedbackRadius failed , e:java.lang.NoSuchMethodException: android.view.View.setFeedbackRadius [float]
07-03 20:47:50.356  1958  1997 I Timeline: Timeline: App_transition_ready time:119192601
07-03 20:47:50.358 28084 28084 I GoogleInputMethodService: GoogleInputMethodService.onFinishInput():1984
07-03 20:47:50.359 28084 28084 I Module  : DeviceLockedStatusModuleProvider$Module.updateDeviceLockedStatus():100 repeatCheckTimes = 0, locked = false
07-03 20:47:50.359 28084 28084 I GoogleInputMethodService: GoogleInputMethodService.onStartInput():1248 onStartInput(EditorInfo{EditorInfo{packageName=com.miui.securitycenter, inputType=0, inputTypeString=NULL, enableLearning=false, autoCorrection=false, autoComplete=false, imeOptions=0, privateImeOptions=null, actionName=UNSPECIFIED, actionLabel=null, initialSelStart=-1, initialSelEnd=-1, initialCapsMode=0, label=null, fieldId=2131429610, fieldName=null, extras=null, hintText=null, hintLocales=[]}}, false)
07-03 20:47:50.361 28084 28084 I Module  : DeviceLockedStatusModuleProvider$Module.updateDeviceLockedStatus():100 repeatCheckTimes = 1, locked = false
07-03 20:47:50.363  1958  2009 I ActivityTaskManager: Displayed com.miui.securitycenter/com.miui.permcenter.settings.OtherPermissionsActivity: +149ms
07-03 20:47:50.374  1958  2104 I MiuiNetworkPolicy: updateUidState uid = 10077, uidState = 4
07-03 20:47:50.619  1958  1997 I Timeline: Timeline: Activity_windows_visible id: ActivityRecord{19939f u0 com.miui.securitycenter/com.miui.permcenter.settings.OtherPermissionsActivity t1670} time:119192865
07-03 20:47:50.621  2181  2181 D EventBus: [2181, u0] send(AppTransitionFinishedEvent)
07-03 20:47:50.621  2181  2181 D EventBus: [2181, u0]  -> ForcedResizableInfoActivityController [0xd8e5e6, P1] onBusEvent(AppTransitionFinishedEvent)
07-03 20:47:50.621  2181  2181 D EventBus: [2181, u0] onBusEvent(AppTransitionFinishedEvent) duration: 14 microseconds,avg: 223
07-03 20:47:50.621  2181  2181 D EventBus: [2181, u0] send(AppTransitionFinishedEvent)
07-03 20:47:50.621  2181  2181 D EventBus: [2181, u0]  -> ForcedResizableInfoActivityController [0xd8e5e6, P1] onBusEvent(AppTransitionFinishedEvent)
07-03 20:47:50.621  2181  2181 D EventBus: [2181, u0] onBusEvent(AppTransitionFinishedEvent) duration: 10 microseconds,avg: 223
07-03 20:47:50.621  1958  1997 I Timeline: Timeline: App_transition_stopped time:119192867
07-03 20:47:50.625  1958  1996 D ActivityTrigger: ActivityTrigger activityStopTrigger
07-03 20:47:50.634  3633  3633 I CNSS    : Failed to send nl message
07-03 20:47:51.042  1958  2360 W BaseMiuiPhoneWindowManager: keyCode:4 down:true eventTime:119193288 downTime:119193288policyFlags:2b000002 flags:48 deviceId:-1 isScreenOn:true keyguardActive:false repeatCount:0
07-03 20:47:50.859  3633  3633 I chatty  : uid=1000(system) /system/vendor/bin/cnss_diag identical 10 lines
07-03 20:47:50.860  3633  3633 I CNSS    : Failed to send nl message
07-03 20:47:51.043  1958  1994 W ActivityManager: Sending non-protected broadcast miui.intent.KEYCODE_BACK from system 1958:system/1000 pkg android. Callers=com.android.server.am.ActivityManagerService.broadcastIntentLocked:15773 com.android.server.am.ActivityManagerService.broadcastIntentLocked:15225 com.android.server.am.ActivityManagerService.broadcastIntent:16014 android.app.ContextImpl.sendBroadcastAsUser:1234 com.android.server.policy.BaseMiuiPhoneWindowManager$13.run:2381
07-03 20:47:51.043  1958  1994 W ActivityManager: Sending non-protected broadcast miui.intent.KEYCODE_BACK from system 1958:system/1000 pkg android. Callers=com.android.server.am.ActivityManagerService.broadcastIntentLocked:15871 com.android.server.am.ActivityManagerService.broadcastIntentLocked:15225 com.android.server.am.ActivityManagerService.broadcastIntent:16014 android.app.ContextImpl.sendBroadcastAsUser:1234 com.android.server.policy.BaseMiuiPhoneWindowManager$13.run:2381
07-03 20:47:51.044  1958  2089 V InputDispatcher: Asynchronous input event injection succeeded.
07-03 20:47:51.119 19764 19809 I MMKV    : <MemoryFile.cpp:97::open> open fd[0x7d], /data/user/0/com.xiaomi.mipicks/files/mmkv/self_update
07-03 20:47:51.119 19764 19809 I MMKV    : <MemoryFile.cpp:97::open> open fd[0x7e], /data/user/0/com.xiaomi.mipicks/files/mmkv/self_update.crc
07-03 20:47:51.128 19764 19809 I MMKV    : <MMKV_IO.cpp:81::loadFromFile> loading [self_update] with 500 actual size, file size 4096, InterProcess 1, meta info version:3
07-03 20:47:51.129 19764 19809 I MMKV    : <MMKV_IO.cpp:86::loadFromFile> loading [self_update] with crc 345960319 sequence 1 version 3
07-03 20:47:51.129 19764 19809 I MMKV    : <MMKV_IO.cpp:130::loadFromFile> loaded [self_update] with 1 key-values
07-03 20:47:51.138  1958  5236 W BaseMiuiPhoneWindowManager: keyCode:4 down:false eventTime:119193384 downTime:119193288 policyFlags:2b000002 flags:48 deviceId:-1 isScreenOn:true keyguardActive:false repeatCount:0
07-03 20:47:51.139 19764 19790 W FirebaseRemoteConfig: No value of type 'FirebaseRemoteConfigValue' exists for parameter key 'disableForeServiceDevices'.
07-03 20:47:51.140  1958  2089 V InputDispatcher: Asynchronous input event injection succeeded.
07-03 20:47:51.141  1958  1994 W ActivityManager: Sending non-protected broadcast miui.intent.KEYCODE_BACK from system 1958:system/1000 pkg android. Callers=com.android.server.am.ActivityManagerService.broadcastIntentLocked:15773 com.android.server.am.ActivityManagerService.broadcastIntentLocked:15225 com.android.server.am.ActivityManagerService.broadcastIntent:16014 android.app.ContextImpl.sendBroadcastAsUser:1234 com.android.server.policy.BaseMiuiPhoneWindowManager$13.run:2381
07-03 20:47:51.141  1958  1994 W ActivityManager: Sending non-protected broadcast miui.intent.KEYCODE_BACK from system 1958:system/1000 pkg android. Callers=com.android.server.am.ActivityManagerService.broadcastIntentLocked:15871 com.android.server.am.ActivityManagerService.broadcastIntentLocked:15225 com.android.server.am.ActivityManagerService.broadcastIntent:16014 android.app.ContextImpl.sendBroadcastAsUser:1234 com.android.server.policy.BaseMiuiPhoneWindowManager$13.run:2381
07-03 20:47:51.142  1958  3906 D ActivityTrigger: ActivityTrigger activityPauseTrigger
07-03 20:47:51.146 17706 17706 W ActivityThread: SCHED: com.miui.securitycenter/com.miui.permcenter.settings.OtherPermissionsActivity [66, r=57ms, a=29ms, w=859ms]
07-03 20:47:51.151  1958  4597 I Timeline: Timeline: App_transition_ready time:119193397
07-03 20:47:51.155 17706 17706 D ApplicationsDetailActivity: Rom support:false, SystemApp:false, isInCloudList:false, temporaryCloud:false
07-03 20:47:51.161  1958  5236 D CompatibilityInfo: mCompatibilityFlags - 0
07-03 20:47:51.161  1958  5236 D CompatibilityInfo: applicationDensity - 432
07-03 20:47:51.161  1958  5236 D CompatibilityInfo: applicationScale - 1.0
07-03 20:47:51.162   511   511 I hwservicemanager: getTransport: Cannot find entry vendor.qti.hardware.servicetracker@1.0::IServicetracker/default in either framework or device manifest.
07-03 20:47:51.165 25359  2617 D PMonitor:  onProcessDied:pid = 19764,died-uid=10127
07-03 20:47:51.166  1958  2104 I MiuiNetworkPolicy: updateUidState uid = 10127, uidState = 5
07-03 20:47:51.167  1958  2104 I MiuiNetworkPolicy: updateUidState uid = 10105, uidState = 5
07-03 20:47:51.168 17291 17291 I ahtk    : Trimming objects from memory, since app is in the background.
07-03 20:47:51.169 25324 25324 D RecentsImpl: mActivityStateObserver com.miui.appmanager.ApplicationsDetailsActivity
07-03 20:47:51.169 25324 25324 W RecentsImpl: onResumed className=com.miui.appmanager.ApplicationsDetailsActivity   mIsInAnotherPro=false
07-03 20:47:51.172  1958  4597 I Timeline: Timeline: App_transition_ready time:119193418
07-03 20:47:51.186  1958  1997 I Timeline: Timeline: App_transition_ready time:119193432
07-03 20:47:51.190 28084 28084 I GoogleInputMethodService: GoogleInputMethodService.onFinishInput():1984
07-03 20:47:51.190 28084 28084 I Module  : DeviceLockedStatusModuleProvider$Module.updateDeviceLockedStatus():100 repeatCheckTimes = 0, locked = false
07-03 20:47:51.191 28084 28084 I GoogleInputMethodService: GoogleInputMethodService.onStartInput():1248 onStartInput(EditorInfo{EditorInfo{packageName=com.miui.securitycenter, inputType=0, inputTypeString=NULL, enableLearning=false, autoCorrection=false, autoComplete=false, imeOptions=0, privateImeOptions=null, actionName=UNSPECIFIED, actionLabel=null, initialSelStart=-1, initialSelEnd=-1, initialCapsMode=0, label=null, fieldId=-1, fieldName=null, extras=null, hintText=null,hintLocales=[]}}, false)
07-03 20:47:51.192 28084 28084 I Module  : DeviceLockedStatusModuleProvider$Module.updateDeviceLockedStatus():100 repeatCheckTimes = 1, locked = false
07-03 20:47:51.198 25359  2617 D PMonitor:  onProcessDied:pid = 19764,died-uid=10127
07-03 20:47:51.198  1958  2010 E NotificationService: Suppressing notification from package by user request.
07-03 20:47:51.200 19764 19764 W FirebaseRemoteConfig: No value of type 'FirebaseRemoteConfigValue' exists for parameter key 'disableForeServiceDevices'.
07-03 20:47:51.202 17706 20061 I StatisticAppTraffic: mobile summaryStats null
07-03 20:47:51.202 17706 20061 I chatty  : uid=1000(system) ModernAsyncTask identical 2 lines
07-03 20:47:51.202 17706 20061 I StatisticAppTraffic: mobile summaryStats null
07-03 20:47:51.202 17706 20061 I PowerRankHelperHolder: refreshStats begin
07-03 20:47:51.202 17706 20061 I PowerRankHelperHolder: mDesktopPkgSet =[]
07-03 20:47:51.203   511   511 I hwservicemanager: getTransport: Cannot find entry vendor.qti.hardware.servicetracker@1.0::IServicetracker/default in either framework or device manifest.
07-03 20:47:51.204 25359  2617 D PMonitor:  onProcessDied:pid = 19764,died-uid=10127
07-03 20:47:51.211  1958  2104 I MiuiNetworkPolicy: updateUidState uid = 10127, uidState = 20
07-03 20:47:51.211  1958  2104 I MiuiNetworkPolicy: updateUidState uid = 10105, uidState = 20
07-03 20:47:51.217  3633  3633 I CNSS    : Failed to send nl message
07-03 20:47:51.220  1958  2014 E BatteryExternalStatsWorker: no controller energy info supplied for bluetooth
07-03 20:47:51.219  3633  3633 I chatty  : uid=1000(system) /system/vendor/bin/cnss_diag identical 6 lines
07-03 20:47:51.219  3633  3633 I CNSS    : Failed to send nl message
07-03 20:47:51.241   613  2254 I netd    : trafficSwapActiveStatsMap() <0.13ms>
07-03 20:47:51.242   613  2254 I netd    : tetherGetStats() <0.80ms>
07-03 20:47:51.252 25666  7125 I SCTaskStackListener: onTaskStackChanged! inSplit = false
07-03 20:47:51.253 25666 25951 I SCTaskStackListener: onTaskStackChanged! inSplit = false
07-03 20:47:51.276 17706 20061 I PowerRankHelperHolder: mMiscUsageList size = 3
07-03 20:47:51.276 17706 20061 I PowerRankHelperHolder: refreshStats end
07-03 20:47:51.280 25666 25951 I NAProvider: queryWifiRule packageName:com.BHG.gurbani
07-03 20:47:51.290 25666 25951 I NAProvider: queryMobileRule packageName:com.BHG.gurbani
07-03 20:47:51.293 17706 20061 W System.err: java.lang.NoSuchMethodException: android.permission.PermissionManager.checkPackageNamePermission [class java.lang.String, class java.lang.String, int]
07-03 20:47:51.293 17706 20061 W System.err:    at java.lang.Class.getMethod(Class.java:2072)
07-03 20:47:51.293 17706 20061 W System.err:    at java.lang.Class.getDeclaredMethod(Class.java:2050)
07-03 20:47:51.293 17706 20061 W System.err:    at re.f.g(Unknown Source:0)
07-03 20:47:51.293 17706 20061 W System.err:    at com.miui.permcenter.i.e(Unknown Source:36)
07-03 20:47:51.293 17706 20061 W System.err:    at com.miui.appmanager.ApplicationsDetailsActivity$d.J(Unknown Source:395)
07-03 20:47:51.293 17706 20061 W System.err:    at com.miui.appmanager.ApplicationsDetailsActivity$d.G(Unknown Source:0)
07-03 20:47:51.293 17706 20061 W System.err:    at k0.a.I(Unknown Source:0)
07-03 20:47:51.293 17706 20061 W System.err:    at d4.d.I(Unknown Source:0)
07-03 20:47:51.293 17706 20061 W System.err:    at k0.a$a.n(Unknown Source:2)
07-03 20:47:51.293 17706 20061 W System.err:    at k0.a$a.b(Unknown Source:2)
07-03 20:47:51.293 17706 20061 W System.err:    at k0.d$b.call(Unknown Source:18)
07-03 20:47:51.293 17706 20061 W System.err:    at java.util.concurrent.FutureTask.run(FutureTask.java:266)
07-03 20:47:51.293 17706 20061 W System.err:    at java.util.concurrent.ThreadPoolExecutor.runWorker(ThreadPoolExecutor.java:1167)
07-03 20:47:51.293 17706 20061 W System.err:    at java.util.concurrent.ThreadPoolExecutor$Worker.run(ThreadPoolExecutor.java:641)
07-03 20:47:51.293 17706 20061 W System.err:    at java.lang.Thread.run(Thread.java:919)
07-03 20:47:51.295 19685 19703 I CloudSettingsProvider: uriMatch : 2
07-03 20:47:51.298 17706 20061 E ApplicationsDetailActivity: loadInBackground installer_visible: false
07-03 20:47:51.299 17706 20061 E ApplicationsDetailActivity: getTargetSdkVersion failed
07-03 20:47:51.299 17706 20061 E ApplicationsDetailActivity: java.lang.NoSuchMethodException: android.app.ApplicationPackageManager.getTargetSdkVersion [class java.lang.String]
07-03 20:47:51.299 17706 20061 E ApplicationsDetailActivity:    at java.lang.Class.getMethod(Class.java:2072)
07-03 20:47:51.299 17706 20061 E ApplicationsDetailActivity:    at java.lang.Class.getDeclaredMethod(Class.java:2050)
07-03 20:47:51.299 17706 20061 E ApplicationsDetailActivity:    at re.f.d(Unknown Source:4)
07-03 20:47:51.299 17706 20061 E ApplicationsDetailActivity:    at com.miui.appmanager.ApplicationsDetailsActivity.v3(Unknown Source:40)
07-03 20:47:51.299 17706 20061 E ApplicationsDetailActivity:    at com.miui.appmanager.ApplicationsDetailsActivity.x2(Unknown Source:0)
07-03 20:47:51.299 17706 20061 E ApplicationsDetailActivity:    at com.miui.appmanager.ApplicationsDetailsActivity$d.J(Unknown Source:616)
07-03 20:47:51.299 17706 20061 E ApplicationsDetailActivity:    at com.miui.appmanager.ApplicationsDetailsActivity$d.G(Unknown Source:0)
07-03 20:47:51.299 17706 20061 E ApplicationsDetailActivity:    at k0.a.I(Unknown Source:0)
07-03 20:47:51.299 17706 20061 E ApplicationsDetailActivity:    at d4.d.I(Unknown Source:0)
07-03 20:47:51.299 17706 20061 E ApplicationsDetailActivity:    at k0.a$a.n(Unknown Source:2)
07-03 20:47:51.299 17706 20061 E ApplicationsDetailActivity:    at k0.a$a.b(Unknown Source:2)
07-03 20:47:51.299 17706 20061 E ApplicationsDetailActivity:    at k0.d$b.call(Unknown Source:18)
07-03 20:47:51.299 17706 20061 E ApplicationsDetailActivity:    at java.util.concurrent.FutureTask.run(FutureTask.java:266)
07-03 20:47:51.299 17706 20061 E ApplicationsDetailActivity:    at java.util.concurrent.ThreadPoolExecutor.runWorker(ThreadPoolExecutor.java:1167)
07-03 20:47:51.299 17706 20061 E ApplicationsDetailActivity:    at java.util.concurrent.ThreadPoolExecutor$Worker.run(ThreadPoolExecutor.java:641)
07-03 20:47:51.299 17706 20061 E ApplicationsDetailActivity:    at java.lang.Thread.run(Thread.java:919)
07-03 20:47:51.299 17706 20061 E ApplicationsDetailActivity: load hibernation data failed
07-03 20:47:51.299 17706 20061 E ApplicationsDetailActivity: java.lang.NoSuchMethodException: android.permission.PermissionControllerManager.getHibernationEligibility [class java.lang.String, interface java.util.concurrent.Executor, interface java.util.function.IntConsumer]
07-03 20:47:51.299 17706 20061 E ApplicationsDetailActivity:    at java.lang.Class.getMethod(Class.java:2072)
07-03 20:47:51.299 17706 20061 E ApplicationsDetailActivity:    at java.lang.Class.getDeclaredMethod(Class.java:2050)
07-03 20:47:51.299 17706 20061 E ApplicationsDetailActivity:    at re.f.d(Unknown Source:4)
07-03 20:47:51.299 17706 20061 E ApplicationsDetailActivity:    at com.miui.appmanager.ApplicationsDetailsActivity.F3(Unknown Source:63)
07-03 20:47:51.299 17706 20061 E ApplicationsDetailActivity:    at com.miui.appmanager.ApplicationsDetailsActivity.z2(Unknown Source:0)
07-03 20:47:51.299 17706 20061 E ApplicationsDetailActivity:    at com.miui.appmanager.ApplicationsDetailsActivity$d.J(Unknown Source:623)
07-03 20:47:51.299 17706 20061 E ApplicationsDetailActivity:    at com.miui.appmanager.ApplicationsDetailsActivity$d.G(Unknown Source:0)
07-03 20:47:51.299 17706 20061 E ApplicationsDetailActivity:    at k0.a.I(Unknown Source:0)
07-03 20:47:51.299 17706 20061 E ApplicationsDetailActivity:    at d4.d.I(Unknown Source:0)
07-03 20:47:51.299 17706 20061 E ApplicationsDetailActivity:    at k0.a$a.n(Unknown Source:2)
07-03 20:47:51.299 17706 20061 E ApplicationsDetailActivity:    at k0.a$a.b(Unknown Source:2)
07-03 20:47:51.299 17706 20061 E ApplicationsDetailActivity:    at k0.d$b.call(Unknown Source:18)
07-03 20:47:51.299 17706 20061 E ApplicationsDetailActivity:    at java.util.concurrent.FutureTask.run(FutureTask.java:266)
07-03 20:47:51.299 17706 20061 E ApplicationsDetailActivity:    at java.util.concurrent.ThreadPoolExecutor.runWorker(ThreadPoolExecutor.java:1167)
07-03 20:47:51.299 17706 20061 E ApplicationsDetailActivity:    at java.util.concurrent.ThreadPoolExecutor$Worker.run(ThreadPoolExecutor.java:641)
07-03 20:47:51.299 17706 20061 E ApplicationsDetailActivity:    at java.lang.Thread.run(Thread.java:919)
07-03 20:47:51.300 17706 17706 D ApplicationsDetailActivity: Rom support:false, SystemApp:false, isInCloudList:false, temporaryCloud:false
07-03 20:47:51.316  1958  3906 W BaseMiuiPhoneWindowManager: keyCode:3 down:true eventTime:119193561 downTime:119193561policyFlags:2b000002 flags:48 deviceId:-1 isScreenOn:true keyguardActive:false repeatCount:0
07-03 20:47:51.318  1958  2089 V InputDispatcher: Asynchronous input event injection succeeded.
07-03 20:47:51.368 25666 25666 D SecurityCenter: ImageLoader clear memory info
07-03 20:47:51.389  1958  3906 W BaseMiuiPhoneWindowManager: keyCode:3 down:false eventTime:119193634 downTime:119193561 policyFlags:2b000002 flags:48 deviceId:-1 isScreenOn:true keyguardActive:false repeatCount:0
07-03 20:47:51.393 25666 25666 I VideoToolBoxService: onReceive: android.intent.action.CLOSE_SYSTEM_DIALOGS
07-03 20:47:51.393 25666 25666 I GameBoosterService: onReceive: android.intent.action.CLOSE_SYSTEM_DIALOGS
07-03 20:47:51.394  1958  2089 I ActivityTaskManager: START u0 {act=android.intent.action.MAIN cat=[android.intent.category.HOME] flg=0x10000100 cmp=com.miui.home/.launcher.Launcher (has extras)} from uid 0
07-03 20:47:51.394  1958  2089 D MiuiMultiWindowAdapter: MiuiMultiWindowAdapter::getFreeformBlackList::sSmallWindowBlackList = [com.miui.securitycenter, com.miui.weather2, com.miui.miservice, com.android.calendar, com.xiaomi.calendar, com.android.contacts, com.miui.mishare.connectivity, com.android.settings, com.android.printspooler, com.miui.backup, com.miui.huanji, com.miui.calculator, com.android.deskclock, com.android.thememanager, com.mfashiongallery.emag, com.miui.virtualsim, com.miui.smarttravel, com.mi.health, com.android.camera, com.lbe.security.miui, com.miui.cleanmaster, com.miui.newhome, com.miui.voiceassist, com.android.phone, com.miui.yellowpage, com.android.updater, com.miui.tsmclient, com.miui.securitycore, com.xiaomi.account, com.xiaomi.shop, com.mipay.wallet, com.xiaomi.youpin, com.xiaomi.hm.health, com.miui.bugreport, com.xiaomi.mibrain.speech, com.xiaomi.mimoji, com.xiaomi.scanner, com.duokan.phone.remotecontroller, com.miui.hybrid, com.android.incallui, com.miui.video, com.miui.videoplayer, com.miui.player, com.miui.fm, com.miui.packageinstaller, com.mi.android.globallauncher, com.google.android.dialer, com.google.android.apps.magazines, com.miui.compass, com.miui.greenguard, com.kiteguard, com.google.android.apps.prodcasts, com.google.ar.lens, com.xiangkan.android, com.android.bankabc, com.sohu.inputmethod.sogou, com.tencent.mtt, com.shyz.toutiao, com.netease.mc.mi, com.outfit7.talkingtomgoldrun.mi, com.doudz.mi, com.wepie.snake.new.mi, cn.jj, com.standddz002.mi, com.miHoYo.bh3.mi, com.qqgame.hlddz, com.happyelements.AndroidAnimal, com.minitech.miniworld.TMobile.mi, com.mfp.jelly.xiaomi, com.lilithgames.afk.mi, com.tencent.peng, com.teenpatti.hd.gold, blockpuzzle.jewelgames.jewelslegend, com.playgendary.tanks, com.chillingo.robberybobfree.android.row, com.episodeinteractive.android.catalog, com.playrix.township, com.ansangha.drdriving, com.google.android.youtube, com.gbits.atm.mi]
07-03 20:47:51.402  2181  2181 W HeadsUpManager: removeHeadsUpNotification() no heads up notification on show
07-03 20:47:51.402  2181  2181 I vol.MiuiVolumeDialogImp: dismissH mShowing:false dialog showing:false reason:2
07-03 20:47:51.413  1958  2089 D ActivityTrigger: ActivityTrigger activityPauseTrigger
07-03 20:47:51.416 19092 19108 I ProcessMonitor: onForegroundInfoChanged: ForegroundInfo{mForegroundPackageName='com.miui.home', mForegroundUid=10094, mForegroundPid=25324, mLastForegroundPackageName='com.miui.securitycenter', mLastForegroundUid=1000, mLastForegroundPid=17706, mMultiWindowForegroundPackageName='null', mMultiWindowForegroundUid=-1, mFlags=0}
07-03 20:47:51.416 25666 26956 I ProcessMonitor: onForegroundInfoChanged: ForegroundInfo{mForegroundPackageName='com.miui.home', mForegroundUid=10094, mForegroundPid=25324, mLastForegroundPackageName='com.miui.securitycenter', mLastForegroundUid=1000, mLastForegroundPid=17706, mMultiWindowForegroundPackageName='null', mMultiWindowForegroundUid=-1, mFlags=0}
07-03 20:47:51.417  5413 23513 D PerfEngineController: ForegroundInfo{mForegroundPackageName='com.miui.home', mForegroundUid=10094, mForegroundPid=25324, mLastForegroundPackageName='com.miui.securitycenter', mLastForegroundUid=1000, mLastForegroundPid=17706, mMultiWindowForegroundPackageName='null', mMultiWindowForegroundUid=-1, mFlags=0}
07-03 20:47:51.417  1958  2089 D CompatibilityInfo: mCompatibilityFlags - 0
07-03 20:47:51.417  1958  2089 D CompatibilityInfo: applicationDensity - 432
07-03 20:47:51.417  1958  2089 D CompatibilityInfo: applicationScale - 1.0
07-03 20:47:51.417  5428  5447 I GST     : forePkg: com.miui.home, preForePkg: com.miui.securitycenter
07-03 20:47:51.420  1958  2089 I Timeline: Timeline: App_transition_ready time:119193666
07-03 20:47:51.421  1958  2089 V InputDispatcher: Asynchronous input event injection succeeded.
07-03 20:47:51.422 25666 26956 I GameBoosterService: onForegroundInfoChanged: Cur=com.miui.home  last=com.miui.securitycenter
07-03 20:47:51.422 17706 17706 W ActivityThread: SCHED: com.miui.securitycenter/com.miui.appmanager.ApplicationsDetailsActivity [53, r=15ms, a=13ms, w=267ms]
07-03 20:47:51.422 25666 26956 D GameBoosterService: onGameStatusChange foreground:ForegroundInfo{mForegroundPackageName='com.miui.home', mForegroundUid=10094, mForegroundPid=25324, mLastForegroundPackageName='com.miui.securitycenter', mLastForegroundUid=1000, mLastForegroundPid=17706, mMultiWindowForegroundPackageName='null', mMultiWindowForegroundUid=-1, mFlags=0}
07-03 20:47:51.422 25666 26956 I VideoBoxUtils: isSupportVideoBox: false
07-03 20:47:51.423 25666 26956 I VideoToolBoxService: vtb is closed!!!
07-03 20:47:51.428  1958  2360 I Timeline: Timeline: App_transition_ready time:119193674
07-03 20:47:51.430  1958  1997 I Timeline: Timeline: App_transition_ready time:119193676
07-03 20:47:51.432  1958  1997 I Timeline: Timeline: App_transition_ready time:119193678
07-03 20:47:51.440  1958  2360 I Timeline: Timeline: App_transition_ready time:119193685
07-03 20:47:51.441 25324 25324 D Launcher.Lifecycle: onStart:UserHandle{0},e938a99,false
07-03 20:47:51.442 25324 26142 I RenderThread: RenderThread resumed
07-03 20:47:51.442 25324 26142 I RenderThread: All controllers paused.
07-03 20:47:51.442 25324 26142 I RenderThread: RenderThread paused, waiting for signal
07-03 20:47:51.443  1958  1993 D LocationManagerService: provider request: com.android.server.LocationManagerService$LocationProvider@36a9d89 ProviderRequest[OFF]
07-03 20:47:51.443  1958  1993 E LocationManagerService: provider request: com.android.server.LocationManagerService$LocationProvider@36a9d89 ProviderRequest[OFF]
07-03 20:47:51.443  1958  1993 D LocationManagerService: provider request: com.android.server.LocationManagerService$LocationProvider@15b018e ProviderRequest[OFF]
07-03 20:47:51.443  1958  1993 E LocationManagerService: provider request: com.android.server.LocationManagerService$LocationProvider@15b018e ProviderRequest[OFF]
07-03 20:47:51.443  1958  1993 D GnssLocationProvider: WakeLock acquired by sendMessage(SET_REQUEST, 0, com.android.server.location.GnssLocationProvider$GpsRequest@ab91b4e)
07-03 20:47:51.443  1958  1993 D LocationManagerService: provider request: com.android.server.LocationManagerService$LocationProvider@8fb25bc ProviderRequest[OFF]
07-03 20:47:51.443  1958  1993 E LocationManagerService: provider request: com.android.server.LocationManagerService$LocationProvider@8fb25bc ProviderRequest[OFF]
07-03 20:47:51.444  1958  1993 D LocationManagerService: provider request: com.android.server.LocationManagerService$LocationProvider@3d68945 ProviderRequest[OFF]
07-03 20:47:51.444  1958  1993 E LocationManagerService: provider request: com.android.server.LocationManagerService$LocationProvider@3d68945 ProviderRequest[OFF]
07-03 20:47:51.444  1958  1993 D GnssLocationProvider: setRequest ProviderRequest[OFF]
07-03 20:47:51.444  4882  4901 I FusedLocationProvider: onSetRequest
07-03 20:47:51.444  1958  1993 D GnssLocationProvider: stopNavigating
07-03 20:47:51.444  4882  5051 I AbsoluteLocationDispatcher: request type:0
07-03 20:47:51.444  1958  1993 D GnssLocationProvider: WakeLock released by handleMessage(SET_REQUEST, 0, com.android.server.location.GnssLocationProvider$GpsRequest@ab91b4e)
07-03 20:47:51.445  1958  5009 V LocSvc_HIDL_IzatProvider_jni: [onRemoveRequest][180] [HC] =>> [HS]
07-03 20:47:51.445 25359  2617 D PMonitor:  onForegroundActivitiesChanged:pid = 25324,activity-uid=10094,foregroundActivities=true
07-03 20:47:51.445   714   714 V LocSvc_HIDL_IzatProvider: [onRemoveRequest][210] [HS] <<<<= [HC]
