07-03 20:39:10.357  1958  2011 I ActivityManager: Start proc 17079:com.google.process.gapps/u0a185 for content provider{com.google.android.gsf/com.google.android.gsf.settings.GoogleSettingsProvider} caller=com.android.vending
07-03 20:39:10.553 16942 17029 W BpBinder: Slow Binder: BpBinder transact took 225ms, interface=android.app.IActivityManager, code=20 oneway=false
07-03 20:39:10.778  1958  2011 I ActivityManager: Start proc 17138:com.android.vending:background/u0a175 for service {com.android.vending/com.google.frameworks.client.data.android.server.play.BackgroundProcessEndpointService} caller=com.android.vending
07-03 20:39:19.576 16853 16912 W BpBinder: Slow Binder: BpBinder transact took 321ms, interface=com.google.android.auth.IAuthManagerService, code=5 oneway=false
07-03 20:39:33.309  1958  2011 I ActivityManager: Start proc 17238:com.qti.diagservices/1000 for service {com.qti.diagservices/com.qti.diagservices.QTIDiagServices} caller=com.qti.diagservices
07-03 20:39:49.713  1958  4526 I ActivityManager: Process com.miui.securitycenter (pid 2246) has died: cch+95 CEM
07-03 20:39:49.718  1958  1996 W ActivityManager: setHasOverlayUi called on unknown pid: 2246
07-03 20:40:13.329  1958  2011 I ActivityManager: Start proc 17270:com.android.settings:remote/1000 for service {com.android.settings/com.android.settings.dangerousoptions.DangerousOptionsWarningService} caller=com.android.settings
07-03 20:40:39.785  1958  2017 I PowerManagerService: Going to sleep due to timeout (uid 1000)...
07-03 20:40:39.785  1958  1958 W UsageStatsService: Event reported without a package name, eventType:16
07-03 20:40:39.786  1958  1958 I WindowManager: Started going to sleep... (why=OFF_BECAUSE_OF_TIMEOUT)
07-03 20:40:40.015  1958  2017 I DisplayPowerController: Blocking screen off
07-03 20:40:40.017  1958  2017 I DisplayPowerController: Unblocked screen off after 1 ms
07-03 20:40:40.019  1958  2014 E KernelCpuUidUserSysTimeReader: Negative user/sys time delta for UID=10179
07-03 20:40:40.019  1958  2014 E KernelCpuUidUserSysTimeReader: Prev times: u=86369 s=25462 Curr times: u=86217 s=25364
07-03 20:40:40.019  1958  2014 E KernelCpuUidUserSysTimeReader: Negative user/sys time delta for UID=10208
07-03 20:40:40.019  1958  2014 E KernelCpuUidUserSysTimeReader: Prev times: u=210623 s=83669 Curr times: u=210367 s=83469
07-03 20:40:40.020  1958  2014 E KernelCpuUidUserSysTimeReader: Negative user/sys time delta for UID=10211
07-03 20:40:40.020  1958  2014 E KernelCpuUidUserSysTimeReader: Prev times: u=4562 s=3065 Curr times: u=4465 s=3029
07-03 20:40:40.020  1958  2014 E KernelCpuUidUserSysTimeReader: Negative user/sys time delta for UID=10191
07-03 20:40:40.020  1958  2014 E KernelCpuUidUserSysTimeReader: Prev times: u=152275 s=65177 Curr times: u=151994 s=65018
07-03 20:40:40.020  1958  2014 E KernelCpuUidUserSysTimeReader: Negative user/sys time delta for UID=10189
07-03 20:40:40.020  1958  2014 E KernelCpuUidUserSysTimeReader: Prev times: u=198926 s=75580 Curr times: u=198822 s=75491
07-03 20:40:40.020  1958  2014 E KernelCpuUidUserSysTimeReader: Negative user/sys time delta for UID=10163
07-03 20:40:40.020  1958  2014 E KernelCpuUidUserSysTimeReader: Prev times: u=27520 s=12882 Curr times: u=27439 s=12782
07-03 20:40:40.024  1958  2017 I WindowManager: Screen turned off...
07-03 20:40:40.034  1958  2017 W ActivityManager: Unable to start service Intent { act=miui.action.CAMERA_EMPTY_SERVICEpkg=com.android.camera } U=0: not found
07-03 20:40:40.035 25324 25324 W ActivityThread: SCHED: com.miui.home/.launcher.Launcher [77, r=103ms, a=30ms, w=129512ms]
07-03 20:40:40.066  1958  1996 I DisplayManagerService: Display device changed state: "Built-in Screen", OFF
07-03 20:40:40.350  1958  2168 W BpBinder: Slow Binder: BpBinder transact took 305ms, interface=android.ui.ISurfaceComposer, code=19 oneway=false
07-03 20:40:40.376  1958  2017 W DreamManagerService: Dream ComponentInfo{com.android.systemui/com.android.systemui.doze.DozeService} does not exist
07-03 20:40:40.376  1958  2017 I PowerManagerService: Sleeping (uid 1000)...
07-03 20:40:40.379  1958  1958 I WindowManager: Finished going to sleep... (why=OFF_BECAUSE_OF_TIMEOUT)
07-03 20:40:40.385  2181 22876 W KeyguardViewMediator: doKeyguard: showing the lock screen
07-03 20:40:40.421  1958  1996 W UsageStatsService: Event reported without a package name, eventType:17
07-03 20:40:40.421  1958  1996 I WindowManager: updateContrastOverlay, darkmode: true isContrastEnabled: false alpha: 0.0
07-03 20:40:40.568  1958  1958 W Looper  : Slow dispatch took 175ms main h=android.app.ActivityThread$H c=android.app.-$$Lambda$LoadedApk$ReceiverDispatcher$Args$_BumDX2UKsnxLVrE6UJsJZkotuA@68753b8 m=0
07-03 20:40:40.716  1958  2011 I ActivityManager: Start proc 17334:com.google.android.apps.wellbeing/u0a189 for broadcast {com.google.android.apps.wellbeing/com.google.android.apps.wellbeing.alarm.NextAlarmClockChangedReceiver_Receiver} caller=android
07-03 20:40:40.956  1958  2011 I ActivityManager: Start proc 17369:com.miui.msa.global:ui/u0a123 for service {com.miui.msa.global/com.xiaomi.ad.internal.splash.uiprocess.SplashUIService} caller=com.miui.msa.global
07-03 20:40:41.188  1958  2014 E BatteryExternalStatsWorker: no controller energy info supplied for bluetooth
07-03 20:40:41.367  2181  3241 W BpBinder: Slow Binder: BpBinder transact took 201ms, interface=android.content.IContentProvider, code=21 oneway=false
07-03 20:41:18.424  1958  2014 E BatteryExternalStatsWorker: no controller energy info supplied for bluetooth
07-03 20:41:20.932  1958  2011 I ActivityManager: Start proc 17465:com.android.smspush/u0a155 for service {com.android.smspush/com.android.smspush.WapPushManager} caller=com.android.phone
07-03 20:41:35.270  1958  1995 W EntropyMixer: Failed to add HW RNG output to entropy pool
07-03 20:41:35.270  1958  1995 W EntropyMixer: java.io.FileNotFoundException: /dev/hw_random: open failed: EACCES (Permission denied)
07-03 20:41:35.270  1958  1995 W EntropyMixer:  at libcore.io.IoBridge.open(IoBridge.java:496)
07-03 20:41:35.270  1958  1995 W EntropyMixer:  at java.io.FileInputStream.<init>(FileInputStream.java:159)
07-03 20:41:35.270  1958  1995 W EntropyMixer:  at java.io.FileInputStream.<init>(FileInputStream.java:115)
07-03 20:41:35.270  1958  1995 W EntropyMixer:  at com.android.server.RandomBlock.fromFile(RandomBlock.java:45)
07-03 20:41:35.270  1958  1995 W EntropyMixer:  at com.android.server.EntropyMixer.addHwRandomEntropy(EntropyMixer.java:205)
07-03 20:41:35.270  1958  1995 W EntropyMixer:  at com.android.server.EntropyMixer.access$000(EntropyMixer.java:59)
07-03 20:41:35.270  1958  1995 W EntropyMixer:  at com.android.server.EntropyMixer$1.handleMessage(EntropyMixer.java:83)
07-03 20:41:35.270  1958  1995 W EntropyMixer:  at android.os.Handler.dispatchMessage(Handler.java:107)
07-03 20:41:35.270  1958  1995 W EntropyMixer:  at android.os.Looper.loop(Looper.java:224)
07-03 20:41:35.270  1958  1995 W EntropyMixer:  at android.os.HandlerThread.run(HandlerThread.java:67)
07-03 20:41:35.270  1958  1995 W EntropyMixer:  at com.android.server.ServiceThread.run(ServiceThread.java:45)
07-03 20:41:35.270  1958  1995 W EntropyMixer: Caused by: android.system.ErrnoException: open failed: EACCES (Permission denied)
07-03 20:41:35.270  1958  1995 W EntropyMixer:  at libcore.io.Linux.open(Native Method)
07-03 20:41:35.270  1958  1995 W EntropyMixer:  at libcore.io.ForwardingOs.open(ForwardingOs.java:167)
07-03 20:41:35.270  1958  1995 W EntropyMixer:  at libcore.io.BlockGuardOs.open(BlockGuardOs.java:252)
07-03 20:41:35.270  1958  1995 W EntropyMixer:  at libcore.io.IoBridge.open(IoBridge.java:482)
07-03 20:41:35.270  1958  1995 W EntropyMixer:  ... 10 more
07-03 20:41:35.270  1958  1995 I EntropyMixer: Writing entropy...
07-03 20:42:00.907  1958  2011 I ActivityManager: Start proc 17492:com.qualcomm.telephony/u0a195 for service {com.qualcomm.atfwd/com.qualcomm.atfwd.AtFwdService} caller=com.qualcomm.atfwd
07-03 20:42:28.400  2181  2181 I MiuiChargeManager: notifyBatteryStatusChanged:  status: 2 isPlugged: 2 level: 97 wireState: 11 chargeSpeed: 0 mWiredChargeType: 0 mWirelessChargeType: 0 chargeDeviceType: -1
07-03 20:42:28.449  1958  2014 E BatteryExternalStatsWorker: no controller energy info supplied for bluetooth
07-03 20:42:28.490  1958  2011 I ActivityManager: Start proc 17522:com.google.android.apps.turbo/u0a184 for broadcast {com.google.android.apps.turbo/com.google.android.apps.turbo.nudges.broadcasts.BatteryStatusChangedReceiver} caller=android
07-03 20:42:28.938  1958  2014 E BatteryExternalStatsWorker: no controller energy info supplied for bluetooth
07-03 20:42:54.481  1958  2011 I ActivityManager: Start proc 17554:com.qualcomm.qti.workloadclassifier/1000 for service{com.qualcomm.qti.workloadclassifier/com.qualcomm.qti.workloadclassifier.WLCService} caller=com.qualcomm.qti.workloadclassifier
07-03 20:43:33.412  1958  2011 I ActivityManager: Start proc 17580:com.android.settings/1000 for service {com.android.settings/com.android.settings.connecteddevice.usb.MiUsbService} caller=com.android.settings
07-03 20:43:44.448  1958  2014 E BatteryExternalStatsWorker: no controller energy info supplied for bluetooth
07-03 20:43:44.618  1958  2014 I chatty  : uid=1000(system) batterystats-wo identical 1 line
07-03 20:43:44.920  1958  2014 E BatteryExternalStatsWorker: no controller energy info supplied for bluetooth
07-03 20:46:38.821  2181  2181 I MiuiChargeManager: notifyBatteryStatusChanged:  status: 2 isPlugged: 2 level: 98 wireState: 11 chargeSpeed: 0 mWiredChargeType: 0 mWirelessChargeType: 0 chargeDeviceType: -1
07-03 20:46:38.851  1958  2014 E BatteryExternalStatsWorker: no controller energy info supplied for bluetooth
07-03 20:46:39.361  1958  2014 E BatteryExternalStatsWorker: no controller energy info supplied for bluetooth
07-03 20:46:55.418  1958  4526 W BpBinder: Slow Binder: BpBinder transact took 994ms, interface=android.os.IInstalld, code=10 oneway=false
07-03 20:46:55.419  1958  4526 I InstallationStatistic: beginInstallSession: 1500815524
07-03 20:46:56.458  1958  2645 I DropBoxManagerService: add tag=keymaster isTagEnabled=true flags=0x0
07-03 20:46:56.636  1958  2065 W BpBinder: Slow Binder: BpBinder transact took 253ms, interface=com.miui.server.ISplashScreenService, code=1 oneway=false
07-03 20:46:56.637  1958  2065 I ActivityTaskManager: START u0 {act=android.intent.action.VIEW dat=file:///data/app/vmdl1500815524.tmp typ=application/vnd.android.package-archive flg=0x18000000 cmp=com.miui.securitycenter/com.miui.permcenter.install.AdbInstallActivity (has extras)} from uid 1000
07-03 20:46:56.807 16170 16219 W FileUtils: Slow Operation: fsync took 154ms
07-03 20:46:56.863  1958  2011 I ActivityManager: Start proc 17706:com.miui.securitycenter/1000 for activity {com.miui.securitycenter/com.miui.permcenter.install.AdbInstallActivity} caller=pm
07-03 20:46:56.945  1958  1997 I Timeline: Timeline: App_transition_ready time:119139191
07-03 20:46:56.953  1958  1997 I Timeline: Timeline: App_transition_ready time:119139199
07-03 20:46:57.444  1958  1996 W ActivityTaskManager: Activity top resumed state loss timeout for ActivityRecord{30d2e95 u0 com.miui.securitycenter/com.miui.permcenter.install.AdbInstallActivity t1666}
07-03 20:46:57.444  1958  1996 W ActivityTaskManager: Activity pause timeout for ActivityRecord{30d2e95 u0 com.miui.securitycenter/com.miui.permcenter.install.AdbInstallActivity t1666}
07-03 20:46:57.447  1958  1996 I Timeline: Timeline: App_transition_ready time:119139692
07-03 20:46:57.454  1958  1996 W ProcessStats: Tracking association SourceState{124faa5 com.miui.securitycenter/1000 Top #516817} whose proc state 1 is better than process ProcessState{1c1639c com.google.android.gms.persistent/10185 pkg=com.google.android.gms} proc state 2 (224 skipped)
07-03 20:46:57.649  1958  2011 I ActivityManager: Start proc 17765:com.miui.guardprovider/u0a115 for content provider {com.miui.guardprovider/com.miui.guardprovider.GuardProvider} caller=com.miui.securitycenter
07-03 20:46:57.831 17706 17706 W BpBinder: Slow Binder: BpBinder transact took 220ms, interface=android.app.IActivityManager, code=20 oneway=false
07-03 20:46:58.026 17765 17784 W SystemConfig: No directory /product_services/etc/sysconfig, skipping
07-03 20:46:58.027 17765 17784 W SystemConfig: No directory /product_services/etc/permissions, skipping
07-03 20:46:58.061 17706 17706 W BpBinder: Slow Binder: BpBinder transact took 230ms, interface=android.content.IContentProvider, code=21 oneway=false
07-03 20:46:58.086  1958  1979 I Timeline: Timeline: App_transition_ready time:119140332
07-03 20:46:58.091  1958  1997 I Timeline: Timeline: App_transition_ready time:119140336
07-03 20:46:58.293 17706 17706 W Activity: Slow Operation: Activity com.miui.securitycenter/com.miui.permcenter.install.AdbInstallActivity onCreate took 743ms
07-03 20:46:58.299 17706 17706 W Looper  : Slow Looper main: Activity com.miui.securitycenter/com.miui.permcenter.install.AdbInstallActivity is 525ms late (wall=832ms running=231ms ClientTransaction{ callbacks=[android.app.servertransaction.LaunchActivityItem] lifecycleRequest=android.app.servertransaction.ResumeActivityItem }) because of 2 msg, msg 2 took 523ms (seq=2 running=291ms runnable=24ms io=155ms late=6ms h=android.app.ActivityThread$H w=110)
07-03 20:46:58.300 17706 17706 W Looper  : Slow Looper main: Activity com.miui.securitycenter/com.miui.permcenter.install.AdbInstallActivity is 1357ms late (wall=0ms running=0ms ClientTransaction{ callbacks=[android.app.servertransaction.TopResumedActivityChangeItem] }) because of 3 msg, msg 2 took 523ms (seq=2 running=291ms runnable=24ms io=155ms late=6ms h=android.app.ActivityThread$H w=110), msg 3 took 832ms (seq=3 running=231ms runnable=25ms io=79ms late=525ms h=android.app.ActivityThread$H w=159)
07-03 20:46:58.301 17706 17706 W Looper  : Slow Looper main: Activity com.miui.securitycenter/com.miui.permcenter.install.AdbInstallActivity is 1357ms late (wall=0ms running=0ms ClientTransaction{ callbacks=[android.app.servertransaction.TopResumedActivityChangeItem] }) because of 4 msg, msg 2 took 523ms (seq=2 running=291ms runnable=24ms io=155ms late=6ms h=android.app.ActivityThread$H w=110), msg 3 took 832ms (seq=3 running=231ms runnable=25ms io=79ms late=525ms h=android.app.ActivityThread$H w=159)
07-03 20:46:58.302 17706 17706 W Looper  : Slow Looper main: Activity com.miui.securitycenter/com.miui.permcenter.install.AdbInstallActivity is 1357ms late (wall=2ms running=0ms ClientTransaction{ lifecycleRequest=android.app.servertransaction.PauseActivityItem }) because of 5 msg, msg 2 took 523ms (seq=2 running=291ms runnable=24ms io=155ms late=6ms h=android.app.ActivityThread$H w=110), msg 3 took 832ms (seq=3 running=231ms runnable=25ms io=79ms late=525ms h=android.app.ActivityThread$H w=159)
07-03 20:46:58.303 17706 17706 W Looper  : Slow Looper main: Activity com.miui.securitycenter/com.miui.permcenter.install.AdbInstallActivity is 853ms late (wall=0ms running=0ms ClientTransaction{ lifecycleRequest=android.app.servertransaction.StopActivityItem }) because of 8 msg, msg 1 took 523ms (seq=2 running=291ms runnable=24ms io=155ms late=6ms h=android.app.ActivityThread$H w=110), msg 2 took 832ms (seq=3 running=231ms runnable=25ms io=79ms late=525ms h=android.app.ActivityThread$H w=159)
07-03 20:46:58.325  1958  5271 I Timeline: Timeline: App_transition_ready time:119140571
07-03 20:46:58.326  1958  5271 I Timeline: Timeline: App_transition_stopped time:119140572
07-03 20:46:58.407  1958  1979 W WindowManager: Failed looking up window callers=com.android.server.wm.WindowManagerService.windowForClientLocked:5864 com.android.server.wm.WindowManagerService.relayoutWindow:2244 com.android.server.wm.Session.relayout:194
07-03 20:46:58.437  1958  1979 W WindowManager: Failed looking up window callers=com.android.server.wm.WindowManagerService.windowForClientLocked:5864 com.android.server.wm.WindowManagerService.removeWindow:2014 com.android.server.wm.Session.remove:176
07-03 20:46:58.439  1958  2010 I ActivityManager: Force stopping com.BHG.gurbani appid=10776 user=-1: installPackageLI
07-03 20:46:58.439  1958  2022 I PackageManager: Update package com.BHG.gurbani code path from /data/app/com.BHG.gurbani-Qk5hmKsvKR6tjfTi9AdIRg== to /data/app/com.BHG.gurbani-Lv2vxhSxTyWWKwjn6ZZbvA==; Retain data and using new
07-03 20:46:58.439  1958  2022 I PackageManager: Update package com.BHG.gurbani resource path from /data/app/com.BHG.gurbani-Qk5hmKsvKR6tjfTi9AdIRg== to /data/app/com.BHG.gurbani-Lv2vxhSxTyWWKwjn6ZZbvA==; Retain data and using new
07-03 20:46:58.590  1958  2022 W FileUtils: Slow Operation: fsync took 103ms
07-03 20:46:58.689  1958  2022 I PackageManager: Un-granting permission android.permission.WRITE_MEDIA_STORAGE from package com.jio.media.jiobeats (protectionLevel=18 flags=0x20d83e44)
07-03 20:46:58.690  1958  2022 I PackageManager: Un-granting permission android.permission.WRITE_SETTINGS from package com.jio.media.jiobeats (protectionLevel=1218 flags=0x20d83e44)
07-03 20:46:58.690  1958  2022 I PackageManager: Un-granting permission android.permission.MANAGE_DOCUMENTS from package com.google.android.youtube (protectionLevel=262146 flags=0x20dbbec5)
07-03 20:46:58.690  1958  2022 I PackageManager: Un-granting permission android.permission.REQUEST_INSTALL_PACKAGES from package com.revanced.net.revancedmanager (protectionLevel=66 flags=0x20c8be44)
07-03 20:46:58.691  1958  2022 I PackageManager: Un-granting permission android.permission.CAPTURE_AUDIO_OUTPUT from package com.google.android.googlequicksearchbox (protectionLevel=18 flags=0xa8dbbec5)
07-03 20:46:58.691  1958  2022 I PackageManager: Un-granting permission android.permission.SUBSTITUTE_SHARE_TARGET_APP_NAME_AND_ICON from package com.google.android.googlequicksearchbox (protectionLevel=18 flags=0xa8dbbec5)
07-03 20:46:58.691  1958  2022 I PackageManager: Un-granting permission android.permission.CAPTURE_MEDIA_OUTPUT from package com.google.android.googlequicksearchbox (protectionLevel=18 flags=0xa8dbbec5)
07-03 20:46:58.691  1958  2022 I PackageManager: Un-granting permission android.permission.MODIFY_AUDIO_ROUTING from package com.google.android.googlequicksearchbox (protectionLevel=18 flags=0xa8dbbec5)
07-03 20:46:58.692  1958  2022 I PackageManager: Un-granting permission com.google.android.googleapps.permission.GOOGLE_AUTH from package com.android.providers.calendar (protectionLevel=2 flags=0x20883e45)
07-03 20:46:58.692  1958  2022 I PackageManager: Un-granting permission com.google.android.googleapps.permission.GOOGLE_AUTH.cl from package com.android.providers.calendar (protectionLevel=2 flags=0x20883e45)
07-03 20:46:58.692  1958  2022 I PackageManager: Un-granting permission android.permission.SYSTEM_ALERT_WINDOW from package org.telegram.messenger (protectionLevel=1250 flags=0x289bbe44)
07-03 20:46:58.692  1958  2022 I PackageManager: Un-granting permission android.permission.REQUEST_INSTALL_PACKAGES from package org.telegram.messenger (protectionLevel=66 flags=0x289bbe44)
07-03 20:46:58.693  1958  2022 I PackageManager: Un-granting permission android.permission.MANAGE_DOCUMENTS from package app.revanced.android.youtube (protectionLevel=262146 flags=0x30dbbe44)
07-03 20:46:58.693  1958  2022 I PackageManager: Un-granting permission android.permission.SYSTEM_ALERT_WINDOW from package app.revanced.android.youtube (protectionLevel=1250 flags=0x30dbbe44)
07-03 20:46:58.694  1958  2022 I PackageManager: Un-granting permission android.permission.WRITE_SECURE_SETTINGS from package com.antutu.ABenchMark (protectionLevel=50 flags=0x2288be46)
07-03 20:46:58.694  1958  2022 I PackageManager: Un-granting permission android.permission.REQUEST_INSTALL_PACKAGES from package com.whatsapp (protectionLevel=66 flags=0x20cbbe44)
07-03 20:46:58.695  1958  2022 I PackageManager: Un-granting permission android.permission.HIDE_NON_SYSTEM_OVERLAY_WINDOWS from package com.android.companiondevicemanager (protectionLevel=258 flags=0x30c83e45)
07-03 20:46:58.696  1958  2022 I PackageManager: Un-granting permission android.permission.MANAGE_USERS from package com.miui.securitycenter (protectionLevel=18 flags=0x20c9bec5)
07-03 20:46:58.696  1958  2022 I PackageManager: Un-granting permission android.permission.INTERACT_ACROSS_USERS from package com.miui.securitycenter (protectionLevel=50 flags=0x20c9bec5)
07-03 20:46:58.696  1958  2022 I PackageManager: Un-granting permission android.permission.READ_PRIVILEGED_PHONE_STATE from package com.miui.securitycenter (protectionLevel=18 flags=0x20c9bec5)
07-03 20:46:58.696  1958  2022 I PackageManager: Un-granting permission android.permission.WRITE_MEDIA_STORAGE from package ru.zdevs.zarchiver (protectionLevel=18 flags=0x30d8be44)
07-03 20:46:58.696  1958  2022 I PackageManager: Un-granting permission android.permission.REQUEST_INSTALL_PACKAGES from package ru.zdevs.zarchiver (protectionLevel=66 flags=0x30d8be44)
07-03 20:46:58.696  1958  2022 I PackageManager: Un-granting permission android.permission.SYSTEM_ALERT_WINDOW from package com.glgjing.captain (protectionLevel=1250 flags=0x3088be44)
07-03 20:46:58.697  1958  2022 I PackageManager: Un-granting permission android.permission.PACKAGE_USAGE_STATS from package com.glgjing.captain (protectionLevel=114 flags=0x3088be44)
07-03 20:46:58.697  1958  2022 I PackageManager: Un-granting permission android.permission.START_ACTIVITIES_FROM_BACKGROUND from package com.android.soundrecorder (protectionLevel=49682 flags=0x30c83e85)
07-03 20:46:58.697  1958  2022 I PackageManager: Un-granting permission android.permission.WRITE_SETTINGS from package in.mohalla.sharechat (protectionLevel=1218 flags=0x30d8be44)
07-03 20:46:58.697  1958  2022 I PackageManager: Un-granting permission android.permission.SYSTEM_ALERT_WINDOW from package in.mohalla.sharechat (protectionLevel=1250 flags=0x30d8be44)
07-03 20:46:58.698  1958  2022 I PackageManager: Un-granting permission android.permission.REQUEST_INSTALL_PACKAGES from package com.android.providers.downloads.ui (protectionLevel=66 flags=0x30c8be45)
07-03 20:46:58.698  1958  2022 I PackageManager: Un-granting permission android.permission.HIDE_NON_SYSTEM_OVERLAY_WINDOWS from package com.android.vending (protectionLevel=258 flags=0x28cabec5)
07-03 20:46:58.698  1958  2022 I PackageManager: Un-granting permission android.permission.SEND_DOWNLOAD_COMPLETED_INTENTS from package com.android.vending (protectionLevel=2 flags=0x28cabec5)
07-03 20:46:58.700  1958  2022 I PackageManager: Un-granting permission android.permission.SYSTEM_ALERT_WINDOW from package com.hecorat.screenrecorder.free (protectionLevel=1250 flags=0x20c8be44)
07-03 20:46:58.700  1958  2022 I PackageManager: Un-granting permission com.google.android.googleapps.permission.GOOGLE_AUTH.mail from package com.android.contacts (protectionLevel=2 flags=0x38c9be45)
07-03 20:46:58.701  1958  2022 I PackageManager: Un-granting permission android.permission.CHANGE_CONFIGURATION from package com.tiqiaa.remote (protectionLevel=50 flags=0x30c8be44)
07-03 20:46:58.701  1958  2022 I PackageManager: Un-granting permission android.permission.SET_DEBUG_APP from package com.tiqiaa.remote (protectionLevel=50 flags=0x30c8be44)
07-03 20:46:58.701  1958  2022 I PackageManager: Un-granting permission android.permission.WRITE_SETTINGS from package com.tiqiaa.remote (protectionLevel=1218 flags=0x30c8be44)
07-03 20:46:58.701  1958  2022 I PackageManager: Un-granting permission android.permission.DEVICE_POWER from package com.tiqiaa.remote (protectionLevel=2 flags=0x30c8be44)
07-03 20:46:58.701  1958  2022 I PackageManager: Un-granting permission com.android.launcher.permission.READ_SETTINGS from package com.tiqiaa.remote (protectionLevel=18 flags=0x30c8be44)
07-03 20:46:58.701  1958  2022 I PackageManager: Un-granting permission android.permission.INTERACT_ACROSS_USERS_FULL from package com.tiqiaa.remote (protectionLevel=258 flags=0x30c8be44)
07-03 20:46:58.701  1958  2022 I PackageManager: Un-granting permission android.permission.SYSTEM_ALERT_WINDOW from package com.tiqiaa.remote (protectionLevel=1250 flags=0x30c8be44)
07-03 20:46:58.701  1958  2022 I PackageManager: Un-granting permission android.permission.SEND_DOWNLOAD_COMPLETED_INTENTS from package com.tiqiaa.remote (protectionLevel=2 flags=0x30c8be44)
07-03 20:46:58.701  1958  2022 I PackageManager: Un-granting permission android.permission.DUMP from package com.digibites.accubattery (protectionLevel=50 flags=0x20c83e44)
07-03 20:46:58.701  1958  2022 I PackageManager: Un-granting permission android.permission.PACKAGE_USAGE_STATS from package com.digibites.accubattery (protectionLevel=114 flags=0x20c83e44)
07-03 20:46:58.701  1958  2022 I PackageManager: Un-granting permission android.permission.SYSTEM_ALERT_WINDOW from package com.digibites.accubattery (protectionLevel=1250 flags=0x20c83e44)
07-03 20:46:58.702  1958  2022 I PackageManager: Un-granting permission android.permission.START_ACTIVITIES_FROM_BACKGROUND from package com.android.mms (protectionLevel=49682 flags=0x38c9bee5)
07-03 20:46:58.702  1958  2022 I PackageManager: Un-granting permission com.xiaomi.simactivate.service.ACTIVATE_SIM from package com.android.mms (protectionLevel=2 flags=0x38c9bee5)
07-03 20:46:58.702  1958  2022 I PackageManager: Un-granting permission android.permission.WRITE_APN_SETTINGS from package com.android.mms (protectionLevel=18 flags=0x38c9bee5)
07-03 20:46:58.702  1958  2022 I PackageManager: Un-granting permission miui.permission.JOYOSE from package com.android.mms (protectionLevel=2 flags=0x38c9bee5)
07-03 20:46:58.702  1958  2022 I PackageManager: Un-granting permission com.miui.systemAdSolution.LOCAL_AD_PROVIDER from package com.android.mms (protectionLevel=2 flags=0x38c9bee5)
07-03 20:46:58.702  1958  2022 I PackageManager: Un-granting permission com.android.settings.permission.CLOUD_SETTINGS_PROVIDER from package com.android.mms (protectionLevel=18 flags=0x38c9bee5)
07-03 20:46:58.702  1958  2022 I PackageManager: Un-granting permission android.permission.ACCESS_DOWNLOAD_MANAGER frompackage com.microsoft.rdc.android (protectionLevel=18 flags=0x3098be44)
07-03 20:46:58.702  1958  2022 I PackageManager: Un-granting permission android.permission.REQUEST_INSTALL_PACKAGES from package com.apk.editor (protectionLevel=66 flags=0x20c8be44)
07-03 20:46:58.703  1958  2022 I PackageManager: Un-granting permission android.permission.REQUEST_INSTALL_PACKAGES from package com.google.android.gm (protectionLevel=66 flags=0x28dbbec5)
07-03 20:46:58.704  1958  2022 I PackageManager: Un-granting permission com.google.android.providers.gsf.permission.WRITE_GSERVICES from package com.google.android.apps.playconsole (protectionLevel=2 flags=0x2088be44)
07-03 20:46:58.705  1958  2022 I PackageManager: Un-granting permission android.permission.WRITE_SECURE_SETTINGS from package com.android.printspooler (protectionLevel=50 flags=0x38c8be45)
07-03 20:46:58.706  1958  2022 I PackageManager: Un-granting permission android.permission.CHANGE_CONFIGURATION from package com.duokan.phone.remotecontroller (protectionLevel=50 flags=0x20983e44)
07-03 20:46:58.706  1958  2022 I PackageManager: Un-granting permission android.permission.CAPTURE_AUDIO_OUTPUT from package com.duokan.phone.remotecontroller (protectionLevel=18 flags=0x20983e44)
07-03 20:46:58.706  1958  2022 I PackageManager: Un-granting permission com.xiaomi.permission.CLOUD_MANAGER from package com.duokan.phone.remotecontroller (protectionLevel=18 flags=0x20983e44)
07-03 20:46:58.706  1958  2022 I PackageManager: Un-granting permission com.android.launcher.permission.READ_SETTINGS from package com.duokan.phone.remotecontroller (protectionLevel=18 flags=0x20983e44)
07-03 20:46:58.706  1958  2022 I PackageManager: Un-granting permission android.permission.WRITE_SETTINGS from package com.duokan.phone.remotecontroller (protectionLevel=1218 flags=0x20983e44)
07-03 20:46:58.706  1958  2022 I PackageManager: Un-granting permission com.miui.securitycenter.permission.SYSTEM_PERMISSION_DECLARE from package com.duokan.phone.remotecontroller (protectionLevel=18 flags=0x20983e44)
07-03 20:46:58.706  1958  2022 I PackageManager: Un-granting permission android.permission.MOUNT_UNMOUNT_FILESYSTEMS from package com.duokan.phone.remotecontroller (protectionLevel=18 flags=0x20983e44)
07-03 20:46:58.706  1958  2022 I PackageManager: Un-granting permission android.permission.REAL_GET_TASKS from package com.google.android.apps.wellbeing (protectionLevel=18 flags=0x20cbbec5)
07-03 20:46:58.706  1958  2022 I PackageManager: Un-granting permission android.permission.START_TASKS_FROM_RECENTS from package com.google.android.apps.wellbeing (protectionLevel=18 flags=0x20cbbec5)
07-03 20:46:58.706  1958  2022 I PackageManager: Un-granting permission android.permission.MODIFY_DAY_NIGHT_MODE from package com.google.android.apps.wellbeing (protectionLevel=18 flags=0x20cbbec5)
07-03 20:46:58.707  1958  2022 I PackageManager: Un-granting permission android.permission.REQUEST_INSTALL_PACKAGES from package com.google.android.apps.docs (protectionLevel=66 flags=0x28cbbe44)
07-03 20:46:58.708  1958  2022 I PackageManager: Un-granting permission android.permission.SYSTEM_ALERT_WINDOW from package com.frontrow.vlog (protectionLevel=1250 flags=0x38983c44)
07-03 20:46:58.708  1958  2022 I PackageManager: Un-granting permission android.permission.ACCESS_MTP from package com.miui.cloudbackup (protectionLevel=18 flags=0x20d83ec5)
07-03 20:46:58.708  1958  2022 I PackageManager: Un-granting permission android.permission.SYSTEM_ALERT_WINDOW from package com.opera.browser (protectionLevel=1250 flags=0xa4c9be44)
07-03 20:46:58.708  1958  2022 I PackageManager: Un-granting permission android.permission.REQUEST_INSTALL_PACKAGES from package com.opera.browser (protectionLevel=66 flags=0xa4c9be44)
07-03 20:46:58.709  1958  2022 I PackageManager: Un-granting permission android.permission.INTERACT_ACROSS_USERS from package com.google.android.syncadapters.contacts (protectionLevel=50 flags=0x20883e45)
07-03 20:46:58.709  1958  2022 I PackageManager: Un-granting permission android.permission.REQUEST_INSTALL_PACKAGES from package com.android.chrome (protectionLevel=66 flags=0xa0cbbec5)
07-03 20:46:58.709  1958  2022 I PackageManager: Un-granting permission android.permission.SYSTEM_ALERT_WINDOW from package com.teamsmart.videomanager.tv (protectionLevel=1250 flags=0x38d83e44)
07-03 20:46:58.709  1958  2022 I PackageManager: Un-granting permission android.permission.READ_PRIVILEGED_PHONE_STATE from package com.teamsmart.videomanager.tv (protectionLevel=18 flags=0x38d83e44)
07-03 20:46:58.709  1958  2022 I PackageManager: Un-granting permission android.permission.REQUEST_INSTALL_PACKAGES from package com.teamsmart.videomanager.tv (protectionLevel=66 flags=0x38d83e44)
07-03 20:46:58.710  1958  2022 I PackageManager: Un-granting permission android.permission.WRITE_EMBEDDED_SUBSCRIPTIONSfrom package com.google.android.gms (protectionLevel=50 flags=0xa0cabec5)
07-03 20:46:58.710  1958  2022 I PackageManager: Un-granting permission android.permission.CAPTURE_VIDEO_OUTPUT from package com.google.android.gms (protectionLevel=2 flags=0xa0cabec5)
07-03 20:46:58.710  1958  2022 I PackageManager: Un-granting permission android.permission.FORCE_STOP_PACKAGES from package com.google.android.gms (protectionLevel=18 flags=0xa0cabec5)
07-03 20:46:58.710  1958  2022 I PackageManager: Un-granting permission android.permission.MODIFY_DEFAULT_AUDIO_EFFECTSfrom package com.google.android.gms (protectionLevel=18 flags=0xa0cabec5)
07-03 20:46:58.710  1958  2022 I PackageManager: Un-granting permission android.permission.MANAGE_DEVICE_ADMINS from package com.google.android.gms (protectionLevel=2 flags=0xa0cabec5)
07-03 20:46:58.710  1958  2022 I PackageManager: Un-granting permission android.permission.MANAGE_ACTIVITY_STACKS from package com.google.android.gms (protectionLevel=2 flags=0xa0cabec5)
07-03 20:46:58.710  1958  2022 I PackageManager: Un-granting permission android.permission.CAPTURE_SECURE_VIDEO_OUTPUT from package com.google.android.gms (protectionLevel=2 flags=0xa0cabec5)
07-03 20:46:58.710  1958  2022 I PackageManager: Un-granting permission android.permission.MANAGE_ROLLBACKS from package com.google.android.gms (protectionLevel=514 flags=0xa0cabec5)
07-03 20:46:58.710  1958  2022 I PackageManager: Un-granting permission android.permission.MEDIA_CONTENT_CONTROL from package com.google.android.gms (protectionLevel=18 flags=0xa0cabec5)
07-03 20:46:58.711  1958  2022 I PackageManager: Un-granting permission android.permission.HIDE_NON_SYSTEM_OVERLAY_WINDOWS from package com.google.android.gms (protectionLevel=258 flags=0xa0cabec5)
07-03 20:46:58.711  1958  2022 I PackageManager: Un-granting permission android.permission.UPDATE_APP_OPS_STATS from package com.google.android.tts (protectionLevel=274 flags=0x34cbbec5)
07-03 20:46:58.711  1958  2022 I PackageManager: Un-granting permission android.permission.START_ACTIVITIES_FROM_BACKGROUND from package com.google.android.tts (protectionLevel=49682 flags=0x34cbbec5)
07-03 20:46:58.711  1958  2022 I PackageManager: Un-granting permission android.permission.CHANGE_DEVICE_IDLE_TEMP_WHITELIST from package app.revanced.android.gms (protectionLevel=18 flags=0xb088be44)
07-03 20:46:58.711  1958  2022 I PackageManager: Un-granting permission android.permission.UPDATE_APP_OPS_STATS from package app.revanced.android.gms (protectionLevel=274 flags=0xb088be44)
07-03 20:46:58.711  1958  2022 I PackageManager: Un-granting permission android.permission.LOCATION_HARDWARE from package app.revanced.android.gms (protectionLevel=18 flags=0xb088be44)
07-03 20:46:58.711  1958  2022 I PackageManager: Un-granting permission android.permission.INSTALL_LOCATION_PROVIDER from package app.revanced.android.gms (protectionLevel=18 flags=0xb088be44)
07-03 20:46:58.711  1958  2022 I PackageManager: Un-granting permission android.permission.NETWORK_SCAN from package app.revanced.android.gms (protectionLevel=18 flags=0xb088be44)
07-03 20:46:58.711  1958  2022 I PackageManager: Un-granting permission android.permission.MODIFY_PHONE_STATE from package app.revanced.android.gms (protectionLevel=18 flags=0xb088be44)
07-03 20:46:58.711  1958  2022 I PackageManager: Un-granting permission android.permission.SYSTEM_ALERT_WINDOW from package app.revanced.android.gms (protectionLevel=1250 flags=0xb088be44)
07-03 20:46:58.711  1958  2022 I PackageManager: Un-granting permission android.permission.MANAGE_USB from package app.revanced.android.gms (protectionLevel=18 flags=0xb088be44)
07-03 20:46:58.711  1958  2022 I PackageManager: Un-granting permission android.permission.START_ACTIVITIES_FROM_BACKGROUND from package app.revanced.android.gms (protectionLevel=49682 flags=0xb088be44)
07-03 20:46:58.711  1958  2022 I PackageManager: Un-granting permission android.permission.UPDATE_DEVICE_STATS from package app.revanced.android.gms (protectionLevel=18 flags=0xb088be44)
07-03 20:46:58.711  1958  2022 I PackageManager: Un-granting permission android.permission.WATCH_APPOPS from package app.revanced.android.gms (protectionLevel=18 flags=0xb088be44)
07-03 20:46:58.713  1958  2022 I PackageManager: Un-granting permission android.permission.SYSTEM_ALERT_WINDOW from package com.gmail.heagoo.apkeditor.pro (protectionLevel=1250 flags=0x3898be44)
07-03 20:46:58.713  1958  2022 I PackageManager: Un-granting permission android.permission.PACKAGE_USAGE_STATS from package com.gmail.heagoo.apkeditor.pro (protectionLevel=114 flags=0x3898be44)
07-03 20:46:58.713  1958  2022 I PackageManager: Un-granting permission android.permission.REQUEST_INSTALL_PACKAGES from package com.gmail.heagoo.apkeditor.pro (protectionLevel=66 flags=0x3898be44)
07-03 20:46:58.714  1958  2022 I PackageManager: Un-granting permission android.permission.WRITE_SETTINGS from package com.jio.myjio (protectionLevel=1218 flags=0x38d83e44)
07-03 20:46:58.714  1958  2022 I PackageManager: Un-granting permission android.permission.INTERACT_ACROSS_USERS from package com.jio.myjio (protectionLevel=50 flags=0x38d83e44)
07-03 20:46:58.714  1958  2022 I PackageManager: Un-granting permission android.permission.READ_PRIVILEGED_PHONE_STATE from package com.jio.myjio (protectionLevel=18 flags=0x38d83e44)
07-03 20:46:58.714  1958  2022 I PackageManager: Un-granting permission android.permission.CAPTURE_VIDEO_OUTPUT from package com.jio.myjio (protectionLevel=2 flags=0x38d83e44)
07-03 20:46:58.714  1958  2022 I PackageManager: Un-granting permission android.permission.BROADCAST_SMS from package com.jio.myjio (protectionLevel=2 flags=0x38d83e44)
07-03 20:46:58.715  1958  2022 I PackageManager: Un-granting permission android.permission.SYSTEM_ALERT_WINDOW from package com.google.android.apps.photos (protectionLevel=1250 flags=0x38dbbe44)
07-03 20:46:58.715  1958  2022 I PackageManager: Un-granting permission android.permission.WRITE_SETTINGS from package com.google.android.apps.photos (protectionLevel=1218 flags=0x38dbbe44)
07-03 20:46:58.715  1958  2022 I PackageManager: Un-granting permission android.permission.WRITE_MEDIA_STORAGE from package com.google.android.apps.photos (protectionLevel=18 flags=0x38dbbe44)
07-03 20:46:58.716  1958  2022 I PackageManager: Un-granting permission android.permission.SYSTEM_ALERT_WINDOW from package com.wondershare.filmorago (protectionLevel=1250 flags=0x38d83e44)
07-03 20:46:58.716  1958  2022 I PackageManager: Un-granting permission com.android.launcher.permission.READ_SETTINGS from package com.wondershare.filmorago (protectionLevel=18 flags=0x38d83e44)
07-03 20:46:58.716  1958  2022 I PackageManager: Un-granting permission com.android.launcher.permission.WRITE_SETTINGS from package com.wondershare.filmorago (protectionLevel=18 flags=0x38d83e44)
07-03 20:46:58.716  1958  2022 I PackageManager: Un-granting permission android.permission.SYSTEM_ALERT_WINDOW from package com.dv.adm (protectionLevel=1250 flags=0x2888be44)
07-03 20:46:58.716  1958  2022 I PackageManager: Un-granting permission android.permission.WRITE_SETTINGS from package com.valvesoftware.android.steam.community (protectionLevel=1218 flags=0x20883e44)
07-03 20:46:58.717  1958  2022 I PackageManager: Un-granting permission android.permission.REQUEST_INSTALL_PACKAGES from package com.yablio.sendfilestotv (protectionLevel=66 flags=0x30c8be44)
07-03 20:46:58.717  1958  2022 I PackageManager: Un-granting permission android.permission.REQUEST_INSTALL_PACKAGES from package org.mozilla.firefox (protectionLevel=66 flags=0x38c83e44)
07-03 20:46:58.717  1958  2022 I PackageManager: Un-granting permission android.permission.SYSTEM_ALERT_WINDOW from package com.google.android.apps.translate (protectionLevel=1250 flags=0x34c9be44)
07-03 20:46:58.719  1958  2022 I PackageManager: Un-granting permission miui.permission.EXTRA_NETWORK from package com.miui.weather2 (protectionLevel=18 flags=0x30c9bec5)
07-03 20:46:58.719  1958  2022 I PackageManager: Un-granting permission com.miui.securitycenter.permission.SYSTEM_PERMISSION_DECLARE from package com.miui.weather2 (protectionLevel=18 flags=0x30c9bec5)
07-03 20:46:58.719  1958  2022 I PackageManager: Un-granting permission com.miui.bugreport.permission.DUMP_CACHED_LOG from package com.miui.weather2 (protectionLevel=2 flags=0x30c9bec5)
07-03 20:46:58.719  1958  2022 I PackageManager: Un-granting permission com.google.android.finsky.permission.GEARHEAD_SERVICE from package com.google.android.projection.gearhead (protectionLevel=18 flags=0x2888bec5)
07-03 20:46:58.719  1958  2022 I PackageManager: Un-granting permission android.permission.CHANGE_COMPONENT_ENABLED_STATE from package com.google.android.projection.gearhead (protectionLevel=18 flags=0x2888bec5)
07-03 20:46:58.720  1958  2022 I PackageManager: Un-granting permission android.permission.UPDATE_APP_OPS_STATS from package com.google.android.projection.gearhead (protectionLevel=274 flags=0x2888bec5)
07-03 20:46:58.720  1958  2022 I PackageManager: Un-granting permission android.permission.POWER_SAVER from package com.google.android.projection.gearhead (protectionLevel=18 flags=0x2888bec5)
07-03 20:46:58.720  1958  2022 I PackageManager: Un-granting permission android.permission.TETHER_PRIVILEGED from package com.google.android.projection.gearhead (protectionLevel=18 flags=0x2888bec5)
07-03 20:46:58.720  1958  2022 I PackageManager: Un-granting permission android.permission.INTERACT_ACROSS_PROFILES from package com.google.android.projection.gearhead (protectionLevel=18 flags=0x2888bec5)
07-03 20:46:58.720  1958  2022 I PackageManager: Un-granting permission android.permission.CAPTURE_SECURE_VIDEO_OUTPUT from package com.google.android.projection.gearhead (protectionLevel=2 flags=0x2888bec5)
07-03 20:46:58.720  1958  2022 I PackageManager: Un-granting permission android.permission.MANAGE_DOCUMENTS from package cn.xender (protectionLevel=262146 flags=0x30d83e44)
07-03 20:46:58.720  1958  2022 I PackageManager: Un-granting permission android.permission.MOUNT_UNMOUNT_FILESYSTEMS from package cn.xender (protectionLevel=18 flags=0x30d83e44)
07-03 20:46:58.720  1958  2022 I PackageManager: Un-granting permission android.permission.NETWORK_STACK from package cn.xender (protectionLevel=2 flags=0x30d83e44)
07-03 20:46:58.720  1958  2022 I PackageManager: Un-granting permission android.permission.SYSTEM_ALERT_WINDOW from package cn.xender (protectionLevel=1250 flags=0x30d83e44)
07-03 20:46:58.720  1958  2022 I PackageManager: Un-granting permission android.permission.WRITE_SETTINGS from package cn.xender (protectionLevel=1218 flags=0x30d83e44)
07-03 20:46:58.720  1958  2022 I PackageManager: Un-granting permission android.permission.CHANGE_CONFIGURATION from package cn.xender (protectionLevel=50 flags=0x30d83e44)
07-03 20:46:58.720  1958  2022 I PackageManager: Un-granting permission android.permission.REQUEST_INSTALL_PACKAGES from package cn.xender (protectionLevel=66 flags=0x30d83e44)
07-03 20:46:58.720  1958  2022 I PackageManager: Un-granting permission com.android.launcher.permission.READ_SETTINGS from package cn.xender (protectionLevel=18 flags=0x30d83e44)
07-03 20:46:58.720  1958  2022 I PackageManager: Un-granting permission com.android.launcher.permission.WRITE_SETTINGS from package cn.xender (protectionLevel=18 flags=0x30d83e44)
07-03 20:46:58.720  1958  2022 I PackageManager: Un-granting permission com.google.android.googleapps.permission.GOOGLE_AUTH.mail from package com.xiaomi.calendar (protectionLevel=2 flags=0x38c9bec5)
07-03 20:46:58.723  1958  2022 I PackageManager: Un-granting permission android.permission.SYSTEM_ALERT_WINDOW from package com.iprototypes.volume (protectionLevel=1250 flags=0x3088be44)
07-03 20:46:58.723  1958  2022 I PackageManager: Un-granting permission android.permission.REQUEST_INSTALL_PACKAGES from package com.wondershare.drfone.link (protectionLevel=66 flags=0x30c8be44)
07-03 20:46:58.723  1958  2022 I PackageManager: Un-granting permission android.permission.ACCESS_MOCK_LOCATION from package com.wondershare.drfone.link (protectionLevel=2 flags=0x30c8be44)
07-03 20:46:58.723  1958  2022 I PackageManager: Un-granting permission android.permission.WRITE_SETTINGS from package com.wondershare.drfone.link (protectionLevel=1218 flags=0x30c8be44)
07-03 20:46:58.723  1958  2022 I PackageManager: Un-granting permission android.permission.DEVICE_POWER from package com.wondershare.drfone.link (protectionLevel=2 flags=0x30c8be44)
07-03 20:46:58.723  1958  2022 I PackageManager: Un-granting permission android.permission.MOUNT_UNMOUNT_FILESYSTEMS from package com.wondershare.drfone.link (protectionLevel=18 flags=0x30c8be44)
07-03 20:46:58.723  1958  2022 I PackageManager: Un-granting permission android.permission.INSTALL_PACKAGES from package com.wondershare.drfone.link (protectionLevel=18 flags=0x30c8be44)
07-03 20:46:58.723  1958  2022 I PackageManager: Un-granting permission android.permission.DELETE_PACKAGES from packagecom.wondershare.drfone.link (protectionLevel=18 flags=0x30c8be44)
07-03 20:46:58.723  1958  2022 I PackageManager: Un-granting permission android.permission.CLEAR_APP_CACHE from packagecom.wondershare.drfone.link (protectionLevel=18 flags=0x30c8be44)
07-03 20:46:58.723  1958  2022 I PackageManager: Un-granting permission com.android.launcher.permission.READ_SETTINGS from package com.wondershare.drfone.link (protectionLevel=18 flags=0x30c8be44)
07-03 20:46:58.723  1958  2022 I PackageManager: Un-granting permission android.permission.UPDATE_DEVICE_STATS from package com.wondershare.drfone.link (protectionLevel=18 flags=0x30c8be44)
07-03 20:46:58.723  1958  2022 I PackageManager: Un-granting permission android.permission.MODIFY_PHONE_STATE from package com.wondershare.drfone.link (protectionLevel=18 flags=0x30c8be44)
07-03 20:46:58.725  1958  2022 I PackageManager: Un-granting permission android.permission.SYSTEM_ALERT_WINDOW from package info.kfsoft.force.rotation (protectionLevel=1250 flags=0x20883e44)
07-03 20:46:58.725  1958  2022 I PackageManager: Un-granting permission android.permission.PACKAGE_USAGE_STATS from package info.kfsoft.force.rotation (protectionLevel=114 flags=0x20883e44)
07-03 20:46:58.725  1958  2022 I PackageManager: Un-granting permission com.xiaomi.permission.CLOUD_MANAGER from package com.mipay.wallet.in (protectionLevel=18 flags=0x38c83e45)
07-03 20:46:58.725  1958  2022 I PackageManager: Un-granting permission android.permission.REQUEST_INSTALL_PACKAGES from package com.mipay.wallet.in (protectionLevel=66 flags=0x38c83e45)
07-03 20:46:58.726  1958  2022 I PackageManager: Un-granting permission android.permission.READ_PRIVILEGED_PHONE_STATE from package com.miui.core (protectionLevel=18 flags=0x28883e05)
07-03 20:46:58.727  1958  2022 I PackageManager: Un-granting permission android.permission.INTERACT_ACROSS_PROFILES from package com.google.android.inputmethod.latin (protectionLevel=18 flags=0x20cabec5)
07-03 20:46:58.867  1958  2022 W FileUtils: Slow Operation: fsync took 105ms
07-03 20:46:58.910  1958  1993 W Looper  : Slow dispatch took 444ms android.fg h=com.android.server.DropBoxManagerService$DropBoxManagerBroadcastHandler c=null m=2
07-03 20:46:58.910  6305 17797 W BpBinder: Slow Binder: BpBinder transact took 465ms, interface=android.content.pm.IPackageManager, code=13 oneway=false
07-03 20:46:58.911  1958  2010 W BroadcastQueue: Background execution not allowed: receiving Intent { act=android.intent.action.DROPBOX_ENTRY_ADDED flg=0x10 (has extras) } to com.google.android.gms/.stats.service.DropBoxEntryAddedReceiver
07-03 20:46:59.037 17706 17760 W BpBinder: Slow Binder: BpBinder transact took 596ms, interface=com.google.android.gms.measurement.internal.IMeasurementService, code=11 oneway=false
07-03 20:47:00.529  1958  2014 E BatteryExternalStatsWorker: no controller energy info supplied for bluetooth
07-03 20:47:07.135  1958  2022 W BpBinder: Slow Binder: BpBinder transact took 8211ms, interface=android.os.IInstalld, code=14 oneway=false
07-03 20:47:07.137  1958  2022 W Looper  : Slow Looper PackageManager: Long Msg: seq=2371 plan=20:46:58.428  late=0ms wall=8709ms running=209ms runnable=5ms io=249ms h=com.android.server.pm.PackageManagerService$PackageHandler c=com.android.server.pm.-$$Lambda$PackageManagerService$6_Yp7BSB4TgtrWSoFlODKgHIvZY
07-03 20:47:07.138  1958  2022 I InstallationStatistic: com.BHG.gurbani|null|11719|790|131|2031|0|8223
07-03 20:47:07.138  1958  2022 W PackageManager: Cannot whitelist unknown permission: android.permission.ACCESS_ADSERVICES_ATTRIBUTION
07-03 20:47:07.138  1958  2022 W PackageManager: Cannot whitelist unknown permission: android.permission.ACCESS_ADSERVICES_AD_ID
07-03 20:47:07.182  1958  2022 I ActivityManager: Force stopping com.BHG.gurbani appid=10776 user=0: pkg removed
07-03 20:47:07.183  1958  2022 I AutoStartManagerService: MIUILOG- Reject RestartService packageName :com.BHG.gurbani uid : 10776
07-03 20:47:07.184 26215 17668 W BpBinder: Slow Binder: BpBinder transact took 12827ms, interface=android.content.pm.IPackageManager, code=1598246212 oneway=false
07-03 20:47:07.211  1958  2010 W BroadcastQueue: Background execution not allowed: receiving Intent { act=android.intent.action.PACKAGE_REMOVED dat=package:com.BHG.gurbani flg=0x4000010 (has extras) } to com.lbe.security.miui/com.lbe.security.service.BootReceiver
07-03 20:47:07.225  1958  2132 I MiuiCompatModePackages: package com.BHG.gurbani updated, removing config
07-03 20:47:07.234  1958  5090 W LocationProviderProxy: Odd, no component found for service com.android.location.service.v3.NetworkLocationProvider
07-03 20:47:07.241  1958  2010 W BroadcastQueue: Background execution not allowed: receiving Intent { act=android.intent.action.PACKAGE_REMOVED dat=package:com.BHG.gurbani flg=0x4000010 (has extras) } to com.android.settings/.search.provider.UpdateReceiver
07-03 20:47:07.241  1958  2010 W BroadcastQueue: Background execution not allowed: receiving Intent { act=android.intent.action.PACKAGE_REMOVED dat=package:com.BHG.gurbani flg=0x4000010 (has extras) } to com.android.vending/com.google.android.finsky.packagemonitor.impl.PackageMonitorReceiverImpl$RegisteredReceiver
07-03 20:47:07.241  1958  2010 W BroadcastQueue: Background execution not allowed: receiving Intent { act=android.intent.action.PACKAGE_REMOVED dat=package:com.BHG.gurbani flg=0x4000010 (has extras) } to com.android.vending/com.google.android.finsky.packagemonitor.backgroundimpl.BackgroundPackageMonitorReceiverImpl$RegisteredReceiver
07-03 20:47:07.245  1958  2010 W BroadcastQueue: Background execution not allowed: receiving Intent { act=android.intent.action.PACKAGE_REMOVED dat=package:com.BHG.gurbani flg=0x4000010 (has extras) } to com.android.vending/com.google.android.finsky.instantapps.appmanagement.InstantAppRemoveMonitor
