07-03 20:38:00.871 13648 13648 E AndroidRuntime:        at com.google.android.material.progressindicator.LinearProgressIndicatorSpec.<init>(LinearProgressIndicatorSpec.java:72)
07-03 20:38:00.871 13648 13648 E AndroidRuntime:        at com.google.android.material.progressindicator.LinearProgressIndicatorSpec.<init>(LinearProgressIndicatorSpec.java:64)
07-03 20:38:00.871 13648 13648 E AndroidRuntime:        at com.google.android.material.progressindicator.LinearProgressIndicatorSpec.<init>(LinearProgressIndicatorSpec.java:59)
07-03 20:38:00.871 13648 13648 E AndroidRuntime:        at com.google.android.material.progressindicator.LinearProgressIndicator.createSpec(LinearProgressIndicator.java:90)
07-03 20:38:00.871 13648 13648 E AndroidRuntime:        at com.google.android.material.progressindicator.LinearProgressIndicator.createSpec(LinearProgressIndicator.java:57)
07-03 20:38:00.871 13648 13648 E AndroidRuntime:        at com.google.android.material.progressindicator.BaseProgressIndicator.<init>(BaseProgressIndicator.java:143)
07-03 20:38:00.871 13648 13648 E AndroidRuntime:        at com.google.android.material.progressindicator.LinearProgressIndicator.<init>(LinearProgressIndicator.java:81)
07-03 20:38:00.871 13648 13648 E AndroidRuntime:        at com.google.android.material.progressindicator.LinearProgressIndicator.<init>(LinearProgressIndicator.java:76)
07-03 20:38:00.871 13648 13648 E AndroidRuntime:        ... 28 more
07-03 20:38:00.879  1958  4522 W ActivityTaskManager:   Force finishing activity com.BHG.gurbani/.UploadActivity
07-03 20:38:00.880  1958 14854 I DropBoxManagerService: add tag=data_app_crash isTagEnabled=true flags=0x2
07-03 20:38:00.882  1958  4522 W ActivityTaskManager:   Force finishing activity com.BHG.gurbani/.MainActivity
07-03 20:38:00.967  1958  3906 I WindowManager: WIN DEATH: Window{b1dff91 u0 com.BHG.gurbani/com.BHG.gurbani.MainActivity}
07-03 20:38:00.970  1958  4597 I ActivityManager: Process com.BHG.gurbani (pid 13648) has died: vis+99 TOP
07-03 20:38:00.985  1958  4597 I Timeline: Timeline: App_transition_ready time:118603230
07-03 20:38:00.999  1958  4597 I Timeline: Timeline: App_transition_ready time:118603245
07-03 20:38:01.007  1958  1996 W ActivityManager: setHasOverlayUi called on unknown pid: 13648
07-03 20:38:01.015  1958  1997 I Timeline: Timeline: App_transition_ready time:118603260
07-03 20:38:01.049  1958  3906 I Timeline: Timeline: App_transition_ready time:118603294
07-03 20:38:01.065  1958  1997 I Timeline: Timeline: App_transition_ready time:118603311
07-03 20:38:01.070  1958  1997 I Timeline: Timeline: App_transition_ready time:118603315
07-03 20:38:01.070  1958  1997 I Timeline: Timeline: Activity_windows_visible id: ActivityRecord{ddb1799 u0 com.miui.home/.launcher.Launcher t1} time:118603316
07-03 20:38:01.070  1958  1997 I Timeline: Timeline: App_transition_stopped time:118603316
07-03 20:38:01.381  1958  1996 W ActivityTaskManager: Activity top resumed state loss timeout for ActivityRecord{2a7de99 u0 com.BHG.gurbani/.UploadActivity t-1 f}
07-03 20:38:01.762 25324 25324 I Timeline: Timeline: Activity_launch_request time:118604008
07-03 20:38:01.764  1958  4807 I ActivityTaskManager: START u0 {act=android.intent.action.MAIN cat=[android.intent.category.LAUNCHER] flg=0x10200000 cmp=com.BHG.gurbani/.SplashActivity bnds=[581,760][757,936] (has extras)} from uid 10094
07-03 20:38:01.786 25324 25324 W ActivityThread: SCHED: com.miui.home/.launcher.Launcher [69, r=32ms, a=14ms, w=775ms]
07-03 20:38:01.851  1958  2011 I ActivityManager: Start proc 14933:com.BHG.gurbani/u0a776 for activity {com.BHG.gurbani/com.BHG.gurbani.SplashActivity} caller=com.miui.home
07-03 20:38:01.913  1958  1997 I Timeline: Timeline: App_transition_ready time:118604158
07-03 20:38:01.959  1958  1996 W WindowManager: Unable to start animation, surface is null or no children.
07-03 20:38:02.119  1958  1997 I Timeline: Timeline: App_transition_stopped time:118604365
07-03 20:38:02.256  1958  3853 E WindowManager: App trying to use insecure INPUT_FEATURE_NO_INPUT_CHANNEL flag. Ignoring
07-03 20:38:02.260 14933 14933 W Looper  : Slow Looper main: Activity com.BHG.gurbani/.SplashActivity is 354ms late (wall=0ms running=0ms ClientTransaction{ callbacks=[android.app.servertransaction.TopResumedActivityChangeItem] }) because of 3 msg, msg 2 took 163ms (seq=2 running=118ms runnable=17ms io=3ms late=20ms h=android.app.ActivityThread$H w=110), msg 3 took 182ms (seq=3 running=131ms runnable=15ms late=174ms h=android.app.ActivityThread$H w=159)
07-03 20:38:02.321  1958  1997 I Timeline: Timeline: Activity_windows_visible id: ActivityRecord{e6e1c1a u0 com.BHG.gurbani/.SplashActivity t1664} time:118604567
07-03 20:38:02.820  1958  2011 I ActivityManager: Start proc 15045:com.google.process.gapps/u0a211 for broadcast {com.google.android.syncadapters.contacts/com.google.android.syncadapters.contacts.ContactsSyncAdapterBroadcastReceiver} caller=android
07-03 20:38:03.139  1958  2011 I ActivityManager: Start proc 15076:com.google.android.youtube/u0a204 for broadcast {com.google.android.youtube/com.google.android.libraries.notifications.platform.entrypoints.accountchanged.AccountChangedReceiver} caller=android
07-03 20:38:03.848  1958  2011 I ActivityManager: Start proc 15134:com.miui.phrase/u0a150 for broadcast {com.miui.phrase/com.miui.cloudsync.AccountChangedReceiver} caller=android
07-03 20:38:03.935  1958  3901 I ActivityManager: Killing 13585:com.android.chrome/u0a193 (adj 975): empty #17
07-03 20:38:04.154  1958  1979 I ActivityManager: Killing 13621:com.google.android.documentsui/u0a66 (adj 975): empty #17
07-03 20:38:04.183  1958  2011 I ActivityManager: Start proc 15162:com.miui.securitycore.remote/1000 for broadcast {com.miui.securitycore/com.miui.securityspace.receiver.AccountChangeReceiver} caller=android
07-03 20:38:04.682  1958  2010 W BroadcastQueue: Permission Denial: broadcasting Intent { act=android.net.conn.CONNECTIVITY_CHANGE flg=0x4200010 (has extras) } from null (pid=-1, uid=-1) requires com.google.android.youtube.DYNAMIC_RECEIVER_NOT_EXPORTED_PERMISSION due to registered receiver BroadcastFilter{da06375 10204/u0 ReceiverList{d984aac 15076 com.google.android.youtube/10204/u0 remote:465005f}}
07-03 20:38:04.722  1958  2348 W BroadcastQueueInjector: Unable to launch app app.revanced.android.youtube/10296 for broadcast Intent { act=android.accounts.LOGIN_ACCOUNTS_CHANGED flg=0x5000010 }: process is not permitted to  auto start
07-03 20:38:04.724  1958  2348 I ActivityManager: Killing 13680:com.google.android.permissioncontroller/u0a95 (adj 975): empty #17
07-03 20:38:04.728  1958  2010 W BroadcastQueueInjector: Unable to launch app app.revanced.android.youtube/10296 for broadcast Intent { act=android.accounts.LOGIN_ACCOUNTS_CHANGED flg=0x5000010 }: process is not permitted to  auto start
07-03 20:38:04.728  1958  2010 W BroadcastQueueInjector: Unable to launch app com.duokan.phone.remotecontroller/10219 for broadcast Intent { act=android.accounts.LOGIN_ACCOUNTS_CHANGED flg=0x5000010 }: process is not permitted to  auto start
07-03 20:38:04.728  1958  2010 W BroadcastQueueInjector: Unable to launch app com.google.android.apps.adwords/10253 forbroadcast Intent { act=android.accounts.LOGIN_ACCOUNTS_CHANGED flg=0x5000010 }: process is not permitted to  auto start
07-03 20:38:04.729  1958  2010 W BroadcastQueueInjector: Unable to launch app com.google.android.apps.docs/10221 for broadcast Intent { act=android.accounts.LOGIN_ACCOUNTS_CHANGED flg=0x5000010 }: process is not permitted to  auto start
07-03 20:38:04.729  1958  2010 W BroadcastQueueInjector: Unable to launch app com.google.android.apps.giant/10268 for broadcast Intent { act=android.accounts.LOGIN_ACCOUNTS_CHANGED flg=0x5000010 }: process is not permitted to  auto start
07-03 20:38:04.729  1958  2010 W BroadcastQueueInjector: Unable to launch app com.google.android.apps.nbu.paisa.user/10217 for broadcast Intent { act=android.accounts.LOGIN_ACCOUNTS_CHANGED flg=0x5000010 }: process is not permitted to  auto start
07-03 20:38:04.729  1958  2010 W BroadcastQueueInjector: Unable to launch app com.google.android.apps.photos/10214 for broadcast Intent { act=android.accounts.LOGIN_ACCOUNTS_CHANGED flg=0x5000010 }: process is not permitted to  auto start
07-03 20:38:04.729  1958  2010 W BroadcastQueueInjector: Unable to launch app com.google.android.apps.photos/10214 for broadcast Intent { act=android.accounts.LOGIN_ACCOUNTS_CHANGED flg=0x5000010 }: process is not permitted to  auto start
07-03 20:38:04.730  1958  2010 W BroadcastQueueInjector: Unable to launch app com.google.android.apps.playconsole/10671for broadcast Intent { act=android.accounts.LOGIN_ACCOUNTS_CHANGED flg=0x5000010 }: process is not permitted to  auto start
07-03 20:38:04.730  1958  2010 W BroadcastQueueInjector: Unable to launch app com.google.android.apps.translate/10293 for broadcast Intent { act=android.accounts.LOGIN_ACCOUNTS_CHANGED flg=0x5000010 }: process is not permitted to  auto start
07-03 20:38:04.730  1958  2010 W BroadcastQueueInjector: Unable to launch app com.google.android.apps.youtube.creator/10252 for broadcast Intent { act=android.accounts.LOGIN_ACCOUNTS_CHANGED flg=0x5000010 }: process is not permitted to  auto start
07-03 20:38:04.730  1958  2010 W BroadcastQueueInjector: Unable to launch app com.google.android.apps.youtube.creator/10252 for broadcast Intent { act=android.accounts.LOGIN_ACCOUNTS_CHANGED flg=0x5000010 }: process is not permitted to  auto start
07-03 20:38:04.881  1958  2360 W BroadcastQueue: Background execution not allowed: receiving Intent { act=android.intent.action.DROPBOX_ENTRY_ADDED flg=0x10 (has extras) } to com.google.android.gms/.stats.service.DropBoxEntryAddedReceiver
07-03 20:38:04.883  1958  2010 W BroadcastQueue: Background execution not allowed: receiving Intent { act=android.intent.action.DROPBOX_ENTRY_ADDED flg=0x10 (has extras) } to com.google.android.gms/.stats.service.DropBoxEntryAddedReceiver
07-03 20:38:04.969  1958  2011 I ActivityManager: Start proc 15225:com.qti.diagservices/1000 for service {com.qti.diagservices/com.qti.diagservices.QTIDiagServices} caller=com.qti.diagservices
07-03 20:38:05.241 14933 14933 I Timeline: Timeline: Activity_launch_request time:118607487
07-03 20:38:05.242  1958  2348 I ActivityTaskManager: START u0 {cmp=com.BHG.gurbani/.AuthActivity} from uid 10776
07-03 20:38:05.254 14933 14933 W ActivityThread: SCHED: com.BHG.gurbani/.SplashActivity [69, r=25ms, a=11ms, w=3013ms]
07-03 20:38:05.256  1958  5255 I ActivityTaskManager: The Process com.BHG.gurbani Already Exists in BG. So sending its PID: 14933
07-03 20:38:05.261  1958  5255 I Timeline: Timeline: App_transition_ready time:118607507
07-03 20:38:05.435 14933 14933 I Timeline: Timeline: Activity_launch_request time:118607681
07-03 20:38:05.436  1958  2348 I ActivityTaskManager: START u0 {cmp=com.BHG.gurbani/.MainActivity} from uid 10776
07-03 20:38:05.447  1958  2348 I ActivityTaskManager: The Process com.BHG.gurbani Already Exists in BG. So sending its PID: 14933
07-03 20:38:05.451  1958  2348 I Timeline: Timeline: App_transition_ready time:118607696
07-03 20:38:05.614  1958  2348 E WindowManager: App trying to use insecure INPUT_FEATURE_NO_INPUT_CHANNEL flag. Ignoring
07-03 20:38:05.653  1958  4008 I Timeline: Timeline: App_transition_ready time:118607899
07-03 20:38:05.654  1958  4008 I Timeline: Timeline: App_transition_ready time:118607900
07-03 20:38:05.714  1958  1997 I Timeline: Timeline: App_transition_ready time:118607960
07-03 20:38:05.925  1958  2011 I ActivityManager: Start proc 15305:com.android.chrome/u0a193 for service {com.android.chrome/org.chromium.chrome.browser.customtabs.CustomTabsConnectionService} caller=com.google.android.youtube
07-03 20:38:05.982  1958  1997 I Timeline: Timeline: Activity_windows_visible id: ActivityRecord{ecef727 u0 com.BHG.gurbani/.MainActivity t1664} time:118608228
07-03 20:38:05.985  1958  1997 I Timeline: Timeline: App_transition_stopped time:118608230
07-03 20:38:06.388  1958  5255 I ActivityManager: Killing 13473:com.android.vending:background/u0a175 (adj 985): empty #17
07-03 20:38:06.446  1958  5255 W ActivityManager: Scheduling restart of crashed service com.android.vending/com.google.frameworks.client.data.android.server.play.BackgroundProcessEndpointService in 1000ms
07-03 20:38:07.088  3855 25839 W MiuiPerfServiceClient: interceptAndQueuing:14933|com.BHG.gurbani|148|137|unknown|null|com.BHG.gurbani/com.BHG.gurbani.MainActivity|118608992455273|Slow handle traversal|2
07-03 20:38:07.550  1958  2011 I ActivityManager: Start proc 15391:com.android.chrome:privileged_process0/u0a193 for service {com.android.chrome/org.chromium.content.app.PrivilegedProcessService0} caller=com.android.chrome
07-03 20:38:07.914 15305 15305 W Looper  : Slow Looper main: Long Msg: seq=17 plan=20:38:06.391  late=1ms wall=1521ms running=400ms runnable=4ms io=955ms h=android.os.Handler c=W96
07-03 20:38:08.086  1958  2646 I ActivityManager: Killing 14286:com.android.updater/9802 (adj 985): empty #17
07-03 20:38:08.193  1958  2011 W ActivityManager: Slow operation: 272ms so far, now at startProcess: returned from zygote!
07-03 20:38:08.193  1958  2011 W ActivityManager: Slow operation: 272ms so far, now at startProcess: done updating battery stats
07-03 20:38:08.193  1958  2011 W ActivityManager: Slow operation: 272ms so far, now at startProcess: building log message
07-03 20:38:08.193  1958  2011 I ActivityManager: Start proc 15437:com.android.chrome:sandboxed_process0:org.chromium.content.app.SandboxedProcessService0:0/u0ai0 for  {com.android.chrome/org.chromium.content.app.SandboxedProcessService0:0} caller=com.android.chrome
07-03 20:38:08.193  1958  2011 W ActivityManager: Slow operation: 272ms so far, now at startProcess: starting to updatepids map
07-03 20:38:08.194  1958  2011 W ActivityManager: Slow operation: 272ms so far, now at startProcess: done updating pidsmap
07-03 20:38:08.211  1958  4806 W BaseMiuiPhoneWindowManager: keyCode:3 down:true eventTime:118610453 downTime:118610453policyFlags:2b000002 flags:48 deviceId:-1 isScreenOn:true keyguardActive:false repeatCount:0
07-03 20:38:08.219  1958  2647 I ActivityManager: Killing 14361:com.miui.cloudservice/u0a126 (adj 985): empty #17
07-03 20:38:08.324  1958  4806 W BaseMiuiPhoneWindowManager: keyCode:3 down:false eventTime:118610569 downTime:118610453 policyFlags:2b000002 flags:48 deviceId:-1 isScreenOn:true keyguardActive:false repeatCount:0
07-03 20:38:08.329  1958  2089 I ActivityTaskManager: START u0 {act=android.intent.action.MAIN cat=[android.intent.category.HOME] flg=0x10000100 cmp=com.miui.home/.launcher.Launcher (has extras)} from uid 0
07-03 20:38:08.349  1958  2089 I Timeline: Timeline: App_transition_ready time:118610595
07-03 20:38:08.354  1958  4692 I Timeline: Timeline: App_transition_ready time:118610599
07-03 20:38:08.356  1958  1997 I Timeline: Timeline: App_transition_ready time:118610602
07-03 20:38:08.359 14933 14933 W ActivityThread: SCHED: com.BHG.gurbani/.MainActivity [75, r=226ms, a=74ms, w=2754ms]
07-03 20:38:08.364  1958  5255 I Timeline: Timeline: App_transition_ready time:118610610
07-03 20:38:08.370  1958  1997 I Timeline: Timeline: App_transition_ready time:118610615
07-03 20:38:08.379  1958  2646 I ActivityManager: Killing 13753:com.google.android.gms.ui/u0a185 (adj 985): empty #17
07-03 20:38:08.411  1958  4806 I Timeline: Timeline: App_transition_ready time:118610656
07-03 20:38:08.418  1958  1997 I Timeline: Timeline: App_transition_ready time:118610664
07-03 20:38:08.489  1958  1997 I Timeline: Timeline: App_transition_ready time:118610735
07-03 20:38:08.534  1958  1996 W ActivityManager: setHasOverlayUi called on unknown pid: 13753
07-03 20:38:08.684  1958  4692 W BaseMiuiPhoneWindowManager: keyCode:82 down:true eventTime:118610928 downTime:118610928 policyFlags:2b000002 flags:48 deviceId:-1 isScreenOn:true keyguardActive:false repeatCount:0
07-03 20:38:08.769  1958  4692 W BaseMiuiPhoneWindowManager: keyCode:82 down:false eventTime:118611015 downTime:118610928 policyFlags:2b000002 flags:48 deviceId:-1 isScreenOn:true keyguardActive:false repeatCount:0
07-03 20:38:08.804  1958  4692 I Timeline: Timeline: Activity_windows_visible id: ActivityRecord{ddb1799 u0 com.miui.home/.launcher.Launcher t1} time:118611050
07-03 20:38:08.809  1958  1997 I Timeline: Timeline: App_transition_stopped time:118611055
07-03 20:38:08.832  1958  1996 W WindowManager: setLauncherState= 2
07-03 20:38:09.213  1958  5255 I ProcessManager: Kill reason OneKeyClean from pid=25324
07-03 20:38:09.271  1958  1996 I ActivityManager: Killing 14509:com.xiaomi.account/u0a112 (adj 985): empty #17
07-03 20:38:09.272  1958  1996 I ActivityManager: Killing 14478:com.miui.micloudsync/u0a126 (adj 995): empty #18
07-03 20:38:09.278  1958  5255 I ProcessManager: mLruProcesses size=62
07-03 20:38:09.281  1958  5255 I ProcessManager: OneKeyClean: kill com.BHG.gurbani Adj=815 State=20
07-03 20:38:09.281  1958  5255 I ActivityManager: Killing 14933:com.BHG.gurbani/u0a776 (adj 815): OneKeyClean
07-03 20:38:09.289  1958  5255 I ProcessManager: OneKeyClean: kill com.android.chrome:sandboxed_process0:org.chromium.content.app.SandboxedProcessService0:0 Adj=825 State=20
07-03 20:38:09.289  1958  5255 I ActivityManager: Killing 15437:com.android.chrome:sandboxed_process0:org.chromium.content.app.SandboxedProcessService0:0/u0a193i-9000 (adj 825): OneKeyClean
07-03 20:38:09.290  1958  5255 I ProcessManager: OneKeyClean: kill com.android.chrome:privileged_process0 Adj=835 State=20
07-03 20:38:09.291  1958  5255 I ActivityManager: Killing 15391:com.android.chrome:privileged_process0/u0a193 (adj 835): OneKeyClean
07-03 20:38:09.292  1958  5255 I ProcessManager: OneKeyClean: kill com.android.vending Adj=845 State=20
07-03 20:38:09.292  1958  5255 I ActivityManager: Killing 13319:com.android.vending/u0a175 (adj 845): OneKeyClean
07-03 20:38:09.293  1958  5255 I ProcessManager: OneKeyClean: kill com.google.android.youtube Adj=855 State=20
07-03 20:38:09.293  1958  5255 I ActivityManager: Killing 15076:com.google.android.youtube/u0a204 (adj 855): OneKeyClean
07-03 20:38:09.295  1958  5255 I ProcessManager: OneKeyClean: kill com.android.chrome Adj=865 State=20
07-03 20:38:09.295  1958  5255 I ActivityManager: Killing 15305:com.android.chrome/u0a193 (adj 865): OneKeyClean
07-03 20:38:09.297  1958  5255 I ProcessManager: OneKeyClean: kill com.qti.diagservices Adj=500 State=11
07-03 20:38:09.297  1958  5255 I ActivityManager: Killing 15225:com.qti.diagservices/1000 (adj 500): OneKeyClean
07-03 20:38:09.298  1958  5255 I ProcessManager: OneKeyClean: kill com.google.android.gm Adj=875 State=20
07-03 20:38:09.299  1958  5255 I ActivityManager: Killing 14830:com.google.android.gm/u0a208 (adj 875): OneKeyClean
07-03 20:38:09.300  1958  5255 I ProcessManager: OneKeyClean: kill com.android.settings Adj=885 State=11
07-03 20:38:09.300  1958  5255 I ActivityManager: Killing 13235:com.android.settings/1000 (adj 885): OneKeyClean
07-03 20:38:09.301  1958  5255 I ProcessManager: OneKeyClean: kill com.qualcomm.qti.smq Adj=885 State=11
07-03 20:38:09.301  1958  5255 I ActivityManager: Killing 13285:com.qualcomm.qti.smq/1000 (adj 885): OneKeyClean
07-03 20:38:09.302  1958  5255 I ProcessManager: OneKeyClean: kill com.android.settings:remote Adj=800 State=11
07-03 20:38:09.302  1958  5255 I ActivityManager: Killing 13538:com.android.settings:remote/1000 (adj 800): OneKeyClean
07-03 20:38:09.303  1958  5255 I ProcessManager: OneKeyClean: kill com.miui.phrase Adj=905 State=20
07-03 20:38:09.303  1958  5255 I ActivityManager: Killing 15134:com.miui.phrase/u0a150 (adj 905): OneKeyClean
07-03 20:38:09.304  1958  5255 I ProcessManager: OneKeyClean: kill com.google.process.gapps Adj=915 State=20
07-03 20:38:09.305  1958  5255 I ActivityManager: Killing 15045:com.google.process.gapps/u0a211 (adj 915): OneKeyClean
07-03 20:38:09.305  1958  5255 I ProcessManager: OneKeyClean: kill com.google.process.gservices Adj=700 State=16
07-03 20:38:09.306  1958  5255 I ActivityManager: Killing 13370:com.google.process.gservices/u0a185 (adj 700): OneKeyClean
07-03 20:38:09.307  1958  5255 I ProcessManager: OneKeyClean: kill com.google.android.apps.wellbeing Adj=935 State=20
07-03 20:38:09.307  1958  5255 I ActivityManager: Killing 14746:com.google.android.apps.wellbeing/u0a189 (adj 935): OneKeyClean
07-03 20:38:09.308  1958  5255 I ProcessManager: OneKeyClean: kill com.google.process.gapps Adj=945 State=20
07-03 20:38:09.309  1958  5255 I ActivityManager: Killing 13413:com.google.process.gapps/u0a185 (adj 945): OneKeyClean
07-03 20:38:09.309  1958  5255 I ProcessManager: OneKeyClean: kill com.google.android.projection.gearhead:car Adj=955 State=20
07-03 20:38:09.310  1958  5255 I ActivityManager: Killing 14711:com.google.android.projection.gearhead:car/u0a179 (adj 955): OneKeyClean
07-03 20:38:09.311  1958  5255 I ProcessManager: OneKeyClean: kill com.google.android.apps.maps Adj=965 State=20
07-03 20:38:09.311  1958  5255 I ActivityManager: Killing 14581:com.google.android.apps.maps/u0a191 (adj 965): OneKeyClean
07-03 20:38:09.312  1958  5255 I ProcessManager: OneKeyClean: kill com.xiaomi.simactivate.service Adj=975 State=20
07-03 20:38:09.312  1958  5255 I ActivityManager: Killing 14437:com.xiaomi.simactivate.service/u0a163 (adj 975): OneKeyClean
07-03 20:38:09.313  1958  5255 I ProcessManager: OneKeyClean: kill com.miui.msa.global Adj=100 State=9
07-03 20:38:09.313  1958  5255 I ActivityManager: Killing 13772:com.miui.msa.global/u0a123 (adj 100): OneKeyClean
07-03 20:38:09.371  1958  4692 W ActivityManager: Scheduling restart of crashed service com.android.chrome/org.chromium.content.app.SandboxedProcessService0:0 in 1000ms
07-03 20:38:09.389  1958  5271 W ActivityManager: Scheduling restart of crashed service com.android.chrome/org.chromium.content.app.PrivilegedProcessService0 in 35551ms
07-03 20:38:09.392  1958  2360 W ActivityManager: Scheduling restart of crashed service com.qti.diagservices/.QTIDiagServices in 83884ms
07-03 20:38:09.460  1958  4525 W ActivityManager: Scheduling restart of crashed service com.android.settings/.dangerousoptions.DangerousOptionsWarningService in 123840ms
07-03 20:38:09.486  1958  1981 W ActivityManager: Scheduling restart of crashed service com.android.chrome/org.chromium.chrome.browser.customtabs.CustomTabsConnectionService in 1000ms
07-03 20:38:09.555  1958  5270 I WindowManager: WIN DEATH: Window{da10d35 u0 com.BHG.gurbani/com.BHG.gurbani.MainActivity}
07-03 20:38:09.560  1958  1958 W ActivityManager: Exception when unbinding service com.miui.msa.global/com.miui.systemAdSolution.splashscreen.SplashScreenService
07-03 20:38:09.560  1958  1958 W ActivityManager: android.os.DeadObjectException
07-03 20:38:09.560  1958  1958 W ActivityManager:       at android.os.BinderProxy.transactNative(Native Method)
07-03 20:38:09.560  1958  1958 W ActivityManager:       at android.os.BinderProxy.transact(BinderProxy.java:511)
07-03 20:38:09.560  1958  1958 W ActivityManager:       at android.app.IApplicationThread$Stub$Proxy.scheduleUnbindService(IApplicationThread.java:1627)
07-03 20:38:09.560  1958  1958 W ActivityManager:       at com.android.server.am.ActiveServices.removeConnectionLocked(ActiveServices.java:3440)
07-03 20:38:09.560  1958  1958 W ActivityManager:       at com.android.server.am.ActiveServices.unbindServiceLocked(ActiveServices.java:2091)
07-03 20:38:09.560  1958  1958 W ActivityManager:       at com.android.server.am.ActivityManagerService.unbindService(ActivityManagerService.java:14480)
07-03 20:38:09.560  1958  1958 W ActivityManager:       at android.app.ContextImpl.unbindService(ContextImpl.java:1789)
07-03 20:38:09.560  1958  1958 W ActivityManager:       at com.miui.server.SplashScreenServiceDelegate$2.onServiceDisconnected(SplashScreenServiceDelegate.java:185)
07-03 20:38:09.560  1958  1958 W ActivityManager:       at android.app.LoadedApk$ServiceDispatcher.doDeath(LoadedApk.java:1977)
07-03 20:38:09.560  1958  1958 W ActivityManager:       at android.app.LoadedApk$ServiceDispatcher$RunConnection.run(LoadedApk.java:1992)
07-03 20:38:09.560  1958  1958 W ActivityManager:       at android.os.Handler.handleCallback(Handler.java:883)
07-03 20:38:09.560  1958  1958 W ActivityManager:       at android.os.Handler.dispatchMessage(Handler.java:100)
07-03 20:38:09.560  1958  1958 W ActivityManager:       at android.os.Looper.loop(Looper.java:224)
07-03 20:38:09.560  1958  1958 W ActivityManager:       at com.android.server.SystemServer.run(SystemServer.java:563)
07-03 20:38:09.560  1958  1958 W ActivityManager:       at com.android.server.SystemServer.main(SystemServer.java:367)
07-03 20:38:09.560  1958  1958 W ActivityManager:       at java.lang.reflect.Method.invoke(Native Method)
07-03 20:38:09.560  1958  1958 W ActivityManager:       at com.android.internal.os.RuntimeInit$MethodAndArgsCaller.run(RuntimeInit.java:539)
07-03 20:38:09.560  1958  1958 W ActivityManager:       at com.android.internal.os.ZygoteInit.main(ZygoteInit.java:928)
07-03 20:38:09.563  1958  4526 W ActivityManager: Scheduling restart of crashed service com.miui.msa.global/com.zeus.gmc.sdk.mobileads.msa.odi.service.OnDeviceIntelligenceService in 294845ms
07-03 20:38:09.568  1958  2360 W ActivityManager: Scheduling restart of crashed service com.google.android.projection.gearhead/com.google.android.apps.auto.carservice.service.impl.GearheadCarStartupService in 1000ms
07-03 20:38:09.570  1958  2348 W ActivityManager: Scheduling restart of crashed service com.android.settings/.connecteddevice.usb.MiUsbService in 323764ms
07-03 20:38:09.588  1958  1996 W ActivityManager: setHasOverlayUi called on unknown pid: 14933
07-03 20:38:09.603  1958  1996 W WindowManager: setLauncherState= 1
07-03 20:38:09.906  1958  3132 E WindowManager: App trying to use insecure INPUT_FEATURE_NO_INPUT_CHANNEL flag. Ignoring
07-03 20:38:11.451  1958  1958 W WindowManager: removeWindowToken: Attempted to remove non-existing token: android.os.Binder@2657a88
07-03 20:38:11.570  1958  2360 W BaseMiuiPhoneWindowManager: keyCode:82 down:true eventTime:118613815 downTime:118613815 policyFlags:2b000002 flags:48 deviceId:-1 isScreenOn:true keyguardActive:false repeatCount:0
07-03 20:38:11.664  1958  2360 W BaseMiuiPhoneWindowManager: keyCode:82 down:false eventTime:118613909 downTime:118613815 policyFlags:2b000002 flags:48 deviceId:-1 isScreenOn:true keyguardActive:false repeatCount:0
07-03 20:38:11.691  1958  1996 W WindowManager: setLauncherState= 2
07-03 20:38:11.909  1958  2348 W NotificationService: Toast already killed. pkg=com.miui.home callback=android.app.ITransientNotification$Stub$Proxy@38c2163
07-03 20:38:12.143  1958  1996 W WindowManager: setLauncherState= 1
07-03 20:38:13.407  1958  1996 W WindowManager: Unable to start animation, surface is null or no children.
07-03 20:38:19.559  1958  2011 I ActivityManager: Start proc 15481:com.miui.msa.global/u0a123 for service {com.miui.msa.global/com.miui.systemAdSolution.splashscreen.SplashScreenService} caller=android
07-03 20:38:21.431  1958  4522 W ActivityManager: Receiver with filter android.content.IntentFilter@594714d already registered for pid 15481, callerPackage is com.miui.msa.global
07-03 20:38:21.433  1958  4522 W ActivityManager: Receiver with filter android.content.IntentFilter@ec5cf50 already registered for pid 15481, callerPackage is com.miui.msa.global
07-03 20:38:22.687 25324 25324 I Timeline: Timeline: Activity_launch_request time:118624932
07-03 20:38:22.689  1958  4522 I ActivityTaskManager: START u0 {act=android.intent.action.MAIN cat=[android.intent.category.LAUNCHER] flg=0x10200000 cmp=com.BHG.gurbani/.SplashActivity bnds=[581,760][757,936] (has extras)} from uid 10094
07-03 20:38:22.708 25324 25324 W ActivityThread: SCHED: com.miui.home/.launcher.Launcher [70, r=173ms, a=72ms, w=14310ms]
07-03 20:38:22.763  1958  2011 I ActivityManager: Start proc 15966:com.BHG.gurbani/u0a776 for activity {com.BHG.gurbani/com.BHG.gurbani.SplashActivity} caller=com.miui.home
07-03 20:38:22.807  1958  1997 I Timeline: Timeline: App_transition_ready time:118625053
07-03 20:38:22.907  1958  1958 W WindowManager: removeWindowToken: Attempted to remove non-existing token: android.os.Binder@2c2df2c
07-03 20:38:22.993  1958  1997 I Timeline: Timeline: App_transition_stopped time:118625238
07-03 20:38:23.014  1958  3853 E WindowManager: App trying to use insecure INPUT_FEATURE_NO_INPUT_CHANNEL flag. Ignoring
07-03 20:38:23.061  1958  1997 I Timeline: Timeline: Activity_windows_visible id: ActivityRecord{743d549 u0 com.BHG.gurbani/.SplashActivity t1665} time:118625306
07-03 20:38:24.967  1958  2011 I ActivityManager: Start proc 16065:com.android.smspush/u0a155 for service {com.android.smspush/com.android.smspush.WapPushManager} caller=com.android.phone
07-03 20:38:25.997 15966 15966 I Timeline: Timeline: Activity_launch_request time:118628243
07-03 20:38:25.999  1958  4522 I ActivityTaskManager: START u0 {cmp=com.BHG.gurbani/.AuthActivity} from uid 10776
07-03 20:38:26.013 15966 15966 W ActivityThread: SCHED: com.BHG.gurbani/.SplashActivity [88, r=24ms, a=3ms, w=3012ms]
07-03 20:38:26.016  1958  3853 I ActivityTaskManager: The Process com.BHG.gurbani Already Exists in BG. So sending its PID: 15966
07-03 20:38:26.019  1958  3853 I Timeline: Timeline: App_transition_ready time:118628265
07-03 20:38:26.152 15966 15966 I Timeline: Timeline: Activity_launch_request time:118628398
07-03 20:38:26.153  1958  4522 I ActivityTaskManager: START u0 {cmp=com.BHG.gurbani/.MainActivity} from uid 10776
07-03 20:38:26.166  1958  2360 I ActivityTaskManager: The Process com.BHG.gurbani Already Exists in BG. So sending its PID: 15966
07-03 20:38:26.169  1958  2360 I Timeline: Timeline: App_transition_ready time:118628415
07-03 20:38:26.255  1958  2360 E WindowManager: App trying to use insecure INPUT_FEATURE_NO_INPUT_CHANNEL flag. Ignoring
07-03 20:38:26.281  1958  4522 I Timeline: Timeline: App_transition_ready time:118628527
07-03 20:38:26.282  1958  4522 I Timeline: Timeline: App_transition_ready time:118628528
07-03 20:38:26.343  1958  1997 I Timeline: Timeline: App_transition_ready time:118628588
07-03 20:38:26.589  1958  1997 I Timeline: Timeline: Activity_windows_visible id: ActivityRecord{b04af2f u0 com.BHG.gurbani/.MainActivity t1665} time:118628835
07-03 20:38:26.591  1958  1997 I Timeline: Timeline: App_transition_stopped time:118628837
07-03 20:38:27.394  3855 25839 W MiuiPerfServiceClient: interceptAndQueuing:15966|com.BHG.gurbani|130|117|unknown|null|com.BHG.gurbani/com.BHG.gurbani.MainActivity|118629281429224|Slow handle traversal|2
07-03 20:38:30.336 15966 15966 I Timeline: Timeline: Activity_launch_request time:118632582
07-03 20:38:30.337  1958  4525 I ActivityTaskManager: START u0 {cmp=com.BHG.gurbani/.UploadActivity} from uid 10776
07-03 20:38:30.352 15966 15966 W ActivityThread: SCHED: com.BHG.gurbani/.MainActivity [81, r=226ms, a=50ms, w=4108ms]
07-03 20:38:30.355  1958  2348 I ActivityTaskManager: The Process com.BHG.gurbani Already Exists in BG. So sending its PID: 15966
07-03 20:38:30.359  1958  2348 I Timeline: Timeline: App_transition_ready time:118632605
07-03 20:38:30.405 15966 15966 E AndroidRuntime: FATAL EXCEPTION: main
07-03 20:38:30.405 15966 15966 E AndroidRuntime: Process: com.BHG.gurbani, PID: 15966
07-03 20:38:30.405 15966 15966 E AndroidRuntime: java.lang.RuntimeException: Unable to start activity ComponentInfo{com.BHG.gurbani/com.BHG.gurbani.UploadActivity}: android.view.InflateException: Binary XML file line #57 in com.BHG.gurbani:layout/activity_upload: Binary XML file line #57 in com.BHG.gurbani:layout/activity_upload: Error inflating class com.google.android.material.progressindicator.LinearProgressIndicator
07-03 20:38:30.405 15966 15966 E AndroidRuntime:        at android.app.ActivityThread.performLaunchActivity(ActivityThread.java:3311)
07-03 20:38:30.405 15966 15966 E AndroidRuntime:        at android.app.ActivityThread.handleLaunchActivity(ActivityThread.java:3460)
07-03 20:38:30.405 15966 15966 E AndroidRuntime:        at android.app.servertransaction.LaunchActivityItem.execute(LaunchActivityItem.java:83)
07-03 20:38:30.405 15966 15966 E AndroidRuntime:        at android.app.servertransaction.TransactionExecutor.executeCallbacks(TransactionExecutor.java:135)
07-03 20:38:30.405 15966 15966 E AndroidRuntime:        at android.app.servertransaction.TransactionExecutor.execute(TransactionExecutor.java:95)
07-03 20:38:30.405 15966 15966 E AndroidRuntime:        at android.app.ActivityThread$H.handleMessage(ActivityThread.java:2047)
07-03 20:38:30.405 15966 15966 E AndroidRuntime:        at android.os.Handler.dispatchMessage(Handler.java:107)
07-03 20:38:30.405 15966 15966 E AndroidRuntime:        at android.os.Looper.loop(Looper.java:224)
07-03 20:38:30.405 15966 15966 E AndroidRuntime:        at android.app.ActivityThread.main(ActivityThread.java:7592)
07-03 20:38:30.405 15966 15966 E AndroidRuntime:        at java.lang.reflect.Method.invoke(Native Method)
07-03 20:38:30.405 15966 15966 E AndroidRuntime:        at com.android.internal.os.RuntimeInit$MethodAndArgsCaller.run(RuntimeInit.java:539)
07-03 20:38:30.405 15966 15966 E AndroidRuntime:        at com.android.internal.os.ZygoteInit.main(ZygoteInit.java:950)
07-03 20:38:30.405 15966 15966 E AndroidRuntime: Caused by: android.view.InflateException: Binary XML file line #57 in com.BHG.gurbani:layout/activity_upload: Binary XML file line #57 in com.BHG.gurbani:layout/activity_upload: Error inflating class com.google.android.material.progressindicator.LinearProgressIndicator
07-03 20:38:30.405 15966 15966 E AndroidRuntime: Caused by: android.view.InflateException: Binary XML file line #57 in com.BHG.gurbani:layout/activity_upload: Error inflating class com.google.android.material.progressindicator.LinearProgressIndicator
07-03 20:38:30.405 15966 15966 E AndroidRuntime: Caused by: java.lang.reflect.InvocationTargetException
07-03 20:38:30.405 15966 15966 E AndroidRuntime:        at java.lang.reflect.Constructor.newInstance0(Native Method)
07-03 20:38:30.405 15966 15966 E AndroidRuntime:        at java.lang.reflect.Constructor.newInstance(Constructor.java:343)
07-03 20:38:30.405 15966 15966 E AndroidRuntime:        at android.view.LayoutInflater.createView(LayoutInflater.java:858)
07-03 20:38:30.405 15966 15966 E AndroidRuntime:        at android.view.LayoutInflater.createViewFromTag(LayoutInflater.java:1010)
07-03 20:38:30.405 15966 15966 E AndroidRuntime:        at android.view.LayoutInflater.createViewFromTag(LayoutInflater.java:965)
07-03 20:38:30.405 15966 15966 E AndroidRuntime:        at android.view.LayoutInflater.rInflate(LayoutInflater.java:1127)
07-03 20:38:30.405 15966 15966 E AndroidRuntime:        at android.view.LayoutInflater.rInflateChildren(LayoutInflater.java:1088)
07-03 20:38:30.405 15966 15966 E AndroidRuntime:        at android.view.LayoutInflater.inflate(LayoutInflater.java:686)
07-03 20:38:30.405 15966 15966 E AndroidRuntime:        at android.view.LayoutInflater.inflate(LayoutInflater.java:538)
07-03 20:38:30.405 15966 15966 E AndroidRuntime:        at android.view.LayoutInflater.inflate(LayoutInflater.java:481)
07-03 20:38:30.405 15966 15966 E AndroidRuntime:        at androidx.appcompat.app.AppCompatDelegateImpl.setContentView(AppCompatDelegateImpl.java:775)
07-03 20:38:30.405 15966 15966 E AndroidRuntime:        at androidx.appcompat.app.AppCompatActivity.setContentView(AppCompatActivity.java:197)
07-03 20:38:30.405 15966 15966 E AndroidRuntime:        at com.BHG.gurbani.UploadActivity.onCreate(UploadActivity.kt:37)
07-03 20:38:30.405 15966 15966 E AndroidRuntime:        at android.app.Activity.performCreate(Activity.java:7893)
07-03 20:38:30.405 15966 15966 E AndroidRuntime:        at android.app.Activity.performCreate(Activity.java:7880)
07-03 20:38:30.405 15966 15966 E AndroidRuntime:        at android.app.Instrumentation.callActivityOnCreate(Instrumentation.java:1307)
07-03 20:38:30.405 15966 15966 E AndroidRuntime:        at android.app.ActivityThread.performLaunchActivity(ActivityThread.java:3286)
07-03 20:38:30.405 15966 15966 E AndroidRuntime:        at android.app.ActivityThread.handleLaunchActivity(ActivityThread.java:3460)
07-03 20:38:30.405 15966 15966 E AndroidRuntime:        at android.app.servertransaction.LaunchActivityItem.execute(LaunchActivityItem.java:83)
07-03 20:38:30.405 15966 15966 E AndroidRuntime:        at android.app.servertransaction.TransactionExecutor.executeCallbacks(TransactionExecutor.java:135)
07-03 20:38:30.405 15966 15966 E AndroidRuntime:        at android.app.servertransaction.TransactionExecutor.execute(TransactionExecutor.java:95)
07-03 20:38:30.405 15966 15966 E AndroidRuntime:        at android.app.ActivityThread$H.handleMessage(ActivityThread.java:2047)
07-03 20:38:30.405 15966 15966 E AndroidRuntime:        at android.os.Handler.dispatchMessage(Handler.java:107)
07-03 20:38:30.405 15966 15966 E AndroidRuntime:        at android.os.Looper.loop(Looper.java:224)
07-03 20:38:30.405 15966 15966 E AndroidRuntime:        at android.app.ActivityThread.main(ActivityThread.java:7592)
07-03 20:38:30.405 15966 15966 E AndroidRuntime:        at java.lang.reflect.Method.invoke(Native Method)
07-03 20:38:30.405 15966 15966 E AndroidRuntime:        at com.android.internal.os.RuntimeInit$MethodAndArgsCaller.run(RuntimeInit.java:539)
07-03 20:38:30.405 15966 15966 E AndroidRuntime:        at com.android.internal.os.ZygoteInit.main(ZygoteInit.java:950)
07-03 20:38:30.405 15966 15966 E AndroidRuntime: Caused by: java.lang.UnsupportedOperationException: Failed to resolve attribute at index 6: TypedValue{t=0x2/d=0x7f03012d a=12}
07-03 20:38:30.405 15966 15966 E AndroidRuntime:        at android.content.res.TypedArray.getColor(TypedArray.java:529)
07-03 20:38:30.405 15966 15966 E AndroidRuntime:        at com.google.android.material.progressindicator.BaseProgressIndicatorSpec.loadTrackColor(BaseProgressIndicatorSpec.java:158)
07-03 20:38:30.405 15966 15966 E AndroidRuntime:        at com.google.android.material.progressindicator.BaseProgressIndicatorSpec.<init>(BaseProgressIndicatorSpec.java:108)
07-03 20:38:30.405 15966 15966 E AndroidRuntime:        at com.google.android.material.progressindicator.LinearProgressIndicatorSpec.<init>(LinearProgressIndicatorSpec.java:72)
07-03 20:38:30.405 15966 15966 E AndroidRuntime:        at com.google.android.material.progressindicator.LinearProgressIndicatorSpec.<init>(LinearProgressIndicatorSpec.java:64)
07-03 20:38:30.405 15966 15966 E AndroidRuntime:        at com.google.android.material.progressindicator.LinearProgressIndicatorSpec.<init>(LinearProgressIndicatorSpec.java:59)
07-03 20:38:30.405 15966 15966 E AndroidRuntime:        at com.google.android.material.progressindicator.LinearProgressIndicator.createSpec(LinearProgressIndicator.java:90)
07-03 20:38:30.405 15966 15966 E AndroidRuntime:        at com.google.android.material.progressindicator.LinearProgressIndicator.createSpec(LinearProgressIndicator.java:57)
07-03 20:38:30.405 15966 15966 E AndroidRuntime:        at com.google.android.material.progressindicator.BaseProgressIndicator.<init>(BaseProgressIndicator.java:143)
07-03 20:38:30.405 15966 15966 E AndroidRuntime:        at com.google.android.material.progressindicator.LinearProgressIndicator.<init>(LinearProgressIndicator.java:81)
07-03 20:38:30.405 15966 15966 E AndroidRuntime:        at com.google.android.material.progressindicator.LinearProgressIndicator.<init>(LinearProgressIndicator.java:76)
07-03 20:38:30.405 15966 15966 E AndroidRuntime:        ... 28 more
07-03 20:38:30.409  1958  4522 W ActivityTaskManager:   Force finishing activity com.BHG.gurbani/.UploadActivity
07-03 20:38:30.411  1958  4522 W ActivityTaskManager:   Force finishing activity com.BHG.gurbani/.MainActivity
07-03 20:38:30.415  1958 16140 I DropBoxManagerService: add tag=data_app_crash isTagEnabled=true flags=0x2
07-03 20:38:30.421  1958  2010 W BroadcastQueue: Background execution not allowed: receiving Intent { act=android.intent.action.DROPBOX_ENTRY_ADDED flg=0x10 (has extras) } to com.google.android.gms/.stats.service.DropBoxEntryAddedReceiver
07-03 20:38:30.483  1958  1979 I WindowManager: WIN DEATH: Window{a9a7a41 u0 com.BHG.gurbani/com.BHG.gurbani.MainActivity}
07-03 20:38:30.484  1958  1981 I ActivityManager: Process com.BHG.gurbani (pid 15966) has died: vis+99 TOP
07-03 20:38:30.497  1958  1981 I Timeline: Timeline: App_transition_ready time:118632743
07-03 20:38:30.508  1958  1979 I Timeline: Timeline: App_transition_ready time:118632754
07-03 20:38:30.516  1958  1996 W ActivityManager: setHasOverlayUi called on unknown pid: 15966
07-03 20:38:30.526  1958  1997 I Timeline: Timeline: App_transition_ready time:118632772
07-03 20:38:30.536  1958  1979 I Timeline: Timeline: App_transition_ready time:118632782
07-03 20:38:30.541  1958  1997 I Timeline: Timeline: App_transition_ready time:118632787
07-03 20:38:30.556  1958  1997 I Timeline: Timeline: App_transition_ready time:118632802
07-03 20:38:30.557  1958  1997 I Timeline: Timeline: Activity_windows_visible id: ActivityRecord{ddb1799 u0 com.miui.home/.launcher.Launcher t1} time:118632802
07-03 20:38:30.557  1958  1997 I Timeline: Timeline: App_transition_stopped time:118632802
07-03 20:38:30.912  1958  1996 W ActivityTaskManager: Activity top resumed state loss timeout for ActivityRecord{ef429e9 u0 com.BHG.gurbani/.UploadActivity t-1 f}
07-03 20:38:34.971  1958  2011 I ActivityManager: Start proc 16144:com.qualcomm.telephony/u0a195 for service {com.qualcomm.atfwd/com.qualcomm.atfwd.AtFwdService} caller=com.qualcomm.atfwd
07-03 20:38:36.378  1958  4415 W BaseMiuiPhoneWindowManager: keyCode:82 down:true eventTime:118638623 downTime:118638623 policyFlags:2b000002 flags:48 deviceId:-1 isScreenOn:true keyguardActive:false repeatCount:0
07-03 20:38:36.446  1958  4415 W BaseMiuiPhoneWindowManager: keyCode:82 down:false eventTime:118638691 downTime:118638623 policyFlags:2b000002 flags:48 deviceId:-1 isScreenOn:true keyguardActive:false repeatCount:0
07-03 20:38:36.470  1958  1996 W WindowManager: setLauncherState= 2
07-03 20:38:36.990  1958  1981 I ProcessManager: Kill reason OneKeyClean from pid=25324
07-03 20:38:36.997  1958  1981 I ProcessManager: mLruProcesses size=43
07-03 20:38:36.999  1958  1981 I ProcessManager: OneKeyClean: kill com.qualcomm.telephony Adj=500 State=11
07-03 20:38:37.000  1958  1981 I ActivityManager: Killing 16144:com.qualcomm.telephony/u0a195 (adj 500): OneKeyClean
07-03 20:38:37.002  1958  1981 I ProcessManager: OneKeyClean: kill com.android.smspush Adj=100 State=7
07-03 20:38:37.003  1958  1981 I ActivityManager: Killing 16065:com.android.smspush/u0a155 (adj 100): OneKeyClean
07-03 20:38:37.006  1958  1981 I ProcessManager: OneKeyClean: kill com.miui.msa.global Adj=100 State=9
07-03 20:38:37.007  1958  1981 I ActivityManager: Killing 15481:com.miui.msa.global/u0a123 (adj 100): OneKeyClean
07-03 20:38:37.025  1958  1981 W ActivityManager: Scheduling restart of crashed service com.qualcomm.atfwd/.AtFwdService in 203808ms
07-03 20:38:37.032  1958  2645 W ActivityManager: Scheduling restart of crashed service com.android.smspush/.WapPushManager in 163828ms
07-03 20:38:37.058  1958  1958 W ActivityManager: Exception when unbinding service com.miui.msa.global/com.miui.systemAdSolution.splashscreen.SplashScreenService
07-03 20:38:37.058  1958  1958 W ActivityManager: android.os.DeadObjectException
07-03 20:38:37.058  1958  1958 W ActivityManager:       at android.os.BinderProxy.transactNative(Native Method)
07-03 20:38:37.058  1958  1958 W ActivityManager:       at android.os.BinderProxy.transact(BinderProxy.java:511)
07-03 20:38:37.058  1958  1958 W ActivityManager:       at android.app.IApplicationThread$Stub$Proxy.scheduleUnbindService(IApplicationThread.java:1627)
07-03 20:38:37.058  1958  1958 W ActivityManager:       at com.android.server.am.ActiveServices.removeConnectionLocked(ActiveServices.java:3440)
07-03 20:38:37.058  1958  1958 W ActivityManager:       at com.android.server.am.ActiveServices.unbindServiceLocked(ActiveServices.java:2091)
07-03 20:38:37.058  1958  1958 W ActivityManager:       at com.android.server.am.ActivityManagerService.unbindService(ActivityManagerService.java:14480)
07-03 20:38:37.058  1958  1958 W ActivityManager:       at android.app.ContextImpl.unbindService(ContextImpl.java:1789)
07-03 20:38:37.058  1958  1958 W ActivityManager:       at com.miui.server.SplashScreenServiceDelegate$2.onServiceDisconnected(SplashScreenServiceDelegate.java:185)
07-03 20:38:37.058  1958  1958 W ActivityManager:       at android.app.LoadedApk$ServiceDispatcher.doDeath(LoadedApk.java:1977)
07-03 20:38:37.058  1958  1958 W ActivityManager:       at android.app.LoadedApk$ServiceDispatcher$RunConnection.run(LoadedApk.java:1992)
07-03 20:38:37.058  1958  1958 W ActivityManager:       at android.os.Handler.handleCallback(Handler.java:883)
07-03 20:38:37.058  1958  1958 W ActivityManager:       at android.os.Handler.dispatchMessage(Handler.java:100)
07-03 20:38:37.058  1958  1958 W ActivityManager:       at android.os.Looper.loop(Looper.java:224)
07-03 20:38:37.058  1958  1958 W ActivityManager:       at com.android.server.SystemServer.run(SystemServer.java:563)
07-03 20:38:37.058  1958  1958 W ActivityManager:       at com.android.server.SystemServer.main(SystemServer.java:367)
07-03 20:38:37.058  1958  1958 W ActivityManager:       at java.lang.reflect.Method.invoke(Native Method)
07-03 20:38:37.058  1958  1958 W ActivityManager:       at com.android.internal.os.RuntimeInit$MethodAndArgsCaller.run(RuntimeInit.java:539)
07-03 20:38:37.058  1958  1958 W ActivityManager:       at com.android.internal.os.ZygoteInit.main(ZygoteInit.java:928)
07-03 20:38:37.062  1958  2645 W ActivityManager: Scheduling restart of crashed service com.miui.msa.global/com.zeus.gmc.sdk.mobileads.msa.odi.service.OnDeviceIntelligenceService in 1179380ms
07-03 20:38:37.286  1958  1996 W WindowManager: setLauncherState= 1
07-03 20:38:37.587  1958  1979 E WindowManager: App trying to use insecure INPUT_FEATURE_NO_INPUT_CHANNEL flag. Ignoring
07-03 20:38:39.601  1958  1979 W NotificationService: Toast already killed. pkg=com.miui.home callback=android.app.ITransientNotification$Stub$Proxy@73f8d19
07-03 20:38:41.090  1958  1996 W WindowManager: Unable to start animation, surface is null or no children.
07-03 20:38:50.598  1958  1958 W WindowManager: removeWindowToken: Attempted to remove non-existing token: android.os.Binder@ec9d12e
07-03 20:38:57.083  1958  2011 I ActivityManager: Start proc 16170:com.miui.msa.global/u0a123 for service {com.miui.msa.global/com.miui.systemAdSolution.splashscreen.SplashScreenService} caller=android
07-03 20:38:58.705  1958  3901 W ActivityManager: Receiver with filter android.content.IntentFilter@fbc4250 already registered for pid 16170, callerPackage is com.miui.msa.global
07-03 20:38:58.709  1958  3901 W ActivityManager: Receiver with filter android.content.IntentFilter@8e1ca6f already registered for pid 16170, callerPackage is com.miui.msa.global
07-03 20:39:06.262  1958  2011 I ActivityManager: Start proc 16634:com.google.android.youtube/u0a204 for service {com.google.android.youtube/androidx.work.impl.background.systemjob.SystemJobService} caller=android
07-03 20:39:06.504 16634 16634 W BoostFramework: Slow Operation: BoostFramework perfUXEngine_events took 32ms
07-03 20:39:06.509  1958  2011 I ActivityManager: Start proc 16713:com.google.process.gservices/u0a185 for content provider {com.google.android.gsf/com.google.android.gsf.gservices.GservicesProvider} caller=com.google.android.youtube
07-03 20:39:06.772 16634 16663 W BpBinder: Slow Binder: BpBinder transact took 295ms, interface=android.app.IActivityManager, code=20 oneway=false
07-03 20:39:07.232  1958  2010 W BroadcastQueue: Permission Denial: broadcasting Intent { act=android.net.conn.CONNECTIVITY_CHANGE flg=0x4200010 (has extras) } from null (pid=-1, uid=-1) requires com.google.android.youtube.DYNAMIC_RECEIVER_NOT_EXPORTED_PERMISSION due to registered receiver BroadcastFilter{ed2767a 10204/u0 ReceiverList{26c62a5 16634 com.google.android.youtube/10204/u0 remote:f05089c}}
07-03 20:39:08.702  1958  2011 I ActivityManager: Start proc 16853:com.android.chrome/u0a193 for service {com.android.chrome/org.chromium.chrome.browser.customtabs.CustomTabsConnectionService} caller=com.google.android.youtube
07-03 20:39:09.148  1958  2011 I ActivityManager: Start proc 16924:com.android.chrome:privileged_process0/u0a193 for service {com.android.chrome/org.chromium.content.app.PrivilegedProcessService0} caller=com.android.chrome
07-03 20:39:09.180  1958  2011 I ActivityManager: Start proc 16942:com.android.vending/u0a175 for service {com.android.vending/com.google.android.finsky.installservice.DevTriggeredUpdateService} caller=com.android.chrome
07-03 20:39:09.638  1958  2011 W ActivityManager: Slow operation: 261ms so far, now at startProcess: returned from zygote!
07-03 20:39:09.639  1958  2011 W ActivityManager: Slow operation: 263ms so far, now at startProcess: done updating battery stats
07-03 20:39:09.640  1958  2011 W ActivityManager: Slow operation: 263ms so far, now at startProcess: building log message
07-03 20:39:09.640  1958  2011 I ActivityManager: Start proc 17002:com.android.chrome:sandboxed_process0:org.chromium.content.app.SandboxedProcessService0:0/u0ai0 for  {com.android.chrome/org.chromium.content.app.SandboxedProcessService0:0} caller=com.android.chrome
07-03 20:39:09.640  1958  2011 W ActivityManager: Slow operation: 264ms so far, now at startProcess: starting to updatepids map
07-03 20:39:09.640  1958  2011 W ActivityManager: Slow operation: 264ms so far, now at startProcess: done updating pidsmap
