07-03 20:12:50.416  1958  1958 W ActivityManager:       at com.miui.server.SplashScreenServiceDelegate$2.onServiceDisconnected(SplashScreenServiceDelegate.java:185)
07-03 20:12:50.416  1958  1958 W ActivityManager:       at android.app.LoadedApk$ServiceDispatcher.doDeath(LoadedApk.java:1977)
07-03 20:12:50.416  1958  1958 W ActivityManager:       at android.app.LoadedApk$ServiceDispatcher$RunConnection.run(LoadedApk.java:1992)
07-03 20:12:50.416  1958  1958 W ActivityManager:       at android.os.Handler.handleCallback(Handler.java:883)
07-03 20:12:50.416  1958  1958 W ActivityManager:       at android.os.Handler.dispatchMessage(Handler.java:100)
07-03 20:12:50.416  1958  1958 W ActivityManager:       at android.os.Looper.loop(Looper.java:224)
07-03 20:12:50.416  1958  1958 W ActivityManager:       at com.android.server.SystemServer.run(SystemServer.java:563)
07-03 20:12:50.416  1958  1958 W ActivityManager:       at com.android.server.SystemServer.main(SystemServer.java:367)
07-03 20:12:50.416  1958  1958 W ActivityManager:       at java.lang.reflect.Method.invoke(Native Method)
07-03 20:12:50.416  1958  1958 W ActivityManager:       at com.android.internal.os.RuntimeInit$MethodAndArgsCaller.run(RuntimeInit.java:539)
07-03 20:12:50.416  1958  1958 W ActivityManager:       at com.android.internal.os.ZygoteInit.main(ZygoteInit.java:928)
07-03 20:12:50.419  1958  3851 W ActivityManager: Scheduling restart of crashed service com.miui.msa.global/com.zeus.gmc.sdk.mobileads.msa.odi.service.OnDeviceIntelligenceService in 1609584ms
07-03 20:12:50.433  1958  2066 W ActivityManager: Scheduling restart of crashed service com.android.vending/com.google.frameworks.client.data.android.server.play.BackgroundProcessEndpointService in 57214ms
07-03 20:12:50.488  1958  5258 W ActivityManager: Exception when unbinding service com.android.vending/com.google.android.finsky.setup.dse.impl.DseService
07-03 20:12:50.488  1958  5258 W ActivityManager: android.os.DeadObjectException
07-03 20:12:50.488  1958  5258 W ActivityManager:       at android.os.BinderProxy.transactNative(Native Method)
07-03 20:12:50.488  1958  5258 W ActivityManager:       at android.os.BinderProxy.transact(BinderProxy.java:511)
07-03 20:12:50.488  1958  5258 W ActivityManager:       at android.app.IApplicationThread$Stub$Proxy.scheduleUnbindService(IApplicationThread.java:1627)
07-03 20:12:50.488  1958  5258 W ActivityManager:       at com.android.server.am.ActiveServices.removeConnectionLocked(ActiveServices.java:3440)
07-03 20:12:50.488  1958  5258 W ActivityManager:       at com.android.server.am.ActiveServices.killServicesLocked(ActiveServices.java:3859)
07-03 20:12:50.488  1958  5258 W ActivityManager:       at com.android.server.am.ActivityManagerService.cleanUpApplicationRecordLocked(ActivityManagerService.java:14080)
07-03 20:12:50.488  1958  5258 W ActivityManager:       at com.android.server.am.ActivityManagerService.handleAppDiedLocked(ActivityManagerService.java:3716)
07-03 20:12:50.488  1958  5258 W ActivityManager:       at com.android.server.am.ActivityManagerService.appDiedLocked(ActivityManagerService.java:3889)
07-03 20:12:50.488  1958  5258 W ActivityManager:       at com.android.server.am.ActivityManagerService$AppDeathRecipient.binderDied(ActivityManagerService.java:1537)
07-03 20:12:50.488  1958  5258 W ActivityManager:       at android.os.BinderProxy.sendDeathNotice(BinderProxy.java:621)
07-03 20:12:50.488  1958  4522 I WindowManager: WIN DEATH: Window{426b5a9 u0 com.BHG.gurbani/com.BHG.gurbani.MainActivity}
07-03 20:12:50.497  1958  5258 W ActivityManager: Scheduling restart of crashed service com.android.chrome/org.chromium.chrome.browser.customtabs.CustomTabsConnectionService in 18641ms
07-03 20:12:50.514  1958  1996 W ActivityManager: setHasOverlayUi called on unknown pid: 29862
07-03 20:12:50.588  1958  1996 W WindowManager: setLauncherState= 1
07-03 20:12:50.893  1958  5258 E WindowManager: App trying to use insecure INPUT_FEATURE_NO_INPUT_CHANNEL flag. Ignoring
07-03 20:12:52.899  1958  5258 W NotificationService: Toast already killed. pkg=com.miui.home callback=android.app.ITransientNotification$Stub$Proxy@20850
07-03 20:12:54.395  1958  1996 W WindowManager: Unable to start animation, surface is null or no children.
07-03 20:12:59.166  1958  2011 I ActivityManager: Start proc 29964:com.android.settings/1000 for service {com.android.settings/com.android.settings.connecteddevice.usb.MiUsbService} caller=com.android.settings
07-03 20:13:00.327 29964 29964 W Looper  : Slow Looper main: Long Msg: seq=2 plan=20:12:59.195  late=1ms wall=1129ms running=334ms runnable=4ms io=712ms h=android.app.ActivityThread$H w=110
07-03 20:13:03.898  1958  1958 W WindowManager: removeWindowToken: Attempted to remove non-existing token: android.os.Binder@a4e48d9
07-03 20:13:10.450  1958  2011 I ActivityManager: Start proc 30008:com.miui.msa.global/u0a123 for service {com.miui.msa.global/com.miui.systemAdSolution.splashscreen.SplashScreenService} caller=android
07-03 20:13:12.069  1958  5258 W ActivityManager: Receiver with filter android.content.IntentFilter@a34d69f already registered for pid 30008, callerPackage is com.miui.msa.global
07-03 20:13:12.072  1958  5258 W ActivityManager: Receiver with filter android.content.IntentFilter@79faa4a already registered for pid 30008, callerPackage is com.miui.msa.global
07-03 20:13:24.121  1958  2011 I ActivityManager: Start proc 30488:com.google.android.youtube/u0a204 for service {com.google.android.youtube/androidx.work.impl.background.systemjob.SystemJobService} caller=android
07-03 20:13:24.361  1958  2011 I ActivityManager: Start proc 30551:com.google.process.gservices/u0a185 for content provider {com.google.android.gsf/com.google.android.gsf.gservices.GservicesProvider} caller=com.google.android.youtube
07-03 20:13:24.609 30488 30526 W BpBinder: Slow Binder: BpBinder transact took 285ms, interface=android.app.IActivityManager, code=20 oneway=false
07-03 20:13:25.068  1958  2010 W BroadcastQueue: Permission Denial: broadcasting Intent { act=android.net.conn.CONNECTIVITY_CHANGE flg=0x4200010 (has extras) } from null (pid=-1, uid=-1) requires com.google.android.youtube.DYNAMIC_RECEIVER_NOT_EXPORTED_PERMISSION due to registered receiver BroadcastFilter{dd20a55 10204/u0 ReceiverList{d3ec10c 30488 com.google.android.youtube/10204/u0 remote:b1bd43f}}
07-03 20:13:26.520  1958  2011 I ActivityManager: Start proc 30634:com.android.chrome/u0a193 for service {com.android.chrome/org.chromium.chrome.browser.customtabs.CustomTabsConnectionService} caller=com.google.android.youtube
07-03 20:13:27.098  1958  2011 I ActivityManager: Start proc 30701:com.android.chrome:privileged_process0/u0a193 for service {com.android.chrome/org.chromium.content.app.PrivilegedProcessService0} caller=com.android.chrome
07-03 20:13:27.133  1958  2011 I ActivityManager: Start proc 30719:com.android.vending/u0a175 for service {com.android.vending/com.google.android.finsky.installservice.DevTriggeredUpdateService} caller=com.android.chrome
07-03 20:13:27.613  1958  2011 W ActivityManager: Slow operation: 255ms so far, now at startProcess: returned from zygote!
07-03 20:13:27.613  1958  2011 W ActivityManager: Slow operation: 256ms so far, now at startProcess: done updating battery stats
07-03 20:13:27.613  1958  2011 W ActivityManager: Slow operation: 256ms so far, now at startProcess: building log message
07-03 20:13:27.613  1958  2011 I ActivityManager: Start proc 30803:com.android.chrome:sandboxed_process0:org.chromium.content.app.SandboxedProcessService0:0/u0ai0 for  {com.android.chrome/org.chromium.content.app.SandboxedProcessService0:0} caller=com.android.chrome
07-03 20:13:27.613  1958  2011 W ActivityManager: Slow operation: 256ms so far, now at startProcess: starting to updatepids map
07-03 20:13:27.613  1958  2011 W ActivityManager: Slow operation: 256ms so far, now at startProcess: done updating pidsmap
07-03 20:13:27.672  1958  2011 I ActivityManager: Start proc 30830:com.qualcomm.qti.workloadclassifier/1000 for service{com.qualcomm.qti.workloadclassifier/com.qualcomm.qti.workloadclassifier.WLCService} caller=com.qualcomm.qti.workloadclassifier
07-03 20:13:27.771  1958  2011 I ActivityManager: Start proc 30862:com.google.process.gapps/u0a185 for content provider{com.google.android.gsf/com.google.android.gsf.settings.GoogleSettingsProvider} caller=com.android.vending
07-03 20:13:27.983 30719 30779 W BpBinder: Slow Binder: BpBinder transact took 235ms, interface=android.app.IActivityManager, code=20 oneway=false
07-03 20:13:28.212  1958  2011 I ActivityManager: Start proc 30936:com.android.vending:background/u0a175 for service {com.android.vending/com.google.frameworks.client.data.android.server.play.BackgroundProcessEndpointService} caller=com.android.vending
07-03 20:14:07.641  1958  2011 I ActivityManager: Start proc 31035:com.qualcomm.telephony/u0a195 for service {com.qualcomm.atfwd/com.qualcomm.atfwd.AtFwdService} caller=com.qualcomm.atfwd
07-03 20:14:17.641  1958  2011 I ActivityManager: Start proc 31061:com.android.smspush/u0a155 for service {com.android.smspush/com.android.smspush.WapPushManager} caller=com.android.phone
07-03 20:14:47.635  1958  2011 I ActivityManager: Start proc 31089:com.qti.diagservices/1000 for service {com.qti.diagservices/com.qti.diagservices.QTIDiagServices} caller=com.qti.diagservices
07-03 20:14:53.084  1958  2017 I PowerManagerService: Going to sleep due to timeout (uid 1000)...
07-03 20:14:53.084  1958  1958 W UsageStatsService: Event reported without a package name, eventType:16
07-03 20:14:53.086  1958  1958 I WindowManager: Started going to sleep... (why=OFF_BECAUSE_OF_TIMEOUT)
07-03 20:14:53.319  1958  2017 I DisplayPowerController: Blocking screen off
07-03 20:14:53.324  1958  2017 I DisplayPowerController: Unblocked screen off after 6 ms
07-03 20:14:53.331  1958  2014 E KernelCpuUidUserSysTimeReader: Negative user/sys time delta for UID=10776
07-03 20:14:53.331  1958  2014 E KernelCpuUidUserSysTimeReader: Prev times: u=120661 s=30097 Curr times: u=120216 s=30008
07-03 20:14:53.331  1958  2014 E KernelCpuUidUserSysTimeReader: Negative user/sys time delta for UID=10066
07-03 20:14:53.331  1958  2014 E KernelCpuUidUserSysTimeReader: Prev times: u=82747 s=23101 Curr times: u=82384 s=22906
07-03 20:14:53.334  1958  2017 I WindowManager: Screen turned off...
07-03 20:14:53.339  1958  2017 W ActivityManager: Unable to start service Intent { act=miui.action.CAMERA_EMPTY_SERVICEpkg=com.android.camera } U=0: not found
07-03 20:14:53.343  1958  1996 I DisplayManagerService: Display device changed state: "Built-in Screen", OFF
07-03 20:14:53.346 25324 25324 W ActivityThread: SCHED: com.miui.home/.launcher.Launcher [73, r=107ms, a=39ms, w=124010ms]
07-03 20:14:53.686  1958  2168 W BpBinder: Slow Binder: BpBinder transact took 345ms, interface=android.ui.ISurfaceComposer, code=19 oneway=false
07-03 20:14:53.713  1958  2017 W DreamManagerService: Dream ComponentInfo{com.android.systemui/com.android.systemui.doze.DozeService} does not exist
07-03 20:14:53.714  1958  2017 I PowerManagerService: Sleeping (uid 1000)...
07-03 20:14:53.717  1958  1958 I WindowManager: Finished going to sleep... (why=OFF_BECAUSE_OF_TIMEOUT)
07-03 20:14:53.721  2181  2198 W KeyguardViewMediator: doKeyguard: showing the lock screen
07-03 20:14:53.757  1958  1996 W UsageStatsService: Event reported without a package name, eventType:17
07-03 20:14:53.757  1958  1996 I WindowManager: updateContrastOverlay, darkmode: true isContrastEnabled: true alpha: 0.0
07-03 20:14:53.908  1958  1958 W Looper  : Slow dispatch took 176ms main h=android.app.ActivityThread$H c=android.app.-$$Lambda$LoadedApk$ReceiverDispatcher$Args$_BumDX2UKsnxLVrE6UJsJZkotuA@4e891a9 m=0
07-03 20:14:54.062  1958  2011 I ActivityManager: Start proc 31135:com.google.android.apps.wellbeing/u0a189 for broadcast {com.google.android.apps.wellbeing/com.google.android.apps.wellbeing.alarm.NextAlarmClockChangedReceiver_Receiver} caller=android
07-03 20:14:54.247  1958  2011 I ActivityManager: Start proc 31157:com.miui.msa.global:ui/u0a123 for service {com.miui.msa.global/com.xiaomi.ad.internal.splash.uiprocess.SplashUIService} caller=com.miui.msa.global
07-03 20:14:54.429  1958  2014 E BatteryExternalStatsWorker: no controller energy info supplied for bluetooth
07-03 20:14:54.720 25666 18213 W BpBinder: Slow Binder: BpBinder transact took 304ms, interface=com.android.internal.app.IBatteryStats, code=16 oneway=false
07-03 20:14:54.755  2181 23490 W BpBinder: Slow Binder: BpBinder transact took 359ms, interface=android.content.IContentProvider, code=21 oneway=false
07-03 20:15:19.504  2181  2181 I MiuiChargeManager: notifyBatteryStatusChanged:  status: 2 isPlugged: 2 level: 93 wireState: 11 chargeSpeed: 0 mWiredChargeType: 0 mWirelessChargeType: 0 chargeDeviceType: -1
07-03 20:15:19.540  1958  2014 E BatteryExternalStatsWorker: no controller energy info supplied for bluetooth
07-03 20:15:19.586  1958  2011 I ActivityManager: Start proc 31244:com.google.android.apps.turbo/u0a184 for broadcast {com.google.android.apps.turbo/com.google.android.apps.turbo.nudges.broadcasts.BatteryStatusChangedReceiver} caller=android
07-03 20:15:20.049  1958  2014 E BatteryExternalStatsWorker: no controller energy info supplied for bluetooth
07-03 20:16:06.577  1958  2011 I ActivityManager: Start proc 31282:com.android.settings:remote/1000 for service {com.android.settings/com.android.settings.dangerousoptions.DangerousOptionsWarningService} caller=com.android.settings
07-03 20:16:46.550  1958  2011 I ActivityManager: Start proc 31317:com.whatsapp/u0a762 for service {com.whatsapp/com.whatsapp.messaging.MessageService} caller=com.whatsapp
07-03 20:16:48.010  1958  2011 I ActivityManager: Start proc 31394:com.xiaomi.mipicks/u0a127 for service {com.xiaomi.mipicks/androidx.work.impl.background.systemjob.SystemJobService} caller=android
07-03 20:16:48.502  1958  1979 W BluetoothManagerService: bindBluetoothProfileService:Trying to bind to profile: 1, while Bluetooth is disabled
07-03 20:16:48.539  1958  2011 I ActivityManager: Start proc 31451:com.facebook.services/u0a100 for service {com.facebook.services/com.facebook.oxygen.services.fbns.PreloadedFbnsService} caller=com.whatsapp
07-03 20:16:48.685  1958  2011 I ActivityManager: Start proc 31529:com.miui.analytics/u0a105 for service {com.miui.analytics/com.miui.analytics.onetrack.OneTrackService} caller=com.xiaomi.mipicks
07-03 20:16:49.158  1958  4597 I ActivityManager: Killing 26367:com.miui.securitycenter/1000 (adj 965): empty #17
07-03 20:16:49.207 31394 31430 W BpBinder: Slow Binder: BpBinder transact took 665ms, interface=android.content.IContentProvider, code=1 oneway=false
07-03 20:16:49.222  1958  1996 W ActivityManager: setHasOverlayUi called on unknown pid: 26367
07-03 20:16:50.927  1958  2010 E NotificationService: Suppressing notification from package by user request.
07-03 20:17:03.787  1958  2014 E BatteryExternalStatsWorker: no controller energy info supplied for bluetooth
07-03 20:18:32.227  1958  2011 I ActivityManager: Start proc 31790:in.mohalla.sharechat/u0a763 for broadcast {in.mohalla.sharechat/com.google.firebase.iid.FirebaseInstanceIdReceiver} caller=com.google.android.gms
07-03 20:18:34.566  1958  2014 E BatteryExternalStatsWorker: no controller energy info supplied for bluetooth
07-03 20:18:35.682 31790 31790 W Looper  : Slow Looper main: Long Msg: seq=2 plan=20:18:32.261  late=3ms wall=3419ms running=2175ms runnable=53ms io=842ms h=android.app.ActivityThread$H w=110
07-03 20:18:39.016  1958  5258 I ActivityManager: Killing 30634:com.android.chrome/u0a193 (adj 955): empty #17
07-03 20:18:39.136  1958  2066 W ActivityManager: Exception when unbinding service com.android.chrome/org.chromium.content.app.SandboxedProcessService0:0
07-03 20:18:39.136  1958  2066 W ActivityManager: android.os.DeadObjectException
07-03 20:18:39.136  1958  2066 W ActivityManager:       at android.os.BinderProxy.transactNative(Native Method)
07-03 20:18:39.136  1958  2066 W ActivityManager:       at android.os.BinderProxy.transact(BinderProxy.java:511)
07-03 20:18:39.136  1958  2066 W ActivityManager:       at android.app.IApplicationThread$Stub$Proxy.scheduleUnbindService(IApplicationThread.java:1627)
07-03 20:18:39.136  1958  2066 W ActivityManager:       at com.android.server.am.ActiveServices.removeConnectionLocked(ActiveServices.java:3440)
07-03 20:18:39.136  1958  2066 W ActivityManager:       at com.android.server.am.ActiveServices.killServicesLocked(ActiveServices.java:3859)
07-03 20:18:39.136  1958  2066 W ActivityManager:       at com.android.server.am.ActivityManagerService.cleanUpApplicationRecordLocked(ActivityManagerService.java:14080)
07-03 20:18:39.136  1958  2066 W ActivityManager:       at com.android.server.am.ActivityManagerService.handleAppDiedLocked(ActivityManagerService.java:3716)
07-03 20:18:39.136  1958  2066 W ActivityManager:       at com.android.server.am.ActivityManagerService.appDiedLocked(ActivityManagerService.java:3889)
07-03 20:18:39.136  1958  2066 W ActivityManager:       at com.android.server.am.ActivityManagerService$AppDeathRecipient.binderDied(ActivityManagerService.java:1537)
07-03 20:18:39.136  1958  2066 W ActivityManager:       at android.os.BinderProxy.sendDeathNotice(BinderProxy.java:621)
07-03 20:18:39.142  1958  2066 I ActivityManager: Killing 30803:com.android.chrome:sandboxed_process0:org.chromium.content.app.SandboxedProcessService0:0/u0a193i-9000 (adj 925): isolated not needed
07-03 20:18:39.208  1958  2066 W ActivityManager: Exception when destroying service com.android.chrome/org.chromium.content.app.PrivilegedProcessService0
07-03 20:18:39.208  1958  2066 W ActivityManager: android.os.DeadObjectException
07-03 20:18:39.208  1958  2066 W ActivityManager:       at android.os.BinderProxy.transactNative(Native Method)
07-03 20:18:39.208  1958  2066 W ActivityManager:       at android.os.BinderProxy.transact(BinderProxy.java:511)
07-03 20:18:39.208  1958  2066 W ActivityManager:       at android.app.IApplicationThread$Stub$Proxy.scheduleStopService(IApplicationThread.java:1405)
07-03 20:18:39.208  1958  2066 W ActivityManager:       at com.android.server.am.ActiveServices.bringDownServiceLocked(ActiveServices.java:3322)
07-03 20:18:39.208  1958  2066 W ActivityManager:       at com.android.server.am.ActiveServices.bringDownServiceIfNeededLocked(ActiveServices.java:3135)
07-03 20:18:39.208  1958  2066 W ActivityManager:       at com.android.server.am.ActiveServices.removeConnectionLocked(ActiveServices.java:3458)
07-03 20:18:39.208  1958  2066 W ActivityManager:       at com.android.server.am.ActiveServices.killServicesLocked(ActiveServices.java:3859)
07-03 20:18:39.208  1958  2066 W ActivityManager:       at com.android.server.am.ActivityManagerService.cleanUpApplicationRecordLocked(ActivityManagerService.java:14080)
07-03 20:18:39.208  1958  2066 W ActivityManager:       at com.android.server.am.ActivityManagerService.handleAppDiedLocked(ActivityManagerService.java:3716)
07-03 20:18:39.208  1958  2066 W ActivityManager:       at com.android.server.am.ActivityManagerService.appDiedLocked(ActivityManagerService.java:3889)
07-03 20:18:39.208  1958  2066 W ActivityManager:       at com.android.server.am.ActivityManagerService$AppDeathRecipient.binderDied(ActivityManagerService.java:1537)
07-03 20:18:39.208  1958  2066 W ActivityManager:       at android.os.BinderProxy.sendDeathNotice(BinderProxy.java:621)
07-03 20:18:39.210  1958  2066 W ActivityManager: Scheduling restart of crashed service com.android.chrome/org.chromium.chrome.browser.customtabs.CustomTabsConnectionService in 1000ms
07-03 20:18:39.249  1958  3132 I ActivityManager: Process com.android.chrome:privileged_process0 (pid 30701) has died: fore SVC
07-03 20:18:39.270  1958  1994 W Looper  : Slow dispatch took 147ms android.ui h=com.android.server.am.ActivityManagerService$UiHandler c=null m=53
07-03 20:19:29.944  2181  2181 I MiuiChargeManager: notifyBatteryStatusChanged:  status: 2 isPlugged: 2 level: 94 wireState: 11 chargeSpeed: 0 mWiredChargeType: 0 mWirelessChargeType: 0 chargeDeviceType: -1
07-03 20:19:29.973  1958  2014 E BatteryExternalStatsWorker: no controller energy info supplied for bluetooth
07-03 20:19:30.486  1958  2014 E BatteryExternalStatsWorker: no controller energy info supplied for bluetooth
07-03 20:19:32.657  1958  2011 I ActivityManager: Start proc 31944:com.xiaomi.discover/u0a111 for service {com.xiaomi.discover/com.xiaomi.market.service.AutoUpdateScheduler} caller=android
07-03 20:20:08.148  1958  2066 W BpBinder: Slow Binder: BpBinder transact took 1216ms, interface=android.os.IInstalld, code=10 oneway=false
07-03 20:20:08.149  1958  2066 I InstallationStatistic: beginInstallSession: 167681421
07-03 20:20:09.355  1958  2065 W BpBinder: Slow Binder: BpBinder transact took 252ms, interface=com.miui.server.ISplashScreenService, code=1 oneway=false
07-03 20:20:09.356  1958  2065 I ActivityTaskManager: START u0 {act=android.intent.action.VIEW dat=file:///data/app/vmdl167681421.tmp typ=application/vnd.android.package-archive flg=0x18000000 cmp=com.miui.securitycenter/com.miui.permcenter.install.AdbInstallActivity (has extras)} from uid 1000
07-03 20:20:09.603  1958  2011 I ActivityManager: Start proc 32071:com.miui.securitycenter/1000 for activity {com.miui.securitycenter/com.miui.permcenter.install.AdbInstallActivity} caller=pm
07-03 20:20:09.639  1958  1997 I Timeline: Timeline: App_transition_ready time:117531884
07-03 20:20:09.640  1958  1997 I Timeline: Timeline: App_transition_ready time:117531886
07-03 20:20:09.642  1958  1997 I Timeline: Timeline: App_transition_ready time:117531888
07-03 20:20:10.140  1958  1996 W ActivityTaskManager: Activity top resumed state loss timeout for ActivityRecord{fdd24b1 u0 com.miui.securitycenter/com.miui.permcenter.install.AdbInstallActivity t1643}
07-03 20:20:10.140  1958  1996 W ActivityTaskManager: Activity pause timeout for ActivityRecord{fdd24b1 u0 com.miui.securitycenter/com.miui.permcenter.install.AdbInstallActivity t1643}
07-03 20:20:10.143  1958  1996 I Timeline: Timeline: App_transition_ready time:117532388
07-03 20:20:10.148  1958  1996 W ProcessStats: Tracking association SourceState{124faa5 com.miui.securitycenter/1000 Top #509440} whose proc state 1 is better than process ProcessState{1c1639c com.google.android.gms.persistent/10185 pkg=com.google.android.gms} proc state 2 (1 skipped)
07-03 20:20:10.450  1958  2011 I ActivityManager: Start proc 32128:com.miui.guardprovider/u0a115 for content provider {com.miui.guardprovider/com.miui.guardprovider.GuardProvider} caller=com.miui.securitycenter
07-03 20:20:10.632 32071 32071 W BpBinder: Slow Binder: BpBinder transact took 223ms, interface=android.app.IActivityManager, code=20 oneway=false
07-03 20:20:10.833 32128 32147 W SystemConfig: No directory /product_services/etc/sysconfig, skipping
07-03 20:20:10.833 32128 32147 W SystemConfig: No directory /product_services/etc/permissions, skipping
07-03 20:20:10.866 32071 32071 W BpBinder: Slow Binder: BpBinder transact took 232ms, interface=android.content.IContentProvider, code=21 oneway=false
07-03 20:20:10.897  1958  5256 I Timeline: Timeline: App_transition_ready time:117533143
07-03 20:20:10.903  1958  1996 I ActivityManager: Killing 30862:com.google.process.gapps/u0a185 (adj 945): empty #17
07-03 20:20:10.908  1958  1997 I Timeline: Timeline: App_transition_ready time:117533154
07-03 20:20:11.114 32071 32071 W Activity: Slow Operation: Activity com.miui.securitycenter/com.miui.permcenter.install.AdbInstallActivity onCreate took 821ms
07-03 20:20:11.119 32071 32071 W Looper  : Slow Looper main: Activity com.miui.securitycenter/com.miui.permcenter.install.AdbInstallActivity is 585ms late (wall=883ms running=244ms ClientTransaction{ callbacks=[android.app.servertransaction.LaunchActivityItem] lifecycleRequest=android.app.servertransaction.ResumeActivityItem }) because of 2 msg, msg 2 took 582ms (seq=2 running=298ms runnable=17ms io=211ms late=10ms h=android.app.ActivityThread$H w=110)
07-03 20:20:11.120 32071 32071 W Looper  : Slow Looper main: Activity com.miui.securitycenter/com.miui.permcenter.install.AdbInstallActivity is 1468ms late (wall=0ms running=0ms ClientTransaction{ callbacks=[android.app.servertransaction.TopResumedActivityChangeItem] }) because of 3 msg, msg 2 took 582ms (seq=2 running=298ms runnable=17ms io=211ms late=10msh=android.app.ActivityThread$H w=110), msg 3 took 883ms (seq=3 running=244ms runnable=31ms io=100ms late=585ms h=android.app.ActivityThread$H w=159)
07-03 20:20:11.123 32071 32071 W Looper  : Slow Looper main: Activity com.miui.securitycenter/com.miui.permcenter.install.AdbInstallActivity is 1468ms late (wall=3ms running=0ms ClientTransaction{ callbacks=[android.app.servertransaction.TopResumedActivityChangeItem] }) because of 4 msg, msg 2 took 582ms (seq=2 running=298ms runnable=17ms io=211ms late=10msh=android.app.ActivityThread$H w=110), msg 3 took 883ms (seq=3 running=244ms runnable=31ms io=100ms late=585ms h=android.app.ActivityThread$H w=159)
07-03 20:20:11.124 32071 32071 W Looper  : Slow Looper main: Activity com.miui.securitycenter/com.miui.permcenter.install.AdbInstallActivity is 1472ms late (wall=1ms running=0ms ClientTransaction{ lifecycleRequest=android.app.servertransaction.PauseActivityItem }) because of 5 msg, msg 2 took 582ms (seq=2 running=298ms runnable=17ms io=211ms late=10ms h=android.app.ActivityThread$H w=110), msg 3 took 883ms (seq=3 running=244ms runnable=31ms io=100ms late=585ms h=android.app.ActivityThread$H w=159)
07-03 20:20:11.126 32071 32071 W Looper  : Slow Looper main: Activity com.miui.securitycenter/com.miui.permcenter.install.AdbInstallActivity is 980ms late (wall=0ms running=0ms ClientTransaction{ lifecycleRequest=android.app.servertransaction.StopActivityItem }) because of 7 msg, msg 1 took 582ms (seq=2 running=298ms runnable=17ms io=211ms late=10ms h=android.app.ActivityThread$H w=110), msg 2 took 883ms (seq=3 running=244ms runnable=31ms io=100ms late=585ms h=android.app.ActivityThread$H w=159)
07-03 20:20:11.140  1958  4806 I Timeline: Timeline: App_transition_ready time:117533385
07-03 20:20:11.140  1958  4806 I Timeline: Timeline: App_transition_stopped time:117533386
07-03 20:20:11.189  1958  5271 W WindowManager: Failed looking up window callers=com.android.server.wm.WindowManagerService.windowForClientLocked:5864 com.android.server.wm.WindowManagerService.relayoutWindow:2244 com.android.server.wm.Session.relayout:194
07-03 20:20:11.216  1958  5271 W WindowManager: Failed looking up window callers=com.android.server.wm.WindowManagerService.windowForClientLocked:5864 com.android.server.wm.WindowManagerService.removeWindow:2014 com.android.server.wm.Session.remove:176
07-03 20:20:11.240  1958  2022 I PackageManager: Update package com.BHG.gurbani code path from /data/app/com.BHG.gurbani-LxqVqCFFAEHVAYNWV_NQAw== to /data/app/com.BHG.gurbani--vdiq9pGhAOzQsbjHDWPqQ==; Retain data and using new
07-03 20:20:11.241  1958  2022 I PackageManager: Update package com.BHG.gurbani resource path from /data/app/com.BHG.gurbani-LxqVqCFFAEHVAYNWV_NQAw== to /data/app/com.BHG.gurbani--vdiq9pGhAOzQsbjHDWPqQ==; Retain data and using new
07-03 20:20:11.242  1958  2010 I ActivityManager: Force stopping com.BHG.gurbani appid=10776 user=-1: installPackageLI
07-03 20:20:11.501  1958  2022 W FileUtils: Slow Operation: fsync took 208ms
07-03 20:20:11.540  1958  2022 I PackageManager: Un-granting permission android.permission.WRITE_MEDIA_STORAGE from package com.jio.media.jiobeats (protectionLevel=18 flags=0x20d83e44)
07-03 20:20:11.540  1958  2022 I PackageManager: Un-granting permission android.permission.WRITE_SETTINGS from package com.jio.media.jiobeats (protectionLevel=1218 flags=0x20d83e44)
07-03 20:20:11.540  1958  2022 I PackageManager: Un-granting permission android.permission.MANAGE_DOCUMENTS from package com.google.android.youtube (protectionLevel=262146 flags=0x20dbbec5)
07-03 20:20:11.540  1958  2022 I PackageManager: Un-granting permission android.permission.REQUEST_INSTALL_PACKAGES from package com.revanced.net.revancedmanager (protectionLevel=66 flags=0x20c8be44)
07-03 20:20:11.541  1958  2022 I PackageManager: Un-granting permission android.permission.CAPTURE_AUDIO_OUTPUT from package com.google.android.googlequicksearchbox (protectionLevel=18 flags=0xa8dbbec5)
07-03 20:20:11.542  1958  2022 I PackageManager: Un-granting permission android.permission.SUBSTITUTE_SHARE_TARGET_APP_NAME_AND_ICON from package com.google.android.googlequicksearchbox (protectionLevel=18 flags=0xa8dbbec5)
07-03 20:20:11.542  1958  2022 I PackageManager: Un-granting permission android.permission.CAPTURE_MEDIA_OUTPUT from package com.google.android.googlequicksearchbox (protectionLevel=18 flags=0xa8dbbec5)
07-03 20:20:11.542  1958  2022 I PackageManager: Un-granting permission android.permission.MODIFY_AUDIO_ROUTING from package com.google.android.googlequicksearchbox (protectionLevel=18 flags=0xa8dbbec5)
07-03 20:20:11.542  1958  2022 I PackageManager: Un-granting permission com.google.android.googleapps.permission.GOOGLE_AUTH from package com.android.providers.calendar (protectionLevel=2 flags=0x20883e45)
07-03 20:20:11.542  1958  2022 I PackageManager: Un-granting permission com.google.android.googleapps.permission.GOOGLE_AUTH.cl from package com.android.providers.calendar (protectionLevel=2 flags=0x20883e45)
07-03 20:20:11.542  1958  2022 I PackageManager: Un-granting permission android.permission.SYSTEM_ALERT_WINDOW from package org.telegram.messenger (protectionLevel=1250 flags=0x289bbe44)
07-03 20:20:11.542  1958  2022 I PackageManager: Un-granting permission android.permission.REQUEST_INSTALL_PACKAGES from package org.telegram.messenger (protectionLevel=66 flags=0x289bbe44)
07-03 20:20:11.543  1958  2022 I PackageManager: Un-granting permission android.permission.MANAGE_DOCUMENTS from package app.revanced.android.youtube (protectionLevel=262146 flags=0x30dbbe44)
07-03 20:20:11.543  1958  2022 I PackageManager: Un-granting permission android.permission.SYSTEM_ALERT_WINDOW from package app.revanced.android.youtube (protectionLevel=1250 flags=0x30dbbe44)
07-03 20:20:11.544  1958  2022 I PackageManager: Un-granting permission android.permission.WRITE_SECURE_SETTINGS from package com.antutu.ABenchMark (protectionLevel=50 flags=0x2288be46)
07-03 20:20:11.544  1958  2022 I PackageManager: Un-granting permission android.permission.REQUEST_INSTALL_PACKAGES from package com.whatsapp (protectionLevel=66 flags=0x20cbbe44)
07-03 20:20:11.545  1958  2022 I PackageManager: Un-granting permission android.permission.HIDE_NON_SYSTEM_OVERLAY_WINDOWS from package com.android.companiondevicemanager (protectionLevel=258 flags=0x30c83e45)
07-03 20:20:11.546  1958  2022 I PackageManager: Un-granting permission android.permission.MANAGE_USERS from package com.miui.securitycenter (protectionLevel=18 flags=0x20c9bec5)
07-03 20:20:11.546  1958  2022 I PackageManager: Un-granting permission android.permission.INTERACT_ACROSS_USERS from package com.miui.securitycenter (protectionLevel=50 flags=0x20c9bec5)
07-03 20:20:11.546  1958  2022 I PackageManager: Un-granting permission android.permission.READ_PRIVILEGED_PHONE_STATE from package com.miui.securitycenter (protectionLevel=18 flags=0x20c9bec5)
07-03 20:20:11.546  1958  2022 I PackageManager: Un-granting permission android.permission.WRITE_MEDIA_STORAGE from package ru.zdevs.zarchiver (protectionLevel=18 flags=0x30d8be44)
07-03 20:20:11.546  1958  2022 I PackageManager: Un-granting permission android.permission.REQUEST_INSTALL_PACKAGES from package ru.zdevs.zarchiver (protectionLevel=66 flags=0x30d8be44)
07-03 20:20:11.547  1958  2022 I PackageManager: Un-granting permission android.permission.SYSTEM_ALERT_WINDOW from package com.glgjing.captain (protectionLevel=1250 flags=0x3088be44)
07-03 20:20:11.547  1958  2022 I PackageManager: Un-granting permission android.permission.PACKAGE_USAGE_STATS from package com.glgjing.captain (protectionLevel=114 flags=0x3088be44)
07-03 20:20:11.547  1958  2022 I PackageManager: Un-granting permission android.permission.START_ACTIVITIES_FROM_BACKGROUND from package com.android.soundrecorder (protectionLevel=49682 flags=0x30c83e85)
07-03 20:20:11.548  1958  2022 I PackageManager: Un-granting permission android.permission.WRITE_SETTINGS from package in.mohalla.sharechat (protectionLevel=1218 flags=0x30d8be44)
07-03 20:20:11.548  1958  2022 I PackageManager: Un-granting permission android.permission.SYSTEM_ALERT_WINDOW from package in.mohalla.sharechat (protectionLevel=1250 flags=0x30d8be44)
07-03 20:20:11.548  1958  2022 I PackageManager: Un-granting permission android.permission.REQUEST_INSTALL_PACKAGES from package com.android.providers.downloads.ui (protectionLevel=66 flags=0x30c8be45)
07-03 20:20:11.548  1958  2022 I PackageManager: Un-granting permission android.permission.HIDE_NON_SYSTEM_OVERLAY_WINDOWS from package com.android.vending (protectionLevel=258 flags=0x28cabec5)
07-03 20:20:11.548  1958  2022 I PackageManager: Un-granting permission android.permission.SEND_DOWNLOAD_COMPLETED_INTENTS from package com.android.vending (protectionLevel=2 flags=0x28cabec5)
07-03 20:20:11.550  1958  2022 I PackageManager: Un-granting permission android.permission.SYSTEM_ALERT_WINDOW from package com.hecorat.screenrecorder.free (protectionLevel=1250 flags=0x20c8be44)
07-03 20:20:11.551  1958  2022 I PackageManager: Un-granting permission com.google.android.googleapps.permission.GOOGLE_AUTH.mail from package com.android.contacts (protectionLevel=2 flags=0x38c9be45)
07-03 20:20:11.552  1958  2022 I PackageManager: Un-granting permission android.permission.CHANGE_CONFIGURATION from package com.tiqiaa.remote (protectionLevel=50 flags=0x30c8be44)
07-03 20:20:11.552  1958  2022 I PackageManager: Un-granting permission android.permission.SET_DEBUG_APP from package com.tiqiaa.remote (protectionLevel=50 flags=0x30c8be44)
07-03 20:20:11.552  1958  2022 I PackageManager: Un-granting permission android.permission.WRITE_SETTINGS from package com.tiqiaa.remote (protectionLevel=1218 flags=0x30c8be44)
07-03 20:20:11.552  1958  2022 I PackageManager: Un-granting permission android.permission.DEVICE_POWER from package com.tiqiaa.remote (protectionLevel=2 flags=0x30c8be44)
07-03 20:20:11.552  1958  2022 I PackageManager: Un-granting permission com.android.launcher.permission.READ_SETTINGS from package com.tiqiaa.remote (protectionLevel=18 flags=0x30c8be44)
07-03 20:20:11.552  1958  2022 I PackageManager: Un-granting permission android.permission.INTERACT_ACROSS_USERS_FULL from package com.tiqiaa.remote (protectionLevel=258 flags=0x30c8be44)
07-03 20:20:11.552  1958  2022 I PackageManager: Un-granting permission android.permission.SYSTEM_ALERT_WINDOW from package com.tiqiaa.remote (protectionLevel=1250 flags=0x30c8be44)
07-03 20:20:11.552  1958  2022 I PackageManager: Un-granting permission android.permission.SEND_DOWNLOAD_COMPLETED_INTENTS from package com.tiqiaa.remote (protectionLevel=2 flags=0x30c8be44)
07-03 20:20:11.552  1958  2022 I PackageManager: Un-granting permission android.permission.DUMP from package com.digibites.accubattery (protectionLevel=50 flags=0x20c83e44)
07-03 20:20:11.552  1958  2022 I PackageManager: Un-granting permission android.permission.PACKAGE_USAGE_STATS from package com.digibites.accubattery (protectionLevel=114 flags=0x20c83e44)
07-03 20:20:11.552  1958  2022 I PackageManager: Un-granting permission android.permission.SYSTEM_ALERT_WINDOW from package com.digibites.accubattery (protectionLevel=1250 flags=0x20c83e44)
07-03 20:20:11.552  1958  2022 I PackageManager: Un-granting permission android.permission.START_ACTIVITIES_FROM_BACKGROUND from package com.android.mms (protectionLevel=49682 flags=0x38c9bee5)
07-03 20:20:11.552  1958  2022 I PackageManager: Un-granting permission com.xiaomi.simactivate.service.ACTIVATE_SIM from package com.android.mms (protectionLevel=2 flags=0x38c9bee5)
07-03 20:20:11.552  1958  2022 I PackageManager: Un-granting permission android.permission.WRITE_APN_SETTINGS from package com.android.mms (protectionLevel=18 flags=0x38c9bee5)
07-03 20:20:11.552  1958  2022 I PackageManager: Un-granting permission miui.permission.JOYOSE from package com.android.mms (protectionLevel=2 flags=0x38c9bee5)
07-03 20:20:11.553  1958  2022 I PackageManager: Un-granting permission com.miui.systemAdSolution.LOCAL_AD_PROVIDER from package com.android.mms (protectionLevel=2 flags=0x38c9bee5)
07-03 20:20:11.553  1958  2022 I PackageManager: Un-granting permission com.android.settings.permission.CLOUD_SETTINGS_PROVIDER from package com.android.mms (protectionLevel=18 flags=0x38c9bee5)
07-03 20:20:11.553  1958  2022 I PackageManager: Un-granting permission android.permission.ACCESS_DOWNLOAD_MANAGER frompackage com.microsoft.rdc.android (protectionLevel=18 flags=0x3098be44)
07-03 20:20:11.553  1958  2022 I PackageManager: Un-granting permission android.permission.REQUEST_INSTALL_PACKAGES from package com.apk.editor (protectionLevel=66 flags=0x20c8be44)
07-03 20:20:11.554  1958  2022 I PackageManager: Un-granting permission android.permission.REQUEST_INSTALL_PACKAGES from package com.google.android.gm (protectionLevel=66 flags=0x28dbbec5)
07-03 20:20:11.555  1958  2022 I PackageManager: Un-granting permission com.google.android.providers.gsf.permission.WRITE_GSERVICES from package com.google.android.apps.playconsole (protectionLevel=2 flags=0x2088be44)
07-03 20:20:11.556  1958  2022 I PackageManager: Un-granting permission android.permission.WRITE_SECURE_SETTINGS from package com.android.printspooler (protectionLevel=50 flags=0x38c8be45)
07-03 20:20:11.557  1958  2022 I PackageManager: Un-granting permission android.permission.CHANGE_CONFIGURATION from package com.duokan.phone.remotecontroller (protectionLevel=50 flags=0x20983e44)
07-03 20:20:11.557  1958  2022 I PackageManager: Un-granting permission android.permission.CAPTURE_AUDIO_OUTPUT from package com.duokan.phone.remotecontroller (protectionLevel=18 flags=0x20983e44)
07-03 20:20:11.557  1958  2022 I PackageManager: Un-granting permission com.xiaomi.permission.CLOUD_MANAGER from package com.duokan.phone.remotecontroller (protectionLevel=18 flags=0x20983e44)
07-03 20:20:11.557  1958  2022 I PackageManager: Un-granting permission com.android.launcher.permission.READ_SETTINGS from package com.duokan.phone.remotecontroller (protectionLevel=18 flags=0x20983e44)
07-03 20:20:11.557  1958  2022 I PackageManager: Un-granting permission android.permission.WRITE_SETTINGS from package com.duokan.phone.remotecontroller (protectionLevel=1218 flags=0x20983e44)
07-03 20:20:11.557  1958  2022 I PackageManager: Un-granting permission com.miui.securitycenter.permission.SYSTEM_PERMISSION_DECLARE from package com.duokan.phone.remotecontroller (protectionLevel=18 flags=0x20983e44)
07-03 20:20:11.557  1958  2022 I PackageManager: Un-granting permission android.permission.MOUNT_UNMOUNT_FILESYSTEMS from package com.duokan.phone.remotecontroller (protectionLevel=18 flags=0x20983e44)
07-03 20:20:11.558  1958  2022 I PackageManager: Un-granting permission android.permission.REAL_GET_TASKS from package com.google.android.apps.wellbeing (protectionLevel=18 flags=0x20cbbec5)
07-03 20:20:11.558  1958  2022 I PackageManager: Un-granting permission android.permission.START_TASKS_FROM_RECENTS from package com.google.android.apps.wellbeing (protectionLevel=18 flags=0x20cbbec5)
07-03 20:20:11.558  1958  2022 I PackageManager: Un-granting permission android.permission.MODIFY_DAY_NIGHT_MODE from package com.google.android.apps.wellbeing (protectionLevel=18 flags=0x20cbbec5)
07-03 20:20:11.559  1958  2022 I PackageManager: Un-granting permission android.permission.REQUEST_INSTALL_PACKAGES from package com.google.android.apps.docs (protectionLevel=66 flags=0x28cbbe44)
07-03 20:20:11.559  1958  2022 I PackageManager: Un-granting permission android.permission.SYSTEM_ALERT_WINDOW from package com.frontrow.vlog (protectionLevel=1250 flags=0x38983c44)
07-03 20:20:11.559  1958  2022 I PackageManager: Un-granting permission android.permission.ACCESS_MTP from package com.miui.cloudbackup (protectionLevel=18 flags=0x20d83ec5)
07-03 20:20:11.559  1958  2022 I PackageManager: Un-granting permission android.permission.SYSTEM_ALERT_WINDOW from package com.opera.browser (protectionLevel=1250 flags=0xa4c9be44)
07-03 20:20:11.560  1958  2022 I PackageManager: Un-granting permission android.permission.REQUEST_INSTALL_PACKAGES from package com.opera.browser (protectionLevel=66 flags=0xa4c9be44)
07-03 20:20:11.560  1958  2022 I PackageManager: Un-granting permission android.permission.INTERACT_ACROSS_USERS from package com.google.android.syncadapters.contacts (protectionLevel=50 flags=0x20883e45)
07-03 20:20:11.560  1958  2022 I PackageManager: Un-granting permission android.permission.REQUEST_INSTALL_PACKAGES from package com.android.chrome (protectionLevel=66 flags=0xa0cbbec5)
07-03 20:20:11.561  1958  2022 I PackageManager: Un-granting permission android.permission.SYSTEM_ALERT_WINDOW from package com.teamsmart.videomanager.tv (protectionLevel=1250 flags=0x38d83e44)
07-03 20:20:11.561  1958  2022 I PackageManager: Un-granting permission android.permission.READ_PRIVILEGED_PHONE_STATE from package com.teamsmart.videomanager.tv (protectionLevel=18 flags=0x38d83e44)
07-03 20:20:11.561  1958  2022 I PackageManager: Un-granting permission android.permission.REQUEST_INSTALL_PACKAGES from package com.teamsmart.videomanager.tv (protectionLevel=66 flags=0x38d83e44)
07-03 20:20:11.561  1958  2022 I PackageManager: Un-granting permission android.permission.WRITE_EMBEDDED_SUBSCRIPTIONSfrom package com.google.android.gms (protectionLevel=50 flags=0xa0cabec5)
07-03 20:20:11.561  1958  2022 I PackageManager: Un-granting permission android.permission.CAPTURE_VIDEO_OUTPUT from package com.google.android.gms (protectionLevel=2 flags=0xa0cabec5)
07-03 20:20:11.561  1958  2022 I PackageManager: Un-granting permission android.permission.FORCE_STOP_PACKAGES from package com.google.android.gms (protectionLevel=18 flags=0xa0cabec5)
07-03 20:20:11.561  1958  2022 I PackageManager: Un-granting permission android.permission.MODIFY_DEFAULT_AUDIO_EFFECTSfrom package com.google.android.gms (protectionLevel=18 flags=0xa0cabec5)
07-03 20:20:11.562  1958  2022 I PackageManager: Un-granting permission android.permission.MANAGE_DEVICE_ADMINS from package com.google.android.gms (protectionLevel=2 flags=0xa0cabec5)
07-03 20:20:11.562  1958  2022 I PackageManager: Un-granting permission android.permission.MANAGE_ACTIVITY_STACKS from package com.google.android.gms (protectionLevel=2 flags=0xa0cabec5)
07-03 20:20:11.562  1958  2022 I PackageManager: Un-granting permission android.permission.CAPTURE_SECURE_VIDEO_OUTPUT from package com.google.android.gms (protectionLevel=2 flags=0xa0cabec5)
07-03 20:20:11.562  1958  2022 I PackageManager: Un-granting permission android.permission.MANAGE_ROLLBACKS from package com.google.android.gms (protectionLevel=514 flags=0xa0cabec5)
07-03 20:20:11.562  1958  2022 I PackageManager: Un-granting permission android.permission.MEDIA_CONTENT_CONTROL from package com.google.android.gms (protectionLevel=18 flags=0xa0cabec5)
07-03 20:20:11.562  1958  2022 I PackageManager: Un-granting permission android.permission.HIDE_NON_SYSTEM_OVERLAY_WINDOWS from package com.google.android.gms (protectionLevel=258 flags=0xa0cabec5)
07-03 20:20:11.563  1958  2022 I PackageManager: Un-granting permission android.permission.UPDATE_APP_OPS_STATS from package com.google.android.tts (protectionLevel=274 flags=0x34cbbec5)
07-03 20:20:11.563  1958  2022 I PackageManager: Un-granting permission android.permission.START_ACTIVITIES_FROM_BACKGROUND from package com.google.android.tts (protectionLevel=49682 flags=0x34cbbec5)
07-03 20:20:11.563  1958  2022 I PackageManager: Un-granting permission android.permission.CHANGE_DEVICE_IDLE_TEMP_WHITELIST from package app.revanced.android.gms (protectionLevel=18 flags=0xb088be44)
07-03 20:20:11.563  1958  2022 I PackageManager: Un-granting permission android.permission.UPDATE_APP_OPS_STATS from package app.revanced.android.gms (protectionLevel=274 flags=0xb088be44)
07-03 20:20:11.563  1958  2022 I PackageManager: Un-granting permission android.permission.LOCATION_HARDWARE from package app.revanced.android.gms (protectionLevel=18 flags=0xb088be44)
07-03 20:20:11.563  1958  2022 I PackageManager: Un-granting permission android.permission.INSTALL_LOCATION_PROVIDER from package app.revanced.android.gms (protectionLevel=18 flags=0xb088be44)
07-03 20:20:11.563  1958  2022 I PackageManager: Un-granting permission android.permission.NETWORK_SCAN from package app.revanced.android.gms (protectionLevel=18 flags=0xb088be44)
07-03 20:20:11.563  1958  2022 I PackageManager: Un-granting permission android.permission.MODIFY_PHONE_STATE from package app.revanced.android.gms (protectionLevel=18 flags=0xb088be44)
07-03 20:20:11.563  1958  2022 I PackageManager: Un-granting permission android.permission.SYSTEM_ALERT_WINDOW from package app.revanced.android.gms (protectionLevel=1250 flags=0xb088be44)
07-03 20:20:11.563  1958  2022 I PackageManager: Un-granting permission android.permission.MANAGE_USB from package app.revanced.android.gms (protectionLevel=18 flags=0xb088be44)
07-03 20:20:11.563  1958  2022 I PackageManager: Un-granting permission android.permission.START_ACTIVITIES_FROM_BACKGROUND from package app.revanced.android.gms (protectionLevel=49682 flags=0xb088be44)
07-03 20:20:11.563  1958  2022 I PackageManager: Un-granting permission android.permission.UPDATE_DEVICE_STATS from package app.revanced.android.gms (protectionLevel=18 flags=0xb088be44)
07-03 20:20:11.563  1958  2022 I PackageManager: Un-granting permission android.permission.WATCH_APPOPS from package app.revanced.android.gms (protectionLevel=18 flags=0xb088be44)
07-03 20:20:11.564  1958  2022 I PackageManager: Un-granting permission android.permission.SYSTEM_ALERT_WINDOW from package com.gmail.heagoo.apkeditor.pro (protectionLevel=1250 flags=0x3898be44)
07-03 20:20:11.564  1958  2022 I PackageManager: Un-granting permission android.permission.PACKAGE_USAGE_STATS from package com.gmail.heagoo.apkeditor.pro (protectionLevel=114 flags=0x3898be44)
07-03 20:20:11.564  1958  2022 I PackageManager: Un-granting permission android.permission.REQUEST_INSTALL_PACKAGES from package com.gmail.heagoo.apkeditor.pro (protectionLevel=66 flags=0x3898be44)
07-03 20:20:11.566  1958  2022 I PackageManager: Un-granting permission android.permission.WRITE_SETTINGS from package com.jio.myjio (protectionLevel=1218 flags=0x38d83e44)
07-03 20:20:11.566  1958  2022 I PackageManager: Un-granting permission android.permission.INTERACT_ACROSS_USERS from package com.jio.myjio (protectionLevel=50 flags=0x38d83e44)
07-03 20:20:11.566  1958  2022 I PackageManager: Un-granting permission android.permission.READ_PRIVILEGED_PHONE_STATE from package com.jio.myjio (protectionLevel=18 flags=0x38d83e44)
07-03 20:20:11.566  1958  2022 I PackageManager: Un-granting permission android.permission.CAPTURE_VIDEO_OUTPUT from package com.jio.myjio (protectionLevel=2 flags=0x38d83e44)
07-03 20:20:11.566  1958  2022 I PackageManager: Un-granting permission android.permission.BROADCAST_SMS from package com.jio.myjio (protectionLevel=2 flags=0x38d83e44)
07-03 20:20:11.566  1958  2022 I PackageManager: Un-granting permission android.permission.SYSTEM_ALERT_WINDOW from package com.google.android.apps.photos (protectionLevel=1250 flags=0x38dbbe44)
07-03 20:20:11.566  1958  2022 I PackageManager: Un-granting permission android.permission.WRITE_SETTINGS from package com.google.android.apps.photos (protectionLevel=1218 flags=0x38dbbe44)
07-03 20:20:11.566  1958  2022 I PackageManager: Un-granting permission android.permission.WRITE_MEDIA_STORAGE from package com.google.android.apps.photos (protectionLevel=18 flags=0x38dbbe44)
07-03 20:20:11.567  1958  2022 I PackageManager: Un-granting permission android.permission.SYSTEM_ALERT_WINDOW from package com.wondershare.filmorago (protectionLevel=1250 flags=0x38d83e44)
07-03 20:20:11.567  1958  2022 I PackageManager: Un-granting permission com.android.launcher.permission.READ_SETTINGS from package com.wondershare.filmorago (protectionLevel=18 flags=0x38d83e44)
07-03 20:20:11.567  1958  2022 I PackageManager: Un-granting permission com.android.launcher.permission.WRITE_SETTINGS from package com.wondershare.filmorago (protectionLevel=18 flags=0x38d83e44)
07-03 20:20:11.567  1958  2022 I PackageManager: Un-granting permission android.permission.SYSTEM_ALERT_WINDOW from package com.dv.adm (protectionLevel=1250 flags=0x2888be44)
07-03 20:20:11.568  1958  2022 I PackageManager: Un-granting permission android.permission.WRITE_SETTINGS from package com.valvesoftware.android.steam.community (protectionLevel=1218 flags=0x20883e44)
07-03 20:20:11.568  1958  2022 I PackageManager: Un-granting permission android.permission.REQUEST_INSTALL_PACKAGES from package com.yablio.sendfilestotv (protectionLevel=66 flags=0x30c8be44)
07-03 20:20:11.568  1958  2022 I PackageManager: Un-granting permission android.permission.REQUEST_INSTALL_PACKAGES from package org.mozilla.firefox (protectionLevel=66 flags=0x38c83e44)
07-03 20:20:11.569  1958  2022 I PackageManager: Un-granting permission android.permission.SYSTEM_ALERT_WINDOW from package com.google.android.apps.translate (protectionLevel=1250 flags=0x34c9be44)
07-03 20:20:11.570  1958  2022 I PackageManager: Un-granting permission miui.permission.EXTRA_NETWORK from package com.miui.weather2 (protectionLevel=18 flags=0x30c9bec5)
07-03 20:20:11.571  1958  2022 I PackageManager: Un-granting permission com.miui.securitycenter.permission.SYSTEM_PERMISSION_DECLARE from package com.miui.weather2 (protectionLevel=18 flags=0x30c9bec5)
