07-03 20:27:43.532  1958  2022 I PackageManager: Un-granting permission android.permission.START_ACTIVITIES_FROM_BACKGROUND from package com.google.android.tts (protectionLevel=49682 flags=0x34cbbec5)
07-03 20:27:43.532  1958  2022 I PackageManager: Un-granting permission android.permission.CHANGE_DEVICE_IDLE_TEMP_WHITELIST from package app.revanced.android.gms (protectionLevel=18 flags=0xb088be44)
07-03 20:27:43.532  1958  2022 I PackageManager: Un-granting permission android.permission.UPDATE_APP_OPS_STATS from package app.revanced.android.gms (protectionLevel=274 flags=0xb088be44)
07-03 20:27:43.532  1958  2022 I PackageManager: Un-granting permission android.permission.LOCATION_HARDWARE from package app.revanced.android.gms (protectionLevel=18 flags=0xb088be44)
07-03 20:27:43.532  1958  2022 I PackageManager: Un-granting permission android.permission.INSTALL_LOCATION_PROVIDER from package app.revanced.android.gms (protectionLevel=18 flags=0xb088be44)
07-03 20:27:43.532  1958  2022 I PackageManager: Un-granting permission android.permission.NETWORK_SCAN from package app.revanced.android.gms (protectionLevel=18 flags=0xb088be44)
07-03 20:27:43.532  1958  2022 I PackageManager: Un-granting permission android.permission.MODIFY_PHONE_STATE from package app.revanced.android.gms (protectionLevel=18 flags=0xb088be44)
07-03 20:27:43.532  1958  2022 I PackageManager: Un-granting permission android.permission.SYSTEM_ALERT_WINDOW from package app.revanced.android.gms (protectionLevel=1250 flags=0xb088be44)
07-03 20:27:43.532  1958  2022 I PackageManager: Un-granting permission android.permission.MANAGE_USB from package app.revanced.android.gms (protectionLevel=18 flags=0xb088be44)
07-03 20:27:43.532  1958  2022 I PackageManager: Un-granting permission android.permission.START_ACTIVITIES_FROM_BACKGROUND from package app.revanced.android.gms (protectionLevel=49682 flags=0xb088be44)
07-03 20:27:43.532  1958  2022 I PackageManager: Un-granting permission android.permission.UPDATE_DEVICE_STATS from package app.revanced.android.gms (protectionLevel=18 flags=0xb088be44)
07-03 20:27:43.532  1958  2022 I PackageManager: Un-granting permission android.permission.WATCH_APPOPS from package app.revanced.android.gms (protectionLevel=18 flags=0xb088be44)
07-03 20:27:43.533  1958  2022 I PackageManager: Un-granting permission android.permission.SYSTEM_ALERT_WINDOW from package com.gmail.heagoo.apkeditor.pro (protectionLevel=1250 flags=0x3898be44)
07-03 20:27:43.533  1958  2022 I PackageManager: Un-granting permission android.permission.PACKAGE_USAGE_STATS from package com.gmail.heagoo.apkeditor.pro (protectionLevel=114 flags=0x3898be44)
07-03 20:27:43.533  1958  2022 I PackageManager: Un-granting permission android.permission.REQUEST_INSTALL_PACKAGES from package com.gmail.heagoo.apkeditor.pro (protectionLevel=66 flags=0x3898be44)
07-03 20:27:43.535  1958  2022 I PackageManager: Un-granting permission android.permission.WRITE_SETTINGS from package com.jio.myjio (protectionLevel=1218 flags=0x38d83e44)
07-03 20:27:43.535  1958  2022 I PackageManager: Un-granting permission android.permission.INTERACT_ACROSS_USERS from package com.jio.myjio (protectionLevel=50 flags=0x38d83e44)
07-03 20:27:43.535  1958  2022 I PackageManager: Un-granting permission android.permission.READ_PRIVILEGED_PHONE_STATE from package com.jio.myjio (protectionLevel=18 flags=0x38d83e44)
07-03 20:27:43.535  1958  2022 I PackageManager: Un-granting permission android.permission.CAPTURE_VIDEO_OUTPUT from package com.jio.myjio (protectionLevel=2 flags=0x38d83e44)
07-03 20:27:43.535  1958  2022 I PackageManager: Un-granting permission android.permission.BROADCAST_SMS from package com.jio.myjio (protectionLevel=2 flags=0x38d83e44)
07-03 20:27:43.535  1958  2022 I PackageManager: Un-granting permission android.permission.SYSTEM_ALERT_WINDOW from package com.google.android.apps.photos (protectionLevel=1250 flags=0x38dbbe44)
07-03 20:27:43.535  1958  2022 I PackageManager: Un-granting permission android.permission.WRITE_SETTINGS from package com.google.android.apps.photos (protectionLevel=1218 flags=0x38dbbe44)
07-03 20:27:43.535  1958  2022 I PackageManager: Un-granting permission android.permission.WRITE_MEDIA_STORAGE from package com.google.android.apps.photos (protectionLevel=18 flags=0x38dbbe44)
07-03 20:27:43.536  1958  2022 I PackageManager: Un-granting permission android.permission.SYSTEM_ALERT_WINDOW from package com.wondershare.filmorago (protectionLevel=1250 flags=0x38d83e44)
07-03 20:27:43.536  1958  2022 I PackageManager: Un-granting permission com.android.launcher.permission.READ_SETTINGS from package com.wondershare.filmorago (protectionLevel=18 flags=0x38d83e44)
07-03 20:27:43.536  1958  2022 I PackageManager: Un-granting permission com.android.launcher.permission.WRITE_SETTINGS from package com.wondershare.filmorago (protectionLevel=18 flags=0x38d83e44)
07-03 20:27:43.536  1958  2022 I PackageManager: Un-granting permission android.permission.SYSTEM_ALERT_WINDOW from package com.dv.adm (protectionLevel=1250 flags=0x2888be44)
07-03 20:27:43.537  1958  2022 I PackageManager: Un-granting permission android.permission.WRITE_SETTINGS from package com.valvesoftware.android.steam.community (protectionLevel=1218 flags=0x20883e44)
07-03 20:27:43.537  1958  2022 I PackageManager: Un-granting permission android.permission.REQUEST_INSTALL_PACKAGES from package com.yablio.sendfilestotv (protectionLevel=66 flags=0x30c8be44)
07-03 20:27:43.537  1958  2022 I PackageManager: Un-granting permission android.permission.REQUEST_INSTALL_PACKAGES from package org.mozilla.firefox (protectionLevel=66 flags=0x38c83e44)
07-03 20:27:43.537  1958  2022 I PackageManager: Un-granting permission android.permission.SYSTEM_ALERT_WINDOW from package com.google.android.apps.translate (protectionLevel=1250 flags=0x34c9be44)
07-03 20:27:43.539  1958  2022 I PackageManager: Un-granting permission miui.permission.EXTRA_NETWORK from package com.miui.weather2 (protectionLevel=18 flags=0x30c9bec5)
07-03 20:27:43.539  1958  2022 I PackageManager: Un-granting permission com.miui.securitycenter.permission.SYSTEM_PERMISSION_DECLARE from package com.miui.weather2 (protectionLevel=18 flags=0x30c9bec5)
07-03 20:27:43.539  1958  2022 I PackageManager: Un-granting permission com.miui.bugreport.permission.DUMP_CACHED_LOG from package com.miui.weather2 (protectionLevel=2 flags=0x30c9bec5)
07-03 20:27:43.539  1958  2022 I PackageManager: Un-granting permission com.google.android.finsky.permission.GEARHEAD_SERVICE from package com.google.android.projection.gearhead (protectionLevel=18 flags=0x2888bec5)
07-03 20:27:43.539  1958  2022 I PackageManager: Un-granting permission android.permission.CHANGE_COMPONENT_ENABLED_STATE from package com.google.android.projection.gearhead (protectionLevel=18 flags=0x2888bec5)
07-03 20:27:43.539  1958  2022 I PackageManager: Un-granting permission android.permission.UPDATE_APP_OPS_STATS from package com.google.android.projection.gearhead (protectionLevel=274 flags=0x2888bec5)
07-03 20:27:43.539  1958  2022 I PackageManager: Un-granting permission android.permission.POWER_SAVER from package com.google.android.projection.gearhead (protectionLevel=18 flags=0x2888bec5)
07-03 20:27:43.539  1958  2022 I PackageManager: Un-granting permission android.permission.TETHER_PRIVILEGED from package com.google.android.projection.gearhead (protectionLevel=18 flags=0x2888bec5)
07-03 20:27:43.539  1958  2022 I PackageManager: Un-granting permission android.permission.INTERACT_ACROSS_PROFILES from package com.google.android.projection.gearhead (protectionLevel=18 flags=0x2888bec5)
07-03 20:27:43.539  1958  2022 I PackageManager: Un-granting permission android.permission.CAPTURE_SECURE_VIDEO_OUTPUT from package com.google.android.projection.gearhead (protectionLevel=2 flags=0x2888bec5)
07-03 20:27:43.540  1958  2022 I PackageManager: Un-granting permission android.permission.MANAGE_DOCUMENTS from package cn.xender (protectionLevel=262146 flags=0x30d83e44)
07-03 20:27:43.540  1958  2022 I PackageManager: Un-granting permission android.permission.MOUNT_UNMOUNT_FILESYSTEMS from package cn.xender (protectionLevel=18 flags=0x30d83e44)
07-03 20:27:43.540  1958  2022 I PackageManager: Un-granting permission android.permission.NETWORK_STACK from package cn.xender (protectionLevel=2 flags=0x30d83e44)
07-03 20:27:43.540  1958  2022 I PackageManager: Un-granting permission android.permission.SYSTEM_ALERT_WINDOW from package cn.xender (protectionLevel=1250 flags=0x30d83e44)
07-03 20:27:43.540  1958  2022 I PackageManager: Un-granting permission android.permission.WRITE_SETTINGS from package cn.xender (protectionLevel=1218 flags=0x30d83e44)
07-03 20:27:43.540  1958  2022 I PackageManager: Un-granting permission android.permission.CHANGE_CONFIGURATION from package cn.xender (protectionLevel=50 flags=0x30d83e44)
07-03 20:27:43.540  1958  2022 I PackageManager: Un-granting permission android.permission.REQUEST_INSTALL_PACKAGES from package cn.xender (protectionLevel=66 flags=0x30d83e44)
07-03 20:27:43.540  1958  2022 I PackageManager: Un-granting permission com.android.launcher.permission.READ_SETTINGS from package cn.xender (protectionLevel=18 flags=0x30d83e44)
07-03 20:27:43.540  1958  2022 I PackageManager: Un-granting permission com.android.launcher.permission.WRITE_SETTINGS from package cn.xender (protectionLevel=18 flags=0x30d83e44)
07-03 20:27:43.540  1958  2022 I PackageManager: Un-granting permission com.google.android.googleapps.permission.GOOGLE_AUTH.mail from package com.xiaomi.calendar (protectionLevel=2 flags=0x38c9bec5)
07-03 20:27:43.542  1958  2022 I PackageManager: Un-granting permission android.permission.SYSTEM_ALERT_WINDOW from package com.iprototypes.volume (protectionLevel=1250 flags=0x3088be44)
07-03 20:27:43.543  1958  2022 I PackageManager: Un-granting permission android.permission.REQUEST_INSTALL_PACKAGES from package com.wondershare.drfone.link (protectionLevel=66 flags=0x30c8be44)
07-03 20:27:43.543  1958  2022 I PackageManager: Un-granting permission android.permission.ACCESS_MOCK_LOCATION from package com.wondershare.drfone.link (protectionLevel=2 flags=0x30c8be44)
07-03 20:27:43.543  1958  2022 I PackageManager: Un-granting permission android.permission.WRITE_SETTINGS from package com.wondershare.drfone.link (protectionLevel=1218 flags=0x30c8be44)
07-03 20:27:43.543  1958  2022 I PackageManager: Un-granting permission android.permission.DEVICE_POWER from package com.wondershare.drfone.link (protectionLevel=2 flags=0x30c8be44)
07-03 20:27:43.543  1958  2022 I PackageManager: Un-granting permission android.permission.MOUNT_UNMOUNT_FILESYSTEMS from package com.wondershare.drfone.link (protectionLevel=18 flags=0x30c8be44)
07-03 20:27:43.543  1958  2022 I PackageManager: Un-granting permission android.permission.INSTALL_PACKAGES from package com.wondershare.drfone.link (protectionLevel=18 flags=0x30c8be44)
07-03 20:27:43.543  1958  2022 I PackageManager: Un-granting permission android.permission.DELETE_PACKAGES from packagecom.wondershare.drfone.link (protectionLevel=18 flags=0x30c8be44)
07-03 20:27:43.543  1958  2022 I PackageManager: Un-granting permission android.permission.CLEAR_APP_CACHE from packagecom.wondershare.drfone.link (protectionLevel=18 flags=0x30c8be44)
07-03 20:27:43.543  1958  2022 I PackageManager: Un-granting permission com.android.launcher.permission.READ_SETTINGS from package com.wondershare.drfone.link (protectionLevel=18 flags=0x30c8be44)
07-03 20:27:43.543  1958  2022 I PackageManager: Un-granting permission android.permission.UPDATE_DEVICE_STATS from package com.wondershare.drfone.link (protectionLevel=18 flags=0x30c8be44)
07-03 20:27:43.543  1958  2022 I PackageManager: Un-granting permission android.permission.MODIFY_PHONE_STATE from package com.wondershare.drfone.link (protectionLevel=18 flags=0x30c8be44)
07-03 20:27:43.544  1958  2022 I PackageManager: Un-granting permission android.permission.SYSTEM_ALERT_WINDOW from package info.kfsoft.force.rotation (protectionLevel=1250 flags=0x20883e44)
07-03 20:27:43.544  1958  2022 I PackageManager: Un-granting permission android.permission.PACKAGE_USAGE_STATS from package info.kfsoft.force.rotation (protectionLevel=114 flags=0x20883e44)
07-03 20:27:43.545  1958  2022 I PackageManager: Un-granting permission com.xiaomi.permission.CLOUD_MANAGER from package com.mipay.wallet.in (protectionLevel=18 flags=0x38c83e45)
07-03 20:27:43.545  1958  2022 I PackageManager: Un-granting permission android.permission.REQUEST_INSTALL_PACKAGES from package com.mipay.wallet.in (protectionLevel=66 flags=0x38c83e45)
07-03 20:27:43.545  1958  2022 I PackageManager: Un-granting permission android.permission.READ_PRIVILEGED_PHONE_STATE from package com.miui.core (protectionLevel=18 flags=0x28883e05)
07-03 20:27:43.546  1958  2022 I PackageManager: Un-granting permission android.permission.INTERACT_ACROSS_PROFILES from package com.google.android.inputmethod.latin (protectionLevel=18 flags=0x20cabec5)
07-03 20:27:51.253  1958  2022 W BpBinder: Slow Binder: BpBinder transact took 7539ms, interface=android.os.IInstalld, code=14 oneway=false
07-03 20:27:51.255  1958  2022 W Looper  : Slow Looper PackageManager: Long Msg: seq=2324 plan=20:27:43.217  late=0ms wall=8038ms running=182ms runnable=6ms io=284ms h=com.android.server.pm.PackageManagerService$PackageHandler c=com.android.server.pm.-$$Lambda$PackageManagerService$6_Yp7BSB4TgtrWSoFlODKgHIvZY
07-03 20:27:51.256  1958  2022 I InstallationStatistic: com.BHG.gurbani|null|10114|693|114|1247|0|7542
07-03 20:27:51.256  1958  2022 W PackageManager: Cannot whitelist unknown permission: android.permission.ACCESS_ADSERVICES_ATTRIBUTION
07-03 20:27:51.256  1958  2022 W PackageManager: Cannot whitelist unknown permission: android.permission.ACCESS_ADSERVICES_AD_ID
07-03 20:27:51.273  1958  2022 I ActivityManager: Force stopping com.BHG.gurbani appid=10776 user=0: pkg removed
07-03 20:27:51.273  1958  2022 I AutoStartManagerService: MIUILOG- Reject RestartService packageName :com.BHG.gurbani uid : 10776
07-03 20:27:51.274 26215  4854 W BpBinder: Slow Binder: BpBinder transact took 10427ms, interface=android.content.pm.IPackageManager, code=1598246212 oneway=false
07-03 20:27:51.287  1958  2010 W BroadcastQueue: Background execution not allowed: receiving Intent { act=android.intent.action.PACKAGE_REMOVED dat=package:com.BHG.gurbani flg=0x4000010 (has extras) } to com.lbe.security.miui/com.lbe.security.service.BootReceiver
07-03 20:27:51.287  1958  2010 W BroadcastQueue: Background execution not allowed: receiving Intent { act=android.intent.action.PACKAGE_REMOVED dat=package:com.BHG.gurbani flg=0x4000010 (has extras) } to com.android.settings/.search.provider.UpdateReceiver
07-03 20:27:51.287  1958  2010 W BroadcastQueue: Background execution not allowed: receiving Intent { act=android.intent.action.PACKAGE_REMOVED dat=package:com.BHG.gurbani flg=0x4000010 (has extras) } to com.android.vending/com.google.android.finsky.packagemonitor.impl.PackageMonitorReceiverImpl$RegisteredReceiver
07-03 20:27:51.302  1958  2010 W BroadcastQueue: Background execution not allowed: receiving Intent { act=android.intent.action.PACKAGE_REMOVED dat=package:com.BHG.gurbani flg=0x4000010 (has extras) } to com.android.vending/com.google.android.finsky.packagemonitor.backgroundimpl.BackgroundPackageMonitorReceiverImpl$RegisteredReceiver
07-03 20:27:51.303  1958  2010 W BroadcastQueue: Background execution not allowed: receiving Intent { act=android.intent.action.PACKAGE_REMOVED dat=package:com.BHG.gurbani flg=0x4000010 (has extras) } to com.android.vending/com.google.android.finsky.instantapps.appmanagement.InstantAppRemoveMonitor
07-03 20:27:51.303  1958  2010 W BroadcastQueue: Background execution not allowed: receiving Intent { act=android.intent.action.PACKAGE_REMOVED dat=package:com.BHG.gurbani flg=0x4000010 (has extras) } to com.google.android.apps.maps/com.google.android.libraries.social.peoplekit.thirdparty.viewcontrollers.ThirdPartyReceiver
07-03 20:27:51.303  1958  2010 W BroadcastQueue: Background execution not allowed: receiving Intent { act=android.intent.action.PACKAGE_REMOVED dat=package:com.BHG.gurbani flg=0x4000010 (has extras) } to com.google.android.gms/.chimera.GmsIntentOperationService$PersistentTrustedReceiver
07-03 20:27:51.303  1958  2010 W BroadcastQueue: Background execution not allowed: receiving Intent { act=android.intent.action.PACKAGE_REMOVED dat=package:com.BHG.gurbani flg=0x4000010 (has extras) } to com.google.android.gms/.games.chimera.GamesSystemBroadcastReceiverProxy
07-03 20:27:51.350  1958  2132 I MiuiCompatModePackages: package com.BHG.gurbani updated, removing config
07-03 20:27:51.361  1958  5090 W LocationProviderProxy: Odd, no component found for service com.android.location.service.v3.NetworkLocationProvider
07-03 20:27:51.363  1958  2010 W BroadcastQueue: Background execution not allowed: receiving Intent { act=android.intent.action.PACKAGE_REMOVED dat=package:com.BHG.gurbani flg=0x4000010 (has extras) } to com.miui.audioeffect/com.android.musicfx.Compatibility$Receiver
07-03 20:27:51.396  1958  2011 I ActivityManager: Start proc 4940:com.android.keychain/1000 for service {com.android.keychain/com.android.keychain.KeyChainService} caller=android
07-03 20:27:51.408  1958  2010 W BroadcastQueue: Background execution not allowed: receiving Intent { act=android.intent.action.PACKAGE_REMOVED dat=package:com.BHG.gurbani flg=0x4000010 (has extras) } to com.xiaomi.discover/com.xiaomi.market.data.MyPackageMonitor
07-03 20:27:51.408  1958  2010 W BroadcastQueue: Background execution not allowed: receiving Intent { act=android.intent.action.PACKAGE_REMOVED dat=package:com.BHG.gurbani flg=0x4000010 (has extras) } to com.xiaomi.mipicks/com.xiaomi.market.data.MyPackageMonitor
07-03 20:27:51.408  1958  2010 W BroadcastQueue: Background execution not allowed: receiving Intent { act=android.intent.action.PACKAGE_REMOVED dat=package:com.BHG.gurbani flg=0x4000010 (has extras) } to com.xiaomi.misettings/.usagestats.AppTimerReceiver
07-03 20:27:51.408  1958  2010 W BroadcastQueue: Background execution not allowed: receiving Intent { act=android.intent.action.PACKAGE_REMOVED dat=package:com.BHG.gurbani flg=0x4000010 (has extras) } to app.revanced.android.gms/org.microg.gms.gcm.UnregisterReceiver
07-03 20:27:51.409  1958  2010 W BroadcastQueue: Background execution not allowed: receiving Intent { act=android.intent.action.PACKAGE_REMOVED dat=package:com.BHG.gurbani flg=0x4000010 (has extras) } to com.google.android.apps.photos/com.google.android.libraries.social.peoplekit.thirdparty.viewcontrollers.ThirdPartyReceiver
07-03 20:27:51.409  1958  2010 W BroadcastQueue: Background execution not allowed: receiving Intent { act=android.intent.action.PACKAGE_REMOVED dat=package:com.BHG.gurbani flg=0x4000010 (has extras) } to com.jio.myjio/com.inn.passivesdk.receiver.PackageReceiver
07-03 20:27:51.445  1958  2010 W BroadcastQueue: Background execution not allowed: receiving Intent { act=android.intent.action.PACKAGE_ADDED dat=package:com.BHG.gurbani flg=0x4000010 (has extras) } to com.lbe.security.miui/com.lbe.security.service.BootReceiver
07-03 20:27:51.447  1958  2010 W BroadcastQueue: Background execution not allowed: receiving Intent { act=android.intent.action.PACKAGE_ADDED dat=package:com.BHG.gurbani flg=0x4000010 (has extras) } to com.msf.kbank.mobile/com.cv.sdk.receiver.EventReceiver
07-03 20:27:51.452  1958  2011 I ActivityManager: Start proc 4964:com.miui.global.packageinstaller/u0a162 for service {com.miui.global.packageinstaller/com.miui.global.packageinstaller.service.ScanDispatchService} caller=com.miui.securitycenter
07-03 20:27:51.455  1958  2010 W BroadcastQueue: Background execution not allowed: receiving Intent { act=android.intent.action.PACKAGE_ADDED dat=package:com.BHG.gurbani flg=0x4000010 (has extras) } to com.google.android.packageinstaller/com.android.packageinstaller.PackageInstalledReceiver
07-03 20:27:51.479  1958  2010 W BroadcastQueue: Background execution not allowed: receiving Intent { act=android.intent.action.PACKAGE_ADDED dat=package:com.BHG.gurbani flg=0x4000010 (has extras) } to com.android.settings/.search.provider.UpdateReceiver
07-03 20:27:51.495  1958  2010 W BroadcastQueue: Background execution not allowed: receiving Intent { act=android.intent.action.PACKAGE_ADDED dat=package:com.BHG.gurbani flg=0x4000010 (has extras) } to com.android.vending/com.google.android.finsky.packagemonitor.impl.PackageMonitorReceiverImpl$RegisteredReceiver
07-03 20:27:51.496  1958  2010 W BroadcastQueue: Background execution not allowed: receiving Intent { act=android.intent.action.PACKAGE_ADDED dat=package:com.BHG.gurbani flg=0x4000010 (has extras) } to com.android.vending/com.google.android.finsky.packagemonitor.backgroundimpl.BackgroundPackageMonitorReceiverImpl$RegisteredReceiver
07-03 20:27:51.506  1958  2010 W BroadcastQueue: Background execution not allowed: receiving Intent { act=android.intent.action.PACKAGE_ADDED dat=package:com.BHG.gurbani flg=0x4000010 (has extras) } to com.facebook.appmanager/com.facebook.oxygen.common.packages.event.manifest.ManifestPackageEventReceiver
07-03 20:27:51.508  1958  2010 W BroadcastQueue: Background execution not allowed: receiving Intent { act=android.intent.action.PACKAGE_ADDED dat=package:com.BHG.gurbani flg=0x4000010 (has extras) } to com.google.android.gms/.chimera.GmsIntentOperationService$PersistentTrustedReceiver
07-03 20:27:51.509  1958  2010 W BroadcastQueue: Background execution not allowed: receiving Intent { act=android.intent.action.PACKAGE_ADDED dat=package:com.BHG.gurbani flg=0x4000010 (has extras) } to com.google.android.gms/.games.chimera.GamesSystemBroadcastReceiverProxy
07-03 20:27:51.509  1958  2010 W BroadcastQueue: Background execution not allowed: receiving Intent { act=android.intent.action.PACKAGE_ADDED dat=package:com.BHG.gurbani flg=0x4000010 (has extras) } to com.google.android.gms/.gass.chimera.PackageChangeBroadcastReceiver
07-03 20:27:51.509  1958  2010 W BroadcastQueue: Background execution not allowed: receiving Intent { act=android.intent.action.PACKAGE_ADDED dat=package:com.BHG.gurbani flg=0x4000010 (has extras) } to com.miui.audioeffect/com.android.musicfx.Compatibility$Receiver
07-03 20:27:51.509  1958  2010 W BroadcastQueue: Background execution not allowed: receiving Intent { act=android.intent.action.PACKAGE_ADDED dat=package:com.BHG.gurbani flg=0x4000010 (has extras) } to com.xiaomi.discover/com.xiaomi.market.data.MyPackageMonitor
07-03 20:27:51.510  1958  2010 W BroadcastQueue: Background execution not allowed: receiving Intent { act=android.intent.action.PACKAGE_ADDED dat=package:com.BHG.gurbani flg=0x4000010 (has extras) } to com.xiaomi.mipicks/com.xiaomi.market.data.MyPackageMonitor
07-03 20:27:51.510  1958  2010 W BroadcastQueue: Background execution not allowed: receiving Intent { act=android.intent.action.PACKAGE_ADDED dat=package:com.BHG.gurbani flg=0x4000010 (has extras) } to com.xiaomi.misettings/.usagestats.AppTimerReceiver
07-03 20:27:51.512  1958  2010 W BroadcastQueue: Background execution not allowed: receiving Intent { act=android.intent.action.PACKAGE_ADDED dat=package:com.BHG.gurbani flg=0x4000010 (has extras) } to com.dv.adm/com.appodeal.ads.AppodealPackageAddedReceiver
07-03 20:27:51.512  1958  2010 W BroadcastQueue: Background execution not allowed: receiving Intent { act=android.intent.action.PACKAGE_ADDED dat=package:com.BHG.gurbani flg=0x4000010 (has extras) } to com.jio.myjio/com.inn.passivesdk.receiver.PackageReceiver
07-03 20:27:51.574  1958  2011 I ActivityManager: Start proc 4991:com.android.vending/u0a175 for broadcast {com.android.vending/com.google.android.finsky.packagemonitor.impl.PackageMonitorReceiverImpl$RegisteredReceiver} caller=null
07-03 20:27:51.576  1958  1993 W Looper  : Slow delivery took 205ms android.fg h=android.os.Handler c=<recycled PooledLambda@8bd7af2> m=0
07-03 20:27:51.667  1958  1993 W Looper  : Drained
07-03 20:27:51.921  4964  5073 I Ad      : isPersonalizedAdEnabled getAdSettings: 3
07-03 20:27:52.450  1958  2090 W BaseMiuiPhoneWindowManager: keyCode:23 down:true eventTime:117994693 downTime:117994693 policyFlags:2000000 flags:8 deviceId:0 isScreenOn:false keyguardActive:true repeatCount:0
07-03 20:27:52.450  1958  2090 I PowerManagerService: Waking up from Asleep (uid=1000, reason=WAKE_REASON_UNKNOWN, details=miui.policy:FINGERPRINT_DPAD_CENTER)...
07-03 20:27:52.454  1958  2017 I DisplayPowerController: Blocking screen on until initial contents have been drawn.
07-03 20:27:52.469  1958  2017 I WindowManager: Screen turning on...
07-03 20:27:52.488  1958  1996 I DisplayManagerService: Display device changed state: "Built-in Screen", ON
07-03 20:27:52.507  2181  5774 W KeyguardViewMediator: notifyScreenOn
07-03 20:27:52.603  1958  1958 W Looper  : Slow Looper main: Long Msg: seq=402612 plan=20:27:51.341  late=7ms wall=1254ms running=83ms runnable=14ms io=476ms h=android.app.ActivityThread$H c=android.app.-$$Lambda$LoadedApk$ReceiverDispatcher$Args$_BumDX2UKsnxLVrE6UJsJZkotuA
07-03 20:27:52.603  1958  1958 W Looper  : Slow dispatch took 1254ms main h=android.app.ActivityThread$H c=android.app.-$$Lambda$LoadedApk$ReceiverDispatcher$Args$_BumDX2UKsnxLVrE6UJsJZkotuA@561aec5 m=0
07-03 20:27:52.603  1958  1958 W Looper  : Slow delivery took 1256ms main h=android.app.ActivityThread$H c=android.app.-$$Lambda$LoadedApk$ReceiverDispatcher$Args$_BumDX2UKsnxLVrE6UJsJZkotuA@f35a01a m=0
07-03 20:27:52.661  2181  2181 W KeyguardViewMediator: handleNotifyScreenTurningOn
07-03 20:27:52.661  2181  2181 W KeyguardViewMediator: notifyDrawn
07-03 20:27:52.662  1958  5269 I WindowManager: mKeyguardDelegate.ShowListener.onDrawn.
07-03 20:27:52.663  1958  1994 W WindowManager: Setting mKeyguardDrawComplete
07-03 20:27:52.663  1958  1994 I WindowManager: All windows ready for display!
07-03 20:27:52.663  1958  1994 W WindowManager: Setting mWindowManagerDrawComplete
07-03 20:27:52.668  1958  1994 I WindowManager: Finished screen turning on...
07-03 20:27:52.668  1958  2017 I DisplayPowerController: Unblocked screen on after 215 ms
07-03 20:27:52.669  1958  2017 W PowerManagerService: Screen on took 219 ms
07-03 20:27:52.711  4964  5092 W BpBinder: Slow Binder: BpBinder transact took 639ms, interface=android.content.IContentProvider, code=1 oneway=false
07-03 20:27:52.821  1958  2090 W BaseMiuiPhoneWindowManager: keyCode:23 down:false eventTime:117995067 downTime:117994693 policyFlags:22000000 flags:8 deviceId:0 isScreenOn:true keyguardActive:true repeatCount:0
07-03 20:27:53.003  1958  1958 W Looper  : Slow dispatch took 396ms main h=android.app.ActivityThread$H c=android.app.-$$Lambda$LoadedApk$ReceiverDispatcher$Args$_BumDX2UKsnxLVrE6UJsJZkotuA@bbedddf m=0
07-03 20:27:53.003  1958  1958 I Telecom : DefaultDialerCache: Refreshing default dialer for user 0: now com.android.contacts: DDC.oR@CUI
07-03 20:27:53.111  1958  1958 W UsageStatsService: Event reported without a package name, eventType:15
07-03 20:27:53.114  1958  1958 I WindowManager: Started waking up... (why=ON_BECAUSE_OF_UNKNOWN)
07-03 20:27:53.135  2181  2181 I miui_face: start face unlock
07-03 20:27:53.137  2181  2924 I miui_face: start verify time=2
07-03 20:27:53.144  1958  1958 I WindowManager: Finished waking up... (why=ON_BECAUSE_OF_UNKNOWN)
07-03 20:27:53.159  1958  1958 W Looper  : Drained
07-03 20:27:53.174  1958  2014 E BatteryExternalStatsWorker: no controller energy info supplied for bluetooth
07-03 20:27:53.300  2181  2181 E miui_face: start face unlock fail ,faceDetectTypeForCamera=1
07-03 20:27:53.752  1958  3417 E NotificationService: Suppressing notification from package by user request.
07-03 20:27:53.822  1958  2014 E BatteryExternalStatsWorker: no controller energy info supplied for bluetooth
07-03 20:27:53.927  1958  2011 I ActivityManager: Start proc 5380:com.google.android.webview:sandboxed_process0:org.chromium.content.app.SandboxedProcessService0:0/u0i285 for  {com.miui.global.packageinstaller/org.chromium.content.app.SandboxedProcessService0:0} caller=com.miui.global.packageinstaller
07-03 20:27:53.944  4027  4215 W BpBinder: Slow Binder: BpBinder transact took 618ms, interface=android.hardware.camera2.ICameraDeviceUser, code=6 oneway=false
07-03 20:27:54.097  4991  4991 W Looper  : Slow Looper main: Long Msg: seq=2 plan=20:27:51.614  late=1ms wall=2464ms running=213ms runnable=88ms io=1541ms h=android.app.ActivityThread$H w=110
07-03 20:27:54.288  1958  2011 I ActivityManager: Start proc 5475:com.google.process.gapps/u0a185 for content provider {com.google.android.gsf/com.google.android.gsf.settings.GoogleSettingsProvider} caller=com.android.vending
07-03 20:27:54.300  1958  5269 W ProcessStats: Tracking association SourceState{88f20e3 com.android.vending/10175 Service #512049} whose proc state 5 is better than process ProcessState{be4b665 com.google.process.gservices/10185 pkg=com.google.android.gsf} proc state 7 (20 skipped)
07-03 20:27:54.384  2181  2924 I miui_face:  authenCallback, onAuthenticationHelp helpCode:5 helpString:未检测到人脸
07-03 20:27:54.430  2181  2924 I chatty  : uid=1000(system) face_unlock identical 1 line
07-03 20:27:54.474  2181  2924 I miui_face:  authenCallback, onAuthenticationHelp helpCode:5 helpString:未检测到人脸
07-03 20:27:54.567  1958  2011 I ActivityManager: Start proc 5573:com.google.android.webview:webview_service/u0a192 forservice {com.google.android.webview/org.chromium.android_webview.services.ComponentsProviderService} caller=com.miui.global.packageinstaller
07-03 20:27:54.609  2181  2924 I miui_face:  authenCallback, onAuthenticationHelp helpCode:14 helpString:活体检测失败
07-03 20:27:54.629  4991  5357 W BpBinder: Slow Binder: BpBinder transact took 386ms, interface=android.app.IActivityManager, code=20 oneway=false
07-03 20:27:54.702  2181  2924 I miui_face:  authenCallback, onAuthenticationHelp helpCode:14 helpString:活体检测失败
07-03 20:27:54.767  4964  4964 W Looper  : Slow Looper main: Long Msg: seq=21 plan=20:27:52.995  late=0ms wall=1771ms running=280ms runnable=165ms io=1080ms h=com.google.android.gms.ads.internal.util.f c=com.google.android.gms.ads.internal.js.r
07-03 20:27:54.795  1958  2011 I ActivityManager: Start proc 5628:com.android.vending:background/u0a175 for broadcast {com.android.vending/com.google.android.finsky.packagemonitor.backgroundimpl.BackgroundPackageMonitorReceiverImpl$RegisteredReceiver} caller=null
07-03 20:27:54.818  2181  2924 I miui_face:  authenCallback, onAuthenticationHelp helpCode:14 helpString:活体检测失败
07-03 20:27:54.858  1958  5236 W BpBinder: Slow Binder: BpBinder transact took 215ms, interface=android.service.gatekeeper.IGateKeeperService, code=3 oneway=false
07-03 20:27:54.861  2181  2181 I miui_keyguard_password: password unlock duration 307
07-03 20:27:54.864  1958  3901 W FingerprintService: Ignoring lockout reset, no templates enrolled
07-03 20:27:54.864  2181  2181 W miui_keyguard: unlock keyguard by pw
07-03 20:27:54.866  2181  2924 I miui_face:  authenCallback, onAuthenticationHelp helpCode:5 helpString:未检测到人脸
07-03 20:27:55.028  2181  2181 I miui_face: stop face unlock
07-03 20:27:55.030  2181  2924 I miui_face: authenCallback, onAuthenticationError code:2000 msg:取消成功
07-03 20:27:55.041  1958  4415 I Timeline: Timeline: App_transition_ready time:117997287
07-03 20:27:55.042  2181  3626 I KeyguardViewMediator: call fw keyguardGoingAway: flags = 8
07-03 20:27:55.046  1958  1997 I Timeline: Timeline: App_transition_ready time:117997291
07-03 20:27:55.065  1958  1997 I Timeline: Timeline: App_transition_ready time:117997311
07-03 20:27:55.076  1958  1997 I Timeline: Timeline: App_transition_ready time:117997322
07-03 20:27:55.082   788   903 W EventThreadInspector: slow VSync-sf on display(19260784713820289), count=2, avg=37 ms,max=45 ms.
07-03 20:27:55.089  1958  2202 I Timeline: Timeline: App_transition_ready time:117997335
07-03 20:27:55.111  1958  5236 I LockSettingsService: Unlocking user 0 with secret only, length 32
07-03 20:27:55.112  1958  1997 I Timeline: Timeline: App_transition_ready time:117997358
07-03 20:27:55.113  1958  5236 I LockSettingsService: Disabling escrow token on user 0
07-03 20:27:55.134  1958  5236 I LockSettingsService: Caching SP for user 0
07-03 20:27:55.135  1958  1958 I LockSettingsService: Removing SP from cache for user 0
07-03 20:27:55.136  2181  3241 W BpBinder: Slow Binder: BpBinder transact took 537ms, interface=com.android.internal.widget.ILockSettings, code=10 oneway=false
07-03 20:27:55.137  6842  6842 W BpBinder: Slow Binder: BpBinder transact took 266ms, interface=android.view.IWindowManager, code=33 oneway=false
07-03 20:27:55.142  1958  1997 I Timeline: Timeline: App_transition_ready time:117997388
07-03 20:27:55.143  2181  2181 I KeyguardViewMediator: handleStartKeyguardExitAnimation startTime=117997388 fadeoutDuration=150
07-03 20:27:55.163  1958  1996 W UsageStatsService: Event reported without a package name, eventType:18
07-03 20:27:55.164  1958  1996 I WindowManager: updateContrastOverlay, darkmode: true isContrastEnabled: true alpha: 0.0
07-03 20:27:55.222  4991  4991 W Looper  : Slow Looper main: Long Msg: seq=3 plan=20:27:51.616  late=2482ms wall=1124msrunning=84ms runnable=154ms io=170ms h=android.app.ActivityThread$H w=113
07-03 20:27:55.255  2181  2181 I miui_face: face unlock success time=2119
07-03 20:27:55.305  1958  1997 I Timeline: Timeline: Activity_windows_visible id: ActivityRecord{ddb1799 u0 com.miui.home/.launcher.Launcher t1} time:117997551
07-03 20:27:55.308  1958  1997 I Timeline: Timeline: App_transition_stopped time:117997554
07-03 20:27:55.347  1958  2090 W BaseMiuiPhoneWindowManager: keyCode:23 down:true eventTime:117997592 downTime:117997592 policyFlags:22000000 flags:8 deviceId:0 isScreenOn:true keyguardActive:false repeatCount:0
07-03 20:27:55.360  4637  4637 I Timeline: Timeline: Activity_launch_request time:117997606
07-03 20:27:55.366  1958  4415 I ActivityTaskManager: START u0 {flg=0x10000000 cmp=com.android.settings/.Settings$UsbDetailsActivity} from uid 1000
07-03 20:27:55.394  1958  1958 W Looper  : Slow dispatch took 113ms main h=android.app.ActivityThread$H c=android.app.-$$Lambda$LoadedApk$ReceiverDispatcher$Args$_BumDX2UKsnxLVrE6UJsJZkotuA@46d100 m=0
07-03 20:27:55.432 25324 25324 W ActivityThread: SCHED: com.miui.home/.launcher.Launcher [71, r=51ms, a=20ms, w=363ms]
07-03 20:27:55.435  1958  2011 I ActivityManager: Start proc 5749:com.android.chrome/u0a193 for service {com.android.chrome/org.chromium.chrome.browser.customtabs.CustomTabsConnectionService} caller=com.miui.global.packageinstaller
07-03 20:27:55.436  1958  3901 I ActivityTaskManager: The Process com.android.settings Already Exists in BG. So sendingits PID: 4637
07-03 20:27:55.440  1958  3901 I Timeline: Timeline: App_transition_ready time:117997685
07-03 20:27:55.454  1958  2011 W ActivityManager: Slow operation: 114ms so far, now at startProcess: done updating pidsmap
07-03 20:27:55.462  1958  3417 I Timeline: Timeline: App_transition_ready time:117997708
07-03 20:27:55.476  1958  4525 I Timeline: Timeline: App_transition_ready time:117997721
07-03 20:27:55.509  1958  3901 I Timeline: Timeline: App_transition_ready time:117997754
07-03 20:27:55.510  1958  3901 I Timeline: Timeline: App_transition_ready time:117997755
07-03 20:27:55.523  1958  1958 W Looper  : Slow delivery took 220ms main h=android.app.ActivityThread$H c=android.app.-$$Lambda$LoadedApk$ReceiverDispatcher$Args$_BumDX2UKsnxLVrE6UJsJZkotuA@1307a30 m=0
07-03 20:27:55.609  4027  4215 W BpBinder: Slow Binder: BpBinder transact took 553ms, interface=android.hardware.camera2.ICameraDeviceUser, code=1 oneway=false
07-03 20:27:55.688  1958  1958 W Looper  : Drained
07-03 20:27:55.732  1958  2090 W BaseMiuiPhoneWindowManager: keyCode:23 down:false eventTime:117997977 downTime:117997592 policyFlags:22000000 flags:8 deviceId:0 isScreenOn:true keyguardActive:false repeatCount:0
07-03 20:27:55.734  1958  3417 W BroadcastQueue: Background execution not allowed: receiving Intent { act=android.intent.action.PACKAGE_REPLACED dat=package:com.BHG.gurbani flg=0x4000010 (has extras) } to com.facebook.appmanager/com.facebook.oxygen.common.packages.event.manifest.ManifestPackageEventReceiver
07-03 20:27:55.736  1958  2010 W BroadcastQueue: Background execution not allowed: receiving Intent { act=android.intent.action.PACKAGE_REPLACED dat=package:com.BHG.gurbani flg=0x4000010 (has extras) } to com.google.android.gms/.chimera.GmsIntentOperationService$PersistentTrustedReceiver
07-03 20:27:55.736  1958  2010 W BroadcastQueue: Background execution not allowed: receiving Intent { act=android.intent.action.PACKAGE_REPLACED dat=package:com.BHG.gurbani flg=0x4000010 (has extras) } to com.google.android.gms/.gass.chimera.PackageChangeBroadcastReceiver
07-03 20:27:55.736  1958  2010 W BroadcastQueue: Background execution not allowed: receiving Intent { act=android.intent.action.PACKAGE_REPLACED dat=package:com.BHG.gurbani flg=0x4000010 (has extras) } to com.miui.audioeffect/com.android.musicfx.Compatibility$Receiver
07-03 20:27:55.736  1958  2010 W BroadcastQueue: Background execution not allowed: receiving Intent { act=android.intent.action.PACKAGE_REPLACED dat=package:com.BHG.gurbani flg=0x4000010 (has extras) } to com.miui.notes/com.miui.floatwindow.BootBroadcastReceiver
07-03 20:27:55.736  1958  2010 W BroadcastQueue: Background execution not allowed: receiving Intent { act=android.intent.action.PACKAGE_REPLACED dat=package:com.BHG.gurbani flg=0x4000010 (has extras) } to com.google.android.apps.photos/.account.full.FetchAccountPropertiesAppUpgradeBroadcastReceiver
07-03 20:27:55.737  1958  2010 W BroadcastQueue: Background execution not allowed: receiving Intent { act=android.intent.action.PACKAGE_REPLACED dat=package:com.BHG.gurbani flg=0x4000010 (has extras) } to com.google.android.apps.photos/.account.full.SyncAccountsForLoginBroadcastReceiver
07-03 20:27:55.737  1958  2010 W BroadcastQueue: Background execution not allowed: receiving Intent { act=android.intent.action.PACKAGE_REPLACED dat=package:com.BHG.gurbani flg=0x4000010 (has extras) } to com.google.android.apps.photos/.notificationchannels.AppUpdateBroadcastReceiver
07-03 20:27:55.737  1958  2010 W BroadcastQueue: Background execution not allowed: receiving Intent { act=android.intent.action.PACKAGE_REPLACED dat=package:com.BHG.gurbani flg=0x4000010 (has extras) } to com.jio.myjio/com.inn.passivesdk.receiver.PackageReceiver
07-03 20:27:55.760  1958  2014 E BatteryExternalStatsWorker: no controller energy info supplied for bluetooth
07-03 20:27:55.806  3855 20608 W MiuiPerfServiceClient: interceptAndQueuing:2181|com.android.systemui|372|193|unknown|null|StatusBar|117997766960767|Slow main thread|4
07-03 20:27:55.845  1958  5269 E NotificationService: Suppressing notification from package by user request.
07-03 20:27:55.881  4991  5440 W BpBinder: Slow Binder: BpBinder transact took 283ms, interface=com.google.android.gms.usagereporting.internal.IUsageReportingService, code=3 oneway=false
07-03 20:27:55.989 25324 25324 I Timeline: Timeline: Activity_launch_request time:117998235
07-03 20:27:55.991  1958  2348 I ActivityTaskManager: START u0 {act=android.intent.action.MAIN cat=[android.intent.category.LAUNCHER] flg=0x10200000 cmp=com.BHG.gurbani/.SplashActivity bnds=[583,762][759,938] (has extras)} from uid 10094
07-03 20:27:56.053  4637  4637 W Activity: Slow Operation: Activity com.android.settings/.Settings$UsbDetailsActivity onCreate took 540ms
07-03 20:27:56.076  4637  4637 W Looper  : Slow Looper main: Activity com.android.settings/.Settings$UsbDetailsActivityis 638ms late (wall=0ms running=0ms ClientTransaction{ callbacks=[android.app.servertransaction.TopResumedActivityChangeItem] }) because of 1 msg, msg 1 took 638ms (seq=20 running=107ms runnable=31ms io=435ms h=android.app.ActivityThread$Hw=159)
07-03 20:27:56.077  4637  4637 W ActivityThread: SCHED: com.android.settings/.Settings$UsbDetailsActivity [100, r=4ms, a=0ms, w=13ms]
07-03 20:27:56.113  1958  2348 W BroadcastQueue: Background execution not allowed: receiving Intent { act=android.intent.action.USER_PRESENT flg=0x24200010 } to com.jio.myjio/com.jio.clickstream.tbn.PowerConnectionReceiver
07-03 20:27:56.114  1958  2010 W BroadcastQueue: Background execution not allowed: receiving Intent { act=android.intent.action.USER_PRESENT flg=0x24200010 } to com.android.chrome/org.chromium.chrome.browser.sharing.click_to_call.ClickToCallMessageHandler$PhoneUnlockedReceiver
07-03 20:27:56.115  1958  2010 W BroadcastQueue: Background execution not allowed: receiving Intent { act=android.intent.action.USER_PRESENT flg=0x24200010 } to com.google.android.gms/.auth.setup.devicesignals.LockScreenReceiver
07-03 20:27:56.115  1958  2010 W BroadcastQueue: Background execution not allowed: receiving Intent { act=android.intent.action.USER_PRESENT flg=0x24200010 } to com.google.android.gms/.chimera.GmsIntentOperationService$PersistentTrustedReceiver
07-03 20:27:56.115  1958  2010 W BroadcastQueue: Background execution not allowed: receiving Intent { act=android.intent.action.USER_PRESENT flg=0x24200010 } to info.kfsoft.force.rotation/.RestartReceiver
07-03 20:27:56.125  1958  2011 I ActivityManager: Start proc 5851:com.BHG.gurbani/u0a776 for activity {com.BHG.gurbani/com.BHG.gurbani.SplashActivity} caller=com.miui.home
07-03 20:27:56.164  1958  1997 I Timeline: Timeline: App_transition_ready time:117998410
07-03 20:27:56.353  1958  1997 I Timeline: Timeline: App_transition_stopped time:117998599
07-03 20:27:56.575  1958  5258 E WindowManager: App trying to use insecure INPUT_FEATURE_NO_INPUT_CHANNEL flag. Ignoring
07-03 20:27:56.578  5851  5851 W Looper  : Slow Looper main: Activity com.BHG.gurbani/.SplashActivity is 427ms late (wall=0ms running=0ms ClientTransaction{ callbacks=[android.app.servertransaction.TopResumedActivityChangeItem] }) because of 3 msg, msg 2 took 246ms (seq=2 running=91ms runnable=19ms io=96ms late=12ms h=android.app.ActivityThread$H w=110), msg 3 took 173ms (seq=3 running=104ms runnable=14ms io=31ms late=254ms h=android.app.ActivityThread$H w=159)
07-03 20:27:56.726  1958  1997 I Timeline: Timeline: Activity_windows_visible id: ActivityRecord{639c333 u0 com.BHG.gurbani/.SplashActivity t1651} time:117998972
07-03 20:27:59.561  5851  5851 I Timeline: Timeline: Activity_launch_request time:118001806
07-03 20:27:59.562  1958  5258 I ActivityTaskManager: START u0 {cmp=com.BHG.gurbani/.AuthActivity} from uid 10776
07-03 20:27:59.579  5851  5851 W ActivityThread: SCHED: com.BHG.gurbani/.SplashActivity [84, r=22ms, a=4ms, w=3016ms]
07-03 20:27:59.583  1958  3901 I ActivityTaskManager: The Process com.BHG.gurbani Already Exists in BG. So sending its PID: 5851
07-03 20:27:59.588  1958  3901 I Timeline: Timeline: App_transition_ready time:118001834
07-03 20:27:59.738  5851  5851 I Timeline: Timeline: Activity_launch_request time:118001983
07-03 20:27:59.738  1958  5269 I ActivityTaskManager: START u0 {cmp=com.BHG.gurbani/.MainActivity} from uid 10776
07-03 20:27:59.749  1958  5258 I ActivityTaskManager: The Process com.BHG.gurbani Already Exists in BG. So sending its PID: 5851
07-03 20:27:59.752  1958  5258 I Timeline: Timeline: App_transition_ready time:118001998
07-03 20:27:59.754  1958  1997 I Timeline: Timeline: App_transition_ready time:118002000
07-03 20:27:59.860  1958  2360 E WindowManager: App trying to use insecure INPUT_FEATURE_NO_INPUT_CHANNEL flag. Ignoring
07-03 20:27:59.900  1958  2348 I Timeline: Timeline: App_transition_ready time:118002145
07-03 20:27:59.901  1958  2348 I Timeline: Timeline: App_transition_ready time:118002147
07-03 20:27:59.949  1958  1997 I Timeline: Timeline: App_transition_ready time:118002195
07-03 20:28:00.219  1958  1997 I Timeline: Timeline: Activity_windows_visible id: ActivityRecord{c7d561a u0 com.BHG.gurbani/.MainActivity t1651} time:118002465
07-03 20:28:00.221  1958  1997 I Timeline: Timeline: App_transition_stopped time:118002467
07-03 20:28:00.701   788   902 W EventThreadInspector: slow VSync-app on display(19260784713820289), count=4, avg=27 ms, max=31 ms.
07-03 20:28:00.734   788   903 W EventThreadInspector: slow VSync-sf on display(19260784713820289), count=3, avg=31 ms,max=32 ms.
07-03 20:28:01.657  5851  5851 I Timeline: Timeline: Activity_launch_request time:118003903
07-03 20:28:01.658  1958  2348 I ActivityTaskManager: START u0 {cmp=com.BHG.gurbani/.UploadActivity} from uid 10776
07-03 20:28:01.680  3855 20608 W MiuiPerfServiceClient: interceptAndQueuing:5851|com.BHG.gurbani|255|172|unknown|null|com.BHG.gurbani/com.BHG.gurbani.MainActivity|118003019137692|Slow handle traversal|6
07-03 20:28:01.680  5851  5851 W ActivityThread: SCHED: com.BHG.gurbani/.MainActivity [85, r=220ms, a=36ms, w=1827ms]
07-03 20:28:01.684  1958  5258 I ActivityTaskManager: The Process com.BHG.gurbani Already Exists in BG. So sending its PID: 5851
07-03 20:28:01.695  1958  5258 I Timeline: Timeline: App_transition_ready time:118003941
07-03 20:28:01.775  1958  2348 E WindowManager: App trying to use insecure INPUT_FEATURE_NO_INPUT_CHANNEL flag. Ignoring
07-03 20:28:01.787  1958  3901 I Timeline: Timeline: App_transition_ready time:118004033
07-03 20:28:01.790  1958  3901 I Timeline: Timeline: App_transition_ready time:118004036
07-03 20:28:01.868  1958  2011 I ActivityManager: Start proc 6014:com.whatsapp/u0a762 for service {com.whatsapp/androidx.work.impl.background.systemjob.SystemJobService} caller=android
07-03 20:28:01.895  1958  1997 I Timeline: Timeline: App_transition_ready time:118004140
07-03 20:28:02.152  1958  1997 I Timeline: Timeline: Activity_windows_visible id: ActivityRecord{9bd0fe9 u0 com.BHG.gurbani/.UploadActivity t1651} time:118004398
07-03 20:28:02.157  1958  1997 I Timeline: Timeline: App_transition_stopped time:118004403
07-03 20:28:02.489  5851  5851 I Timeline: Timeline: Activity_launch_request time:118004735
07-03 20:28:02.491  1958  2360 I ActivityTaskManager: START u0 {act=android.intent.action.GET_CONTENT typ=image/* cmp=com.google.android.documentsui/com.android.documentsui.picker.PickActivity} from uid 10776
07-03 20:28:02.532  5851  5851 W ActivityThread: SCHED: com.BHG.gurbani/.UploadActivity [69, r=36ms, a=16ms, w=763ms]
07-03 20:28:02.590  1958  2011 I ActivityManager: Start proc 6062:com.google.android.documentsui/u0a66 for activity {com.google.android.documentsui/com.android.documentsui.picker.PickActivity} caller=com.BHG.gurbani
07-03 20:28:02.631  1958  1997 I Timeline: Timeline: App_transition_ready time:118004877
07-03 20:28:02.888  1958  1997 I Timeline: Timeline: App_transition_stopped time:118005134
07-03 20:28:02.984  1958  3901 E WindowManager: App trying to use insecure INPUT_FEATURE_NO_INPUT_CHANNEL flag. Ignoring
07-03 20:28:02.988  6062  6062 W Looper  : Slow Looper main: Activity com.google.android.documentsui/com.android.documentsui.picker.PickActivity is 358ms late (wall=0ms running=0ms ClientTransaction{ callbacks=[android.app.servertransaction.TopResumedActivityChangeItem] }) because of 2 msg, msg 1 took 244ms (seq=2 running=76ms runnable=20ms io=115ms late=5ms h=android.app.ActivityThread$H w=110), msg 2 took 123ms (seq=3 running=47ms runnable=9ms io=1ms late=235ms h=android.app.ActivityThread$H w=159)
07-03 20:28:03.328  1958  1997 I Timeline: Timeline: Activity_windows_visible id: ActivityRecord{b967cb6 u0 com.google.android.documentsui/com.android.documentsui.picker.PickActivity t1651} time:118005574
07-03 20:28:03.897  1958  3901 W BluetoothManagerService: bindBluetoothProfileService:Trying to bind to profile: 1, while Bluetooth is disabled
07-03 20:28:04.404  1958  2011 I ActivityManager: Start proc 6191:com.facebook.services/u0a100 for service {com.facebook.services/com.facebook.oxygen.services.fbns.PreloadedFbnsService} caller=com.whatsapp
07-03 20:28:04.466  6062  6062 W ActivityThread: SCHED: com.google.android.documentsui/com.android.documentsui.picker.PickActivity [91, r=326ms, a=29ms, w=1492ms]
07-03 20:28:04.473  1958  2348 I Timeline: Timeline: App_transition_ready time:118006719
07-03 20:28:04.491  1958  2348 I Timeline: Timeline: App_transition_ready time:118006737
07-03 20:28:04.493  5851  5851 I Timeline: Timeline: Activity_launch_request time:118006739
07-03 20:28:04.494  1958  3901 W ActivityTaskManager: aInfo is null for resolve intent: Intent { cmp=com.BHG.gurbani/com.yalantis.ucrop.UCropActivity (has extras) }
07-03 20:28:04.494  1958  3901 W ActivityTaskManagerServiceInjector: Intent or aInfo is null!
07-03 20:28:04.494  1958  3901 I ActivityTaskManager: START u0 {cmp=com.BHG.gurbani/com.yalantis.ucrop.UCropActivity (has extras)} from uid 10776
07-03 20:28:04.541  5851  5851 E AndroidRuntime: FATAL EXCEPTION: main
07-03 20:28:04.541  5851  5851 E AndroidRuntime: Process: com.BHG.gurbani, PID: 5851
07-03 20:28:04.541  5851  5851 E AndroidRuntime: java.lang.RuntimeException: Failure delivering result ResultInfo{who=null, request=101, result=-1, data=Intent { dat=content://com.android.providers.media.documents/document/image:5857 flg=0x1 }} to activity {com.BHG.gurbani/com.BHG.gurbani.UploadActivity}: android.content.ActivityNotFoundException: Unable tofind explicit activity class {com.BHG.gurbani/com.yalantis.ucrop.UCropActivity}; have you declared this activity in your AndroidManifest.xml?
07-03 20:28:04.541  5851  5851 E AndroidRuntime:        at android.app.ActivityThread.deliverResults(ActivityThread.java:4960)
07-03 20:28:04.541  5851  5851 E AndroidRuntime:        at android.app.ActivityThread.handleSendResult(ActivityThread.java:5001)
07-03 20:28:04.541  5851  5851 E AndroidRuntime:        at android.app.servertransaction.ActivityResultItem.execute(ActivityResultItem.java:51)
07-03 20:28:04.541  5851  5851 E AndroidRuntime:        at android.app.servertransaction.TransactionExecutor.executeCallbacks(TransactionExecutor.java:135)
