07-03 20:11:48.400  1958  3417 I ActivityManager: Process com.BHG.gurbani (pid 27630) has died: fore TOP
07-03 20:11:48.417  1958  1996 W ActivityManager: setHasOverlayUi called on unknown pid: 27630
07-03 20:11:48.463  1958  2011 I ActivityManager: Start proc 28071:com.BHG.gurbani/u0a776 for activity {com.BHG.gurbani/com.BHG.gurbani.MainActivity} caller=com.BHG.gurbani
07-03 20:11:48.489  1958  1997 I Timeline: Timeline: App_transition_ready time:117030734
07-03 20:11:48.489  1958  1997 I Timeline: Timeline: App_transition_stopped time:117030735
07-03 20:11:48.774  1958  1996 W ActivityTaskManager: Activity top resumed state loss timeout for ActivityRecord{9a52c8u0 com.BHG.gurbani/.UploadActivity t-1 f}
07-03 20:11:48.816  1958  2360 E WindowManager: App trying to use insecure INPUT_FEATURE_NO_INPUT_CHANNEL flag. Ignoring
07-03 20:11:48.879  1958  1997 I Timeline: Timeline: Activity_windows_visible id: ActivityRecord{f175c7f u0 com.BHG.gurbani/.MainActivity t1641} time:117031125
07-03 20:11:49.166  1958  2011 I ActivityManager: Start proc 28167:com.qti.diagservices/1000 for service {com.qti.diagservices/com.qti.diagservices.QTIDiagServices} caller=com.qti.diagservices
07-03 20:11:53.945 28071 28071 I Timeline: Timeline: Activity_launch_request time:117036191
07-03 20:11:53.946  1958  5271 I ActivityTaskManager: START u0 {cmp=com.BHG.gurbani/.UploadActivity} from uid 10776
07-03 20:11:53.964 28071 28071 W ActivityThread: SCHED: com.BHG.gurbani/.MainActivity [81, r=77ms, a=17ms, w=5158ms]
07-03 20:11:53.966  1958  3417 I ActivityTaskManager: The Process com.BHG.gurbani Already Exists in BG. So sending its PID: 28071
07-03 20:11:53.970  1958  3417 I Timeline: Timeline: App_transition_ready time:117036216
07-03 20:11:54.021  1958  1979 E WindowManager: App trying to use insecure INPUT_FEATURE_NO_INPUT_CHANNEL flag. Ignoring
07-03 20:11:54.035  1958  1979 I Timeline: Timeline: App_transition_ready time:117036281
07-03 20:11:54.037  1958  1979 I Timeline: Timeline: App_transition_ready time:117036282
07-03 20:11:54.061  1958  1997 I Timeline: Timeline: App_transition_ready time:117036307
07-03 20:11:54.307  1958  1997 I Timeline: Timeline: Activity_windows_visible id: ActivityRecord{1465a88 u0 com.BHG.gurbani/.UploadActivity t1641} time:117036553
07-03 20:11:54.311  1958  1997 I Timeline: Timeline: App_transition_stopped time:117036556
07-03 20:11:55.618  1958  5271 I WindowManager: input method visible height changed 786
07-03 20:11:55.990  1958  3417 W BpBinder: Slow Binder: BpBinder transact took 694ms, interface=android.os.IInstalld, code=9 oneway=false
07-03 20:11:55.990 26586 27391 W BpBinder: Slow Binder: BpBinder transact took 694ms, interface=android.app.usage.IStorageStatsManager, code=7 oneway=false
07-03 20:11:56.596 28071 28071 I Timeline: Timeline: Activity_launch_request time:117038842
07-03 20:11:56.597  1958  5271 I ActivityTaskManager: START u0 {act=android.intent.action.GET_CONTENT typ=image/* cmp=com.google.android.documentsui/com.android.documentsui.picker.PickActivity} from uid 10776
07-03 20:11:56.609 28071 28071 W ActivityThread: SCHED: com.BHG.gurbani/.UploadActivity [64, r=61ms, a=33ms, w=2593ms]
07-03 20:11:56.611  1958  4415 I ActivityTaskManager: The Process com.google.android.documentsui Already Exists in BG. So sending its PID: 28004
07-03 20:11:56.618  1958  4415 I Timeline: Timeline: App_transition_ready time:117038863
07-03 20:11:56.672  1958  3901 E WindowManager: App trying to use insecure INPUT_FEATURE_NO_INPUT_CHANNEL flag. Ignoring
07-03 20:11:56.687  1958  3417 I Timeline: Timeline: App_transition_ready time:117038933
07-03 20:11:56.689  1958  3417 I Timeline: Timeline: App_transition_ready time:117038934
07-03 20:11:56.723  1958  1997 I Timeline: Timeline: App_transition_ready time:117038969
07-03 20:11:56.949  1958  2645 I WindowManager: input method visible height changed 0
07-03 20:11:56.992  1958  1997 I Timeline: Timeline: Activity_windows_visible id: ActivityRecord{e4888f5 u0 com.google.android.documentsui/com.android.documentsui.picker.PickActivity t1641} time:117039237
07-03 20:11:56.995  1958  1997 I Timeline: Timeline: App_transition_stopped time:117039241
07-03 20:11:58.382 28004 28004 W ActivityThread: SCHED: com.google.android.documentsui/com.android.documentsui.picker.PickActivity [90, r=327ms, a=35ms, w=1714ms]
07-03 20:11:58.388  1958  5271 I Timeline: Timeline: App_transition_ready time:117040634
07-03 20:11:58.398  1958  4415 I Timeline: Timeline: App_transition_ready time:117040643
07-03 20:11:58.405 28071 28071 I Timeline: Timeline: Activity_launch_request time:117040651
07-03 20:11:58.406  1958  4415 W ActivityTaskManager: aInfo is null for resolve intent: Intent { cmp=com.BHG.gurbani/com.yalantis.ucrop.UCropActivity (has extras) }
07-03 20:11:58.407  1958  4415 W ActivityTaskManagerServiceInjector: Intent or aInfo is null!
07-03 20:11:58.407  1958  4415 I ActivityTaskManager: START u0 {cmp=com.BHG.gurbani/com.yalantis.ucrop.UCropActivity (has extras)} from uid 10776
07-03 20:11:58.415 28071 28071 E AndroidRuntime: FATAL EXCEPTION: main
07-03 20:11:58.415 28071 28071 E AndroidRuntime: Process: com.BHG.gurbani, PID: 28071
07-03 20:11:58.415 28071 28071 E AndroidRuntime: java.lang.RuntimeException: Failure delivering result ResultInfo{who=null, request=101, result=-1, data=Intent { dat=content://com.android.providers.media.documents/document/image:5857 flg=0x1 }} to activity {com.BHG.gurbani/com.BHG.gurbani.UploadActivity}: android.content.ActivityNotFoundException: Unable tofind explicit activity class {com.BHG.gurbani/com.yalantis.ucrop.UCropActivity}; have you declared this activity in your AndroidManifest.xml?
07-03 20:11:58.415 28071 28071 E AndroidRuntime:        at android.app.ActivityThread.deliverResults(ActivityThread.java:4960)
07-03 20:11:58.415 28071 28071 E AndroidRuntime:        at android.app.ActivityThread.handleSendResult(ActivityThread.java:5001)
07-03 20:11:58.415 28071 28071 E AndroidRuntime:        at android.app.servertransaction.ActivityResultItem.execute(ActivityResultItem.java:51)
07-03 20:11:58.415 28071 28071 E AndroidRuntime:        at android.app.servertransaction.TransactionExecutor.executeCallbacks(TransactionExecutor.java:135)
07-03 20:11:58.415 28071 28071 E AndroidRuntime:        at android.app.servertransaction.TransactionExecutor.execute(TransactionExecutor.java:95)
07-03 20:11:58.415 28071 28071 E AndroidRuntime:        at android.app.ActivityThread$H.handleMessage(ActivityThread.java:2047)
07-03 20:11:58.415 28071 28071 E AndroidRuntime:        at android.os.Handler.dispatchMessage(Handler.java:107)
07-03 20:11:58.415 28071 28071 E AndroidRuntime:        at android.os.Looper.loop(Looper.java:224)
07-03 20:11:58.415 28071 28071 E AndroidRuntime:        at android.app.ActivityThread.main(ActivityThread.java:7592)
07-03 20:11:58.415 28071 28071 E AndroidRuntime:        at java.lang.reflect.Method.invoke(Native Method)
07-03 20:11:58.415 28071 28071 E AndroidRuntime:        at com.android.internal.os.RuntimeInit$MethodAndArgsCaller.run(RuntimeInit.java:539)
07-03 20:11:58.415 28071 28071 E AndroidRuntime:        at com.android.internal.os.ZygoteInit.main(ZygoteInit.java:950)
07-03 20:11:58.415 28071 28071 E AndroidRuntime: Caused by: android.content.ActivityNotFoundException: Unable to find explicit activity class {com.BHG.gurbani/com.yalantis.ucrop.UCropActivity}; have you declared this activity in your AndroidManifest.xml?
07-03 20:11:58.415 28071 28071 E AndroidRuntime:        at android.app.Instrumentation.checkStartActivityResult(Instrumentation.java:2064)
07-03 20:11:58.415 28071 28071 E AndroidRuntime:        at android.app.Instrumentation.execStartActivity(Instrumentation.java:1720)
07-03 20:11:58.415 28071 28071 E AndroidRuntime:        at android.app.Activity.startActivityForResult(Activity.java:5258)
07-03 20:11:58.415 28071 28071 E AndroidRuntime:        at androidx.activity.ComponentActivity.startActivityForResult(ComponentActivity.java:780)
07-03 20:11:58.415 28071 28071 E AndroidRuntime:        at android.app.Activity.startActivityForResult(Activity.java:5216)
07-03 20:11:58.415 28071 28071 E AndroidRuntime:        at androidx.activity.ComponentActivity.startActivityForResult(ComponentActivity.java:761)
07-03 20:11:58.415 28071 28071 E AndroidRuntime:        at com.yalantis.ucrop.UCrop.start(UCrop.java:138)
07-03 20:11:58.415 28071 28071 E AndroidRuntime:        at com.yalantis.ucrop.UCrop.start(UCrop.java:128)
07-03 20:11:58.415 28071 28071 E AndroidRuntime:        at com.BHG.gurbani.UploadActivity.onActivityResult(UploadActivity.kt:68)
07-03 20:11:58.415 28071 28071 E AndroidRuntime:        at android.app.Activity.dispatchActivityResult(Activity.java:8249)
07-03 20:11:58.415 28071 28071 E AndroidRuntime:        at android.app.ActivityThread.deliverResults(ActivityThread.java:4953)
07-03 20:11:58.415 28071 28071 E AndroidRuntime:        ... 11 more
07-03 20:11:58.429  1958  3901 W ActivityTaskManager:   Force finishing activity com.BHG.gurbani/.UploadActivity
07-03 20:11:58.430  1958 28229 I DropBoxManagerService: add tag=data_app_crash isTagEnabled=true flags=0x2
07-03 20:11:58.434  1958  2010 W BroadcastQueue: Background execution not allowed: receiving Intent { act=android.intent.action.DROPBOX_ENTRY_ADDED flg=0x10 (has extras) } to com.google.android.gms/.stats.service.DropBoxEntryAddedReceiver
07-03 20:11:58.494  1958  4415 I ActivityManager: Process com.BHG.gurbani (pid 28071) has died: fore TOP
07-03 20:11:58.494  1958  5255 I WindowManager: WIN DEATH: Window{1ef1ed4 u0 com.BHG.gurbani/com.BHG.gurbani.MainActivity}
07-03 20:11:58.496  1958  3901 I WindowManager: WIN DEATH: Window{7f82f7 u0 com.BHG.gurbani/com.BHG.gurbani.UploadActivity}
07-03 20:11:58.521  1958  1996 W ActivityManager: setHasOverlayUi called on unknown pid: 28071
07-03 20:11:58.577  1958  2011 I ActivityManager: Start proc 28263:com.BHG.gurbani/u0a776 for activity {com.BHG.gurbani/com.BHG.gurbani.MainActivity} caller=com.BHG.gurbani
07-03 20:11:58.634  1958  1997 I Timeline: Timeline: App_transition_ready time:117040880
07-03 20:11:58.634  1958  1997 I Timeline: Timeline: App_transition_stopped time:117040880
07-03 20:11:58.930  1958  1996 W ActivityTaskManager: Activity top resumed state loss timeout for ActivityRecord{1465a88 u0 com.BHG.gurbani/.UploadActivity t-1 f}
07-03 20:11:58.949  1958  2647 E WindowManager: App trying to use insecure INPUT_FEATURE_NO_INPUT_CHANNEL flag. Ignoring
07-03 20:11:59.019  1958  1997 I Timeline: Timeline: Activity_windows_visible id: ActivityRecord{f175c7f u0 com.BHG.gurbani/.MainActivity t1641} time:117041265
07-03 20:11:59.730  1958  2011 I ActivityManager: Start proc 28430:com.whatsapp/u0a762 for service {com.whatsapp/androidx.work.impl.background.systemjob.SystemJobService} caller=android
07-03 20:12:01.265  1958  2647 W BluetoothManagerService: bindBluetoothProfileService:Trying to bind to profile: 1, while Bluetooth is disabled
07-03 20:12:01.333  1958  2011 I ActivityManager: Start proc 28549:com.facebook.services/u0a100 for service {com.facebook.services/com.facebook.oxygen.services.fbns.PreloadedFbnsService} caller=com.whatsapp
07-03 20:12:02.982  1958  4806 W BaseMiuiPhoneWindowManager: keyCode:3 down:true eventTime:117045224 downTime:117045224policyFlags:2b000002 flags:48 deviceId:-1 isScreenOn:true keyguardActive:false repeatCount:0
07-03 20:12:03.064  1958  4806 W BaseMiuiPhoneWindowManager: keyCode:3 down:false eventTime:117045310 downTime:117045224 policyFlags:2b000002 flags:48 deviceId:-1 isScreenOn:true keyguardActive:false repeatCount:0
07-03 20:12:03.070  1958  2089 I ActivityTaskManager: START u0 {act=android.intent.action.MAIN cat=[android.intent.category.HOME] flg=0x10000100 cmp=com.miui.home/.launcher.Launcher (has extras)} from uid 0
07-03 20:12:03.089  1958  2089 I Timeline: Timeline: App_transition_ready time:117045335
07-03 20:12:03.091 28263 28263 W ActivityThread: SCHED: com.BHG.gurbani/.MainActivity [83, r=260ms, a=53ms, w=4157ms]
07-03 20:12:03.099  1958  4806 I Timeline: Timeline: App_transition_ready time:117045344
07-03 20:12:03.101  1958  1997 I Timeline: Timeline: App_transition_ready time:117045347
07-03 20:12:03.127  1958  4415 I Timeline: Timeline: App_transition_ready time:117045372
07-03 20:12:03.132  1958  1997 I Timeline: Timeline: App_transition_ready time:117045377
07-03 20:12:03.161  1958  2647 I Timeline: Timeline: App_transition_ready time:117045407
07-03 20:12:03.182  1958  1997 I Timeline: Timeline: App_transition_ready time:117045428
07-03 20:12:03.224  1958  1997 I Timeline: Timeline: App_transition_ready time:117045469
07-03 20:12:03.283  1958  4806 W BaseMiuiPhoneWindowManager: keyCode:82 down:true eventTime:117045528 downTime:117045528 policyFlags:2b000002 flags:48 deviceId:-1 isScreenOn:true keyguardActive:false repeatCount:0
07-03 20:12:03.297  1958  2089 W WindowManager: Failed looking up window callers=com.android.server.wm.InputManagerCallback.interceptKeyBeforeDispatching:191 com.android.server.input.InputManagerService.interceptKeyBeforeDispatching:1920 <bottom of call stack>
07-03 20:12:03.367  1958  3901 W BaseMiuiPhoneWindowManager: keyCode:82 down:false eventTime:117045612 downTime:117045528 policyFlags:2b000002 flags:48 deviceId:-1 isScreenOn:true keyguardActive:false repeatCount:0
07-03 20:12:03.374  1958  2351 I Timeline: Timeline: Activity_windows_visible id: ActivityRecord{ddb1799 u0 com.miui.home/.launcher.Launcher t1} time:117045620
07-03 20:12:03.377  1958  1997 I Timeline: Timeline: App_transition_stopped time:117045623
07-03 20:12:03.405  1958  1996 W WindowManager: setLauncherState= 2
07-03 20:12:03.724  1958  2351 I ProcessManager: Kill reason OneKeyClean from pid=25324
07-03 20:12:03.792  1958  2351 I ProcessManager: mLruProcesses size=62
07-03 20:12:03.800  1958  2351 I ProcessManager: OneKeyClean: kill com.BHG.gurbani Adj=805 State=20
07-03 20:12:03.801  1958  2351 I ActivityManager: Killing 28263:com.BHG.gurbani/u0a776 (adj 805): OneKeyClean
07-03 20:12:03.801  1958  2351 I ProcessManager: OneKeyClean: kill com.android.vending Adj=100 State=4
07-03 20:12:03.802  1958  2351 I ActivityManager: Killing 26586:com.android.vending/u0a175 (adj 100): OneKeyClean
07-03 20:12:03.804  1958  2351 I ProcessManager: OneKeyClean: kill com.facebook.services Adj=815 State=20
07-03 20:12:03.805  1958  2351 I ActivityManager: Killing 28549:com.facebook.services/u0a100 (adj 815): OneKeyClean
07-03 20:12:03.806  1958  2351 I ProcessManager: OneKeyClean: kill com.whatsapp Adj=500 State=11
07-03 20:12:03.806  1958  2351 I ActivityManager: Killing 28430:com.whatsapp/u0a762 (adj 500): OneKeyClean
07-03 20:12:03.808  1958  2351 I ProcessManager: OneKeyClean: kill com.google.android.documentsui Adj=825 State=20
07-03 20:12:03.808  1958  2351 I ActivityManager: Killing 28004:com.google.android.documentsui/u0a66 (adj 825): OneKeyClean
07-03 20:12:03.809  1958  2351 I ProcessManager: OneKeyClean: kill com.android.vending:background Adj=100 State=5
07-03 20:12:03.809  1958  2351 I ActivityManager: Killing 26907:com.android.vending:background/u0a175 (adj 100): OneKeyClean
07-03 20:12:03.815  1958  2351 I ProcessManager: OneKeyClean: kill com.qti.diagservices Adj=500 State=11
07-03 20:12:03.815  1958  2351 I ActivityManager: Killing 28167:com.qti.diagservices/1000 (adj 500): OneKeyClean
07-03 20:12:03.816  1958  2351 I ProcessManager: OneKeyClean: kill com.qualcomm.telephony Adj=800 State=11
07-03 20:12:03.816  1958  2351 I ActivityManager: Killing 27940:com.qualcomm.telephony/u0a195 (adj 800): OneKeyClean
07-03 20:12:03.817  1958  2351 I ProcessManager: OneKeyClean: kill com.google.process.gservices Adj=835 State=20
07-03 20:12:03.817  1958  2351 I ActivityManager: Killing 26303:com.google.process.gservices/u0a185 (adj 835): OneKeyClean
07-03 20:12:03.818  1958  2351 I ProcessManager: OneKeyClean: kill com.google.android.webview:webview_service Adj=845 State=20
07-03 20:12:03.819  1958  2351 I ActivityManager: Killing 27815:com.google.android.webview:webview_service/u0a192 (adj 845): OneKeyClean
07-03 20:12:03.819  1958  2351 I ProcessManager: OneKeyClean: kill com.google.android.webview:sandboxed_process0:org.chromium.content.app.SandboxedProcessService0:0 Adj=855 State=20
07-03 20:12:03.820  1958  2351 I ActivityManager: Killing 27769:com.google.android.webview:sandboxed_process0:org.chromium.content.app.SandboxedProcessService0:0/u0a162i282 (adj 855): OneKeyClean
07-03 20:12:03.821  1958  2351 I ProcessManager: OneKeyClean: kill com.miui.global.packageinstaller Adj=875 State=20
07-03 20:12:03.821  1958  2351 I ActivityManager: Killing 27394:com.miui.global.packageinstaller/u0a162 (adj 875): OneKeyClean
07-03 20:12:03.823  1958  2351 I ProcessManager: OneKeyClean: kill com.android.chrome Adj=885 State=20
07-03 20:12:03.823  1958  2351 I ActivityManager: Killing 26477:com.android.chrome/u0a193 (adj 885): OneKeyClean
07-03 20:12:03.824  1958  2351 I ProcessManager: OneKeyClean: kill com.miui.msa.global Adj=100 State=9
07-03 20:12:03.824  1958  2351 I ActivityManager: Killing 26777:com.miui.msa.global/u0a123 (adj 100): OneKeyClean
07-03 20:12:03.825  1958  2351 I ProcessManager: OneKeyClean: kill com.android.chrome:privileged_process0 Adj=885 State=20
07-03 20:12:03.825  1958  2351 I ActivityManager: Killing 26605:com.android.chrome:privileged_process0/u0a193 (adj 885): OneKeyClean
07-03 20:12:03.826  1958  2351 I ProcessManager: OneKeyClean: kill com.miui.guardprovider Adj=100 State=5
07-03 20:12:03.826  1958  2351 I ActivityManager: Killing 26425:com.miui.guardprovider/u0a115 (adj 100): OneKeyClean
07-03 20:12:03.827  1958  2351 I ProcessManager: OneKeyClean: kill com.android.keychain Adj=895 State=20
07-03 20:12:03.827  1958  2351 I ActivityManager: Killing 27371:com.android.keychain/1000 (adj 895): OneKeyClean
07-03 20:12:03.828  1958  2351 I ProcessManager: OneKeyClean: kill com.qualcomm.qti.workloadclassifier Adj=800 State=11
07-03 20:12:03.828  1958  2351 I ActivityManager: Killing 26878:com.qualcomm.qti.workloadclassifier/1000 (adj 800): OneKeyClean
07-03 20:12:03.829  1958  2351 I ProcessManager: OneKeyClean: kill com.google.process.gapps Adj=905 State=20
07-03 20:12:03.829  1958  2351 I ActivityManager: Killing 26749:com.google.process.gapps/u0a185 (adj 905): OneKeyClean
07-03 20:12:03.830  1958  2351 I ProcessManager: OneKeyClean: kill com.android.chrome:sandboxed_process0:org.chromium.content.app.SandboxedProcessService0:0 Adj=915 State=20
07-03 20:12:03.831  1958  2351 I ActivityManager: Killing 26672:com.android.chrome:sandboxed_process0:org.chromium.content.app.SandboxedProcessService0:0/u0a193i-9000 (adj 915): OneKeyClean
07-03 20:12:03.831  1958  2351 I ProcessManager: OneKeyClean: kill com.google.android.youtube Adj=935 State=20
07-03 20:12:03.832  1958  2351 I ActivityManager: Killing 26243:com.google.android.youtube/u0a204 (adj 935): OneKeyClean
07-03 20:12:03.833  1958  2351 I ProcessManager: OneKeyClean: kill com.android.settings:remote Adj=800 State=11
07-03 20:12:03.834  1958  2351 I ActivityManager: Killing 26451:com.android.settings:remote/1000 (adj 800): OneKeyClean
07-03 20:12:03.835  1958  2351 I ProcessManager: OneKeyClean: kill com.android.smspush Adj=100 State=7
07-03 20:12:03.836  1958  2351 I ActivityManager: Killing 26223:com.android.smspush/u0a155 (adj 100): OneKeyClean
07-03 20:12:03.892  1958  4806 W ActivityManager: Scheduling restart of crashed service com.miui.global.packageinstaller/org.chromium.content.app.SandboxedProcessService0:0 in 1000ms
07-03 20:12:03.920  1958  2647 W ActivityManager: Scheduling restart of crashed service com.qualcomm.atfwd/.AtFwdService in 123688ms
07-03 20:12:03.927  1958  1981 I AutoStartManagerService: MIUILOG- Reject RestartService packageName :com.miui.guardprovider uid : 10115
07-03 20:12:03.931  1958  2645 W ActivityManager: Scheduling restart of crashed service com.qti.diagservices/.QTIDiagServices in 163676ms
07-03 20:12:03.942  1958  2646 W ActivityManager: Scheduling restart of crashed service com.qualcomm.qti.workloadclassifier/.WLCService in 83704ms
07-03 20:12:03.946  1958  3906 W ActivityManager: Scheduling restart of crashed service com.android.chrome/org.chromium.content.app.SandboxedProcessService0:0 in 10946ms
07-03 20:12:03.952  1958  2645 W ActivityManager: Scheduling restart of crashed service com.android.smspush/.WapPushManager in 20940ms
07-03 20:12:03.955  1958  4415 W ActivityManager: Scheduling restart of crashed service com.android.chrome/org.chromium.content.app.PrivilegedProcessService0 in 30937ms
07-03 20:12:03.989  1958  3901 W ActivityManager: Scheduling restart of crashed service com.whatsapp/.messaging.MessageService in 282484ms
07-03 20:12:03.993  1958  1996 W ActivityManager: setHasOverlayUi called on unknown pid: 28004
07-03 20:12:03.997  1958  2348 W ActivityManager: Scheduling restart of crashed service com.android.settings/.dangerousoptions.DangerousOptionsWarningService in 242524ms
07-03 20:12:04.024  1958  4692 W ActivityManager: Scheduling restart of crashed service com.android.vending/com.google.frameworks.client.data.android.server.play.BackgroundProcessEndpointService in 40869ms
07-03 20:12:04.038  1958  1958 W ActivityManager: Exception when unbinding service com.miui.msa.global/com.miui.systemAdSolution.splashscreen.SplashScreenService
07-03 20:12:04.038  1958  1958 W ActivityManager: android.os.DeadObjectException
07-03 20:12:04.038  1958  1958 W ActivityManager:       at android.os.BinderProxy.transactNative(Native Method)
07-03 20:12:04.038  1958  1958 W ActivityManager:       at android.os.BinderProxy.transact(BinderProxy.java:511)
07-03 20:12:04.038  1958  1958 W ActivityManager:       at android.app.IApplicationThread$Stub$Proxy.scheduleUnbindService(IApplicationThread.java:1627)
07-03 20:12:04.038  1958  1958 W ActivityManager:       at com.android.server.am.ActiveServices.removeConnectionLocked(ActiveServices.java:3440)
07-03 20:12:04.038  1958  1958 W ActivityManager:       at com.android.server.am.ActiveServices.unbindServiceLocked(ActiveServices.java:2091)
07-03 20:12:04.038  1958  1958 W ActivityManager:       at com.android.server.am.ActivityManagerService.unbindService(ActivityManagerService.java:14480)
07-03 20:12:04.038  1958  1958 W ActivityManager:       at android.app.ContextImpl.unbindService(ContextImpl.java:1789)
07-03 20:12:04.038  1958  1958 W ActivityManager:       at com.miui.server.SplashScreenServiceDelegate$2.onServiceDisconnected(SplashScreenServiceDelegate.java:185)
07-03 20:12:04.038  1958  1958 W ActivityManager:       at android.app.LoadedApk$ServiceDispatcher.doDeath(LoadedApk.java:1977)
07-03 20:12:04.038  1958  1958 W ActivityManager:       at android.app.LoadedApk$ServiceDispatcher$RunConnection.run(LoadedApk.java:1992)
07-03 20:12:04.038  1958  1958 W ActivityManager:       at android.os.Handler.handleCallback(Handler.java:883)
07-03 20:12:04.038  1958  1958 W ActivityManager:       at android.os.Handler.dispatchMessage(Handler.java:100)
07-03 20:12:04.038  1958  1958 W ActivityManager:       at android.os.Looper.loop(Looper.java:224)
07-03 20:12:04.038  1958  1958 W ActivityManager:       at com.android.server.SystemServer.run(SystemServer.java:563)
07-03 20:12:04.038  1958  1958 W ActivityManager:       at com.android.server.SystemServer.main(SystemServer.java:367)
07-03 20:12:04.038  1958  1958 W ActivityManager:       at java.lang.reflect.Method.invoke(Native Method)
07-03 20:12:04.038  1958  1958 W ActivityManager:       at com.android.internal.os.RuntimeInit$MethodAndArgsCaller.run(RuntimeInit.java:539)
07-03 20:12:04.038  1958  1958 W ActivityManager:       at com.android.internal.os.ZygoteInit.main(ZygoteInit.java:928)
07-03 20:12:04.042  1958  2351 W ActivityManager: Scheduling restart of crashed service com.miui.msa.global/com.zeus.gmc.sdk.mobileads.msa.odi.service.OnDeviceIntelligenceService in 402396ms
07-03 20:12:04.047  1958  1979 W ActivityManager: Scheduling restart of crashed service com.android.vending/com.google.android.finsky.setup.dse.impl.DseService in 40845ms
07-03 20:12:04.048  1958  1979 W ActivityManager: Scheduling restart of crashed service com.android.vending/com.google.android.finsky.developergroupidinfo.DeveloperGroupIdInfoService in 65091ms
07-03 20:12:04.060  1958  5236 W ActivityManager: Scheduling restart of crashed service com.android.chrome/org.chromium.chrome.browser.customtabs.CustomTabsConnectionService in 10831ms
07-03 20:12:04.098  1958  4415 I WindowManager: WIN DEATH: Window{4ce1fe4 u0 com.BHG.gurbani/com.BHG.gurbani.MainActivity}
07-03 20:12:04.108  1958  1996 W ActivityManager: setHasOverlayUi called on unknown pid: 28263
07-03 20:12:04.110  1958  1996 W WindowManager: setLauncherState= 1
07-03 20:12:04.403  1958  5269 E WindowManager: App trying to use insecure INPUT_FEATURE_NO_INPUT_CHANNEL flag. Ignoring
07-03 20:12:06.410  1958  4806 W NotificationService: Toast already killed. pkg=com.miui.home callback=android.app.ITransientNotification$Stub$Proxy@f786ea7
07-03 20:12:07.907  1958  1996 W WindowManager: Unable to start animation, surface is null or no children.
07-03 20:12:14.055  1958  2011 I ActivityManager: Start proc 28617:com.miui.msa.global/u0a123 for service {com.miui.msa.global/com.miui.systemAdSolution.splashscreen.SplashScreenService} caller=android
07-03 20:12:15.789  1958  5269 W ActivityManager: Receiver with filter android.content.IntentFilter@c52a27b already registered for pid 28617, callerPackage is com.miui.msa.global
07-03 20:12:15.793  1958  5269 W ActivityManager: Receiver with filter android.content.IntentFilter@2d25cd6 already registered for pid 28617, callerPackage is com.miui.msa.global
07-03 20:12:17.409  1958  1958 W WindowManager: removeWindowToken: Attempted to remove non-existing token: android.os.Binder@b07ebde
07-03 20:12:19.541  1958  2007 I UsbPortManager: ClientCallback V1_0: otg_default
07-03 20:12:21.591  1958  2011 I ActivityManager: Start proc 29105:com.google.android.youtube/u0a204 for service {com.google.android.youtube/androidx.work.impl.background.systemjob.SystemJobService} caller=android
07-03 20:12:22.169  1958  2011 I ActivityManager: Start proc 29167:com.google.process.gservices/u0a185 for content provider {com.google.android.gsf/com.google.android.gsf.gservices.GservicesProvider} caller=com.google.android.youtube
07-03 20:12:22.358 29105 29136 W BpBinder: Slow Binder: BpBinder transact took 227ms, interface=android.app.IActivityManager, code=20 oneway=false
07-03 20:12:22.859  1958  2010 W BroadcastQueue: Permission Denial: broadcasting Intent { act=android.net.conn.CONNECTIVITY_CHANGE flg=0x4200010 (has extras) } from null (pid=-1, uid=-1) requires com.google.android.youtube.DYNAMIC_RECEIVER_NOT_EXPORTED_PERMISSION due to registered receiver BroadcastFilter{9dff5d0 10204/u0 ReceiverList{bc99193 29105 com.google.android.youtube/10204/u0 remote:8db0682}}
07-03 20:12:24.146  1958  2011 I ActivityManager: Start proc 29237:com.android.chrome/u0a193 for service {com.android.chrome/org.chromium.chrome.browser.customtabs.CustomTabsConnectionService} caller=com.google.android.youtube
07-03 20:12:24.933  1958  2011 I ActivityManager: Start proc 29294:com.android.smspush/u0a155 for service {com.android.smspush/com.android.smspush.WapPushManager} caller=com.android.phone
07-03 20:12:25.323  1958  2011 I ActivityManager: Start proc 29330:com.android.chrome:privileged_process0/u0a193 for service {com.android.chrome/org.chromium.content.app.PrivilegedProcessService0} caller=com.android.chrome
07-03 20:12:25.357  1958  2011 I ActivityManager: Start proc 29351:com.android.vending/u0a175 for service {com.android.vending/com.google.android.finsky.installservice.DevTriggeredUpdateService} caller=com.android.chrome
07-03 20:12:26.076 29237 29237 W Looper  : Slow Looper main: Long Msg: seq=12 plan=20:12:24.484  late=0ms wall=1591ms running=413ms runnable=10ms io=862ms h=android.os.Handler c=W96
07-03 20:12:26.338  1958  2011 W ActivityManager: Slow operation: 257ms so far, now at startProcess: returned from zygote!
07-03 20:12:26.340  1958  2011 W ActivityManager: Slow operation: 259ms so far, now at startProcess: done updating battery stats
07-03 20:12:26.340  1958  2011 W ActivityManager: Slow operation: 259ms so far, now at startProcess: building log message
07-03 20:12:26.340  1958  2011 I ActivityManager: Start proc 29401:com.android.chrome:sandboxed_process0:org.chromium.content.app.SandboxedProcessService0:0/u0ai0 for  {com.android.chrome/org.chromium.content.app.SandboxedProcessService0:0} caller=com.android.chrome
07-03 20:12:26.340  1958  2011 W ActivityManager: Slow operation: 259ms so far, now at startProcess: starting to updatepids map
07-03 20:12:26.340  1958  2011 W ActivityManager: Slow operation: 259ms so far, now at startProcess: done updating pidsmap
07-03 20:12:26.983 29351 29351 W Looper  : Slow Looper main: Long Msg: seq=2 plan=20:12:25.387  late=2ms wall=1593ms running=226ms runnable=71ms io=905ms h=android.app.ActivityThread$H w=110
07-03 20:12:27.239  1958  2011 I ActivityManager: Start proc 29489:com.google.process.gapps/u0a185 for content provider{com.google.android.gsf/com.google.android.gsf.settings.GoogleSettingsProvider} caller=com.android.vending
07-03 20:12:27.490 29351 29443 W BpBinder: Slow Binder: BpBinder transact took 285ms, interface=android.app.IActivityManager, code=20 oneway=false
07-03 20:12:27.730  1958  2011 I ActivityManager: Start proc 29542:com.android.vending:background/u0a175 for service {com.android.vending/com.google.frameworks.client.data.android.server.play.BackgroundProcessEndpointService} caller=com.android.vending
07-03 20:12:31.920 25324 25324 I Timeline: Timeline: Activity_launch_request time:117074166
07-03 20:12:31.922  1958  5269 I ActivityTaskManager: START u0 {act=android.intent.action.MAIN cat=[android.intent.category.LAUNCHER] flg=0x10200000 cmp=com.BHG.gurbani/.SplashActivity bnds=[580,758][756,934] (has extras)} from uid 10094
07-03 20:12:31.954 25324 25324 W ActivityThread: SCHED: com.miui.home/.launcher.Launcher [76, r=158ms, a=49ms, w=28808ms]
07-03 20:12:32.025  1958  2011 I ActivityManager: Start proc 29627:com.BHG.gurbani/u0a776 for activity {com.BHG.gurbani/com.BHG.gurbani.SplashActivity} caller=com.miui.home
07-03 20:12:32.061  1958  1997 I Timeline: Timeline: App_transition_ready time:117074306
07-03 20:12:32.257  1958  1997 I Timeline: Timeline: App_transition_stopped time:117074503
07-03 20:12:32.333  1958  5255 E WindowManager: App trying to use insecure INPUT_FEATURE_NO_INPUT_CHANNEL flag. Ignoring
07-03 20:12:32.373  1958  1997 I Timeline: Timeline: Activity_windows_visible id: ActivityRecord{ee78c4f u0 com.BHG.gurbani/.SplashActivity t1642} time:117074619
07-03 20:12:35.325 29627 29627 I Timeline: Timeline: Activity_launch_request time:117077571
07-03 20:12:35.327  1958  5255 I ActivityTaskManager: START u0 {cmp=com.BHG.gurbani/.AuthActivity} from uid 10776
07-03 20:12:35.346 29627 29627 W ActivityThread: SCHED: com.BHG.gurbani/.SplashActivity [57, r=20ms, a=15ms, w=3021ms]
07-03 20:12:35.350  1958  4806 I ActivityTaskManager: The Process com.BHG.gurbani Already Exists in BG. So sending its PID: 29627
07-03 20:12:35.355  1958  4806 I Timeline: Timeline: App_transition_ready time:117077600
07-03 20:12:35.492 29627 29627 I Timeline: Timeline: Activity_launch_request time:117077738
07-03 20:12:35.493  1958  5269 I ActivityTaskManager: START u0 {cmp=com.BHG.gurbani/.MainActivity} from uid 10776
07-03 20:12:35.506  1958  5255 I ActivityTaskManager: The Process com.BHG.gurbani Already Exists in BG. So sending its PID: 29627
07-03 20:12:35.509  1958  5255 I Timeline: Timeline: App_transition_ready time:117077755
07-03 20:12:35.511  1958  1997 I Timeline: Timeline: App_transition_ready time:117077757
07-03 20:12:35.621  1958  5236 E WindowManager: App trying to use insecure INPUT_FEATURE_NO_INPUT_CHANNEL flag. Ignoring
07-03 20:12:35.660  1958  5269 I Timeline: Timeline: App_transition_ready time:117077906
07-03 20:12:35.661  1958  5269 I Timeline: Timeline: App_transition_ready time:117077907
07-03 20:12:35.700  1958  1997 I Timeline: Timeline: App_transition_ready time:117077946
07-03 20:12:35.954  1958  1997 I Timeline: Timeline: Activity_windows_visible id: ActivityRecord{39054e8 u0 com.BHG.gurbani/.MainActivity t1642} time:117078200
07-03 20:12:35.956  1958  1997 I Timeline: Timeline: App_transition_stopped time:117078202
07-03 20:12:38.992 29627 29627 I Timeline: Timeline: Activity_launch_request time:117081238
07-03 20:12:38.994  1958  5255 I ActivityTaskManager: START u0 {cmp=com.BHG.gurbani/.UploadActivity} from uid 10776
07-03 20:12:39.006 29627 29627 W ActivityThread: SCHED: com.BHG.gurbani/.MainActivity [82, r=239ms, a=49ms, w=3400ms]
07-03 20:12:39.010  1958  5255 I ActivityTaskManager: The Process com.BHG.gurbani Already Exists in BG. So sending its PID: 29627
07-03 20:12:39.014  1958  5255 I Timeline: Timeline: App_transition_ready time:117081259
07-03 20:12:39.088  1958  5255 E WindowManager: App trying to use insecure INPUT_FEATURE_NO_INPUT_CHANNEL flag. Ignoring
07-03 20:12:39.110  1958  5236 I Timeline: Timeline: App_transition_ready time:117081355
07-03 20:12:39.112  1958  5236 I Timeline: Timeline: App_transition_ready time:117081358
07-03 20:12:39.159  1958  1997 I Timeline: Timeline: App_transition_ready time:117081405
07-03 20:12:39.422  1958  1997 I Timeline: Timeline: Activity_windows_visible id: ActivityRecord{ed81cc1 u0 com.BHG.gurbani/.UploadActivity t1642} time:117081668
07-03 20:12:39.424  1958  1997 I Timeline: Timeline: App_transition_stopped time:117081670
07-03 20:12:40.521   788   903 W EventThreadInspector: slow VSync-sf on display(19260784713820289), count=1, avg=32 ms,max=32 ms.
07-03 20:12:40.965  1958  5269 I WindowManager: input method visible height changed 786
07-03 20:12:42.510 29627 29627 I Timeline: Timeline: Activity_launch_request time:117084756
07-03 20:12:42.512  1958  4807 I ActivityTaskManager: START u0 {act=android.intent.action.GET_CONTENT typ=image/* cmp=com.google.android.documentsui/com.android.documentsui.picker.PickActivity} from uid 10776
07-03 20:12:42.523 29627 29627 W ActivityThread: SCHED: com.BHG.gurbani/.UploadActivity [64, r=85ms, a=47ms, w=3440ms]
07-03 20:12:42.570  1958  2011 I ActivityManager: Start proc 29797:com.google.android.documentsui/u0a66 for activity {com.google.android.documentsui/com.android.documentsui.picker.PickActivity} caller=com.BHG.gurbani
07-03 20:12:42.620  1958  1997 I Timeline: Timeline: App_transition_ready time:117084866
07-03 20:12:42.891  1958  1997 I Timeline: Timeline: App_transition_stopped time:117085137
07-03 20:12:42.931  1958  5255 E WindowManager: App trying to use insecure INPUT_FEATURE_NO_INPUT_CHANNEL flag. Ignoring
07-03 20:12:42.934 29797 29797 W Looper  : Slow Looper main: Activity com.google.android.documentsui/com.android.documentsui.picker.PickActivity is 326ms late (wall=0ms running=0ms ClientTransaction{ callbacks=[android.app.servertransaction.TopResumedActivityChangeItem] }) because of 3 msg, msg 2 took 185ms (seq=2 running=70ms runnable=21ms io=60ms late=1msh=android.app.ActivityThread$H w=110), msg 3 took 140ms (seq=3 running=53ms runnable=10ms io=19ms late=186ms h=android.app.ActivityThread$H w=159)
07-03 20:12:43.111  1958  1997 I Timeline: Timeline: Activity_windows_visible id: ActivityRecord{268d303 u0 com.google.android.documentsui/com.android.documentsui.picker.PickActivity t1642} time:117085356
07-03 20:12:43.169  1958  5255 I WindowManager: input method visible height changed 0
07-03 20:12:44.848 29797 29797 W ActivityThread: SCHED: com.google.android.documentsui/com.android.documentsui.picker.PickActivity [89, r=301ms, a=34ms, w=1927ms]
07-03 20:12:44.856  1958  5255 I Timeline: Timeline: App_transition_ready time:117087102
07-03 20:12:44.861  1958  4807 I Timeline: Timeline: App_transition_ready time:117087107
07-03 20:12:44.866 29627 29627 I Timeline: Timeline: Activity_launch_request time:117087112
07-03 20:12:44.869  1958  5269 W ActivityTaskManager: aInfo is null for resolve intent: Intent { cmp=com.BHG.gurbani/com.yalantis.ucrop.UCropActivity (has extras) }
07-03 20:12:44.870  1958  5269 W ActivityTaskManagerServiceInjector: Intent or aInfo is null!
07-03 20:12:44.871  1958  5269 I ActivityTaskManager: START u0 {cmp=com.BHG.gurbani/com.yalantis.ucrop.UCropActivity (has extras)} from uid 10776
07-03 20:12:44.873 29627 29627 E AndroidRuntime: FATAL EXCEPTION: main
07-03 20:12:44.873 29627 29627 E AndroidRuntime: Process: com.BHG.gurbani, PID: 29627
07-03 20:12:44.873 29627 29627 E AndroidRuntime: java.lang.RuntimeException: Failure delivering result ResultInfo{who=null, request=101, result=-1, data=Intent { dat=content://com.android.providers.media.documents/document/image:5857 flg=0x1 }} to activity {com.BHG.gurbani/com.BHG.gurbani.UploadActivity}: android.content.ActivityNotFoundException: Unable tofind explicit activity class {com.BHG.gurbani/com.yalantis.ucrop.UCropActivity}; have you declared this activity in your AndroidManifest.xml?
07-03 20:12:44.873 29627 29627 E AndroidRuntime:        at android.app.ActivityThread.deliverResults(ActivityThread.java:4960)
07-03 20:12:44.873 29627 29627 E AndroidRuntime:        at android.app.ActivityThread.handleSendResult(ActivityThread.java:5001)
07-03 20:12:44.873 29627 29627 E AndroidRuntime:        at android.app.servertransaction.ActivityResultItem.execute(ActivityResultItem.java:51)
07-03 20:12:44.873 29627 29627 E AndroidRuntime:        at android.app.servertransaction.TransactionExecutor.executeCallbacks(TransactionExecutor.java:135)
07-03 20:12:44.873 29627 29627 E AndroidRuntime:        at android.app.servertransaction.TransactionExecutor.execute(TransactionExecutor.java:95)
07-03 20:12:44.873 29627 29627 E AndroidRuntime:        at android.app.ActivityThread$H.handleMessage(ActivityThread.java:2047)
07-03 20:12:44.873 29627 29627 E AndroidRuntime:        at android.os.Handler.dispatchMessage(Handler.java:107)
07-03 20:12:44.873 29627 29627 E AndroidRuntime:        at android.os.Looper.loop(Looper.java:224)
07-03 20:12:44.873 29627 29627 E AndroidRuntime:        at android.app.ActivityThread.main(ActivityThread.java:7592)
07-03 20:12:44.873 29627 29627 E AndroidRuntime:        at java.lang.reflect.Method.invoke(Native Method)
07-03 20:12:44.873 29627 29627 E AndroidRuntime:        at com.android.internal.os.RuntimeInit$MethodAndArgsCaller.run(RuntimeInit.java:539)
07-03 20:12:44.873 29627 29627 E AndroidRuntime:        at com.android.internal.os.ZygoteInit.main(ZygoteInit.java:950)
07-03 20:12:44.873 29627 29627 E AndroidRuntime: Caused by: android.content.ActivityNotFoundException: Unable to find explicit activity class {com.BHG.gurbani/com.yalantis.ucrop.UCropActivity}; have you declared this activity in your AndroidManifest.xml?
07-03 20:12:44.873 29627 29627 E AndroidRuntime:        at android.app.Instrumentation.checkStartActivityResult(Instrumentation.java:2064)
07-03 20:12:44.873 29627 29627 E AndroidRuntime:        at android.app.Instrumentation.execStartActivity(Instrumentation.java:1720)
07-03 20:12:44.873 29627 29627 E AndroidRuntime:        at android.app.Activity.startActivityForResult(Activity.java:5258)
07-03 20:12:44.873 29627 29627 E AndroidRuntime:        at androidx.activity.ComponentActivity.startActivityForResult(ComponentActivity.java:780)
07-03 20:12:44.873 29627 29627 E AndroidRuntime:        at android.app.Activity.startActivityForResult(Activity.java:5216)
07-03 20:12:44.873 29627 29627 E AndroidRuntime:        at androidx.activity.ComponentActivity.startActivityForResult(ComponentActivity.java:761)
07-03 20:12:44.873 29627 29627 E AndroidRuntime:        at com.yalantis.ucrop.UCrop.start(UCrop.java:138)
07-03 20:12:44.873 29627 29627 E AndroidRuntime:        at com.yalantis.ucrop.UCrop.start(UCrop.java:128)
07-03 20:12:44.873 29627 29627 E AndroidRuntime:        at com.BHG.gurbani.UploadActivity.onActivityResult(UploadActivity.kt:68)
07-03 20:12:44.873 29627 29627 E AndroidRuntime:        at android.app.Activity.dispatchActivityResult(Activity.java:8249)
07-03 20:12:44.873 29627 29627 E AndroidRuntime:        at android.app.ActivityThread.deliverResults(ActivityThread.java:4953)
07-03 20:12:44.873 29627 29627 E AndroidRuntime:        ... 11 more
07-03 20:12:44.880  1958  4807 W ActivityTaskManager:   Force finishing activity com.BHG.gurbani/.UploadActivity
07-03 20:12:44.880  1958 29833 I DropBoxManagerService: add tag=data_app_crash isTagEnabled=true flags=0x2
07-03 20:12:44.890  1958  2010 W BroadcastQueue: Background execution not allowed: receiving Intent { act=android.intent.action.DROPBOX_ENTRY_ADDED flg=0x10 (has extras) } to com.google.android.gms/.stats.service.DropBoxEntryAddedReceiver
07-03 20:12:45.014  1958  4415 I WindowManager: WIN DEATH: Window{12cb89f u0 com.BHG.gurbani/com.BHG.gurbani.UploadActivity}
07-03 20:12:45.019  1958  2202 I WindowManager: WIN DEATH: Window{8f6c818 u0 com.BHG.gurbani/com.BHG.gurbani.MainActivity}
07-03 20:12:45.021  1958  5270 I ActivityManager: Process com.BHG.gurbani (pid 29627) has died: fore TOP
07-03 20:12:45.038  1958  1996 W ActivityManager: setHasOverlayUi called on unknown pid: 29627
07-03 20:12:45.085  1958  2011 I ActivityManager: Start proc 29862:com.BHG.gurbani/u0a776 for activity {com.BHG.gurbani/com.BHG.gurbani.MainActivity} caller=com.BHG.gurbani
07-03 20:12:45.108  1958  1997 I Timeline: Timeline: App_transition_ready time:117087354
07-03 20:12:45.108  1958  1997 I Timeline: Timeline: App_transition_stopped time:117087354
07-03 20:12:45.382  1958  1996 W ActivityTaskManager: Activity top resumed state loss timeout for ActivityRecord{ed81cc1 u0 com.BHG.gurbani/.UploadActivity t-1 f}
07-03 20:12:45.427  1958  3901 E WindowManager: App trying to use insecure INPUT_FEATURE_NO_INPUT_CHANNEL flag. Ignoring
07-03 20:12:45.489  1958  1997 I Timeline: Timeline: Activity_windows_visible id: ActivityRecord{39054e8 u0 com.BHG.gurbani/.MainActivity t1642} time:117087735
07-03 20:12:49.225  1958  2348 W BaseMiuiPhoneWindowManager: keyCode:3 down:true eventTime:117091470 downTime:117091470policyFlags:2b000002 flags:48 deviceId:-1 isScreenOn:true keyguardActive:false repeatCount:0
07-03 20:12:49.295  1958  2348 W BaseMiuiPhoneWindowManager: keyCode:3 down:false eventTime:117091541 downTime:117091470 policyFlags:2b000002 flags:48 deviceId:-1 isScreenOn:true keyguardActive:false repeatCount:0
07-03 20:12:49.301  1958  2089 I ActivityTaskManager: START u0 {act=android.intent.action.MAIN cat=[android.intent.category.HOME] flg=0x10000100 cmp=com.miui.home/.launcher.Launcher (has extras)} from uid 0
07-03 20:12:49.317  1958  2089 I Timeline: Timeline: App_transition_ready time:117091563
07-03 20:12:49.319 29862 29862 W ActivityThread: SCHED: com.BHG.gurbani/.MainActivity [80, r=227ms, a=55ms, w=3901ms]
07-03 20:12:49.323  1958  3906 I Timeline: Timeline: App_transition_ready time:117091568
07-03 20:12:49.328  1958  1997 I Timeline: Timeline: App_transition_ready time:117091574
07-03 20:12:49.355  1958  3901 I Timeline: Timeline: App_transition_ready time:117091600
07-03 20:12:49.364  1958  1997 I Timeline: Timeline: App_transition_ready time:117091610
07-03 20:12:49.392  1958  1997 I Timeline: Timeline: App_transition_ready time:117091637
07-03 20:12:49.693  1958  3906 W BaseMiuiPhoneWindowManager: keyCode:82 down:true eventTime:117091937 downTime:117091937 policyFlags:2b000002 flags:48 deviceId:-1 isScreenOn:true keyguardActive:false repeatCount:0
07-03 20:12:49.755  1958  3906 W BaseMiuiPhoneWindowManager: keyCode:82 down:false eventTime:117092000 downTime:117091937 policyFlags:2b000002 flags:48 deviceId:-1 isScreenOn:true keyguardActive:false repeatCount:0
07-03 20:12:49.775  1958  2348 I Timeline: Timeline: Activity_windows_visible id: ActivityRecord{ddb1799 u0 com.miui.home/.launcher.Launcher t1} time:117092021
07-03 20:12:49.778  1958  1997 I Timeline: Timeline: App_transition_stopped time:117092023
07-03 20:12:49.797  1958  1996 W WindowManager: setLauncherState= 2
07-03 20:12:50.264  1958  2348 I ProcessManager: Kill reason OneKeyClean from pid=25324
07-03 20:12:50.269  1958  2348 I ProcessManager: mLruProcesses size=51
07-03 20:12:50.282  1958  2348 I ProcessManager: OneKeyClean: kill com.BHG.gurbani Adj=805 State=20
07-03 20:12:50.282  1958  2348 I ActivityManager: Killing 29862:com.BHG.gurbani/u0a776 (adj 805): OneKeyClean
07-03 20:12:50.284  1958  2348 I ProcessManager: OneKeyClean: kill com.google.android.documentsui Adj=815 State=20
07-03 20:12:50.285  1958  2348 I ActivityManager: Killing 29797:com.google.android.documentsui/u0a66 (adj 815): OneKeyClean
07-03 20:12:50.286  1958  2348 I ProcessManager: OneKeyClean: kill com.android.vending:background Adj=825 State=20
07-03 20:12:50.287  1958  2348 I ActivityManager: Killing 29542:com.android.vending:background/u0a175 (adj 825): OneKeyClean
07-03 20:12:50.289  1958  2348 I ProcessManager: OneKeyClean: kill com.android.vending Adj=835 State=20
07-03 20:12:50.289  1958  2348 I ActivityManager: Killing 29351:com.android.vending/u0a175 (adj 835): OneKeyClean
07-03 20:12:50.290  1958  2348 I ProcessManager: OneKeyClean: kill com.google.process.gapps Adj=845 State=20
07-03 20:12:50.290  1958  2348 I ActivityManager: Killing 29489:com.google.process.gapps/u0a185 (adj 845): OneKeyClean
07-03 20:12:50.291  1958  2348 I ProcessManager: OneKeyClean: kill com.google.process.gservices Adj=855 State=20
07-03 20:12:50.295  1958  2348 I ActivityManager: Killing 29167:com.google.process.gservices/u0a185 (adj 855): OneKeyClean
07-03 20:12:50.296  1958  2348 I ProcessManager: OneKeyClean: kill com.android.chrome:sandboxed_process0:org.chromium.content.app.SandboxedProcessService0:0 Adj=865 State=20
07-03 20:12:50.296  1958  2348 I ActivityManager: Killing 29401:com.android.chrome:sandboxed_process0:org.chromium.content.app.SandboxedProcessService0:0/u0a193i-9000 (adj 865): OneKeyClean
07-03 20:12:50.297  1958  2348 I ProcessManager: OneKeyClean: kill com.android.chrome:privileged_process0 Adj=875 State=20
07-03 20:12:50.297  1958  2348 I ActivityManager: Killing 29330:com.android.chrome:privileged_process0/u0a193 (adj 875): OneKeyClean
07-03 20:12:50.298  1958  2348 I ProcessManager: OneKeyClean: kill com.android.smspush Adj=100 State=7
07-03 20:12:50.299  1958  2348 I ActivityManager: Killing 29294:com.android.smspush/u0a155 (adj 100): OneKeyClean
07-03 20:12:50.300  1958  2348 I ProcessManager: OneKeyClean: kill com.google.android.youtube Adj=885 State=20
07-03 20:12:50.300  1958  2348 I ActivityManager: Killing 29105:com.google.android.youtube/u0a204 (adj 885): OneKeyClean
07-03 20:12:50.302  1958  2348 I ProcessManager: OneKeyClean: kill com.android.chrome Adj=895 State=20
07-03 20:12:50.302  1958  2348 I ActivityManager: Killing 29237:com.android.chrome/u0a193 (adj 895): OneKeyClean
07-03 20:12:50.303  1958  2348 I ProcessManager: OneKeyClean: kill com.miui.msa.global Adj=100 State=9
07-03 20:12:50.304  1958  2348 I ActivityManager: Killing 28617:com.miui.msa.global/u0a123 (adj 100): OneKeyClean
07-03 20:12:50.364  1958  5270 W ActivityManager: Scheduling restart of crashed service com.android.smspush/.WapPushManager in 87245ms
07-03 20:12:50.370  1958  4597 W ActivityManager: Scheduling restart of crashed service com.android.chrome/org.chromium.content.app.PrivilegedProcessService0 in 18768ms
07-03 20:12:50.373  1958  4807 W ActivityManager: Scheduling restart of crashed service com.android.chrome/org.chromium.content.app.SandboxedProcessService0:0 in 47274ms
07-03 20:12:50.377  1958  2014 E KernelCpuUidUserSysTimeReader: Negative user/sys time delta for UID=10162
07-03 20:12:50.377  1958  2014 E KernelCpuUidUserSysTimeReader: Prev times: u=383058 s=185984 Curr times: u=382671 s=185712
07-03 20:12:50.377  1958  2014 E KernelCpuUidUserSysTimeReader: Negative user/sys time delta for UID=10115
07-03 20:12:50.377  1958  2014 E KernelCpuUidUserSysTimeReader: Prev times: u=96789 s=14360 Curr times: u=96677 s=14327
07-03 20:12:50.378  1958  2014 E KernelCpuUidUserSysTimeReader: Negative user/sys time delta for UID=10762
07-03 20:12:50.378  1958  2014 E KernelCpuUidUserSysTimeReader: Prev times: u=701915 s=238147 Curr times: u=701790 s=238036
07-03 20:12:50.378  1958  2014 E KernelCpuUidUserSysTimeReader: Negative user/sys time delta for UID=10100
07-03 20:12:50.378  1958  2014 E KernelCpuUidUserSysTimeReader: Prev times: u=39179 s=19608 Curr times: u=39054 s=19579
07-03 20:12:50.378  1958  2014 E KernelCpuUidUserSysTimeReader: Negative user/sys time delta for UID=10155
07-03 20:12:50.378  1958  2014 E KernelCpuUidUserSysTimeReader: Prev times: u=10841 s=7279 Curr times: u=10875 s=7259
07-03 20:12:50.407  1958  1996 W ActivityManager: setHasOverlayUi called on unknown pid: 29797
07-03 20:12:50.416  1958  1958 W ActivityManager: Exception when unbinding service com.miui.msa.global/com.miui.systemAdSolution.splashscreen.SplashScreenService
07-03 20:12:50.416  1958  1958 W ActivityManager: android.os.DeadObjectException
07-03 20:12:50.416  1958  1958 W ActivityManager:       at android.os.BinderProxy.transactNative(Native Method)
07-03 20:12:50.416  1958  1958 W ActivityManager:       at android.os.BinderProxy.transact(BinderProxy.java:511)
07-03 20:12:50.416  1958  1958 W ActivityManager:       at android.app.IApplicationThread$Stub$Proxy.scheduleUnbindService(IApplicationThread.java:1627)
07-03 20:12:50.416  1958  1958 W ActivityManager:       at com.android.server.am.ActiveServices.removeConnectionLocked(ActiveServices.java:3440)
07-03 20:12:50.416  1958  1958 W ActivityManager:       at com.android.server.am.ActiveServices.unbindServiceLocked(ActiveServices.java:2091)
07-03 20:12:50.416  1958  1958 W ActivityManager:       at com.android.server.am.ActivityManagerService.unbindService(ActivityManagerService.java:14480)
07-03 20:12:50.416  1958  1958 W ActivityManager:       at android.app.ContextImpl.unbindService(ContextImpl.java:1789)
