06-29 19:28:07.639  1958  2022 I PackageManager: Un-granting permission com.google.android.providers.gsf.permission.WRITE_GSERVICES from package com.google.android.apps.playconsole (protectionLevel=2 flags=0x2088be44)
06-29 19:28:07.640  1958  2022 I PackageManager: Un-granting permission android.permission.WRITE_SECURE_SETTINGS from package com.android.printspooler (protectionLevel=50 flags=0x38c8be45)
06-29 19:28:07.640  1958  2022 I PackageManager: Un-granting permission android.permission.CHANGE_CONFIGURATION from package com.duokan.phone.remotecontroller (protectionLevel=50 flags=0x20983e44)
06-29 19:28:07.640  1958  2022 I PackageManager: Un-granting permission android.permission.CAPTURE_AUDIO_OUTPUT from package com.duokan.phone.remotecontroller (protectionLevel=18 flags=0x20983e44)
06-29 19:28:07.640  1958  2022 I PackageManager: Un-granting permission com.xiaomi.permission.CLOUD_MANAGER from package com.duokan.phone.remotecontroller (protectionLevel=18 flags=0x20983e44)
06-29 19:28:07.640  1958  2022 I PackageManager: Un-granting permission com.android.launcher.permission.READ_SETTINGS from package com.duokan.phone.remotecontroller (protectionLevel=18 flags=0x20983e44)
06-29 19:28:07.640  1958  2022 I PackageManager: Un-granting permission android.permission.WRITE_SETTINGS from package com.duokan.phone.remotecontroller (protectionLevel=1218 flags=0x20983e44)
06-29 19:28:07.640  1958  2022 I PackageManager: Un-granting permission com.miui.securitycenter.permission.SYSTEM_PERMISSION_DECLARE from package com.duokan.phone.remotecontroller (protectionLevel=18 flags=0x20983e44)
06-29 19:28:07.640  1958  2022 I PackageManager: Un-granting permission android.permission.MOUNT_UNMOUNT_FILESYSTEMS from package com.duokan.phone.remotecontroller (protectionLevel=18 flags=0x20983e44)
06-29 19:28:07.641  1958  2022 I PackageManager: Un-granting permission android.permission.REAL_GET_TASKS from package com.google.android.apps.wellbeing (protectionLevel=18 flags=0x20cbbec5)
06-29 19:28:07.641  1958  2022 I PackageManager: Un-granting permission android.permission.START_TASKS_FROM_RECENTS from package com.google.android.apps.wellbeing (protectionLevel=18 flags=0x20cbbec5)
06-29 19:28:07.641  1958  2022 I PackageManager: Un-granting permission android.permission.MODIFY_DAY_NIGHT_MODE from package com.google.android.apps.wellbeing (protectionLevel=18 flags=0x20cbbec5)
06-29 19:28:07.642  1958  2022 I PackageManager: Un-granting permission android.permission.REQUEST_INSTALL_PACKAGES from package com.google.android.apps.docs (protectionLevel=66 flags=0x28cbbe44)
06-29 19:28:07.642  1958  2022 I PackageManager: Un-granting permission android.permission.SYSTEM_ALERT_WINDOW from package com.frontrow.vlog (protectionLevel=1250 flags=0x38983c44)
06-29 19:28:07.642  1958  2022 I PackageManager: Un-granting permission android.permission.ACCESS_MTP from package com.miui.cloudbackup (protectionLevel=18 flags=0x20d83ec5)
06-29 19:28:07.642  1958  2022 I PackageManager: Un-granting permission android.permission.SYSTEM_ALERT_WINDOW from package com.opera.browser (protectionLevel=1250 flags=0xa4c9be44)
06-29 19:28:07.642  1958  2022 I PackageManager: Un-granting permission android.permission.REQUEST_INSTALL_PACKAGES from package com.opera.browser (protectionLevel=66 flags=0xa4c9be44)
06-29 19:28:07.642  1958  2022 I PackageManager: Un-granting permission android.permission.INTERACT_ACROSS_USERS from package com.google.android.syncadapters.contacts (protectionLevel=50 flags=0x20883e45)
06-29 19:28:07.643  1958  2022 I PackageManager: Un-granting permission android.permission.REQUEST_INSTALL_PACKAGES from package com.android.chrome (protectionLevel=66 flags=0xa0cbbec5)
06-29 19:28:07.643  1958  2022 I PackageManager: Un-granting permission android.permission.SYSTEM_ALERT_WINDOW from package com.teamsmart.videomanager.tv (protectionLevel=1250 flags=0x38d83e44)
06-29 19:28:07.643  1958  2022 I PackageManager: Un-granting permission android.permission.READ_PRIVILEGED_PHONE_STATE from package com.teamsmart.videomanager.tv (protectionLevel=18 flags=0x38d83e44)
06-29 19:28:07.643  1958  2022 I PackageManager: Un-granting permission android.permission.REQUEST_INSTALL_PACKAGES from package com.teamsmart.videomanager.tv (protectionLevel=66 flags=0x38d83e44)
06-29 19:28:07.643  1958  2022 I PackageManager: Un-granting permission android.permission.WRITE_EMBEDDED_SUBSCRIPTIONSfrom package com.google.android.gms (protectionLevel=50 flags=0xa0cabec5)
06-29 19:28:07.643  1958  2022 I PackageManager: Un-granting permission android.permission.CAPTURE_VIDEO_OUTPUT from package com.google.android.gms (protectionLevel=2 flags=0xa0cabec5)
06-29 19:28:07.643  1958  2022 I PackageManager: Un-granting permission android.permission.FORCE_STOP_PACKAGES from package com.google.android.gms (protectionLevel=18 flags=0xa0cabec5)
06-29 19:28:07.644  1958  2022 I PackageManager: Un-granting permission android.permission.MODIFY_DEFAULT_AUDIO_EFFECTSfrom package com.google.android.gms (protectionLevel=18 flags=0xa0cabec5)
06-29 19:28:07.644  1958  2022 I PackageManager: Un-granting permission android.permission.MANAGE_DEVICE_ADMINS from package com.google.android.gms (protectionLevel=2 flags=0xa0cabec5)
06-29 19:28:07.644  1958  2022 I PackageManager: Un-granting permission android.permission.MANAGE_ACTIVITY_STACKS from package com.google.android.gms (protectionLevel=2 flags=0xa0cabec5)
06-29 19:28:07.644  1958  2022 I PackageManager: Un-granting permission android.permission.CAPTURE_SECURE_VIDEO_OUTPUT from package com.google.android.gms (protectionLevel=2 flags=0xa0cabec5)
06-29 19:28:07.644  1958  2022 I PackageManager: Un-granting permission android.permission.MANAGE_ROLLBACKS from package com.google.android.gms (protectionLevel=514 flags=0xa0cabec5)
06-29 19:28:07.644  1958  2022 I PackageManager: Un-granting permission android.permission.MEDIA_CONTENT_CONTROL from package com.google.android.gms (protectionLevel=18 flags=0xa0cabec5)
06-29 19:28:07.644  1958  2022 I PackageManager: Un-granting permission android.permission.HIDE_NON_SYSTEM_OVERLAY_WINDOWS from package com.google.android.gms (protectionLevel=258 flags=0xa0cabec5)
06-29 19:28:07.645  1958  2022 I PackageManager: Un-granting permission android.permission.UPDATE_APP_OPS_STATS from package com.google.android.tts (protectionLevel=274 flags=0x34cbbec5)
06-29 19:28:07.645  1958  2022 I PackageManager: Un-granting permission android.permission.START_ACTIVITIES_FROM_BACKGROUND from package com.google.android.tts (protectionLevel=49682 flags=0x34cbbec5)
06-29 19:28:07.645  1958  2022 I PackageManager: Un-granting permission android.permission.CHANGE_DEVICE_IDLE_TEMP_WHITELIST from package app.revanced.android.gms (protectionLevel=18 flags=0xb088be44)
06-29 19:28:07.645  1958  2022 I PackageManager: Un-granting permission android.permission.UPDATE_APP_OPS_STATS from package app.revanced.android.gms (protectionLevel=274 flags=0xb088be44)
06-29 19:28:07.645  1958  2022 I PackageManager: Un-granting permission android.permission.LOCATION_HARDWARE from package app.revanced.android.gms (protectionLevel=18 flags=0xb088be44)
06-29 19:28:07.645  1958  2022 I PackageManager: Un-granting permission android.permission.INSTALL_LOCATION_PROVIDER from package app.revanced.android.gms (protectionLevel=18 flags=0xb088be44)
06-29 19:28:07.645  1958  2022 I PackageManager: Un-granting permission android.permission.NETWORK_SCAN from package app.revanced.android.gms (protectionLevel=18 flags=0xb088be44)
06-29 19:28:07.645  1958  2022 I PackageManager: Un-granting permission android.permission.MODIFY_PHONE_STATE from package app.revanced.android.gms (protectionLevel=18 flags=0xb088be44)
06-29 19:28:07.645  1958  2022 I PackageManager: Un-granting permission android.permission.SYSTEM_ALERT_WINDOW from package app.revanced.android.gms (protectionLevel=1250 flags=0xb088be44)
06-29 19:28:07.645  1958  2022 I PackageManager: Un-granting permission android.permission.MANAGE_USB from package app.revanced.android.gms (protectionLevel=18 flags=0xb088be44)
06-29 19:28:07.645  1958  2022 I PackageManager: Un-granting permission android.permission.START_ACTIVITIES_FROM_BACKGROUND from package app.revanced.android.gms (protectionLevel=49682 flags=0xb088be44)
06-29 19:28:07.645  1958  2022 I PackageManager: Un-granting permission android.permission.UPDATE_DEVICE_STATS from package app.revanced.android.gms (protectionLevel=18 flags=0xb088be44)
06-29 19:28:07.645  1958  2022 I PackageManager: Un-granting permission android.permission.WATCH_APPOPS from package app.revanced.android.gms (protectionLevel=18 flags=0xb088be44)
06-29 19:28:07.646  1958  2022 I PackageManager: Un-granting permission android.permission.SYSTEM_ALERT_WINDOW from package com.gmail.heagoo.apkeditor.pro (protectionLevel=1250 flags=0x3898be44)
06-29 19:28:07.646  1958  2022 I PackageManager: Un-granting permission android.permission.PACKAGE_USAGE_STATS from package com.gmail.heagoo.apkeditor.pro (protectionLevel=114 flags=0x3898be44)
06-29 19:28:07.646  1958  2022 I PackageManager: Un-granting permission android.permission.REQUEST_INSTALL_PACKAGES from package com.gmail.heagoo.apkeditor.pro (protectionLevel=66 flags=0x3898be44)
06-29 19:28:07.647  1958  2022 I PackageManager: Un-granting permission android.permission.WRITE_SETTINGS from package com.jio.myjio (protectionLevel=1218 flags=0x38d83e44)
06-29 19:28:07.647  1958  2022 I PackageManager: Un-granting permission android.permission.INTERACT_ACROSS_USERS from package com.jio.myjio (protectionLevel=50 flags=0x38d83e44)
06-29 19:28:07.647  1958  2022 I PackageManager: Un-granting permission android.permission.READ_PRIVILEGED_PHONE_STATE from package com.jio.myjio (protectionLevel=18 flags=0x38d83e44)
06-29 19:28:07.647  1958  2022 I PackageManager: Un-granting permission android.permission.CAPTURE_VIDEO_OUTPUT from package com.jio.myjio (protectionLevel=2 flags=0x38d83e44)
06-29 19:28:07.647  1958  2022 I PackageManager: Un-granting permission android.permission.BROADCAST_SMS from package com.jio.myjio (protectionLevel=2 flags=0x38d83e44)
06-29 19:28:07.648  1958  2022 I PackageManager: Un-granting permission android.permission.SYSTEM_ALERT_WINDOW from package com.google.android.apps.photos (protectionLevel=1250 flags=0x38dbbe44)
06-29 19:28:07.648  1958  2022 I PackageManager: Un-granting permission android.permission.WRITE_SETTINGS from package com.google.android.apps.photos (protectionLevel=1218 flags=0x38dbbe44)
06-29 19:28:07.648  1958  2022 I PackageManager: Un-granting permission android.permission.WRITE_MEDIA_STORAGE from package com.google.android.apps.photos (protectionLevel=18 flags=0x38dbbe44)
06-29 19:28:07.649  1958  2022 I PackageManager: Un-granting permission android.permission.SYSTEM_ALERT_WINDOW from package com.wondershare.filmorago (protectionLevel=1250 flags=0x38d83e44)
06-29 19:28:07.649  1958  2022 I PackageManager: Un-granting permission com.android.launcher.permission.READ_SETTINGS from package com.wondershare.filmorago (protectionLevel=18 flags=0x38d83e44)
06-29 19:28:07.649  1958  2022 I PackageManager: Un-granting permission com.android.launcher.permission.WRITE_SETTINGS from package com.wondershare.filmorago (protectionLevel=18 flags=0x38d83e44)
06-29 19:28:07.649  1958  2022 I PackageManager: Un-granting permission android.permission.SYSTEM_ALERT_WINDOW from package com.dv.adm (protectionLevel=1250 flags=0x2888be44)
06-29 19:28:07.649  1958  2022 I PackageManager: Un-granting permission android.permission.WRITE_SETTINGS from package com.valvesoftware.android.steam.community (protectionLevel=1218 flags=0x20883e44)
06-29 19:28:07.649  1958  2022 I PackageManager: Un-granting permission android.permission.REQUEST_INSTALL_PACKAGES from package com.yablio.sendfilestotv (protectionLevel=66 flags=0x30c8be44)
06-29 19:28:07.650  1958  2022 I PackageManager: Un-granting permission android.permission.REQUEST_INSTALL_PACKAGES from package org.mozilla.firefox (protectionLevel=66 flags=0x38c83e44)
06-29 19:28:07.650  1958  2022 I PackageManager: Un-granting permission android.permission.SYSTEM_ALERT_WINDOW from package com.google.android.apps.translate (protectionLevel=1250 flags=0x34c9be44)
06-29 19:28:07.651  1958  2022 I PackageManager: Un-granting permission miui.permission.EXTRA_NETWORK from package com.miui.weather2 (protectionLevel=18 flags=0x30c9bec5)
06-29 19:28:07.651  1958  2022 I PackageManager: Un-granting permission com.miui.securitycenter.permission.SYSTEM_PERMISSION_DECLARE from package com.miui.weather2 (protectionLevel=18 flags=0x30c9bec5)
06-29 19:28:07.651  1958  2022 I PackageManager: Un-granting permission com.miui.bugreport.permission.DUMP_CACHED_LOG from package com.miui.weather2 (protectionLevel=2 flags=0x30c9bec5)
06-29 19:28:07.652  1958  2022 I PackageManager: Un-granting permission com.google.android.finsky.permission.GEARHEAD_SERVICE from package com.google.android.projection.gearhead (protectionLevel=18 flags=0x2888bec5)
06-29 19:28:07.652  1958  2022 I PackageManager: Un-granting permission android.permission.CHANGE_COMPONENT_ENABLED_STATE from package com.google.android.projection.gearhead (protectionLevel=18 flags=0x2888bec5)
06-29 19:28:07.652  1958  2022 I PackageManager: Un-granting permission android.permission.UPDATE_APP_OPS_STATS from package com.google.android.projection.gearhead (protectionLevel=274 flags=0x2888bec5)
06-29 19:28:07.652  1958  2022 I PackageManager: Un-granting permission android.permission.POWER_SAVER from package com.google.android.projection.gearhead (protectionLevel=18 flags=0x2888bec5)
06-29 19:28:07.652  1958  2022 I PackageManager: Un-granting permission android.permission.TETHER_PRIVILEGED from package com.google.android.projection.gearhead (protectionLevel=18 flags=0x2888bec5)
06-29 19:28:07.652  1958  2022 I PackageManager: Un-granting permission android.permission.INTERACT_ACROSS_PROFILES from package com.google.android.projection.gearhead (protectionLevel=18 flags=0x2888bec5)
06-29 19:28:07.652  1958  2022 I PackageManager: Un-granting permission android.permission.CAPTURE_SECURE_VIDEO_OUTPUT from package com.google.android.projection.gearhead (protectionLevel=2 flags=0x2888bec5)
06-29 19:28:07.652  1958  2022 I PackageManager: Un-granting permission android.permission.MANAGE_DOCUMENTS from package cn.xender (protectionLevel=262146 flags=0x30d83e44)
06-29 19:28:07.652  1958  2022 I PackageManager: Un-granting permission android.permission.MOUNT_UNMOUNT_FILESYSTEMS from package cn.xender (protectionLevel=18 flags=0x30d83e44)
06-29 19:28:07.652  1958  2022 I PackageManager: Un-granting permission android.permission.NETWORK_STACK from package cn.xender (protectionLevel=2 flags=0x30d83e44)
06-29 19:28:07.652  1958  2022 I PackageManager: Un-granting permission android.permission.SYSTEM_ALERT_WINDOW from package cn.xender (protectionLevel=1250 flags=0x30d83e44)
06-29 19:28:07.652  1958  2022 I PackageManager: Un-granting permission android.permission.WRITE_SETTINGS from package cn.xender (protectionLevel=1218 flags=0x30d83e44)
06-29 19:28:07.652  1958  2022 I PackageManager: Un-granting permission android.permission.CHANGE_CONFIGURATION from package cn.xender (protectionLevel=50 flags=0x30d83e44)
06-29 19:28:07.652  1958  2022 I PackageManager: Un-granting permission android.permission.REQUEST_INSTALL_PACKAGES from package cn.xender (protectionLevel=66 flags=0x30d83e44)
06-29 19:28:07.652  1958  2022 I PackageManager: Un-granting permission com.android.launcher.permission.READ_SETTINGS from package cn.xender (protectionLevel=18 flags=0x30d83e44)
06-29 19:28:07.652  1958  2022 I PackageManager: Un-granting permission com.android.launcher.permission.WRITE_SETTINGS from package cn.xender (protectionLevel=18 flags=0x30d83e44)
06-29 19:28:07.653  1958  2022 I PackageManager: Un-granting permission com.google.android.googleapps.permission.GOOGLE_AUTH.mail from package com.xiaomi.calendar (protectionLevel=2 flags=0x38c9bec5)
06-29 19:28:07.655  1958  2022 I PackageManager: Un-granting permission android.permission.SYSTEM_ALERT_WINDOW from package com.iprototypes.volume (protectionLevel=1250 flags=0x3088be44)
06-29 19:28:07.655  1958  2022 I PackageManager: Un-granting permission android.permission.REQUEST_INSTALL_PACKAGES from package com.wondershare.drfone.link (protectionLevel=66 flags=0x30c8be44)
06-29 19:28:07.655  1958  2022 I PackageManager: Un-granting permission android.permission.ACCESS_MOCK_LOCATION from package com.wondershare.drfone.link (protectionLevel=2 flags=0x30c8be44)
06-29 19:28:07.655  1958  2022 I PackageManager: Un-granting permission android.permission.WRITE_SETTINGS from package com.wondershare.drfone.link (protectionLevel=1218 flags=0x30c8be44)
06-29 19:28:07.655  1958  2022 I PackageManager: Un-granting permission android.permission.DEVICE_POWER from package com.wondershare.drfone.link (protectionLevel=2 flags=0x30c8be44)
06-29 19:28:07.655  1958  2022 I PackageManager: Un-granting permission android.permission.MOUNT_UNMOUNT_FILESYSTEMS from package com.wondershare.drfone.link (protectionLevel=18 flags=0x30c8be44)
06-29 19:28:07.655  1958  2022 I PackageManager: Un-granting permission android.permission.INSTALL_PACKAGES from package com.wondershare.drfone.link (protectionLevel=18 flags=0x30c8be44)
06-29 19:28:07.655  1958  2022 I PackageManager: Un-granting permission android.permission.DELETE_PACKAGES from packagecom.wondershare.drfone.link (protectionLevel=18 flags=0x30c8be44)
06-29 19:28:07.655  1958  2022 I PackageManager: Un-granting permission android.permission.CLEAR_APP_CACHE from packagecom.wondershare.drfone.link (protectionLevel=18 flags=0x30c8be44)
06-29 19:28:07.655  1958  2022 I PackageManager: Un-granting permission com.android.launcher.permission.READ_SETTINGS from package com.wondershare.drfone.link (protectionLevel=18 flags=0x30c8be44)
06-29 19:28:07.655  1958  2022 I PackageManager: Un-granting permission android.permission.UPDATE_DEVICE_STATS from package com.wondershare.drfone.link (protectionLevel=18 flags=0x30c8be44)
06-29 19:28:07.655  1958  2022 I PackageManager: Un-granting permission android.permission.MODIFY_PHONE_STATE from package com.wondershare.drfone.link (protectionLevel=18 flags=0x30c8be44)
06-29 19:28:07.656  1958  2022 I PackageManager: Un-granting permission android.permission.SYSTEM_ALERT_WINDOW from package info.kfsoft.force.rotation (protectionLevel=1250 flags=0x20883e44)
06-29 19:28:07.656  1958  2022 I PackageManager: Un-granting permission android.permission.PACKAGE_USAGE_STATS from package info.kfsoft.force.rotation (protectionLevel=114 flags=0x20883e44)
06-29 19:28:07.657  1958  2022 I PackageManager: Un-granting permission com.xiaomi.permission.CLOUD_MANAGER from package com.mipay.wallet.in (protectionLevel=18 flags=0x38c83e45)
06-29 19:28:07.657  1958  2022 I PackageManager: Un-granting permission android.permission.REQUEST_INSTALL_PACKAGES from package com.mipay.wallet.in (protectionLevel=66 flags=0x38c83e45)
06-29 19:28:07.658  1958  2022 I PackageManager: Un-granting permission android.permission.READ_PRIVILEGED_PHONE_STATE from package com.miui.core (protectionLevel=18 flags=0x28883e05)
06-29 19:28:07.658  1958  2022 I PackageManager: Un-granting permission android.permission.INTERACT_ACROSS_PROFILES from package com.google.android.inputmethod.latin (protectionLevel=18 flags=0x20cabec5)
06-29 19:28:07.862  1958  2022 W FileUtils: Slow Operation: fsync took 171ms
06-29 19:28:13.579  1958  2090 W BaseMiuiPhoneWindowManager: keyCode:23 down:true eventTime:26049408 downTime:26049408 policyFlags:22000000 flags:8 deviceId:0 isScreenOn:true keyguardActive:false repeatCount:0
06-29 19:28:13.684  1958  2090 W BaseMiuiPhoneWindowManager: keyCode:23 down:false eventTime:26049512 downTime:26049408policyFlags:22000000 flags:8 deviceId:0 isScreenOn:true keyguardActive:false repeatCount:0
06-29 19:28:14.493  1958  2022 W BpBinder: Slow Binder: BpBinder transact took 6548ms, interface=android.os.IInstalld, code=14 oneway=false
06-29 19:28:14.495  1958  2022 W Looper  : Slow Looper PackageManager: Long Msg: seq=727 plan=19:28:07.461  late=1ms wall=7033ms running=174ms runnable=5ms io=274ms h=com.android.server.pm.PackageManagerService$PackageHandler c=com.android.server.pm.-$$Lambda$PackageManagerService$6_Yp7BSB4TgtrWSoFlODKgHIvZY
06-29 19:28:14.496  1958  2022 I InstallationStatistic: com.BHG.sharechat|null|9373|696|118|1520|0|6551
06-29 19:28:14.497  1958  2022 W PackageManager: Cannot whitelist unknown permission: android.permission.ACCESS_ADSERVICES_ATTRIBUTION
06-29 19:28:14.497  1958  2022 W PackageManager: Cannot whitelist unknown permission: android.permission.ACCESS_ADSERVICES_AD_ID
06-29 19:28:14.527  1958  2022 I ActivityManager: Force stopping com.BHG.sharechat appid=10768 user=0: pkg removed
06-29 19:28:14.528  1958  2022 I AutoStartManagerService: MIUILOG- Reject RestartService packageName :com.BHG.sharechatuid : 10768
06-29 19:28:14.536 15712 19698 W BpBinder: Slow Binder: BpBinder transact took 10414ms, interface=android.content.pm.IPackageManager, code=1598246212 oneway=false
06-29 19:28:14.565  1958  2132 I MiuiCompatModePackages: package com.BHG.sharechat updated, removing config
06-29 19:28:14.588  1958  2010 W BroadcastQueue: Background execution not allowed: receiving Intent { act=android.intent.action.PACKAGE_REMOVED dat=package:com.BHG.sharechat flg=0x4000010 (has extras) } to com.lbe.security.miui/com.lbe.security.service.BootReceiver
06-29 19:28:14.588  1958  2010 W BroadcastQueue: Background execution not allowed: receiving Intent { act=android.intent.action.PACKAGE_REMOVED dat=package:com.BHG.sharechat flg=0x4000010 (has extras) } to com.android.settings/.search.provider.UpdateReceiver
06-29 19:28:14.588  1958  2010 W BroadcastQueue: Background execution not allowed: receiving Intent { act=android.intent.action.PACKAGE_REMOVED dat=package:com.BHG.sharechat flg=0x4000010 (has extras) } to com.android.vending/com.google.android.finsky.packagemonitor.impl.PackageMonitorReceiverImpl$RegisteredReceiver
06-29 19:28:14.591  1958  5090 W LocationProviderProxy: Odd, no component found for service com.android.location.service.v3.NetworkLocationProvider
06-29 19:28:14.602  1958  2010 W BroadcastQueue: Background execution not allowed: receiving Intent { act=android.intent.action.PACKAGE_REMOVED dat=package:com.BHG.sharechat flg=0x4000010 (has extras) } to com.android.vending/com.google.android.finsky.packagemonitor.backgroundimpl.BackgroundPackageMonitorReceiverImpl$RegisteredReceiver
06-29 19:28:14.603  1958  2010 W BroadcastQueue: Background execution not allowed: receiving Intent { act=android.intent.action.PACKAGE_REMOVED dat=package:com.BHG.sharechat flg=0x4000010 (has extras) } to com.android.vending/com.google.android.finsky.instantapps.appmanagement.InstantAppRemoveMonitor
06-29 19:28:14.632  1958  2010 W BroadcastQueue: Background execution not allowed: receiving Intent { act=android.intent.action.PACKAGE_REMOVED dat=package:com.BHG.sharechat flg=0x4000010 (has extras) } to com.google.android.apps.maps/com.google.android.libraries.social.peoplekit.thirdparty.viewcontrollers.ThirdPartyReceiver
06-29 19:28:14.675  1958  2010 W BroadcastQueue: Background execution not allowed: receiving Intent { act=android.intent.action.PACKAGE_REMOVED dat=package:com.BHG.sharechat flg=0x4000010 (has extras) } to com.google.android.gms/.chimera.GmsIntentOperationService$PersistentTrustedReceiver
06-29 19:28:14.689  1958  2010 W BroadcastQueue: Background execution not allowed: receiving Intent { act=android.intent.action.PACKAGE_REMOVED dat=package:com.BHG.sharechat flg=0x4000010 (has extras) } to com.google.android.gms/.games.chimera.GamesSystemBroadcastReceiverProxy
06-29 19:28:14.692  1958  2010 W BroadcastQueue: Background execution not allowed: receiving Intent { act=android.intent.action.PACKAGE_REMOVED dat=package:com.BHG.sharechat flg=0x4000010 (has extras) } to com.miui.audioeffect/com.android.musicfx.Compatibility$Receiver
06-29 19:28:14.693  1958  2011 I ActivityManager: Start proc 19844:com.miui.global.packageinstaller/u0a162 for service {com.miui.global.packageinstaller/com.miui.global.packageinstaller.service.ScanDispatchService} caller=com.miui.securitycenter
06-29 19:28:14.694  1958  2010 W BroadcastQueue: Background execution not allowed: receiving Intent { act=android.intent.action.PACKAGE_REMOVED dat=package:com.BHG.sharechat flg=0x4000010 (has extras) } to com.xiaomi.discover/com.xiaomi.market.data.MyPackageMonitor
06-29 19:28:14.695  1958  2010 W BroadcastQueue: Background execution not allowed: receiving Intent { act=android.intent.action.PACKAGE_REMOVED dat=package:com.BHG.sharechat flg=0x4000010 (has extras) } to com.xiaomi.mipicks/com.xiaomi.market.data.MyPackageMonitor
06-29 19:28:14.696  1958  2010 W BroadcastQueue: Background execution not allowed: receiving Intent { act=android.intent.action.PACKAGE_REMOVED dat=package:com.BHG.sharechat flg=0x4000010 (has extras) } to com.xiaomi.misettings/.usagestats.AppTimerReceiver
06-29 19:28:14.697  1958  2010 W BroadcastQueue: Background execution not allowed: receiving Intent { act=android.intent.action.PACKAGE_REMOVED dat=package:com.BHG.sharechat flg=0x4000010 (has extras) } to app.revanced.android.gms/org.microg.gms.gcm.UnregisterReceiver
06-29 19:28:14.697  1958  2010 W BroadcastQueue: Background execution not allowed: receiving Intent { act=android.intent.action.PACKAGE_REMOVED dat=package:com.BHG.sharechat flg=0x4000010 (has extras) } to com.google.android.apps.photos/com.google.android.libraries.social.peoplekit.thirdparty.viewcontrollers.ThirdPartyReceiver
06-29 19:28:14.700  1958  2010 W BroadcastQueue: Background execution not allowed: receiving Intent { act=android.intent.action.PACKAGE_REMOVED dat=package:com.BHG.sharechat flg=0x4000010 (has extras) } to com.jio.myjio/com.inn.passivesdk.receiver.PackageReceiver
06-29 19:28:14.726  1958  2010 W BroadcastQueue: Background execution not allowed: receiving Intent { act=android.intent.action.PACKAGE_ADDED dat=package:com.BHG.sharechat flg=0x4000010 (has extras) } to com.lbe.security.miui/com.lbe.security.service.BootReceiver
06-29 19:28:14.728  1958  2010 W BroadcastQueue: Background execution not allowed: receiving Intent { act=android.intent.action.PACKAGE_ADDED dat=package:com.BHG.sharechat flg=0x4000010 (has extras) } to com.msf.kbank.mobile/com.cv.sdk.receiver.EventReceiver
06-29 19:28:14.759  1958  2010 W BroadcastQueue: Background execution not allowed: receiving Intent { act=android.intent.action.PACKAGE_ADDED dat=package:com.BHG.sharechat flg=0x4000010 (has extras) } to com.google.android.packageinstaller/com.android.packageinstaller.PackageInstalledReceiver
06-29 19:28:14.760  1958  2011 W ActivityManager: Slow operation: 119ms so far, now at startProcess: done updating battery stats
06-29 19:28:14.761  1958  2011 W ActivityManager: Slow operation: 120ms so far, now at startProcess: building log message
06-29 19:28:14.761  1958  2011 I ActivityManager: Start proc 19862:com.android.keychain/1000 for service {com.android.keychain/com.android.keychain.KeyChainService} caller=android
06-29 19:28:14.761  1958  2011 W ActivityManager: Slow operation: 120ms so far, now at startProcess: starting to updatepids map
06-29 19:28:14.761  1958  2011 W ActivityManager: Slow operation: 120ms so far, now at startProcess: done updating pidsmap
06-29 19:28:14.762  1958  2010 W BroadcastQueue: Background execution not allowed: receiving Intent { act=android.intent.action.PACKAGE_ADDED dat=package:com.BHG.sharechat flg=0x4000010 (has extras) } to com.android.settings/.search.provider.UpdateReceiver
06-29 19:28:14.764  1958  2010 W BroadcastQueue: Background execution not allowed: receiving Intent { act=android.intent.action.PACKAGE_ADDED dat=package:com.BHG.sharechat flg=0x4000010 (has extras) } to com.android.vending/com.google.android.finsky.packagemonitor.impl.PackageMonitorReceiverImpl$RegisteredReceiver
06-29 19:28:14.764  1958  2010 W BroadcastQueue: Background execution not allowed: receiving Intent { act=android.intent.action.PACKAGE_ADDED dat=package:com.BHG.sharechat flg=0x4000010 (has extras) } to com.android.vending/com.google.android.finsky.packagemonitor.backgroundimpl.BackgroundPackageMonitorReceiverImpl$RegisteredReceiver
06-29 19:28:14.764  1958  2010 W BroadcastQueue: Background execution not allowed: receiving Intent { act=android.intent.action.PACKAGE_ADDED dat=package:com.BHG.sharechat flg=0x4000010 (has extras) } to com.facebook.appmanager/com.facebook.oxygen.common.packages.event.manifest.ManifestPackageEventReceiver
06-29 19:28:14.765  1958  2010 W BroadcastQueue: Background execution not allowed: receiving Intent { act=android.intent.action.PACKAGE_ADDED dat=package:com.BHG.sharechat flg=0x4000010 (has extras) } to com.google.android.gms/.chimera.GmsIntentOperationService$PersistentTrustedReceiver
06-29 19:28:14.765  1958  2010 W BroadcastQueue: Background execution not allowed: receiving Intent { act=android.intent.action.PACKAGE_ADDED dat=package:com.BHG.sharechat flg=0x4000010 (has extras) } to com.google.android.gms/.games.chimera.GamesSystemBroadcastReceiverProxy
06-29 19:28:14.765  1958  2010 W BroadcastQueue: Background execution not allowed: receiving Intent { act=android.intent.action.PACKAGE_ADDED dat=package:com.BHG.sharechat flg=0x4000010 (has extras) } to com.google.android.gms/.gass.chimera.PackageChangeBroadcastReceiver
06-29 19:28:14.765  1958  2010 W BroadcastQueue: Background execution not allowed: receiving Intent { act=android.intent.action.PACKAGE_ADDED dat=package:com.BHG.sharechat flg=0x4000010 (has extras) } to com.miui.audioeffect/com.android.musicfx.Compatibility$Receiver
06-29 19:28:14.765  1958  2010 W BroadcastQueue: Background execution not allowed: receiving Intent { act=android.intent.action.PACKAGE_ADDED dat=package:com.BHG.sharechat flg=0x4000010 (has extras) } to com.xiaomi.discover/com.xiaomi.market.data.MyPackageMonitor
06-29 19:28:14.765  1958  2010 W BroadcastQueue: Background execution not allowed: receiving Intent { act=android.intent.action.PACKAGE_ADDED dat=package:com.BHG.sharechat flg=0x4000010 (has extras) } to com.xiaomi.mipicks/com.xiaomi.market.data.MyPackageMonitor
06-29 19:28:14.765  1958  2010 W BroadcastQueue: Background execution not allowed: receiving Intent { act=android.intent.action.PACKAGE_ADDED dat=package:com.BHG.sharechat flg=0x4000010 (has extras) } to com.xiaomi.misettings/.usagestats.AppTimerReceiver
06-29 19:28:14.765  1958  2010 W BroadcastQueue: Background execution not allowed: receiving Intent { act=android.intent.action.PACKAGE_ADDED dat=package:com.BHG.sharechat flg=0x4000010 (has extras) } to com.dv.adm/com.appodeal.ads.AppodealPackageAddedReceiver
06-29 19:28:14.768  1958  2010 W BroadcastQueue: Background execution not allowed: receiving Intent { act=android.intent.action.PACKAGE_ADDED dat=package:com.BHG.sharechat flg=0x4000010 (has extras) } to com.jio.myjio/com.inn.passivesdk.receiver.PackageReceiver
06-29 19:28:15.016 19371 19607 W FileUtils: Slow Operation: fsync took 254ms
06-29 19:28:15.525 19844 19938 I Ad      : isPersonalizedAdEnabled getAdSettings: 3
06-29 19:28:15.879 25324 25324 W InputEventReceiver: App Input: Dispatching InputEvent took 105ms in main thread! (MotionEvent: event_seq=11746, seq=123220, action=ACTION_DOWN)
06-29 19:28:15.906 25324 25324 I Timeline: Timeline: Activity_launch_request time:26051736
06-29 19:28:15.907  1958  4526 I ActivityTaskManager: START u0 {act=android.intent.action.MAIN cat=[android.intent.category.LAUNCHER] flg=0x10200000 cmp=com.BHG.sharechat/.SplashActivity bnds=[71,757][247,933] (has extras)} from uid 10094
06-29 19:28:16.026 18975 18975 W Looper  : Slow Looper main: Long Msg: seq=27 plan=19:28:14.563  late=1ms wall=1461ms running=40ms runnable=35ms io=1099ms h=android.app.ActivityThread$H c=android.app.-$$Lambda$LoadedApk$ReceiverDispatcher$Args$_BumDX2UKsnxLVrE6UJsJZkotuA
06-29 19:28:16.290 25324 25324 W BpBinder: Slow Binder: BpBinder transact took 384ms, interface=android.app.IActivityTaskManager, code=1 oneway=false
06-29 19:28:16.292 25324 25324 W InputEventReceiver: App Input: Dispatching InputEvent took 411ms in main thread! (MotionEvent: event_seq=11756, seq=123248, action=ACTION_UP)
06-29 19:28:16.295 25324 25324 W Looper  : Slow Looper main: doFrame is 509ms late
06-29 19:28:16.314 19844 19949 W BpBinder: Slow Binder: BpBinder transact took 737ms, interface=android.content.IContentProvider, code=1 oneway=false
06-29 19:28:16.317 21390 21423 W BpBinder: Slow Binder: BpBinder transact took 409ms, interface=android.app.IActivityManager, code=27 oneway=false
06-29 19:28:16.318 19844 19998 W BpBinder: Slow Binder: BpBinder transact took 286ms, interface=android.content.IContentService, code=2 oneway=false
06-29 19:28:16.320 25324 25324 W Looper  : Slow Looper main: Activity com.miui.home/.launcher.Launcher is 369ms late (wall=24ms running=0ms ClientTransaction{ callbacks=[android.app.servertransaction.TopResumedActivityChangeItem] }) because of 2 msg
06-29 19:28:16.320 25324 25324 W ActivityThread: SCHED: com.miui.home/.launcher.Launcher [81, r=27ms, a=6ms, w=8999ms]
06-29 19:28:16.364  1958  2011 I ActivityManager: Start proc 20130:com.BHG.sharechat/u0a768 for activity {com.BHG.sharechat/com.BHG.sharechat.SplashActivity} caller=com.miui.home
06-29 19:28:16.510  1958  1997 W Looper  : Slow Looper android.anim: doFrame is 584ms late because of 2 msg, msg 1 took398ms (seq=72098 running=3ms runnable=1ms io=25ms h=android.os.Handler c=com.android.server.wm.InputMonitor$1), msg 2 took 188ms (seq=72099 running=7ms runnable=1ms late=34ms h=android.os.Handler c=com.android.server.wm.AppWindowToken$1)
06-29 19:28:16.511  1958  1997 I Timeline: Timeline: App_transition_ready time:26052342
06-29 19:28:16.514  1958  1997 I Timeline: Timeline: App_transition_ready time:26052344
06-29 19:28:16.515  1958  1997 I Timeline: Timeline: App_transition_ready time:26052345
06-29 19:28:16.590  1958  1997 I Timeline: Timeline: App_transition_ready time:26052420
06-29 19:28:16.605  5413  5534 W BpBinder: Slow Binder: BpBinder transact took 209ms, interface=android.app.usage.IUsageStatsManager, code=8 oneway=false
06-29 19:28:16.790  1958  1997 I Timeline: Timeline: App_transition_stopped time:26052620
06-29 19:28:16.805  1958  4806 E WindowManager: App trying to use insecure INPUT_FEATURE_NO_INPUT_CHANNEL flag. Ignoring
06-29 19:28:16.809 20130 20130 W Looper  : Slow Looper main: Activity com.BHG.sharechat/.SplashActivity is 422ms late (wall=0ms running=0ms ClientTransaction{ callbacks=[android.app.servertransaction.TopResumedActivityChangeItem] }) because of 3 msg, msg 2 took 257ms (seq=2 running=68ms runnable=6ms io=164ms late=3ms h=android.app.ActivityThread$H w=110), msg 3 took 165ms (seq=3 running=94ms runnable=9ms io=40ms late=258ms h=android.app.ActivityThread$H w=159)
06-29 19:28:16.851  1958  1958 W Looper  : Slow Looper main: Long Msg: seq=143805 plan=19:28:14.562  late=129ms wall=2160ms running=80ms runnable=21ms io=974ms h=android.app.ActivityThread$H c=android.app.-$$Lambda$LoadedApk$ReceiverDispatcher$Args$_BumDX2UKsnxLVrE6UJsJZkotuA
06-29 19:28:16.851  1958  1958 W Looper  : Slow dispatch took 2160ms main h=android.app.ActivityThread$H c=android.app.-$$Lambda$LoadedApk$ReceiverDispatcher$Args$_BumDX2UKsnxLVrE6UJsJZkotuA@988cf0e m=0
06-29 19:28:16.851  1958  1958 W Looper  : Slow delivery took 2289ms main h=android.app.ActivityThread$H c=android.app.-$$Lambda$LoadedApk$ReceiverDispatcher$Args$_BumDX2UKsnxLVrE6UJsJZkotuA@12a9d2f m=0
06-29 19:28:17.011 18685 18737 W BpBinder: Slow Binder: BpBinder transact took 1374ms, interface=com.google.android.auth.IAuthManagerService, code=5 oneway=false
06-29 19:28:17.097  1958  1997 I Timeline: Timeline: Activity_windows_visible id: ActivityRecord{1e5ef13 u0 com.BHG.sharechat/.SplashActivity t1091} time:26052927
06-29 19:28:17.617  1958  1958 W Looper  : Slow dispatch took 765ms main h=android.app.ActivityThread$H c=android.app.-$$Lambda$LoadedApk$ReceiverDispatcher$Args$_BumDX2UKsnxLVrE6UJsJZkotuA@71d4e85 m=0
06-29 19:28:17.633  1958  1958 I Telecom : DefaultDialerCache: Refreshing default dialer for user 0: now com.android.contacts: DDC.oR@Arc
06-29 19:28:17.660  1958  1958 E LoadedApk: Unable to instantiate appComponentFactory
06-29 19:28:17.660  1958  1958 E LoadedApk: java.lang.ClassNotFoundException: Didn't find class "androidx.core.app.CoreComponentFactory" on path: DexPathList[[],nativeLibraryDirectories=[/data/app/com.android.chrome-_g7rPM_rJ9cVwzpzpXei3w==/lib/arm64, /data/app/com.android.chrome-_g7rPM_rJ9cVwzpzpXei3w==/base.apk!/lib/arm64-v8a, /data/app/com.google.android.trichromelibrary_715111533-WEgYwDsFSJMAb08rwT3INg==/base.apk!/lib/arm64-v8a, /system/lib64, /system/product/lib64]]
06-29 19:28:17.660  1958  1958 E LoadedApk:     at dalvik.system.BaseDexClassLoader.findClass(BaseDexClassLoader.java:230)
06-29 19:28:17.660  1958  1958 E LoadedApk:     at java.lang.ClassLoader.loadClass(ClassLoader.java:379)
06-29 19:28:17.660  1958  1958 E LoadedApk:     at java.lang.ClassLoader.loadClass(ClassLoader.java:312)
06-29 19:28:17.660  1958  1958 E LoadedApk:     at android.app.LoadedApk.createAppFactory(LoadedApk.java:258)
06-29 19:28:17.660  1958  1958 E LoadedApk:     at android.app.LoadedApk.updateApplicationInfo(LoadedApk.java:372)
06-29 19:28:17.660  1958  1958 E LoadedApk:     at android.app.ActivityThread.handleDispatchPackageBroadcast(ActivityThread.java:6072)
06-29 19:28:17.660  1958  1958 E LoadedApk:     at android.app.ActivityThread$H.handleMessage(ActivityThread.java:1972)
06-29 19:28:17.660  1958  1958 E LoadedApk:     at android.os.Handler.dispatchMessage(Handler.java:107)
06-29 19:28:17.660  1958  1958 E LoadedApk:     at android.os.Looper.loop(Looper.java:224)
06-29 19:28:17.660  1958  1958 E LoadedApk:     at com.android.server.SystemServer.run(SystemServer.java:563)
06-29 19:28:17.660  1958  1958 E LoadedApk:     at com.android.server.SystemServer.main(SystemServer.java:367)
06-29 19:28:17.660  1958  1958 E LoadedApk:     at java.lang.reflect.Method.invoke(Native Method)
06-29 19:28:17.660  1958  1958 E LoadedApk:     at com.android.internal.os.RuntimeInit$MethodAndArgsCaller.run(RuntimeInit.java:539)
06-29 19:28:17.660  1958  1958 E LoadedApk:     at com.android.internal.os.ZygoteInit.main(ZygoteInit.java:928)
06-29 19:28:17.662  1958  1958 W Looper  : Drained
06-29 19:28:17.732 18765 18765 W Looper  : Slow Looper main: Long Msg: seq=1361 plan=19:28:14.562  late=1ms wall=3168msrunning=77ms runnable=41ms io=2732ms h=android.app.ActivityThread$H c=android.app.-$$Lambda$LoadedApk$ReceiverDispatcher$Args$_BumDX2UKsnxLVrE6UJsJZkotuA
06-29 19:28:17.827  1958  3853 W BroadcastQueue: Background execution not allowed: receiving Intent { act=android.intent.action.PACKAGE_REPLACED dat=package:com.BHG.sharechat flg=0x4000010 (has extras) } to com.facebook.appmanager/com.facebook.oxygen.common.packages.event.manifest.ManifestPackageEventReceiver
06-29 19:28:17.831  1958  3853 I ActivityManager: Killing 18685:com.android.chrome/u0a193 (adj 985): empty #17
06-29 19:28:17.832  1958  2010 W BroadcastQueue: Background execution not allowed: receiving Intent { act=android.intent.action.PACKAGE_REPLACED dat=package:com.BHG.sharechat flg=0x4000010 (has extras) } to com.google.android.gms/.chimera.GmsIntentOperationService$PersistentTrustedReceiver
06-29 19:28:17.833  1958  2010 W BroadcastQueue: Background execution not allowed: receiving Intent { act=android.intent.action.PACKAGE_REPLACED dat=package:com.BHG.sharechat flg=0x4000010 (has extras) } to com.google.android.gms/.gass.chimera.PackageChangeBroadcastReceiver
06-29 19:28:17.833  1958  2010 W BroadcastQueue: Background execution not allowed: receiving Intent { act=android.intent.action.PACKAGE_REPLACED dat=package:com.BHG.sharechat flg=0x4000010 (has extras) } to com.miui.audioeffect/com.android.musicfx.Compatibility$Receiver
06-29 19:28:17.833  1958  2010 W BroadcastQueue: Background execution not allowed: receiving Intent { act=android.intent.action.PACKAGE_REPLACED dat=package:com.BHG.sharechat flg=0x4000010 (has extras) } to com.miui.notes/com.miui.floatwindow.BootBroadcastReceiver
06-29 19:28:17.833  1958  2010 W BroadcastQueue: Background execution not allowed: receiving Intent { act=android.intent.action.PACKAGE_REPLACED dat=package:com.BHG.sharechat flg=0x4000010 (has extras) } to com.google.android.apps.photos/.account.full.FetchAccountPropertiesAppUpgradeBroadcastReceiver
06-29 19:28:17.833  1958  2010 W BroadcastQueue: Background execution not allowed: receiving Intent { act=android.intent.action.PACKAGE_REPLACED dat=package:com.BHG.sharechat flg=0x4000010 (has extras) } to com.google.android.apps.photos/.account.full.SyncAccountsForLoginBroadcastReceiver
06-29 19:28:17.833  1958  2010 W BroadcastQueue: Background execution not allowed: receiving Intent { act=android.intent.action.PACKAGE_REPLACED dat=package:com.BHG.sharechat flg=0x4000010 (has extras) } to com.google.android.apps.photos/.notificationchannels.AppUpdateBroadcastReceiver
06-29 19:28:17.833  1958  2010 W BroadcastQueue: Background execution not allowed: receiving Intent { act=android.intent.action.PACKAGE_REPLACED dat=package:com.BHG.sharechat flg=0x4000010 (has extras) } to com.jio.myjio/com.inn.passivesdk.receiver.PackageReceiver
06-29 19:28:18.106  1958  2348 E ProcessStats: Executing service ServiceState{c9aa3f2 org.chromium.content.app.SandboxedProcessService0 pkg=com.android.chrome proc=af7ba43} without owner
06-29 19:28:18.143  1958  2010 I DropBoxManagerService: add tag=system_server_wtf isTagEnabled=true flags=0x2
06-29 19:28:18.145  1958  2348 W ActivityManager: Exception when unbinding service com.android.chrome/org.chromium.content.app.SandboxedProcessService0:0
06-29 19:28:18.145  1958  2348 W ActivityManager: android.os.DeadObjectException
06-29 19:28:18.145  1958  2348 W ActivityManager:       at android.os.BinderProxy.transactNative(Native Method)
06-29 19:28:18.145  1958  2348 W ActivityManager:       at android.os.BinderProxy.transact(BinderProxy.java:511)
06-29 19:28:18.145  1958  2348 W ActivityManager:       at android.app.IApplicationThread$Stub$Proxy.scheduleUnbindService(IApplicationThread.java:1627)
06-29 19:28:18.145  1958  2348 W ActivityManager:       at com.android.server.am.ActiveServices.removeConnectionLocked(ActiveServices.java:3440)
06-29 19:28:18.145  1958  2348 W ActivityManager:       at com.android.server.am.ActiveServices.killServicesLocked(ActiveServices.java:3859)
06-29 19:28:18.145  1958  2348 W ActivityManager:       at com.android.server.am.ActivityManagerService.cleanUpApplicationRecordLocked(ActivityManagerService.java:14080)
06-29 19:28:18.145  1958  2348 W ActivityManager:       at com.android.server.am.ActivityManagerService.handleAppDiedLocked(ActivityManagerService.java:3716)
06-29 19:28:18.145  1958  2348 W ActivityManager:       at com.android.server.am.ActivityManagerService.appDiedLocked(ActivityManagerService.java:3889)
06-29 19:28:18.145  1958  2348 W ActivityManager:       at com.android.server.am.ActivityManagerService$AppDeathRecipient.binderDied(ActivityManagerService.java:1537)
06-29 19:28:18.145  1958  2348 W ActivityManager:       at android.os.BinderProxy.sendDeathNotice(BinderProxy.java:621)
06-29 19:28:18.145  1958  2348 E ProcessStats: Executing service ServiceState{c9aa3f2 org.chromium.content.app.SandboxedProcessService0 pkg=com.android.chrome proc=af7ba43} without owner
06-29 19:28:18.145  1958  2348 E ProcessStats: Foregrounding service ServiceState{c9aa3f2 org.chromium.content.app.SandboxedProcessService0 pkg=com.android.chrome proc=af7ba43} without owner
06-29 19:28:18.146  1958  2348 E ProcessStats: Binding service ServiceState{c9aa3f2 org.chromium.content.app.SandboxedProcessService0 pkg=com.android.chrome proc=af7ba43} without owner
06-29 19:28:18.146  1958  2348 E ProcessStats: Starting service ServiceState{c9aa3f2 org.chromium.content.app.SandboxedProcessService0 pkg=com.android.chrome proc=af7ba43} without owner
06-29 19:28:18.149  1958  2348 E ProcessStats: Executing service ServiceState{c9aa3f2 org.chromium.content.app.SandboxedProcessService0 pkg=com.android.chrome proc=af7ba43} without owner
06-29 19:28:18.150  1958  2010 I DropBoxManagerService: add tag=system_server_wtf isTagEnabled=true flags=0x2
06-29 19:28:18.150  1958  2348 E ProcessStats: Foregrounding service ServiceState{c9aa3f2 org.chromium.content.app.SandboxedProcessService0 pkg=com.android.chrome proc=af7ba43} without owner
06-29 19:28:18.154  1958  2348 I ActivityManager: Killing 18834:com.android.chrome:sandboxed_process0:org.chromium.content.app.SandboxedProcessService0:0/u0a193i-9000 (adj 955): isolated not needed
06-29 19:28:18.156  1958  2348 W ActivityManager: Exception when unbinding service com.android.chrome/org.chromium.content.app.PrivilegedProcessService0
06-29 19:28:18.156  1958  2348 W ActivityManager: android.os.DeadObjectException
06-29 19:28:18.156  1958  2348 W ActivityManager:       at android.os.BinderProxy.transactNative(Native Method)
06-29 19:28:18.156  1958  2348 W ActivityManager:       at android.os.BinderProxy.transact(BinderProxy.java:511)
06-29 19:28:18.156  1958  2348 W ActivityManager:       at android.app.IApplicationThread$Stub$Proxy.scheduleUnbindService(IApplicationThread.java:1627)
06-29 19:28:18.156  1958  2348 W ActivityManager:       at com.android.server.am.ActiveServices.removeConnectionLocked(ActiveServices.java:3440)
06-29 19:28:18.156  1958  2348 W ActivityManager:       at com.android.server.am.ActiveServices.killServicesLocked(ActiveServices.java:3859)
06-29 19:28:18.156  1958  2348 W ActivityManager:       at com.android.server.am.ActivityManagerService.cleanUpApplicationRecordLocked(ActivityManagerService.java:14080)
06-29 19:28:18.156  1958  2348 W ActivityManager:       at com.android.server.am.ActivityManagerService.handleAppDiedLocked(ActivityManagerService.java:3716)
06-29 19:28:18.156  1958  2348 W ActivityManager:       at com.android.server.am.ActivityManagerService.appDiedLocked(ActivityManagerService.java:3889)
06-29 19:28:18.156  1958  2348 W ActivityManager:       at com.android.server.am.ActivityManagerService$AppDeathRecipient.binderDied(ActivityManagerService.java:1537)
06-29 19:28:18.156  1958  2348 W ActivityManager:       at android.os.BinderProxy.sendDeathNotice(BinderProxy.java:621)
06-29 19:28:18.158  1958  2010 I DropBoxManagerService: add tag=system_server_wtf isTagEnabled=true flags=0x2
06-29 19:28:18.160  1958  2348 W ActivityManager: Scheduling restart of crashed service com.android.chrome/org.chromium.chrome.browser.customtabs.CustomTabsConnectionService in 1000ms
06-29 19:28:18.161  1958  2010 I DropBoxManagerService: add tag=system_server_wtf isTagEnabled=true flags=0x2
06-29 19:28:18.163  1958  3853 I ActivityManager: Process com.android.chrome:privileged_process0 (pid 18750) has died: cch+155 CEM
06-29 19:28:18.165  1958  2010 I DropBoxManagerService: add tag=system_server_wtf isTagEnabled=true flags=0x2
06-29 19:28:18.620  1958  2011 I ActivityManager: Start proc 20290:com.google.android.webview:sandboxed_process0:org.chromium.content.app.SandboxedProcessService0:0/u0i53 for  {com.miui.global.packageinstaller/org.chromium.content.app.SandboxedProcessService0:0} caller=com.miui.global.packageinstaller
06-29 19:28:19.198  1958  2011 I ActivityManager: Start proc 20328:com.google.android.webview:webview_service/u0a192 for service {com.google.android.webview/org.chromium.android_webview.services.ComponentsProviderService} caller=com.miui.global.packageinstaller
06-29 19:28:19.403 19844 19844 W Looper  : Slow Looper main: Long Msg: seq=25 plan=19:28:17.802  late=0ms wall=1599ms running=498ms runnable=72ms io=886ms h=com.google.android.gms.ads.internal.util.f c=com.google.android.gms.ads.internal.js.r
06-29 19:28:19.757  1958  2011 I ActivityManager: Start proc 20391:com.android.chrome/u0a193 for service {com.android.chrome/org.chromium.chrome.browser.customtabs.CustomTabsConnectionService} caller=com.miui.global.packageinstaller
06-29 19:28:19.784 20130 20130 I Timeline: Timeline: Activity_launch_request time:26055614
06-29 19:28:19.785  1958  1979 I ActivityTaskManager: START u0 {cmp=com.BHG.sharechat/.AuthActivity} from uid 10768
06-29 19:28:19.811  1958  2202 I ActivityTaskManager: The Process com.BHG.sharechat Already Exists in BG. So sending its PID: 20130
06-29 19:28:19.812 20130 20130 W ActivityThread: SCHED: com.BHG.sharechat/.SplashActivity [75, r=37ms, a=12ms, w=3027ms]
06-29 19:28:19.815  1958  3853 I ActivityTaskManager: The Process com.BHG.sharechat Already Exists in BG. So sending its PID: 20130
06-29 19:28:19.819  1958  3853 I Timeline: Timeline: App_transition_ready time:26055649
06-29 19:28:20.151  1958  2010 W BroadcastQueue: Background execution not allowed: receiving Intent { act=android.intent.action.DROPBOX_ENTRY_ADDED flg=0x10 (has extras) } to com.google.android.gms/.stats.service.DropBoxEntryAddedReceiver
06-29 19:28:20.187 20130 20130 I Timeline: Timeline: Activity_launch_request time:26056017
06-29 19:28:20.188  1958  1979 I ActivityTaskManager: START u0 {cmp=com.BHG.sharechat/.MainActivity} from uid 10768
06-29 19:28:20.197 20130 20130 W Looper  : Slow Looper main: Activity com.BHG.sharechat/.AuthActivity is 377ms late (wall=0ms running=0ms ClientTransaction{ callbacks=[android.app.servertransaction.TopResumedActivityChangeItem] }) because of 1 msg, msg 1 took 375ms (seq=34 running=93ms runnable=9ms io=163ms late=2ms h=android.app.ActivityThread$H w=159)
06-29 19:28:20.201  1958  1979 I ActivityTaskManager: The Process com.BHG.sharechat Already Exists in BG. So sending its PID: 20130
06-29 19:28:20.204  1958  1979 I Timeline: Timeline: App_transition_ready time:26056034
06-29 19:28:20.205  1958  1997 I Timeline: Timeline: App_transition_ready time:26056036
