06-29 19:28:20.438  1958  4522 E WindowManager: App trying to use insecure INPUT_FEATURE_NO_INPUT_CHANNEL flag. Ignoring
06-29 19:28:20.460  1958  4522 I Timeline: Timeline: App_transition_ready time:26056290
06-29 19:28:20.461  1958  4522 I Timeline: Timeline: App_transition_ready time:26056291
06-29 19:28:20.515  1958  1997 I Timeline: Timeline: App_transition_ready time:26056346
06-29 19:28:20.778  1958  1997 I Timeline: Timeline: Activity_windows_visible id: ActivityRecord{e18cca u0 com.BHG.sharechat/.MainActivity t1091} time:26056608
06-29 19:28:20.780  1958  1997 I Timeline: Timeline: App_transition_stopped time:26056610
06-29 19:28:22.100  3855 10560 W MiuiPerfServiceClient: interceptAndQueuing:20130|com.BHG.sharechat|231|231|unknown|null|com.BHG.sharechat/com.BHG.sharechat.MainActivity|26057355465891|Slow handle traversal|1
06-29 19:28:23.631 20130 20130 I Timeline: Timeline: Activity_launch_request time:26059462
06-29 19:28:23.637  1958  2348 W ActivityTaskManager: aInfo is null for resolve intent: Intent { cmp=com.BHG.sharechat/.PostDetailActivity (has extras) }
06-29 19:28:23.637  1958  2348 W ActivityTaskManagerServiceInjector: Intent or aInfo is null!
06-29 19:28:23.637  1958  2348 I ActivityTaskManager: START u0 {cmp=com.BHG.sharechat/.PostDetailActivity (has extras)}from uid 10768
06-29 19:28:23.642 20130 20130 E AndroidRuntime: FATAL EXCEPTION: main
06-29 19:28:23.642 20130 20130 E AndroidRuntime: Process: com.BHG.sharechat, PID: 20130
06-29 19:28:23.642 20130 20130 E AndroidRuntime: android.content.ActivityNotFoundException: Unable to find explicit activity class {com.BHG.sharechat/com.BHG.sharechat.PostDetailActivity}; have you declared this activity in your AndroidManifest.xml?
06-29 19:28:23.642 20130 20130 E AndroidRuntime:        at android.app.Instrumentation.checkStartActivityResult(Instrumentation.java:2064)
06-29 19:28:23.642 20130 20130 E AndroidRuntime:        at android.app.Instrumentation.execStartActivity(Instrumentation.java:1720)
06-29 19:28:23.642 20130 20130 E AndroidRuntime:        at android.app.Activity.startActivityForResult(Activity.java:5258)
06-29 19:28:23.642 20130 20130 E AndroidRuntime:        at androidx.activity.ComponentActivity.startActivityForResult(ComponentActivity.java:780)
06-29 19:28:23.642 20130 20130 E AndroidRuntime:        at android.app.Activity.startActivityForResult(Activity.java:5216)
06-29 19:28:23.642 20130 20130 E AndroidRuntime:        at androidx.activity.ComponentActivity.startActivityForResult(ComponentActivity.java:761)
06-29 19:28:23.642 20130 20130 E AndroidRuntime:        at android.app.Activity.startActivity(Activity.java:5587)
06-29 19:28:23.642 20130 20130 E AndroidRuntime:        at android.app.Activity.startActivity(Activity.java:5555)
06-29 19:28:23.642 20130 20130 E AndroidRuntime:        at com.BHG.sharechat.PostAdapter.onBindViewHolder$lambda$0(PostAdapter.kt:35)
06-29 19:28:23.642 20130 20130 E AndroidRuntime:        at com.BHG.sharechat.PostAdapter.$r8$lambda$f997im-75lUUm_dUbasZBb7wVXA(Unknown Source:0)
06-29 19:28:23.642 20130 20130 E AndroidRuntime:        at com.BHG.sharechat.PostAdapter$$ExternalSyntheticLambda0.onClick(D8$$SyntheticClass:0)
06-29 19:28:23.642 20130 20130 E AndroidRuntime:        at android.view.View.performClick(View.java:7189)
06-29 19:28:23.642 20130 20130 E AndroidRuntime:        at android.view.View.performClickInternal(View.java:7166)
06-29 19:28:23.642 20130 20130 E AndroidRuntime:        at android.view.View.access$3500(View.java:819)
06-29 19:28:23.642 20130 20130 E AndroidRuntime:        at android.view.View$PerformClick.run(View.java:27682)
06-29 19:28:23.642 20130 20130 E AndroidRuntime:        at android.os.Handler.handleCallback(Handler.java:883)
06-29 19:28:23.642 20130 20130 E AndroidRuntime:        at android.os.Handler.dispatchMessage(Handler.java:100)
06-29 19:28:23.642 20130 20130 E AndroidRuntime:        at android.os.Looper.loop(Looper.java:224)
06-29 19:28:23.642 20130 20130 E AndroidRuntime:        at android.app.ActivityThread.main(ActivityThread.java:7592)
06-29 19:28:23.642 20130 20130 E AndroidRuntime:        at java.lang.reflect.Method.invoke(Native Method)
06-29 19:28:23.642 20130 20130 E AndroidRuntime:        at com.android.internal.os.RuntimeInit$MethodAndArgsCaller.run(RuntimeInit.java:539)
06-29 19:28:23.642 20130 20130 E AndroidRuntime:        at com.android.internal.os.ZygoteInit.main(ZygoteInit.java:950)
06-29 19:28:23.674  1958  2348 W ActivityTaskManager:   Force finishing activity com.BHG.sharechat/.MainActivity
06-29 19:28:23.745  1958  2348 I WindowManager: WIN DEATH: Window{552a9b3 u0 com.BHG.sharechat/com.BHG.sharechat.MainActivity}
06-29 19:28:23.748  1958  3906 I ActivityManager: Process com.BHG.sharechat (pid 20130) has died: fore TOP
06-29 19:28:23.769  1958  3906 I Timeline: Timeline: App_transition_ready time:26059599
06-29 19:28:23.775  1958  1996 W ActivityManager: setHasOverlayUi called on unknown pid: 20130
06-29 19:28:23.816  1958  1979 I Timeline: Timeline: App_transition_ready time:26059646
06-29 19:28:23.831  1958  1997 I Timeline: Timeline: App_transition_ready time:26059661
06-29 19:28:23.843  1958  1979 I Timeline: Timeline: App_transition_ready time:26059673
06-29 19:28:23.848  1958  1997 I Timeline: Timeline: App_transition_ready time:26059678
06-29 19:28:23.868  1958  1997 I Timeline: Timeline: App_transition_ready time:26059699
06-29 19:28:23.869  1958  1997 I Timeline: Timeline: Activity_windows_visible id: ActivityRecord{ddb1799 u0 com.miui.home/.launcher.Launcher t1} time:26059699
06-29 19:28:23.869  1958  1997 I Timeline: Timeline: App_transition_stopped time:26059699
06-29 19:28:24.175  1958  1996 W ActivityTaskManager: Activity top resumed state loss timeout for ActivityRecord{e18ccau0 com.BHG.sharechat/.MainActivity t-1 f}
06-29 19:28:24.619 25324 25324 I Timeline: Timeline: Activity_launch_request time:26060449
06-29 19:28:24.621  1958  2348 I ActivityTaskManager: START u0 {act=android.intent.action.MAIN cat=[android.intent.category.LAUNCHER] flg=0x10200000 cmp=com.BHG.sharechat/.SplashActivity bnds=[75,762][251,938] (has extras)} from uid 10094
06-29 19:28:24.649 25324 25324 W ActivityThread: SCHED: com.miui.home/.launcher.Launcher [77, r=54ms, a=16ms, w=823ms]
06-29 19:28:24.687  1958  2011 I ActivityManager: Start proc 20492:com.BHG.sharechat/u0a768 for activity {com.BHG.sharechat/com.BHG.sharechat.SplashActivity} caller=com.miui.home
06-29 19:28:24.723  1958  1997 I Timeline: Timeline: App_transition_ready time:26060553
06-29 19:28:24.898  1958  1979 E WindowManager: App trying to use insecure INPUT_FEATURE_NO_INPUT_CHANNEL flag. Ignoring
06-29 19:28:24.920  1958  1997 I Timeline: Timeline: App_transition_stopped time:26060750
06-29 19:28:24.949  1958  1997 I Timeline: Timeline: Activity_windows_visible id: ActivityRecord{cf72ae8 u0 com.BHG.sharechat/.SplashActivity t1092} time:26060779
06-29 19:28:25.850  1958  2011 I ActivityManager: Start proc 20589:com.google.android.partnersetup/u0a180 for service {com.google.android.partnersetup/com.google.android.partnersetup.InstalledAppJobService} caller=android
06-29 19:28:25.999  1958  3906 I ActivityManager: Killing 19093:com.google.android.gm/u0a208 (adj 975): empty #17
06-29 19:28:27.469  1958  2011 I ActivityManager: Start proc 20618:com.google.android.apps.turbo:aab/u0a184 for service{com.google.android.apps.turbo/com.google.android.libraries.smartbattery.appusage.library.InferAppBucketsJob} caller=android
06-29 19:28:27.887 20492 20492 I Timeline: Timeline: Activity_launch_request time:26063717
06-29 19:28:27.889  1958  4522 I ActivityTaskManager: START u0 {cmp=com.BHG.sharechat/.AuthActivity} from uid 10768
06-29 19:28:27.911 20492 20492 W ActivityThread: SCHED: com.BHG.sharechat/.SplashActivity [80, r=42ms, a=10ms, w=3022ms]
06-29 19:28:27.917  1958  2202 I ActivityTaskManager: The Process com.BHG.sharechat Already Exists in BG. So sending its PID: 20492
06-29 19:28:27.925  1958  2202 I Timeline: Timeline: App_transition_ready time:26063755
06-29 19:28:28.068 20492 20492 I Timeline: Timeline: Activity_launch_request time:26063898
06-29 19:28:28.069  1958  4597 I ActivityTaskManager: START u0 {cmp=com.BHG.sharechat/.MainActivity} from uid 10768
06-29 19:28:28.096  1958  2348 I ActivityTaskManager: The Process com.BHG.sharechat Already Exists in BG. So sending its PID: 20492
06-29 19:28:28.100  1958  2348 I Timeline: Timeline: App_transition_ready time:26063930
06-29 19:28:28.188  1958  4525 E WindowManager: App trying to use insecure INPUT_FEATURE_NO_INPUT_CHANNEL flag. Ignoring
06-29 19:28:28.207  1958  2202 I Timeline: Timeline: App_transition_ready time:26064037
06-29 19:28:28.208  1958  2202 I Timeline: Timeline: App_transition_ready time:26064039
06-29 19:28:28.242  1958  1997 I Timeline: Timeline: App_transition_ready time:26064072
06-29 19:28:28.283  1958  2202 I ActivityManager: Killing 19205:com.miui.msa.global:ui/u0a123 (adj 965): empty #17
06-29 19:28:28.497  1958  1997 I Timeline: Timeline: Activity_windows_visible id: ActivityRecord{7e876b8 u0 com.BHG.sharechat/.MainActivity t1092} time:26064327
06-29 19:28:28.499  1958  1997 I Timeline: Timeline: App_transition_stopped time:26064329
06-29 19:28:30.825 20492 20492 I Timeline: Timeline: Activity_launch_request time:26066655
06-29 19:28:30.832  1958  2202 W ActivityTaskManager: aInfo is null for resolve intent: Intent { cmp=com.BHG.sharechat/.PostDetailActivity (has extras) }
06-29 19:28:30.832  1958  2202 W ActivityTaskManagerServiceInjector: Intent or aInfo is null!
06-29 19:28:30.832  1958  2202 I ActivityTaskManager: START u0 {cmp=com.BHG.sharechat/.PostDetailActivity (has extras)}from uid 10768
06-29 19:28:30.834 20492 20492 E AndroidRuntime: FATAL EXCEPTION: main
06-29 19:28:30.834 20492 20492 E AndroidRuntime: Process: com.BHG.sharechat, PID: 20492
06-29 19:28:30.834 20492 20492 E AndroidRuntime: android.content.ActivityNotFoundException: Unable to find explicit activity class {com.BHG.sharechat/com.BHG.sharechat.PostDetailActivity}; have you declared this activity in your AndroidManifest.xml?
06-29 19:28:30.834 20492 20492 E AndroidRuntime:        at android.app.Instrumentation.checkStartActivityResult(Instrumentation.java:2064)
06-29 19:28:30.834 20492 20492 E AndroidRuntime:        at android.app.Instrumentation.execStartActivity(Instrumentation.java:1720)
06-29 19:28:30.834 20492 20492 E AndroidRuntime:        at android.app.Activity.startActivityForResult(Activity.java:5258)
06-29 19:28:30.834 20492 20492 E AndroidRuntime:        at androidx.activity.ComponentActivity.startActivityForResult(ComponentActivity.java:780)
06-29 19:28:30.834 20492 20492 E AndroidRuntime:        at android.app.Activity.startActivityForResult(Activity.java:5216)
06-29 19:28:30.834 20492 20492 E AndroidRuntime:        at androidx.activity.ComponentActivity.startActivityForResult(ComponentActivity.java:761)
06-29 19:28:30.834 20492 20492 E AndroidRuntime:        at android.app.Activity.startActivity(Activity.java:5587)
06-29 19:28:30.834 20492 20492 E AndroidRuntime:        at android.app.Activity.startActivity(Activity.java:5555)
06-29 19:28:30.834 20492 20492 E AndroidRuntime:        at com.BHG.sharechat.PostAdapter.onBindViewHolder$lambda$0(PostAdapter.kt:35)
06-29 19:28:30.834 20492 20492 E AndroidRuntime:        at com.BHG.sharechat.PostAdapter.$r8$lambda$f997im-75lUUm_dUbasZBb7wVXA(Unknown Source:0)
06-29 19:28:30.834 20492 20492 E AndroidRuntime:        at com.BHG.sharechat.PostAdapter$$ExternalSyntheticLambda0.onClick(D8$$SyntheticClass:0)
06-29 19:28:30.834 20492 20492 E AndroidRuntime:        at android.view.View.performClick(View.java:7189)
06-29 19:28:30.834 20492 20492 E AndroidRuntime:        at android.view.View.performClickInternal(View.java:7166)
06-29 19:28:30.834 20492 20492 E AndroidRuntime:        at android.view.View.access$3500(View.java:819)
06-29 19:28:30.834 20492 20492 E AndroidRuntime:        at android.view.View$PerformClick.run(View.java:27682)
06-29 19:28:30.834 20492 20492 E AndroidRuntime:        at android.os.Handler.handleCallback(Handler.java:883)
06-29 19:28:30.834 20492 20492 E AndroidRuntime:        at android.os.Handler.dispatchMessage(Handler.java:100)
06-29 19:28:30.834 20492 20492 E AndroidRuntime:        at android.os.Looper.loop(Looper.java:224)
06-29 19:28:30.834 20492 20492 E AndroidRuntime:        at android.app.ActivityThread.main(ActivityThread.java:7592)
06-29 19:28:30.834 20492 20492 E AndroidRuntime:        at java.lang.reflect.Method.invoke(Native Method)
06-29 19:28:30.834 20492 20492 E AndroidRuntime:        at com.android.internal.os.RuntimeInit$MethodAndArgsCaller.run(RuntimeInit.java:539)
06-29 19:28:30.834 20492 20492 E AndroidRuntime:        at com.android.internal.os.ZygoteInit.main(ZygoteInit.java:950)
06-29 19:28:30.857  1958  2202 W ActivityTaskManager:   Force finishing activity com.BHG.sharechat/.MainActivity
06-29 19:28:30.857  1958 20728 I DropBoxManagerService: add tag=data_app_crash isTagEnabled=true flags=0x2
06-29 19:28:30.868  1958  2010 W BroadcastQueue: Background execution not allowed: receiving Intent { act=android.intent.action.DROPBOX_ENTRY_ADDED flg=0x10 (has extras) } to com.google.android.gms/.stats.service.DropBoxEntryAddedReceiver
06-29 19:28:31.004  1958  4415 I ActivityManager: Process com.BHG.sharechat (pid 20492) has died: vis+99 TOP
06-29 19:28:31.005  1958  4522 I WindowManager: WIN DEATH: Window{1b31d82 u0 com.BHG.sharechat/com.BHG.sharechat.MainActivity}
06-29 19:28:31.033  1958  4415 I Timeline: Timeline: App_transition_ready time:26066863
06-29 19:28:31.037  1958  2066 I Timeline: Timeline: App_transition_ready time:26066867
06-29 19:28:31.050  1958  1997 I Timeline: Timeline: App_transition_ready time:26066880
06-29 19:28:31.055  1958  1996 W ActivityManager: setHasOverlayUi called on unknown pid: 20492
06-29 19:28:31.071  1958  2360 I Timeline: Timeline: App_transition_ready time:26066901
06-29 19:28:31.083  1958  1997 I Timeline: Timeline: App_transition_ready time:26066913
06-29 19:28:31.103  1958  1997 I Timeline: Timeline: App_transition_ready time:26066933
06-29 19:28:31.104  1958  1997 I Timeline: Timeline: Activity_windows_visible id: ActivityRecord{ddb1799 u0 com.miui.home/.launcher.Launcher t1} time:26066934
06-29 19:28:31.104  1958  1997 I Timeline: Timeline: App_transition_stopped time:26066934
06-29 19:28:31.362  1958  1996 W ActivityTaskManager: Activity top resumed state loss timeout for ActivityRecord{7e876b8 u0 com.BHG.sharechat/.MainActivity t-1 f}
06-29 19:28:31.880 25324 25324 I Timeline: Timeline: Activity_launch_request time:26067710
06-29 19:28:31.881  1958  3417 I ActivityTaskManager: START u0 {act=android.intent.action.MAIN cat=[android.intent.category.LAUNCHER] flg=0x10200000 cmp=com.BHG.sharechat/.SplashActivity bnds=[73,760][249,936] (has extras)} from uid 10094
06-29 19:28:31.908 25324 25324 W ActivityThread: SCHED: com.miui.home/.launcher.Launcher [80, r=45ms, a=11ms, w=848ms]
06-29 19:28:31.949  1958  2011 I ActivityManager: Start proc 20739:com.BHG.sharechat/u0a768 for activity {com.BHG.sharechat/com.BHG.sharechat.SplashActivity} caller=com.miui.home
06-29 19:28:31.984  1958  1997 I Timeline: Timeline: App_transition_ready time:26067814
06-29 19:28:32.161  1958  2066 E WindowManager: App trying to use insecure INPUT_FEATURE_NO_INPUT_CHANNEL flag. Ignoring
06-29 19:28:32.169  1958  1997 I Timeline: Timeline: App_transition_stopped time:26067999
06-29 19:28:32.214  1958  1997 I Timeline: Timeline: Activity_windows_visible id: ActivityRecord{82896ec u0 com.BHG.sharechat/.SplashActivity t1093} time:26068044
06-29 19:28:33.100  1958  2009 I UsageStatsService: User[0] Flushing usage stats to disk
06-29 19:28:33.191  1958  2009 E AppIdleHistory: Error writing app idle file for user 0
06-29 19:28:34.919 13482 13482 E ActivityThread: Service com.google.android.gms.chimera.GmsApiService has leaked ServiceConnection bofe@207d10b that was originally bound here
06-29 19:28:34.919 13482 13482 E ActivityThread: android.app.ServiceConnectionLeaked: Service com.google.android.gms.chimera.GmsApiService has leaked ServiceConnection bofe@207d10b that was originally bound here
06-29 19:28:34.919 13482 13482 E ActivityThread:        at android.app.LoadedApk$ServiceDispatcher.<init>(LoadedApk.java:1815)
06-29 19:28:34.919 13482 13482 E ActivityThread:        at android.app.LoadedApk.getServiceDispatcherCommon(LoadedApk.java:1687)
06-29 19:28:34.919 13482 13482 E ActivityThread:        at android.app.LoadedApk.getServiceDispatcher(LoadedApk.java:1666)
06-29 19:28:34.919 13482 13482 E ActivityThread:        at android.app.ContextImpl.bindServiceCommon(ContextImpl.java:1731)
06-29 19:28:34.919 13482 13482 E ActivityThread:        at android.app.ContextImpl.bindService(ContextImpl.java:1660)
06-29 19:28:34.919 13482 13482 E ActivityThread:        at android.content.ContextWrapper.bindService(ContextWrapper.java:715)
06-29 19:28:34.919 13482 13482 E ActivityThread:        at android.content.ContextWrapper.bindService(ContextWrapper.java:715)
06-29 19:28:34.919 13482 13482 E ActivityThread:        at android.content.ContextWrapper.bindService(ContextWrapper.java:715)
06-29 19:28:34.919 13482 13482 E ActivityThread:        at boej.bindService(:com.google.android.gms@252431013@25.24.31 (100400-772615181):10)
06-29 19:28:34.919 13482 13482 E ActivityThread:        at android.content.ContextWrapper.bindService(ContextWrapper.java:715)
06-29 19:28:34.919 13482 13482 E ActivityThread:        at android.content.ContextWrapper.bindService(ContextWrapper.java:715)
06-29 19:28:34.919 13482 13482 E ActivityThread:        at android.content.ContextWrapper.bindService(ContextWrapper.java:715)
06-29 19:28:34.919 13482 13482 E ActivityThread:        at android.content.ContextWrapper.bindService(ContextWrapper.java:715)
06-29 19:28:34.919 13482 13482 E ActivityThread:        at ayei.i(:com.google.android.gms@252431013@25.24.31 (100400-772615181):17)
06-29 19:28:34.919 13482 13482 E ActivityThread:        at ayei.f(:com.google.android.gms@252431013@25.24.31 (100400-772615181):97)
06-29 19:28:34.919 13482 13482 E ActivityThread:        at ayei.e(:com.google.android.gms@252431013@25.24.31 (100400-772615181):8)
06-29 19:28:34.919 13482 13482 E ActivityThread:        at zqs.a(:com.google.android.gms@252431013@25.24.31 (100400-772615181):47)
06-29 19:28:34.919 13482 13482 E ActivityThread:        at iqu.a(:com.google.android.gms@252431013@25.24.31 (100400-772615181):19)
06-29 19:28:34.919 13482 13482 E ActivityThread:        at zqx.<init>(:com.google.android.gms@252431013@25.24.31 (100400-772615181):11)
06-29 19:28:34.919 13482 13482 E ActivityThread:        at zrx.call(:com.google.android.gms@252431013@25.24.31 (100400-772615181):18)
06-29 19:28:34.919 13482 13482 E ActivityThread:        at java.util.concurrent.FutureTask.run(FutureTask.java:266)
06-29 19:28:34.919 13482 13482 E ActivityThread:        at ayhu.c(:com.google.android.gms@252431013@25.24.31 (100400-772615181):50)
06-29 19:28:34.919 13482 13482 E ActivityThread:        at ayhu.run(:com.google.android.gms@252431013@25.24.31 (100400-772615181):70)
06-29 19:28:34.919 13482 13482 E ActivityThread:        at java.util.concurrent.ThreadPoolExecutor.runWorker(ThreadPoolExecutor.java:1167)
06-29 19:28:34.919 13482 13482 E ActivityThread:        at java.util.concurrent.ThreadPoolExecutor$Worker.run(ThreadPoolExecutor.java:641)
06-29 19:28:34.919 13482 13482 E ActivityThread:        at aynj.run(:com.google.android.gms@252431013@25.24.31 (100400-772615181):8)
06-29 19:28:34.919 13482 13482 E ActivityThread:        at java.lang.Thread.run(Thread.java:919)
06-29 19:28:34.934  1958  1979 I ActivityManager: Killing 18522:com.google.android.youtube/u0a204 (adj 985): empty #17
06-29 19:28:35.155 20739 20739 I Timeline: Timeline: Activity_launch_request time:26070985
06-29 19:28:35.158  1958  2645 I ActivityTaskManager: START u0 {cmp=com.BHG.sharechat/.AuthActivity} from uid 10768
06-29 19:28:35.184 20739 20739 W ActivityThread: SCHED: com.BHG.sharechat/.SplashActivity [73, r=34ms, a=12ms, w=3033ms]
06-29 19:28:35.194  1958  1981 I ActivityTaskManager: The Process com.BHG.sharechat Already Exists in BG. So sending its PID: 20739
06-29 19:28:35.198   788   903 W EventThreadInspector: slow VSync-sf on display(19260784713820289), count=4, avg=35 ms,max=48 ms.
06-29 19:28:35.200  1958  1981 I Timeline: Timeline: App_transition_ready time:26071030
06-29 19:28:35.333 20739 20739 I Timeline: Timeline: Activity_launch_request time:26071163
06-29 19:28:35.333  1958  2645 I ActivityTaskManager: START u0 {cmp=com.BHG.sharechat/.MainActivity} from uid 10768
06-29 19:28:35.348  1958  2645 I ActivityTaskManager: The Process com.BHG.sharechat Already Exists in BG. So sending its PID: 20739
06-29 19:28:35.351  1958  2645 I Timeline: Timeline: App_transition_ready time:26071182
06-29 19:28:35.436  1958  2645 E WindowManager: App trying to use insecure INPUT_FEATURE_NO_INPUT_CHANNEL flag. Ignoring
06-29 19:28:35.458  1958  1981 I Timeline: Timeline: App_transition_ready time:26071288
06-29 19:28:35.459  1958  1981 I Timeline: Timeline: App_transition_ready time:26071289
06-29 19:28:35.484  1958  1997 I Timeline: Timeline: App_transition_ready time:26071314
06-29 19:28:35.751  1958  1997 I Timeline: Timeline: Activity_windows_visible id: ActivityRecord{9369986 u0 com.BHG.sharechat/.MainActivity t1093} time:26071581
06-29 19:28:35.757  1958  1997 I Timeline: Timeline: App_transition_stopped time:26071587
06-29 19:28:39.109 20739 20739 I Timeline: Timeline: Activity_launch_request time:26074939
06-29 19:28:39.113  1958  2645 W ActivityTaskManager: aInfo is null for resolve intent: Intent { cmp=com.BHG.sharechat/.PostDetailActivity (has extras) }
06-29 19:28:39.113  1958  2645 W ActivityTaskManagerServiceInjector: Intent or aInfo is null!
06-29 19:28:39.113  1958  2645 I ActivityTaskManager: START u0 {cmp=com.BHG.sharechat/.PostDetailActivity (has extras)}from uid 10768
06-29 19:28:39.114 20739 20739 E AndroidRuntime: FATAL EXCEPTION: main
06-29 19:28:39.114 20739 20739 E AndroidRuntime: Process: com.BHG.sharechat, PID: 20739
06-29 19:28:39.114 20739 20739 E AndroidRuntime: android.content.ActivityNotFoundException: Unable to find explicit activity class {com.BHG.sharechat/com.BHG.sharechat.PostDetailActivity}; have you declared this activity in your AndroidManifest.xml?
06-29 19:28:39.114 20739 20739 E AndroidRuntime:        at android.app.Instrumentation.checkStartActivityResult(Instrumentation.java:2064)
06-29 19:28:39.114 20739 20739 E AndroidRuntime:        at android.app.Instrumentation.execStartActivity(Instrumentation.java:1720)
06-29 19:28:39.114 20739 20739 E AndroidRuntime:        at android.app.Activity.startActivityForResult(Activity.java:5258)
06-29 19:28:39.114 20739 20739 E AndroidRuntime:        at androidx.activity.ComponentActivity.startActivityForResult(ComponentActivity.java:780)
06-29 19:28:39.114 20739 20739 E AndroidRuntime:        at android.app.Activity.startActivityForResult(Activity.java:5216)
06-29 19:28:39.114 20739 20739 E AndroidRuntime:        at androidx.activity.ComponentActivity.startActivityForResult(ComponentActivity.java:761)
06-29 19:28:39.114 20739 20739 E AndroidRuntime:        at android.app.Activity.startActivity(Activity.java:5587)
06-29 19:28:39.114 20739 20739 E AndroidRuntime:        at android.app.Activity.startActivity(Activity.java:5555)
06-29 19:28:39.114 20739 20739 E AndroidRuntime:        at com.BHG.sharechat.PostAdapter.onBindViewHolder$lambda$0(PostAdapter.kt:35)
06-29 19:28:39.114 20739 20739 E AndroidRuntime:        at com.BHG.sharechat.PostAdapter.$r8$lambda$f997im-75lUUm_dUbasZBb7wVXA(Unknown Source:0)
06-29 19:28:39.114 20739 20739 E AndroidRuntime:        at com.BHG.sharechat.PostAdapter$$ExternalSyntheticLambda0.onClick(D8$$SyntheticClass:0)
06-29 19:28:39.114 20739 20739 E AndroidRuntime:        at android.view.View.performClick(View.java:7189)
06-29 19:28:39.114 20739 20739 E AndroidRuntime:        at android.view.View.performClickInternal(View.java:7166)
06-29 19:28:39.114 20739 20739 E AndroidRuntime:        at android.view.View.access$3500(View.java:819)
06-29 19:28:39.114 20739 20739 E AndroidRuntime:        at android.view.View$PerformClick.run(View.java:27682)
06-29 19:28:39.114 20739 20739 E AndroidRuntime:        at android.os.Handler.handleCallback(Handler.java:883)
06-29 19:28:39.114 20739 20739 E AndroidRuntime:        at android.os.Handler.dispatchMessage(Handler.java:100)
06-29 19:28:39.114 20739 20739 E AndroidRuntime:        at android.os.Looper.loop(Looper.java:224)
06-29 19:28:39.114 20739 20739 E AndroidRuntime:        at android.app.ActivityThread.main(ActivityThread.java:7592)
06-29 19:28:39.114 20739 20739 E AndroidRuntime:        at java.lang.reflect.Method.invoke(Native Method)
06-29 19:28:39.114 20739 20739 E AndroidRuntime:        at com.android.internal.os.RuntimeInit$MethodAndArgsCaller.run(RuntimeInit.java:539)
06-29 19:28:39.114 20739 20739 E AndroidRuntime:        at com.android.internal.os.ZygoteInit.main(ZygoteInit.java:950)
06-29 19:28:39.119  1958 20886 I DropBoxManagerService: add tag=data_app_crash isTagEnabled=true flags=0x2
06-29 19:28:39.119  1958  2645 W ActivityTaskManager:   Force finishing activity com.BHG.sharechat/.MainActivity
06-29 19:28:39.131  1958  2010 W BroadcastQueue: Background execution not allowed: receiving Intent { act=android.intent.action.DROPBOX_ENTRY_ADDED flg=0x10 (has extras) } to com.google.android.gms/.stats.service.DropBoxEntryAddedReceiver
06-29 19:28:39.248  1958  3417 I WindowManager: WIN DEATH: Window{78ef9e0 u0 com.BHG.sharechat/com.BHG.sharechat.MainActivity}
06-29 19:28:39.249  1958  3906 I ActivityManager: Process com.BHG.sharechat (pid 20739) has died: vis+99 TOP
06-29 19:28:39.273  1958  3906 I Timeline: Timeline: App_transition_ready time:26075103
06-29 19:28:39.278  1958  1996 W ActivityManager: setHasOverlayUi called on unknown pid: 20739
06-29 19:28:39.285  1958  1979 I Timeline: Timeline: App_transition_ready time:26075115
06-29 19:28:39.303  1958  1997 I Timeline: Timeline: App_transition_ready time:26075133
06-29 19:28:39.309  1958  3906 I Timeline: Timeline: App_transition_ready time:26075139
06-29 19:28:39.319  1958  1997 I Timeline: Timeline: App_transition_ready time:26075149
06-29 19:28:39.337  1958  1997 I Timeline: Timeline: App_transition_ready time:26075167
06-29 19:28:39.337  1958  1997 I Timeline: Timeline: Activity_windows_visible id: ActivityRecord{ddb1799 u0 com.miui.home/.launcher.Launcher t1} time:26075167
06-29 19:28:39.337  1958  1997 I Timeline: Timeline: App_transition_stopped time:26075168
06-29 19:28:39.622  1958  1996 W ActivityTaskManager: Activity top resumed state loss timeout for ActivityRecord{9369986 u0 com.BHG.sharechat/.MainActivity t-1 f}
06-29 19:28:40.470  1958  1981 W BaseMiuiPhoneWindowManager: keyCode:82 down:true eventTime:26076272 downTime:26076272 policyFlags:2b000002 flags:48 deviceId:-1 isScreenOn:true keyguardActive:false repeatCount:0
06-29 19:28:40.539  1958  1979 W BaseMiuiPhoneWindowManager: keyCode:82 down:false eventTime:26076368 downTime:26076272policyFlags:2b000002 flags:48 deviceId:-1 isScreenOn:true keyguardActive:false repeatCount:0
06-29 19:28:40.588  1958  1996 W WindowManager: setLauncherState= 2
06-29 19:28:41.007  1958  1979 I ProcessManager: Kill reason OneKeyClean from pid=25324
06-29 19:28:41.009  1958  1979 I ProcessManager: mLruProcesses size=61
06-29 19:28:41.010  1958  1979 I ProcessManager: OneKeyClean: kill com.android.vending Adj=250 State=9
06-29 19:28:41.010  1958  1979 I ActivityManager: Killing 18765:com.android.vending/u0a175 (adj 250): OneKeyClean
06-29 19:28:41.013  1958  1979 I ProcessManager: OneKeyClean: kill com.google.android.apps.turbo:aab Adj=805 State=20
06-29 19:28:41.014  1958  1979 I ActivityManager: Killing 20618:com.google.android.apps.turbo:aab/u0a184 (adj 805): OneKeyClean
06-29 19:28:41.015  1958  1979 I ProcessManager: OneKeyClean: kill com.google.process.gservices Adj=815 State=20
06-29 19:28:41.015  1958  1979 I ActivityManager: Killing 18588:com.google.process.gservices/u0a185 (adj 815): OneKeyClean
06-29 19:28:41.017  1958  1979 I ProcessManager: OneKeyClean: kill com.google.android.partnersetup Adj=825 State=20
06-29 19:28:41.018  1958  1979 I ActivityManager: Killing 20589:com.google.android.partnersetup/u0a180 (adj 825): OneKeyClean
06-29 19:28:41.018  1958  1979 I ProcessManager: OneKeyClean: kill com.android.chrome Adj=835 State=20
06-29 19:28:41.019  1958  1979 I ActivityManager: Killing 20391:com.android.chrome/u0a193 (adj 835): OneKeyClean
06-29 19:28:41.020  1958  1979 I ProcessManager: OneKeyClean: kill com.google.process.gapps Adj=845 State=20
06-29 19:28:41.020  1958  1979 I ActivityManager: Killing 18916:com.google.process.gapps/u0a185 (adj 845): OneKeyClean
06-29 19:28:41.021  1958  1979 I ProcessManager: OneKeyClean: kill com.google.android.webview:webview_service Adj=855 State=20
06-29 19:28:41.021  1958  1979 I ActivityManager: Killing 20328:com.google.android.webview:webview_service/u0a192 (adj 855): OneKeyClean
06-29 19:28:41.022  1958  1979 I ProcessManager: OneKeyClean: kill com.google.android.webview:sandboxed_process0:org.chromium.content.app.SandboxedProcessService0:0 Adj=865 State=20
06-29 19:28:41.022  1958  1979 I ActivityManager: Killing 20290:com.google.android.webview:sandboxed_process0:org.chromium.content.app.SandboxedProcessService0:0/u0a162i53 (adj 865): OneKeyClean
06-29 19:28:41.023  1958  1979 I ProcessManager: OneKeyClean: kill com.android.vending:background Adj=875 State=20
06-29 19:28:41.023  1958  1979 I ActivityManager: Killing 18975:com.android.vending:background/u0a175 (adj 875): OneKeyClean
06-29 19:28:41.025  1958  1979 I ProcessManager: OneKeyClean: kill com.miui.global.packageinstaller Adj=1001 State=20
06-29 19:28:41.026  1958  1979 I ActivityManager: Killing 19844:com.miui.global.packageinstaller/u0a162 (adj 895): OneKeyClean
06-29 19:28:41.027  1958  1979 I ProcessManager: OneKeyClean: kill com.miui.msa.global Adj=100 State=9
06-29 19:28:41.027  1958  1979 I ActivityManager: Killing 17616:com.miui.msa.global/u0a123 (adj 100): OneKeyClean
06-29 19:28:41.028  1958  1979 I ProcessManager: OneKeyClean: kill com.android.keychain Adj=905 State=20
06-29 19:28:41.029  1958  1979 I ActivityManager: Killing 19862:com.android.keychain/1000 (adj 905): OneKeyClean
06-29 19:28:41.029  1958  1979 I ProcessManager: OneKeyClean: kill com.miui.guardprovider Adj=100 State=5
06-29 19:28:41.030  1958  1979 I ActivityManager: Killing 19795:com.miui.guardprovider/u0a115 (adj 100): OneKeyClean
06-29 19:28:41.031  1958  1979 I ProcessManager: OneKeyClean: kill com.android.settings:remote Adj=500 State=11
06-29 19:28:41.031  1958  1979 I ActivityManager: Killing 17500:com.android.settings:remote/1000 (adj 500): OneKeyClean
06-29 19:28:41.032  1958  1979 I ProcessManager: OneKeyClean: kill com.android.settings Adj=925 State=11
06-29 19:28:41.032  1958  1979 I ActivityManager: Killing 18435:com.android.settings/1000 (adj 925): OneKeyClean
06-29 19:28:41.033  1958  1979 I ProcessManager: OneKeyClean: kill com.facebook.services Adj=935 State=20
06-29 19:28:41.034  1958  1979 I ActivityManager: Killing 18377:com.facebook.services/u0a100 (adj 935): OneKeyClean
06-29 19:28:41.034  1958  1979 I ProcessManager: OneKeyClean: kill com.google.android.apps.wellbeing Adj=945 State=20
06-29 19:28:41.035  1958  1979 I ActivityManager: Killing 19248:com.google.android.apps.wellbeing/u0a189 (adj 945): OneKeyClean
06-29 19:28:41.036  1958  1979 I ProcessManager: OneKeyClean: kill app.revanced.android.gms Adj=955 State=20
06-29 19:28:41.036  1958  1979 I ActivityManager: Killing 19494:app.revanced.android.gms/u0a687 (adj 955): OneKeyClean
06-29 19:28:41.037  1958  1979 I ProcessManager: OneKeyClean: kill app.revanced.android.gms:persistent Adj=500 State=11
06-29 19:28:41.037  1958  1979 I ActivityManager: Killing 19472:app.revanced.android.gms:persistent/u0a687 (adj 500): OneKeyClean
06-29 19:28:41.038  1958  1979 I ProcessManager: OneKeyClean: kill com.miui.analytics Adj=965 State=20
06-29 19:28:41.039  1958  1979 I ActivityManager: Killing 19371:com.miui.analytics/u0a105 (adj 965): OneKeyClean
06-29 19:28:41.040  1958  1979 I ProcessManager: OneKeyClean: kill com.qualcomm.telephony Adj=800 State=11
06-29 19:28:41.040  1958  1979 I ActivityManager: Killing 18262:com.qualcomm.telephony/u0a195 (adj 800): OneKeyClean
06-29 19:28:41.041  1958  1979 I ProcessManager: OneKeyClean: kill com.qualcomm.qti.workloadclassifier Adj=800 State=11
06-29 19:28:41.041  1958  1979 I ActivityManager: Killing 18237:com.qualcomm.qti.workloadclassifier/1000 (adj 800): OneKeyClean
06-29 19:28:41.042  1958  1979 I ProcessManager: OneKeyClean: kill com.android.smspush Adj=100 State=7
06-29 19:28:41.042  1958  1979 I ActivityManager: Killing 18215:com.android.smspush/u0a155 (adj 100): OneKeyClean
06-29 19:28:41.043  1958  1979 I ProcessManager: OneKeyClean: kill com.qti.diagservices Adj=800 State=11
06-29 19:28:41.043  1958  1979 I ActivityManager: Killing 17535:com.qti.diagservices/1000 (adj 800): OneKeyClean
06-29 19:28:41.105  1958  1979 I AutoStartManagerService: MIUILOG- Reject RestartService packageName :app.revanced.android.gms uid : 10687
06-29 19:28:41.127  1958  2351 W ActivityManager: Scheduling restart of crashed service com.miui.global.packageinstaller/org.chromium.content.app.SandboxedProcessService0:0 in 1000ms
06-29 19:28:41.168  1958  3906 I AutoStartManagerService: MIUILOG- Reject RestartService packageName :com.miui.guardprovider uid : 10115
06-29 19:28:41.173  1958  2351 W ActivityManager: Scheduling restart of crashed service com.android.smspush/.WapPushManager in 10954ms
06-29 19:28:41.178  1958  1981 W ActivityManager: Scheduling restart of crashed service com.qualcomm.qti.workloadclassifier/.WLCService in 20949ms
06-29 19:28:41.181  1958  2066 W ActivityManager: Scheduling restart of crashed service com.qualcomm.atfwd/.AtFwdService in 30945ms
06-29 19:28:41.198  1958  5270 W ActivityManager: Scheduling restart of crashed service com.qti.diagservices/.QTIDiagServices in 40929ms
06-29 19:28:41.215  1958  5270 W ActivityManager: Scheduling restart of crashed service com.android.settings/.dangerousoptions.DangerousOptionsWarningService in 50912ms
06-29 19:28:41.261  1958  5256 W ActivityManager: Scheduling restart of crashed service com.miui.msa.global/com.zeus.gmc.sdk.mobileads.msa.odi.service.OnDeviceIntelligenceService in 60865ms
06-29 19:28:41.262  1958  5256 W ActivityManager: Scheduling restart of crashed service com.miui.msa.global/com.miui.systemAdSolution.splashscreen.SplashScreenService in 70865ms
06-29 19:28:41.289  1958  4806 W ActivityManager: Scheduling restart of crashed service com.android.vending/com.google.android.finsky.scheduler.process.mainimpl.PhoneskyJobServiceMain in 70838ms
06-29 19:28:41.312  1958  2202 W ActivityManager: Scheduling restart of crashed service com.android.settings/.connecteddevice.usb.MiUsbService in 70815ms
06-29 19:28:41.323  1958  1996 W ActivityManager: setHasOverlayUi called on unknown pid: 18435
06-29 19:28:41.341  1958  1996 W WindowManager: setLauncherState= 1
06-29 19:28:41.607  1958  3417 W BpBinder: Slow Binder: BpBinder transact took 956ms, interface=android.os.IInstalld, code=9 oneway=false
06-29 19:28:41.638  1958  3417 E WindowManager: App trying to use insecure INPUT_FEATURE_NO_INPUT_CHANNEL flag. Ignoring
06-29 19:28:43.681  1958  5258 W NotificationService: Toast already killed. pkg=com.miui.home callback=android.app.ITransientNotification$Stub$Proxy@1e8bccd
06-29 19:28:45.144  1958  1996 W WindowManager: Unable to start animation, surface is null or no children.
06-29 19:28:52.195  1958  2011 I ActivityManager: Start proc 20896:com.android.smspush/u0a155 for service {com.android.smspush/com.android.smspush.WapPushManager} caller=com.android.phone
06-29 19:28:54.676  1958  1958 W WindowManager: removeWindowToken: Attempted to remove non-existing token: android.os.Binder@dfc7434
06-29 19:29:01.963  1958  3851 W BaseMiuiPhoneWindowManager: keyCode:82 down:true eventTime:26097791 downTime:26097791 policyFlags:2b000002 flags:48 deviceId:-1 isScreenOn:true keyguardActive:false repeatCount:0
06-29 19:29:02.022  1958  2202 W BaseMiuiPhoneWindowManager: keyCode:82 down:false eventTime:26097851 downTime:26097791policyFlags:2b000002 flags:48 deviceId:-1 isScreenOn:true keyguardActive:false repeatCount:0
06-29 19:29:02.053  1958  1996 W WindowManager: setLauncherState= 2
06-29 19:29:02.178  1958  2011 I ActivityManager: Start proc 20919:com.qualcomm.qti.workloadclassifier/1000 for service{com.qualcomm.qti.workloadclassifier/com.qualcomm.qti.workloadclassifier.WLCService} caller=com.qualcomm.qti.workloadclassifier
06-29 19:29:02.655  1958  2202 W BaseMiuiPhoneWindowManager: keyCode:3 down:true eventTime:26098484 downTime:26098484 policyFlags:2b000002 flags:48 deviceId:-1 isScreenOn:true keyguardActive:false repeatCount:0
06-29 19:29:02.689  1958  2202 W BaseMiuiPhoneWindowManager: keyCode:3 down:false eventTime:26098518 downTime:26098484 policyFlags:2b000002 flags:48 deviceId:-1 isScreenOn:true keyguardActive:false repeatCount:0
06-29 19:29:02.697  1958  2089 I ActivityTaskManager: START u0 {act=android.intent.action.MAIN cat=[android.intent.category.HOME] flg=0x10000100 cmp=com.miui.home/.launcher.Launcher (has extras)} from uid 0
06-29 19:29:02.703 25324 25324 W ActivityThread: SCHED: com.miui.home/.launcher.Launcher [81, r=158ms, a=36ms, w=23411ms]
06-29 19:29:02.763  1958  1996 W WindowManager: setLauncherState= 1
06-29 19:29:06.493 25324 25324 I Timeline: Timeline: Activity_launch_request time:26102323
06-29 19:29:06.497  1958  5255 I ActivityTaskManager: START u0 {act=android.intent.action.MAIN cat=[android.intent.category.LAUNCHER] flg=0x10200000 cmp=com.BHG.sharechat/.SplashActivity bnds=[73,760][249,936] (has extras)} from uid 10094
06-29 19:29:06.522 25324 25324 W ActivityThread: SCHED: com.miui.home/.launcher.Launcher [68, r=194ms, a=88ms, w=3780ms]
06-29 19:29:06.561  1958  2011 I ActivityManager: Start proc 20968:com.BHG.sharechat/u0a768 for activity {com.BHG.sharechat/com.BHG.sharechat.SplashActivity} caller=com.miui.home
06-29 19:29:06.584  1958  1997 I Timeline: Timeline: App_transition_ready time:26102415
06-29 19:29:06.755  1958  3851 E WindowManager: App trying to use insecure INPUT_FEATURE_NO_INPUT_CHANNEL flag. Ignoring
06-29 19:29:06.764  1958  1997 I Timeline: Timeline: App_transition_stopped time:26102594
06-29 19:29:06.802  1958  1997 I Timeline: Timeline: Activity_windows_visible id: ActivityRecord{5cb541d u0 com.BHG.sharechat/.SplashActivity t1094} time:26102633
06-29 19:29:09.750 20968 20968 I Timeline: Timeline: Activity_launch_request time:26105580
06-29 19:29:09.753  1958  2202 I ActivityTaskManager: START u0 {cmp=com.BHG.sharechat/.AuthActivity} from uid 10768
06-29 19:29:09.781 20968 20968 W ActivityThread: SCHED: com.BHG.sharechat/.SplashActivity [68, r=30ms, a=14ms, w=3034ms]
06-29 19:29:09.786  1958  2202 I ActivityTaskManager: The Process com.BHG.sharechat Already Exists in BG. So sending its PID: 20968
06-29 19:29:09.792  1958  2202 I Timeline: Timeline: App_transition_ready time:26105622
06-29 19:29:09.915 20968 20968 I Timeline: Timeline: Activity_launch_request time:26105745
06-29 19:29:09.915  1958  2202 I ActivityTaskManager: START u0 {cmp=com.BHG.sharechat/.MainActivity} from uid 10768
06-29 19:29:09.926  1958  2202 I ActivityTaskManager: The Process com.BHG.sharechat Already Exists in BG. So sending its PID: 20968
06-29 19:29:09.929  1958  2202 I Timeline: Timeline: App_transition_ready time:26105759
06-29 19:29:10.010  1958  3417 E WindowManager: App trying to use insecure INPUT_FEATURE_NO_INPUT_CHANNEL flag. Ignoring
06-29 19:29:10.037  1958  2202 I Timeline: Timeline: App_transition_ready time:26105867
06-29 19:29:10.040  1958  2202 I Timeline: Timeline: App_transition_ready time:26105870
06-29 19:29:10.062  1958  1997 I Timeline: Timeline: App_transition_ready time:26105892
06-29 19:29:10.328  1958  1997 I Timeline: Timeline: Activity_windows_visible id: ActivityRecord{4db5023 u0 com.BHG.sharechat/.MainActivity t1094} time:26106158
06-29 19:29:10.332  1958  1997 I Timeline: Timeline: App_transition_stopped time:26106163
06-29 19:29:11.351  1958  2011 I ActivityManager: Start proc 21060:com.android.vending/u0a175 for service {com.android.vending/com.google.android.finsky.scheduler.process.mainimpl.PhoneskyJobServiceMain} caller=android
06-29 19:29:11.729  1958  2011 I ActivityManager: Start proc 21106:com.google.process.gservices/u0a185 for content provider {com.google.android.gsf/com.google.android.gsf.gservices.GservicesProvider} caller=com.android.vending
06-29 19:29:11.990  1958  2011 I ActivityManager: Start proc 21160:com.google.process.gapps/u0a185 for content provider{com.google.android.gsf/com.google.android.gsf.settings.GoogleSettingsProvider} caller=com.android.vending
06-29 19:29:12.057 21060 21101 W BpBinder: Slow Binder: BpBinder transact took 359ms, interface=android.app.IActivityManager, code=20 oneway=false
06-29 19:29:12.170  1958  2011 I ActivityManager: Start proc 21198:com.qualcomm.telephony/u0a195 for service {com.qualcomm.atfwd/com.qualcomm.atfwd.AtFwdService} caller=com.qualcomm.atfwd
06-29 19:29:12.218 20968 20968 I Timeline: Timeline: Activity_launch_request time:26108048
06-29 19:29:12.221  1958  4522 W ActivityTaskManager: aInfo is null for resolve intent: Intent { cmp=com.BHG.sharechat/.PostDetailActivity (has extras) }
06-29 19:29:12.221  1958  4522 W ActivityTaskManagerServiceInjector: Intent or aInfo is null!
06-29 19:29:12.221  1958  4522 I ActivityTaskManager: START u0 {cmp=com.BHG.sharechat/.PostDetailActivity (has extras)}from uid 10768
06-29 19:29:12.222 20968 20968 E AndroidRuntime: FATAL EXCEPTION: main
06-29 19:29:12.222 20968 20968 E AndroidRuntime: Process: com.BHG.sharechat, PID: 20968
06-29 19:29:12.222 20968 20968 E AndroidRuntime: android.content.ActivityNotFoundException: Unable to find explicit activity class {com.BHG.sharechat/com.BHG.sharechat.PostDetailActivity}; have you declared this activity in your AndroidManifest.xml?
06-29 19:29:12.222 20968 20968 E AndroidRuntime:        at android.app.Instrumentation.checkStartActivityResult(Instrumentation.java:2064)
06-29 19:29:12.222 20968 20968 E AndroidRuntime:        at android.app.Instrumentation.execStartActivity(Instrumentation.java:1720)
06-29 19:29:12.222 20968 20968 E AndroidRuntime:        at android.app.Activity.startActivityForResult(Activity.java:5258)
06-29 19:29:12.222 20968 20968 E AndroidRuntime:        at androidx.activity.ComponentActivity.startActivityForResult(ComponentActivity.java:780)
06-29 19:29:12.222 20968 20968 E AndroidRuntime:        at android.app.Activity.startActivityForResult(Activity.java:5216)
06-29 19:29:12.222 20968 20968 E AndroidRuntime:        at androidx.activity.ComponentActivity.startActivityForResult(ComponentActivity.java:761)
06-29 19:29:12.222 20968 20968 E AndroidRuntime:        at android.app.Activity.startActivity(Activity.java:5587)
06-29 19:29:12.222 20968 20968 E AndroidRuntime:        at android.app.Activity.startActivity(Activity.java:5555)
06-29 19:29:12.222 20968 20968 E AndroidRuntime:        at com.BHG.sharechat.PostAdapter.onBindViewHolder$lambda$0(PostAdapter.kt:35)
06-29 19:29:12.222 20968 20968 E AndroidRuntime:        at com.BHG.sharechat.PostAdapter.$r8$lambda$f997im-75lUUm_dUbasZBb7wVXA(Unknown Source:0)
06-29 19:29:12.222 20968 20968 E AndroidRuntime:        at com.BHG.sharechat.PostAdapter$$ExternalSyntheticLambda0.onClick(D8$$SyntheticClass:0)
06-29 19:29:12.222 20968 20968 E AndroidRuntime:        at android.view.View.performClick(View.java:7189)
06-29 19:29:12.222 20968 20968 E AndroidRuntime:        at android.view.View.performClickInternal(View.java:7166)
06-29 19:29:12.222 20968 20968 E AndroidRuntime:        at android.view.View.access$3500(View.java:819)
06-29 19:29:12.222 20968 20968 E AndroidRuntime:        at android.view.View$PerformClick.run(View.java:27682)
06-29 19:29:12.222 20968 20968 E AndroidRuntime:        at android.os.Handler.handleCallback(Handler.java:883)
06-29 19:29:12.222 20968 20968 E AndroidRuntime:        at android.os.Handler.dispatchMessage(Handler.java:100)
06-29 19:29:12.222 20968 20968 E AndroidRuntime:        at android.os.Looper.loop(Looper.java:224)
06-29 19:29:12.222 20968 20968 E AndroidRuntime:        at android.app.ActivityThread.main(ActivityThread.java:7592)
06-29 19:29:12.222 20968 20968 E AndroidRuntime:        at java.lang.reflect.Method.invoke(Native Method)
06-29 19:29:12.222 20968 20968 E AndroidRuntime:        at com.android.internal.os.RuntimeInit$MethodAndArgsCaller.run(RuntimeInit.java:539)
06-29 19:29:12.222 20968 20968 E AndroidRuntime:        at com.android.internal.os.ZygoteInit.main(ZygoteInit.java:950)
06-29 19:29:12.224  1958  4597 W ActivityTaskManager:   Force finishing activity com.BHG.sharechat/.MainActivity
06-29 19:29:12.226  1958 21218 I DropBoxManagerService: add tag=data_app_crash isTagEnabled=true flags=0x2
06-29 19:29:12.240  1958  2010 W BroadcastQueue: Background execution not allowed: receiving Intent { act=android.intent.action.DROPBOX_ENTRY_ADDED flg=0x10 (has extras) } to com.google.android.gms/.stats.service.DropBoxEntryAddedReceiver
06-29 19:29:12.262 21060 21088 W BpBinder: Slow Binder: BpBinder transact took 318ms, interface=android.app.IActivityManager, code=20 oneway=false
06-29 19:29:12.271  1958  2011 I ActivityManager: Start proc 21220:com.android.vending:background/u0a175 for service {com.android.vending/com.google.frameworks.client.data.android.server.play.BackgroundProcessEndpointService} caller=com.android.vending
06-29 19:29:12.323  1958  2351 I WindowManager: WIN DEATH: Window{abff395 u0 com.BHG.sharechat/com.BHG.sharechat.MainActivity}
06-29 19:29:12.323  1958  5258 I ActivityManager: Process com.BHG.sharechat (pid 20968) has died: vis+99 TOP
06-29 19:29:12.365  1958  5258 I Timeline: Timeline: App_transition_ready time:26108196
06-29 19:29:12.382  1958  1996 W ActivityManager: setHasOverlayUi called on unknown pid: 20968
06-29 19:29:12.385  1958  2645 I Timeline: Timeline: App_transition_ready time:26108215
06-29 19:29:12.395  1958  1997 I Timeline: Timeline: App_transition_ready time:26108225
06-29 19:29:12.401  1958  1997 I Timeline: Timeline: App_transition_ready time:26108231
06-29 19:29:12.401  1958  1997 I Timeline: Timeline: Activity_windows_visible id: ActivityRecord{ddb1799 u0 com.miui.home/.launcher.Launcher t1} time:26108232
06-29 19:29:12.401  1958  1997 I Timeline: Timeline: App_transition_stopped time:26108232
06-29 19:29:12.727  1958  1996 W ActivityTaskManager: Activity top resumed state loss timeout for ActivityRecord{4db5023 u0 com.BHG.sharechat/.MainActivity t-1 f}
06-29 19:29:14.270  1958  4807 W BaseMiuiPhoneWindowManager: keyCode:82 down:true eventTime:26110099 downTime:26110099 policyFlags:2b000002 flags:48 deviceId:-1 isScreenOn:true keyguardActive:false repeatCount:0
06-29 19:29:14.357  1958  4415 W BaseMiuiPhoneWindowManager: keyCode:82 down:false eventTime:26110187 downTime:26110099policyFlags:2b000002 flags:48 deviceId:-1 isScreenOn:true keyguardActive:false repeatCount:0
06-29 19:29:14.386  1958  1996 W WindowManager: setLauncherState= 2
06-29 19:29:15.044  1958  4807 I ProcessManager: Kill reason OneKeyClean from pid=25324
06-29 19:29:15.049  1958  4807 I ProcessManager: mLruProcesses size=44
06-29 19:29:15.053  1958  4807 I ProcessManager: OneKeyClean: kill com.android.vending:background Adj=250 State=9
06-29 19:29:15.054  1958  4807 I ActivityManager: Killing 21220:com.android.vending:background/u0a175 (adj 250): OneKeyClean
06-29 19:29:15.056  1958  4807 I ProcessManager: OneKeyClean: kill com.qualcomm.telephony Adj=500 State=11
06-29 19:29:15.057  1958  4807 I ActivityManager: Killing 21198:com.qualcomm.telephony/u0a195 (adj 500): OneKeyClean
06-29 19:29:15.059  1958  4807 I ProcessManager: OneKeyClean: kill com.google.process.gservices Adj=700 State=16
06-29 19:29:15.059  1958  4807 I ActivityManager: Killing 21106:com.google.process.gservices/u0a185 (adj 700): OneKeyClean
06-29 19:29:15.066  1958  4807 I ProcessManager: OneKeyClean: kill com.google.process.gapps Adj=700 State=16
06-29 19:29:15.067  1958  4807 I ActivityManager: Killing 21160:com.google.process.gapps/u0a185 (adj 700): OneKeyClean
06-29 19:29:15.069  1958  4807 I ProcessManager: OneKeyClean: kill com.android.vending Adj=250 State=9
06-29 19:29:15.070  1958  4807 I ActivityManager: Killing 21060:com.android.vending/u0a175 (adj 250): OneKeyClean
06-29 19:29:15.073  1958  4807 I ProcessManager: OneKeyClean: kill com.qualcomm.qti.workloadclassifier Adj=800 State=11
06-29 19:29:15.074  1958  4807 I ActivityManager: Killing 20919:com.qualcomm.qti.workloadclassifier/1000 (adj 800): OneKeyClean
06-29 19:29:15.075  1958  4807 I ProcessManager: OneKeyClean: kill com.android.smspush Adj=100 State=7
06-29 19:29:15.076  1958  4807 I ActivityManager: Killing 20896:com.android.smspush/u0a155 (adj 100): OneKeyClean
06-29 19:29:15.118  1958  2645 W ActivityManager: Scheduling restart of crashed service com.qualcomm.atfwd/.AtFwdService in 123780ms
06-29 19:29:15.130  1958  2647 W ActivityManager: Scheduling restart of crashed service com.qualcomm.qti.workloadclassifier/.WLCService in 83796ms
06-29 19:29:15.135  1958  4526 W ActivityManager: Scheduling restart of crashed service com.android.smspush/.WapPushManager in 46992ms
06-29 19:29:15.180  1958  3417 W ActivityManager: Scheduling restart of crashed service com.android.vending/com.google.frameworks.client.data.android.server.play.BackgroundProcessEndpointService in 56947ms
06-29 19:29:15.202  1958  4415 W ActivityManager: Scheduling restart of crashed service com.android.vending/com.google.android.finsky.scheduler.process.mainimpl.PhoneskyJobServiceMain in 56925ms
