06-29 19:39:37.022 26517 27623 W SystemConfig: No directory /product_services/etc/permissions, skipping
06-29 19:39:37.027 26058 26621 I CloudSettingsProvider: uriMatch : 2
06-29 19:39:37.051   511   511 I chatty  : uid=1000(system) hwservicemanage expire 54 lines
06-29 19:39:39.386  1958  5258 W BaseMiuiPhoneWindowManager: keyCode:3 down:true eventTime:26735114 downTime:26735114 policyFlags:2b000002 flags:48 deviceId:-1 isScreenOn:true keyguardActive:false repeatCount:0
06-29 19:39:39.402  2181  2181 W InputEventReceiver: App Input: Dispatching InputEvent took 121ms in main thread! (MotionEvent: event_seq=44013, seq=126302, action=ACTION_DOWN)
06-29 19:39:39.403  1958  2089 I chatty  : uid=1000(system) InputDispatcher expire 16 lines
06-29 19:39:39.418  1958  5258 W BaseMiuiPhoneWindowManager: keyCode:3 down:false eventTime:26735247 downTime:26735114 policyFlags:2b000002 flags:48 deviceId:-1 isScreenOn:true keyguardActive:false repeatCount:0
06-29 19:39:39.431 25666 25666 I chatty  : uid=1000(system) com.miui.securitycenter.remote expire 13 lines
06-29 19:39:39.432  1958  2089 I ActivityTaskManager: START u0 {act=android.intent.action.MAIN cat=[android.intent.category.HOME] flg=0x10000100 cmp=com.miui.home/.launcher.Launcher (has extras)} from uid 0
06-29 19:39:39.443  5413  5459 I chatty  : uid=1000(system) Binder:5413_3 expire 1 line
06-29 19:39:39.443 25666  2712 I chatty  : uid=1000(system) Binder:25666_8 expire 13 lines
06-29 19:39:39.444 24934 25018 I ProcessMonitor: onForegroundInfoChanged: ForegroundInfo{mForegroundPackageName='com.miui.home', mForegroundUid=10094, mForegroundPid=25324, mLastForegroundPackageName='com.miui.securitycenter', mLastForegroundUid=1000, mLastForegroundPid=26517, mMultiWindowForegroundPackageName='null', mMultiWindowForegroundUid=-1, mFlags=0}
06-29 19:39:39.445  5428  5447 I GST     : forePkg: com.miui.home, preForePkg: com.miui.securitycenter
06-29 19:39:39.453  1958  2089 I Timeline: Timeline: App_transition_ready time:26735283
06-29 19:39:39.458 26517 26517 W ActivityThread: SCHED: com.miui.securitycenter/com.miui.appmanager.ApplicationsDetailsActivity [78, r=77ms, a=21ms, w=4392ms]
06-29 19:39:39.459  1958  2348 I Timeline: Timeline: App_transition_ready time:26735289
06-29 19:39:39.462  1958  1997 I Timeline: Timeline: App_transition_ready time:26735292
06-29 19:39:39.463 25324 25324 D Launcher.Lifecycle: onStart:UserHandle{0},e938a99,false
06-29 19:39:39.465 25324 26142 I RenderThread: RenderThread resumed
06-29 19:39:39.465 25324 26142 I RenderThread: All controllers paused.
06-29 19:39:39.465 25324 26142 I RenderThread: RenderThread paused, waiting for signal
06-29 19:39:39.469 25359 25302 D PMonitor:  onForegroundActivitiesChanged:pid = 25324,activity-uid=10094,foregroundActivities=true
06-29 19:39:39.476  1958  5258 I Timeline: Timeline: App_transition_ready time:26735306
06-29 19:39:39.478  1958  1997 I Timeline: Timeline: App_transition_ready time:26735308
06-29 19:39:39.486 25324 25324 E RotationHelper: setCurrentStateRequest: request=0
06-29 19:39:39.487 25324 25324 D EventBus: No subscribers registered for event class com.miui.home.launcher.common.messages.CloseAllOverLauncherWindowMessage
06-29 19:39:39.487 25324 25324 D EventBus: No subscribers registered for event class org.greenrobot.eventbus.NoSubscriberEvent
06-29 19:39:39.489 25324 25324 D Launcher.Lifecycle: onResume:UserHandle{0},e938a99,false
06-29 19:39:39.490 25324 26142 I RenderThread: RenderThread resumed
06-29 19:39:39.490 25324 26142 I RenderThread: All controllers paused.
06-29 19:39:39.490 25324 26142 I RenderThread: RenderThread paused, waiting for signal
06-29 19:39:39.495 25324 25393 D StatusBarController: handleMessage: flag 800000  disable false
06-29 19:39:39.500  1958  2360 I Timeline: Timeline: App_transition_ready time:26735330
06-29 19:39:39.506  1958  1997 I Timeline: Timeline: App_transition_ready time:26735336
06-29 19:39:39.521 25324 25324 D RecentsImpl: mActivityStateObserver com.miui.home.launcher.Launcher
06-29 19:39:39.522 25324 25324 W RecentsImpl: onResumed className=com.miui.home.launcher.Launcher   mIsInAnotherPro=false
06-29 19:39:39.522 25324 25324 D Launcher_WallpaperUtils: changeStatusBarMode:false
06-29 19:39:39.522 25324 25324 D Launcher.Lifecycle: onWindowFocusChanged:true,UserHandle{0},e938a99,false
06-29 19:39:39.522 25324 25324 D Launcher_UnlockAnimationStateMachine: onWindowFocus:IDLE
06-29 19:39:39.552  1958  1997 I Timeline: Timeline: App_transition_ready time:26735382
06-29 19:39:39.565 25324  4106 E LauncherAnimationRunner: onAnimationStart
06-29 19:39:39.565 25324  4106 E LauncherAnimationRunner: onAnimationStart:   mode=0   taskId=1
06-29 19:39:39.565 25324  4106 E LauncherAnimationRunner: onAnimationStart:   mode=1   taskId=1104
06-29 19:39:39.565 25324 25324 D EventBus: No subscribers registered for event class com.miui.home.recents.messages.TaskSnapshotChangedEvent
06-29 19:39:39.565 25324 25324 D EventBus: No subscribers registered for event class org.greenrobot.eventbus.NoSubscriberEvent
06-29 19:39:39.565 25324 25324 E QuickstepAppTransitionManagerImpl: startClosingWindowAnimators
06-29 19:39:39.565 25324 25324 D ItemIcon: getClosingAppDefaultDisappearRect, Rotation=0
06-29 19:39:39.565 25324 25324 E ClipAnimationHelper: updateSourceStack  mSourceInsets=Rect(0, 79 - 0, 127), mSourceStackBounds=Rect(0, 0 - 1080, 2340)
06-29 19:39:39.565 25324 25324 E ClipAnimationHelper: updateHomeStack  mSourceInsets=Rect(0, 79 - 0, 127), mHomeStackBounds=Rect(0, 0 - 1080, 2340)
06-29 19:39:39.565 25324 25324 E ClipAnimationHelper: updateTargetRect  mSourceRect=RectF(0.0, 79.0, 1080.0, 2419.0)   mTargetRect=RectF(0.0, 0.0, 1080.0, 2340.0)   mSourceWindowClipInsets=RectF(0.0, 79.0, 0.0, 0.0)   mHomeStackBounds=Rect(0, 0 - 1080, 2340)   targetRect=Rect(0, 0 - 1080, 2340)
06-29 19:39:39.565 25324 25324 E QuickstepAppTransitionManagerImpl: startClosingWindowAnimators:startRect=RectF(0.0, 0.0, 1080.0, 2340.0), targetRect=Rect(504, 701 - 576, 773), currentRotation=0, isUseSimpleAnim=true
06-29 19:39:39.566 25324 25324 D QuickstepAppTransitionManagerImpl: startClosingWindowAnimators, springAnim start, hideicon=null
06-29 19:39:39.566 25324 25393 E StateBroadcastUtils: sendFsStateBroadCast state=closeWindow   channel=navigation_barpackageName=
06-29 19:39:39.566 25324 25324 E QuickstepAppTransitionManagerImpl: startLauncherContentAnimator:isAppOpening=false
06-29 19:39:39.567 28084 28084 I GoogleInputMethodService: GoogleInputMethodService.onFinishInput():1984
06-29 19:39:39.567 28084 28084 I Module  : DeviceLockedStatusModuleProvider$Module.updateDeviceLockedStatus():100 repeatCheckTimes = 0, locked = false
06-29 19:39:39.568 28084 28084 I GoogleInputMethodService: GoogleInputMethodService.onStartInput():1248 onStartInput(EditorInfo{EditorInfo{packageName=com.miui.home, inputType=0, inputTypeString=NULL, enableLearning=false, autoCorrection=false, autoComplete=false, imeOptions=0, privateImeOptions=null, actionName=UNSPECIFIED, actionLabel=null, initialSelStart=-1, initialSelEnd=-1, initialCapsMode=0, label=null, fieldId=2131361997, fieldName=null, extras=null, hintText=null, hintLocales=[]}}, false)
06-29 19:39:39.569 28084 28084 I Module  : DeviceLockedStatusModuleProvider$Module.updateDeviceLockedStatus():100 repeatCheckTimes = 1, locked = false
06-29 19:39:39.638  1958  4522 W BaseMiuiPhoneWindowManager: keyCode:82 down:true eventTime:26735467 downTime:26735467 policyFlags:2b000002 flags:48 deviceId:-1 isScreenOn:true keyguardActive:false repeatCount:0
06-29 19:39:39.644 25324 25324 W RecentsImpl: updateFsgWindowVisibilityState   isEnter=false   typeFrom=typefrom_status_bar_expansion   isOpen=false   mIsInAnotherPro=false   mIsStatusBarExpansion=false
06-29 19:39:39.763  1958  4522 W BaseMiuiPhoneWindowManager: keyCode:82 down:false eventTime:26735592 downTime:26735467policyFlags:2b000002 flags:48 deviceId:-1 isScreenOn:true keyguardActive:false repeatCount:0
06-29 19:39:39.774 25324 25990 W RecentsModel: getRunningTask
06-29 19:39:39.781 25324 25990 W RecentsModel: getRunningTask   taskInfo=TaskInfo{userId=0 stackId=222 taskId=1104 displayId=0 isRunning=true baseIntent=Intent { act=android.settings.APPLICATION_DETAILS_SETTINGS dat=package:com.BHG.sharechat flg=0x10008000 cmp=com.android.settings/.applications.InstalledAppDetails } baseActivity=ComponentInfo{com.miui.securitycenter/com.miui.appmanager.ApplicationsDetailsActivity} topActivity=ComponentInfo{com.miui.securitycenter/com.miui.appmanager.ApplicationsDetailsActivity} origActivity=ComponentInfo{com.android.settings/com.android.settings.applications.InstalledAppDetails} realActivity=ComponentInfo{com.android.settings/com.android.settings.applications.InstalledAppDetailsTop} numActivities=1 lastActiveTime=114065399 supportsSplitScreenMultiWindow=true resizeMode=1
06-29 19:39:39.782 25324 25990 W RecentsModel: getTaskInfoIgnoreHomeAndFreeform   taskInfo=ComponentInfo{com.miui.securitycenter/com.miui.appmanager.ApplicationsDetailsActivity}
06-29 19:39:39.782 25324 25324 D EventBus: No subscribers registered for event class com.miui.home.launcher.common.messages.CloseAllOverLauncherWindowMessage
06-29 19:39:39.782 25324 25324 D EventBus: No subscribers registered for event class org.greenrobot.eventbus.NoSubscriberEvent
06-29 19:39:39.782 25324 25324 D StateManager: goToState  state=OverviewState   anim=true
06-29 19:39:39.784 25324 25393 E StateBroadcastUtils: sendFsStateBroadCast state=toRecents   channel=navigation_bar   packageName=
06-29 19:39:39.786  1958  4522 I Timeline: Timeline: Activity_windows_visible id: ActivityRecord{ddb1799 u0 com.miui.home/.launcher.Launcher t1} time:26735617
06-29 19:39:39.789 25324 25324 E LauncherAnimationRunner: finish: mFinishRunnable.run
06-29 19:39:39.794  1958  1997 I Timeline: Timeline: App_transition_stopped time:26735624
06-29 19:39:39.797 25324 25324 E StateManager: setWorkspaceProperty  state=OverviewState
06-29 19:39:39.797 25324 25324 E StateManager: setShortcutMenuLayerProperty  state=OverviewState   alpha=0.0   scale=0.93
06-29 19:39:39.797 25324 25324 E RecentsViewStateController: setState: state=OverviewState   mIsIgnoreOverviewAnim=false
06-29 19:39:39.797 25324 25324 D QuickstepAppTransitionManagerImpl: startClosingWindowAnimators, springAnim end, reset icon=null
06-29 19:39:39.798 25324 25393 D StatusBarController: handleMessage: flag 800000  disable false
06-29 19:39:39.800  1958  1996 I chatty  : uid=1000(system) android.display expire 4 lines
06-29 19:39:39.814 25324 25324 D StateManager: LauncherState changed, from com.miui.home.launcher.LauncherState@8de2080to com.miui.home.recents.OverviewState@77b06b9
06-29 19:39:39.814 25324 25324 E OverviewState: onStateEnabled
06-29 19:39:39.824 25324 25324 E ActivityManagerWrapper: getRecentTasks: size=2
06-29 19:39:39.824 25324 25324 E ActivityManagerWrapper: getRecentTasks: taskId=1104   userId=0   baseIntent=Intent { act=android.settings.APPLICATION_DETAILS_SETTINGS dat=package:com.BHG.sharechat flg=0x10008000 cmp=com.android.settings/.applications.InstalledAppDetails }
06-29 19:39:39.824 25324 25324 E ActivityManagerWrapper: getRecentTasks: taskId=1103   userId=0   baseIntent=Intent { act=android.intent.action.MAIN cat=[android.intent.category.LAUNCHER] flg=0x10200000 cmp=com.BHG.sharechat/.SplashActivity (has extras) }
06-29 19:39:39.826  1958  1996 W WindowManager: setLauncherState= 2
06-29 19:39:39.840 25324 25324 D TaskView: TaskView bind task, task=[id=1103 stackId=-1 windowingMode=1 user=0 lastActiveTime=114055934, component=ComponentInfo{com.BHG.sharechat/com.BHG.sharechat.SplashActivity}] ShareChat, isLock=false
06-29 19:39:39.841 25324 25324 D TaskView: TaskView bind task, task=[id=1104 stackId=222 windowingMode=1 user=0 lastActiveTime=114065399, component=ComponentInfo{com.android.settings/com.android.settings.applications.InstalledAppDetails}] App info, isLock=false
06-29 19:39:39.841 25324 25324 D TaskView: TaskView bind task, task=[id=1104 stackId=222 windowingMode=1 user=0 lastActiveTime=114065399, component=ComponentInfo{com.android.settings/com.android.settings.applications.InstalledAppDetails}] App info, isLock=false
06-29 19:39:39.841 25324 25324 D TaskView: TaskView bind task, task=[id=1103 stackId=-1 windowingMode=1 user=0 lastActiveTime=114055934, component=ComponentInfo{com.BHG.sharechat/com.BHG.sharechat.SplashActivity}] ShareChat, isLock=false
06-29 19:39:39.870 25324 25324 E RotationHelper: setCurrentStateRequest: request=1
06-29 19:39:39.870 25324 25324 E RotationHelper: notifyChange activityFlags=3, mMultiWindowRotationRequest=0, mCurrentTransitionRequest=0, mCurrentStateRequest=1
06-29 19:39:39.870 25324 25324 D EventBus: No subscribers registered for event class com.miui.home.launcher.common.messages.CloseAllOverLauncherWindowMessage
06-29 19:39:39.870 25324 25324 D EventBus: No subscribers registered for event class org.greenrobot.eventbus.NoSubscriberEvent
06-29 19:39:39.870 25324 25324 E RotationHelper: setCurrentTransitionRequest: request=0
06-29 19:39:39.870 25324 25324 D QuickstepAppTransitionManagerImpl: startClosingWindowAnimators, springAnim end, reset icon=null
06-29 19:39:39.870 25324 25509 D MiuiMultiWindowUtils: readFreeformTimestamps::str = ["{com.DefaultCompany.mob=[1738430225217, 1738430292313], com.zombie.deadzone=[1738511744055], com.pubg.imobile=[1737196463903, 1737197152752]}"]
06-29 19:39:39.871 25324 25509 D MiuiMultiWindowUtils: readFreeformTimestamps::result = {com.DefaultCompany.mob=[1738430225217, 1738430292313], com.zombie.deadzone=[1738511744055], com.pubg.imobile=[1737196463903, 1737197152752]}
06-29 19:39:39.871 25324 25393 D RecentsContainer: notifyRecentTaskState: true
06-29 19:39:39.871 25324 25324 D TaskStackLayoutAlgorithm: initialize: windowRect=Rect(0, 0 - 1080, 2340), mVisualRotationSystemInsets=Rect(0, 79 - 0, 127), mTaskStackViewRect=Rect(0, 79 - 1080, 2340), mTaskViewRect=Rect(246, 79 - 834, 1391)
06-29 19:39:39.871 25324 25324 D TaskStackLayoutAlgorithm: initialize: windowRect=Rect(0, 0 - 1080, 2340), mVisualRotationSystemInsets=Rect(0, 79 - 0, 127), mTaskStackViewRect=Rect(0, 79 - 1080, 2340), mTaskViewRect=Rect(246, 79 - 834, 1391)
06-29 19:39:39.880 25324 25517 D RecentsContainer: getFreeMemory:2221570048
06-29 19:39:39.880 25359 25302 D PMonitor:  onForegroundActivitiesChanged:pid = 26517,activity-uid=1000,foregroundActivities=false
06-29 19:39:39.931  1958  2009 W UsageStatsService: Failed to note usage stop
06-29 19:39:39.931  1958  2009 W UsageStatsService: java.lang.IllegalArgumentException: Unable to stop usage for com.miui.securitycenter, not in use
06-29 19:39:39.931  1958  2009 W UsageStatsService:     at com.android.server.usage.AppTimeLimitController.noteUsageStop(AppTimeLimitController.java:955)
06-29 19:39:39.931  1958  2009 W UsageStatsService:     at com.android.server.usage.UsageStatsService.reportEvent(UsageStatsService.java:558)
06-29 19:39:39.931  1958  2009 W UsageStatsService:     at com.android.server.usage.UsageStatsService$H.handleMessage(UsageStatsService.java:879)
06-29 19:39:39.931  1958  2009 W UsageStatsService:     at android.os.Handler.dispatchMessage(Handler.java:107)
06-29 19:39:39.931  1958  2009 W UsageStatsService:     at android.os.Looper.loop(Looper.java:224)
06-29 19:39:39.931  1958  2009 W UsageStatsService:     at android.os.HandlerThread.run(HandlerThread.java:67)
06-29 19:39:39.937  1958  5271 I chatty  : uid=1000(system) Binder:1958_20 expire 2 lines
06-29 19:39:39.954 25324 25324 W RecentsImpl: updateFsgWindowVisibilityState   isEnter=false   typeFrom=typefrom_status_bar_expansion   isOpen=false   mIsInAnotherPro=false   mIsStatusBarExpansion=false
06-29 19:39:40.004 25324 25338 W System  : A resource failed to call release.
06-29 19:39:40.004 25324 25338 I chatty  : uid=10094(com.miui.home) FinalizerDaemon identical 3 lines
06-29 19:39:40.065 25324 25509 I chatty  : uid=10094(com.miui.home) LauncherTask #1 expire 2 lines
06-29 19:39:40.303  1958  2348 I ProcessManager: Kill reason OneKeyClean from pid=25324
06-29 19:39:40.322  1958  2348 I ProcessManager: mLruProcesses size=62
06-29 19:39:40.362  1958  2348 I ProcessManager: OneKeyClean: kill com.android.settings:remote Adj=500 State=11
06-29 19:39:40.363  1958  2348 I ActivityManager: Killing 26058:com.android.settings:remote/1000 (adj 500): OneKeyClean
06-29 19:39:40.365  1958  2348 I ProcessManager: OneKeyClean: kill com.android.settings Adj=815 State=11
06-29 19:39:40.366  1958  2348 I ActivityManager: Killing 26128:com.android.settings/1000 (adj 815): OneKeyClean
06-29 19:39:40.367  1958  2348 I ProcessManager: OneKeyClean: kill com.qualcomm.qti.smq Adj=815 State=11
06-29 19:39:40.368  1958  2348 I ActivityManager: Killing 27597:com.qualcomm.qti.smq/1000 (adj 815): OneKeyClean
06-29 19:39:40.372  1958  2348 I ProcessManager: OneKeyClean: kill com.android.vending Adj=825 State=20
06-29 19:39:40.373  1958  2348 I ActivityManager: Killing 25505:com.android.vending/u0a175 (adj 825): OneKeyClean
06-29 19:39:40.378  1958  2348 I ProcessManager: OneKeyClean: kill com.android.chrome Adj=835 State=20
06-29 19:39:40.379  1958  2348 I ActivityManager: Killing 27156:com.android.chrome/u0a193 (adj 835): OneKeyClean
06-29 19:39:40.381  1958  2348 I ProcessManager: OneKeyClean: kill com.google.android.webview:webview_service Adj=855 State=20
06-29 19:39:40.383  1958  2348 I ActivityManager: Killing 27086:com.google.android.webview:webview_service/u0a192 (adj 855): OneKeyClean
06-29 19:39:40.388  1958  2348 I ProcessManager: OneKeyClean: kill com.google.android.webview:sandboxed_process0:org.chromium.content.app.SandboxedProcessService0:0 Adj=865 State=20
06-29 19:39:40.389  1958  2348 I ActivityManager: Killing 27045:com.google.android.webview:sandboxed_process0:org.chromium.content.app.SandboxedProcessService0:0/u0a162i54 (adj 865): OneKeyClean
06-29 19:39:40.392  1958  2348 I ProcessManager: OneKeyClean: kill com.android.vending:background Adj=875 State=20
06-29 19:39:40.393  1958  2348 I ActivityManager: Killing 25968:com.android.vending:background/u0a175 (adj 875): OneKeyClean
06-29 19:39:40.394  1958  2348 I ProcessManager: OneKeyClean: kill com.miui.global.packageinstaller Adj=885 State=20
06-29 19:39:40.395  1958  2348 I ActivityManager: Killing 26646:com.miui.global.packageinstaller/u0a162 (adj 885): OneKeyClean
06-29 19:39:40.396  1958  2348 I ProcessManager: OneKeyClean: kill com.miui.msa.global Adj=100 State=9
06-29 19:39:40.397  1958  2348 I ActivityManager: Killing 24934:com.miui.msa.global/u0a123 (adj 100): OneKeyClean
06-29 19:39:40.398  1958  2348 I ProcessManager: OneKeyClean: kill com.android.keychain Adj=895 State=20
06-29 19:39:40.398  1958  2348 I ActivityManager: Killing 26623:com.android.keychain/1000 (adj 895): OneKeyClean
06-29 19:39:40.399  1958  2348 I ProcessManager: OneKeyClean: kill com.miui.guardprovider Adj=100 State=5
06-29 19:39:40.400  1958  2348 I ActivityManager: Killing 26575:com.miui.guardprovider/u0a115 (adj 100): OneKeyClean
06-29 19:39:40.401  1958  2348 I ProcessManager: OneKeyClean: kill com.whatsapp Adj=905 State=20
06-29 19:39:40.401  1958  2348 I ActivityManager: Killing 24670:com.whatsapp/u0a762 (adj 905): OneKeyClean
06-29 19:39:40.403  1958  1974 I chatty  : uid=1000(system) FinalizerDaemon expire 1 line
06-29 19:39:40.404  1958  2348 I ProcessManager: OneKeyClean: kill com.facebook.services Adj=915 State=20
06-29 19:39:40.404  1958  2348 I ActivityManager: Killing 24786:com.facebook.services/u0a100 (adj 915): OneKeyClean
06-29 19:39:40.405  1958  2348 I ProcessManager: OneKeyClean: kill com.google.android.apps.wellbeing Adj=925 State=20
06-29 19:39:40.405  1958  2348 I ActivityManager: Killing 26206:com.google.android.apps.wellbeing/u0a189 (adj 925): OneKeyClean
06-29 19:39:40.406  1958  2348 I ProcessManager: OneKeyClean: kill app.revanced.android.gms Adj=935 State=20
06-29 19:39:40.406  1958  2348 I ActivityManager: Killing 26354:app.revanced.android.gms/u0a687 (adj 935): OneKeyClean
06-29 19:39:40.407  1958  2348 I ProcessManager: OneKeyClean: kill app.revanced.android.gms:persistent Adj=800 State=11
06-29 19:39:40.408  1958  2348 I ActivityManager: Killing 26332:app.revanced.android.gms:persistent/u0a687 (adj 800): OneKeyClean
06-29 19:39:40.408  1958  2348 I ProcessManager: OneKeyClean: kill com.miui.msa.global:ui Adj=945 State=20
06-29 19:39:40.409  1958  2348 I ActivityManager: Killing 26226:com.miui.msa.global:ui/u0a123 (adj 945): OneKeyClean
06-29 19:39:40.411  1958  2348 I ProcessManager: OneKeyClean: kill com.google.process.gapps Adj=955 State=20
06-29 19:39:40.412  1958  2348 I ActivityManager: Killing 25919:com.google.process.gapps/u0a185 (adj 955): OneKeyClean
06-29 19:39:40.412  1958  2348 I ProcessManager: OneKeyClean: kill com.google.process.gservices Adj=965 State=20
06-29 19:39:40.413  1958  2348 I ActivityManager: Killing 24834:com.google.process.gservices/u0a185 (adj 965): OneKeyClean
06-29 19:39:40.414  1958  2348 I ProcessManager: OneKeyClean: kill com.google.android.youtube Adj=975 State=20
06-29 19:39:40.414  1958  2348 I ActivityManager: Killing 24861:com.google.android.youtube/u0a204 (adj 975): OneKeyClean
06-29 19:39:40.416  1958  2348 I ProcessManager: OneKeyClean: kill com.qti.diagservices Adj=800 State=11
06-29 19:39:40.416  1958  2348 I ActivityManager: Killing 25114:com.qti.diagservices/1000 (adj 800): OneKeyClean
06-29 19:39:40.417  1958  2348 I ProcessManager: OneKeyClean: kill com.qualcomm.qti.workloadclassifier Adj=800 State=11
06-29 19:39:40.418  1958  2348 I ActivityManager: Killing 24689:com.qualcomm.qti.workloadclassifier/1000 (adj 800): OneKeyClean
06-29 19:39:40.418  1958  2348 I ProcessManager: OneKeyClean: kill com.qualcomm.telephony Adj=800 State=11
06-29 19:39:40.419  1958  2348 I ActivityManager: Killing 24641:com.qualcomm.telephony/u0a195 (adj 800): OneKeyClean
06-29 19:39:40.420  1958  2348 I ProcessManager: OneKeyClean: kill com.android.smspush Adj=100 State=7
06-29 19:39:40.420  1958  2348 I ActivityManager: Killing 24608:com.android.smspush/u0a155 (adj 100): OneKeyClean
06-29 19:39:40.430   614   614 I Zygote  : Process 27156 exited due to signal 9 (Killed)
06-29 19:39:40.439   614   614 I Zygote  : Process 27597 exited due to signal 9 (Killed)
06-29 19:39:40.456   614   614 I Zygote  : Process 27086 exited due to signal 9 (Killed)
06-29 19:39:40.471   614   614 I Zygote  : Process 26332 exited due to signal 9 (Killed)
06-29 19:39:40.474  1958  5258 I AutoStartManagerService: MIUILOG- Reject RestartService packageName :app.revanced.android.gms uid : 10687
06-29 19:39:40.476   614   614 I Zygote  : Process 26058 exited due to signal 9 (Killed)
06-29 19:39:40.479  1958  2012 I chatty  : uid=1000(system) ActivityManager expire 26 lines
06-29 19:39:40.479  1958  5271 W ActivityManager: Scheduling restart of crashed service com.android.settings/.dangerousoptions.DangerousOptionsWarningService in 1000ms
06-29 19:39:40.486 18010 18010 I Zygote  : Process 27045 exited due to signal 9 (Killed)
06-29 19:39:40.488  1958  5271 W ActivityManager: Scheduling restart of crashed service com.miui.global.packageinstaller/org.chromium.content.app.SandboxedProcessService0:0 in 10991ms
06-29 19:39:40.494   614   614 I Zygote  : Process 26575 exited due to signal 9 (Killed)
06-29 19:39:40.499  1958  1981 I AutoStartManagerService: MIUILOG- Reject RestartService packageName :com.miui.guardprovider uid : 10115
06-29 19:39:40.499   614   614 I Zygote  : Process 26354 exited due to signal 9 (Killed)
06-29 19:39:40.502   614   614 I Zygote  : Process 24641 exited due to signal 9 (Killed)
06-29 19:39:40.511  1958  5270 W ActivityManager: Scheduling restart of crashed service com.qualcomm.atfwd/.AtFwdService in 20968ms
06-29 19:39:40.513   614   614 I Zygote  : Process 24608 exited due to signal 9 (Killed)
06-29 19:39:40.515  1958  1981 W ActivityManager: Scheduling restart of crashed service com.android.smspush/.WapPushManager in 30964ms
06-29 19:39:40.517   614   614 I Zygote  : Process 26128 exited due to signal 9 (Killed)
06-29 19:39:40.520  1958  5258 W ActivityManager: Scheduling restart of crashed service com.android.settings/.connecteddevice.usb.MiUsbService in 40959ms
06-29 19:39:40.521 32470 32470 I ahqt    : Trimming objects from memory, since app is in the background.
06-29 19:39:40.522  1958  1996 W ActivityManager: setHasOverlayUi called on unknown pid: 26128
06-29 19:39:40.524   614   614 I Zygote  : Process 24834 exited due to signal 9 (Killed)
06-29 19:39:40.524   614   614 I Zygote  : Process 25114 exited due to signal 9 (Killed)
06-29 19:39:40.530  1958  4597 W ActivityManager: Scheduling restart of crashed service com.qti.diagservices/.QTIDiagServices in 50949ms
06-29 19:39:40.532   614   614 I Zygote  : Process 26623 exited due to signal 9 (Killed)
06-29 19:39:40.536   614   614 I Zygote  : Process 25919 exited due to signal 9 (Killed)
06-29 19:39:40.546   614   614 I Zygote  : Process 24689 exited due to signal 9 (Killed)
06-29 19:39:40.548  1958  2348 W ActivityManager: Scheduling restart of crashed service com.qualcomm.qti.workloadclassifier/.WLCService in 60932ms
06-29 19:39:40.568 28084 28084 I AppBase : AppBase.onTrimMemory():417 onTrimMemory(): 80
06-29 19:39:40.572   614   614 I Zygote  : Process 24670 exited due to signal 9 (Killed)
06-29 19:39:40.592 28084 28084 I KeyboardDefCache: MemoryFileCache$1.onTrimMemory():126 clearMemory() for trim memory: 80
06-29 19:39:40.599 28084 28084 I KeyboardDefCache: MemoryFileCache.clearMemory():410 evictAll()
06-29 19:39:40.599 28084 28084 W NotificationCenter: NotificationCenter$NotificationQueue.notifyPendingNotificationsOnExecutor():877 Heavy notify work detected on UI thread: [lvw->jsn] takes 27ms
06-29 19:39:40.599 28084 28084 I GoogleInputMethodService: GoogleInputMethodService.onTrimMemory():2670 onTrimMemory():80
06-29 19:39:40.601   614   614 I Zygote  : Process 25968 exited due to signal 9 (Killed)
06-29 19:39:40.605   614   614 I Zygote  : Process 26206 exited due to signal 9 (Killed)
06-29 19:39:40.627   614   614 I Zygote  : Process 25505 exited due to signal 9 (Killed)
06-29 19:39:40.627   614   614 I Zygote  : Process 24786 exited due to signal 9 (Killed)
06-29 19:39:40.632   614   614 I Zygote  : Process 26226 exited due to signal 9 (Killed)
06-29 19:39:40.640   614   614 I Zygote  : Process 24934 exited due to signal 9 (Killed)
06-29 19:39:40.643  1958  4522 W ActivityManager: Scheduling restart of crashed service com.miui.msa.global/com.zeus.gmc.sdk.mobileads.msa.odi.service.OnDeviceIntelligenceService in 70837ms
06-29 19:39:40.643  1958  4522 W ActivityManager: Scheduling restart of crashed service com.miui.msa.global/com.miui.systemAdSolution.splashscreen.SplashScreenService in 80837ms
06-29 19:39:40.654   614   614 I Zygote  : Process 24861 exited due to signal 9 (Killed)
06-29 19:39:40.652   780   780 W Binder:780_2: type=1400 audit(0.0:16689): avc: denied { write } for name="logd" dev="tmpfs" ino=19745 scontext=u:r:audioserver:s0 tcontext=u:object_r:logd_socket:s0 tclass=sock_file permissive=0
06-29 19:39:40.679   614   614 I Zygote  : Process 26646 exited due to signal 9 (Killed)
06-29 19:39:40.688 25324 25393 I chatty  : uid=10094(com.miui.home) cher.Background expire 7 lines
06-29 19:39:40.700  1958  1996 W WindowManager: setLauncherState= 1
06-29 19:39:40.855   788   902 W EventThreadInspector: slow VSync-app on display(19260784713820289), count=1, avg=38 ms, max=38 ms.
06-29 19:39:41.024  1958  5256 E WindowManager: App trying to use insecure INPUT_FEATURE_NO_INPUT_CHANNEL flag. Ignoring
06-29 19:39:41.520 26517 27624 I chatty  : uid=1000(system) Measurement Wor expire 1 line
06-29 19:39:41.538 21390 21390 D BoundBrokerSvc: onRebind: Intent { act=com.google.android.gms.libs.gmscorelogger.service.START dat=chimera-action: cmp=com.google.android.gms/.chimera.PersistentDirectBootAwareApiService }
06-29 19:39:41.541   614   614 D Zygote  : Forked child process 27641
06-29 19:39:41.546   613   613 D OemNetd : setPidForPackage: packageName=com.android.settings, pid=27641, pid=1000
06-29 19:39:41.547  1958  2011 I ActivityManager: Start proc 27641:com.android.settings:remote/1000 for service {com.android.settings/com.android.settings.dangerousoptions.DangerousOptionsWarningService} caller=com.android.settings
06-29 19:39:41.567 27641 27641 I chatty  : uid=1000(system) com.android.settings:remote expire 7 lines
06-29 19:39:41.585  1958  4526 I chatty  : uid=1000(system) Binder:1958_15 expire 6 lines
06-29 19:39:41.832 27641 27641 W settings:remote: type=1400 audit(0.0:16690): avc: denied { read } for name="u:object_r:vendor_display_prop:s0" dev="tmpfs" ino=24809 scontext=u:r:system_app:s0 tcontext=u:object_r:vendor_display_prop:s0 tclass=file permissive=0
06-29 19:39:42.016 27641 27663 I chatty  : uid=1000(system) com.android.settings:remote expire 4 lines
06-29 19:39:42.148 27641 27662 I chatty  : uid=1000(system) AsyncTask #1 expire 1 line
06-29 19:39:42.632  1958  5256 I ActivityTaskManager: START u0 {act=android.settings.APPLICATION_DETAILS_SETTINGS dat=package:com.BHG.sharechat flg=0x10008000 cmp=com.android.settings/.applications.InstalledAppDetails} from uid 10094
06-29 19:39:42.632  1958  5256 I chatty  : uid=1000(system) Binder:1958_1C expire 13 lines
06-29 19:39:42.644   734   871 E ANDR-PERF-UTIL: Failed to read /proc/sys/kernel/sched_busy_hyst_ns
06-29 19:39:42.644   734   871 E ANDR-PERF-OPTSHANDLER: Failed to read /proc/sys/kernel/sched_busy_hyst_ns
06-29 19:39:42.644   734   871 E ANDR-PERF-RESOURCEQS: Failed to apply optimization [1, 2]
06-29 19:39:42.644  1550  1567 E ANDR-IOP: io prefetch is disabled
06-29 19:39:42.658 25324 25324 W ActivityThread: SCHED: com.miui.home/.launcher.Launcher [74, r=308ms, a=105ms, w=3171ms]
06-29 19:39:42.696   614   614 D Zygote  : Forked child process 27678
06-29 19:39:42.698   613   613 D OemNetd : setPidForPackage: packageName=com.android.settings, pid=27678, pid=1000
06-29 19:39:42.698  1958  2011 I ActivityManager: Start proc 27678:com.android.settings/1000 for activity {com.android.settings/com.android.settings.applications.InstalledAppDetails} caller=com.miui.home
06-29 19:39:42.713 27678 27678 I chatty  : uid=1000(system) com.android.settings expire 42 lines
06-29 19:39:42.723  5413  5455 I chatty  : uid=1000(system) Binder:5413_1 expire 2 lines
06-29 19:39:42.725  5428  5447 I GST     : forePkg: com.android.settings, preForePkg: com.miui.home
06-29 19:39:42.729  1958  1997 I Timeline: Timeline: App_transition_ready time:26738559
06-29 19:39:42.733  1958  2010 I chatty  : uid=1000(system) ActivityManager expire 3 lines
06-29 19:39:42.734 25359 25376 D PMonitor:  onForegroundActivitiesChanged:pid = 27678,activity-uid=1000,foregroundActivities=true
06-29 19:39:42.842 27678 27699 I chatty  : uid=1000(system) ScionFrontendAp expire 4 lines
06-29 19:39:42.856 27678 27704 I chatty  : uid=1000(system) com.android.settings expire 4 lines
06-29 19:39:42.906 27678 27703 I chatty  : uid=1000(system) com.android.settings expire 2 lines
06-29 19:39:42.907 27678 27713 I chatty  : uid=1000(system) com.android.settings expire 1 line
06-29 19:39:42.922  1958  1997 I Timeline: Timeline: App_transition_stopped time:26738753
06-29 19:39:42.929 27678 27713 D NetworkSecurityConfig: No Network Security Config specified, using platform default
06-29 19:39:42.929 27678 27713 I DpmTcmClient: RegisterTcmMonitor from: $Proxy0
06-29 19:39:42.937 27678 27678 D ForceDarkHelper: updateByCheckExcludeList: pkg: com.android.settings activity: com.android.settings.applications.InstalledAppDetailsTop@ffb6673
06-29 19:39:42.939 27678 27678 D ForceDarkHelper: updateByCheckExcludeList: pkg: com.android.settings activity: com.android.settings.applications.InstalledAppDetailsTop@ffb6673
06-29 19:39:42.939 27678 27678 D SettingsActivity: Starting to set activity title
06-29 19:39:42.940 27678 27678 D SettingsActivity: Done setting title
06-29 19:39:42.941 27678 27714 D miuisdk_anim: logLevel =
06-29 19:39:42.940 27678 27678 I SettingsActivity: settings_start_fragment: com.android.settings.applications.InstalledAppDetailsFragment
06-29 19:39:42.959  1958  2646 I ActivityTaskManager: START u0 {act=miui.intent.action.APP_MANAGER_APPLICATION_DETAIL pkg=com.miui.securitycenter cmp=com.miui.securitycenter/com.miui.appmanager.ApplicationsDetailsActivity (has extras)} from uid 1000
06-29 19:39:42.959  1958  2646 I chatty  : uid=1000(system) Binder:1958_9 expire 17 lines
06-29 19:39:42.962   613 27724 E ResolverController: No valid NAT64 prefix (107, <unspecified>/0)
06-29 19:39:42.968   614   614 D Zygote  : Forked child process 27728
06-29 19:39:42.973   613   613 D OemNetd : setPidForPackage: packageName=com.qualcomm.qti.smq, pid=27728, pid=1000
06-29 19:39:42.973  1958  2011 I ActivityManager: Start proc 27728:com.qualcomm.qti.smq/1000 for content provider {com.qualcomm.qti.smq/com.qualcomm.qti.smq.providers.SMQContentProvider} caller=com.android.settings
06-29 19:39:42.976 27678 27678 D SettingsActivity: Executed frag manager pendingTransactions
06-29 19:39:42.982 27728 27728 E ualcomm.qti.sm: Not starting debugger since process cannot load the jdwp agent.
06-29 19:39:42.991 27678 27678 E SettingsPreference: recommend items not load complete.
06-29 19:39:42.995  1958  4807 I ActivityTaskManager: The Process com.miui.securitycenter Already Exists in BG. So sending its PID: 26517
06-29 19:39:42.996 27678 27703 D RecommendHelper: Load end, total time70ms
06-29 19:39:42.997  5428  5447 I GST     : forePkg: com.miui.securitycenter, preForePkg: com.android.settings
06-29 19:39:43.001  1958  4807 I Timeline: Timeline: App_transition_ready time:26738832
06-29 19:39:43.004  1958  1979 I chatty  : uid=1000(system) Binder:1958_1 expire 8 lines
06-29 19:39:43.012 25359 25376 D PMonitor:  onForegroundActivitiesChanged:pid = 26517,activity-uid=1000,foregroundActivities=true
06-29 19:39:43.021  1958  4807 W NotificationService: Toast already killed. pkg=com.miui.home callback=android.app.ITransientNotification$Stub$Proxy@dc65a9f
06-29 19:39:43.028 27728 27728 D libnativeloader: classloader namespace configured for unbundled vendor apk. library_path=/vendor/app/QDMA-UI/lib/arm64:/vendor/app/QDMA-UI/QDMA-UI.apk!/lib/arm64-v8a:/vendor/lib64
06-29 19:39:43.037 27728 27728 I Perf    : Connecting to perf service.
06-29 19:39:43.052 27728 27728 D QDMA_UI : SMQContentProvider onCreate
06-29 19:39:43.056 27728 27745 D QDMA_UI : SMQContentProvider query
06-29 19:39:43.059 27728 27728 I FeatureParser: can't find violet.xml in assets/device_features/,it may be in /system/etc/device_features
06-29 19:39:43.066 27728 27750 E Perf    : Fail to get file list com.qualcomm.qti.smq
06-29 19:39:43.066 27728 27750 E Perf    : getFolderSize() : Exception_1 = java.lang.NullPointerException: Attempt to get length of null array
06-29 19:39:43.067 27728 27750 E Perf    : Fail to get file list com.qualcomm.qti.smq
06-29 19:39:43.067 27728 27750 E Perf    : getFolderSize() : Exception_1 = java.lang.NullPointerException: Attempt to get length of null array
06-29 19:39:43.100 26517 27752 I chatty  : uid=1000(system) ModernAsyncTask expire 27 lines
06-29 19:39:43.108  1958  2014 E BatteryExternalStatsWorker: no controller energy info supplied for bluetooth
06-29 19:39:43.117  1958  2014 E KernelCpuUidUserSysTimeReader: Negative user/sys time delta for UID=10687
06-29 19:39:43.117  1958  2014 E KernelCpuUidUserSysTimeReader: Prev times: u=28309 s=12538 Curr times: u=28123 s=12387
06-29 19:39:43.117  1958  2014 E KernelCpuUidUserSysTimeReader: Negative user/sys time delta for UID=10195
06-29 19:39:43.117  1958  2014 E KernelCpuUidUserSysTimeReader: Prev times: u=6057 s=3378 Curr times: u=5983 s=3322
06-29 19:39:43.117  1958  2014 E KernelCpuUidUserSysTimeReader: Negative user/sys time delta for UID=10185
06-29 19:39:43.117  1958  2014 E KernelCpuUidUserSysTimeReader: Prev times: u=702818 s=301002 Curr times: u=702638 s=300943
06-29 19:39:43.117  1958  2014 E KernelCpuUidUserSysTimeReader: Negative user/sys time delta for UID=10175
06-29 19:39:43.117  1958  2014 E KernelCpuUidUserSysTimeReader: Prev times: u=872691 s=257006 Curr times: u=872091 s=256748
06-29 19:39:43.117  1958  2014 E KernelCpuUidUserSysTimeReader: Negative user/sys time delta for UID=10162
06-29 19:39:43.117  1958  2014 E KernelCpuUidUserSysTimeReader: Prev times: u=120596 s=54601 Curr times: u=120075 s=54322
06-29 19:39:43.117  1958  2014 E KernelCpuUidUserSysTimeReader: Negative user/sys time delta for UID=10204
06-29 19:39:43.117  1958  2014 E KernelCpuUidUserSysTimeReader: Prev times: u=106957 s=46530 Curr times: u=106707 s=46326
06-29 19:39:43.117  1958  2014 E KernelCpuUidUserSysTimeReader: Negative user/sys time delta for UID=10115
06-29 19:39:43.117  1958  2014 E KernelCpuUidUserSysTimeReader: Prev times: u=5654 s=2594 Curr times: u=5622 s=2531
06-29 19:39:43.117  1958  2014 E KernelCpuUidUserSysTimeReader: Negative user/sys time delta for UID=10123
06-29 19:39:43.117  1958  2014 E KernelCpuUidUserSysTimeReader: Prev times: u=170125 s=83845 Curr times: u=170003 s=83684
06-29 19:39:43.117  1958  2014 E KernelCpuUidUserSysTimeReader: Negative user/sys time delta for UID=10762
06-29 19:39:43.117  1958  2014 E KernelCpuUidUserSysTimeReader: Prev times: u=196823 s=58209 Curr times: u=196530 s=58065
06-29 19:39:43.117  1958  2014 E KernelCpuUidUserSysTimeReader: Negative user/sys time delta for UID=10189
06-29 19:39:43.117  1958  2014 E KernelCpuUidUserSysTimeReader: Prev times: u=56712 s=21657 Curr times: u=56583 s=21584
06-29 19:39:43.117  1958  2014 E KernelCpuUidUserSysTimeReader: Negative user/sys time delta for UID=10100
06-29 19:39:43.117  1958  2014 E KernelCpuUidUserSysTimeReader: Prev times: u=7626 s=3805 Curr times: u=7518 s=3708
06-29 19:39:43.117  1958  2014 E KernelCpuUidUserSysTimeReader: Negative user/sys time delta for UID=10155
06-29 19:39:43.117  1958  2014 E KernelCpuUidUserSysTimeReader: Prev times: u=3015 s=1825 Curr times: u=2978 s=1781
06-29 19:39:43.117 27678 27726 I FA      : App measurement initialized, version: 129011
06-29 19:39:43.117 27678 27726 I FA      : To enable debug logging run: adb shell setprop log.tag.FA VERBOSE
06-29 19:39:43.118 27678 27726 I FA      : To enable faster debug mode event logging run:
06-29 19:39:43.118 27678 27726 I FA      :   adb shell setprop debug.firebase.analytics.app com.android.settings
06-29 19:39:43.130   613   613 I netd    : trafficSwapActiveStatsMap() <1.15ms>
06-29 19:39:43.133 27678 27713 I RequestUtils: RequestUtils setValidRatioAnalytics: true
06-29 19:39:43.133 27678 27713 I RequestUtils: RequestUtils isValidRatioAnalytics: true
06-29 19:39:43.137   613   613 I netd    : tetherGetStats() <1.01ms>
06-29 19:39:43.141 27678 27726 W FA      : Failed to retrieve Firebase Instance Id
06-29 19:39:43.160 27678 27726 W FA      : Failed to retrieve Firebase Instance Id
06-29 19:39:43.164  1958  1997 I Timeline: Timeline: Activity_windows_visible id: ActivityRecord{85a6d06 u0 com.miui.securitycenter/com.miui.appmanager.ApplicationsDetailsActivity t1105} time:26738994
06-29 19:39:43.173 27678 27726 W FA      : Failed to retrieve Firebase Instance Id
06-29 19:39:43.176 28084 28084 I GoogleInputMethodService: GoogleInputMethodService.onFinishInput():1984
06-29 19:39:43.176 28084 28084 I Module  : DeviceLockedStatusModuleProvider$Module.updateDeviceLockedStatus():100 repeatCheckTimes = 0, locked = false
06-29 19:39:43.177 28084 28084 I GoogleInputMethodService: GoogleInputMethodService.onStartInput():1248 onStartInput(EditorInfo{EditorInfo{packageName=com.miui.securitycenter, inputType=0, inputTypeString=NULL, enableLearning=false, autoCorrection=false, autoComplete=false, imeOptions=0, privateImeOptions=null, actionName=UNSPECIFIED, actionLabel=null, initialSelStart=-1, initialSelEnd=-1, initialCapsMode=0, label=null, fieldId=-1, fieldName=null, extras=null, hintText=null,hintLocales=[]}}, false)
06-29 19:39:43.178 28084 28084 I Module  : DeviceLockedStatusModuleProvider$Module.updateDeviceLockedStatus():100 repeatCheckTimes = 1, locked = false
06-29 19:39:43.186   788   903 W EventThreadInspector: slow VSync-sf on display(19260784713820289), count=5, avg=23 ms,max=32 ms.
06-29 19:39:43.196 13482 26522 D AdvertisingIdClient: AdvertisingIdClient already created.
06-29 19:39:43.223 25359 25376 D PMonitor:  onForegroundActivitiesChanged:pid = 25324,activity-uid=10094,foregroundActivities=false
06-29 19:39:43.224 13482 26522 I AdvertisingIdClient: shouldSendLog 90688109
06-29 19:39:43.224 13482 26522 I AdvertisingIdClient: GetInfoInternal elapse 28ms
06-29 19:39:43.230 13482 13482 I AdvertisingIdClient: getting error as 17: API: ClientTelemetry.API is not available onthis device. Connection failed with: ConnectionResult{statusCode=API_DISABLED, resolution=null, message=null}
06-29 19:39:43.262 27641 27660 I CloudSettingsProvider: uriMatch : 2
06-29 19:39:43.273  1958  1997 I Timeline: Timeline: App_transition_stopped time:26739103
06-29 19:39:43.278 25359 25376 D PMonitor:  onForegroundActivitiesChanged:pid = 27678,activity-uid=1000,foregroundActivities=false
06-29 19:39:43.303   788   902 W EventThreadInspector: slow VSync-app on display(19260784713820289), count=1, avg=32 ms, max=32 ms.
06-29 19:39:43.728   734   872 W ANDR-PERF-LM: FeatureState: readState() 149: warning: appName is NULL, returning default State
06-29 19:39:43.728   734   872 W ANDR-PERF-LM: FeatureState: readState() 149: warning: appName is NULL, returning default State
06-29 19:39:43.728   734   872 W ANDR-PERF-LM: MetaMeter: handleSecondaryAsync() 149: AdaptLaunch MetaMeterThread start(). No MeterMgr Available to handle this Secondary/Data Async. !!!!
06-29 19:39:43.895  1958  4525 I chatty  : uid=1000(system) Binder:1958_14 expire 4 lines
06-29 19:39:44.105  3633  3633 I CNSS    : Failed to send nl message
06-29 19:39:44.300  3633  3633 I CNSS    : Failed to send nl message
06-29 19:39:44.527  1958  1996 W WindowManager: Unable to start animation, surface is null or no children.
06-29 19:39:44.535  3633  3633 I CNSS    : Failed to send nl message
06-29 19:39:44.670 25324 26515 I chatty  : uid=10094(com.miui.home) Measurement Wor expire 1 line
06-29 19:39:44.701  3633  3633 I CNSS    : Failed to send nl message
06-29 19:39:44.993  3633  3633 I CNSS    : Failed to send nl message
06-29 19:39:45.170 26517 26517 I HapticCompat: Rom haptic version: 1.0
06-29 19:39:45.170 26517 26517 W LinearVibrator: linear motor is not supported in this platform.
06-29 19:39:45.170 26517 26517 I HapticCompat: loading provider: miuix.view.ExtendedVibrator
06-29 19:39:45.171 26517 26517 I ExtendedVibrator: setup ExtendedVibrator success.
06-29 19:39:45.180  1958  4807 I ActivityManager: Force stopping com.BHG.sharechat appid=10768 user=0: clear data
06-29 19:39:45.181  1958  4807 I AutoStartManagerService: MIUILOG- Reject RestartService packageName :com.BHG.sharechatuid : 10768
06-29 19:39:45.185  1958  2010 I ActivityManager: Force stopping com.BHG.sharechat appid=10768 user=-1: clearApplicationUserData
06-29 19:39:45.193  1958  4807 I ConditionProviders: Disallowing condition provider com.BHG.sharechat
06-29 19:39:45.197   780  2216 D AF::TrackHandle: OpPlayAudio: track:102 usage:13 not muted
06-29 19:39:45.199   780  2216 I chatty  : uid=1041(audioserver) Binder:780_7 identical 1 line
06-29 19:39:45.200   780  2216 D AF::TrackHandle: OpPlayAudio: track:102 usage:13 not muted
06-29 19:39:45.201   780   919 D AF::TrackHandle: OpPlayAudio: track:102 usage:13 not muted
06-29 19:39:45.207   780   919 I chatty  : uid=1041(audioserver) Binder:780_2 identical 11 lines
06-29 19:39:45.208   780   919 D AF::TrackHandle: OpPlayAudio: track:102 usage:13 not muted
06-29 19:39:45.290  1958  2101 I chatty  : uid=1000(system) NetworkStats expire 2 lines
06-29 19:39:45.293   613   613 I netd    : trafficSwapActiveStatsMap() <2.27ms>
06-29 19:39:45.297   613   613 I netd    : tetherGetStats() <1.78ms>
06-29 19:39:45.313 25666 26108 I chatty  : uid=1000(system) TrafficManageSe expire 1 line
06-29 19:39:45.314   613   613 I netd    : bandwidthSetGlobalAlert(131072) <0.35ms>
06-29 19:39:45.329  3633  3633 I CNSS    : Failed to send nl message
06-29 19:39:45.335  3633  3633 I CNSS    : Failed to send nl message
06-29 19:39:45.373   978   978 I keystore: clear_uid 10768
06-29 19:39:45.386  2513  2513 E PhoneInterfaceManager: [PhoneIntfMgr] getCarrierPackageNamesForIntent: No UICC
06-29 19:39:45.386  2513  2513 D CarrierSvcBindHelper: No carrier app for: 0
06-29 19:39:45.387  2513  2513 E PhoneInterfaceManager: [PhoneIntfMgr] getCarrierPackageNamesForIntent: No UICC
06-29 19:39:45.387  2513  2513 D CarrierSvcBindHelper: No carrier app for: 1
06-29 19:39:45.401 25359 25359 W PushService: [Tid:2] onStart() with intent.Action = com.xiaomi.xmsf.push.PACKAGE_DATA_CLEARED, chid = null, pkg = null|null
06-29 19:39:45.402 25359 25409 W PushService: [Tid:1646] [Job] Handle intent action = com.xiaomi.xmsf.push.PACKAGE_DATA_CLEARED
06-29 19:39:45.434   614   614 D Zygote  : Forked child process 27766
06-29 19:39:45.436   613   613 D OemNetd : setPidForPackage: packageName=com.android.chrome, pid=27766, pid=10193
06-29 19:39:45.436  1958  2011 I ActivityManager: Start proc 27766:com.android.chrome/u0a193 for broadcast {com.android.chrome/org.chromium.chrome.browser.browserservices.InstalledWebappBroadcastReceiver} caller=android
06-29 19:39:45.437 25359 25409 W PushService: [Tid:1646] pepa clearMessage is null
06-29 19:39:45.444 27766 27766 E .android.chrom: Not starting debugger since process cannot load the jdwp agent.
06-29 19:39:45.453  5140 27784 I com.lbe.security.service.provider.WakePathDatabaseUtil: getDefaultAutoStartApps
06-29 19:39:45.502  5140 27784 I com.lbe.security.service.provider.WakePathDatabaseUtil: writeWakePathWhiteList
06-29 19:39:45.506  5140 27784 I com.lbe.security.service.provider.WakePathDatabaseUtil: getWakePathWhiteList: whiteList.size=4
06-29 19:39:45.507  1958  1981 I WakePathChecker: MIUILOG-WAKEPATH pushWakePathWhiteList: userId=0 size=4
06-29 19:39:45.512 27766 27766 W .android.chrom: JIT profile information will not be recorded: profile file does not exits.
06-29 19:39:45.522 27766 27766 I Perf    : Connecting to perf service.
06-29 19:39:45.531  3633  3633 I CNSS    : Failed to send nl message
06-29 19:39:45.547  3633  3633 I CNSS    : Failed to send nl message
06-29 19:39:45.555 27766 27766 I cr_SplitCompatApp: version=138.0.7204.45 (720404533) minSdkVersion=29 isBundle=true processName=com.android.chrome isIsolatedProcess=false
06-29 19:39:45.591 27766 27766 I LoadedApk: No resource references to update in package com.google.android.trichromelibrary
06-29 19:39:45.605 27766 27766 I FeatureParser: can't find violet.xml in assets/device_features/,it may be in /system/etc/device_features
06-29 19:39:45.592 27766 27766 W .android.chrome: type=1400 audit(0.0:16692): avc: denied { read } for name="u:object_r:vendor_default_prop:s0" dev="tmpfs" ino=24807 scontext=u:r:untrusted_app:s0:c193,c256,c512,c768 tcontext=u:object_r:vendor_default_prop:s0 tclass=file permissive=0
06-29 19:39:45.608 27766 27766 E libc    : Access denied finding property "ro.vendor.df.effect.conflict"
06-29 19:39:45.623 21390 27849 I FontLog : (REDACTED) Received query %s, URI %s
06-29 19:39:45.623 21390 27849 I FontLog : (REDACTED) Query [%s] resolved to %s
06-29 19:39:45.624 27766 27795 I cr_LibraryLoader: Loading monochrome_64 from within /data/app/com.android.chrome-rzLonMO8dBi8SzthGGl3WQ==/base.apk
06-29 19:39:45.625 21390 27849 I FontLog : (REDACTED) Font PFD returned from cache for %s
06-29 19:39:45.625 21390 27849 I FontLog : (REDACTED) Fetch %s end status %s
06-29 19:39:45.628 27766 27795 W linker  : Warning: "/data/app/com.android.chrome-rzLonMO8dBi8SzthGGl3WQ==/base.apk!/lib/arm64-v8a/libchromium_android_linker.so" unused DT entry: unknown processor-specific (type 0x70000001 arg 0x0) (ignoring)
06-29 19:39:45.629 27766 27795 I cr_Linker: loadLibraryImplLocked: monochrome_64, relroMode=1
06-29 19:39:45.636 21390 27849 I FontLog : (REDACTED) Pulling font file for id = %d, cache size = %d
06-29 19:39:45.637 27766 27795 W linker  : Warning: "/data/app/com.google.android.trichromelibrary_720404533-JAtpGQAT09V5U_QfSbS7hw==/base.apk!/lib/arm64-v8a/libmonochrome_64.so" unused DT entry: unknown processor-specific (type 0x70000001arg 0x0) (ignoring)
06-29 19:39:45.646 21390 27849 I FontLog : (REDACTED) Received query %s, URI %s
06-29 19:39:45.647 21390 27849 I FontLog : (REDACTED) Query [%s] resolved to %s
06-29 19:39:45.648 21390 27849 I FontLog : (REDACTED) Font PFD returned from cache for %s
06-29 19:39:45.649 21390 27849 I FontLog : (REDACTED) Fetch %s end status %s
06-29 19:39:45.654 21390 16948 I FontLog : (REDACTED) Pulling font file for id = %d, cache size = %d
06-29 19:39:45.673 21390 27849 I FontLog : (REDACTED) Received query %s, URI %s
06-29 19:39:45.673 21390 27849 I FontLog : (REDACTED) Query [%s] resolved to %s
06-29 19:39:45.681 21390 27849 I FontLog : (REDACTED) Font PFD returned from cache for %s
06-29 19:39:45.681 21390 27849 I FontLog : (REDACTED) Fetch %s end status %s
06-29 19:39:45.691 21390 27849 I FontLog : (REDACTED) Pulling font file for id = %d, cache size = %d
06-29 19:39:45.698 27766 27795 I cr_LibraryLoader: Successfully loaded native library
06-29 19:39:45.700   614   614 D Zygote  : Forked child process 27802
06-29 19:39:45.701 27766 27795 I cr_CachingUmaRecorder: Flushed 13 samples from 12 histograms, 0 samples were dropped.
06-29 19:39:45.702   613   613 D OemNetd : setPidForPackage: packageName=com.android.providers.media, pid=27802, pid=10069
06-29 19:39:45.702  1958  2011 I ActivityManager: Start proc 27802:android.process.media/u0a69 for broadcast {com.android.providers.media/com.android.providers.media.MediaReceiver} caller=android
06-29 19:39:45.705  1958  1981 W BaseMiuiPhoneWindowManager: keyCode:3 down:true eventTime:26741535 downTime:26741535 policyFlags:2b000002 flags:48 deviceId:-1 isScreenOn:true keyguardActive:false repeatCount:0
