07-03 21:55:32.032  1958  2022 I PackageManager: Un-granting permission android.permission.SYSTEM_ALERT_WINDOW from package cn.xender (protectionLevel=1250 flags=0x30d83e44)
07-03 21:55:32.032  1958  2022 I PackageManager: Un-granting permission android.permission.WRITE_SETTINGS from package cn.xender (protectionLevel=1218 flags=0x30d83e44)
07-03 21:55:32.032  1958  2022 I PackageManager: Un-granting permission android.permission.CHANGE_CONFIGURATION from package cn.xender (protectionLevel=50 flags=0x30d83e44)
07-03 21:55:32.032  1958  2022 I PackageManager: Un-granting permission android.permission.REQUEST_INSTALL_PACKAGES from package cn.xender (protectionLevel=66 flags=0x30d83e44)
07-03 21:55:32.032  1958  2022 I PackageManager: Un-granting permission com.android.launcher.permission.READ_SETTINGS from package cn.xender (protectionLevel=18 flags=0x30d83e44)
07-03 21:55:32.032  1958  2022 I PackageManager: Un-granting permission com.android.launcher.permission.WRITE_SETTINGS from package cn.xender (protectionLevel=18 flags=0x30d83e44)
07-03 21:55:32.032  1958  2022 I PackageManager: Un-granting permission com.google.android.googleapps.permission.GOOGLE_AUTH.mail from package com.xiaomi.calendar (protectionLevel=2 flags=0x38c9bec5)
07-03 21:55:32.035  1958  2022 I PackageManager: Un-granting permission android.permission.SYSTEM_ALERT_WINDOW from package com.iprototypes.volume (protectionLevel=1250 flags=0x3088be44)
07-03 21:55:32.035  1958  2022 I PackageManager: Un-granting permission android.permission.REQUEST_INSTALL_PACKAGES from package com.wondershare.drfone.link (protectionLevel=66 flags=0x30c8be44)
07-03 21:55:32.035  1958  2022 I PackageManager: Un-granting permission android.permission.ACCESS_MOCK_LOCATION from package com.wondershare.drfone.link (protectionLevel=2 flags=0x30c8be44)
07-03 21:55:32.035  1958  2022 I PackageManager: Un-granting permission android.permission.WRITE_SETTINGS from package com.wondershare.drfone.link (protectionLevel=1218 flags=0x30c8be44)
07-03 21:55:32.035  1958  2022 I PackageManager: Un-granting permission android.permission.DEVICE_POWER from package com.wondershare.drfone.link (protectionLevel=2 flags=0x30c8be44)
07-03 21:55:32.035  1958  2022 I PackageManager: Un-granting permission android.permission.MOUNT_UNMOUNT_FILESYSTEMS from package com.wondershare.drfone.link (protectionLevel=18 flags=0x30c8be44)
07-03 21:55:32.035  1958  2022 I PackageManager: Un-granting permission android.permission.INSTALL_PACKAGES from package com.wondershare.drfone.link (protectionLevel=18 flags=0x30c8be44)
07-03 21:55:32.035  1958  2022 I PackageManager: Un-granting permission android.permission.DELETE_PACKAGES from packagecom.wondershare.drfone.link (protectionLevel=18 flags=0x30c8be44)
07-03 21:55:32.035  1958  2022 I PackageManager: Un-granting permission android.permission.CLEAR_APP_CACHE from packagecom.wondershare.drfone.link (protectionLevel=18 flags=0x30c8be44)
07-03 21:55:32.035  1958  2022 I PackageManager: Un-granting permission com.android.launcher.permission.READ_SETTINGS from package com.wondershare.drfone.link (protectionLevel=18 flags=0x30c8be44)
07-03 21:55:32.035  1958  2022 I PackageManager: Un-granting permission android.permission.UPDATE_DEVICE_STATS from package com.wondershare.drfone.link (protectionLevel=18 flags=0x30c8be44)
07-03 21:55:32.035  1958  2022 I PackageManager: Un-granting permission android.permission.MODIFY_PHONE_STATE from package com.wondershare.drfone.link (protectionLevel=18 flags=0x30c8be44)
07-03 21:55:32.036  1958  2022 I PackageManager: Un-granting permission android.permission.SYSTEM_ALERT_WINDOW from package info.kfsoft.force.rotation (protectionLevel=1250 flags=0x20883e44)
07-03 21:55:32.036  1958  2022 I PackageManager: Un-granting permission android.permission.PACKAGE_USAGE_STATS from package info.kfsoft.force.rotation (protectionLevel=114 flags=0x20883e44)
07-03 21:55:32.037  1958  2022 I PackageManager: Un-granting permission com.xiaomi.permission.CLOUD_MANAGER from package com.mipay.wallet.in (protectionLevel=18 flags=0x38c83e45)
07-03 21:55:32.037  1958  2022 I PackageManager: Un-granting permission android.permission.REQUEST_INSTALL_PACKAGES from package com.mipay.wallet.in (protectionLevel=66 flags=0x38c83e45)
07-03 21:55:32.038  1958  2022 I PackageManager: Un-granting permission android.permission.READ_PRIVILEGED_PHONE_STATE from package com.miui.core (protectionLevel=18 flags=0x28883e05)
07-03 21:55:32.038  1958  2022 I PackageManager: Un-granting permission android.permission.INTERACT_ACROSS_PROFILES from package com.google.android.inputmethod.latin (protectionLevel=18 flags=0x20cabec5)
07-03 21:55:32.234  1958  2022 W FileUtils: Slow Operation: fsync took 162ms
07-03 21:55:39.730  1958  2022 W BpBinder: Slow Binder: BpBinder transact took 7377ms, interface=android.os.IInstalld, code=14 oneway=false
07-03 21:55:39.733  1958  2022 W Looper  : Slow Looper PackageManager: Long Msg: seq=2466 plan=21:55:31.717  late=0ms wall=8015ms running=301ms runnable=7ms io=289ms h=com.android.server.pm.PackageManagerService$PackageHandler c=com.android.server.pm.-$$Lambda$PackageManagerService$6_Yp7BSB4TgtrWSoFlODKgHIvZY
07-03 21:55:39.734  1958  2022 I InstallationStatistic: com.BHG.gurbani|null|10961|710|120|2058|0|7380
07-03 21:55:39.734  1958  2022 W PackageManager: Cannot whitelist unknown permission: android.permission.ACCESS_ADSERVICES_ATTRIBUTION
07-03 21:55:39.734  1958  2022 W PackageManager: Cannot whitelist unknown permission: android.permission.ACCESS_ADSERVICES_AD_ID
07-03 21:55:39.776  1958  2022 I ActivityManager: Force stopping com.BHG.gurbani appid=10776 user=0: pkg removed
07-03 21:55:39.778  1958  2022 I AutoStartManagerService: MIUILOG- Reject RestartService packageName :com.BHG.gurbani uid : 10776
07-03 21:55:39.778  8822 16556 W BpBinder: Slow Binder: BpBinder transact took 11862ms, interface=android.content.pm.IPackageManager, code=1598246212 oneway=false
07-03 21:55:39.814  1958  2010 W BroadcastQueue: Background execution not allowed: receiving Intent { act=android.intent.action.PACKAGE_REMOVED dat=package:com.BHG.gurbani flg=0x4000010 (has extras) } to com.lbe.security.miui/com.lbe.security.service.BootReceiver
07-03 21:55:39.815  1958  2010 W BroadcastQueue: Background execution not allowed: receiving Intent { act=android.intent.action.PACKAGE_REMOVED dat=package:com.BHG.gurbani flg=0x4000010 (has extras) } to com.android.settings/.search.provider.UpdateReceiver
07-03 21:55:39.815  1958  2010 W BroadcastQueue: Background execution not allowed: receiving Intent { act=android.intent.action.PACKAGE_REMOVED dat=package:com.BHG.gurbani flg=0x4000010 (has extras) } to com.android.vending/com.google.android.finsky.packagemonitor.impl.PackageMonitorReceiverImpl$RegisteredReceiver
07-03 21:55:39.815  1958  2010 W BroadcastQueue: Background execution not allowed: receiving Intent { act=android.intent.action.PACKAGE_REMOVED dat=package:com.BHG.gurbani flg=0x4000010 (has extras) } to com.android.vending/com.google.android.finsky.packagemonitor.backgroundimpl.BackgroundPackageMonitorReceiverImpl$RegisteredReceiver
07-03 21:55:39.815  1958  2010 W BroadcastQueue: Background execution not allowed: receiving Intent { act=android.intent.action.PACKAGE_REMOVED dat=package:com.BHG.gurbani flg=0x4000010 (has extras) } to com.android.vending/com.google.android.finsky.instantapps.appmanagement.InstantAppRemoveMonitor
07-03 21:55:39.815  1958  2010 W BroadcastQueue: Background execution not allowed: receiving Intent { act=android.intent.action.PACKAGE_REMOVED dat=package:com.BHG.gurbani flg=0x4000010 (has extras) } to com.google.android.apps.maps/com.google.android.libraries.social.peoplekit.thirdparty.viewcontrollers.ThirdPartyReceiver
07-03 21:55:39.815  1958  2010 W BroadcastQueue: Background execution not allowed: receiving Intent { act=android.intent.action.PACKAGE_REMOVED dat=package:com.BHG.gurbani flg=0x4000010 (has extras) } to com.google.android.gms/.chimera.GmsIntentOperationService$PersistentTrustedReceiver
07-03 21:55:39.815  1958  2010 W BroadcastQueue: Background execution not allowed: receiving Intent { act=android.intent.action.PACKAGE_REMOVED dat=package:com.BHG.gurbani flg=0x4000010 (has extras) } to com.google.android.gms/.games.chimera.GamesSystemBroadcastReceiverProxy
07-03 21:55:39.815  1958  2010 W BroadcastQueue: Background execution not allowed: receiving Intent { act=android.intent.action.PACKAGE_REMOVED dat=package:com.BHG.gurbani flg=0x4000010 (has extras) } to com.miui.audioeffect/com.android.musicfx.Compatibility$Receiver
07-03 21:55:39.816  1958  2010 W BroadcastQueue: Background execution not allowed: receiving Intent { act=android.intent.action.PACKAGE_REMOVED dat=package:com.BHG.gurbani flg=0x4000010 (has extras) } to com.xiaomi.discover/com.xiaomi.market.data.MyPackageMonitor
07-03 21:55:39.816  1958  2010 W BroadcastQueue: Background execution not allowed: receiving Intent { act=android.intent.action.PACKAGE_REMOVED dat=package:com.BHG.gurbani flg=0x4000010 (has extras) } to com.xiaomi.mipicks/com.xiaomi.market.data.MyPackageMonitor
07-03 21:55:39.816  1958  2010 W BroadcastQueue: Background execution not allowed: receiving Intent { act=android.intent.action.PACKAGE_REMOVED dat=package:com.BHG.gurbani flg=0x4000010 (has extras) } to com.xiaomi.misettings/.usagestats.AppTimerReceiver
07-03 21:55:39.816  1958  2010 W BroadcastQueue: Background execution not allowed: receiving Intent { act=android.intent.action.PACKAGE_REMOVED dat=package:com.BHG.gurbani flg=0x4000010 (has extras) } to app.revanced.android.gms/org.microg.gms.gcm.UnregisterReceiver
07-03 21:55:39.816  1958  2010 W BroadcastQueue: Background execution not allowed: receiving Intent { act=android.intent.action.PACKAGE_REMOVED dat=package:com.BHG.gurbani flg=0x4000010 (has extras) } to com.google.android.apps.photos/com.google.android.libraries.social.peoplekit.thirdparty.viewcontrollers.ThirdPartyReceiver
07-03 21:55:39.816  1958  2010 W BroadcastQueue: Background execution not allowed: receiving Intent { act=android.intent.action.PACKAGE_REMOVED dat=package:com.BHG.gurbani flg=0x4000010 (has extras) } to com.jio.myjio/com.inn.passivesdk.receiver.PackageReceiver
07-03 21:55:39.883  1958  2132 I MiuiCompatModePackages: package com.BHG.gurbani updated, removing config
07-03 21:55:39.896  1958  5090 W LocationProviderProxy: Odd, no component found for service com.android.location.service.v3.NetworkLocationProvider
07-03 21:55:39.912  1958  2010 W BroadcastQueue: Background execution not allowed: receiving Intent { act=android.intent.action.PACKAGE_ADDED dat=package:com.BHG.gurbani flg=0x4000010 (has extras) } to com.lbe.security.miui/com.lbe.security.service.BootReceiver
07-03 21:55:39.930  1958  2011 I ActivityManager: Start proc 16634:com.android.keychain/1000 for service {com.android.keychain/com.android.keychain.KeyChainService} caller=android
07-03 21:55:39.946  1958  2010 W BroadcastQueue: Background execution not allowed: receiving Intent { act=android.intent.action.PACKAGE_ADDED dat=package:com.BHG.gurbani flg=0x4000010 (has extras) } to com.msf.kbank.mobile/com.cv.sdk.receiver.EventReceiver
07-03 21:55:39.946  1958  2010 W BroadcastQueue: Background execution not allowed: receiving Intent { act=android.intent.action.PACKAGE_ADDED dat=package:com.BHG.gurbani flg=0x4000010 (has extras) } to com.google.android.packageinstaller/com.android.packageinstaller.PackageInstalledReceiver
07-03 21:55:39.951  1958  2010 W BroadcastQueue: Background execution not allowed: receiving Intent { act=android.intent.action.PACKAGE_ADDED dat=package:com.BHG.gurbani flg=0x4000010 (has extras) } to com.android.settings/.search.provider.UpdateReceiver
07-03 21:55:39.981  1958  2010 W BroadcastQueue: Background execution not allowed: receiving Intent { act=android.intent.action.PACKAGE_ADDED dat=package:com.BHG.gurbani flg=0x4000010 (has extras) } to com.android.vending/com.google.android.finsky.packagemonitor.impl.PackageMonitorReceiverImpl$RegisteredReceiver
07-03 21:55:40.020  1958  2010 W BroadcastQueue: Background execution not allowed: receiving Intent { act=android.intent.action.PACKAGE_ADDED dat=package:com.BHG.gurbani flg=0x4000010 (has extras) } to com.android.vending/com.google.android.finsky.packagemonitor.backgroundimpl.BackgroundPackageMonitorReceiverImpl$RegisteredReceiver
07-03 21:55:40.021  1958  3906 I ActivityManager: Start proc 16655:com.miui.global.packageinstaller/u0a162 for service {com.miui.global.packageinstaller/com.miui.global.packageinstaller.service.ScanDispatchService} caller=com.miui.securitycenter
07-03 21:55:40.046  1958  2010 W BroadcastQueue: Background execution not allowed: receiving Intent { act=android.intent.action.PACKAGE_ADDED dat=package:com.BHG.gurbani flg=0x4000010 (has extras) } to com.facebook.appmanager/com.facebook.oxygen.common.packages.event.manifest.ManifestPackageEventReceiver
07-03 21:55:40.054  1958  2010 W BroadcastQueue: Background execution not allowed: receiving Intent { act=android.intent.action.PACKAGE_ADDED dat=package:com.BHG.gurbani flg=0x4000010 (has extras) } to com.google.android.gms/.chimera.GmsIntentOperationService$PersistentTrustedReceiver
07-03 21:55:40.054  1958  2010 W BroadcastQueue: Background execution not allowed: receiving Intent { act=android.intent.action.PACKAGE_ADDED dat=package:com.BHG.gurbani flg=0x4000010 (has extras) } to com.google.android.gms/.games.chimera.GamesSystemBroadcastReceiverProxy
07-03 21:55:40.055  1958  2010 W BroadcastQueue: Background execution not allowed: receiving Intent { act=android.intent.action.PACKAGE_ADDED dat=package:com.BHG.gurbani flg=0x4000010 (has extras) } to com.google.android.gms/.gass.chimera.PackageChangeBroadcastReceiver
07-03 21:55:40.055  1958  2010 W BroadcastQueue: Background execution not allowed: receiving Intent { act=android.intent.action.PACKAGE_ADDED dat=package:com.BHG.gurbani flg=0x4000010 (has extras) } to com.miui.audioeffect/com.android.musicfx.Compatibility$Receiver
07-03 21:55:40.055  1958  2010 W BroadcastQueue: Background execution not allowed: receiving Intent { act=android.intent.action.PACKAGE_ADDED dat=package:com.BHG.gurbani flg=0x4000010 (has extras) } to com.xiaomi.discover/com.xiaomi.market.data.MyPackageMonitor
07-03 21:55:40.055  1958  2010 W BroadcastQueue: Background execution not allowed: receiving Intent { act=android.intent.action.PACKAGE_ADDED dat=package:com.BHG.gurbani flg=0x4000010 (has extras) } to com.xiaomi.mipicks/com.xiaomi.market.data.MyPackageMonitor
07-03 21:55:40.056  1958  2010 W BroadcastQueue: Background execution not allowed: receiving Intent { act=android.intent.action.PACKAGE_ADDED dat=package:com.BHG.gurbani flg=0x4000010 (has extras) } to com.xiaomi.misettings/.usagestats.AppTimerReceiver
07-03 21:55:40.058  1958  2010 W BroadcastQueue: Background execution not allowed: receiving Intent { act=android.intent.action.PACKAGE_ADDED dat=package:com.BHG.gurbani flg=0x4000010 (has extras) } to com.dv.adm/com.appodeal.ads.AppodealPackageAddedReceiver
07-03 21:55:40.059  1958  2010 W BroadcastQueue: Background execution not allowed: receiving Intent { act=android.intent.action.PACKAGE_ADDED dat=package:com.BHG.gurbani flg=0x4000010 (has extras) } to com.jio.myjio/com.inn.passivesdk.receiver.PackageReceiver
07-03 21:55:40.145  1958  1993 W Looper  : Slow delivery took 200ms android.fg h=android.os.Handler c=<recycled PooledLambda@1251537> m=0
07-03 21:55:40.202  1958  2011 I ActivityManager: Start proc 16699:com.google.android.googlequicksearchbox:search/u0a186 for service {com.google.android.googlequicksearchbox/com.google.android.apps.gsa.search.core.service.SearchService} caller=com.google.android.googlequicksearchbox
07-03 21:55:40.295  1958  5270 I ActivityManager: Start proc 16724:com.xiaomi.mipicks/u0a127 for service {com.xiaomi.mipicks/com.xiaomi.market.receiver.AutoUpdateScheduler} caller=android
07-03 21:55:40.335  1958  4525 W BroadcastQueue: Background execution not allowed: receiving Intent { act=android.intent.action.PACKAGE_REPLACED dat=package:com.BHG.gurbani flg=0x4000010 (has extras) } to com.facebook.appmanager/com.facebook.oxygen.common.packages.event.manifest.ManifestPackageEventReceiver
07-03 21:55:40.338  1958  2010 W BroadcastQueue: Background execution not allowed: receiving Intent { act=android.intent.action.PACKAGE_REPLACED dat=package:com.BHG.gurbani flg=0x4000010 (has extras) } to com.google.android.gms/.chimera.GmsIntentOperationService$PersistentTrustedReceiver
07-03 21:55:40.338  1958  2010 W BroadcastQueue: Background execution not allowed: receiving Intent { act=android.intent.action.PACKAGE_REPLACED dat=package:com.BHG.gurbani flg=0x4000010 (has extras) } to com.google.android.gms/.gass.chimera.PackageChangeBroadcastReceiver
07-03 21:55:40.338  1958  2010 W BroadcastQueue: Background execution not allowed: receiving Intent { act=android.intent.action.PACKAGE_REPLACED dat=package:com.BHG.gurbani flg=0x4000010 (has extras) } to com.miui.audioeffect/com.android.musicfx.Compatibility$Receiver
07-03 21:55:40.339  1958  2010 W BroadcastQueue: Background execution not allowed: receiving Intent { act=android.intent.action.PACKAGE_REPLACED dat=package:com.BHG.gurbani flg=0x4000010 (has extras) } to com.miui.notes/com.miui.floatwindow.BootBroadcastReceiver
07-03 21:55:40.339  1958  2010 W BroadcastQueue: Background execution not allowed: receiving Intent { act=android.intent.action.PACKAGE_REPLACED dat=package:com.BHG.gurbani flg=0x4000010 (has extras) } to com.google.android.apps.photos/.account.full.FetchAccountPropertiesAppUpgradeBroadcastReceiver
07-03 21:55:40.339  1958  2010 W BroadcastQueue: Background execution not allowed: receiving Intent { act=android.intent.action.PACKAGE_REPLACED dat=package:com.BHG.gurbani flg=0x4000010 (has extras) } to com.google.android.apps.photos/.account.full.SyncAccountsForLoginBroadcastReceiver
07-03 21:55:40.339  1958  2010 W BroadcastQueue: Background execution not allowed: receiving Intent { act=android.intent.action.PACKAGE_REPLACED dat=package:com.BHG.gurbani flg=0x4000010 (has extras) } to com.google.android.apps.photos/.notificationchannels.AppUpdateBroadcastReceiver
07-03 21:55:40.339  1958  2010 W BroadcastQueue: Background execution not allowed: receiving Intent { act=android.intent.action.PACKAGE_REPLACED dat=package:com.BHG.gurbani flg=0x4000010 (has extras) } to com.jio.myjio/com.inn.passivesdk.receiver.PackageReceiver
07-03 21:55:40.363  1958  2011 I ActivityManager: Start proc 16749:com.google.android.partnersetup/u0a180 for service {com.google.android.partnersetup/com.google.android.partnersetup.InstalledAppJobService} caller=android
07-03 21:55:40.392  1958  1993 W Looper  : Drained
07-03 21:55:40.765 16655 16805 I Ad      : isPersonalizedAdEnabled getAdSettings: 3
07-03 21:55:41.061 16655 16791 W FileUtils: Slow Operation: fsync took 108ms
07-03 21:55:41.062 16655 16655 W QueuedWork: Slow Operation: QueueWork waitToFinish took 107ms
07-03 21:55:41.230  1958  4008 I ActivityManager: Killing 15647:com.miui.cloudservice/u0a126 (adj 955): empty #17
07-03 21:55:41.233  1958  4008 I ActivityManager: Killing 15692:com.xiaomi.simactivate.service/u0a163 (adj 965): empty #18
07-03 21:55:41.248 29274 16181 W FileUtils: Slow Operation: fsync took 288ms
07-03 21:55:41.436 16724 16724 W Looper  : Slow Looper main: Long Msg: seq=2 plan=21:55:40.301  late=9ms wall=1107ms running=191ms runnable=75ms io=652ms h=android.app.ActivityThread$H w=110
07-03 21:55:41.462  1958  2011 I ActivityManager: Start proc 17030:com.miui.analytics/u0a105 for service {com.miui.analytics/com.miui.analytics.onetrack.OneTrackService} caller=com.xiaomi.mipicks
07-03 21:55:41.468 16655 16920 W FileUtils: Slow Operation: fsync took 109ms
07-03 21:55:41.572 16655 16833 W BpBinder: Slow Binder: BpBinder transact took 703ms, interface=android.content.IContentProvider, code=1 oneway=false
07-03 21:55:41.630  1958  1958 W Looper  : Slow Looper main: Long Msg: seq=415765 plan=21:55:39.875  late=6ms wall=1748ms running=104ms runnable=15ms io=866ms h=android.app.ActivityThread$H c=android.app.-$$Lambda$LoadedApk$ReceiverDispatcher$Args$_BumDX2UKsnxLVrE6UJsJZkotuA
07-03 21:55:41.630  1958  1958 W Looper  : Slow dispatch took 1748ms main h=android.app.ActivityThread$H c=android.app.-$$Lambda$LoadedApk$ReceiverDispatcher$Args$_BumDX2UKsnxLVrE6UJsJZkotuA@7816fe6 m=0
07-03 21:55:41.630  1958  1958 W Looper  : Slow delivery took 1754ms main h=android.app.ActivityThread$H c=android.app.-$$Lambda$LoadedApk$ReceiverDispatcher$Args$_BumDX2UKsnxLVrE6UJsJZkotuA@418e927 m=0
07-03 21:55:41.717 16724 16977 W BpBinder: Slow Binder: BpBinder transact took 386ms, interface=android.view.accessibility.IAccessibilityManager, code=3 oneway=false
07-03 21:55:42.007 16724 16941 W BpBinder: Slow Binder: BpBinder transact took 691ms, interface=android.content.IContentProvider, code=1 oneway=false
07-03 21:55:42.085 16699 16699 W Looper  : Slow Looper main: Long Msg: seq=2 plan=21:55:40.273  late=2ms wall=1809ms running=324ms runnable=137ms io=1207ms reclaim=1ms h=android.app.ActivityThread$H w=110
07-03 21:55:42.102 16655 16892 W BpBinder: Slow Binder: BpBinder transact took 516ms, interface=com.google.android.gms.measurement.internal.IMeasurementService, code=11 oneway=false
07-03 21:55:42.475 16724 17160 W BpBinder: Slow Binder: BpBinder transact took 310ms, interface=com.xiaomi.security.devicecredential.ISecurityDeviceCredentialManager.v1, code=1 oneway=false
07-03 21:55:42.579  1958  2010 E NotificationService: Suppressing notification from package by user request.
07-03 21:55:42.925  1958  1958 W Looper  : Slow Looper main: Long Msg: seq=415775 plan=21:55:39.883  late=1747ms wall=1294ms running=86ms runnable=13ms io=448ms h=android.app.ActivityThread$H c=android.app.-$$Lambda$LoadedApk$ReceiverDispatcher$Args$_BumDX2UKsnxLVrE6UJsJZkotuA
07-03 21:55:42.926  1958  1958 W Looper  : Slow dispatch took 1294ms main h=android.app.ActivityThread$H c=android.app.-$$Lambda$LoadedApk$ReceiverDispatcher$Args$_BumDX2UKsnxLVrE6UJsJZkotuA@651e298 m=0
07-03 21:55:42.935  1958  1958 I Telecom : DefaultDialerCache: Refreshing default dialer for user 0: now com.android.contacts: DDC.oR@CcI
07-03 21:55:43.475  1958  1958 W Looper  : Drained
07-03 21:55:43.605  1958  2010 E NotificationService: Suppressing notification from package by user request.
07-03 21:55:43.967  1958  2011 I ActivityManager: Start proc 17340:com.google.android.webview:sandboxed_process0:org.chromium.content.app.SandboxedProcessService0:0/u0i299 for  {com.miui.global.packageinstaller/org.chromium.content.app.SandboxedProcessService0:0} caller=com.miui.global.packageinstaller
07-03 21:55:44.040  1958  1979 I ActivityManager: Killing 15717:com.xiaomi.account/u0a112 (adj 935): empty #17
07-03 21:55:44.493  1958  2011 I ActivityManager: Start proc 17396:com.google.android.webview:webview_service/u0a192 for service {com.google.android.webview/org.chromium.android_webview.services.ComponentsProviderService} caller=com.miui.global.packageinstaller
07-03 21:55:44.756  1958  1979 I ActivityManager: Killing 15623:com.miui.phrase/u0a150 (adj 945): empty #17
07-03 21:55:44.758 16655 16655 W Looper  : Slow Looper main: Long Msg: seq=24 plan=21:55:42.865  late=0ms wall=1892ms running=479ms runnable=83ms io=1182ms h=com.google.android.gms.ads.internal.util.f c=com.google.android.gms.ads.internal.js.r
07-03 21:55:45.555 16655 17293 W BpBinder: Slow Binder: BpBinder transact took 315ms, interface=android.support.customtabs.ICustomTabsService, code=3 oneway=false
07-03 21:55:46.925  1958  2090 W BaseMiuiPhoneWindowManager: keyCode:23 down:true eventTime:122090293 downTime:122090293 policyFlags:2000000 flags:8 deviceId:0 isScreenOn:false keyguardActive:true repeatCount:0
07-03 21:55:46.926  1958  2090 I PowerManagerService: Waking up from Asleep (uid=1000, reason=WAKE_REASON_UNKNOWN, details=miui.policy:FINGERPRINT_DPAD_CENTER)...
07-03 21:55:46.927  1958  1958 W UsageStatsService: Event reported without a package name, eventType:15
07-03 21:55:46.928  1958  2017 I DisplayPowerController: Blocking screen on until initial contents have been drawn.
07-03 21:55:46.941  1958  2017 I WindowManager: Screen turning on...
07-03 21:55:46.941  1958  1958 I WindowManager: Started waking up... (why=ON_BECAUSE_OF_UNKNOWN)
07-03 21:55:46.964  2181  3387 W KeyguardViewMediator: notifyScreenOn
07-03 21:55:46.996  1958  1996 I DisplayManagerService: Display device changed state: "Built-in Screen", ON
07-03 21:55:47.127  1958  1994 W Looper  : Slow dispatch took 127ms android.ui h=android.view.Choreographer$FrameHandler c=android.view.Choreographer$FrameDisplayEventReceiver@c285a1 m=0
07-03 21:55:47.170  2181  2181 I miui_face: start face unlock
07-03 21:55:47.173  2181  2924 I miui_face: start verify time=3
07-03 21:55:47.198  1958  2168 W BpBinder: Slow Binder: BpBinder transact took 208ms, interface=android.ui.ISurfaceComposer, code=19 oneway=false
07-03 21:55:47.217  2181  2181 W KeyguardViewMediator: handleNotifyScreenTurningOn
07-03 21:55:47.217  2181  2181 W KeyguardViewMediator: notifyDrawn
07-03 21:55:47.217  1958  3906 I WindowManager: mKeyguardDelegate.ShowListener.onDrawn.
07-03 21:55:47.218  1958  1994 W WindowManager: Setting mKeyguardDrawComplete
07-03 21:55:47.218  1958  1994 I WindowManager: All windows ready for display!
07-03 21:55:47.218  1958  1994 W WindowManager: Setting mWindowManagerDrawComplete
07-03 21:55:47.218  1958  1994 I WindowManager: Finished screen turning on...
07-03 21:55:47.218  1958  2017 I DisplayPowerController: Unblocked screen on after 290 ms
07-03 21:55:47.221  1958  2017 W PowerManagerService: Screen on took 295 ms
07-03 21:55:47.221  1958  1958 I WindowManager: Finished waking up... (why=ON_BECAUSE_OF_UNKNOWN)
07-03 21:55:47.270  1958  2014 E BatteryExternalStatsWorker: no controller energy info supplied for bluetooth
07-03 21:55:47.525   788   902 W EventThreadInspector: slow VSync-app on display(19260784713820289), count=1, avg=30 ms, max=30 ms.
07-03 21:55:47.525   788   903 W EventThreadInspector: slow VSync-sf on display(19260784713820289), count=1, avg=32 ms,max=32 ms.
07-03 21:55:47.738  1958  2014 E BatteryExternalStatsWorker: no controller energy info supplied for bluetooth
07-03 21:55:47.964  4027  4215 W BpBinder: Slow Binder: BpBinder transact took 354ms, interface=android.hardware.camera2.ICameraDeviceUser, code=6 oneway=false
07-03 21:55:48.343  2181  2924 I miui_face:  authenCallback, onAuthenticationHelp helpCode:5 helpString:
07-03 21:55:48.403  2181  2924 I miui_face:  authenCallback, onAuthenticationHelp helpCode:5 helpString:
07-03 21:55:48.434  3855 10560 W MiuiPerfServiceClient: interceptAndQueuing:2181|com.android.systemui|744|258|unknown|null|StatusBar|122091186911028|Slow main thread|28
07-03 21:55:48.441  2181  2924 I miui_face:  authenCallback, onAuthenticationHelp helpCode:5 helpString:
07-03 21:55:48.514  2181  2924 I chatty  : uid=1000(system) face_unlock identical 1 line
07-03 21:55:48.628  2181  2924 I miui_face:  authenCallback, onAuthenticationHelp helpCode:5 helpString:
07-03 21:55:48.666  1958  2090 W BaseMiuiPhoneWindowManager: keyCode:23 down:false eventTime:122092055 downTime:122090293 policyFlags:22000000 flags:8 deviceId:0 isScreenOn:true keyguardActive:true repeatCount:0
07-03 21:55:48.696  2181  2924 I miui_face:  authenCallback, onAuthenticationHelp helpCode:5 helpString:
07-03 21:55:49.805  2181  2924 I chatty  : uid=1000(system) face_unlock identical 11 lines
07-03 21:55:49.909  2181  2924 I miui_face:  authenCallback, onAuthenticationHelp helpCode:5 helpString:
07-03 21:55:50.091  2181  2924 I miui_face:  authenCallback, onAuthenticationSucceeded time=2918
07-03 21:55:50.125  1958  5270 W FingerprintService: Ignoring lockout reset, no templates enrolled
07-03 21:55:50.126  2181  2181 W miui_keyguard: unlock keyguard by face
07-03 21:55:50.154  1958  5270 I Timeline: Timeline: App_transition_ready time:122093543
07-03 21:55:50.155  2181  3626 I KeyguardViewMediator: call fw keyguardGoingAway: flags = 8
07-03 21:55:50.155  1958  1997 I Timeline: Timeline: App_transition_ready time:122093544
07-03 21:55:50.156  1958  1997 I Timeline: Timeline: App_transition_ready time:122093545
07-03 21:55:50.168  1958  3417 I Timeline: Timeline: App_transition_ready time:122093557
07-03 21:55:50.177  1958  1997 I Timeline: Timeline: App_transition_ready time:122093565
07-03 21:55:50.225  1958  1997 I Timeline: Timeline: App_transition_ready time:122093614
07-03 21:55:50.229  1958 15738 W BoostFramework: Slow Operation: BoostFramework perfUXEngine_trigger took 47ms
07-03 21:55:50.279  1958  3417 I Timeline: Timeline: App_transition_ready time:122093667
07-03 21:55:50.299  1958  2348 I Timeline: Timeline: App_transition_ready time:122093687
07-03 21:55:50.311  1958  1997 I Timeline: Timeline: App_transition_ready time:122093700
07-03 21:55:50.359  1958  1997 I Timeline: Timeline: App_transition_ready time:122093748
07-03 21:55:50.364  2181  2181 I KeyguardViewMediator: handleStartKeyguardExitAnimation startTime=122093748 fadeoutDuration=150
07-03 21:55:50.369  1958  1996 W UsageStatsService: Event reported without a package name, eventType:18
07-03 21:55:50.370  1958  1996 I WindowManager: updateContrastOverlay, darkmode: true isContrastEnabled: false alpha: 0.0
07-03 21:55:50.407  2181  2181 I miui_face: face unlock success time=3237
07-03 21:55:50.414  1958  2010 W BroadcastQueue: Background execution not allowed: receiving Intent { act=android.intent.action.USER_PRESENT flg=0x24200010 } to com.jio.myjio/com.jio.clickstream.tbn.PowerConnectionReceiver
07-03 21:55:50.414  1958  2010 W BroadcastQueue: Background execution not allowed: receiving Intent { act=android.intent.action.USER_PRESENT flg=0x24200010 } to com.android.chrome/org.chromium.chrome.browser.sharing.click_to_call.ClickToCallMessageHandler$PhoneUnlockedReceiver
07-03 21:55:50.414  1958  2010 W BroadcastQueue: Background execution not allowed: receiving Intent { act=android.intent.action.USER_PRESENT flg=0x24200010 } to com.google.android.gms/.auth.setup.devicesignals.LockScreenReceiver
07-03 21:55:50.414  1958  2010 W BroadcastQueue: Background execution not allowed: receiving Intent { act=android.intent.action.USER_PRESENT flg=0x24200010 } to com.google.android.gms/.chimera.GmsIntentOperationService$PersistentTrustedReceiver
07-03 21:55:50.414  1958  2010 W BroadcastQueue: Background execution not allowed: receiving Intent { act=android.intent.action.USER_PRESENT flg=0x24200010 } to info.kfsoft.force.rotation/.RestartReceiver
07-03 21:55:50.529  1958  1997 I Timeline: Timeline: Activity_windows_visible id: ActivityRecord{ddb1799 u0 com.miui.home/.launcher.Launcher t1} time:122093917
07-03 21:55:50.533  1958  1997 I Timeline: Timeline: App_transition_stopped time:122093921
07-03 21:55:50.805  4027  4215 W BpBinder: Slow Binder: BpBinder transact took 688ms, interface=android.hardware.camera2.ICameraDeviceUser, code=1 oneway=false
07-03 21:55:50.908  1958  2014 E BatteryExternalStatsWorker: no controller energy info supplied for bluetooth
07-03 21:55:52.786 25324 25324 I Timeline: Timeline: Activity_launch_request time:122096175
07-03 21:55:52.789  1958  5236 I ActivityTaskManager: START u0 {act=android.intent.action.MAIN cat=[android.intent.category.LAUNCHER] flg=0x10200000 cmp=com.BHG.gurbani/.SplashActivity bnds=[585,765][761,941] (has extras)} from uid 10094
07-03 21:55:52.822 25324 25324 W ActivityThread: SCHED: com.miui.home/.launcher.Launcher [67, r=70ms, a=33ms, w=2579ms]
07-03 21:55:52.863  1958  2011 I ActivityManager: Start proc 17581:com.BHG.gurbani/u0a776 for activity {com.BHG.gurbani/com.BHG.gurbani.SplashActivity} caller=com.miui.home
07-03 21:55:52.896  1958  1997 I Timeline: Timeline: App_transition_ready time:122096284
07-03 21:55:53.082  1958  1997 I Timeline: Timeline: App_transition_stopped time:122096470
07-03 21:55:53.282  1958  2348 E WindowManager: App trying to use insecure INPUT_FEATURE_NO_INPUT_CHANNEL flag. Ignoring
07-03 21:55:53.285 17581 17581 W Looper  : Slow Looper main: Activity com.BHG.gurbani/.SplashActivity is 393ms late (wall=0ms running=0ms ClientTransaction{ callbacks=[android.app.servertransaction.TopResumedActivityChangeItem] }) because of 3 msg, msg 2 took 227ms (seq=2 running=73ms runnable=24ms io=109ms late=1ms h=android.app.ActivityThread$H w=110), msg 3 took 164ms (seq=3 running=74ms runnable=6ms io=68ms late=228ms h=android.app.ActivityThread$H w=159)
07-03 21:55:53.454  1958  1997 I Timeline: Timeline: Activity_windows_visible id: ActivityRecord{d6f7aa1 u0 com.BHG.gurbani/.SplashActivity t1694} time:122096842
07-03 21:55:53.656  1958  3906 I ActivityManager: Killing 16148:com.android.chrome:sandboxed_process0:org.chromium.content.app.SandboxedProcessService0:0/u0a193i-9000 (adj 945): empty #17
07-03 21:55:53.685  1958  3906 W ActivityManager: Scheduling restart of crashed service com.android.chrome/org.chromium.content.app.SandboxedProcessService0:0 in 1000ms
07-03 21:55:56.250 17581 17581 I Timeline: Timeline: Activity_launch_request time:122099639
07-03 21:55:56.252  1958  3906 I ActivityTaskManager: START u0 {cmp=com.BHG.gurbani/.AuthActivity} from uid 10776
07-03 21:55:56.264 17581 17581 W ActivityThread: SCHED: com.BHG.gurbani/.SplashActivity [84, r=21ms, a=4ms, w=3011ms]
07-03 21:55:56.266  1958  3906 I ActivityTaskManager: The Process com.BHG.gurbani Already Exists in BG. So sending its PID: 17581
07-03 21:55:56.272  1958  3906 I Timeline: Timeline: App_transition_ready time:122099660
07-03 21:55:56.330  1958  3906 I Timeline: Timeline: App_transition_ready time:122099719
07-03 21:55:56.436 17581 17581 I Timeline: Timeline: Activity_launch_request time:122099825
07-03 21:55:56.437  1958  4807 I ActivityTaskManager: START u0 {cmp=com.BHG.gurbani/.MainActivity} from uid 10776
07-03 21:55:56.449  1958  3417 I ActivityTaskManager: The Process com.BHG.gurbani Already Exists in BG. So sending its PID: 17581
07-03 21:55:56.453  1958  3417 I Timeline: Timeline: App_transition_ready time:122099842
07-03 21:55:56.454  1958  1997 I Timeline: Timeline: App_transition_ready time:122099843
07-03 21:55:56.574  1958  4807 E WindowManager: App trying to use insecure INPUT_FEATURE_NO_INPUT_CHANNEL flag. Ignoring
07-03 21:55:56.597  1958  4807 I Timeline: Timeline: App_transition_ready time:122099985
07-03 21:55:56.598  1958  4807 I Timeline: Timeline: App_transition_ready time:122099987
07-03 21:55:56.659  1958  1997 I Timeline: Timeline: App_transition_ready time:122100048
07-03 21:55:56.896  1958  1997 I Timeline: Timeline: Activity_windows_visible id: ActivityRecord{8062c55 u0 com.BHG.gurbani/.MainActivity t1694} time:122100285
07-03 21:55:56.898  1958  1997 I Timeline: Timeline: App_transition_stopped time:122100286
07-03 21:55:57.958  1958  4807 W BpBinder: Slow Binder: BpBinder transact took 769ms, interface=android.os.IInstalld, code=9 oneway=false
07-03 21:55:57.959 16096 16661 W BpBinder: Slow Binder: BpBinder transact took 769ms, interface=android.app.usage.IStorageStatsManager, code=7 oneway=false
07-03 21:55:58.019  3855 10560 W MiuiPerfServiceClient: interceptAndQueuing:17581|com.BHG.gurbani|165|153|unknown|null|com.BHG.gurbani/com.BHG.gurbani.MainActivity|122101033436754|Slow handle traversal|2
07-03 21:55:59.013 17581 17581 I Timeline: Timeline: Activity_launch_request time:122102402
07-03 21:55:59.014  1958  4807 I ActivityTaskManager: START u0 {cmp=com.BHG.gurbani/.UploadActivity} from uid 10776
07-03 21:55:59.022 17581 17581 W ActivityThread: SCHED: com.BHG.gurbani/.MainActivity [79, r=237ms, a=62ms, w=2457ms]
07-03 21:55:59.024  1958  5270 I ActivityTaskManager: The Process com.BHG.gurbani Already Exists in BG. So sending its PID: 17581
07-03 21:55:59.027  1958  5270 I Timeline: Timeline: App_transition_ready time:122102416
07-03 21:55:59.117  1958  5236 E WindowManager: App trying to use insecure INPUT_FEATURE_NO_INPUT_CHANNEL flag. Ignoring
07-03 21:55:59.136  1958  4807 I Timeline: Timeline: App_transition_ready time:122102524
07-03 21:55:59.138  1958  4807 I Timeline: Timeline: App_transition_ready time:122102526
07-03 21:55:59.172  1958  1997 I Timeline: Timeline: App_transition_ready time:122102561
07-03 21:55:59.414  1958  1997 I Timeline: Timeline: Activity_windows_visible id: ActivityRecord{77baac3 u0 com.BHG.gurbani/.UploadActivity t1694} time:122102803
07-03 21:55:59.418  1958  1997 I Timeline: Timeline: App_transition_stopped time:122102806
07-03 21:56:00.012 17581 17581 I Timeline: Timeline: Activity_launch_request time:122103400
07-03 21:56:00.013  1958  4807 I ActivityTaskManager: START u0 {act=android.intent.action.GET_CONTENT typ=image/* cmp=com.google.android.documentsui/com.android.documentsui.picker.PickActivity} from uid 10776
07-03 21:56:00.052 17581 17581 W ActivityThread: SCHED: com.BHG.gurbani/.UploadActivity [75, r=36ms, a=12ms, w=939ms]
07-03 21:56:00.108  1958  2011 I ActivityManager: Start proc 17752:com.google.android.documentsui/u0a66 for activity {com.google.android.documentsui/com.android.documentsui.picker.PickActivity} caller=com.BHG.gurbani
07-03 21:56:00.141  1958  1997 I Timeline: Timeline: App_transition_ready time:122103529
07-03 21:56:00.383  1958  1997 I Timeline: Timeline: App_transition_stopped time:122103771
07-03 21:56:00.442  1958  2011 I ActivityManager: Start proc 17783:com.google.android.apps.docs/u0a221 for content provider {com.google.android.apps.docs/com.google.android.apps.docs.common.storagebackend.StorageBackendContentProvider} caller=com.google.android.documentsui
07-03 21:56:00.444  1958  5270 E WindowManager: App trying to use insecure INPUT_FEATURE_NO_INPUT_CHANNEL flag. Ignoring
07-03 21:56:00.498  1958  1997 I Timeline: Timeline: Activity_windows_visible id: ActivityRecord{d0a6234 u0 com.google.android.documentsui/com.android.documentsui.picker.PickActivity t1694} time:122103886
07-03 21:56:00.686 17752 17773 W BpBinder: Slow Binder: BpBinder transact took 278ms, interface=android.app.IActivityManager, code=20 oneway=false
07-03 21:56:00.913 17752 17773 W BpBinder: Slow Binder: BpBinder transact took 226ms, interface=android.content.IContentProvider, code=1 oneway=false
07-03 21:56:01.814  1958  5090 W LocationProviderProxy: Odd, no component found for service com.android.location.service.v3.NetworkLocationProvider
07-03 21:56:02.033  1958  1958 W Looper  : Slow dispatch took 225ms main h=android.app.ActivityThread$H c=android.app.-$$Lambda$LoadedApk$ReceiverDispatcher$Args$_BumDX2UKsnxLVrE6UJsJZkotuA@3013fa6 m=0
07-03 21:56:02.034  1958  1958 W Looper  : Slow delivery took 233ms main h=android.app.ActivityThread$H c=android.app.-$$Lambda$LoadedApk$ReceiverDispatcher$Args$_BumDX2UKsnxLVrE6UJsJZkotuA@950dde7 m=0
07-03 21:56:02.105  1958  1958 I Telecom : DefaultDialerCache: Refreshing default dialer for user 0: now com.android.contacts: DDC.oR@CcM
07-03 21:56:02.240  1958  1958 W Looper  : Drained
07-03 21:56:02.305 17752 17752 W ActivityThread: SCHED: com.google.android.documentsui/com.android.documentsui.picker.PickActivity [88, r=378ms, a=47ms, w=1875ms]
07-03 21:56:02.313  1958  5270 I Timeline: Timeline: App_transition_ready time:122105702
07-03 21:56:02.318  1958  5270 I Timeline: Timeline: App_transition_ready time:122105706
07-03 21:56:02.338  3855 10560 W MiuiPerfServiceClient: interceptAndQueuing:17752|com.google.android.documentsui|194|194|unknown|null|com.google.android.documentsui/com.android.documentsui.picker.PickActivity|122104879507690|Slow main thread|1
07-03 21:56:02.339  3855 10560 W MiuiPerfServiceClient: interceptAndQueuing:17752|com.google.android.documentsui|171|171|unknown|null|com.google.android.documentsui/com.android.documentsui.picker.PickActivity|122105124025346|Slow handle animation|1
07-03 21:56:02.365  1958  4807 I Timeline: Timeline: App_transition_ready time:122105754
07-03 21:56:04.605  1958  4807 I Timeline: Timeline: App_transition_ready time:122107994
07-03 21:56:04.901 17581 17581 W Activity: Slow Operation: Activity com.BHG.gurbani/.UploadActivity onActivityResult took 2581ms
07-03 21:56:04.908 17581 17581 W Looper  : Slow Looper main: Long Msg: seq=233 plan=21:56:02.309  late=11ms wall=2588msrunning=2292ms runnable=7ms io=149ms h=android.app.ActivityThread$H w=159
07-03 21:56:04.918  1958  5270 I Timeline: Timeline: App_transition_ready time:122108307
07-03 21:56:04.953 17581 17581 E AndroidRuntime: FATAL EXCEPTION: main
07-03 21:56:04.953 17581 17581 E AndroidRuntime: Process: com.BHG.gurbani, PID: 17581
07-03 21:56:04.953 17581 17581 E AndroidRuntime: java.lang.RuntimeException: Canvas: trying to draw too large(192000000bytes) bitmap.
07-03 21:56:04.953 17581 17581 E AndroidRuntime:        at android.graphics.RecordingCanvas.throwIfCannotDraw(RecordingCanvas.java:280)
07-03 21:56:04.953 17581 17581 E AndroidRuntime:        at android.graphics.BaseRecordingCanvas.drawBitmap(BaseRecordingCanvas.java:88)
07-03 21:56:04.953 17581 17581 E AndroidRuntime:        at android.graphics.drawable.BitmapDrawable.draw(BitmapDrawable.java:548)
07-03 21:56:04.953 17581 17581 E AndroidRuntime:        at android.widget.ImageView.onDraw(ImageView.java:1434)
07-03 21:56:04.953 17581 17581 E AndroidRuntime:        at android.view.View.draw(View.java:21551)
07-03 21:56:04.953 17581 17581 E AndroidRuntime:        at android.view.View.updateDisplayListIfDirty(View.java:20420)
07-03 21:56:04.953 17581 17581 E AndroidRuntime:        at android.view.View.draw(View.java:21280)
07-03 21:56:04.953 17581 17581 E AndroidRuntime:        at android.view.ViewGroup.drawChild(ViewGroup.java:4417)
07-03 21:56:04.953 17581 17581 E AndroidRuntime:        at android.view.ViewGroup.dispatchDraw(ViewGroup.java:4177)
07-03 21:56:04.953 17581 17581 E AndroidRuntime:        at android.view.View.draw(View.java:21554)
07-03 21:56:04.953 17581 17581 E AndroidRuntime:        at android.view.View.updateDisplayListIfDirty(View.java:20420)
07-03 21:56:04.953 17581 17581 E AndroidRuntime:        at android.view.View.draw(View.java:21280)
07-03 21:56:04.953 17581 17581 E AndroidRuntime:        at android.view.ViewGroup.drawChild(ViewGroup.java:4417)
07-03 21:56:04.953 17581 17581 E AndroidRuntime:        at android.view.ViewGroup.dispatchDraw(ViewGroup.java:4177)
07-03 21:56:04.953 17581 17581 E AndroidRuntime:        at android.view.View.updateDisplayListIfDirty(View.java:20411)
07-03 21:56:04.953 17581 17581 E AndroidRuntime:        at android.view.View.draw(View.java:21280)
07-03 21:56:04.953 17581 17581 E AndroidRuntime:        at android.view.ViewGroup.drawChild(ViewGroup.java:4417)
07-03 21:56:04.953 17581 17581 E AndroidRuntime:        at android.view.ViewGroup.dispatchDraw(ViewGroup.java:4177)
07-03 21:56:04.953 17581 17581 E AndroidRuntime:        at android.view.View.updateDisplayListIfDirty(View.java:20411)
07-03 21:56:04.953 17581 17581 E AndroidRuntime:        at android.view.View.draw(View.java:21280)
07-03 21:56:04.953 17581 17581 E AndroidRuntime:        at android.view.ViewGroup.drawChild(ViewGroup.java:4417)
07-03 21:56:04.953 17581 17581 E AndroidRuntime:        at android.view.ViewGroup.dispatchDraw(ViewGroup.java:4177)
07-03 21:56:04.953 17581 17581 E AndroidRuntime:        at android.view.View.updateDisplayListIfDirty(View.java:20411)
07-03 21:56:04.953 17581 17581 E AndroidRuntime:        at android.view.View.draw(View.java:21280)
07-03 21:56:04.953 17581 17581 E AndroidRuntime:        at android.view.ViewGroup.drawChild(ViewGroup.java:4417)
07-03 21:56:04.953 17581 17581 E AndroidRuntime:        at android.view.ViewGroup.dispatchDraw(ViewGroup.java:4177)
07-03 21:56:04.953 17581 17581 E AndroidRuntime:        at android.view.View.updateDisplayListIfDirty(View.java:20411)
07-03 21:56:04.953 17581 17581 E AndroidRuntime:        at android.view.View.draw(View.java:21280)
07-03 21:56:04.953 17581 17581 E AndroidRuntime:        at android.view.ViewGroup.drawChild(ViewGroup.java:4417)
07-03 21:56:04.953 17581 17581 E AndroidRuntime:        at android.view.ViewGroup.dispatchDraw(ViewGroup.java:4177)
07-03 21:56:04.953 17581 17581 E AndroidRuntime:        at android.view.View.draw(View.java:21554)
07-03 21:56:04.953 17581 17581 E AndroidRuntime:        at com.android.internal.policy.DecorView.draw(DecorView.java:842)
07-03 21:56:04.953 17581 17581 E AndroidRuntime:        at android.view.View.updateDisplayListIfDirty(View.java:20420)
07-03 21:56:04.953 17581 17581 E AndroidRuntime:        at android.view.ThreadedRenderer.updateViewTreeDisplayList(ThreadedRenderer.java:575)
07-03 21:56:04.953 17581 17581 E AndroidRuntime:        at android.view.ThreadedRenderer.updateRootDisplayList(ThreadedRenderer.java:581)
07-03 21:56:04.953 17581 17581 E AndroidRuntime:        at android.view.ThreadedRenderer.draw(ThreadedRenderer.java:654)
07-03 21:56:04.953 17581 17581 E AndroidRuntime:        at android.view.ViewRootImpl.draw(ViewRootImpl.java:3715)
07-03 21:56:04.953 17581 17581 E AndroidRuntime:        at android.view.ViewRootImpl.performDraw(ViewRootImpl.java:3510)
07-03 21:56:04.953 17581 17581 E AndroidRuntime:        at android.view.ViewRootImpl.performTraversals(ViewRootImpl.java:2847)
07-03 21:56:04.953 17581 17581 E AndroidRuntime:        at android.view.ViewRootImpl.doTraversal(ViewRootImpl.java:1800)
07-03 21:56:04.953 17581 17581 E AndroidRuntime:        at android.view.ViewRootImpl$TraversalRunnable.run(ViewRootImpl.java:7762)
07-03 21:56:04.953 17581 17581 E AndroidRuntime:        at android.view.Choreographer$CallbackRecord.run(Choreographer.java:1031)
07-03 21:56:04.953 17581 17581 E AndroidRuntime:        at android.view.Choreographer.doCallbacks(Choreographer.java:854)
07-03 21:56:04.953 17581 17581 E AndroidRuntime:        at android.view.Choreographer.doFrame(Choreographer.java:789)
07-03 21:56:04.953 17581 17581 E AndroidRuntime:        at android.view.Choreographer$FrameDisplayEventReceiver.run(Choreographer.java:1016)
07-03 21:56:04.953 17581 17581 E AndroidRuntime:        at android.os.Handler.handleCallback(Handler.java:883)
07-03 21:56:04.953 17581 17581 E AndroidRuntime:        at android.os.Handler.dispatchMessage(Handler.java:100)
07-03 21:56:04.953 17581 17581 E AndroidRuntime:        at android.os.Looper.loop(Looper.java:224)
07-03 21:56:04.953 17581 17581 E AndroidRuntime:        at android.app.ActivityThread.main(ActivityThread.java:7592)
07-03 21:56:04.953 17581 17581 E AndroidRuntime:        at java.lang.reflect.Method.invoke(Native Method)
07-03 21:56:04.953 17581 17581 E AndroidRuntime:        at com.android.internal.os.RuntimeInit$MethodAndArgsCaller.run(RuntimeInit.java:539)
07-03 21:56:04.953 17581 17581 E AndroidRuntime:        at com.android.internal.os.ZygoteInit.main(ZygoteInit.java:950)
07-03 21:56:04.964  1958 17954 I DropBoxManagerService: add tag=data_app_crash isTagEnabled=true flags=0x2
07-03 21:56:04.983  1958  5270 W ActivityTaskManager:   Force finishing activity com.BHG.gurbani/.UploadActivity
07-03 21:56:05.020  1958  2010 W BroadcastQueue: Background execution not allowed: receiving Intent { act=android.intent.action.DROPBOX_ENTRY_ADDED flg=0x10 (has extras) } to com.google.android.gms/.stats.service.DropBoxEntryAddedReceiver
07-03 21:56:05.138  1958  2066 I ActivityManager: Process com.BHG.gurbani (pid 17581) has died: fore TOP
07-03 21:56:05.138  1958  5256 I WindowManager: WIN DEATH: Window{13d1e37 u0 com.BHG.gurbani/com.BHG.gurbani.MainActivity}
07-03 21:56:05.145  1958  4597 I WindowManager: WIN DEATH: Window{51073b1 u0 com.BHG.gurbani/com.BHG.gurbani.UploadActivity}
07-03 21:56:05.164  1958  1996 W ActivityManager: setHasOverlayUi called on unknown pid: 17581
07-03 21:56:05.210  1958  2011 I ActivityManager: Start proc 17956:com.BHG.gurbani/u0a776 for activity {com.BHG.gurbani/com.BHG.gurbani.MainActivity} caller=com.BHG.gurbani
07-03 21:56:05.237  1958  1997 I Timeline: Timeline: App_transition_ready time:122108626
07-03 21:56:05.237  1958  1997 I Timeline: Timeline: App_transition_stopped time:122108626
07-03 21:56:05.485  1958  1996 W ActivityTaskManager: Activity top resumed state loss timeout for ActivityRecord{77baac3 u0 com.BHG.gurbani/.UploadActivity t-1 f}
07-03 21:56:05.582  1958  4692 E WindowManager: App trying to use insecure INPUT_FEATURE_NO_INPUT_CHANNEL flag. Ignoring
07-03 21:56:05.644  1958  1997 I Timeline: Timeline: Activity_windows_visible id: ActivityRecord{8062c55 u0 com.BHG.gurbani/.MainActivity t1694} time:122109033
07-03 21:56:05.675  1958  1996 I ActivityManager: Killing 15868:com.google.android.youtube/u0a204 (adj 945): empty #17
07-03 21:56:05.858  1958  3132 I ActivityManager: Killing 16462:com.miui.msa.global:ui/u0a123 (adj 945): empty #17
07-03 21:56:09.892 17956 17956 I Timeline: Timeline: Activity_launch_request time:122113281
07-03 21:56:09.893  1958  2066 I ActivityTaskManager: START u0 {cmp=com.BHG.gurbani/.UploadActivity} from uid 10776
07-03 21:56:09.903 17956 17956 W ActivityThread: SCHED: com.BHG.gurbani/.MainActivity [80, r=314ms, a=74ms, w=4330ms]
07-03 21:56:09.908  1958  3901 I ActivityTaskManager: The Process com.BHG.gurbani Already Exists in BG. So sending its PID: 17956
07-03 21:56:09.913  1958  3901 I Timeline: Timeline: App_transition_ready time:122113301
07-03 21:56:09.952  1958  3901 E WindowManager: App trying to use insecure INPUT_FEATURE_NO_INPUT_CHANNEL flag. Ignoring
07-03 21:56:09.964  1958  3901 I Timeline: Timeline: App_transition_ready time:122113353
07-03 21:56:09.965  1958  3901 I Timeline: Timeline: App_transition_ready time:122113354
07-03 21:56:09.993  1958  1997 I Timeline: Timeline: App_transition_ready time:122113381
07-03 21:56:10.234  1958  1997 I Timeline: Timeline: Activity_windows_visible id: ActivityRecord{2a19f0d u0 com.BHG.gurbani/.UploadActivity t1694} time:122113622
07-03 21:56:10.236  1958  1997 I Timeline: Timeline: App_transition_stopped time:122113624
07-03 21:56:10.830 17956 17956 I Timeline: Timeline: Activity_launch_request time:122114218
