07-03 22:03:30.201  1958  2089 I ActivityTaskManager: START u0 {act=android.intent.action.MAIN cat=[android.intent.category.HOME] flg=0x10000100 cmp=com.miui.home/.launcher.Launcher (has extras)} from uid 0
07-03 22:03:30.203 25324 25324 W ActivityThread: SCHED: com.miui.home/.launcher.Launcher [81, r=22ms, a=5ms, w=615ms]
07-03 22:03:30.673 25324 25324 I Timeline: Timeline: Activity_launch_request time:122554061
07-03 22:03:30.675  1958  5255 I ActivityTaskManager: START u0 {act=android.intent.action.MAIN cat=[android.intent.category.LAUNCHER] flg=0x10200000 cmp=com.android.camera/.Camera bnds=[835,2033][1011,2209] (has extras)} from uid 10094
07-03 22:03:30.755 25324 25324 W ActivityThread: SCHED: com.miui.home/.launcher.Launcher [70, r=45ms, a=19ms, w=550ms]
07-03 22:03:30.800  1958  2011 I ActivityManager: Start proc 21574:com.android.camera/u0a76 for activity {com.android.camera/com.android.camera.Camera} caller=com.miui.home
07-03 22:03:30.836  1958  1997 I Timeline: Timeline: App_transition_ready time:122554224
07-03 22:03:31.031  1958  1997 I Timeline: Timeline: App_transition_stopped time:122554419
07-03 22:03:31.696  1958  2011 I ActivityManager: Start proc 21643:com.google.android.googlequicksearchbox:googleapp/u0a186 for service {com.google.android.googlequicksearchbox/com.google.frameworks.client.data.android.server.tiktok.GoogleappProcessEndpointService} caller=com.google.android.googlequicksearchbox
07-03 22:03:31.902 21574 21574 W Activity: Slow Operation: Activity com.android.camera/.Camera onStart took 304ms
07-03 22:03:31.996  1958  3906 E WindowManager: App trying to use insecure INPUT_FEATURE_NO_INPUT_CHANNEL flag. Ignoring
07-03 22:03:32.003 21574 21574 W Looper  : Slow Looper main: Activity com.android.camera/.Camera is 601ms late (wall=568ms running=209ms ClientTransaction{ callbacks=[android.app.servertransaction.LaunchActivityItem] lifecycleRequest=android.app.servertransaction.ResumeActivityItem }) because of 2 msg, msg 2 took 601ms (seq=2 running=231ms runnable=31ms io=286ms late=1ms h=android.app.ActivityThread$H w=110)
07-03 22:03:32.004 21574 21574 W Looper  : Slow Looper main: Activity com.android.camera/.Camera is 1169ms late (wall=0ms running=0ms ClientTransaction{ callbacks=[android.app.servertransaction.TopResumedActivityChangeItem] }) because of 3msg, msg 2 took 601ms (seq=2 running=231ms runnable=31ms io=286ms late=1ms h=android.app.ActivityThread$H w=110), msg 3took 568ms (seq=3 running=209ms runnable=36ms io=251ms late=601ms h=android.app.ActivityThread$H w=159)
07-03 22:03:32.016  1958  2011 I ActivityManager: Start proc 21688:com.miui.gallery/u0a103 for service {com.miui.gallery/com.miui.gallery.util.GalleryBackgroundService} caller=com.android.camera
07-03 22:03:32.210 21574 21598 W BpBinder: Slow Binder: BpBinder transact took 557ms, interface=android.hardware.camera2.ICameraDeviceUser, code=6 oneway=false
07-03 22:03:32.297  1958  1997 I Timeline: Timeline: Activity_windows_visible id: ActivityRecord{e59141e u0 com.android.camera/.Camera t1698} time:122555686
07-03 22:03:32.535  1958  4008 I ActivityManager: Process com.google.android.apps.turbo:aab (pid 19750) has died: cch+125 CEM
07-03 22:03:32.667  1958  3906 I ActivityManager: Process com.xiaomi.mi_connect_service (pid 30201) has died: cch+125 SVC
07-03 22:03:32.672  1958  3906 W ActivityManager: Scheduling restart of crashed service com.xiaomi.mi_connect_service/com.xiaomi.idm.handoff_process_service.HandoffProcessService in 1000ms
07-03 22:03:32.672  1958  3906 W ActivityManager: Scheduling restart of crashed service com.xiaomi.mi_connect_service/.MiConnectService in 11000ms
07-03 22:03:32.695  1958  4526 I ActivityManager: Process com.miui.securitycenter (pid 20013) has died: cch+105 CEM
07-03 22:03:32.718  1958  1979 I ActivityManager: Process com.android.keychain (pid 20140) has died: cch+95 CEM
07-03 22:03:32.726  1958  4807 I ActivityManager: Process com.miui.msa.global:ui (pid 19835) has died: cch+95 CEM
07-03 22:03:32.745 21643 21643 W Looper  : Slow Looper main: Long Msg: seq=2 plan=22:03:31.723  late=0ms wall=1022ms running=255ms runnable=215ms io=456ms reclaim=87ms h=android.app.ActivityThread$H w=110
07-03 22:03:33.180  1958  2348 I ActivityManager: Process com.android.chrome (pid 20776) has died: cch+35 CEM
07-03 22:03:33.191 21688 21688 W Looper  : Slow Looper main: Long Msg: seq=2 plan=22:03:32.088  late=6ms wall=1097ms running=189ms runnable=226ms io=536ms reclaim=68ms h=android.app.ActivityThread$H w=110
07-03 22:03:33.207  1958  4597 I ActivityManager: Process com.google.android.webview:sandboxed_process0:org.chromium.content.app.SandboxedProcessService0:0 (pid 20592) has died: cch+55 CEM
07-03 22:03:33.215  1958  4597 W ActivityManager: Scheduling restart of crashed service com.miui.global.packageinstaller/org.chromium.content.app.SandboxedProcessService0:0 in 20457ms
07-03 22:03:33.371 21574 21574 W InputEventReceiver: App Input: Dispatching InputEvent took 204ms in main thread! (MotionEvent: event_seq=7, seq=543621, action=ACTION_UP)
07-03 22:03:33.590  1958  2014 W KernelWakelockReader: Reading wakelock stats took 324ms
07-03 22:03:33.592  1958  4807 I ActivityManager: Process com.google.android.webview:webview_service (pid 20565) has died: cch+35 CEM
07-03 22:03:33.642 21688 21786 W BpBinder: Slow Binder: BpBinder transact took 379ms, interface=android.app.IActivityManager, code=22 oneway=false
07-03 22:03:33.645  1958  4692 I ActivityManager: Process com.google.process.gapps (pid 20520) has died: cch+35 CEM
07-03 22:03:33.652  1958  2646 I WindowManager: WIN DEATH: Window{52a2d29 u0 com.BHG.gurbani/com.BHG.gurbani.UploadActivity}
07-03 22:03:33.656  1958  3901 I WindowManager: WIN DEATH: Window{217a05c u0 com.BHG.gurbani/com.BHG.gurbani.MainActivity}
07-03 22:03:33.670  1958  5255 I ActivityManager: Process com.google.android.apps.docs (pid 21213) has died: cch+15 CEM
07-03 22:03:33.674  1958  5258 I ActivityManager: Process com.google.android.apps.wellbeing (pid 19816) has died: cch+15 CEM
07-03 22:03:33.686  1958  4806 I ActivityManager: Process com.mi.android.globalminusscreen (pid 29523) has died: cch+10CACC
07-03 22:03:33.689  1958  4806 W ActivityManager: Scheduling restart of crashed service com.mi.android.globalminusscreen/com.google.mi.apps.gsa.nowoverlayservice.DrawerOverlayService in 29984ms
07-03 22:03:33.692 25324 25324 W BpBinder: Slow Binder: BpBinder transact took 364ms, interface=android.app.IActivityManager, code=29 oneway=false
07-03 22:03:33.694 21574 21598 W BpBinder: Slow Binder: BpBinder transact took 302ms, interface=android.app.IActivityManager, code=12 oneway=false
07-03 22:03:33.696  1958  4415 I ActivityManager: Process com.miui.global.packageinstaller (pid 20121) has died: cch+15CEM
07-03 22:03:33.716  1958  3851 I ActivityManager: Process com.qualcomm.qti.workloadclassifier (pid 19180) has died: cchSVC
07-03 22:03:33.721  1958  3851 W ActivityManager: Scheduling restart of crashed service com.qualcomm.qti.workloadclassifier/.WLCService in 19952ms
07-03 22:03:33.723  1958  4008 I ActivityManager: Process com.android.vending (pid 20178) has died: cch+5 CEM
07-03 22:03:33.732  1958  4008 W ActivityManager: Exception when unbinding service com.android.vending/com.google.frameworks.client.data.android.server.play.BackgroundProcessEndpointService
07-03 22:03:33.732  1958  4008 W ActivityManager: android.os.DeadObjectException
07-03 22:03:33.732  1958  4008 W ActivityManager:       at android.os.BinderProxy.transactNative(Native Method)
07-03 22:03:33.732  1958  4008 W ActivityManager:       at android.os.BinderProxy.transact(BinderProxy.java:511)
07-03 22:03:33.732  1958  4008 W ActivityManager:       at android.app.IApplicationThread$Stub$Proxy.scheduleUnbindService(IApplicationThread.java:1627)
07-03 22:03:33.732  1958  4008 W ActivityManager:       at com.android.server.am.ActiveServices.removeConnectionLocked(ActiveServices.java:3440)
07-03 22:03:33.732  1958  4008 W ActivityManager:       at com.android.server.am.ActiveServices.killServicesLocked(ActiveServices.java:3859)
07-03 22:03:33.732  1958  4008 W ActivityManager:       at com.android.server.am.ActivityManagerService.cleanUpApplicationRecordLocked(ActivityManagerService.java:14080)
07-03 22:03:33.732  1958  4008 W ActivityManager:       at com.android.server.am.ActivityManagerService.handleAppDiedLocked(ActivityManagerService.java:3716)
07-03 22:03:33.732  1958  4008 W ActivityManager:       at com.android.server.am.ActivityManagerService.appDiedLocked(ActivityManagerService.java:3889)
07-03 22:03:33.732  1958  4008 W ActivityManager:       at com.android.server.am.ActivityManagerService$AppDeathRecipient.binderDied(ActivityManagerService.java:1537)
07-03 22:03:33.732  1958  4008 W ActivityManager:       at android.os.BinderProxy.sendDeathNotice(BinderProxy.java:621)
07-03 22:03:33.738  1958  4597 I ActivityManager: Process com.android.vending:background (pid 20616) has died: cch+5 CEM
07-03 22:03:33.752  1958  1979 I ActivityManager: Process com.BHG.gurbani (pid 21395) has died: cch CAC
07-03 22:03:33.756  1958  1996 W ActivityManager: setHasOverlayUi called on unknown pid: 21395
07-03 22:03:33.758  6842  7010 W BpBinder: Slow Binder: BpBinder transact took 412ms, interface=android.content.IContentService, code=3 oneway=false
07-03 22:03:33.759 21688 21773 W BpBinder: Slow Binder: BpBinder transact took 288ms, interface=android.app.IActivityManager, code=10 oneway=false
07-03 22:03:33.761  1958  1994 W Looper  : Slow dispatch took 154ms android.ui h=com.android.server.am.ActivityManagerService$UiHandler c=null m=53
07-03 22:03:33.803  1958  2011 I ActivityManager: Start proc 21842:com.xiaomi.mi_connect_service/1000 for service {com.xiaomi.mi_connect_service/com.xiaomi.idm.handoff_process_service.HandoffProcessService} caller=com.xiaomi.mi_connect_service
07-03 22:03:34.067  3855 10560 W MiuiPerfServiceClient: interceptAndQueuing:2181|com.android.systemui|277|92|unknown|null|StatusBar|122556093011528|Slow issue draw commands|8
07-03 22:03:34.110 21574 21630 W BpBinder: Slow Binder: BpBinder transact took 2505ms, interface=android.content.IContentProvider, code=1 oneway=false
07-03 22:03:34.136 21574 21599 W BpBinder: Slow Binder: BpBinder transact took 354ms, interface=android.hardware.camera2.ICameraDeviceUser, code=1 oneway=false
07-03 22:03:34.429 21688 21786 W BpBinder: Slow Binder: BpBinder transact took 785ms, interface=android.content.IContentProvider, code=1 oneway=false
07-03 22:03:34.455  3855 10560 W MiuiPerfServiceClient: interceptAndQueuing:21574|com.android.camera|590|287|unknown|null|com.android.camera/com.android.camera.Camera|122556989628975|Slow handle input|5
07-03 22:03:34.716 21842 21842 E LoadedApk: Unable to instantiate appComponentFactory
07-03 22:03:34.716 21842 21842 E LoadedApk: java.lang.ClassNotFoundException: Didn't find class "androidx.core.app.CoreComponentFactory" on path: DexPathList[[zip file "/system/app/mi_connect_service/mi_connect_service.apk"],nativeLibraryDirectories=[/system/app/mi_connect_service/lib/arm64, /system/app/mi_connect_service/mi_connect_service.apk!/lib/arm64-v8a, /system/lib64, /system/product/lib64, /system/lib64, /system/product/lib64]]
07-03 22:03:34.716 21842 21842 E LoadedApk:     at dalvik.system.BaseDexClassLoader.findClass(BaseDexClassLoader.java:230)
07-03 22:03:34.716 21842 21842 E LoadedApk:     at java.lang.ClassLoader.loadClass(ClassLoader.java:379)
07-03 22:03:34.716 21842 21842 E LoadedApk:     at java.lang.ClassLoader.loadClass(ClassLoader.java:312)
07-03 22:03:34.716 21842 21842 E LoadedApk:     at android.app.LoadedApk.createAppFactory(LoadedApk.java:258)
07-03 22:03:34.716 21842 21842 E LoadedApk:     at android.app.LoadedApk.createOrUpdateClassLoaderLocked(LoadedApk.java:859)
07-03 22:03:34.716 21842 21842 E LoadedApk:     at android.app.LoadedApk.getClassLoader(LoadedApk.java:954)
07-03 22:03:34.716 21842 21842 E LoadedApk:     at android.app.LoadedApk.getResources(LoadedApk.java:1192)
07-03 22:03:34.716 21842 21842 E LoadedApk:     at android.app.ContextImpl.createAppContext(ContextImpl.java:2474)
07-03 22:03:34.716 21842 21842 E LoadedApk:     at android.app.ContextImpl.createAppContext(ContextImpl.java:2466)
07-03 22:03:34.716 21842 21842 E LoadedApk:     at android.app.ActivityThread.handleBindApplication(ActivityThread.java:6481)
07-03 22:03:34.716 21842 21842 E LoadedApk:     at android.app.ActivityThread.access$1400(ActivityThread.java:227)
07-03 22:03:34.716 21842 21842 E LoadedApk:     at android.app.ActivityThread$H.handleMessage(ActivityThread.java:1890)
07-03 22:03:34.716 21842 21842 E LoadedApk:     at android.os.Handler.dispatchMessage(Handler.java:107)
07-03 22:03:34.716 21842 21842 E LoadedApk:     at android.os.Looper.loop(Looper.java:224)
07-03 22:03:34.716 21842 21842 E LoadedApk:     at android.app.ActivityThread.main(ActivityThread.java:7592)
07-03 22:03:34.716 21842 21842 E LoadedApk:     at java.lang.reflect.Method.invoke(Native Method)
07-03 22:03:34.716 21842 21842 E LoadedApk:     at com.android.internal.os.RuntimeInit$MethodAndArgsCaller.run(RuntimeInit.java:539)
07-03 22:03:34.716 21842 21842 E LoadedApk:     at com.android.internal.os.ZygoteInit.main(ZygoteInit.java:950)
07-03 22:03:35.208 21842 21842 W Looper  : Slow Looper main: Long Msg: seq=2 plan=22:03:33.869  late=1ms wall=1337ms running=191ms runnable=56ms io=884ms h=android.app.ActivityThread$H w=110
07-03 22:03:35.285  1958  2011 I ActivityManager: Start proc 21984:com.xiaomi.account/u0a112 for service {com.xiaomi.account/com.xiaomi.account.PassportServiceTokenService} caller=com.xiaomi.mi_connect_service
07-03 22:03:35.780 21574 21598 W BpBinder: Slow Binder: BpBinder transact took 266ms, interface=android.hardware.camera2.ICameraDeviceUser, code=6 oneway=false
07-03 22:03:36.743 21984 21984 W Looper  : Slow Looper main: Long Msg: seq=2 plan=22:03:35.343  late=5ms wall=1396ms running=259ms runnable=275ms io=437ms reclaim=14ms h=android.app.ActivityThread$H w=110
07-03 22:03:36.754 21984 21984 W Looper  : Slow Looper main: doFrame is 757ms late because of 4 msg, msg 1 took 1396ms (seq=2 running=259ms runnable=275ms io=437ms reclaim=14ms late=5ms h=android.app.ActivityThread$H w=110)
07-03 22:03:37.536  1958  2011 I ActivityManager: Start proc 22289:com.miui.cloudservice:galleryproxy/u0a126 for content provider {com.miui.cloudservice/com.miui.cloudservice.provider.GalleryProxySecurityDeviceCredentialProvider} caller=com.miui.gallery
07-03 22:03:37.874 21688 21879 W BpBinder: Slow Binder: BpBinder transact took 380ms, interface=android.app.IActivityManager, code=20 oneway=false
07-03 22:03:38.033  1958  1979 I ActivityManager: Process com.xiaomi.account (pid 21984) has died: cch+5 CEM
07-03 22:03:38.041   788   788 W SurfaceFlingerInspector: Slow frame composition: nt36672a vide prepareFrame took 157 ms
07-03 22:03:38.127  1958  3906 I ActivityManager: Process com.qti.diagservices (pid 19905) has died: cch SVC
07-03 22:03:38.136  1958  3906 W ActivityManager: Scheduling restart of crashed service com.qti.diagservices/.QTIDiagServices in 1000ms
07-03 22:03:38.174  1958  5271 I ActivityManager: Process com.qualcomm.telephony (pid 19687) has died: svc SVC
07-03 22:03:38.182  1958  5271 W ActivityManager: Scheduling restart of crashed service com.qualcomm.atfwd/.AtFwdService in 25490ms
07-03 22:03:38.200  1958  2011 I ActivityManager: Start proc 22364:com.xiaomi.simactivate.service/u0a163 for service {com.xiaomi.simactivate.service/com.xiaomi.activate.ActivateService} caller=com.miui.cloudservice
07-03 22:03:38.585  3855 10560 W MiuiPerfServiceClient: interceptAndQueuing:21574|com.android.camera|372|171|unknown|null|com.android.camera/com.android.camera.Camera|122561506169755|Slow issue draw commands|7
07-03 22:03:38.599  1958  4597 I WindowManager: WIN DEATH: Window{8282d6a u0 com.google.android.documentsui/com.android.documentsui.picker.PickActivity}
07-03 22:03:38.601  1958  3851 I ActivityManager: Process com.google.android.documentsui (pid 21184) has died: prev LAST
07-03 22:03:38.621  1958  1996 W ActivityManager: setHasOverlayUi called on unknown pid: 21184
07-03 22:03:38.802  1958  5271 I ActivityManager: Process com.google.process.gservices (pid 19772) has died: prev LAST
07-03 22:03:39.115  1958  2647 I ActivityManager: Process com.xiaomi.simactivate.service (pid 22364) has died: cch+5 CEM
07-03 22:03:39.203  1958  2011 I ActivityManager: Start proc 22498:com.qti.diagservices/1000 for service {com.qti.diagservices/com.qti.diagservices.QTIDiagServices} caller=com.qti.diagservices
07-03 22:03:39.266  1958  5270 I ActivityManager: Process com.miui.cloudservice:galleryproxy (pid 22289) has died: prevLAST
07-03 22:03:39.322 21574 21574 I Timeline: Timeline: Activity_launch_request time:122562711
07-03 22:03:39.339  1958  3132 I ActivityTaskManager: START u0 {act=com.android.camera.action.REVIEW dat=content://media/25d0-1ce8/images/media/5862 pkg=com.miui.gallery cmp=com.miui.gallery/.activity.ExternalPhotoPageActivity (has extras)} from uid 10076
07-03 22:03:39.642 21574 21574 W BpBinder: Slow Binder: BpBinder transact took 303ms, interface=android.app.IActivityTaskManager, code=1 oneway=false
07-03 22:03:39.834 21574 21574 W Looper  : Slow Looper main: doFrame is 532ms late because of 3 msg, msg 1 took 537ms (seq=394 running=50ms runnable=5ms io=162ms reclaim=36ms h=android.view.ViewRootImpl$ViewRootHandler c=android.view.View$PerformClick)
07-03 22:03:39.835 21574 21574 W Looper  : Slow Looper main: Activity com.android.camera/.Camera is 361ms late (wall=0ms running=1ms ClientTransaction{ callbacks=[android.app.servertransaction.TopResumedActivityChangeItem] }) because of 8 msg, msg 1 took 537ms (seq=394 running=50ms runnable=5ms io=162ms reclaim=36ms h=android.view.ViewRootImpl$ViewRootHandler c=android.view.View$PerformClick)
07-03 22:03:39.835 21574 21574 W ActivityThread: SCHED: com.android.camera/.Camera [71, r=611ms, a=238ms, w=7933ms]
07-03 22:03:40.077  1958  1996 W ActivityTaskManager: Activity pause timeout for ActivityRecord{e59141e u0 com.android.camera/.Camera t1698}
07-03 22:03:40.078  1958  1996 I ActivityTaskManager: The Process com.miui.gallery Already Exists in BG. So sending itsPID: 21688
07-03 22:03:40.299  2181  2882 I KeyguardViewMediator: setOccluded true
07-03 22:03:40.370  1958  1996 I Timeline: Timeline: App_transition_ready time:122563758
07-03 22:03:40.705  1958  1994 W Looper  : Slow dispatch took 318ms android.ui h=com.android.server.am.ActivityManagerService$UiHandler c=null m=31
07-03 22:03:40.707  1958  1994 W Looper  : Slow delivery took 330ms android.ui h=com.android.server.am.ActivityManagerService$UiHandler c=null m=53
07-03 22:03:40.749 21574 21621 W BpBinder: Slow Binder: BpBinder transact took 204ms, interface=android.gui.IGraphicBufferProducer, code=6 oneway=false
07-03 22:03:40.781   788   788 W SurfaceFlingerInspector: Slow frame composition: nt36672a vide prepareFrame took 199 ms
07-03 22:03:40.828 21574 21574 W Activity: Slow Operation: Activity com.android.camera/.Camera onPause took 993ms
07-03 22:03:41.311  1958  1994 W Looper  : Drained
07-03 22:03:41.316  1958  5270 I Timeline: Timeline: App_transition_ready time:122564705
07-03 22:03:41.318 21574 21574 W BpBinder: Slow Binder: BpBinder transact took 255ms, interface=android.view.IWindowSession, code=4 oneway=false
07-03 22:03:41.335  1958  2006 W PeriodicCleaner: Slow operation: 357ms so far, now at finish get active and visible uids
07-03 22:03:41.337  2181  2663 W BpBinder: Slow Binder: BpBinder transact took 230ms, interface=android.app.IActivityManager, code=137 oneway=false
07-03 22:03:41.344 21574 21599 W BpBinder: Slow Binder: BpBinder transact took 282ms, interface=miui.IProcessManager, code=19 oneway=false
07-03 22:03:41.532  1958  1997 I Timeline: Timeline: App_transition_ready time:122564921
07-03 22:03:41.615  1958  2006 W PeriodicCleaner: Slow operation: 280ms so far, now at finish updateDynamicWhiteList
07-03 22:03:41.615  1958  2006 W PeriodicCleaner: Slow operation: 280ms so far, now at finish filterOutKillablePackages
07-03 22:03:41.800 21574 21574 W Looper  : Slow Looper main: doFrame is 984ms late because of 2 msg, msg 1 took 994ms (seq=404 running=90ms runnable=24ms io=442ms reclaim=75ms late=300ms h=android.app.ActivityThread$H w=159)
07-03 22:03:41.832  1958  1981 I Timeline: Timeline: App_transition_ready time:122565220
07-03 22:03:41.997  1958  5270 I ActivityManager: Process com.android.settings:remote (pid 19712) has died: cch SVC
07-03 22:03:42.008  1958  5270 W ActivityManager: Scheduling restart of crashed service com.android.settings/.dangerousoptions.DangerousOptionsWarningService in 1000ms
07-03 22:03:42.064 21574 21574 W Looper  : Slow Looper main: doFrame is 980ms late because of 12 msg, msg 1 took 970ms (seq=406 running=14ms runnable=15ms io=646ms late=984ms h=android.view.Choreographer$FrameHandler c=android.view.Choreographer$FrameDisplayEventReceiver)
07-03 22:03:42.188  1958  2348 I Timeline: Timeline: App_transition_ready time:122565577
07-03 22:03:42.277  1958  2348 I Timeline: Timeline: App_transition_ready time:122565666
07-03 22:03:42.477  2181 17376 I KeyguardViewMediator: setOccluded false
07-03 22:03:42.554  2181  2181 E miui_face: start face unlock fail, mKeyguardShowing=false;isDeviceInteractive=true
07-03 22:03:42.721 21688 21688 W Activity: Slow Operation: Activity com.miui.gallery/.activity.ExternalPhotoPageActivity onStart took 146ms
07-03 22:03:42.851  1958  3851 E WindowManager: App trying to use insecure INPUT_FEATURE_NO_INPUT_CHANNEL flag. Ignoring
07-03 22:03:42.868 21688 21688 W Looper  : Slow Looper main: Long Msg: seq=58 plan=22:03:40.211  late=0ms wall=2657ms running=171ms runnable=62ms io=2202ms reclaim=73ms h=android.app.ActivityThread$H w=159
07-03 22:03:42.869 21688 21688 W Looper  : Slow Looper main: Activity com.miui.gallery/.activity.ExternalPhotoPageActivity is 2657ms late (wall=0ms running=0ms ClientTransaction{ callbacks=[android.app.servertransaction.TopResumedActivityChangeItem] }) because of 1 msg, msg 1 took 2657ms (seq=58 running=171ms runnable=62ms io=2202ms reclaim=73ms h=android.app.ActivityThread$H w=159)
07-03 22:03:42.919 21688 21879 W BpBinder: Slow Binder: BpBinder transact took 430ms, interface=android.content.IContentProvider, code=1 oneway=false
07-03 22:03:42.933  1958  2348 I Timeline: Timeline: App_transition_ready time:122566322
07-03 22:03:42.935  1958  2348 I Timeline: Timeline: App_transition_ready time:122566323
07-03 22:03:43.051  1958  2011 I ActivityManager: Start proc 22785:com.android.settings:remote/1000 for service {com.android.settings/com.android.settings.dangerousoptions.DangerousOptionsWarningService} caller=com.android.settings
07-03 22:03:43.146  1958  1997 I Timeline: Timeline: App_transition_ready time:122566535
07-03 22:03:43.195  3855 10560 W MiuiPerfServiceClient: interceptAndQueuing:2181|com.android.systemui|162|162|unknown|null|StatusBar|122565597749076|Slow main thread|1
07-03 22:03:43.252  1958  1997 I Timeline: Timeline: Activity_windows_visible id: ActivityRecord{167826f u0 com.miui.gallery/.activity.ExternalPhotoPageActivity t1698} time:122566640
07-03 22:03:43.253  1958  1997 I Timeline: Timeline: App_transition_stopped time:122566642
07-03 22:03:43.547  1958  2011 I ActivityManager: Start proc 22839:com.milink.service/u0a141 for service {com.milink.service/com.milink.client.PhotoCastService} caller=com.miui.gallery
07-03 22:03:44.070 21643 21719 W BpBinder: Slow Binder: BpBinder transact took 302ms, interface=android.content.IContentProvider, code=1 oneway=false
07-03 22:03:44.112  1958  2011 I ActivityManager: Start proc 22908:com.google.process.gservices/u0a185 for content provider {com.google.android.gsf/com.google.android.gsf.gservices.GservicesProvider} caller=com.google.android.googlequicksearchbox
07-03 22:03:44.298 21688 21688 W Looper  : Slow Looper main: doFrame is 492ms late because of 33 msg, msg 3 took 61ms (seq=145 running=13ms runnable=4ms io=22ms late=153ms h=android.view.ViewRootImpl$ViewRootHandler c=com.miui.gallery.app.BottomMenuFragmentDelegate$1), msg 16 took 415ms (seq=158 running=46ms runnable=9ms io=331ms late=151ms h=android.os.Handler c=androidx.fragment.app.FragmentManager$5)
07-03 22:03:44.632 21643 21719 W BpBinder: Slow Binder: BpBinder transact took 558ms, interface=android.app.IActivityManager, code=20 oneway=false
07-03 22:03:44.647 22785 22785 W Looper  : Slow Looper main: Long Msg: seq=2 plan=22:03:43.117  late=65ms wall=1443ms running=297ms runnable=90ms io=966ms h=android.app.ActivityThread$H w=110
07-03 22:03:45.310 21574 21599 W BpBinder: Slow Binder: BpBinder transact took 574ms, interface=android.hardware.camera2.ICameraDeviceUser, code=1 oneway=false
07-03 22:03:45.887 21688 21688 I Timeline: Timeline: Activity_launch_request time:122569275
07-03 22:03:45.897  1958  2348 I ActivityTaskManager: START u0 {cmp=com.miui.gallery/.activity.PhotoDetailActivity (hasextras)} from uid 10103
07-03 22:03:45.911 21688 21688 W ActivityThread: SCHED: com.miui.gallery/.activity.ExternalPhotoPageActivity [75, r=350ms, a=111ms, w=3155ms]
07-03 22:03:45.919  1958  3851 I ActivityTaskManager: The Process com.miui.gallery Already Exists in BG. So sending itsPID: 21688
07-03 22:03:45.926  1958  3851 I Timeline: Timeline: App_transition_ready time:122569314
07-03 22:03:45.959  1958  2348 E WindowManager: App trying to use insecure INPUT_FEATURE_NO_INPUT_CHANNEL flag. Ignoring
07-03 22:03:45.965  1958  2348 I Timeline: Timeline: App_transition_ready time:122569353
07-03 22:03:45.978  1958  4807 I Timeline: Timeline: App_transition_ready time:122569366
07-03 22:03:45.998  1958  1997 I Timeline: Timeline: App_transition_ready time:122569386
07-03 22:03:46.250  1958  1997 I Timeline: Timeline: Activity_windows_visible id: ActivityRecord{df2c305 u0 com.miui.gallery/.activity.PhotoDetailActivity t1698} time:122569638
07-03 22:03:46.252  1958  1997 I Timeline: Timeline: App_transition_stopped time:122569641
07-03 22:03:53.705  1958  2011 I ActivityManager: Start proc 23007:com.qualcomm.qti.workloadclassifier/1000 for service{com.qualcomm.qti.workloadclassifier/com.qualcomm.qti.workloadclassifier.WLCService} caller=com.qualcomm.qti.workloadclassifier
07-03 22:03:56.271  1958  2011 I ActivityManager: Start proc 23035:org.zwanoo.android.speedtest/u0a412 for broadcast {org.zwanoo.android.speedtest/com.google.firebase.iid.FirebaseInstanceIdReceiver} caller=com.google.android.gms
07-03 22:03:57.000  1958  2011 I ActivityManager: Start proc 23121:com.android.vending/u0a175 for service {com.android.vending/com.google.android.finsky.billing.iab.InAppBillingService} caller=org.zwanoo.android.speedtest
07-03 22:03:58.261  1958  2011 I ActivityManager: Start proc 23273:com.google.process.gapps/u0a185 for content provider{com.google.android.gsf/com.google.android.gsf.settings.GoogleSettingsProvider} caller=com.android.vending
07-03 22:03:58.385 23035 23250 W BpBinder: Slow Binder: BpBinder transact took 256ms, interface=com.android.vending.billing.IInAppBillingService, code=1 oneway=false
07-03 22:03:58.412  1958  2011 I ActivityManager: Start proc 23301:com.android.vending:background/u0a175 for service {com.android.vending/com.google.frameworks.client.data.android.server.play.BackgroundProcessEndpointService} caller=com.android.vending
07-03 22:03:58.448 23121 23194 W BpBinder: Slow Binder: BpBinder transact took 219ms, interface=android.app.IActivityManager, code=20 oneway=false
07-03 22:03:59.016 23035 23302 W BpBinder: Slow Binder: BpBinder transact took 606ms, interface=com.android.vending.billing.IInAppBillingService, code=9 oneway=false
07-03 22:03:59.019 23035 23300 W BpBinder: Slow Binder: BpBinder transact took 609ms, interface=com.android.vending.billing.IInAppBillingService, code=9 oneway=false
07-03 22:04:03.701  1958  2011 I ActivityManager: Start proc 23395:com.qualcomm.telephony/u0a195 for service {com.qualcomm.atfwd/com.qualcomm.atfwd.AtFwdService} caller=com.qualcomm.atfwd
07-03 22:05:45.790  1958  2017 I PowerManagerService: Going to sleep due to timeout (uid 1000)...
07-03 22:05:45.791  1958  1958 W UsageStatsService: Event reported without a package name, eventType:16
07-03 22:05:45.793  1958  1958 I WindowManager: Started going to sleep... (why=OFF_BECAUSE_OF_TIMEOUT)
07-03 22:05:46.021  1958  2017 I DisplayPowerController: Blocking screen off
07-03 22:05:46.023  1958  2017 I DisplayPowerController: Unblocked screen off after 2 ms
07-03 22:05:46.023  1958  2017 I WindowManager: Screen turned off...
07-03 22:05:46.028  1958  2014 E KernelCpuUidUserSysTimeReader: Negative user/sys time delta for UID=10221
07-03 22:05:46.028  1958  2014 E KernelCpuUidUserSysTimeReader: Prev times: u=153650 s=54525 Curr times: u=153506 s=54455
07-03 22:05:46.028  1958  2014 E KernelCpuUidUserSysTimeReader: Negative user/sys time delta for UID=10162
07-03 22:05:46.028  1958  2014 E KernelCpuUidUserSysTimeReader: Prev times: u=426758 s=205462 Curr times: u=426230 s=205272
07-03 22:05:46.028  1958  2014 E KernelCpuUidUserSysTimeReader: Negative user/sys time delta for UID=10189
07-03 22:05:46.028  1958  2014 E KernelCpuUidUserSysTimeReader: Prev times: u=206719 s=78331 Curr times: u=206574 s=78234
07-03 22:05:46.028  1958  2014 E KernelCpuUidUserSysTimeReader: Negative user/sys time delta for UID=10192
07-03 22:05:46.028  1958  2014 E KernelCpuUidUserSysTimeReader: Prev times: u=33074 s=18548 Curr times: u=32969 s=18466
07-03 22:05:46.049  1958  2017 W ActivityManager: Unable to start service Intent { act=miui.action.CAMERA_EMPTY_SERVICEpkg=com.android.camera } U=0: not found
07-03 22:05:46.049 21688 21688 W ActivityThread: SCHED: com.miui.gallery/.activity.PhotoDetailActivity [88, r=275ms, a=34ms, w=120094ms]
07-03 22:05:46.059  1958  1996 I DisplayManagerService: Display device changed state: "Built-in Screen", OFF
07-03 22:05:46.102   788   903 W EventThreadInspector: slow VSync-sf on display(19260784713820289), count=4, avg=22 ms,max=31 ms.
07-03 22:05:46.363  1958  2168 W BpBinder: Slow Binder: BpBinder transact took 310ms, interface=android.ui.ISurfaceComposer, code=19 oneway=false
07-03 22:05:46.388  1958  2017 W DreamManagerService: Dream ComponentInfo{com.android.systemui/com.android.systemui.doze.DozeService} does not exist
07-03 22:05:46.388  1958  2017 I PowerManagerService: Sleeping (uid 1000)...
07-03 22:05:46.392  1958  1958 I WindowManager: Finished going to sleep... (why=OFF_BECAUSE_OF_TIMEOUT)
07-03 22:05:46.397  2181  3389 W KeyguardViewMediator: doKeyguard: showing the lock screen
07-03 22:05:46.446  1958  1996 W UsageStatsService: Event reported without a package name, eventType:17
07-03 22:05:46.446  1958  1996 I WindowManager: updateContrastOverlay, darkmode: true isContrastEnabled: false alpha: 0.0
07-03 22:05:46.552  1958  1958 W Looper  : Slow dispatch took 145ms main h=android.app.ActivityThread$H c=android.app.-$$Lambda$LoadedApk$ReceiverDispatcher$Args$_BumDX2UKsnxLVrE6UJsJZkotuA@61434b m=0
07-03 22:05:46.718  1958  2011 I ActivityManager: Start proc 23468:com.google.android.apps.wellbeing/u0a189 for broadcast {com.google.android.apps.wellbeing/com.google.android.apps.wellbeing.alarm.NextAlarmClockChangedReceiver_Receiver} caller=android
07-03 22:05:46.856  1958  2011 I ActivityManager: Start proc 23489:com.miui.msa.global:ui/u0a123 for service {com.miui.msa.global/com.xiaomi.ad.internal.splash.uiprocess.SplashUIService} caller=com.miui.msa.global
07-03 22:05:47.209  1958  2014 E BatteryExternalStatsWorker: no controller energy info supplied for bluetooth
07-03 22:05:47.412 25666 27792 W BpBinder: Slow Binder: BpBinder transact took 217ms, interface=com.android.internal.app.IBatteryStats, code=16 oneway=false
07-03 22:05:47.465  2181  4697 W BpBinder: Slow Binder: BpBinder transact took 301ms, interface=android.content.IContentProvider, code=21 oneway=false
07-03 22:06:58.484  1958  5270 W BpBinder: Slow Binder: BpBinder transact took 1026ms, interface=android.os.IInstalld, code=10 oneway=false
07-03 22:06:58.485  1958  5270 I InstallationStatistic: beginInstallSession: 1790326674
07-03 22:06:59.458  1958  2065 I ActivityTaskManager: START u0 {act=android.intent.action.VIEW dat=file:///data/app/vmdl1790326674.tmp typ=application/vnd.android.package-archive flg=0x18000000 cmp=com.miui.securitycenter/com.miui.permcenter.install.AdbInstallActivity (has extras)} from uid 1000
07-03 22:06:59.713  1958  2011 I ActivityManager: Start proc 23591:com.miui.securitycenter/1000 for activity {com.miui.securitycenter/com.miui.permcenter.install.AdbInstallActivity} caller=pm
07-03 22:06:59.783  1958  1997 I Timeline: Timeline: App_transition_ready time:122763172
07-03 22:07:00.276  1958  1996 W ActivityTaskManager: Activity top resumed state loss timeout for ActivityRecord{a1a8873 u0 com.miui.securitycenter/com.miui.permcenter.install.AdbInstallActivity t1699}
07-03 22:07:00.276  1958  1996 W ActivityTaskManager: Activity pause timeout for ActivityRecord{a1a8873 u0 com.miui.securitycenter/com.miui.permcenter.install.AdbInstallActivity t1699}
07-03 22:07:00.280  1958  1996 I Timeline: Timeline: App_transition_ready time:122763669
07-03 22:07:00.286  1958  1996 W ProcessStats: Tracking association SourceState{124faa5 com.miui.securitycenter/1000 Top #533361} whose proc state 1 is better than process ProcessState{1c1639c com.google.android.gms.persistent/10185 pkg=com.google.android.gms} proc state 2 (28 skipped)
07-03 22:07:00.643  1958  3853 I Timeline: Timeline: App_transition_ready time:122764031
07-03 22:07:00.872 23591 23591 W Looper  : Slow Looper main: Activity com.miui.securitycenter/com.miui.permcenter.install.AdbInstallActivity is 656ms late (wall=449ms running=218ms ClientTransaction{ callbacks=[android.app.servertransaction.LaunchActivityItem] lifecycleRequest=android.app.servertransaction.ResumeActivityItem }) because of 2 msg, msg 2 took 640ms (seq=2 running=288ms runnable=27ms io=262ms late=18ms h=android.app.ActivityThread$H w=110)
07-03 22:07:00.873 23591 23591 W Looper  : Slow Looper main: Activity com.miui.securitycenter/com.miui.permcenter.install.AdbInstallActivity is 1104ms late (wall=0ms running=0ms ClientTransaction{ callbacks=[android.app.servertransaction.TopResumedActivityChangeItem] }) because of 3 msg, msg 2 took 640ms (seq=2 running=288ms runnable=27ms io=262ms late=18msh=android.app.ActivityThread$H w=110), msg 3 took 449ms (seq=3 running=218ms runnable=27ms io=118ms late=656ms h=android.app.ActivityThread$H w=159)
07-03 22:07:00.875 23591 23591 W Looper  : Slow Looper main: Activity com.miui.securitycenter/com.miui.permcenter.install.AdbInstallActivity is 1098ms late (wall=3ms running=0ms ClientTransaction{ callbacks=[android.app.servertransaction.TopResumedActivityChangeItem] }) because of 4 msg, msg 2 took 640ms (seq=2 running=288ms runnable=27ms io=262ms late=18msh=android.app.ActivityThread$H w=110), msg 3 took 449ms (seq=3 running=218ms runnable=27ms io=118ms late=656ms h=android.app.ActivityThread$H w=159)
07-03 22:07:00.877 23591 23591 W Looper  : Slow Looper main: Activity com.miui.securitycenter/com.miui.permcenter.install.AdbInstallActivity is 1100ms late (wall=1ms running=0ms ClientTransaction{ lifecycleRequest=android.app.servertransaction.PauseActivityItem }) because of 5 msg, msg 2 took 640ms (seq=2 running=288ms runnable=27ms io=262ms late=18ms h=android.app.ActivityThread$H w=110), msg 3 took 449ms (seq=3 running=218ms runnable=27ms io=118ms late=656ms h=android.app.ActivityThread$H w=159)
07-03 22:07:00.878 23591 23591 W Looper  : Slow Looper main: Activity com.miui.securitycenter/com.miui.permcenter.install.AdbInstallActivity is 594ms late (wall=0ms running=0ms ClientTransaction{ lifecycleRequest=android.app.servertransaction.StopActivityItem }) because of 8 msg, msg 1 took 640ms (seq=2 running=288ms runnable=27ms io=262ms late=18ms h=android.app.ActivityThread$H w=110), msg 2 took 449ms (seq=3 running=218ms runnable=27ms io=118ms late=656ms h=android.app.ActivityThread$H w=159)
07-03 22:07:00.892  1958  4806 I Timeline: Timeline: App_transition_ready time:122764280
07-03 22:07:00.892  1958  4806 I Timeline: Timeline: App_transition_stopped time:122764280
07-03 22:07:00.908  1958  4806 W WindowManager: Failed looking up window callers=com.android.server.wm.WindowManagerService.windowForClientLocked:5864 com.android.server.wm.WindowManagerService.relayoutWindow:2244 com.android.server.wm.Session.relayout:194
07-03 22:07:00.926  1958  4806 W WindowManager: Failed looking up window callers=com.android.server.wm.WindowManagerService.windowForClientLocked:5864 com.android.server.wm.WindowManagerService.removeWindow:2014 com.android.server.wm.Session.remove:176
07-03 22:07:00.984  1958  2010 I ActivityManager: Force stopping com.BHG.gurbani appid=10776 user=-1: installPackageLI
07-03 22:07:00.985  1958  2022 I PackageManager: Update package com.BHG.gurbani code path from /data/app/com.BHG.gurbani-1CerDygDLUq4M8USBNWnuQ== to /data/app/com.BHG.gurbani-thinSyVDXkk2UVWutpHIww==; Retain data and using new
07-03 22:07:00.985  1958  2022 I PackageManager: Update package com.BHG.gurbani resource path from /data/app/com.BHG.gurbani-1CerDygDLUq4M8USBNWnuQ== to /data/app/com.BHG.gurbani-thinSyVDXkk2UVWutpHIww==; Retain data and using new
07-03 22:07:00.985  1958  2010 I ActivityTaskManager:   Force finishing activity ActivityRecord{1449271 u0 com.BHG.gurbani/.MainActivity t1697}
07-03 22:07:00.987  1958  2010 I ActivityTaskManager:   Force finishing activity ActivityRecord{d4914d6 u0 com.BHG.gurbani/.UploadActivity t1697}
07-03 22:07:00.988  1958  2010 I ActivityTaskManager:   Force finishing activity ActivityRecord{6d88fe0 u0 com.google.android.documentsui/com.android.documentsui.picker.PickActivity t1697}
07-03 22:07:01.149  1958  2022 W FileUtils: Slow Operation: fsync took 116ms
07-03 22:07:01.188  1958  2022 I PackageManager: Un-granting permission android.permission.WRITE_MEDIA_STORAGE from package com.jio.media.jiobeats (protectionLevel=18 flags=0x20d83e44)
07-03 22:07:01.188  1958  2022 I PackageManager: Un-granting permission android.permission.WRITE_SETTINGS from package com.jio.media.jiobeats (protectionLevel=1218 flags=0x20d83e44)
07-03 22:07:01.188  1958  2022 I PackageManager: Un-granting permission android.permission.MANAGE_DOCUMENTS from package com.google.android.youtube (protectionLevel=262146 flags=0x20dbbec5)
07-03 22:07:01.189  1958  2022 I PackageManager: Un-granting permission android.permission.REQUEST_INSTALL_PACKAGES from package com.revanced.net.revancedmanager (protectionLevel=66 flags=0x20c8be44)
07-03 22:07:01.190  1958  2022 I PackageManager: Un-granting permission android.permission.CAPTURE_AUDIO_OUTPUT from package com.google.android.googlequicksearchbox (protectionLevel=18 flags=0xa8dbbec5)
07-03 22:07:01.190  1958  2022 I PackageManager: Un-granting permission android.permission.SUBSTITUTE_SHARE_TARGET_APP_NAME_AND_ICON from package com.google.android.googlequicksearchbox (protectionLevel=18 flags=0xa8dbbec5)
07-03 22:07:01.190  1958  2022 I PackageManager: Un-granting permission android.permission.CAPTURE_MEDIA_OUTPUT from package com.google.android.googlequicksearchbox (protectionLevel=18 flags=0xa8dbbec5)
07-03 22:07:01.190  1958  2022 I PackageManager: Un-granting permission android.permission.MODIFY_AUDIO_ROUTING from package com.google.android.googlequicksearchbox (protectionLevel=18 flags=0xa8dbbec5)
07-03 22:07:01.190  1958  2022 I PackageManager: Un-granting permission com.google.android.googleapps.permission.GOOGLE_AUTH from package com.android.providers.calendar (protectionLevel=2 flags=0x20883e45)
07-03 22:07:01.190  1958  2022 I PackageManager: Un-granting permission com.google.android.googleapps.permission.GOOGLE_AUTH.cl from package com.android.providers.calendar (protectionLevel=2 flags=0x20883e45)
07-03 22:07:01.190  1958  2022 I PackageManager: Un-granting permission android.permission.SYSTEM_ALERT_WINDOW from package org.telegram.messenger (protectionLevel=1250 flags=0x289bbe44)
07-03 22:07:01.190  1958  2022 I PackageManager: Un-granting permission android.permission.REQUEST_INSTALL_PACKAGES from package org.telegram.messenger (protectionLevel=66 flags=0x289bbe44)
07-03 22:07:01.192  1958  2022 I PackageManager: Un-granting permission android.permission.MANAGE_DOCUMENTS from package app.revanced.android.youtube (protectionLevel=262146 flags=0x30dbbe44)
07-03 22:07:01.192  1958  2022 I PackageManager: Un-granting permission android.permission.SYSTEM_ALERT_WINDOW from package app.revanced.android.youtube (protectionLevel=1250 flags=0x30dbbe44)
07-03 22:07:01.192  1958  2022 I PackageManager: Un-granting permission android.permission.WRITE_SECURE_SETTINGS from package com.antutu.ABenchMark (protectionLevel=50 flags=0x2288be46)
07-03 22:07:01.193  1958  2022 I PackageManager: Un-granting permission android.permission.REQUEST_INSTALL_PACKAGES from package com.whatsapp (protectionLevel=66 flags=0x20cbbe44)
07-03 22:07:01.193  1958  2022 I PackageManager: Un-granting permission android.permission.HIDE_NON_SYSTEM_OVERLAY_WINDOWS from package com.android.companiondevicemanager (protectionLevel=258 flags=0x30c83e45)
07-03 22:07:01.194  1958  2022 I PackageManager: Un-granting permission android.permission.MANAGE_USERS from package com.miui.securitycenter (protectionLevel=18 flags=0x20c9bec5)
07-03 22:07:01.194  1958  2022 I PackageManager: Un-granting permission android.permission.INTERACT_ACROSS_USERS from package com.miui.securitycenter (protectionLevel=50 flags=0x20c9bec5)
07-03 22:07:01.194  1958  2022 I PackageManager: Un-granting permission android.permission.READ_PRIVILEGED_PHONE_STATE from package com.miui.securitycenter (protectionLevel=18 flags=0x20c9bec5)
07-03 22:07:01.195  1958  2022 I PackageManager: Un-granting permission android.permission.WRITE_MEDIA_STORAGE from package ru.zdevs.zarchiver (protectionLevel=18 flags=0x30d8be44)
07-03 22:07:01.195  1958  2022 I PackageManager: Un-granting permission android.permission.REQUEST_INSTALL_PACKAGES from package ru.zdevs.zarchiver (protectionLevel=66 flags=0x30d8be44)
07-03 22:07:01.195  1958  2022 I PackageManager: Un-granting permission android.permission.SYSTEM_ALERT_WINDOW from package com.glgjing.captain (protectionLevel=1250 flags=0x3088be44)
07-03 22:07:01.195  1958  2022 I PackageManager: Un-granting permission android.permission.PACKAGE_USAGE_STATS from package com.glgjing.captain (protectionLevel=114 flags=0x3088be44)
07-03 22:07:01.195  1958  2022 I PackageManager: Un-granting permission android.permission.START_ACTIVITIES_FROM_BACKGROUND from package com.android.soundrecorder (protectionLevel=49682 flags=0x30c83e85)
07-03 22:07:01.196  1958  2022 I PackageManager: Un-granting permission android.permission.WRITE_SETTINGS from package in.mohalla.sharechat (protectionLevel=1218 flags=0x30d8be44)
07-03 22:07:01.196  1958  2022 I PackageManager: Un-granting permission android.permission.SYSTEM_ALERT_WINDOW from package in.mohalla.sharechat (protectionLevel=1250 flags=0x30d8be44)
07-03 22:07:01.196  1958  2022 I PackageManager: Un-granting permission android.permission.REQUEST_INSTALL_PACKAGES from package com.android.providers.downloads.ui (protectionLevel=66 flags=0x30c8be45)
07-03 22:07:01.196  1958  2022 I PackageManager: Un-granting permission android.permission.HIDE_NON_SYSTEM_OVERLAY_WINDOWS from package com.android.vending (protectionLevel=258 flags=0x28cabec5)
07-03 22:07:01.196  1958  2022 I PackageManager: Un-granting permission android.permission.SEND_DOWNLOAD_COMPLETED_INTENTS from package com.android.vending (protectionLevel=2 flags=0x28cabec5)
07-03 22:07:01.198  1958  2022 I PackageManager: Un-granting permission android.permission.SYSTEM_ALERT_WINDOW from package com.hecorat.screenrecorder.free (protectionLevel=1250 flags=0x20c8be44)
07-03 22:07:01.198  1958  2022 I PackageManager: Un-granting permission com.google.android.googleapps.permission.GOOGLE_AUTH.mail from package com.android.contacts (protectionLevel=2 flags=0x38c9be45)
07-03 22:07:01.199  1958  2022 I PackageManager: Un-granting permission android.permission.CHANGE_CONFIGURATION from package com.tiqiaa.remote (protectionLevel=50 flags=0x30c8be44)
07-03 22:07:01.199  1958  2022 I PackageManager: Un-granting permission android.permission.SET_DEBUG_APP from package com.tiqiaa.remote (protectionLevel=50 flags=0x30c8be44)
07-03 22:07:01.199  1958  2022 I PackageManager: Un-granting permission android.permission.WRITE_SETTINGS from package com.tiqiaa.remote (protectionLevel=1218 flags=0x30c8be44)
07-03 22:07:01.199  1958  2022 I PackageManager: Un-granting permission android.permission.DEVICE_POWER from package com.tiqiaa.remote (protectionLevel=2 flags=0x30c8be44)
07-03 22:07:01.199  1958  2022 I PackageManager: Un-granting permission com.android.launcher.permission.READ_SETTINGS from package com.tiqiaa.remote (protectionLevel=18 flags=0x30c8be44)
07-03 22:07:01.199  1958  2022 I PackageManager: Un-granting permission android.permission.INTERACT_ACROSS_USERS_FULL from package com.tiqiaa.remote (protectionLevel=258 flags=0x30c8be44)
07-03 22:07:01.199  1958  2022 I PackageManager: Un-granting permission android.permission.SYSTEM_ALERT_WINDOW from package com.tiqiaa.remote (protectionLevel=1250 flags=0x30c8be44)
07-03 22:07:01.199  1958  2022 I PackageManager: Un-granting permission android.permission.SEND_DOWNLOAD_COMPLETED_INTENTS from package com.tiqiaa.remote (protectionLevel=2 flags=0x30c8be44)
07-03 22:07:01.200  1958  2022 I PackageManager: Un-granting permission android.permission.DUMP from package com.digibites.accubattery (protectionLevel=50 flags=0x20c83e44)
07-03 22:07:01.200  1958  2022 I PackageManager: Un-granting permission android.permission.PACKAGE_USAGE_STATS from package com.digibites.accubattery (protectionLevel=114 flags=0x20c83e44)
07-03 22:07:01.200  1958  2022 I PackageManager: Un-granting permission android.permission.SYSTEM_ALERT_WINDOW from package com.digibites.accubattery (protectionLevel=1250 flags=0x20c83e44)
07-03 22:07:01.200  1958  2022 I PackageManager: Un-granting permission android.permission.START_ACTIVITIES_FROM_BACKGROUND from package com.android.mms (protectionLevel=49682 flags=0x38c9bee5)
07-03 22:07:01.200  1958  2022 I PackageManager: Un-granting permission com.xiaomi.simactivate.service.ACTIVATE_SIM from package com.android.mms (protectionLevel=2 flags=0x38c9bee5)
07-03 22:07:01.200  1958  2022 I PackageManager: Un-granting permission android.permission.WRITE_APN_SETTINGS from package com.android.mms (protectionLevel=18 flags=0x38c9bee5)
07-03 22:07:01.200  1958  2022 I PackageManager: Un-granting permission miui.permission.JOYOSE from package com.android.mms (protectionLevel=2 flags=0x38c9bee5)
07-03 22:07:01.200  1958  2022 I PackageManager: Un-granting permission com.miui.systemAdSolution.LOCAL_AD_PROVIDER from package com.android.mms (protectionLevel=2 flags=0x38c9bee5)
07-03 22:07:01.200  1958  2022 I PackageManager: Un-granting permission com.android.settings.permission.CLOUD_SETTINGS_PROVIDER from package com.android.mms (protectionLevel=18 flags=0x38c9bee5)
07-03 22:07:01.201  1958  2022 I PackageManager: Un-granting permission android.permission.ACCESS_DOWNLOAD_MANAGER frompackage com.microsoft.rdc.android (protectionLevel=18 flags=0x3098be44)
07-03 22:07:01.201  1958  2022 I PackageManager: Un-granting permission android.permission.REQUEST_INSTALL_PACKAGES from package com.apk.editor (protectionLevel=66 flags=0x20c8be44)
07-03 22:07:01.202  1958  2022 I PackageManager: Un-granting permission android.permission.REQUEST_INSTALL_PACKAGES from package com.google.android.gm (protectionLevel=66 flags=0x28dbbec5)
07-03 22:07:01.203  1958  2022 I PackageManager: Un-granting permission com.google.android.providers.gsf.permission.WRITE_GSERVICES from package com.google.android.apps.playconsole (protectionLevel=2 flags=0x2088be44)
07-03 22:07:01.204  1958  2022 I PackageManager: Un-granting permission android.permission.WRITE_SECURE_SETTINGS from package com.android.printspooler (protectionLevel=50 flags=0x38c8be45)
07-03 22:07:01.204  1958  2022 I PackageManager: Un-granting permission android.permission.CHANGE_CONFIGURATION from package com.duokan.phone.remotecontroller (protectionLevel=50 flags=0x20983e44)
07-03 22:07:01.204  1958  2022 I PackageManager: Un-granting permission android.permission.CAPTURE_AUDIO_OUTPUT from package com.duokan.phone.remotecontroller (protectionLevel=18 flags=0x20983e44)
07-03 22:07:01.204  1958  2022 I PackageManager: Un-granting permission com.xiaomi.permission.CLOUD_MANAGER from package com.duokan.phone.remotecontroller (protectionLevel=18 flags=0x20983e44)
07-03 22:07:01.204  1958  2022 I PackageManager: Un-granting permission com.android.launcher.permission.READ_SETTINGS from package com.duokan.phone.remotecontroller (protectionLevel=18 flags=0x20983e44)
07-03 22:07:01.204  1958  2022 I PackageManager: Un-granting permission android.permission.WRITE_SETTINGS from package com.duokan.phone.remotecontroller (protectionLevel=1218 flags=0x20983e44)
07-03 22:07:01.204  1958  2022 I PackageManager: Un-granting permission com.miui.securitycenter.permission.SYSTEM_PERMISSION_DECLARE from package com.duokan.phone.remotecontroller (protectionLevel=18 flags=0x20983e44)
07-03 22:07:01.204  1958  2022 I PackageManager: Un-granting permission android.permission.MOUNT_UNMOUNT_FILESYSTEMS from package com.duokan.phone.remotecontroller (protectionLevel=18 flags=0x20983e44)
07-03 22:07:01.205  1958  2022 I PackageManager: Un-granting permission android.permission.REAL_GET_TASKS from package com.google.android.apps.wellbeing (protectionLevel=18 flags=0x20cbbec5)
07-03 22:07:01.205  1958  2022 I PackageManager: Un-granting permission android.permission.START_TASKS_FROM_RECENTS from package com.google.android.apps.wellbeing (protectionLevel=18 flags=0x20cbbec5)
