07-03 21:56:10.831  1958  3901 I ActivityTaskManager: START u0 {act=android.intent.action.GET_CONTENT typ=image/* cmp=com.google.android.documentsui/com.android.documentsui.picker.PickActivity} from uid 10776
07-03 21:56:10.839 17956 17956 W ActivityThread: SCHED: com.BHG.gurbani/.UploadActivity [79, r=35ms, a=9ms, w=891ms]
07-03 21:56:10.842  1958  3851 I ActivityTaskManager: The Process com.google.android.documentsui Already Exists in BG. So sending its PID: 17752
07-03 21:56:10.847  1958  3851 I Timeline: Timeline: App_transition_ready time:122114235
07-03 21:56:10.898  1958  2066 E WindowManager: App trying to use insecure INPUT_FEATURE_NO_INPUT_CHANNEL flag. Ignoring
07-03 21:56:10.997  1958  2646 I Timeline: Timeline: App_transition_ready time:122114386
07-03 21:56:10.998  1958  2646 I Timeline: Timeline: App_transition_ready time:122114387
07-03 21:56:11.080  1958  1997 I Timeline: Timeline: App_transition_ready time:122114469
07-03 21:56:11.344  1958  1997 I Timeline: Timeline: Activity_windows_visible id: ActivityRecord{963a1b1 u0 com.google.android.documentsui/com.android.documentsui.picker.PickActivity t1694} time:122114733
07-03 21:56:11.346  1958  1997 I Timeline: Timeline: App_transition_stopped time:122114735
07-03 21:56:11.813 17752 17752 W ActivityThread: SCHED: com.google.android.documentsui/com.android.documentsui.picker.PickActivity [89, r=272ms, a=31ms, w=921ms]
07-03 21:56:11.819  1958  3851 I Timeline: Timeline: App_transition_ready time:122115207
07-03 21:56:11.824  1958  2066 I Timeline: Timeline: App_transition_ready time:122115213
07-03 21:56:11.870  1958  2646 I Timeline: Timeline: App_transition_ready time:122115258
07-03 21:56:11.894  1958  1997 I Timeline: Timeline: App_transition_ready time:122115283
07-03 21:56:12.151  1958  1997 I Timeline: Timeline: Activity_windows_visible id: ActivityRecord{2a19f0d u0 com.BHG.gurbani/.UploadActivity t1694} time:122115539
07-03 21:56:12.154  1958  1997 I Timeline: Timeline: App_transition_stopped time:122115542
07-03 21:56:13.449  1958  2646 I WindowManager: input method visible height changed 786
07-03 21:56:16.128  1958  5255 W BaseMiuiPhoneWindowManager: keyCode:4 down:true eventTime:122119514 downTime:122119514policyFlags:2b000002 flags:48 deviceId:-1 isScreenOn:true keyguardActive:false repeatCount:0
07-03 21:56:16.217  1958  5255 W BaseMiuiPhoneWindowManager: keyCode:4 down:false eventTime:122119605 downTime:122119514 policyFlags:2b000002 flags:48 deviceId:-1 isScreenOn:true keyguardActive:false repeatCount:0
07-03 21:56:16.242  1958  5255 I WindowManager: input method visible height changed 0
07-03 21:56:16.636  1958  5269 W BaseMiuiPhoneWindowManager: keyCode:4 down:true eventTime:122120024 downTime:122120024policyFlags:2b000002 flags:48 deviceId:-1 isScreenOn:true keyguardActive:false repeatCount:0
07-03 21:56:16.724  1958  2202 W BaseMiuiPhoneWindowManager: keyCode:4 down:false eventTime:122120112 downTime:122120024 policyFlags:2b000002 flags:48 deviceId:-1 isScreenOn:true keyguardActive:false repeatCount:0
07-03 21:56:16.732 17956 17956 W ActivityThread: SCHED: com.BHG.gurbani/.UploadActivity [76, r=107ms, a=32ms, w=4873ms]
07-03 21:56:16.739  1958  5255 I Timeline: Timeline: App_transition_ready time:122120128
07-03 21:56:16.756  1958  5255 I Timeline: Timeline: App_transition_ready time:122120145
07-03 21:56:16.773  1958  1997 I Timeline: Timeline: App_transition_ready time:122120162
07-03 21:56:17.037  1958  1997 I Timeline: Timeline: Activity_windows_visible id: ActivityRecord{8062c55 u0 com.BHG.gurbani/.MainActivity t1694} time:122120425
07-03 21:56:17.039  1958  1997 I Timeline: Timeline: App_transition_stopped time:122120427
07-03 21:56:18.540  1958  5255 E WindowManager: App trying to use insecure INPUT_FEATURE_NO_INPUT_CHANNEL flag. Ignoring
07-03 21:56:20.542  1958  2202 W NotificationService: Toast already killed. pkg=com.BHG.gurbani callback=android.app.ITransientNotification$Stub$Proxy@efee7f0
07-03 21:56:22.044  1958  1996 W WindowManager: Unable to start animation, surface is null or no children.
07-03 21:56:22.244 17956 17956 I Timeline: Timeline: Activity_launch_request time:122125633
07-03 21:56:22.245  1958  2202 I ActivityTaskManager: START u0 {cmp=com.BHG.gurbani/.UploadActivity} from uid 10776
07-03 21:56:22.254 17956 17956 W ActivityThread: SCHED: com.BHG.gurbani/.MainActivity [82, r=343ms, a=71ms, w=5509ms]
07-03 21:56:22.256  1958  4522 I ActivityTaskManager: The Process com.BHG.gurbani Already Exists in BG. So sending its PID: 17956
07-03 21:56:22.259  1958  4522 I Timeline: Timeline: App_transition_ready time:122125647
07-03 21:56:22.288  1958  2202 E WindowManager: App trying to use insecure INPUT_FEATURE_NO_INPUT_CHANNEL flag. Ignoring
07-03 21:56:22.297  1958  2202 I Timeline: Timeline: App_transition_ready time:122125685
07-03 21:56:22.298  1958  2202 I Timeline: Timeline: App_transition_ready time:122125686
07-03 21:56:22.319  1958  1997 I Timeline: Timeline: App_transition_ready time:122125707
07-03 21:56:22.571  1958  1997 I Timeline: Timeline: Activity_windows_visible id: ActivityRecord{a02931c u0 com.BHG.gurbani/.UploadActivity t1694} time:122125959
07-03 21:56:22.573  1958  1997 I Timeline: Timeline: App_transition_stopped time:122125961
07-03 21:56:26.826  1958  2202 I ActivityManager: Killing 16634:com.android.keychain/1000 (adj 945): empty #17
07-03 21:56:26.828  1958  2202 I ActivityManager: Killing 8838:com.miui.securitycenter/1000 (adj 955): empty #18
07-03 21:56:26.877  1958  1996 W ActivityManager: setHasOverlayUi called on unknown pid: 8838
07-03 21:56:28.854 17956 17956 I Timeline: Timeline: Activity_launch_request time:122132242
07-03 21:56:28.855  1958  5269 I ActivityTaskManager: START u0 {act=android.intent.action.GET_CONTENT typ=image/* cmp=com.google.android.documentsui/com.android.documentsui.picker.PickActivity} from uid 10776
07-03 21:56:28.866 17956 17956 W ActivityThread: SCHED: com.BHG.gurbani/.UploadActivity [76, r=33ms, a=10ms, w=6580ms]
07-03 21:56:28.868  1958  2066 I ActivityTaskManager: The Process com.google.android.documentsui Already Exists in BG. So sending its PID: 17752
07-03 21:56:28.875  1958  2066 I Timeline: Timeline: App_transition_ready time:122132263
07-03 21:56:28.939  1958  5269 E WindowManager: App trying to use insecure INPUT_FEATURE_NO_INPUT_CHANNEL flag. Ignoring
07-03 21:56:29.040  1958  4807 I Timeline: Timeline: App_transition_ready time:122132429
07-03 21:56:29.042  1958  4807 I Timeline: Timeline: App_transition_ready time:122132431
07-03 21:56:29.123  1958  1997 I Timeline: Timeline: App_transition_ready time:122132512
07-03 21:56:29.390  1958  1997 I Timeline: Timeline: Activity_windows_visible id: ActivityRecord{504db02 u0 com.google.android.documentsui/com.android.documentsui.picker.PickActivity t1694} time:122132778
07-03 21:56:29.393  1958  1997 I Timeline: Timeline: App_transition_stopped time:122132781
07-03 21:56:30.683 17752 17752 W ActivityThread: SCHED: com.google.android.documentsui/com.android.documentsui.picker.PickActivity [87, r=275ms, a=40ms, w=1748ms]
07-03 21:56:30.693  1958  4807 I Timeline: Timeline: App_transition_ready time:122134081
07-03 21:56:30.697  1958  5269 I Timeline: Timeline: App_transition_ready time:122134086
07-03 21:56:31.537  1958  1958 W WindowManager: removeWindowToken: Attempted to remove non-existing token: android.os.Binder@7ed7154
07-03 21:56:32.541  1958  2066 I Timeline: Timeline: App_transition_ready time:122135930
07-03 21:56:33.093 17956 17956 W Activity: Slow Operation: Activity com.BHG.gurbani/.UploadActivity onActivityResult took 2395ms
07-03 21:56:33.100 17956 17956 W Looper  : Slow Looper main: Long Msg: seq=748 plan=21:56:30.687  late=11ms wall=2401msrunning=2256ms runnable=5ms h=android.app.ActivityThread$H w=159
07-03 21:56:33.115  1958  2348 I Timeline: Timeline: App_transition_ready time:122136504
07-03 21:56:33.161 17956 17956 E AndroidRuntime: FATAL EXCEPTION: main
07-03 21:56:33.161 17956 17956 E AndroidRuntime: Process: com.BHG.gurbani, PID: 17956
07-03 21:56:33.161 17956 17956 E AndroidRuntime: java.lang.RuntimeException: Canvas: trying to draw too large(192000000bytes) bitmap.
07-03 21:56:33.161 17956 17956 E AndroidRuntime:        at android.graphics.RecordingCanvas.throwIfCannotDraw(RecordingCanvas.java:280)
07-03 21:56:33.161 17956 17956 E AndroidRuntime:        at android.graphics.BaseRecordingCanvas.drawBitmap(BaseRecordingCanvas.java:88)
07-03 21:56:33.161 17956 17956 E AndroidRuntime:        at android.graphics.drawable.BitmapDrawable.draw(BitmapDrawable.java:548)
07-03 21:56:33.161 17956 17956 E AndroidRuntime:        at android.widget.ImageView.onDraw(ImageView.java:1434)
07-03 21:56:33.161 17956 17956 E AndroidRuntime:        at android.view.View.draw(View.java:21551)
07-03 21:56:33.161 17956 17956 E AndroidRuntime:        at android.view.View.updateDisplayListIfDirty(View.java:20420)
07-03 21:56:33.161 17956 17956 E AndroidRuntime:        at android.view.View.draw(View.java:21280)
07-03 21:56:33.161 17956 17956 E AndroidRuntime:        at android.view.ViewGroup.drawChild(ViewGroup.java:4417)
07-03 21:56:33.161 17956 17956 E AndroidRuntime:        at android.view.ViewGroup.dispatchDraw(ViewGroup.java:4177)
07-03 21:56:33.161 17956 17956 E AndroidRuntime:        at android.view.View.draw(View.java:21554)
07-03 21:56:33.161 17956 17956 E AndroidRuntime:        at android.view.View.updateDisplayListIfDirty(View.java:20420)
07-03 21:56:33.161 17956 17956 E AndroidRuntime:        at android.view.View.draw(View.java:21280)
07-03 21:56:33.161 17956 17956 E AndroidRuntime:        at android.view.ViewGroup.drawChild(ViewGroup.java:4417)
07-03 21:56:33.161 17956 17956 E AndroidRuntime:        at android.view.ViewGroup.dispatchDraw(ViewGroup.java:4177)
07-03 21:56:33.161 17956 17956 E AndroidRuntime:        at android.view.View.updateDisplayListIfDirty(View.java:20411)
07-03 21:56:33.161 17956 17956 E AndroidRuntime:        at android.view.View.draw(View.java:21280)
07-03 21:56:33.161 17956 17956 E AndroidRuntime:        at android.view.ViewGroup.drawChild(ViewGroup.java:4417)
07-03 21:56:33.161 17956 17956 E AndroidRuntime:        at android.view.ViewGroup.dispatchDraw(ViewGroup.java:4177)
07-03 21:56:33.161 17956 17956 E AndroidRuntime:        at android.view.View.updateDisplayListIfDirty(View.java:20411)
07-03 21:56:33.161 17956 17956 E AndroidRuntime:        at android.view.View.draw(View.java:21280)
07-03 21:56:33.161 17956 17956 E AndroidRuntime:        at android.view.ViewGroup.drawChild(ViewGroup.java:4417)
07-03 21:56:33.161 17956 17956 E AndroidRuntime:        at android.view.ViewGroup.dispatchDraw(ViewGroup.java:4177)
07-03 21:56:33.161 17956 17956 E AndroidRuntime:        at android.view.View.updateDisplayListIfDirty(View.java:20411)
07-03 21:56:33.161 17956 17956 E AndroidRuntime:        at android.view.View.draw(View.java:21280)
07-03 21:56:33.161 17956 17956 E AndroidRuntime:        at android.view.ViewGroup.drawChild(ViewGroup.java:4417)
07-03 21:56:33.161 17956 17956 E AndroidRuntime:        at android.view.ViewGroup.dispatchDraw(ViewGroup.java:4177)
07-03 21:56:33.161 17956 17956 E AndroidRuntime:        at android.view.View.updateDisplayListIfDirty(View.java:20411)
07-03 21:56:33.161 17956 17956 E AndroidRuntime:        at android.view.View.draw(View.java:21280)
07-03 21:56:33.161 17956 17956 E AndroidRuntime:        at android.view.ViewGroup.drawChild(ViewGroup.java:4417)
07-03 21:56:33.161 17956 17956 E AndroidRuntime:        at android.view.ViewGroup.dispatchDraw(ViewGroup.java:4177)
07-03 21:56:33.161 17956 17956 E AndroidRuntime:        at android.view.View.draw(View.java:21554)
07-03 21:56:33.161 17956 17956 E AndroidRuntime:        at com.android.internal.policy.DecorView.draw(DecorView.java:842)
07-03 21:56:33.161 17956 17956 E AndroidRuntime:        at android.view.View.updateDisplayListIfDirty(View.java:20420)
07-03 21:56:33.161 17956 17956 E AndroidRuntime:        at android.view.ThreadedRenderer.updateViewTreeDisplayList(ThreadedRenderer.java:575)
07-03 21:56:33.161 17956 17956 E AndroidRuntime:        at android.view.ThreadedRenderer.updateRootDisplayList(ThreadedRenderer.java:581)
07-03 21:56:33.161 17956 17956 E AndroidRuntime:        at android.view.ThreadedRenderer.draw(ThreadedRenderer.java:654)
07-03 21:56:33.161 17956 17956 E AndroidRuntime:        at android.view.ViewRootImpl.draw(ViewRootImpl.java:3715)
07-03 21:56:33.161 17956 17956 E AndroidRuntime:        at android.view.ViewRootImpl.performDraw(ViewRootImpl.java:3510)
07-03 21:56:33.161 17956 17956 E AndroidRuntime:        at android.view.ViewRootImpl.performTraversals(ViewRootImpl.java:2847)
07-03 21:56:33.161 17956 17956 E AndroidRuntime:        at android.view.ViewRootImpl.doTraversal(ViewRootImpl.java:1800)
07-03 21:56:33.161 17956 17956 E AndroidRuntime:        at android.view.ViewRootImpl$TraversalRunnable.run(ViewRootImpl.java:7762)
07-03 21:56:33.161 17956 17956 E AndroidRuntime:        at android.view.Choreographer$CallbackRecord.run(Choreographer.java:1031)
07-03 21:56:33.161 17956 17956 E AndroidRuntime:        at android.view.Choreographer.doCallbacks(Choreographer.java:854)
07-03 21:56:33.161 17956 17956 E AndroidRuntime:        at android.view.Choreographer.doFrame(Choreographer.java:789)
07-03 21:56:33.161 17956 17956 E AndroidRuntime:        at android.view.Choreographer$FrameDisplayEventReceiver.run(Choreographer.java:1016)
07-03 21:56:33.161 17956 17956 E AndroidRuntime:        at android.os.Handler.handleCallback(Handler.java:883)
07-03 21:56:33.161 17956 17956 E AndroidRuntime:        at android.os.Handler.dispatchMessage(Handler.java:100)
07-03 21:56:33.161 17956 17956 E AndroidRuntime:        at android.os.Looper.loop(Looper.java:224)
07-03 21:56:33.161 17956 17956 E AndroidRuntime:        at android.app.ActivityThread.main(ActivityThread.java:7592)
07-03 21:56:33.161 17956 17956 E AndroidRuntime:        at java.lang.reflect.Method.invoke(Native Method)
07-03 21:56:33.161 17956 17956 E AndroidRuntime:        at com.android.internal.os.RuntimeInit$MethodAndArgsCaller.run(RuntimeInit.java:539)
07-03 21:56:33.161 17956 17956 E AndroidRuntime:        at com.android.internal.os.ZygoteInit.main(ZygoteInit.java:950)
07-03 21:56:33.171  1958  2348 W ActivityTaskManager:   Force finishing activity com.BHG.gurbani/.UploadActivity
07-03 21:56:33.175  1958 18210 I DropBoxManagerService: add tag=data_app_crash isTagEnabled=true flags=0x2
07-03 21:56:33.178  1958  2010 W BroadcastQueue: Background execution not allowed: receiving Intent { act=android.intent.action.DROPBOX_ENTRY_ADDED flg=0x10 (has extras) } to com.google.android.gms/.stats.service.DropBoxEntryAddedReceiver
07-03 21:56:33.294  1958  4692 I ActivityManager: Process com.BHG.gurbani (pid 17956) has died: fore TOP
07-03 21:56:33.296  1958  5255 I WindowManager: WIN DEATH: Window{f385687 u0 com.BHG.gurbani/com.BHG.gurbani.UploadActivity}
07-03 21:56:33.303  1958  3901 I WindowManager: WIN DEATH: Window{93d5829 u0 com.BHG.gurbani/com.BHG.gurbani.MainActivity}
07-03 21:56:33.317  1958  1996 W ActivityManager: setHasOverlayUi called on unknown pid: 17956
07-03 21:56:33.363  1958  2011 I ActivityManager: Start proc 18215:com.BHG.gurbani/u0a776 for activity {com.BHG.gurbani/com.BHG.gurbani.MainActivity} caller=com.BHG.gurbani
07-03 21:56:33.383  1958  1997 I Timeline: Timeline: App_transition_ready time:122136772
07-03 21:56:33.383  1958  1997 I Timeline: Timeline: App_transition_stopped time:122136772
07-03 21:56:33.672  1958  1996 W ActivityTaskManager: Activity top resumed state loss timeout for ActivityRecord{a02931c u0 com.BHG.gurbani/.UploadActivity t-1 f}
07-03 21:56:33.693  1958  4807 E WindowManager: App trying to use insecure INPUT_FEATURE_NO_INPUT_CHANNEL flag. Ignoring
07-03 21:56:33.754  1958  1997 I Timeline: Timeline: Activity_windows_visible id: ActivityRecord{8062c55 u0 com.BHG.gurbani/.MainActivity t1694} time:122137142
07-03 21:56:36.618  1958  2202 W BaseMiuiPhoneWindowManager: keyCode:82 down:true eventTime:122140006 downTime:122140006 policyFlags:2b000002 flags:48 deviceId:-1 isScreenOn:true keyguardActive:false repeatCount:0
07-03 21:56:36.706  1958  2202 W BaseMiuiPhoneWindowManager: keyCode:82 down:false eventTime:122140094 downTime:122140006 policyFlags:2b000002 flags:48 deviceId:-1 isScreenOn:true keyguardActive:false repeatCount:0
07-03 21:56:36.770  1958  1996 W WindowManager: setLauncherState= 2
07-03 21:56:36.795 25324 25324 I Timeline: Timeline: Activity_launch_request time:122140184
07-03 21:56:36.797  1958  2202 I ActivityTaskManager: START u0 {act=android.intent.action.MAIN cat=[android.intent.category.HOME] flg=0x10000000 cmp=com.miui.home/.launcher.Launcher (has extras)} from uid 10094
07-03 21:56:36.806  1958  2202 I Timeline: Timeline: App_transition_ready time:122140194
07-03 21:56:36.808 18215 18215 W ActivityThread: SCHED: com.BHG.gurbani/.MainActivity [82, r=221ms, a=46ms, w=3125ms]
07-03 21:56:36.809  1958  1997 I Timeline: Timeline: App_transition_ready time:122140197
07-03 21:56:36.811  1958  4692 I Timeline: Timeline: App_transition_ready time:122140199
07-03 21:56:36.813  1958  4807 I Timeline: Timeline: App_transition_ready time:122140202
07-03 21:56:36.859  1958  3132 I Timeline: Timeline: App_transition_ready time:122140247
07-03 21:56:36.903  1958  1997 I Timeline: Timeline: App_transition_ready time:122140292
07-03 21:56:37.243  1958  4692 I Timeline: Timeline: Activity_windows_visible id: ActivityRecord{ddb1799 u0 com.miui.home/.launcher.Launcher t1} time:122140631
07-03 21:56:37.247  1958  1997 I Timeline: Timeline: App_transition_stopped time:122140635
07-03 21:56:37.431  1958  3132 I ProcessManager: Kill reason OneKeyClean from pid=25324
07-03 21:56:37.457  1958  3132 I ProcessManager: mLruProcesses size=58
07-03 21:56:37.460  1958  3132 I ProcessManager: OneKeyClean: kill com.google.android.documentsui Adj=805 State=20
07-03 21:56:37.461  1958  3132 I ActivityManager: Killing 17752:com.google.android.documentsui/u0a66 (adj 805): OneKeyClean
07-03 21:56:37.463  1958  3132 I ProcessManager: OneKeyClean: kill com.android.vending Adj=815 State=20
07-03 21:56:37.464  1958  3132 I ActivityManager: Killing 16096:com.android.vending/u0a175 (adj 815): OneKeyClean
07-03 21:56:37.466  1958  3132 I ProcessManager: OneKeyClean: kill com.google.process.gservices Adj=825 State=20
07-03 21:56:37.466  1958  3132 I ActivityManager: Killing 15929:com.google.process.gservices/u0a185 (adj 825): OneKeyClean
07-03 21:56:37.467  1958  3132 I ProcessManager: OneKeyClean: kill com.google.android.apps.docs Adj=835 State=20
07-03 21:56:37.467  1958  3132 I ActivityManager: Killing 17783:com.google.android.apps.docs/u0a221 (adj 835): OneKeyClean
07-03 21:56:37.470  1958  3132 I ProcessManager: OneKeyClean: kill com.google.android.apps.wellbeing Adj=855 State=20
07-03 21:56:37.470  1958  3132 I ActivityManager: Killing 16436:com.google.android.apps.wellbeing/u0a189 (adj 855): OneKeyClean
07-03 21:56:37.471  1958  3132 I ProcessManager: OneKeyClean: kill com.google.android.webview:webview_service Adj=865 State=20
07-03 21:56:37.471  1958  3132 I ActivityManager: Killing 17396:com.google.android.webview:webview_service/u0a192 (adj 865): OneKeyClean
07-03 21:56:37.472  1958  3132 I ProcessManager: OneKeyClean: kill com.google.android.webview:sandboxed_process0:org.chromium.content.app.SandboxedProcessService0:0 Adj=875 State=20
07-03 21:56:37.473  1958  3132 I ActivityManager: Killing 17340:com.google.android.webview:sandboxed_process0:org.chromium.content.app.SandboxedProcessService0:0/u0a162i299 (adj 875): OneKeyClean
07-03 21:56:37.473  1958  3132 I ProcessManager: OneKeyClean: kill com.xiaomi.mipicks Adj=885 State=20
07-03 21:56:37.474  1958  3132 I ActivityManager: Killing 16724:com.xiaomi.mipicks/u0a127 (adj 885): OneKeyClean
07-03 21:56:37.475  1958  3132 I ProcessManager: OneKeyClean: kill com.miui.analytics Adj=885 State=20
07-03 21:56:37.475  1958  3132 I ActivityManager: Killing 17030:com.miui.analytics/u0a105 (adj 885): OneKeyClean
07-03 21:56:37.476  1958  3132 I ProcessManager: OneKeyClean: kill com.google.android.partnersetup Adj=895 State=20
07-03 21:56:37.476  1958  3132 I ActivityManager: Killing 16749:com.google.android.partnersetup/u0a180 (adj 895): OneKeyClean
07-03 21:56:37.477  1958  3132 I ProcessManager: OneKeyClean: kill com.android.chrome Adj=905 State=20
07-03 21:56:37.478  1958  3132 I ActivityManager: Killing 16000:com.android.chrome/u0a193 (adj 905): OneKeyClean
07-03 21:56:37.479  1958  3132 I ProcessManager: OneKeyClean: kill com.google.process.gapps Adj=915 State=20
07-03 21:56:37.479  1958  3132 I ActivityManager: Killing 16242:com.google.process.gapps/u0a185 (adj 915): OneKeyClean
07-03 21:56:37.480  1958  3132 I ProcessManager: OneKeyClean: kill com.android.chrome:privileged_process0 Adj=905 State=20
07-03 21:56:37.480  1958  3132 I ActivityManager: Killing 16077:com.android.chrome:privileged_process0/u0a193 (adj 905): OneKeyClean
07-03 21:56:37.481  1958  3132 I ProcessManager: OneKeyClean: kill com.miui.msa.global Adj=100 State=9
07-03 21:56:37.481  1958  3132 I ActivityManager: Killing 15139:com.miui.msa.global/u0a123 (adj 100): OneKeyClean
07-03 21:56:37.482  1958  3132 I ProcessManager: OneKeyClean: kill com.miui.global.packageinstaller Adj=925 State=20
07-03 21:56:37.483  1958  3132 I ActivityManager: Killing 16655:com.miui.global.packageinstaller/u0a162 (adj 925): OneKeyClean
07-03 21:56:37.484  1958  3132 I ProcessManager: OneKeyClean: kill com.android.vending:background Adj=935 State=20
07-03 21:56:37.484  1958  3132 I ActivityManager: Killing 16289:com.android.vending:background/u0a175 (adj 935): OneKeyClean
07-03 21:56:37.485  1958  3132 I ProcessManager: OneKeyClean: kill com.miui.guardprovider Adj=100 State=5
07-03 21:56:37.485  1958  3132 I ActivityManager: Killing 16600:com.miui.guardprovider/u0a115 (adj 100): OneKeyClean
07-03 21:56:37.487  1958  3132 I ProcessManager: OneKeyClean: kill com.android.settings:remote Adj=500 State=11
07-03 21:56:37.487  1958  3132 I ActivityManager: Killing 16366:com.android.settings:remote/1000 (adj 500): OneKeyClean
07-03 21:56:37.488  1958  3132 I ProcessManager: OneKeyClean: kill com.qualcomm.qti.workloadclassifier Adj=500 State=11
07-03 21:56:37.488  1958  3132 I ActivityManager: Killing 15846:com.qualcomm.qti.workloadclassifier/1000 (adj 500): OneKeyClean
07-03 21:56:37.489  1958  3132 I ProcessManager: OneKeyClean: kill com.qti.diagservices Adj=800 State=11
07-03 21:56:37.490  1958  3132 I ActivityManager: Killing 15821:com.qti.diagservices/1000 (adj 800): OneKeyClean
07-03 21:56:37.491  1958  3132 I ProcessManager: OneKeyClean: kill com.qualcomm.telephony Adj=800 State=11
07-03 21:56:37.491  1958  3132 I ActivityManager: Killing 15796:com.qualcomm.telephony/u0a195 (adj 800): OneKeyClean
07-03 21:56:37.492  1958  3132 I ProcessManager: OneKeyClean: kill com.android.smspush Adj=100 State=7
07-03 21:56:37.492  1958  3132 I ActivityManager: Killing 15343:com.android.smspush/u0a155 (adj 100): OneKeyClean
07-03 21:56:37.549  1958  1996 W ActivityManager: setHasOverlayUi called on unknown pid: 17752
07-03 21:56:37.553  1958  2645 W ActivityManager: Scheduling restart of crashed service com.miui.global.packageinstaller/org.chromium.content.app.SandboxedProcessService0:0 in 1000ms
07-03 21:56:37.572  1958  2645 W ActivityManager: Scheduling restart of crashed service com.miui.analytics/.onetrack.OneTrackService in 10981ms
07-03 21:56:37.581  1958  5270 W ActivityManager: Scheduling restart of crashed service com.android.chrome/org.chromium.content.app.PrivilegedProcessService0 in 20973ms
07-03 21:56:37.585  1958  5271 I AutoStartManagerService: MIUILOG- Reject RestartService packageName :com.miui.guardprovider uid : 10115
07-03 21:56:37.588  1958  2351 W ActivityManager: Scheduling restart of crashed service com.qti.diagservices/.QTIDiagServices in 30966ms
07-03 21:56:37.597  1958  5271 W ActivityManager: Scheduling restart of crashed service com.qualcomm.qti.workloadclassifier/.WLCService in 40956ms
07-03 21:56:37.600  1958  2360 W ActivityManager: Scheduling restart of crashed service com.android.smspush/.WapPushManager in 50953ms
07-03 21:56:37.604  1958  2351 W ActivityManager: Scheduling restart of crashed service com.qualcomm.atfwd/.AtFwdService in 60949ms
07-03 21:56:37.621  1958  5255 W ActivityManager: Scheduling restart of crashed service com.android.settings/.dangerousoptions.DangerousOptionsWarningService in 70933ms
07-03 21:56:37.643  1958  4807 W ActivityManager: Scheduling restart of crashed service com.android.vending/com.google.android.finsky.setup.dse.impl.DseService in 80910ms
07-03 21:56:37.691  1958  1958 W ActivityManager: Exception when unbinding service com.miui.msa.global/com.miui.systemAdSolution.splashscreen.SplashScreenService
07-03 21:56:37.691  1958  1958 W ActivityManager: android.os.DeadObjectException
07-03 21:56:37.691  1958  1958 W ActivityManager:       at android.os.BinderProxy.transactNative(Native Method)
07-03 21:56:37.691  1958  1958 W ActivityManager:       at android.os.BinderProxy.transact(BinderProxy.java:511)
07-03 21:56:37.691  1958  1958 W ActivityManager:       at android.app.IApplicationThread$Stub$Proxy.scheduleUnbindService(IApplicationThread.java:1627)
07-03 21:56:37.691  1958  1958 W ActivityManager:       at com.android.server.am.ActiveServices.removeConnectionLocked(ActiveServices.java:3440)
07-03 21:56:37.691  1958  1958 W ActivityManager:       at com.android.server.am.ActiveServices.unbindServiceLocked(ActiveServices.java:2091)
07-03 21:56:37.691  1958  1958 W ActivityManager:       at com.android.server.am.ActivityManagerService.unbindService(ActivityManagerService.java:14480)
07-03 21:56:37.691  1958  1958 W ActivityManager:       at android.app.ContextImpl.unbindService(ContextImpl.java:1789)
07-03 21:56:37.691  1958  1958 W ActivityManager:       at com.miui.server.SplashScreenServiceDelegate$2.onServiceDisconnected(SplashScreenServiceDelegate.java:185)
07-03 21:56:37.691  1958  1958 W ActivityManager:       at android.app.LoadedApk$ServiceDispatcher.doDeath(LoadedApk.java:1977)
07-03 21:56:37.691  1958  1958 W ActivityManager:       at android.app.LoadedApk$ServiceDispatcher$RunConnection.run(LoadedApk.java:1992)
07-03 21:56:37.691  1958  1958 W ActivityManager:       at android.os.Handler.handleCallback(Handler.java:883)
07-03 21:56:37.691  1958  1958 W ActivityManager:       at android.os.Handler.dispatchMessage(Handler.java:100)
07-03 21:56:37.691  1958  1958 W ActivityManager:       at android.os.Looper.loop(Looper.java:224)
07-03 21:56:37.691  1958  1958 W ActivityManager:       at com.android.server.SystemServer.run(SystemServer.java:563)
07-03 21:56:37.691  1958  1958 W ActivityManager:       at com.android.server.SystemServer.main(SystemServer.java:367)
07-03 21:56:37.691  1958  1958 W ActivityManager:       at java.lang.reflect.Method.invoke(Native Method)
07-03 21:56:37.691  1958  1958 W ActivityManager:       at com.android.internal.os.RuntimeInit$MethodAndArgsCaller.run(RuntimeInit.java:539)
07-03 21:56:37.691  1958  1958 W ActivityManager:       at com.android.internal.os.ZygoteInit.main(ZygoteInit.java:928)
07-03 21:56:37.695  1958  4692 W ActivityManager: Scheduling restart of crashed service com.miui.msa.global/com.zeus.gmc.sdk.mobileads.msa.odi.service.OnDeviceIntelligenceService in 90858ms
07-03 21:56:37.776 25324 25324 W ActivityThread: SCHED: com.miui.home/.launcher.Launcher [70, r=60ms, a=25ms, w=938ms]
07-03 21:56:37.782  1958  2360 I Timeline: Timeline: App_transition_ready time:122141171
07-03 21:56:37.792  1958  1997 I Timeline: Timeline: App_transition_ready time:122141181
07-03 21:56:38.069  1958  3132 E WindowManager: App trying to use insecure INPUT_FEATURE_NO_INPUT_CHANNEL flag. Ignoring
07-03 21:56:38.211  1958  3132 I Timeline: Timeline: Activity_windows_visible id: ActivityRecord{8062c55 u0 com.BHG.gurbani/.MainActivity t1694} time:122141599
07-03 21:56:38.217  1958  1997 I Timeline: Timeline: App_transition_stopped time:122141605
07-03 21:56:38.223  1958  1996 W WindowManager: setLauncherState= 1
07-03 21:56:38.993  1958  3132 W BaseMiuiPhoneWindowManager: keyCode:3 down:true eventTime:122142381 downTime:122142381policyFlags:2b000002 flags:48 deviceId:-1 isScreenOn:true keyguardActive:false repeatCount:0
07-03 21:56:39.088  1958  3132 W BaseMiuiPhoneWindowManager: keyCode:3 down:false eventTime:122142477 downTime:122142381 policyFlags:2b000002 flags:48 deviceId:-1 isScreenOn:true keyguardActive:false repeatCount:0
07-03 21:56:39.094  1958  2089 I ActivityTaskManager: START u0 {act=android.intent.action.MAIN cat=[android.intent.category.HOME] flg=0x10000100 cmp=com.miui.home/.launcher.Launcher (has extras)} from uid 0
07-03 21:56:39.110  1958  2089 I Timeline: Timeline: App_transition_ready time:122142499
07-03 21:56:39.112 18215 18215 W ActivityThread: SCHED: com.BHG.gurbani/.MainActivity [70, r=41ms, a=17ms, w=1302ms]
07-03 21:56:39.112  1958  5271 I Timeline: Timeline: App_transition_ready time:122142501
07-03 21:56:39.117  1958  1997 I Timeline: Timeline: App_transition_ready time:122142506
07-03 21:56:39.119  1958  2360 I Timeline: Timeline: App_transition_ready time:122142507
07-03 21:56:39.140  1958  5271 I Timeline: Timeline: App_transition_ready time:122142529
07-03 21:56:39.144  1958  1997 I Timeline: Timeline: App_transition_ready time:122142533
07-03 21:56:39.179  1958  1997 I Timeline: Timeline: App_transition_ready time:122142568
07-03 21:56:39.308  1958  5271 W BaseMiuiPhoneWindowManager: keyCode:82 down:true eventTime:122142696 downTime:122142696 policyFlags:2b000002 flags:48 deviceId:-1 isScreenOn:true keyguardActive:false repeatCount:0
07-03 21:56:39.405  1958  4692 W BaseMiuiPhoneWindowManager: keyCode:82 down:false eventTime:122142793 downTime:122142696 policyFlags:2b000002 flags:48 deviceId:-1 isScreenOn:true keyguardActive:false repeatCount:0
07-03 21:56:39.417  1958  5271 I Timeline: Timeline: Activity_windows_visible id: ActivityRecord{ddb1799 u0 com.miui.home/.launcher.Launcher t1} time:122142806
07-03 21:56:39.420  1958  1997 I Timeline: Timeline: App_transition_stopped time:122142808
07-03 21:56:39.438  1958  1996 W WindowManager: setLauncherState= 2
07-03 21:56:39.776  1958  5271 I ProcessManager: Kill reason OneKeyClean from pid=25324
07-03 21:56:39.784  1958  5271 I ProcessManager: mLruProcesses size=36
07-03 21:56:39.785  1958  5271 I ProcessManager: OneKeyClean: kill com.BHG.gurbani Adj=805 State=20
07-03 21:56:39.786  1958  5271 I ActivityManager: Killing 18215:com.BHG.gurbani/u0a776 (adj 805): OneKeyClean
07-03 21:56:39.852  1958  4526 I WindowManager: WIN DEATH: Window{704cc0f u0 com.BHG.gurbani/com.BHG.gurbani.MainActivity}
07-03 21:56:39.865  1958  1996 W ActivityManager: setHasOverlayUi called on unknown pid: 18215
07-03 21:56:40.075  1958  1996 W WindowManager: setLauncherState= 1
07-03 21:56:40.080  1958  4526 W NotificationService: Toast already killed. pkg=com.miui.home callback=android.app.ITransientNotification$Stub$Proxy@716439e
07-03 21:56:40.370  1958  2348 E WindowManager: App trying to use insecure INPUT_FEATURE_NO_INPUT_CHANNEL flag. Ignoring
07-03 21:56:41.573  1958  1996 W WindowManager: Unable to start animation, surface is null or no children.
07-03 21:56:42.380  1958  2348 W NotificationService: Toast already killed. pkg=com.miui.home callback=android.app.ITransientNotification$Stub$Proxy@aaa9b26
07-03 21:56:43.395  1958  2011 I ActivityManager: Start proc 18301:com.google.process.gservices/u0a185 for content provider {com.google.android.gsf/com.google.android.gsf.gservices.GservicesProvider} caller=com.google.android.googlequicksearchbox
07-03 21:56:43.600 16699 17209 W BpBinder: Slow Binder: BpBinder transact took 232ms, interface=android.app.IActivityManager, code=20 oneway=false
07-03 21:56:43.873  1958  1996 W WindowManager: Unable to start animation, surface is null or no children.
07-03 21:56:51.077  1958  1958 W WindowManager: removeWindowToken: Attempted to remove non-existing token: android.os.Binder@5edb353
07-03 21:56:53.376  1958  1958 W WindowManager: removeWindowToken: Attempted to remove non-existing token: android.os.Binder@41efbaa
07-03 21:56:55.886 25324 25324 I Timeline: Timeline: Activity_launch_request time:122159274
07-03 21:56:55.887  1958  3853 I ActivityTaskManager: START u0 {act=android.intent.action.MAIN cat=[android.intent.category.LAUNCHER] flg=0x10200000 cmp=com.BHG.gurbani/.SplashActivity bnds=[581,760][757,936] (has extras)} from uid 10094
07-03 21:56:55.912 25324 25324 W ActivityThread: SCHED: com.miui.home/.launcher.Launcher [67, r=115ms, a=56ms, w=16783ms]
07-03 21:56:55.968  1958  2011 I ActivityManager: Start proc 18331:com.BHG.gurbani/u0a776 for activity {com.BHG.gurbani/com.BHG.gurbani.SplashActivity} caller=com.miui.home
07-03 21:56:55.995  1958  1997 I Timeline: Timeline: App_transition_ready time:122159384
07-03 21:56:56.185  1958  1997 I Timeline: Timeline: App_transition_stopped time:122159573
07-03 21:56:56.238  1958  2348 E WindowManager: App trying to use insecure INPUT_FEATURE_NO_INPUT_CHANNEL flag. Ignoring
07-03 21:56:56.280  1958  1997 I Timeline: Timeline: Activity_windows_visible id: ActivityRecord{bab942d u0 com.BHG.gurbani/.SplashActivity t1695} time:122159668
07-03 21:56:57.716  1958  2011 I ActivityManager: Start proc 18373:com.miui.msa.global/u0a123 for service {com.miui.msa.global/com.miui.systemAdSolution.splashscreen.SplashScreenService} caller=android
07-03 21:56:59.228 18331 18331 I Timeline: Timeline: Activity_launch_request time:122162617
07-03 21:56:59.230  1958  3853 I ActivityTaskManager: START u0 {cmp=com.BHG.gurbani/.AuthActivity} from uid 10776
07-03 21:56:59.245 18331 18331 W ActivityThread: SCHED: com.BHG.gurbani/.SplashActivity [73, r=19ms, a=7ms, w=3016ms]
07-03 21:56:59.250  1958  2348 I ActivityTaskManager: The Process com.BHG.gurbani Already Exists in BG. So sending its PID: 18331
07-03 21:56:59.257  1958  2348 I Timeline: Timeline: App_transition_ready time:122162645
07-03 21:56:59.423  1958  3132 W ActivityManager: Receiver with filter android.content.IntentFilter@7a111b7 already registered for pid 18373, callerPackage is com.miui.msa.global
07-03 21:56:59.426  1958  3132 W ActivityManager: Receiver with filter android.content.IntentFilter@b431242 already registered for pid 18373, callerPackage is com.miui.msa.global
07-03 21:56:59.495 18331 18331 I Timeline: Timeline: Activity_launch_request time:122162883
07-03 21:56:59.495  1958  2348 I ActivityTaskManager: START u0 {cmp=com.BHG.gurbani/.MainActivity} from uid 10776
07-03 21:56:59.509  1958  2645 I ActivityTaskManager: The Process com.BHG.gurbani Already Exists in BG. So sending its PID: 18331
07-03 21:56:59.513  1958  2645 I Timeline: Timeline: App_transition_ready time:122162901
07-03 21:56:59.516  1958  1997 I Timeline: Timeline: App_transition_ready time:122162904
07-03 21:56:59.604  1958  2645 E WindowManager: App trying to use insecure INPUT_FEATURE_NO_INPUT_CHANNEL flag. Ignoring
07-03 21:56:59.642  1958  2647 I Timeline: Timeline: App_transition_ready time:122163031
07-03 21:56:59.644  1958  2647 I Timeline: Timeline: App_transition_ready time:122163032
07-03 21:56:59.679  1958  1997 I Timeline: Timeline: App_transition_ready time:122163068
07-03 21:56:59.949  1958  1997 I Timeline: Timeline: Activity_windows_visible id: ActivityRecord{d1e4790 u0 com.BHG.gurbani/.MainActivity t1695} time:122163338
07-03 21:56:59.952  1958  1997 I Timeline: Timeline: App_transition_stopped time:122163340
07-03 21:57:02.358 18331 18331 I Timeline: Timeline: Activity_launch_request time:122165747
07-03 21:57:02.360  1958  2348 I ActivityTaskManager: START u0 {cmp=com.BHG.gurbani/.UploadActivity} from uid 10776
07-03 21:57:02.375 18331 18331 W ActivityThread: SCHED: com.BHG.gurbani/.MainActivity [83, r=230ms, a=45ms, w=2776ms]
07-03 21:57:02.378  1958  3132 I ActivityTaskManager: The Process com.BHG.gurbani Already Exists in BG. So sending its PID: 18331
07-03 21:57:02.383  1958  3132 I Timeline: Timeline: App_transition_ready time:122165771
07-03 21:57:02.439  1958  3132 E WindowManager: App trying to use insecure INPUT_FEATURE_NO_INPUT_CHANNEL flag. Ignoring
07-03 21:57:02.451  1958  3132 I Timeline: Timeline: App_transition_ready time:122165840
07-03 21:57:02.454  1958  3132 I Timeline: Timeline: App_transition_ready time:122165843
07-03 21:57:02.478  1958  1997 I Timeline: Timeline: App_transition_ready time:122165867
07-03 21:57:02.716  1958  1997 I Timeline: Timeline: Activity_windows_visible id: ActivityRecord{30d1b31 u0 com.BHG.gurbani/.UploadActivity t1695} time:122166105
07-03 21:57:02.721  1958  1997 I Timeline: Timeline: App_transition_stopped time:122166110
07-03 21:57:03.303 18331 18331 I Timeline: Timeline: Activity_launch_request time:122166692
07-03 21:57:03.304  1958  2348 I ActivityTaskManager: START u0 {act=android.intent.action.GET_CONTENT typ=image/* cmp=com.google.android.documentsui/com.android.documentsui.picker.PickActivity} from uid 10776
07-03 21:57:03.313 18331 18331 W ActivityThread: SCHED: com.BHG.gurbani/.UploadActivity [81, r=39ms, a=9ms, w=886ms]
07-03 21:57:03.360  1958  2011 I ActivityManager: Start proc 18874:com.google.android.documentsui/u0a66 for activity {com.google.android.documentsui/com.android.documentsui.picker.PickActivity} caller=com.BHG.gurbani
07-03 21:57:03.391  1958  1997 I Timeline: Timeline: App_transition_ready time:122166780
07-03 21:57:03.593  1958  2011 I ActivityManager: Start proc 18903:com.google.android.apps.docs/u0a221 for content provider {com.google.android.apps.docs/com.google.android.apps.docs.common.storagebackend.StorageBackendContentProvider} caller=com.google.android.documentsui
07-03 21:57:03.613  1958  3853 E WindowManager: App trying to use insecure INPUT_FEATURE_NO_INPUT_CHANNEL flag. Ignoring
07-03 21:57:03.653  1958  1997 I Timeline: Timeline: App_transition_stopped time:122167041
07-03 21:57:03.675  1958  1997 I Timeline: Timeline: Activity_windows_visible id: ActivityRecord{1f0ae9e u0 com.google.android.documentsui/com.android.documentsui.picker.PickActivity t1695} time:122167064
07-03 21:57:03.981 18874 18896 W BpBinder: Slow Binder: BpBinder transact took 245ms, interface=android.content.IContentProvider, code=1 oneway=false
07-03 21:57:04.871  1958  5090 W LocationProviderProxy: Odd, no component found for service com.android.location.service.v3.NetworkLocationProvider
07-03 21:57:04.968  1958  1958 W Looper  : Slow dispatch took 100ms main h=android.app.ActivityThread$H c=android.app.-$$Lambda$LoadedApk$ReceiverDispatcher$Args$_BumDX2UKsnxLVrE6UJsJZkotuA@7dc4fbd m=0
07-03 21:57:04.997  3855 10560 W MiuiPerfServiceClient: interceptAndQueuing:18874|com.google.android.documentsui|308|171|unknown|null|com.google.android.documentsui/com.android.documentsui.picker.PickActivity|122167713057926|Slow handle animation|2
07-03 21:57:05.026  1958  1958 I Telecom : DefaultDialerCache: Refreshing default dialer for user 0: now com.android.contacts: DDC.oR@Cck
07-03 21:57:06.181 18874 18874 W ActivityThread: SCHED: com.google.android.documentsui/com.android.documentsui.picker.PickActivity [90, r=436ms, a=48ms, w=2581ms]
07-03 21:57:06.187  1958  2645 I Timeline: Timeline: App_transition_ready time:122169575
07-03 21:57:06.207  1958  2647 I Timeline: Timeline: App_transition_ready time:122169595
07-03 21:57:08.582  1958  2011 I ActivityManager: Start proc 19077:com.qti.diagservices/1000 for service {com.qti.diagservices/com.qti.diagservices.QTIDiagServices} caller=com.qti.diagservices
07-03 21:57:08.627 18331 18331 W Activity: Slow Operation: Activity com.BHG.gurbani/.UploadActivity onActivityResult took 2419ms
07-03 21:57:08.633 18331 18331 W Looper  : Slow Looper main: Long Msg: seq=236 plan=21:57:06.185  late=22ms wall=2425msrunning=2283ms runnable=8ms h=android.app.ActivityThread$H w=159
07-03 21:57:08.637  1958  2647 I Timeline: Timeline: App_transition_ready time:122172026
07-03 21:57:08.645 18331 18331 E AndroidRuntime: FATAL EXCEPTION: main
07-03 21:57:08.645 18331 18331 E AndroidRuntime: Process: com.BHG.gurbani, PID: 18331
07-03 21:57:08.645 18331 18331 E AndroidRuntime: java.lang.RuntimeException: Canvas: trying to draw too large(192000000bytes) bitmap.
07-03 21:57:08.645 18331 18331 E AndroidRuntime:        at android.graphics.RecordingCanvas.throwIfCannotDraw(RecordingCanvas.java:280)
07-03 21:57:08.645 18331 18331 E AndroidRuntime:        at android.graphics.BaseRecordingCanvas.drawBitmap(BaseRecordingCanvas.java:88)
07-03 21:57:08.645 18331 18331 E AndroidRuntime:        at android.graphics.drawable.BitmapDrawable.draw(BitmapDrawable.java:548)
07-03 21:57:08.645 18331 18331 E AndroidRuntime:        at android.widget.ImageView.onDraw(ImageView.java:1434)
07-03 21:57:08.645 18331 18331 E AndroidRuntime:        at android.view.View.draw(View.java:21551)
07-03 21:57:08.645 18331 18331 E AndroidRuntime:        at android.view.View.updateDisplayListIfDirty(View.java:20420)
07-03 21:57:08.645 18331 18331 E AndroidRuntime:        at android.view.View.draw(View.java:21280)
07-03 21:57:08.645 18331 18331 E AndroidRuntime:        at android.view.ViewGroup.drawChild(ViewGroup.java:4417)
07-03 21:57:08.645 18331 18331 E AndroidRuntime:        at android.view.ViewGroup.dispatchDraw(ViewGroup.java:4177)
07-03 21:57:08.645 18331 18331 E AndroidRuntime:        at android.view.View.draw(View.java:21554)
07-03 21:57:08.645 18331 18331 E AndroidRuntime:        at android.view.View.updateDisplayListIfDirty(View.java:20420)
07-03 21:57:08.645 18331 18331 E AndroidRuntime:        at android.view.View.draw(View.java:21280)
07-03 21:57:08.645 18331 18331 E AndroidRuntime:        at android.view.ViewGroup.drawChild(ViewGroup.java:4417)
07-03 21:57:08.645 18331 18331 E AndroidRuntime:        at android.view.ViewGroup.dispatchDraw(ViewGroup.java:4177)
07-03 21:57:08.645 18331 18331 E AndroidRuntime:        at android.view.View.updateDisplayListIfDirty(View.java:20411)
07-03 21:57:08.645 18331 18331 E AndroidRuntime:        at android.view.View.draw(View.java:21280)
07-03 21:57:08.645 18331 18331 E AndroidRuntime:        at android.view.ViewGroup.drawChild(ViewGroup.java:4417)
07-03 21:57:08.645 18331 18331 E AndroidRuntime:        at android.view.ViewGroup.dispatchDraw(ViewGroup.java:4177)
07-03 21:57:08.645 18331 18331 E AndroidRuntime:        at android.view.View.updateDisplayListIfDirty(View.java:20411)
07-03 21:57:08.645 18331 18331 E AndroidRuntime:        at android.view.View.draw(View.java:21280)
07-03 21:57:08.645 18331 18331 E AndroidRuntime:        at android.view.ViewGroup.drawChild(ViewGroup.java:4417)
07-03 21:57:08.645 18331 18331 E AndroidRuntime:        at android.view.ViewGroup.dispatchDraw(ViewGroup.java:4177)
07-03 21:57:08.645 18331 18331 E AndroidRuntime:        at android.view.View.updateDisplayListIfDirty(View.java:20411)
07-03 21:57:08.645 18331 18331 E AndroidRuntime:        at android.view.View.draw(View.java:21280)
07-03 21:57:08.645 18331 18331 E AndroidRuntime:        at android.view.ViewGroup.drawChild(ViewGroup.java:4417)
07-03 21:57:08.645 18331 18331 E AndroidRuntime:        at android.view.ViewGroup.dispatchDraw(ViewGroup.java:4177)
07-03 21:57:08.645 18331 18331 E AndroidRuntime:        at android.view.View.updateDisplayListIfDirty(View.java:20411)
07-03 21:57:08.645 18331 18331 E AndroidRuntime:        at android.view.View.draw(View.java:21280)
07-03 21:57:08.645 18331 18331 E AndroidRuntime:        at android.view.ViewGroup.drawChild(ViewGroup.java:4417)
07-03 21:57:08.645 18331 18331 E AndroidRuntime:        at android.view.ViewGroup.dispatchDraw(ViewGroup.java:4177)
07-03 21:57:08.645 18331 18331 E AndroidRuntime:        at android.view.View.draw(View.java:21554)
07-03 21:57:08.645 18331 18331 E AndroidRuntime:        at com.android.internal.policy.DecorView.draw(DecorView.java:842)
07-03 21:57:08.645 18331 18331 E AndroidRuntime:        at android.view.View.updateDisplayListIfDirty(View.java:20420)
07-03 21:57:08.645 18331 18331 E AndroidRuntime:        at android.view.ThreadedRenderer.updateViewTreeDisplayList(ThreadedRenderer.java:575)
07-03 21:57:08.645 18331 18331 E AndroidRuntime:        at android.view.ThreadedRenderer.updateRootDisplayList(ThreadedRenderer.java:581)
07-03 21:57:08.645 18331 18331 E AndroidRuntime:        at android.view.ThreadedRenderer.draw(ThreadedRenderer.java:654)
07-03 21:57:08.645 18331 18331 E AndroidRuntime:        at android.view.ViewRootImpl.draw(ViewRootImpl.java:3715)
07-03 21:57:08.645 18331 18331 E AndroidRuntime:        at android.view.ViewRootImpl.performDraw(ViewRootImpl.java:3510)
07-03 21:57:08.645 18331 18331 E AndroidRuntime:        at android.view.ViewRootImpl.performTraversals(ViewRootImpl.java:2847)
07-03 21:57:08.645 18331 18331 E AndroidRuntime:        at android.view.ViewRootImpl.doTraversal(ViewRootImpl.java:1800)
07-03 21:57:08.645 18331 18331 E AndroidRuntime:        at android.view.ViewRootImpl$TraversalRunnable.run(ViewRootImpl.java:7762)
07-03 21:57:08.645 18331 18331 E AndroidRuntime:        at android.view.Choreographer$CallbackRecord.run(Choreographer.java:1031)
07-03 21:57:08.645 18331 18331 E AndroidRuntime:        at android.view.Choreographer.doCallbacks(Choreographer.java:854)
07-03 21:57:08.645 18331 18331 E AndroidRuntime:        at android.view.Choreographer.doFrame(Choreographer.java:789)
07-03 21:57:08.645 18331 18331 E AndroidRuntime:        at android.view.Choreographer$FrameDisplayEventReceiver.run(Choreographer.java:1016)
07-03 21:57:08.645 18331 18331 E AndroidRuntime:        at android.os.Handler.handleCallback(Handler.java:883)
07-03 21:57:08.645 18331 18331 E AndroidRuntime:        at android.os.Handler.dispatchMessage(Handler.java:100)
07-03 21:57:08.645 18331 18331 E AndroidRuntime:        at android.os.Looper.loop(Looper.java:224)
07-03 21:57:08.645 18331 18331 E AndroidRuntime:        at android.app.ActivityThread.main(ActivityThread.java:7592)
07-03 21:57:08.645 18331 18331 E AndroidRuntime:        at java.lang.reflect.Method.invoke(Native Method)
07-03 21:57:08.645 18331 18331 E AndroidRuntime:        at com.android.internal.os.RuntimeInit$MethodAndArgsCaller.run(RuntimeInit.java:539)
07-03 21:57:08.645 18331 18331 E AndroidRuntime:        at com.android.internal.os.ZygoteInit.main(ZygoteInit.java:950)
07-03 21:57:08.648  1958  2647 W ActivityTaskManager:   Force finishing activity com.BHG.gurbani/.UploadActivity
07-03 21:57:08.654  1958 19089 I DropBoxManagerService: add tag=data_app_crash isTagEnabled=true flags=0x2
07-03 21:57:08.664  1958  2010 W BroadcastQueue: Background execution not allowed: receiving Intent { act=android.intent.action.DROPBOX_ENTRY_ADDED flg=0x10 (has extras) } to com.google.android.gms/.stats.service.DropBoxEntryAddedReceiver
07-03 21:57:08.782  1958  2647 I WindowManager: WIN DEATH: Window{b36028f u0 com.BHG.gurbani/com.BHG.gurbani.UploadActivity}
07-03 21:57:08.782  1958  4008 I ActivityManager: Process com.BHG.gurbani (pid 18331) has died: fore TOP
07-03 21:57:08.787  1958  2066 I WindowManager: WIN DEATH: Window{24878cb u0 com.BHG.gurbani/com.BHG.gurbani.MainActivity}
07-03 21:57:08.813  1958  1996 W ActivityManager: setHasOverlayUi called on unknown pid: 18331
07-03 21:57:08.857  1958  2011 I ActivityManager: Start proc 19091:com.BHG.gurbani/u0a776 for activity {com.BHG.gurbani/com.BHG.gurbani.MainActivity} caller=com.BHG.gurbani
07-03 21:57:08.880  1958  1997 I Timeline: Timeline: App_transition_ready time:122172269
07-03 21:57:08.881  1958  1997 I Timeline: Timeline: App_transition_stopped time:122172269
07-03 21:57:09.149  1958  1996 W ActivityTaskManager: Activity top resumed state loss timeout for ActivityRecord{30d1b31 u0 com.BHG.gurbani/.UploadActivity t-1 f}
07-03 21:57:09.282  1958  4008 E WindowManager: App trying to use insecure INPUT_FEATURE_NO_INPUT_CHANNEL flag. Ignoring
07-03 21:57:09.343 19091 19091 W Looper  : Slow Looper main: doFrame is 305ms late because of 5 msg, msg 1 took 89ms (seq=2 running=54ms runnable=9ms late=3ms h=android.app.ActivityThread$H w=110), msg 2 took 301ms (seq=3 running=208ms runnable=16ms late=90ms h=android.app.ActivityThread$H w=159)
07-03 21:57:09.345  1958  1997 I Timeline: Timeline: Activity_windows_visible id: ActivityRecord{d1e4790 u0 com.BHG.gurbani/.MainActivity t1695} time:122172734
07-03 21:57:13.511  1958  2647 W BaseMiuiPhoneWindowManager: keyCode:3 down:true eventTime:122176899 downTime:122176899policyFlags:2b000002 flags:48 deviceId:-1 isScreenOn:true keyguardActive:false repeatCount:0
07-03 21:57:13.607  1958  2647 W BaseMiuiPhoneWindowManager: keyCode:3 down:false eventTime:122176995 downTime:122176899 policyFlags:2b000002 flags:48 deviceId:-1 isScreenOn:true keyguardActive:false repeatCount:0
07-03 21:57:13.613  1958  2089 I ActivityTaskManager: START u0 {act=android.intent.action.MAIN cat=[android.intent.category.HOME] flg=0x10000100 cmp=com.miui.home/.launcher.Launcher (has extras)} from uid 0
07-03 21:57:13.626  1958  2089 I Timeline: Timeline: App_transition_ready time:122177014
07-03 21:57:13.627 19091 19091 W ActivityThread: SCHED: com.BHG.gurbani/.MainActivity [80, r=222ms, a=53ms, w=4356ms]
07-03 21:57:13.632  1958  1997 I Timeline: Timeline: App_transition_ready time:122177020
07-03 21:57:13.634  1958  2066 I Timeline: Timeline: App_transition_ready time:122177022
07-03 21:57:13.636  1958  1997 I Timeline: Timeline: App_transition_ready time:122177025
07-03 21:57:13.647  1958  2066 I Timeline: Timeline: App_transition_ready time:122177036
07-03 21:57:13.657  1958  1997 I Timeline: Timeline: App_transition_ready time:122177045
07-03 21:57:13.672  1958  3132 I Timeline: Timeline: App_transition_ready time:122177060
07-03 21:57:13.687  1958  1997 I Timeline: Timeline: App_transition_ready time:122177076
07-03 21:57:13.713  1958  1997 I Timeline: Timeline: App_transition_ready time:122177102
