07-03 22:07:44.170  1958  4597 I ActivityTaskManager: START u0 {act=android.intent.action.GET_CONTENT typ=image/* cmp=com.google.android.documentsui/com.android.documentsui.picker.PickActivity} from uid 10776
07-03 22:07:44.212 24535 24535 W ActivityThread: SCHED: com.BHG.gurbani/.UploadActivity [69, r=34ms, a=15ms, w=833ms]
07-03 22:07:44.251  1958  2011 I ActivityManager: Start proc 24686:com.google.android.documentsui/u0a66 for activity {com.google.android.documentsui/com.android.documentsui.picker.PickActivity} caller=com.BHG.gurbani
07-03 22:07:44.300  1958  1997 I Timeline: Timeline: App_transition_ready time:122807689
07-03 22:07:44.556  1958  1997 I Timeline: Timeline: App_transition_stopped time:122807945
07-03 22:07:44.568  1958  2011 I ActivityManager: Start proc 24717:com.google.android.apps.docs/u0a221 for content provider {com.google.android.apps.docs/com.google.android.apps.docs.common.storagebackend.StorageBackendContentProvider} caller=com.google.android.documentsui
07-03 22:07:44.573  1958  4597 E WindowManager: App trying to use insecure INPUT_FEATURE_NO_INPUT_CHANNEL flag. Ignoring
07-03 22:07:44.649  1958  4692 I Timeline: Timeline: Activity_windows_visible id: ActivityRecord{9d4afc2 u0 com.google.android.documentsui/com.android.documentsui.picker.PickActivity t1700} time:122808038
07-03 22:07:44.866 24686 24707 W BpBinder: Slow Binder: BpBinder transact took 331ms, interface=android.app.IActivityManager, code=20 oneway=false
07-03 22:07:45.156 24686 24707 W BpBinder: Slow Binder: BpBinder transact took 289ms, interface=android.content.IContentProvider, code=1 oneway=false
07-03 22:07:45.650 24686 24686 W Looper  : Slow Looper main: doFrame is 382ms late because of 8 msg, msg 1 took 382ms (seq=55 running=68ms runnable=9ms io=274ms late=21ms h=android.os.Handler c=androidx.loader.content.ModernAsyncTask$3)
07-03 22:07:45.882 24686 24824 W BpBinder: Slow Binder: BpBinder transact took 221ms, interface=android.content.IContentProvider, code=23 oneway=false
07-03 22:07:46.038  1958  5090 W LocationProviderProxy: Odd, no component found for service com.android.location.service.v3.NetworkLocationProvider
07-03 22:07:46.712  1958  1958 W Looper  : Slow dispatch took 683ms main h=android.app.ActivityThread$H c=android.app.-$$Lambda$LoadedApk$ReceiverDispatcher$Args$_BumDX2UKsnxLVrE6UJsJZkotuA@a594e6e m=0
07-03 22:07:46.712  1958  1958 W Looper  : Slow delivery took 683ms main h=android.app.ActivityThread$H c=android.app.-$$Lambda$LoadedApk$ReceiverDispatcher$Args$_BumDX2UKsnxLVrE6UJsJZkotuA@500190f m=0
07-03 22:07:46.844  3855 10560 W MiuiPerfServiceClient: interceptAndQueuing:24686|com.google.android.documentsui|667|469|unknown|null|com.google.android.documentsui/com.android.documentsui.picker.PickActivity|122809242362004|Slow main thread|2
07-03 22:07:47.044  1958  1958 W Looper  : Slow dispatch took 321ms main h=android.app.ActivityThread$H c=android.app.-$$Lambda$LoadedApk$ReceiverDispatcher$Args$_BumDX2UKsnxLVrE6UJsJZkotuA@ac1947e m=0
07-03 22:07:47.064  1958  1958 I Telecom : DefaultDialerCache: Refreshing default dialer for user 0: now com.android.contacts: DDC.oR@Cdo
07-03 22:07:47.067  1958  1958 W Looper  : Drained
07-03 22:07:49.324 24686 24686 W ActivityThread: SCHED: com.google.android.documentsui/com.android.documentsui.picker.PickActivity [86, r=595ms, a=95ms, w=4760ms]
07-03 22:07:49.336  1958  4692 I Timeline: Timeline: App_transition_ready time:122812724
07-03 22:07:49.348  1958  3901 I Timeline: Timeline: App_transition_ready time:122812737
07-03 22:07:51.897 24535 24535 W Activity: Slow Operation: Activity com.BHG.gurbani/.UploadActivity onActivityResult took 2546ms
07-03 22:07:51.933 24535 24535 W Looper  : Slow Looper main: Long Msg: seq=236 plan=22:07:49.329  late=22ms wall=2582msrunning=2357ms runnable=17ms io=67ms h=android.app.ActivityThread$H w=159
07-03 22:07:51.942  1958  4597 I Timeline: Timeline: App_transition_ready time:122815330
07-03 22:07:51.965 24535 24535 E AndroidRuntime: FATAL EXCEPTION: main
07-03 22:07:51.965 24535 24535 E AndroidRuntime: Process: com.BHG.gurbani, PID: 24535
07-03 22:07:51.965 24535 24535 E AndroidRuntime: java.lang.RuntimeException: Canvas: trying to draw too large(192000000bytes) bitmap.
07-03 22:07:51.965 24535 24535 E AndroidRuntime:        at android.graphics.RecordingCanvas.throwIfCannotDraw(RecordingCanvas.java:280)
07-03 22:07:51.965 24535 24535 E AndroidRuntime:        at android.graphics.BaseRecordingCanvas.drawBitmap(BaseRecordingCanvas.java:88)
07-03 22:07:51.965 24535 24535 E AndroidRuntime:        at android.graphics.drawable.BitmapDrawable.draw(BitmapDrawable.java:548)
07-03 22:07:51.965 24535 24535 E AndroidRuntime:        at android.widget.ImageView.onDraw(ImageView.java:1434)
07-03 22:07:51.965 24535 24535 E AndroidRuntime:        at android.view.View.draw(View.java:21551)
07-03 22:07:51.965 24535 24535 E AndroidRuntime:        at android.view.View.updateDisplayListIfDirty(View.java:20420)
07-03 22:07:51.965 24535 24535 E AndroidRuntime:        at android.view.View.draw(View.java:21280)
07-03 22:07:51.965 24535 24535 E AndroidRuntime:        at android.view.ViewGroup.drawChild(ViewGroup.java:4417)
07-03 22:07:51.965 24535 24535 E AndroidRuntime:        at android.view.ViewGroup.dispatchDraw(ViewGroup.java:4177)
07-03 22:07:51.965 24535 24535 E AndroidRuntime:        at android.view.View.draw(View.java:21554)
07-03 22:07:51.965 24535 24535 E AndroidRuntime:        at android.view.View.updateDisplayListIfDirty(View.java:20420)
07-03 22:07:51.965 24535 24535 E AndroidRuntime:        at android.view.View.draw(View.java:21280)
07-03 22:07:51.965 24535 24535 E AndroidRuntime:        at android.view.ViewGroup.drawChild(ViewGroup.java:4417)
07-03 22:07:51.965 24535 24535 E AndroidRuntime:        at android.view.ViewGroup.dispatchDraw(ViewGroup.java:4177)
07-03 22:07:51.965 24535 24535 E AndroidRuntime:        at android.view.View.updateDisplayListIfDirty(View.java:20411)
07-03 22:07:51.965 24535 24535 E AndroidRuntime:        at android.view.View.draw(View.java:21280)
07-03 22:07:51.965 24535 24535 E AndroidRuntime:        at android.view.ViewGroup.drawChild(ViewGroup.java:4417)
07-03 22:07:51.965 24535 24535 E AndroidRuntime:        at android.view.ViewGroup.dispatchDraw(ViewGroup.java:4177)
07-03 22:07:51.965 24535 24535 E AndroidRuntime:        at android.view.View.updateDisplayListIfDirty(View.java:20411)
07-03 22:07:51.965 24535 24535 E AndroidRuntime:        at android.view.View.draw(View.java:21280)
07-03 22:07:51.965 24535 24535 E AndroidRuntime:        at android.view.ViewGroup.drawChild(ViewGroup.java:4417)
07-03 22:07:51.965 24535 24535 E AndroidRuntime:        at android.view.ViewGroup.dispatchDraw(ViewGroup.java:4177)
07-03 22:07:51.965 24535 24535 E AndroidRuntime:        at android.view.View.updateDisplayListIfDirty(View.java:20411)
07-03 22:07:51.965 24535 24535 E AndroidRuntime:        at android.view.View.draw(View.java:21280)
07-03 22:07:51.965 24535 24535 E AndroidRuntime:        at android.view.ViewGroup.drawChild(ViewGroup.java:4417)
07-03 22:07:51.965 24535 24535 E AndroidRuntime:        at android.view.ViewGroup.dispatchDraw(ViewGroup.java:4177)
07-03 22:07:51.965 24535 24535 E AndroidRuntime:        at android.view.View.updateDisplayListIfDirty(View.java:20411)
07-03 22:07:51.965 24535 24535 E AndroidRuntime:        at android.view.View.draw(View.java:21280)
07-03 22:07:51.965 24535 24535 E AndroidRuntime:        at android.view.ViewGroup.drawChild(ViewGroup.java:4417)
07-03 22:07:51.965 24535 24535 E AndroidRuntime:        at android.view.ViewGroup.dispatchDraw(ViewGroup.java:4177)
07-03 22:07:51.965 24535 24535 E AndroidRuntime:        at android.view.View.draw(View.java:21554)
07-03 22:07:51.965 24535 24535 E AndroidRuntime:        at com.android.internal.policy.DecorView.draw(DecorView.java:842)
07-03 22:07:51.965 24535 24535 E AndroidRuntime:        at android.view.View.updateDisplayListIfDirty(View.java:20420)
07-03 22:07:51.965 24535 24535 E AndroidRuntime:        at android.view.ThreadedRenderer.updateViewTreeDisplayList(ThreadedRenderer.java:575)
07-03 22:07:51.965 24535 24535 E AndroidRuntime:        at android.view.ThreadedRenderer.updateRootDisplayList(ThreadedRenderer.java:581)
07-03 22:07:51.965 24535 24535 E AndroidRuntime:        at android.view.ThreadedRenderer.draw(ThreadedRenderer.java:654)
07-03 22:07:51.965 24535 24535 E AndroidRuntime:        at android.view.ViewRootImpl.draw(ViewRootImpl.java:3715)
07-03 22:07:51.965 24535 24535 E AndroidRuntime:        at android.view.ViewRootImpl.performDraw(ViewRootImpl.java:3510)
07-03 22:07:51.965 24535 24535 E AndroidRuntime:        at android.view.ViewRootImpl.performTraversals(ViewRootImpl.java:2847)
07-03 22:07:51.965 24535 24535 E AndroidRuntime:        at android.view.ViewRootImpl.doTraversal(ViewRootImpl.java:1800)
07-03 22:07:51.965 24535 24535 E AndroidRuntime:        at android.view.ViewRootImpl$TraversalRunnable.run(ViewRootImpl.java:7762)
07-03 22:07:51.965 24535 24535 E AndroidRuntime:        at android.view.Choreographer$CallbackRecord.run(Choreographer.java:1031)
07-03 22:07:51.965 24535 24535 E AndroidRuntime:        at android.view.Choreographer.doCallbacks(Choreographer.java:854)
07-03 22:07:51.965 24535 24535 E AndroidRuntime:        at android.view.Choreographer.doFrame(Choreographer.java:789)
07-03 22:07:51.965 24535 24535 E AndroidRuntime:        at android.view.Choreographer$FrameDisplayEventReceiver.run(Choreographer.java:1016)
07-03 22:07:51.965 24535 24535 E AndroidRuntime:        at android.os.Handler.handleCallback(Handler.java:883)
07-03 22:07:51.965 24535 24535 E AndroidRuntime:        at android.os.Handler.dispatchMessage(Handler.java:100)
07-03 22:07:51.965 24535 24535 E AndroidRuntime:        at android.os.Looper.loop(Looper.java:224)
07-03 22:07:51.965 24535 24535 E AndroidRuntime:        at android.app.ActivityThread.main(ActivityThread.java:7592)
07-03 22:07:51.965 24535 24535 E AndroidRuntime:        at java.lang.reflect.Method.invoke(Native Method)
07-03 22:07:51.965 24535 24535 E AndroidRuntime:        at com.android.internal.os.RuntimeInit$MethodAndArgsCaller.run(RuntimeInit.java:539)
07-03 22:07:51.965 24535 24535 E AndroidRuntime:        at com.android.internal.os.ZygoteInit.main(ZygoteInit.java:950)
07-03 22:07:51.995  1958 24900 I DropBoxManagerService: add tag=data_app_crash isTagEnabled=true flags=0x2
07-03 22:07:52.012  1958  4597 W ActivityTaskManager:   Force finishing activity com.BHG.gurbani/.UploadActivity
07-03 22:07:52.064  1958  2010 W BroadcastQueue: Background execution not allowed: receiving Intent { act=android.intent.action.DROPBOX_ENTRY_ADDED flg=0x10 (has extras) } to com.google.android.gms/.stats.service.DropBoxEntryAddedReceiver
07-03 22:07:52.163  1958  4597 I ActivityManager: Process com.BHG.gurbani (pid 24535) has died: fore TOP
07-03 22:07:52.164  1958  2647 I WindowManager: WIN DEATH: Window{614f9e3 u0 com.BHG.gurbani/com.BHG.gurbani.UploadActivity}
07-03 22:07:52.168  1958  2645 I WindowManager: WIN DEATH: Window{526b75f u0 com.BHG.gurbani/com.BHG.gurbani.MainActivity}
07-03 22:07:52.224  1958  1996 W ActivityManager: setHasOverlayUi called on unknown pid: 24535
07-03 22:07:52.276  1958  2011 I ActivityManager: Start proc 24905:com.BHG.gurbani/u0a776 for activity {com.BHG.gurbani/com.BHG.gurbani.MainActivity} caller=com.BHG.gurbani
07-03 22:07:52.289  1958  1997 I Timeline: Timeline: App_transition_ready time:122815677
07-03 22:07:52.289  1958  1997 I Timeline: Timeline: App_transition_stopped time:122815678
07-03 22:07:52.513  1958  1996 W ActivityTaskManager: Activity top resumed state loss timeout for ActivityRecord{8fde2e5 u0 com.BHG.gurbani/.UploadActivity t-1 f}
07-03 22:07:52.668  1958  4415 E WindowManager: App trying to use insecure INPUT_FEATURE_NO_INPUT_CHANNEL flag. Ignoring
07-03 22:07:52.736  1958  1997 I Timeline: Timeline: Activity_windows_visible id: ActivityRecord{8e9e8bd u0 com.BHG.gurbani/.MainActivity t1700} time:122816125
07-03 22:07:55.964 24905 24905 I Timeline: Timeline: Activity_launch_request time:122819353
07-03 22:07:55.965  1958  4597 I ActivityTaskManager: START u0 {cmp=com.BHG.gurbani/.UploadActivity} from uid 10776
07-03 22:07:55.981 24905 24905 W ActivityThread: SCHED: com.BHG.gurbani/.MainActivity [76, r=177ms, a=53ms, w=3324ms]
07-03 22:07:55.984  1958  4806 I ActivityTaskManager: The Process com.BHG.gurbani Already Exists in BG. So sending its PID: 24905
07-03 22:07:55.988  1958  4806 I Timeline: Timeline: App_transition_ready time:122819377
07-03 22:07:56.046  1958  4525 E WindowManager: App trying to use insecure INPUT_FEATURE_NO_INPUT_CHANNEL flag. Ignoring
07-03 22:07:56.058  1958  4806 I Timeline: Timeline: App_transition_ready time:122819446
07-03 22:07:56.060  1958  4806 I Timeline: Timeline: App_transition_ready time:122819448
07-03 22:07:56.096  1958  1997 I Timeline: Timeline: App_transition_ready time:122819485
07-03 22:07:56.342  1958  1997 I Timeline: Timeline: Activity_windows_visible id: ActivityRecord{51ec1b9 u0 com.BHG.gurbani/.UploadActivity t1700} time:122819730
07-03 22:07:56.344  1958  1997 I Timeline: Timeline: App_transition_stopped time:122819732
07-03 22:07:56.879 24905 24905 I Timeline: Timeline: Activity_launch_request time:122820267
07-03 22:07:56.880  1958  4415 I ActivityTaskManager: START u0 {act=android.intent.action.GET_CONTENT typ=image/* cmp=com.google.android.documentsui/com.android.documentsui.picker.PickActivity} from uid 10776
07-03 22:07:56.894 24905 24905 W ActivityThread: SCHED: com.BHG.gurbani/.UploadActivity [69, r=41ms, a=18ms, w=851ms]
07-03 22:07:56.895  1958  4415 I ActivityTaskManager: The Process com.google.android.documentsui Already Exists in BG. So sending its PID: 24686
07-03 22:07:56.900  1958  4415 I Timeline: Timeline: App_transition_ready time:122820289
07-03 22:07:56.943  1958  5256 E WindowManager: App trying to use insecure INPUT_FEATURE_NO_INPUT_CHANNEL flag. Ignoring
07-03 22:07:56.964  1958  4525 I Timeline: Timeline: App_transition_ready time:122820352
07-03 22:07:56.965  1958  4525 I Timeline: Timeline: App_transition_ready time:122820354
07-03 22:07:56.986  1958  1997 I Timeline: Timeline: App_transition_ready time:122820375
07-03 22:07:57.132  1958  2006 I ProcessManager: Kill reason PeriodicCleaner(8|pressure) from pid=1958
07-03 22:07:57.136  1958  2006 I ProcessManager: PeriodicCleaner(8|pressure): kill com.android.vending Adj=815 State=20
07-03 22:07:57.136  1958  2006 I ActivityManager: Killing 23121:com.android.vending/u0a175 (adj 815): PeriodicCleaner(8|pressure)
07-03 22:07:57.137  1958  2006 I ProcessManager: PeriodicCleaner(8|pressure): kill com.android.vending:background Adj=885 State=20
07-03 22:07:57.138  1958  2006 I ActivityManager: Killing 23301:com.android.vending:background/u0a175 (adj 885): PeriodicCleaner(8|pressure)
07-03 22:07:57.192  1958  3417 W ActivityManager: Scheduling restart of crashed service com.android.vending/com.google.android.finsky.billing.iab.InAppBillingService in 1000ms
07-03 22:07:57.226  1958  1997 I Timeline: Timeline: Activity_windows_visible id: ActivityRecord{2b12586 u0 com.google.android.documentsui/com.android.documentsui.picker.PickActivity t1700} time:122820614
07-03 22:07:57.228  1958  1997 I Timeline: Timeline: App_transition_stopped time:122820616
07-03 22:07:57.842 24686 24686 W ActivityThread: SCHED: com.google.android.documentsui/com.android.documentsui.picker.PickActivity [88, r=221ms, a=29ms, w=904ms]
07-03 22:07:57.851  1958  3417 I Timeline: Timeline: App_transition_ready time:122821240
07-03 22:07:57.861  1958  4692 I Timeline: Timeline: App_transition_ready time:122821249
07-03 22:07:57.897  1958  3417 I Timeline: Timeline: App_transition_ready time:122821286
07-03 22:07:57.921  1958  1997 I Timeline: Timeline: App_transition_ready time:122821309
07-03 22:07:58.175  1958  1997 I Timeline: Timeline: Activity_windows_visible id: ActivityRecord{51ec1b9 u0 com.BHG.gurbani/.UploadActivity t1700} time:122821564
07-03 22:07:58.178  1958  1997 I Timeline: Timeline: App_transition_stopped time:122821567
07-03 22:07:58.235  1958  2011 I ActivityManager: Start proc 25052:com.android.vending/u0a175 for service {com.android.vending/com.google.android.finsky.billing.iab.InAppBillingService} caller=org.zwanoo.android.speedtest
07-03 22:07:59.373 23035 25115 W BpBinder: Slow Binder: BpBinder transact took 279ms, interface=com.android.vending.billing.IInAppBillingService, code=1 oneway=false
07-03 22:07:59.388  1958  2011 I ActivityManager: Start proc 25151:com.android.vending:background/u0a175 for service {com.android.vending/com.google.frameworks.client.data.android.server.play.BackgroundProcessEndpointService} caller=com.android.vending
07-03 22:07:59.589 24905 24905 I Timeline: Timeline: Activity_launch_request time:122822977
07-03 22:07:59.590  1958  4807 I ActivityTaskManager: START u0 {act=android.intent.action.GET_CONTENT typ=image/* cmp=com.google.android.documentsui/com.android.documentsui.picker.PickActivity} from uid 10776
07-03 22:07:59.600 24905 24905 W ActivityThread: SCHED: com.BHG.gurbani/.UploadActivity [89, r=17ms, a=2ms, w=1712ms]
07-03 22:07:59.603  1958  4807 I ActivityTaskManager: The Process com.google.android.documentsui Already Exists in BG. So sending its PID: 24686
07-03 22:07:59.612  1958  4807 I Timeline: Timeline: App_transition_ready time:122823001
07-03 22:07:59.656  1958  4807 E WindowManager: App trying to use insecure INPUT_FEATURE_NO_INPUT_CHANNEL flag. Ignoring
07-03 22:07:59.669  1958  2351 I Timeline: Timeline: App_transition_ready time:122823057
07-03 22:07:59.670  1958  2351 I Timeline: Timeline: App_transition_ready time:122823059
07-03 22:07:59.734  1958  1997 I Timeline: Timeline: App_transition_ready time:122823122
07-03 22:07:59.976  1958  1997 I Timeline: Timeline: Activity_windows_visible id: ActivityRecord{6594daf u0 com.google.android.documentsui/com.android.documentsui.picker.PickActivity t1700} time:122823364
07-03 22:07:59.979  1958  1997 I Timeline: Timeline: App_transition_stopped time:122823367
07-03 22:08:00.625 24686 24686 W ActivityThread: SCHED: com.google.android.documentsui/com.android.documentsui.picker.PickActivity [89, r=203ms, a=24ms, w=972ms]
07-03 22:08:00.631  1958  4807 I Timeline: Timeline: App_transition_ready time:122824019
07-03 22:08:00.649  1958  2360 I Timeline: Timeline: App_transition_ready time:122824037
07-03 22:08:03.147 24905 24905 W Activity: Slow Operation: Activity com.BHG.gurbani/.UploadActivity onActivityResult took 2497ms
07-03 22:08:03.151 24905 24905 W Looper  : Slow Looper main: Long Msg: seq=218 plan=22:08:00.629  late=20ms wall=2501msrunning=2243ms runnable=8ms io=113ms h=android.app.ActivityThread$H w=159
07-03 22:08:03.163  1958  4692 I Timeline: Timeline: App_transition_ready time:122826551
07-03 22:08:03.217 24905 24905 E AndroidRuntime: FATAL EXCEPTION: main
07-03 22:08:03.217 24905 24905 E AndroidRuntime: Process: com.BHG.gurbani, PID: 24905
07-03 22:08:03.217 24905 24905 E AndroidRuntime: java.lang.RuntimeException: Canvas: trying to draw too large(192000000bytes) bitmap.
07-03 22:08:03.217 24905 24905 E AndroidRuntime:        at android.graphics.RecordingCanvas.throwIfCannotDraw(RecordingCanvas.java:280)
07-03 22:08:03.217 24905 24905 E AndroidRuntime:        at android.graphics.BaseRecordingCanvas.drawBitmap(BaseRecordingCanvas.java:88)
07-03 22:08:03.217 24905 24905 E AndroidRuntime:        at android.graphics.drawable.BitmapDrawable.draw(BitmapDrawable.java:548)
07-03 22:08:03.217 24905 24905 E AndroidRuntime:        at android.widget.ImageView.onDraw(ImageView.java:1434)
07-03 22:08:03.217 24905 24905 E AndroidRuntime:        at android.view.View.draw(View.java:21551)
07-03 22:08:03.217 24905 24905 E AndroidRuntime:        at android.view.View.updateDisplayListIfDirty(View.java:20420)
07-03 22:08:03.217 24905 24905 E AndroidRuntime:        at android.view.View.draw(View.java:21280)
07-03 22:08:03.217 24905 24905 E AndroidRuntime:        at android.view.ViewGroup.drawChild(ViewGroup.java:4417)
07-03 22:08:03.217 24905 24905 E AndroidRuntime:        at android.view.ViewGroup.dispatchDraw(ViewGroup.java:4177)
07-03 22:08:03.217 24905 24905 E AndroidRuntime:        at android.view.View.draw(View.java:21554)
07-03 22:08:03.217 24905 24905 E AndroidRuntime:        at android.view.View.updateDisplayListIfDirty(View.java:20420)
07-03 22:08:03.217 24905 24905 E AndroidRuntime:        at android.view.View.draw(View.java:21280)
07-03 22:08:03.217 24905 24905 E AndroidRuntime:        at android.view.ViewGroup.drawChild(ViewGroup.java:4417)
07-03 22:08:03.217 24905 24905 E AndroidRuntime:        at android.view.ViewGroup.dispatchDraw(ViewGroup.java:4177)
07-03 22:08:03.217 24905 24905 E AndroidRuntime:        at android.view.View.updateDisplayListIfDirty(View.java:20411)
07-03 22:08:03.217 24905 24905 E AndroidRuntime:        at android.view.View.draw(View.java:21280)
07-03 22:08:03.217 24905 24905 E AndroidRuntime:        at android.view.ViewGroup.drawChild(ViewGroup.java:4417)
07-03 22:08:03.217 24905 24905 E AndroidRuntime:        at android.view.ViewGroup.dispatchDraw(ViewGroup.java:4177)
07-03 22:08:03.217 24905 24905 E AndroidRuntime:        at android.view.View.updateDisplayListIfDirty(View.java:20411)
07-03 22:08:03.217 24905 24905 E AndroidRuntime:        at android.view.View.draw(View.java:21280)
07-03 22:08:03.217 24905 24905 E AndroidRuntime:        at android.view.ViewGroup.drawChild(ViewGroup.java:4417)
07-03 22:08:03.217 24905 24905 E AndroidRuntime:        at android.view.ViewGroup.dispatchDraw(ViewGroup.java:4177)
07-03 22:08:03.217 24905 24905 E AndroidRuntime:        at android.view.View.updateDisplayListIfDirty(View.java:20411)
07-03 22:08:03.217 24905 24905 E AndroidRuntime:        at android.view.View.draw(View.java:21280)
07-03 22:08:03.217 24905 24905 E AndroidRuntime:        at android.view.ViewGroup.drawChild(ViewGroup.java:4417)
07-03 22:08:03.217 24905 24905 E AndroidRuntime:        at android.view.ViewGroup.dispatchDraw(ViewGroup.java:4177)
07-03 22:08:03.217 24905 24905 E AndroidRuntime:        at android.view.View.updateDisplayListIfDirty(View.java:20411)
07-03 22:08:03.217 24905 24905 E AndroidRuntime:        at android.view.View.draw(View.java:21280)
07-03 22:08:03.217 24905 24905 E AndroidRuntime:        at android.view.ViewGroup.drawChild(ViewGroup.java:4417)
07-03 22:08:03.217 24905 24905 E AndroidRuntime:        at android.view.ViewGroup.dispatchDraw(ViewGroup.java:4177)
07-03 22:08:03.217 24905 24905 E AndroidRuntime:        at android.view.View.draw(View.java:21554)
07-03 22:08:03.217 24905 24905 E AndroidRuntime:        at com.android.internal.policy.DecorView.draw(DecorView.java:842)
07-03 22:08:03.217 24905 24905 E AndroidRuntime:        at android.view.View.updateDisplayListIfDirty(View.java:20420)
07-03 22:08:03.217 24905 24905 E AndroidRuntime:        at android.view.ThreadedRenderer.updateViewTreeDisplayList(ThreadedRenderer.java:575)
07-03 22:08:03.217 24905 24905 E AndroidRuntime:        at android.view.ThreadedRenderer.updateRootDisplayList(ThreadedRenderer.java:581)
07-03 22:08:03.217 24905 24905 E AndroidRuntime:        at android.view.ThreadedRenderer.draw(ThreadedRenderer.java:654)
07-03 22:08:03.217 24905 24905 E AndroidRuntime:        at android.view.ViewRootImpl.draw(ViewRootImpl.java:3715)
07-03 22:08:03.217 24905 24905 E AndroidRuntime:        at android.view.ViewRootImpl.performDraw(ViewRootImpl.java:3510)
07-03 22:08:03.217 24905 24905 E AndroidRuntime:        at android.view.ViewRootImpl.performTraversals(ViewRootImpl.java:2847)
07-03 22:08:03.217 24905 24905 E AndroidRuntime:        at android.view.ViewRootImpl.doTraversal(ViewRootImpl.java:1800)
07-03 22:08:03.217 24905 24905 E AndroidRuntime:        at android.view.ViewRootImpl$TraversalRunnable.run(ViewRootImpl.java:7762)
07-03 22:08:03.217 24905 24905 E AndroidRuntime:        at android.view.Choreographer$CallbackRecord.run(Choreographer.java:1031)
07-03 22:08:03.217 24905 24905 E AndroidRuntime:        at android.view.Choreographer.doCallbacks(Choreographer.java:854)
07-03 22:08:03.217 24905 24905 E AndroidRuntime:        at android.view.Choreographer.doFrame(Choreographer.java:789)
07-03 22:08:03.217 24905 24905 E AndroidRuntime:        at android.view.Choreographer$FrameDisplayEventReceiver.run(Choreographer.java:1016)
07-03 22:08:03.217 24905 24905 E AndroidRuntime:        at android.os.Handler.handleCallback(Handler.java:883)
07-03 22:08:03.217 24905 24905 E AndroidRuntime:        at android.os.Handler.dispatchMessage(Handler.java:100)
07-03 22:08:03.217 24905 24905 E AndroidRuntime:        at android.os.Looper.loop(Looper.java:224)
07-03 22:08:03.217 24905 24905 E AndroidRuntime:        at android.app.ActivityThread.main(ActivityThread.java:7592)
07-03 22:08:03.217 24905 24905 E AndroidRuntime:        at java.lang.reflect.Method.invoke(Native Method)
07-03 22:08:03.217 24905 24905 E AndroidRuntime:        at com.android.internal.os.RuntimeInit$MethodAndArgsCaller.run(RuntimeInit.java:539)
07-03 22:08:03.217 24905 24905 E AndroidRuntime:        at com.android.internal.os.ZygoteInit.main(ZygoteInit.java:950)
07-03 22:08:03.223  1958  4807 W ActivityTaskManager:   Force finishing activity com.BHG.gurbani/.UploadActivity
07-03 22:08:03.229  1958 25283 I DropBoxManagerService: add tag=data_app_crash isTagEnabled=true flags=0x2
07-03 22:08:03.233  1958  2010 W BroadcastQueue: Background execution not allowed: receiving Intent { act=android.intent.action.DROPBOX_ENTRY_ADDED flg=0x10 (has extras) } to com.google.android.gms/.stats.service.DropBoxEntryAddedReceiver
07-03 22:08:03.336  1958  4522 I WindowManager: WIN DEATH: Window{ae1157 u0 com.BHG.gurbani/com.BHG.gurbani.UploadActivity}
07-03 22:08:03.336  1958  2351 I ActivityManager: Process com.BHG.gurbani (pid 24905) has died: fore TOP
07-03 22:08:03.340  1958  3851 I WindowManager: WIN DEATH: Window{3a62702 u0 com.BHG.gurbani/com.BHG.gurbani.MainActivity}
07-03 22:08:03.356  1958  1996 W ActivityManager: setHasOverlayUi called on unknown pid: 24905
07-03 22:08:03.390  1958  2011 I ActivityManager: Start proc 25287:com.BHG.gurbani/u0a776 for activity {com.BHG.gurbani/com.BHG.gurbani.MainActivity} caller=com.BHG.gurbani
07-03 22:08:03.419  1958  1997 I Timeline: Timeline: App_transition_ready time:122826808
07-03 22:08:03.420  1958  1997 I Timeline: Timeline: App_transition_stopped time:122826808
07-03 22:08:03.725  1958  1996 W ActivityTaskManager: Activity top resumed state loss timeout for ActivityRecord{51ec1b9 u0 com.BHG.gurbani/.UploadActivity t-1 f}
07-03 22:08:03.746  1958  1981 E WindowManager: App trying to use insecure INPUT_FEATURE_NO_INPUT_CHANNEL flag. Ignoring
07-03 22:08:03.806  1958  1997 I Timeline: Timeline: Activity_windows_visible id: ActivityRecord{8e9e8bd u0 com.BHG.gurbani/.MainActivity t1700} time:122827194
07-03 22:08:04.925  1958  4807 W BaseMiuiPhoneWindowManager: keyCode:3 down:true eventTime:122828275 downTime:122828275policyFlags:2b000002 flags:48 deviceId:-1 isScreenOn:true keyguardActive:false repeatCount:0
07-03 22:08:04.974  1958  4807 W BaseMiuiPhoneWindowManager: keyCode:3 down:false eventTime:122828363 downTime:122828275 policyFlags:2b000002 flags:48 deviceId:-1 isScreenOn:true keyguardActive:false repeatCount:0
07-03 22:08:04.978  1958  2089 I ActivityTaskManager: START u0 {act=android.intent.action.MAIN cat=[android.intent.category.HOME] flg=0x10000100 cmp=com.miui.home/.launcher.Launcher (has extras)} from uid 0
07-03 22:08:04.994  1958  2089 I Timeline: Timeline: App_transition_ready time:122828382
07-03 22:08:04.995 25287 25287 W ActivityThread: SCHED: com.BHG.gurbani/.MainActivity [75, r=53ms, a=17ms, w=1260ms]
07-03 22:08:04.998  1958  1981 I Timeline: Timeline: App_transition_ready time:122828386
07-03 22:08:05.000  1958  3851 I Timeline: Timeline: App_transition_ready time:122828389
07-03 22:08:05.032  1958  1997 I Timeline: Timeline: App_transition_ready time:122828420
07-03 22:08:05.074  1958  2351 I Timeline: Timeline: App_transition_ready time:122828463
07-03 22:08:05.095  1958  1997 I Timeline: Timeline: App_transition_ready time:122828484
07-03 22:08:05.140  1958  1997 I Timeline: Timeline: App_transition_ready time:122828528
07-03 22:08:05.629  1958  4807 I Timeline: Timeline: Activity_windows_visible id: ActivityRecord{ddb1799 u0 com.miui.home/.launcher.Launcher t1} time:122829017
07-03 22:08:05.633  1958  1997 I Timeline: Timeline: App_transition_stopped time:122829022
07-03 22:08:06.761  1958  4807 I ActivityManager: Killing 21643:com.google.android.googlequicksearchbox:googleapp/u0a186 (adj 965): empty #17
07-03 22:08:07.159  1958  1981 I ActivityManager: Killing 23035:org.zwanoo.android.speedtest/u0a412 (adj 955): empty #17
07-03 22:09:38.668  1958  2011 I ActivityManager: Start proc 25426:com.android.settings/1000 for service {com.android.settings/com.android.settings.connecteddevice.usb.MiUsbService} caller=com.android.settings
--------- beginning of main
07-03 22:09:39.792 25426 25426 I FirebaseApp: Device unlocked: initializing all Firebase APIs for app [DEFAULT]
07-03 22:09:39.821 25426 25426 I FirebaseInitProvider: FirebaseApp initialization successful
07-03 22:09:39.842 25426 25448 W ndroid.setting: Unsupported class loader
07-03 22:09:39.861 25426 25448 I DynamiteModule: Considering local module com.google.android.gms.measurement.dynamite:46 and remote module com.google.android.gms.measurement.dynamite:151
07-03 22:09:39.861 25426 25448 I DynamiteModule: Selected remote version of com.google.android.gms.measurement.dynamite, version >= 151
07-03 22:09:39.862 25426 25448 V DynamiteModule: Dynamite loader version >= 2, using loadModule2NoCrashUtils
07-03 22:09:39.894 25426 25426 I FeatureParser: can't find violet.xml in assets/device_features/,it may be in /system/etc/device_features
07-03 22:09:39.903 25426 25426 W Looper  : Slow Looper main: Long Msg: seq=2 plan=22:09:38.689  late=1ms wall=1211ms running=346ms runnable=5ms io=777ms h=android.app.ActivityThread$H w=110
07-03 22:09:39.906 25426 25462 E Perf    : Fail to get file list com.android.settings
07-03 22:09:39.907 25426 25462 E Perf    : getFolderSize() : Exception_1 = java.lang.NullPointerException: Attempt to get length of null array
07-03 22:09:39.907 25426 25462 E Perf    : Fail to get file list com.android.settings
07-03 22:09:39.907 25426 25462 E Perf    : getFolderSize() : Exception_1 = java.lang.NullPointerException: Attempt to get length of null array
07-03 22:09:40.020 25426 25461 D Settings:international:cloud:Utils: network changed type:1
07-03 22:09:40.021 25426 25470 D Settings:international:cloud:Utils: network changed type:1
07-03 22:09:40.033 25426 25470 D NetworkSecurityConfig: No Network Security Config specified, using platform default
07-03 22:09:40.034 25426 25470 I DpmTcmClient: RegisterTcmMonitor from: $Proxy0
07-03 22:09:40.046  3633  3633 I CNSS    : Failed to send nl message
07-03 22:09:40.052  3633  3633 I CNSS    : Failed to send nl message
07-03 22:09:40.057   613 25473 E ResolverController: No valid NAT64 prefix (109, <unspecified>/0)
07-03 22:09:40.063 25426 25461 E MiuiUtils: Cannot find package: com.android.quicksearchbox
07-03 22:09:40.063 25426 25461 E MiuiUtils: android.content.pm.PackageManager$NameNotFoundException: com.android.quicksearchbox
07-03 22:09:40.063 25426 25461 E MiuiUtils:     at android.app.ApplicationPackageManager.getPackageInfoAsUser(ApplicationPackageManager.java:192)
07-03 22:09:40.063 25426 25461 E MiuiUtils:     at android.app.ApplicationPackageManager.getPackageInfo(ApplicationPackageManager.java:161)
07-03 22:09:40.063 25426 25461 E MiuiUtils:     at com.android.settings.Og.F(MiuiUtils.java:2)
07-03 22:09:40.063 25426 25461 E MiuiUtils:     at com.android.settings.personal.FullScreenDisplayController.quickSearchBoxTooOld(FullScreenDisplayController.java:1)
07-03 22:09:40.063 25426 25461 E MiuiUtils:     at com.android.settings.personal.FullScreenDisplayController.isRemoveEntryFromSettings(FullScreenDisplayController.java:1)
07-03 22:09:40.063 25426 25461 E MiuiUtils:     at com.android.settings.personal.FullScreenDisplayController.initInfinityDisplaySettings(FullScreenDisplayController.java:2)
07-03 22:09:40.063 25426 25461 E MiuiUtils:     at com.android.settings.SettingsApplication$a.doInBackground(SettingsApplication.java:6)
07-03 22:09:40.063 25426 25461 E MiuiUtils:     at com.android.settings.SettingsApplication$a.doInBackground(SettingsApplication.java:1)
07-03 22:09:40.063 25426 25461 E MiuiUtils:     at android.os.AsyncTask$3.call(AsyncTask.java:378)
07-03 22:09:40.063 25426 25461 E MiuiUtils:     at java.util.concurrent.FutureTask.run(FutureTask.java:266)
07-03 22:09:40.063 25426 25461 E MiuiUtils:     at java.util.concurrent.ThreadPoolExecutor.runWorker(ThreadPoolExecutor.java:1167)
07-03 22:09:40.063 25426 25461 E MiuiUtils:     at java.util.concurrent.ThreadPoolExecutor$Worker.run(ThreadPoolExecutor.java:641)
07-03 22:09:40.063 25426 25461 E MiuiUtils:     at java.lang.Thread.run(Thread.java:919)
07-03 22:09:40.113  3633  3633 I CNSS    : Failed to send nl message
07-03 22:09:40.134 25426 25461 D RecommendHelper: Load end, total time59ms
07-03 22:09:40.185   613  2254 D OemNetd : setLimit: disable, rate=0
07-03 22:09:40.244 25426 25476 I FA      : App measurement initialized, version: 129011
07-03 22:09:40.245 25426 25476 I FA      : To enable debug logging run: adb shell setprop log.tag.FA VERBOSE
07-03 22:09:40.245 25426 25476 I FA      : To enable faster debug mode event logging run:
07-03 22:09:40.245 25426 25476 I FA      :   adb shell setprop debug.firebase.analytics.app com.android.settings
07-03 22:09:40.259 25426 25470 I RequestUtils: RequestUtils setValidRatioAnalytics: true
07-03 22:09:40.260 25426 25470 I RequestUtils: RequestUtils isValidRatioAnalytics: true
07-03 22:09:40.294 25426 25476 W FA      : Failed to retrieve Firebase Instance Id
07-03 22:09:40.318  3633  3633 I CNSS    : Failed to send nl message
07-03 22:09:40.334   511   511 I hwservicemanager: getTransport: Cannot find entry vendor.qti.hardware.servicetracker@1.0::IServicetracker/default in either framework or device manifest.
07-03 22:09:40.338   511   511 I hwservicemanager: getTransport: Cannot find entry vendor.qti.hardware.servicetracker@1.0::IServicetracker/default in either framework or device manifest.
07-03 22:09:40.340 29274 29274 D BoundBrokerSvc: onBind: Intent { act=com.google.android.gms.measurement.START pkg=com.google.android.gms }
07-03 22:09:40.340 29274 29274 D BoundBrokerSvc: Loading bound service for intent: Intent { act=com.google.android.gms.measurement.START pkg=com.google.android.gms }
07-03 22:09:40.351 25426 25476 W FA      : Failed to retrieve Firebase Instance Id
07-03 22:09:40.367 25426 25476 W FA      : Failed to retrieve Firebase Instance Id
07-03 22:09:40.387 29274 25480 D AdvertisingIdClient: AdvertisingIdClient already created.
07-03 22:09:40.387 29274 25480 D AdvertisingIdClient: AdvertisingIdClient is not bounded. Starting to bind it...
07-03 22:09:40.396   511   511 I hwservicemanager: getTransport: Cannot find entry vendor.qti.hardware.servicetracker@1.0::IServicetracker/default in either framework or device manifest.
07-03 22:09:40.398 29274 25480 D AdvertisingIdClient: AdvertisingIdClient is bounded
07-03 22:09:40.420  3633  3633 I CNSS    : Failed to send nl message
07-03 22:09:40.439 29274 25480 I AdvertisingIdClient: shouldSendLog 467042683
07-03 22:09:40.440 29274 25480 I AdvertisingIdClient: GetInfoInternal elapse 52ms
07-03 22:09:40.460  3633  3633 I CNSS    : Failed to send nl message
07-03 22:09:40.473  3633  3633 I CNSS    : Failed to send nl message
07-03 22:09:40.487  2181  2181 D KeyguardUpdateMonitor: received broadcast android.intent.action.BATTERY_CHANGED
07-03 22:09:40.487 25666 25666 I BatteryInfoReceiver: ACTION_BATTERY_CHANGED
07-03 22:09:40.487 25666 25666 I PowerSaveService: onReceive: android.intent.action.BATTERY_CHANGED
07-03 22:09:40.488  2513  2513 D QtiCarrierConfigHelper: WARNING, no carrier configs on phone Id: 0
07-03 22:09:40.488  5413  5606 D PowerCheckerService: onBatteryChanged, mBatteryLevel = 100, status = 5, level = 100, plug = 2, scale = 100
07-03 22:09:40.490 25666 25666 I PowerNoticeUI: handleBatteryChanged oldPlugType 2 mPlugType 2 oldBatteryLevel 100 mBatteryLevel 100 temperature 345
07-03 22:09:40.629  3633  3633 I CNSS    : Failed to send nl message
07-03 22:09:40.652  3633  3633 I CNSS    : Failed to send nl message
07-03 22:09:40.721   511   511 I hwservicemanager: getTransport: Cannot find entry vendor.qti.hardware.servicetracker@1.0::IServicetracker/default in either framework or device manifest.
07-03 22:09:40.784  3633  3633 I CNSS    : Failed to send nl message
07-03 22:09:40.870  3633  3633 I CNSS    : Failed to send nl message
07-03 22:09:40.983   511   511 I hwservicemanager: getTransport: Cannot find entry vendor.qti.hardware.servicetracker@1.0::IServicetracker/default in either framework or device manifest.
07-03 22:09:40.986   511   511 I hwservicemanager: getTransport: Cannot find entry vendor.qti.hardware.servicetracker@1.0::IServicetracker/default in either framework or device manifest.
07-03 22:09:41.002   511   511 I hwservicemanager: getTransport: Cannot find entry vendor.qti.hardware.servicetracker@1.0::IServicetracker/default in either framework or device manifest.
07-03 22:09:41.072  3633  3633 I CNSS    : Failed to send nl message
07-03 22:09:43.404  3633  3633 I CNSS    : Failed to send nl message
07-03 22:09:43.729 12116 12165 I bboe    : (REDACTED) getHotwordActive::active query: %s, watch: %s, devices connected:%s
07-03 22:09:43.800  3633  3633 I CNSS    : Failed to send nl message
07-03 22:09:45.094  3633  3633 I CNSS    : Failed to send nl message
07-03 22:09:45.191   613  2254 D OemNetd : setLimit: enable, rate=0
07-03 22:09:46.823  3633  3633 I CNSS    : Failed to send nl message
07-03 22:09:46.834  3633  3633 I CNSS    : Failed to send nl message
07-03 22:09:46.992  1958  2168 I chatty  : uid=1000(system) PhotonicModulat expire 12 lines
07-03 22:09:47.814  3633  3633 I CNSS    : Failed to send nl message
07-03 22:09:50.398  3633  3633 I chatty  : uid=1000(system) /system/vendor/bin/cnss_diag identical 102 lines
07-03 22:09:50.398  3633  3633 I CNSS    : Failed to send nl message
07-03 22:09:50.506   511   511 I hwservicemanager: getTransport: Cannot find entry vendor.qti.hardware.servicetracker@1.0::IServicetracker/default in either framework or device manifest.
07-03 22:09:50.509   511   511 I hwservicemanager: getTransport: Cannot find entry vendor.qti.hardware.servicetracker@1.0::IServicetracker/default in either framework or device manifest.
07-03 22:09:50.509 29274 29274 D BoundBrokerSvc: onUnbind: Intent { act=com.google.android.gms.measurement.START pkg=com.google.android.gms }
07-03 22:09:50.867  3633  3633 I CNSS    : Failed to send nl message
07-03 22:09:56.117  3633  3633 I CNSS    : Failed to send nl message
07-03 22:09:57.803 25324 25324 D EventBus: No subscribers registered for event class com.miui.home.launcher.common.messages.EndSpringAnimatorMessage
07-03 22:09:57.804 25324 25324 D EventBus: No subscribers registered for event class org.greenrobot.eventbus.NoSubscriberEvent
07-03 22:09:57.806 25324 25324 D FeedSwipeController: touchState : 0 scrolling : false normalEditing : false WidgetThumbnailViewShowing : false UninstallDialogShowing : false isMinusScreenShowing: false
07-03 22:09:57.806 25324 25324 D FeedSwipeController: can not use
07-03 22:09:57.806 25324 25324 D Launcher.StatusBarController: try intercept touch, isProxySurvive=true
07-03 22:09:57.807 25324 25324 D Launcher.Workspace: Workspace touch down
07-03 22:09:57.807 25324 25324 D ScreenView_Workspace: onIntercept:0.0
07-03 22:09:57.807 25324 25324 D ScreenView_Workspace: not intercept
07-03 22:09:57.812  1958  2168 I chatty  : uid=1000(system) PhotonicModulat expire 12 lines
07-03 22:09:57.826 25324 30753 D Launcher_dispatchTouchEvent_View: [motionEvent view:]
07-03 22:09:57.826 25324 30753 D Launcher_dispatchTouchEvent_View: 09:57.811 View=com.miui.home.launcher.ShortcutMenuLayer{93f4c09 V.E...... .......D 0,0-1080,2340 #7f0a022b app:id/shortcut_menu_layer}
07-03 22:09:57.826 25324 30753 D Launcher_dispatchTouchEvent_View: 09:57.814 View=com.miui.home.launcher.DragLayer{c477341 V.E...... .......D 0,0-1080,2340 #7f0a00e7 app:id/drag_layer}
07-03 22:09:57.826 25324 30753 D Launcher_dispatchTouchEvent_View: 09:57.824 View=com.miui.home.launcher.search.SearchEdgeLayout{4d010e6 V.ED..... ........ 0,0-1080,2340 #7f0a01e7 app:id/screen}
07-03 22:09:57.826 25324 30753 D Launcher_dispatchTouchEvent_View: 09:57.824 View=com.miui.home.launcher.FitSystemWindowView{9a17627 V.E...... ........ 0,0-1080,2340 #7f0a01e8 app:id/screen_content}
07-03 22:09:57.826 25324 30753 D Launcher_dispatchTouchEvent_View: 09:57.824 View=com.miui.home.launcher.Workspace{4e960d4 V.E...... ........ 0,0-1080,2213 #7f0a02c8 app:id/workspace}
07-03 22:09:57.826 25324 30753 D Launcher_dispatchTouchEvent_View: 09:57.825 View=com.miui.home.launcher.CellScreen{bdc2782 V.E...... ........ 4320,78-5400,2213}
07-03 22:09:57.826 25324 30753 D Launcher_dispatchTouchEvent_View: 09:57.826 View= mHCells=4 mVCells=6 mTotalCells=24 mCellXY[0]=0 mCellXY[1]=4 childCount=11 EmptyCellsNum=13   [ tag 0 =com.miui.home.launcher.ShortcutIcon{9de32cc VFE...CL......... 32,82-286,368}(Telegram)| childWidth 0 =254| childHeight 0 =286| childTranslationX 0 =0.0| childTranslationY 0=0.0| childX 0 =32.0|  childY 0 =82.0|  childAlpha 0 =1.0] [ tag 1 =com.miui.home.launcher.ShortcutIcon{c876bda VFE...CL. ........ 286,82-540,368}(Dr.Fone Link)| childWidth 1 =254| childHeight 1 =286| childTranslationX 1 =0.0| childTranslationY 1 =0.0| childX 1 =286.0|  childY 1 =82.0|  childAlpha 1 =1.0] [ tag 2 =com.miui.home.launcher.ShortcutIcon{d027f8aVFE...CL. ........ 540,82-794,368}(Winlator)| childWidth 2 =254| childHeight 2 =286| childTranslationX 2 =0.0| childTranslationY 2 =0.0| childX 2 =540.0|  childY 2 =82.0|  childAlpha 2 =1.0] [ tag 3 =com.miui.home.launcher.ShortcutIcon{a08f665 VFE...CL. ........ 794,82-1048,368}(Horizon Emu)| childWidth 3 =254| childHeight 3 =286| childTranslationX 3 =0.0| childTranslationY 3 =0.0| childX 3 =794.0|  childY 3 =82.0|  childAlpha 3 =1.0] [ tag 4 =com.miui.home.launcher.ShortcutIcon{d308aea VFE...CL. ........ 32,373-286,659}(Gangster Open World Online)| childWidth 4 =254| childHeight 4 =286| childTranslationX 4 =0.0| childTranslationY 4 =0.0| childX 4 =32.0|  childY 4 =373.0|  childAlpha 4 =1.0] [ tag 5 =com.miui.home.launcher.ShortcutIcon{cf9829a VFE...CL. ........ 286,373-540,659}(Dead Zone: Zombie Shooter 3D)| childWidth 5 =254|childHeight 5 =286| childTranslationX 5 =0.0| childTranslationY 5 =0.0| childX 5 =286.0|  childY 5 =373.0|  childAlpha 5 =1.0] [ tag 6 =com.miui.home.launcher.ShortcutIcon{887c64a VFE...CL. ........ 540,373-794,659}(Street Parking)| childWidth 6 =254| childHeight 6 =286| childTranslationX 6 =0.0| childTranslationY 6 =0.0| childX 6 =540.0|  childY 6 =373.0|childAlpha 6 =1.0] [ tag 7 =com.miui.home.launcher.ShortcutIcon{125101e VFE...CL. ........ 794,373-1048,659}(WhatsApp)|childWidth 7 =254| childHeight 7 =286| childTranslationX 7 =0.0| childTranslationY 7 =0.0| childX 7 =794.0|  childY 7 =373.0|  childAlpha 7 =1.0] [ tag 8 =com.miui.home.launcher.ShortcutIcon{4428877 VFE...CL. ........ 32,664-286,950}(Shidull)| childWidth 8 =254| childHeight 8 =286| childTranslationX 8 =0.0| childTranslationY 8 =0.0| childX 8 =32.0|  childY 8 =664.0|  childAlpha 8 =1.0] [ tag 9 =com.miui.home.launcher.ShortcutIcon{1f9f568 VFE...CL. ........ 286,664-540,950}(GurbaniStatus)| childWidth 9 =254| childHeight 9 =286| childTranslationX 9 =0.0| childTranslationY 9 =0.0| childX 9 =286.0|  childY 9 =664.0|  childAlpha 9 =1.0] [ tag 10 =com.miui.home.launcher.ShortcutIcon{217dec4 VFE...CL. ........ 540,664-794,950}(Gurbani Status)| childWidth 10 =254| childHeight 10 =286| childTranslationX 10 =0.0| childTranslationY 10 =0.0| childX 10 =540.0|  childY 10 =664.0|  childAlpha 10 =1.0]
07-03 22:09:57.890 25324 25324 D ScreenView_HotSeats: onIntercept:0.0
07-03 22:09:57.890 25324 25324 D ScreenView_HotSeats: not intercept
07-03 22:09:57.890 25324 25324 D Launcher.itemIcon: folmeDown
07-03 22:09:58.012 25324 25324 D Launcher.StatusBarController: dx(-65.44703) over mTouchSlop(44.0), don't intercept
07-03 22:09:58.017 25324 25324 D ScreenView_HotSeats: oninterceput up
07-03 22:09:58.017 25324 25324 D Launcher.itemIcon: folmeUp
07-03 22:09:58.036 25324 25324 D Launcher.Workspace: Workspace touch up or cancel
07-03 22:09:58.036 25324 25324 D ScreenView_Workspace: on touch up
07-03 22:09:58.036 25324 25324 D ScreenView_Workspace: snapByVelocity
07-03 22:09:58.036 25324 25324 D ScreenView_Workspace: startScroll:4320
07-03 22:09:58.037 25324 25393 D StatusBarController: handleMessage: flag 800000  disable false
07-03 22:09:58.037 25324 30753 D Launcher_dispatchTouchEvent: [motionEvent action:(rawX,rawY)]  09:57.826[261(171.0,1460.0)] 09:57.826[261(171.0,1460.0)] 09:57.826[261(171.0,1460.0)] 09:57.846[2(171.0,1460.0)] 09:57.862[2(171.0,1460.0)] 09:57.878[2(171.0,1460.0)] 09:57.889[517(171.0,1460.0)] 09:57.903[517(171.0,1460.0)] 09:57.912[2(171.0,1460.0)] 09:57.929[2(171.0,1460.0)] 09:57.946[2(171.0,1460.0)] 09:57.962[2(164.1,1436.8)] 09:57.979[2(156.5,1414.0)] 09:57.996[2(143.9,1381.2)] 09:58.012[2(105.6,1310.6)] 09:58.019[262(66.0,1252.0)] 09:58.019[262(66.0,1252.0)] 09:58.019[262(66.0,1252.0)] 09:58.029[2(19.0,1177.6)] 09:58.037[1(0.0,1148.0)]
07-03 22:09:58.037 25324 30753 D Launcher_Scrollto: [(rawX,rawY)|scrollX]  09:58.018[(105.6,1310.6)|x:4369] 09:58.028[(66.0,1252.0)|x:4388] 09:58.036[(19.0,1177.6)|x:4396]
07-03 22:09:58.037 25324 30753 D Launcher_dispatchTouchEvent: [motionEvent action:(rawX,rawY)]  09:58.037[1(0.0,1148.0)]
07-03 22:09:58.037 25324 30753 D Launcher_Scrollto: [(rawX,rawY)|scrollX]
07-03 22:09:58.047 25324 25324 D Launcher_WallpaperUtils: changeStatusBarMode:false
07-03 22:09:58.061 25324 25324 D EventBus: No subscribers registered for event class com.miui.home.launcher.common.messages.EndSpringAnimatorMessage
07-03 22:09:58.061 25324 25324 D EventBus: No subscribers registered for event class org.greenrobot.eventbus.NoSubscriberEvent
07-03 22:09:58.061 25324 25324 D FeedSwipeController: touchState : 0 scrolling : true normalEditing : false WidgetThumbnailViewShowing : false UninstallDialogShowing : false isMinusScreenShowing: false
07-03 22:09:58.061 25324 25324 D FeedSwipeController: can not use
07-03 22:09:58.061 25324 25324 D Launcher.StatusBarController: can't intercept touch because launcher state can't intercept touchEvent
07-03 22:09:58.062 25324 25324 D Launcher.Workspace: Workspace touch down
07-03 22:09:58.062 25324 25324 D ScreenView_Workspace: onIntercept:68.0
07-03 22:09:58.062 25324 25324 D ScreenView_Workspace: cancelScroll
07-03 22:09:58.062 25324 25324 D ScreenView_Workspace: setCurrentScreenInner:4
07-03 22:09:58.062 25324 25324 D ScreenView_Workspace: onIntercept on Scrolling
07-03 22:09:58.062 25324 26142 I RenderThread: RenderThread resumed
07-03 22:09:58.062 25324 26142 I RenderThread: All controllers paused.
07-03 22:09:58.063 25324 26142 I RenderThread: RenderThread paused, waiting for signal
07-03 22:09:58.065 25324 30753 D Launcher_dispatchTouchEvent_View: [motionEvent view:]
07-03 22:09:58.065 25324 30753 D Launcher_dispatchTouchEvent_View: 09:58.064 View=com.miui.home.launcher.ShortcutMenuLayer{93f4c09 V.E...... ........ 0,0-1080,2340 #7f0a022b app:id/shortcut_menu_layer}
07-03 22:09:58.065 25324 30753 D Launcher_dispatchTouchEvent_View: 09:58.064 View=com.miui.home.launcher.DragLayer{c477341 V.E...... ........ 0,0-1080,2340 #7f0a00e7 app:id/drag_layer}
07-03 22:09:58.065 25324 30753 D Launcher_dispatchTouchEvent_View: 09:58.064 View=com.miui.home.launcher.search.SearchEdgeLayout{4d010e6 V.ED..... ........ 0,0-1080,2340 #7f0a01e7 app:id/screen}
07-03 22:09:58.065 25324 30753 D Launcher_dispatchTouchEvent_View: 09:58.064 View=com.miui.home.launcher.FitSystemWindowView{9a17627 V.E...... ........ 0,0-1080,2340 #7f0a01e8 app:id/screen_content}
07-03 22:09:58.065 25324 30753 D Launcher_dispatchTouchEvent_View: 09:58.064 View=com.miui.home.launcher.Workspace{4e960d4 V.E...... ........ 0,0-1080,2213 #7f0a02c8 app:id/workspace}
07-03 22:09:58.232 25324 25324 D Launcher.Workspace: Workspace touch up or cancel
07-03 22:09:58.232 25324 25324 D ScreenView_Workspace: on touch up
07-03 22:09:58.233 25324 25324 D ScreenView_Workspace: snapByVelocity
07-03 22:09:58.233 25324 25324 D ScreenView_Workspace: startScroll:4320
07-03 22:09:58.234 25324 30753 D Launcher_dispatchTouchEvent: [motionEvent action:(rawX,rawY)]  09:58.065[0(253.0,777.0)] 09:58.079[2(253.0,777.0)] 09:58.095[2(253.0,777.0)] 09:58.112[2(253.0,777.0)] 09:58.129[2(253.0,777.0)] 09:58.146[2(253.0,777.0)] 09:58.163[2(245.7,770.0)] 09:58.180[2(241.0,765.7)] 09:58.196[2(236.7,763.3)] 09:58.213[2(232.3,757.7)] 09:58.229[2(205.1,729.9)] 09:58.234[1(202.0,727.0)]
07-03 22:09:58.234 25324 30753 D Launcher_Scrollto: [(rawX,rawY)|scrollX]  09:58.162[(253.0,777.0)|x:4357] 09:58.178[(245.7,770.0)|x:4359] 09:58.195[(241.0,765.7)|x:4361] 09:58.212[(236.7,763.3)|x:4362] 09:58.228[(232.3,757.7)|x:4374] 09:58.232[(205.1,729.9)|x:4375]
07-03 22:09:58.234 25324 30753 D Launcher_dispatchTouchEvent: [motionEvent action:(rawX,rawY)]  09:58.234[1(202.0,727.0)]
07-03 22:09:58.234 25324 30753 D Launcher_Scrollto: [(rawX,rawY)|scrollX]
07-03 22:09:58.235 25324 25393 D StatusBarController: handleMessage: flag 800000  disable false
07-03 22:09:58.247 25324 25324 D Launcher_WallpaperUtils: changeStatusBarMode:false
07-03 22:09:58.410 25324 25324 D EventBus: No subscribers registered for event class com.miui.home.launcher.common.messages.EndSpringAnimatorMessage
07-03 22:09:58.411 25324 25324 D EventBus: No subscribers registered for event class org.greenrobot.eventbus.NoSubscriberEvent
